====== JS ERROR CAUGHT ======
Unhandled Promise: TypeError: Failed to fetch
=============================
====== JS ERROR CAUGHT ======
Unhandled Promise: TypeError: Failed to fetch
=============================
====== JS ERROR CAUGHT ======
Unhandled Promise: TypeError: Failed to fetch
=============================
====== JS ERROR CAUGHT ======
Unhandled Promise: TypeError: Failed to fetch
=============================
====== JS ERROR CAUGHT ======
Unhandled Promise: TypeError: Failed to fetch
=============================
====== JS ERROR CAUGHT ======
Unhandled Promise: TypeError: Failed to fetch
=============================
====== JS ERROR CAUGHT ======
Unhandled Promise: TypeError: Failed to fetch
=============================
====== JS ERROR CAUGHT ======
Unhandled Promise: TypeError: Failed to fetch
=============================
====== JS ERROR CAUGHT ======
Unhandled Promise: TypeError: Failed to fetch
=============================
====== JS ERROR CAUGHT ======
Unhandled Promise: TypeError: Failed to fetch
=============================
====== JS ERROR CAUGHT ======
Unhandled Promise: TypeError: Failed to fetch
=============================
====== JS ERROR CAUGHT ======
Unhandled Promise: TypeError: Failed to fetch
=============================
====== JS ERROR CAUGHT ======
Unhandled Promise: TypeError: Failed to fetch
=============================
====== JS ERROR CAUGHT ======
Unhandled Promise: TypeError: Failed to fetch
=============================
====== JS ERROR CAUGHT ======
Unhandled Promise: TypeError: Failed to fetch
=============================
====== JS ERROR CAUGHT ======
Unhandled Promise: TypeError: Failed to fetch
=============================
====== JS ERROR CAUGHT ======
Unhandled Promise: TypeError: Failed to fetch
=============================
====== JS ERROR CAUGHT ======
Unhandled Promise: TypeError: Failed to fetch
=============================
====== JS ERROR CAUGHT ======
Unhandled Promise: TypeError: Failed to fetch
=============================
====== JS ERROR CAUGHT ======
Unhandled Promise: TypeError: Failed to fetch
=============================
====== JS ERROR CAUGHT ======
Unhandled Promise: TypeError: Failed to fetch
=============================
====== JS ERROR CAUGHT ======
Unhandled Promise: TypeError: Failed to fetch
=============================
====== JS ERROR CAUGHT ======
Unhandled Promise: TypeError: Failed to fetch
=============================
====== JS ERROR CAUGHT ======
Unhandled Promise: TypeError: Failed to fetch
=============================
====== JS ERROR CAUGHT ======
Unhandled Promise: TypeError: Failed to fetch
=============================
====== JS ERROR CAUGHT ======
Unhandled Promise: TypeError: Failed to fetch
=============================
====== JS ERROR CAUGHT ======
Unhandled Promise: TypeError: Failed to fetch
=============================
====== JS ERROR CAUGHT ======
Unhandled Promise: TypeError: Failed to fetch
=============================
====== JS ERROR CAUGHT ======
Unhandled Promise: TypeError: Failed to fetch
=============================
====== JS ERROR CAUGHT ======
Unhandled Promise: TypeError: Failed to fetch
=============================
====== JS ERROR CAUGHT ======
Unhandled Promise: TypeError: Failed to fetch
=============================
====== JS ERROR CAUGHT ======
Unhandled Promise: TypeError: Failed to fetch
=============================
====== JS ERROR CAUGHT ======
Unhandled Promise: TypeError: Failed to fetch
=============================
====== JS ERROR CAUGHT ======
Unhandled Promise: TypeError: Failed to fetch
=============================
====== JS ERROR CAUGHT ======
Unhandled Promise: TypeError: Failed to fetch
=============================
====== JS ERROR CAUGHT ======
Unhandled Promise: TypeError: Failed to fetch
=============================
====== JS ERROR CAUGHT ======
Unhandled Promise: TypeError: Failed to fetch
=============================
====== JS ERROR CAUGHT ======
Unhandled Promise: TypeError: Failed to fetch
=============================
====== JS ERROR CAUGHT ======
Unhandled Promise: TypeError: Failed to fetch
=============================
====== JS ERROR CAUGHT ======
Unhandled Promise: TypeError: Failed to fetch
=============================
====== JS ERROR CAUGHT ======
Unhandled Promise: TypeError: Failed to fetch
=============================
====== JS ERROR CAUGHT ======
Unhandled Promise: TypeError: Failed to fetch
=============================
====== JS ERROR CAUGHT ======
Unhandled Promise: TypeError: Failed to fetch
=============================
====== JS ERROR CAUGHT ======
Unhandled Promise: TypeError: Failed to fetch
=============================
====== JS ERROR CAUGHT ======
Unhandled Promise: TypeError: Failed to fetch
=============================
====== JS ERROR CAUGHT ======
Unhandled Promise: TypeError: Failed to fetch
=============================
====== JS ERROR CAUGHT ======
Unhandled Promise: TypeError: Failed to fetch
=============================
====== JS ERROR CAUGHT ======
Unhandled Promise: TypeError: Failed to fetch
=============================
====== JS ERROR CAUGHT ======
Unhandled Promise: TypeError: Failed to fetch
=============================
====== JS ERROR CAUGHT ======
Unhandled Promise: TypeError: Failed to fetch
=============================
====== JS ERROR CAUGHT ======
Unhandled Promise: TypeError: Failed to fetch
=============================
====== JS ERROR CAUGHT ======
Unhandled Promise: TypeError: Failed to fetch
=============================
====== JS ERROR CAUGHT ======
Unhandled Promise: TypeError: Failed to fetch
=============================
====== JS ERROR CAUGHT ======
Unhandled Promise: TypeError: Failed to fetch
=============================
====== JS ERROR CAUGHT ======
Unhandled Promise: TypeError: Failed to fetch
=============================
====== JS ERROR CAUGHT ======
Unhandled Promise: TypeError: Failed to fetch
=============================
====== JS ERROR CAUGHT ======
Unhandled Promise: TypeError: Failed to fetch
=============================
====== JS ERROR CAUGHT ======
Unhandled Promise: TypeError: Failed to fetch
=============================
====== JS ERROR CAUGHT ======
Unhandled Promise: TypeError: Failed to fetch
=============================
====== JS ERROR CAUGHT ======
Unhandled Promise: TypeError: Failed to fetch
=============================
====== JS ERROR CAUGHT ======
Unhandled Promise: TypeError: Failed to fetch
=============================
====== JS ERROR CAUGHT ======
Unhandled Promise: TypeError: Failed to fetch
=============================
====== JS ERROR CAUGHT ======
Unhandled Promise: TypeError: Failed to fetch
=============================
====== JS ERROR CAUGHT ======
Unhandled Promise: TypeError: Failed to fetch
=============================
====== JS ERROR CAUGHT ======
Unhandled Promise: TypeError: Failed to fetch
=============================
====== JS ERROR CAUGHT ======
Unhandled Promise: TypeError: Failed to fetch
=============================
====== JS ERROR CAUGHT ======
Unhandled Promise: TypeError: Failed to fetch
=============================
====== JS ERROR CAUGHT ======
Unhandled Promise: TypeError: Failed to fetch
=============================
====== JS ERROR CAUGHT ======
Unhandled Promise: TypeError: Failed to fetch
=============================
====== JS ERROR CAUGHT ======
Unhandled Promise: TypeError: Failed to fetch
=============================
====== JS ERROR CAUGHT ======
Unhandled Promise: TypeError: Failed to fetch
=============================
====== JS ERROR CAUGHT ======
Unhandled Promise: TypeError: Failed to fetch
=============================
====== JS ERROR CAUGHT ======
Unhandled Promise: TypeError: Failed to fetch
=============================
====== JS ERROR CAUGHT ======
Unhandled Promise: TypeError: Failed to fetch
=============================
====== JS ERROR CAUGHT ======
Unhandled Promise: TypeError: Failed to fetch
=============================
====== JS ERROR CAUGHT ======
Unhandled Promise: TypeError: Failed to fetch
=============================
====== JS ERROR CAUGHT ======
Unhandled Promise: TypeError: Failed to fetch
=============================
====== JS ERROR CAUGHT ======
Unhandled Promise: TypeError: Failed to fetch
=============================
====== JS ERROR CAUGHT ======
Unhandled Promise: TypeError: Failed to fetch
=============================
====== JS ERROR CAUGHT ======
Unhandled Promise: TypeError: Failed to fetch
=============================
====== JS ERROR CAUGHT ======
Unhandled Promise: TypeError: Failed to fetch
=============================
====== JS ERROR CAUGHT ======
Unhandled Promise: TypeError: Failed to fetch
=============================
====== JS ERROR CAUGHT ======
Unhandled Promise: TypeError: Failed to fetch
=============================
====== JS ERROR CAUGHT ======
Unhandled Promise: TypeError: Failed to fetch
=============================
====== JS ERROR CAUGHT ======
Unhandled Promise: TypeError: Failed to fetch
=============================
====== JS ERROR CAUGHT ======
Unhandled Promise: TypeError: Failed to fetch
=============================
====== JS ERROR CAUGHT ======
Unhandled Promise: TypeError: Failed to fetch
=============================
====== JS ERROR CAUGHT ======
Unhandled Promise: TypeError: Failed to fetch
=============================
====== JS ERROR CAUGHT ======
Unhandled Promise: TypeError: Failed to fetch
=============================
====== JS ERROR CAUGHT ======
Unhandled Promise: TypeError: Failed to fetch
=============================
====== JS ERROR CAUGHT ======
Unhandled Promise: TypeError: Failed to fetch
=============================
====== JS ERROR CAUGHT ======
Unhandled Promise: TypeError: Failed to fetch
=============================
====== JS ERROR CAUGHT ======
Unhandled Promise: TypeError: Failed to fetch
=============================
====== JS ERROR CAUGHT ======
Unhandled Promise: TypeError: Failed to fetch
=============================
====== JS ERROR CAUGHT ======
Unhandled Promise: TypeError: Failed to fetch
=============================
====== JS ERROR CAUGHT ======
Unhandled Promise: TypeError: Failed to fetch
=============================
====== JS ERROR CAUGHT ======
Unhandled Promise: TypeError: Failed to fetch
=============================
====== JS ERROR CAUGHT ======
Unhandled Promise: TypeError: Failed to fetch
=============================
====== JS ERROR CAUGHT ======
Unhandled Promise: TypeError: Failed to fetch
=============================
====== JS ERROR CAUGHT ======
Unhandled Promise: TypeError: Failed to fetch
=============================
====== JS ERROR CAUGHT ======
Unhandled Promise: TypeError: Failed to fetch
=============================
====== JS ERROR CAUGHT ======
Unhandled Promise: TypeError: Failed to fetch
=============================
====== JS ERROR CAUGHT ======
Unhandled Promise: TypeError: Failed to fetch
=============================
====== JS ERROR CAUGHT ======
Unhandled Promise: TypeError: Failed to fetch
=============================
====== JS ERROR CAUGHT ======
Unhandled Promise: TypeError: Failed to fetch
=============================
====== JS ERROR CAUGHT ======
Unhandled Promise: TypeError: Failed to fetch
=============================
====== JS ERROR CAUGHT ======
Unhandled Promise: TypeError: Failed to fetch
=============================
====== JS ERROR CAUGHT ======
Unhandled Promise: TypeError: Failed to fetch
=============================
====== JS ERROR CAUGHT ======
Unhandled Promise: TypeError: Failed to fetch
=============================
====== JS ERROR CAUGHT ======
Unhandled Promise: TypeError: Failed to fetch
=============================
====== JS ERROR CAUGHT ======
Unhandled Promise: TypeError: Failed to fetch
=============================
====== JS ERROR CAUGHT ======
Unhandled Promise: TypeError: Failed to fetch
=============================
====== JS ERROR CAUGHT ======
Unhandled Promise: TypeError: Failed to fetch
=============================
====== JS ERROR CAUGHT ======
Unhandled Promise: TypeError: Failed to fetch
=============================
====== JS ERROR CAUGHT ======
Unhandled Promise: TypeError: Failed to fetch
=============================
====== JS ERROR CAUGHT ======
Unhandled Promise: TypeError: Failed to fetch
=============================
====== JS ERROR CAUGHT ======
Unhandled Promise: TypeError: Failed to fetch
=============================
====== JS ERROR CAUGHT ======
Unhandled Promise: TypeError: Failed to fetch
=============================
====== JS ERROR CAUGHT ======
Unhandled Promise: TypeError: Failed to fetch
=============================
====== JS ERROR CAUGHT ======
Unhandled Promise: TypeError: Failed to fetch
=============================
====== JS ERROR CAUGHT ======
Unhandled Promise: TypeError: Failed to fetch
=============================
====== JS ERROR CAUGHT ======
Unhandled Promise: TypeError: Failed to fetch
=============================
====== JS ERROR CAUGHT ======
Unhandled Promise: TypeError: Failed to fetch
=============================
====== JS ERROR CAUGHT ======
Unhandled Promise: TypeError: Failed to fetch
=============================
====== JS ERROR CAUGHT ======
Unhandled Promise: TypeError: Failed to fetch
=============================
====== JS ERROR CAUGHT ======
Unhandled Promise: TypeError: Failed to fetch
=============================
====== JS ERROR CAUGHT ======
Unhandled Promise: TypeError: Failed to fetch
=============================
====== JS ERROR CAUGHT ======
Unhandled Promise: TypeError: Failed to fetch
=============================
====== JS ERROR CAUGHT ======
Unhandled Promise: TypeError: Failed to fetch
=============================
====== JS ERROR CAUGHT ======
Unhandled Promise: TypeError: Failed to fetch
=============================
====== JS ERROR CAUGHT ======
Unhandled Promise: TypeError: Failed to fetch
=============================
====== JS ERROR CAUGHT ======
Unhandled Promise: TypeError: Failed to fetch
=============================
====== JS ERROR CAUGHT ======
Unhandled Promise: TypeError: Failed to fetch
=============================
====== JS ERROR CAUGHT ======
Unhandled Promise: TypeError: Failed to fetch
=============================
====== JS ERROR CAUGHT ======
Unhandled Promise: TypeError: Failed to fetch
=============================
====== JS ERROR CAUGHT ======
Unhandled Promise: TypeError: Failed to fetch
=============================
====== JS ERROR CAUGHT ======
Unhandled Promise: TypeError: Failed to fetch
=============================
====== JS ERROR CAUGHT ======
Unhandled Promise: TypeError: Failed to fetch
=============================
====== JS ERROR CAUGHT ======
Unhandled Promise: TypeError: Failed to fetch
=============================
====== JS ERROR CAUGHT ======
Unhandled Promise: TypeError: Failed to fetch
=============================
====== JS ERROR CAUGHT ======
Unhandled Promise: TypeError: Failed to fetch
=============================
====== JS ERROR CAUGHT ======
Unhandled Promise: TypeError: Failed to fetch
=============================
====== JS ERROR CAUGHT ======
Unhandled Promise: TypeError: Failed to fetch
=============================
====== JS ERROR CAUGHT ======
Unhandled Promise: TypeError: Failed to fetch
=============================
====== JS ERROR CAUGHT ======
Unhandled Promise: TypeError: Failed to fetch
=============================
====== JS ERROR CAUGHT ======
Unhandled Promise: TypeError: Failed to fetch
=============================
====== JS ERROR CAUGHT ======
Unhandled Promise: TypeError: Failed to fetch
=============================
====== JS ERROR CAUGHT ======
Unhandled Promise: TypeError: Failed to fetch
=============================
====== JS ERROR CAUGHT ======
Unhandled Promise: TypeError: Failed to fetch
=============================
====== JS ERROR CAUGHT ======
Unhandled Promise: TypeError: Failed to fetch
=============================
====== JS ERROR CAUGHT ======
Unhandled Promise: TypeError: Failed to fetch
=============================
====== JS ERROR CAUGHT ======
Unhandled Promise: TypeError: Failed to fetch
=============================
====== JS ERROR CAUGHT ======
Unhandled Promise: TypeError: Failed to fetch
=============================
====== JS ERROR CAUGHT ======
Unhandled Promise: TypeError: Failed to fetch
=============================
====== JS ERROR CAUGHT ======
Unhandled Promise: TypeError: Failed to fetch
=============================
====== JS ERROR CAUGHT ======
Unhandled Promise: TypeError: Failed to fetch
=============================
====== JS ERROR CAUGHT ======
Unhandled Promise: TypeError: Failed to fetch
=============================
====== JS ERROR CAUGHT ======
Unhandled Promise: TypeError: Failed to fetch
=============================
====== JS ERROR CAUGHT ======
Unhandled Promise: TypeError: Failed to fetch
=============================
====== JS ERROR CAUGHT ======
Unhandled Promise: TypeError: Failed to fetch
=============================
====== JS ERROR CAUGHT ======
Unhandled Promise: TypeError: Failed to fetch
=============================
====== JS ERROR CAUGHT ======
Unhandled Promise: TypeError: Failed to fetch
=============================
====== JS ERROR CAUGHT ======
Unhandled Promise: TypeError: Failed to fetch
=============================
====== JS ERROR CAUGHT ======
Unhandled Promise: TypeError: Failed to fetch
=============================
====== JS ERROR CAUGHT ======
Unhandled Promise: TypeError: Failed to fetch
=============================
====== JS ERROR CAUGHT ======
Unhandled Promise: TypeError: Failed to fetch
=============================
====== JS ERROR CAUGHT ======
Unhandled Promise: TypeError: Failed to fetch
=============================
====== JS ERROR CAUGHT ======
Unhandled Promise: TypeError: Failed to fetch
=============================
====== JS ERROR CAUGHT ======
Unhandled Promise: TypeError: Failed to fetch
=============================
====== JS ERROR CAUGHT ======
Unhandled Promise: TypeError: Failed to fetch
=============================
====== JS ERROR CAUGHT ======
Unhandled Promise: TypeError: Failed to fetch
=============================
====== JS ERROR CAUGHT ======
Unhandled Promise: TypeError: Failed to fetch
=============================
====== JS ERROR CAUGHT ======
Unhandled Promise: TypeError: Failed to fetch
=============================
====== JS ERROR CAUGHT ======
Unhandled Promise: TypeError: Failed to fetch
=============================
====== JS ERROR CAUGHT ======
Unhandled Promise: TypeError: Failed to fetch
=============================
====== JS ERROR CAUGHT ======
Unhandled Promise: TypeError: Failed to fetch
=============================
====== JS ERROR CAUGHT ======
Unhandled Promise: TypeError: Failed to fetch
=============================
====== JS ERROR CAUGHT ======
Unhandled Promise: TypeError: Failed to fetch
=============================
====== JS ERROR CAUGHT ======
Unhandled Promise: TypeError: Failed to fetch
=============================
====== JS ERROR CAUGHT ======
Unhandled Promise: TypeError: Failed to fetch
=============================
====== JS ERROR CAUGHT ======
Unhandled Promise: TypeError: Failed to fetch
=============================
====== JS ERROR CAUGHT ======
Unhandled Promise: TypeError: Failed to fetch
=============================
====== JS ERROR CAUGHT ======
Unhandled Promise: TypeError: Failed to fetch
=============================
====== JS ERROR CAUGHT ======
Unhandled Promise: TypeError: Failed to fetch
=============================
====== JS ERROR CAUGHT ======
Unhandled Promise: TypeError: Failed to fetch
=============================
====== JS ERROR CAUGHT ======
Unhandled Promise: TypeError: Failed to fetch
=============================
====== JS ERROR CAUGHT ======
Unhandled Promise: TypeError: Failed to fetch
=============================
====== JS ERROR CAUGHT ======
Unhandled Promise: TypeError: Failed to fetch
=============================
====== JS ERROR CAUGHT ======
Unhandled Promise: TypeError: Failed to fetch
=============================
====== JS ERROR CAUGHT ======
Unhandled Promise: TypeError: Failed to fetch
=============================
====== JS ERROR CAUGHT ======
Unhandled Promise: TypeError: Failed to fetch
=============================
====== JS ERROR CAUGHT ======
Unhandled Promise: TypeError: Failed to fetch
=============================
====== JS ERROR CAUGHT ======
Unhandled Promise: TypeError: Failed to fetch
=============================
====== JS ERROR CAUGHT ======
Unhandled Promise: TypeError: Failed to fetch
=============================
====== JS ERROR CAUGHT ======
Unhandled Promise: TypeError: Failed to fetch
=============================
====== JS ERROR CAUGHT ======
Unhandled Promise: TypeError: Failed to fetch
=============================
====== JS ERROR CAUGHT ======
Unhandled Promise: TypeError: Failed to fetch
=============================
====== JS ERROR CAUGHT ======
Unhandled Promise: TypeError: Failed to fetch
=============================
====== JS ERROR CAUGHT ======
Unhandled Promise: TypeError: Failed to fetch
=============================
====== JS ERROR CAUGHT ======
Unhandled Promise: TypeError: Failed to fetch
=============================
====== JS ERROR CAUGHT ======
Unhandled Promise: TypeError: Failed to fetch
=============================
====== JS ERROR CAUGHT ======
Unhandled Promise: TypeError: Failed to fetch
=============================
====== JS ERROR CAUGHT ======
Unhandled Promise: TypeError: Failed to fetch
=============================
====== JS ERROR CAUGHT ======
Unhandled Promise: TypeError: Failed to fetch
=============================
====== JS ERROR CAUGHT ======
Unhandled Promise: TypeError: Failed to fetch
=============================
====== JS ERROR CAUGHT ======
Unhandled Promise: TypeError: Failed to fetch
=============================
====== JS ERROR CAUGHT ======
Unhandled Promise: TypeError: Failed to fetch
=============================
====== JS ERROR CAUGHT ======
Unhandled Promise: TypeError: Failed to fetch
=============================
====== JS ERROR CAUGHT ======
Unhandled Promise: TypeError: Failed to fetch
=============================
====== JS ERROR CAUGHT ======
Unhandled Promise: TypeError: Failed to fetch
=============================
====== JS ERROR CAUGHT ======
Unhandled Promise: TypeError: Failed to fetch
=============================
====== JS ERROR CAUGHT ======
Unhandled Promise: TypeError: Failed to fetch
=============================
====== JS ERROR CAUGHT ======
Unhandled Promise: TypeError: Failed to fetch
=============================
====== JS ERROR CAUGHT ======
Unhandled Promise: TypeError: Failed to fetch
=============================
====== JS ERROR CAUGHT ======
Unhandled Promise: TypeError: Failed to fetch
=============================
====== JS ERROR CAUGHT ======
Unhandled Promise: TypeError: Failed to fetch
=============================
====== JS ERROR CAUGHT ======
Unhandled Promise: TypeError: Failed to fetch
=============================
====== JS ERROR CAUGHT ======
Unhandled Promise: TypeError: Failed to fetch
=============================
====== JS ERROR CAUGHT ======
Unhandled Promise: TypeError: Failed to fetch
=============================
====== JS ERROR CAUGHT ======
Unhandled Promise: TypeError: Failed to fetch
=============================
====== JS ERROR CAUGHT ======
Unhandled Promise: TypeError: Failed to fetch
=============================
====== JS ERROR CAUGHT ======
Unhandled Promise: TypeError: Failed to fetch
=============================
====== JS ERROR CAUGHT ======
Unhandled Promise: TypeError: Failed to fetch
=============================
====== JS ERROR CAUGHT ======
Unhandled Promise: TypeError: Failed to fetch
=============================
====== JS ERROR CAUGHT ======
Unhandled Promise: TypeError: Failed to fetch
=============================
====== JS ERROR CAUGHT ======
Unhandled Promise: TypeError: Failed to fetch
=============================
====== JS ERROR CAUGHT ======
Unhandled Promise: TypeError: Failed to fetch
=============================
====== JS ERROR CAUGHT ======
Unhandled Promise: TypeError: Failed to fetch
=============================
====== JS ERROR CAUGHT ======
Unhandled Promise: TypeError: Failed to fetch
=============================
====== JS ERROR CAUGHT ======
Unhandled Promise: TypeError: Failed to fetch
=============================
====== JS ERROR CAUGHT ======
Unhandled Promise: TypeError: Failed to fetch
=============================
====== JS ERROR CAUGHT ======
Unhandled Promise: TypeError: Failed to fetch
=============================
====== JS ERROR CAUGHT ======
Unhandled Promise: TypeError: Failed to fetch
=============================
====== JS ERROR CAUGHT ======
Unhandled Promise: TypeError: Failed to fetch
=============================
====== JS ERROR CAUGHT ======
Unhandled Promise: TypeError: Failed to fetch
=============================
====== JS ERROR CAUGHT ======
Unhandled Promise: TypeError: Failed to fetch
=============================
====== JS ERROR CAUGHT ======
Unhandled Promise: TypeError: Failed to fetch
=============================
====== JS ERROR CAUGHT ======
Unhandled Promise: TypeError: Failed to fetch
=============================
====== JS ERROR CAUGHT ======
Unhandled Promise: TypeError: Failed to fetch
=============================
====== JS ERROR CAUGHT ======
Unhandled Promise: TypeError: Failed to fetch
=============================
====== JS ERROR CAUGHT ======
Unhandled Promise: TypeError: Failed to fetch
=============================
====== JS ERROR CAUGHT ======
Unhandled Promise: TypeError: Failed to fetch
=============================
====== JS ERROR CAUGHT ======
Unhandled Promise: TypeError: Failed to fetch
=============================
====== JS ERROR CAUGHT ======
Unhandled Promise: TypeError: Failed to fetch
=============================
====== JS ERROR CAUGHT ======
Unhandled Promise: TypeError: Failed to fetch
=============================
====== JS ERROR CAUGHT ======
Unhandled Promise: TypeError: Failed to fetch
=============================
====== JS ERROR CAUGHT ======
Unhandled Promise: TypeError: Failed to fetch
=============================
====== JS ERROR CAUGHT ======
Unhandled Promise: TypeError: Failed to fetch
=============================
====== JS ERROR CAUGHT ======
Unhandled Promise: TypeError: Failed to fetch
=============================
====== JS ERROR CAUGHT ======
Unhandled Promise: TypeError: Failed to fetch
=============================
====== JS ERROR CAUGHT ======
Unhandled Promise: TypeError: Failed to fetch
=============================
====== JS ERROR CAUGHT ======
Unhandled Promise: TypeError: Failed to fetch
=============================
====== JS ERROR CAUGHT ======
Unhandled Promise: TypeError: Failed to fetch
=============================
====== JS ERROR CAUGHT ======
Unhandled Promise: TypeError: Failed to fetch
=============================
====== JS ERROR CAUGHT ======
Unhandled Promise: TypeError: Failed to fetch
=============================
====== JS ERROR CAUGHT ======
Unhandled Promise: TypeError: Failed to fetch
=============================
====== JS ERROR CAUGHT ======
Unhandled Promise: TypeError: Failed to fetch
=============================
====== JS ERROR CAUGHT ======
Unhandled Promise: TypeError: Failed to fetch
=============================
====== JS ERROR CAUGHT ======
Unhandled Promise: TypeError: Failed to fetch
=============================
====== JS ERROR CAUGHT ======
Unhandled Promise: TypeError: Failed to fetch
=============================
====== JS ERROR CAUGHT ======
Unhandled Promise: TypeError: Failed to fetch
=============================
====== JS ERROR CAUGHT ======
Unhandled Promise: TypeError: Failed to fetch
=============================
====== JS ERROR CAUGHT ======
Unhandled Promise: TypeError: Failed to fetch
=============================
====== JS ERROR CAUGHT ======
Unhandled Promise: TypeError: Failed to fetch
=============================
====== JS ERROR CAUGHT ======
Unhandled Promise: TypeError: Failed to fetch
=============================
====== JS ERROR CAUGHT ======
Unhandled Promise: TypeError: Failed to fetch
=============================
====== JS ERROR CAUGHT ======
Unhandled Promise: TypeError: Failed to fetch
=============================
====== JS ERROR CAUGHT ======
Unhandled Promise: TypeError: Failed to fetch
=============================
====== JS ERROR CAUGHT ======
Unhandled Promise: TypeError: Failed to fetch
=============================
====== JS ERROR CAUGHT ======
Unhandled Promise: TypeError: Failed to fetch
=============================
====== JS ERROR CAUGHT ======
Unhandled Promise: TypeError: Failed to fetch
=============================
====== JS ERROR CAUGHT ======
Unhandled Promise: TypeError: Failed to fetch
=============================
====== JS ERROR CAUGHT ======
Unhandled Promise: TypeError: Failed to fetch
=============================
====== JS ERROR CAUGHT ======
Unhandled Promise: TypeError: Failed to fetch
=============================
====== JS ERROR CAUGHT ======
Unhandled Promise: TypeError: Failed to fetch
=============================
====== JS ERROR CAUGHT ======
Unhandled Promise: TypeError: Failed to fetch
=============================
====== JS ERROR CAUGHT ======
Unhandled Promise: TypeError: Failed to fetch
=============================
====== JS ERROR CAUGHT ======
Unhandled Promise: TypeError: Failed to fetch
=============================
====== JS ERROR CAUGHT ======
Unhandled Promise: TypeError: Failed to fetch
=============================
====== JS ERROR CAUGHT ======
Unhandled Promise: TypeError: Failed to fetch
=============================
====== JS ERROR CAUGHT ======
Unhandled Promise: TypeError: Failed to fetch
=============================
====== JS ERROR CAUGHT ======
Unhandled Promise: TypeError: Failed to fetch
=============================
====== JS ERROR CAUGHT ======
Unhandled Promise: TypeError: Failed to fetch
=============================
====== JS ERROR CAUGHT ======
Unhandled Promise: TypeError: Failed to fetch
=============================
====== JS ERROR CAUGHT ======
Unhandled Promise: TypeError: Failed to fetch
=============================
====== JS ERROR CAUGHT ======
Unhandled Promise: TypeError: Failed to fetch
=============================
====== JS ERROR CAUGHT ======
Unhandled Promise: TypeError: Failed to fetch
=============================
====== JS ERROR CAUGHT ======
Unhandled Promise: TypeError: Failed to fetch
=============================
====== JS ERROR CAUGHT ======
Unhandled Promise: TypeError: Failed to fetch
=============================
====== JS ERROR CAUGHT ======
Unhandled Promise: TypeError: Failed to fetch
=============================
====== JS ERROR CAUGHT ======
Unhandled Promise: TypeError: Failed to fetch
=============================
====== JS ERROR CAUGHT ======
Unhandled Promise: TypeError: Failed to fetch
=============================
====== JS ERROR CAUGHT ======
Unhandled Promise: TypeError: Failed to fetch
=============================
====== JS ERROR CAUGHT ======
Unhandled Promise: TypeError: Failed to fetch
=============================
====== JS ERROR CAUGHT ======
Unhandled Promise: TypeError: Failed to fetch
=============================
====== JS ERROR CAUGHT ======
Unhandled Promise: TypeError: Failed to fetch
=============================
====== JS ERROR CAUGHT ======
Unhandled Promise: TypeError: Failed to fetch
=============================
====== JS ERROR CAUGHT ======
Unhandled Promise: TypeError: Failed to fetch
=============================
====== JS ERROR CAUGHT ======
Unhandled Promise: TypeError: Failed to fetch
=============================
====== JS ERROR CAUGHT ======
Unhandled Promise: TypeError: Failed to fetch
=============================
====== JS ERROR CAUGHT ======
Unhandled Promise: TypeError: Failed to fetch
=============================
====== JS ERROR CAUGHT ======
Unhandled Promise: TypeError: Failed to fetch
=============================
====== JS ERROR CAUGHT ======
Unhandled Promise: TypeError: Failed to fetch
=============================
====== JS ERROR CAUGHT ======
Unhandled Promise: TypeError: Failed to fetch
=============================
====== JS ERROR CAUGHT ======
Unhandled Promise: TypeError: Failed to fetch
=============================
====== JS ERROR CAUGHT ======
Unhandled Promise: TypeError: Failed to fetch
=============================
====== JS ERROR CAUGHT ======
Unhandled Promise: TypeError: Failed to fetch
=============================
====== JS ERROR CAUGHT ======
Unhandled Promise: TypeError: Failed to fetch
=============================
====== JS ERROR CAUGHT ======
Unhandled Promise: TypeError: Failed to fetch
=============================
====== JS ERROR CAUGHT ======
Unhandled Promise: TypeError: Failed to fetch
=============================
====== JS ERROR CAUGHT ======
Unhandled Promise: TypeError: Failed to fetch
=============================
====== JS ERROR CAUGHT ======
Unhandled Promise: TypeError: Failed to fetch
=============================
====== JS ERROR CAUGHT ======
Unhandled Promise: TypeError: Failed to fetch
=============================
====== JS ERROR CAUGHT ======
Unhandled Promise: TypeError: Failed to fetch
=============================
====== JS ERROR CAUGHT ======
Unhandled Promise: TypeError: Failed to fetch
=============================
====== JS ERROR CAUGHT ======
Unhandled Promise: TypeError: Failed to fetch
=============================
====== JS ERROR CAUGHT ======
Unhandled Promise: TypeError: Failed to fetch
=============================
====== JS ERROR CAUGHT ======
Unhandled Promise: TypeError: Failed to fetch
=============================
====== JS ERROR CAUGHT ======
Unhandled Promise: TypeError: Failed to fetch
=============================
====== JS ERROR CAUGHT ======
Unhandled Promise: TypeError: Failed to fetch
=============================
====== JS ERROR CAUGHT ======
Unhandled Promise: TypeError: Failed to fetch
=============================
====== JS ERROR CAUGHT ======
Unhandled Promise: TypeError: Failed to fetch
=============================
====== JS ERROR CAUGHT ======
Unhandled Promise: TypeError: Failed to fetch
=============================
====== JS ERROR CAUGHT ======
Unhandled Promise: TypeError: Failed to fetch
=============================
====== JS ERROR CAUGHT ======
Unhandled Promise: TypeError: Failed to fetch
=============================
====== JS ERROR CAUGHT ======
Unhandled Promise: TypeError: Failed to fetch
=============================
====== JS ERROR CAUGHT ======
Unhandled Promise: TypeError: Failed to fetch
=============================
====== JS ERROR CAUGHT ======
Unhandled Promise: TypeError: Failed to fetch
=============================
====== JS ERROR CAUGHT ======
Unhandled Promise: TypeError: Failed to fetch
=============================
====== JS ERROR CAUGHT ======
Unhandled Promise: TypeError: Failed to fetch
=============================
====== JS ERROR CAUGHT ======
Unhandled Promise: TypeError: Failed to fetch
=============================
====== JS ERROR CAUGHT ======
Unhandled Promise: TypeError: Failed to fetch
=============================
====== JS ERROR CAUGHT ======
Unhandled Promise: TypeError: Failed to fetch
=============================
====== JS ERROR CAUGHT ======
Unhandled Promise: TypeError: Failed to fetch
=============================
====== JS ERROR CAUGHT ======
Unhandled Promise: TypeError: Failed to fetch
=============================
====== JS ERROR CAUGHT ======
Unhandled Promise: TypeError: Failed to fetch
=============================
====== JS ERROR CAUGHT ======
Unhandled Promise: TypeError: Failed to fetch
=============================
====== JS ERROR CAUGHT ======
Unhandled Promise: TypeError: Failed to fetch
=============================
====== JS ERROR CAUGHT ======
Unhandled Promise: TypeError: Failed to fetch
=============================
====== JS ERROR CAUGHT ======
Unhandled Promise: TypeError: Failed to fetch
=============================
====== JS ERROR CAUGHT ======
Unhandled Promise: TypeError: Failed to fetch
=============================
====== JS ERROR CAUGHT ======
Unhandled Promise: TypeError: Failed to fetch
=============================
====== JS ERROR CAUGHT ======
Unhandled Promise: TypeError: Failed to fetch
=============================
====== JS ERROR CAUGHT ======
Unhandled Promise: TypeError: Failed to fetch
=============================
====== JS ERROR CAUGHT ======
Unhandled Promise: TypeError: Failed to fetch
=============================
====== JS ERROR CAUGHT ======
Unhandled Promise: TypeError: Failed to fetch
=============================
====== JS ERROR CAUGHT ======
Unhandled Promise: TypeError: Failed to fetch
=============================
====== JS ERROR CAUGHT ======
Unhandled Promise: TypeError: Failed to fetch
=============================
====== JS ERROR CAUGHT ======
Unhandled Promise: TypeError: Failed to fetch
=============================
====== JS ERROR CAUGHT ======
Unhandled Promise: TypeError: Failed to fetch
=============================
====== JS ERROR CAUGHT ======
Unhandled Promise: TypeError: Failed to fetch
=============================
====== JS ERROR CAUGHT ======
Unhandled Promise: TypeError: Failed to fetch
=============================
====== JS ERROR CAUGHT ======
Unhandled Promise: TypeError: Failed to fetch
=============================
====== JS ERROR CAUGHT ======
Unhandled Promise: TypeError: Failed to fetch
=============================
====== JS ERROR CAUGHT ======
Unhandled Promise: TypeError: Failed to fetch
=============================
====== JS ERROR CAUGHT ======
Unhandled Promise: TypeError: Failed to fetch
=============================
====== JS ERROR CAUGHT ======
Unhandled Promise: TypeError: Failed to fetch
=============================
====== JS ERROR CAUGHT ======
Unhandled Promise: TypeError: Failed to fetch
=============================
====== JS ERROR CAUGHT ======
Unhandled Promise: TypeError: Failed to fetch
=============================
====== JS ERROR CAUGHT ======
Unhandled Promise: TypeError: Failed to fetch
=============================
====== JS ERROR CAUGHT ======
Unhandled Promise: TypeError: Failed to fetch
=============================
====== JS ERROR CAUGHT ======
Unhandled Promise: TypeError: Failed to fetch
=============================
====== JS ERROR CAUGHT ======
Unhandled Promise: TypeError: Failed to fetch
=============================
====== JS ERROR CAUGHT ======
Unhandled Promise: TypeError: Failed to fetch
=============================
====== JS ERROR CAUGHT ======
Unhandled Promise: TypeError: Failed to fetch
=============================
====== JS ERROR CAUGHT ======
Unhandled Promise: TypeError: Failed to fetch
=============================
====== JS ERROR CAUGHT ======
Unhandled Promise: TypeError: Failed to fetch
=============================
====== JS ERROR CAUGHT ======
Unhandled Promise: TypeError: Failed to fetch
=============================
====== JS ERROR CAUGHT ======
Unhandled Promise: TypeError: Failed to fetch
=============================
====== JS ERROR CAUGHT ======
Unhandled Promise: TypeError: Failed to fetch
=============================
====== JS ERROR CAUGHT ======
Unhandled Promise: TypeError: Failed to fetch
=============================
====== JS ERROR CAUGHT ======
Unhandled Promise: TypeError: Failed to fetch
=============================
====== JS ERROR CAUGHT ======
Unhandled Promise: TypeError: Failed to fetch
=============================
====== JS ERROR CAUGHT ======
Unhandled Promise: TypeError: Failed to fetch
=============================
====== JS ERROR CAUGHT ======
Unhandled Promise: TypeError: Failed to fetch
=============================
====== JS ERROR CAUGHT ======
Unhandled Promise: TypeError: Failed to fetch
=============================
====== JS ERROR CAUGHT ======
Unhandled Promise: TypeError: Failed to fetch
=============================
====== JS ERROR CAUGHT ======
Unhandled Promise: TypeError: Failed to fetch
=============================
====== JS ERROR CAUGHT ======
Unhandled Promise: TypeError: Failed to fetch
=============================
====== JS ERROR CAUGHT ======
Unhandled Promise: TypeError: Failed to fetch
=============================
====== JS ERROR CAUGHT ======
Unhandled Promise: TypeError: Failed to fetch
=============================
====== JS ERROR CAUGHT ======
Unhandled Promise: TypeError: Failed to fetch
=============================
====== JS ERROR CAUGHT ======
Unhandled Promise: TypeError: Failed to fetch
=============================
====== JS ERROR CAUGHT ======
Unhandled Promise: TypeError: Failed to fetch
=============================
====== JS ERROR CAUGHT ======
Unhandled Promise: TypeError: Failed to fetch
=============================
====== JS ERROR CAUGHT ======
Unhandled Promise: TypeError: Failed to fetch
=============================
====== JS ERROR CAUGHT ======
Unhandled Promise: TypeError: Failed to fetch
=============================
====== JS ERROR CAUGHT ======
Unhandled Promise: TypeError: Failed to fetch
=============================
====== JS ERROR CAUGHT ======
Unhandled Promise: TypeError: Failed to fetch
=============================
====== JS ERROR CAUGHT ======
Unhandled Promise: TypeError: Failed to fetch
=============================
====== JS ERROR CAUGHT ======
Unhandled Promise: TypeError: Failed to fetch
=============================
====== JS ERROR CAUGHT ======
Unhandled Promise: TypeError: Failed to fetch
=============================
====== JS ERROR CAUGHT ======
Unhandled Promise: TypeError: Failed to fetch
=============================
====== JS ERROR CAUGHT ======
Unhandled Promise: TypeError: Failed to fetch
=============================
====== JS ERROR CAUGHT ======
Unhandled Promise: TypeError: Failed to fetch
=============================
====== JS ERROR CAUGHT ======
Unhandled Promise: TypeError: Failed to fetch
=============================
====== JS ERROR CAUGHT ======
Unhandled Promise: TypeError: Failed to fetch
=============================
====== JS ERROR CAUGHT ======
Unhandled Promise: TypeError: Failed to fetch
=============================
====== JS ERROR CAUGHT ======
Unhandled Promise: TypeError: Failed to fetch
=============================
====== JS ERROR CAUGHT ======
Unhandled Promise: TypeError: Failed to fetch
=============================
====== JS ERROR CAUGHT ======
Unhandled Promise: TypeError: Failed to fetch
=============================
====== JS ERROR CAUGHT ======
Unhandled Promise: TypeError: Failed to fetch
=============================
====== JS ERROR CAUGHT ======
Unhandled Promise: TypeError: Failed to fetch
=============================
====== JS ERROR CAUGHT ======
Unhandled Promise: TypeError: Failed to fetch
=============================
====== JS ERROR CAUGHT ======
Unhandled Promise: TypeError: Failed to fetch
=============================
====== JS ERROR CAUGHT ======
Unhandled Promise: TypeError: Failed to fetch
=============================
====== JS ERROR CAUGHT ======
Unhandled Promise: TypeError: Failed to fetch
=============================
====== JS ERROR CAUGHT ======
Unhandled Promise: TypeError: Failed to fetch
=============================
====== JS ERROR CAUGHT ======
Unhandled Promise: TypeError: Failed to fetch
=============================
====== JS ERROR CAUGHT ======
Unhandled Promise: TypeError: Failed to fetch
=============================
====== JS ERROR CAUGHT ======
Unhandled Promise: TypeError: Failed to fetch
=============================
====== JS ERROR CAUGHT ======
Unhandled Promise: TypeError: Failed to fetch
=============================
====== JS ERROR CAUGHT ======
Unhandled Promise: TypeError: Failed to fetch
=============================
====== JS ERROR CAUGHT ======
Unhandled Promise: TypeError: Failed to fetch
=============================
====== JS ERROR CAUGHT ======
Unhandled Promise: TypeError: Failed to fetch
=============================
====== JS ERROR CAUGHT ======
Unhandled Promise: TypeError: Failed to fetch
=============================
====== JS ERROR CAUGHT ======
Unhandled Promise: TypeError: Failed to fetch
=============================
====== JS ERROR CAUGHT ======
Unhandled Promise: TypeError: Failed to fetch
=============================
====== JS ERROR CAUGHT ======
Unhandled Promise: TypeError: Failed to fetch
=============================
====== JS ERROR CAUGHT ======
Unhandled Promise: TypeError: Failed to fetch
=============================
====== JS ERROR CAUGHT ======
Unhandled Promise: TypeError: Failed to fetch
=============================
====== JS ERROR CAUGHT ======
Unhandled Promise: TypeError: Failed to fetch
=============================
====== JS ERROR CAUGHT ======
Unhandled Promise: TypeError: Failed to fetch
=============================
====== JS ERROR CAUGHT ======
Unhandled Promise: TypeError: Failed to fetch
=============================
====== JS ERROR CAUGHT ======
Unhandled Promise: TypeError: Failed to fetch
=============================
====== JS ERROR CAUGHT ======
Unhandled Promise: TypeError: Failed to fetch
=============================
====== JS ERROR CAUGHT ======
Unhandled Promise: TypeError: Failed to fetch
=============================
====== JS ERROR CAUGHT ======
Unhandled Promise: TypeError: Failed to fetch
=============================
====== JS ERROR CAUGHT ======
Unhandled Promise: TypeError: Failed to fetch
=============================
====== JS ERROR CAUGHT ======
Unhandled Promise: TypeError: Failed to fetch
=============================
====== JS ERROR CAUGHT ======
Unhandled Promise: TypeError: Failed to fetch
=============================
====== JS ERROR CAUGHT ======
Unhandled Promise: TypeError: Failed to fetch
=============================
====== JS ERROR CAUGHT ======
Unhandled Promise: TypeError: Failed to fetch
=============================
====== JS ERROR CAUGHT ======
Unhandled Promise: TypeError: Failed to fetch
=============================
====== JS ERROR CAUGHT ======
Unhandled Promise: TypeError: Failed to fetch
=============================
====== JS ERROR CAUGHT ======
Unhandled Promise: TypeError: Failed to fetch
=============================
====== JS ERROR CAUGHT ======
Unhandled Promise: TypeError: Failed to fetch
=============================
====== JS ERROR CAUGHT ======
Unhandled Promise: TypeError: Failed to fetch
=============================
====== JS ERROR CAUGHT ======
Unhandled Promise: TypeError: Failed to fetch
=============================
====== JS ERROR CAUGHT ======
Unhandled Promise: TypeError: Failed to fetch
=============================
====== JS ERROR CAUGHT ======
Unhandled Promise: TypeError: Failed to fetch
=============================
====== JS ERROR CAUGHT ======
Unhandled Promise: TypeError: Failed to fetch
=============================
====== JS ERROR CAUGHT ======
Unhandled Promise: TypeError: Failed to fetch
=============================
====== JS ERROR CAUGHT ======
Unhandled Promise: TypeError: Failed to fetch
=============================
====== JS ERROR CAUGHT ======
Unhandled Promise: TypeError: Failed to fetch
=============================
====== JS ERROR CAUGHT ======
Unhandled Promise: TypeError: Failed to fetch
=============================
====== JS ERROR CAUGHT ======
Unhandled Promise: TypeError: Failed to fetch
=============================
====== JS ERROR CAUGHT ======
Unhandled Promise: TypeError: Failed to fetch
=============================
====== JS ERROR CAUGHT ======
Unhandled Promise: TypeError: Failed to fetch
=============================
====== JS ERROR CAUGHT ======
Unhandled Promise: TypeError: Failed to fetch
=============================
====== JS ERROR CAUGHT ======
Unhandled Promise: TypeError: Failed to fetch
=============================
====== JS ERROR CAUGHT ======
Unhandled Promise: TypeError: Failed to fetch
=============================
====== JS ERROR CAUGHT ======
Unhandled Promise: TypeError: Failed to fetch
=============================
====== JS ERROR CAUGHT ======
Unhandled Promise: TypeError: Failed to fetch
=============================
====== JS ERROR CAUGHT ======
Unhandled Promise: TypeError: Failed to fetch
=============================
====== JS ERROR CAUGHT ======
Unhandled Promise: TypeError: Failed to fetch
=============================
====== JS ERROR CAUGHT ======
Unhandled Promise: TypeError: Failed to fetch
=============================
====== JS ERROR CAUGHT ======
Unhandled Promise: TypeError: Failed to fetch
=============================
====== JS ERROR CAUGHT ======
Unhandled Promise: TypeError: Failed to fetch
=============================
====== JS ERROR CAUGHT ======
Unhandled Promise: TypeError: Failed to fetch
=============================
====== JS ERROR CAUGHT ======
Unhandled Promise: TypeError: Failed to fetch
=============================
====== JS ERROR CAUGHT ======
Unhandled Promise: TypeError: Failed to fetch
=============================
====== JS ERROR CAUGHT ======
Unhandled Promise: TypeError: Failed to fetch
=============================
====== JS ERROR CAUGHT ======
Unhandled Promise: TypeError: Failed to fetch
=============================
====== JS ERROR CAUGHT ======
Unhandled Promise: TypeError: Failed to fetch
=============================
====== JS ERROR CAUGHT ======
Unhandled Promise: TypeError: Failed to fetch
=============================
====== JS ERROR CAUGHT ======
Unhandled Promise: TypeError: Failed to fetch
=============================
====== JS ERROR CAUGHT ======
Unhandled Promise: TypeError: Failed to fetch
=============================
====== JS ERROR CAUGHT ======
Unhandled Promise: TypeError: Failed to fetch
=============================
====== JS ERROR CAUGHT ======
Unhandled Promise: TypeError: Failed to fetch
=============================
====== JS ERROR CAUGHT ======
Unhandled Promise: TypeError: Failed to fetch
=============================
====== JS ERROR CAUGHT ======
Unhandled Promise: TypeError: Failed to fetch
=============================
====== JS ERROR CAUGHT ======
Unhandled Promise: TypeError: Failed to fetch
=============================
====== JS ERROR CAUGHT ======
Unhandled Promise: TypeError: Failed to fetch
=============================
====== JS ERROR CAUGHT ======
Unhandled Promise: TypeError: Failed to fetch
=============================
====== JS ERROR CAUGHT ======
Unhandled Promise: TypeError: Failed to fetch
=============================
====== JS ERROR CAUGHT ======
Unhandled Promise: TypeError: Failed to fetch
=============================
====== JS ERROR CAUGHT ======
Unhandled Promise: TypeError: Failed to fetch
=============================
====== JS ERROR CAUGHT ======
Unhandled Promise: TypeError: Failed to fetch
=============================
====== JS ERROR CAUGHT ======
Unhandled Promise: TypeError: Failed to fetch
=============================
====== JS ERROR CAUGHT ======
Unhandled Promise: TypeError: Failed to fetch
=============================
====== JS ERROR CAUGHT ======
Unhandled Promise: TypeError: Failed to fetch
=============================
====== JS ERROR CAUGHT ======
Unhandled Promise: TypeError: Failed to fetch
=============================
====== JS ERROR CAUGHT ======
Unhandled Promise: TypeError: Failed to fetch
=============================
====== JS ERROR CAUGHT ======
Unhandled Promise: TypeError: Failed to fetch
=============================
====== JS ERROR CAUGHT ======
Unhandled Promise: TypeError: Failed to fetch
=============================
====== JS ERROR CAUGHT ======
Unhandled Promise: TypeError: Failed to fetch
=============================
====== JS ERROR CAUGHT ======
Unhandled Promise: TypeError: Failed to fetch
=============================
====== JS ERROR CAUGHT ======
Unhandled Promise: TypeError: Failed to fetch
=============================
====== JS ERROR CAUGHT ======
Unhandled Promise: TypeError: Failed to fetch
=============================
====== JS ERROR CAUGHT ======
Unhandled Promise: TypeError: Failed to fetch
=============================
====== JS ERROR CAUGHT ======
Unhandled Promise: TypeError: Failed to fetch
=============================
====== JS ERROR CAUGHT ======
Unhandled Promise: TypeError: Failed to fetch
=============================
====== JS ERROR CAUGHT ======
Unhandled Promise: TypeError: Failed to fetch
=============================
====== JS ERROR CAUGHT ======
Unhandled Promise: TypeError: Failed to fetch
=============================
====== JS ERROR CAUGHT ======
Unhandled Promise: TypeError: Failed to fetch
=============================
====== JS ERROR CAUGHT ======
Unhandled Promise: TypeError: Failed to fetch
=============================
====== JS ERROR CAUGHT ======
Unhandled Promise: TypeError: Failed to fetch
=============================
====== JS ERROR CAUGHT ======
Unhandled Promise: TypeError: Failed to fetch
=============================
====== JS ERROR CAUGHT ======
Unhandled Promise: TypeError: Failed to fetch
=============================
====== JS ERROR CAUGHT ======
Unhandled Promise: TypeError: Failed to fetch
=============================
====== JS ERROR CAUGHT ======
Unhandled Promise: TypeError: Failed to fetch
=============================
====== JS ERROR CAUGHT ======
Unhandled Promise: TypeError: Failed to fetch
=============================
====== JS ERROR CAUGHT ======
Unhandled Promise: TypeError: Failed to fetch
=============================
====== JS ERROR CAUGHT ======
Unhandled Promise: TypeError: Failed to fetch
=============================
====== JS ERROR CAUGHT ======
Unhandled Promise: TypeError: Failed to fetch
=============================
====== JS ERROR CAUGHT ======
Unhandled Promise: TypeError: Failed to fetch
=============================
====== JS ERROR CAUGHT ======
Unhandled Promise: TypeError: Failed to fetch
=============================
====== JS ERROR CAUGHT ======
Unhandled Promise: TypeError: Failed to fetch
=============================
====== JS ERROR CAUGHT ======
Unhandled Promise: TypeError: Failed to fetch
=============================
====== JS ERROR CAUGHT ======
Unhandled Promise: TypeError: Failed to fetch
=============================
====== JS ERROR CAUGHT ======
Unhandled Promise: TypeError: Failed to fetch
=============================
====== JS ERROR CAUGHT ======
Unhandled Promise: TypeError: Failed to fetch
=============================
====== JS ERROR CAUGHT ======
Unhandled Promise: TypeError: Failed to fetch
=============================
====== JS ERROR CAUGHT ======
Unhandled Promise: TypeError: Failed to fetch
=============================
====== JS ERROR CAUGHT ======
Unhandled Promise: TypeError: Failed to fetch
=============================
====== JS ERROR CAUGHT ======
Unhandled Promise: TypeError: Failed to fetch
=============================
====== JS ERROR CAUGHT ======
Unhandled Promise: TypeError: Failed to fetch
=============================
====== JS ERROR CAUGHT ======
Unhandled Promise: TypeError: Failed to fetch
=============================
====== JS ERROR CAUGHT ======
Unhandled Promise: TypeError: Failed to fetch
=============================
====== JS ERROR CAUGHT ======
Unhandled Promise: TypeError: Failed to fetch
=============================
====== JS ERROR CAUGHT ======
Unhandled Promise: TypeError: Failed to fetch
=============================
====== JS ERROR CAUGHT ======
Unhandled Promise: TypeError: Failed to fetch
=============================
====== JS ERROR CAUGHT ======
Unhandled Promise: TypeError: Failed to fetch
=============================
====== JS ERROR CAUGHT ======
Unhandled Promise: TypeError: Failed to fetch
=============================
====== JS ERROR CAUGHT ======
Unhandled Promise: TypeError: Failed to fetch
=============================
====== JS ERROR CAUGHT ======
Unhandled Promise: TypeError: Failed to fetch
=============================
====== JS ERROR CAUGHT ======
Unhandled Promise: TypeError: Failed to fetch
=============================
====== JS ERROR CAUGHT ======
Unhandled Promise: TypeError: Failed to fetch
=============================
====== JS ERROR CAUGHT ======
Unhandled Promise: TypeError: Failed to fetch
=============================
====== JS ERROR CAUGHT ======
Unhandled Promise: TypeError: Failed to fetch
=============================
====== JS ERROR CAUGHT ======
Unhandled Promise: TypeError: Failed to fetch
=============================
====== JS ERROR CAUGHT ======
Unhandled Promise: TypeError: Failed to fetch
=============================
====== JS ERROR CAUGHT ======
Unhandled Promise: TypeError: Failed to fetch
=============================
====== JS ERROR CAUGHT ======
Unhandled Promise: TypeError: Failed to fetch
=============================
====== JS ERROR CAUGHT ======
Unhandled Promise: TypeError: Failed to fetch
=============================
====== JS ERROR CAUGHT ======
Unhandled Promise: TypeError: Failed to fetch
=============================
====== JS ERROR CAUGHT ======
Unhandled Promise: TypeError: Failed to fetch
=============================
====== JS ERROR CAUGHT ======
Unhandled Promise: TypeError: Failed to fetch
=============================
====== JS ERROR CAUGHT ======
Unhandled Promise: TypeError: Failed to fetch
=============================
====== JS ERROR CAUGHT ======
Unhandled Promise: TypeError: Failed to fetch
=============================
====== JS ERROR CAUGHT ======
Unhandled Promise: TypeError: Failed to fetch
=============================
====== JS ERROR CAUGHT ======
Unhandled Promise: TypeError: Failed to fetch
=============================
====== JS ERROR CAUGHT ======
Unhandled Promise: TypeError: Failed to fetch
=============================
====== JS ERROR CAUGHT ======
Unhandled Promise: TypeError: Failed to fetch
=============================
====== JS ERROR CAUGHT ======
Unhandled Promise: TypeError: Failed to fetch
=============================
====== JS ERROR CAUGHT ======
Unhandled Promise: TypeError: Failed to fetch
=============================
====== JS ERROR CAUGHT ======
Unhandled Promise: TypeError: Failed to fetch
=============================
====== JS ERROR CAUGHT ======
Unhandled Promise: TypeError: Failed to fetch
=============================
====== JS ERROR CAUGHT ======
Unhandled Promise: TypeError: Failed to fetch
=============================
====== JS ERROR CAUGHT ======
Unhandled Promise: TypeError: Failed to fetch
=============================
====== JS ERROR CAUGHT ======
Unhandled Promise: TypeError: Failed to fetch
=============================
====== JS ERROR CAUGHT ======
Unhandled Promise: TypeError: Failed to fetch
=============================
====== JS ERROR CAUGHT ======
Unhandled Promise: TypeError: Failed to fetch
=============================
====== JS ERROR CAUGHT ======
Unhandled Promise: TypeError: Failed to fetch
=============================
====== JS ERROR CAUGHT ======
Unhandled Promise: TypeError: Failed to fetch
=============================
====== JS ERROR CAUGHT ======
Unhandled Promise: TypeError: Failed to fetch
=============================
====== JS ERROR CAUGHT ======
Unhandled Promise: TypeError: Failed to fetch
=============================
====== JS ERROR CAUGHT ======
Unhandled Promise: TypeError: Failed to fetch
=============================
====== JS ERROR CAUGHT ======
Unhandled Promise: TypeError: Failed to fetch
=============================
====== JS ERROR CAUGHT ======
Unhandled Promise: TypeError: Failed to fetch
=============================
====== JS ERROR CAUGHT ======
Unhandled Promise: TypeError: Failed to fetch
=============================
====== JS ERROR CAUGHT ======
Unhandled Promise: TypeError: Failed to fetch
=============================
====== JS ERROR CAUGHT ======
Unhandled Promise: TypeError: Failed to fetch
=============================
====== JS ERROR CAUGHT ======
Unhandled Promise: TypeError: Failed to fetch
=============================
====== JS ERROR CAUGHT ======
Unhandled Promise: TypeError: Failed to fetch
=============================
====== JS ERROR CAUGHT ======
Unhandled Promise: TypeError: Failed to fetch
=============================
====== JS ERROR CAUGHT ======
Unhandled Promise: TypeError: Failed to fetch
=============================
====== JS ERROR CAUGHT ======
Unhandled Promise: TypeError: Failed to fetch
=============================
====== JS ERROR CAUGHT ======
Unhandled Promise: TypeError: Failed to fetch
=============================
====== JS ERROR CAUGHT ======
Unhandled Promise: TypeError: Failed to fetch
=============================
====== JS ERROR CAUGHT ======
Unhandled Promise: TypeError: Failed to fetch
=============================
====== JS ERROR CAUGHT ======
Unhandled Promise: TypeError: Failed to fetch
=============================
====== JS ERROR CAUGHT ======
Unhandled Promise: TypeError: Failed to fetch
=============================
====== JS ERROR CAUGHT ======
Unhandled Promise: TypeError: Failed to fetch
=============================
====== JS ERROR CAUGHT ======
Unhandled Promise: TypeError: Failed to fetch
=============================
====== JS ERROR CAUGHT ======
Unhandled Promise: TypeError: Failed to fetch
=============================
====== JS ERROR CAUGHT ======
Unhandled Promise: TypeError: Failed to fetch
=============================
====== JS ERROR CAUGHT ======
Unhandled Promise: TypeError: Failed to fetch
=============================
====== JS ERROR CAUGHT ======
Unhandled Promise: TypeError: Failed to fetch
=============================
====== JS ERROR CAUGHT ======
Unhandled Promise: TypeError: Failed to fetch
=============================
====== JS ERROR CAUGHT ======
Unhandled Promise: TypeError: Failed to fetch
=============================
====== JS ERROR CAUGHT ======
Unhandled Promise: TypeError: Failed to fetch
=============================
====== JS ERROR CAUGHT ======
Unhandled Promise: TypeError: Failed to fetch
=============================
====== JS ERROR CAUGHT ======
Unhandled Promise: TypeError: Failed to fetch
=============================
====== JS ERROR CAUGHT ======
Unhandled Promise: TypeError: Failed to fetch
=============================
====== JS ERROR CAUGHT ======
Unhandled Promise: TypeError: Failed to fetch
=============================
====== JS ERROR CAUGHT ======
Unhandled Promise: TypeError: Failed to fetch
=============================
====== JS ERROR CAUGHT ======
Unhandled Promise: TypeError: Failed to fetch
=============================
====== JS ERROR CAUGHT ======
Unhandled Promise: TypeError: Failed to fetch
=============================
====== JS ERROR CAUGHT ======
Unhandled Promise: TypeError: Failed to fetch
=============================
====== JS ERROR CAUGHT ======
Unhandled Promise: TypeError: Failed to fetch
=============================
====== JS ERROR CAUGHT ======
Unhandled Promise: TypeError: Failed to fetch
=============================
====== JS ERROR CAUGHT ======
Unhandled Promise: TypeError: Failed to fetch
=============================
====== JS ERROR CAUGHT ======
Unhandled Promise: TypeError: Failed to fetch
=============================
====== JS ERROR CAUGHT ======
Unhandled Promise: TypeError: Failed to fetch
=============================
====== JS ERROR CAUGHT ======
Unhandled Promise: TypeError: Failed to fetch
=============================
====== JS ERROR CAUGHT ======
Unhandled Promise: TypeError: Failed to fetch
=============================
====== JS ERROR CAUGHT ======
Unhandled Promise: TypeError: Failed to fetch
=============================
====== JS ERROR CAUGHT ======
Unhandled Promise: TypeError: Failed to fetch
=============================
====== JS ERROR CAUGHT ======
Unhandled Promise: TypeError: Failed to fetch
=============================
====== JS ERROR CAUGHT ======
Unhandled Promise: TypeError: Failed to fetch
=============================
====== JS ERROR CAUGHT ======
Unhandled Promise: TypeError: Failed to fetch
=============================
====== JS ERROR CAUGHT ======
Unhandled Promise: TypeError: Failed to fetch
=============================
====== JS ERROR CAUGHT ======
Unhandled Promise: TypeError: Failed to fetch
=============================
====== JS ERROR CAUGHT ======
Unhandled Promise: TypeError: Failed to fetch
=============================
====== JS ERROR CAUGHT ======
Unhandled Promise: TypeError: Failed to fetch
=============================
====== JS ERROR CAUGHT ======
Unhandled Promise: TypeError: Failed to fetch
=============================
====== JS ERROR CAUGHT ======
Unhandled Promise: TypeError: Failed to fetch
=============================
====== JS ERROR CAUGHT ======
Unhandled Promise: TypeError: Failed to fetch
=============================
====== JS ERROR CAUGHT ======
Unhandled Promise: TypeError: Failed to fetch
=============================
====== JS ERROR CAUGHT ======
Unhandled Promise: TypeError: Failed to fetch
=============================
====== JS ERROR CAUGHT ======
Unhandled Promise: TypeError: Failed to fetch
=============================
====== JS ERROR CAUGHT ======
Unhandled Promise: TypeError: Failed to fetch
=============================
====== JS ERROR CAUGHT ======
Unhandled Promise: TypeError: Failed to fetch
=============================
====== JS ERROR CAUGHT ======
Unhandled Promise: TypeError: Failed to fetch
=============================
====== JS ERROR CAUGHT ======
Unhandled Promise: TypeError: Failed to fetch
=============================
====== JS ERROR CAUGHT ======
Unhandled Promise: TypeError: Failed to fetch
=============================
====== JS ERROR CAUGHT ======
Unhandled Promise: TypeError: Failed to fetch
=============================
====== JS ERROR CAUGHT ======
Unhandled Promise: TypeError: Failed to fetch
=============================
====== JS ERROR CAUGHT ======
Unhandled Promise: TypeError: Failed to fetch
=============================
====== JS ERROR CAUGHT ======
Unhandled Promise: TypeError: Failed to fetch
=============================
====== JS ERROR CAUGHT ======
Unhandled Promise: TypeError: Failed to fetch
=============================
====== JS ERROR CAUGHT ======
Unhandled Promise: TypeError: Failed to fetch
=============================
====== JS ERROR CAUGHT ======
Unhandled Promise: TypeError: Failed to fetch
=============================
====== JS ERROR CAUGHT ======
Unhandled Promise: TypeError: Failed to fetch
=============================
====== JS ERROR CAUGHT ======
Unhandled Promise: TypeError: Failed to fetch
=============================
====== JS ERROR CAUGHT ======
Unhandled Promise: TypeError: Failed to fetch
=============================
====== JS ERROR CAUGHT ======
Unhandled Promise: TypeError: Failed to fetch
=============================
====== JS ERROR CAUGHT ======
Unhandled Promise: TypeError: Failed to fetch
=============================
====== JS ERROR CAUGHT ======
Unhandled Promise: TypeError: Failed to fetch
=============================
====== JS ERROR CAUGHT ======
Unhandled Promise: TypeError: Failed to fetch
=============================
====== JS ERROR CAUGHT ======
Unhandled Promise: TypeError: Failed to fetch
=============================
====== JS ERROR CAUGHT ======
Unhandled Promise: TypeError: Failed to fetch
=============================
====== JS ERROR CAUGHT ======
Unhandled Promise: TypeError: Failed to fetch
=============================
====== JS ERROR CAUGHT ======
Unhandled Promise: TypeError: Failed to fetch
=============================
====== JS ERROR CAUGHT ======
Unhandled Promise: TypeError: Failed to fetch
=============================
====== JS ERROR CAUGHT ======
Unhandled Promise: TypeError: Failed to fetch
=============================
====== JS ERROR CAUGHT ======
Unhandled Promise: TypeError: Failed to fetch
=============================
====== JS ERROR CAUGHT ======
Unhandled Promise: TypeError: Failed to fetch
=============================
====== JS ERROR CAUGHT ======
Unhandled Promise: TypeError: Failed to fetch
=============================
====== JS ERROR CAUGHT ======
Unhandled Promise: TypeError: Failed to fetch
=============================
====== JS ERROR CAUGHT ======
Unhandled Promise: TypeError: Failed to fetch
=============================
====== JS ERROR CAUGHT ======
Unhandled Promise: TypeError: Failed to fetch
=============================
====== JS ERROR CAUGHT ======
Unhandled Promise: TypeError: Failed to fetch
=============================
====== JS ERROR CAUGHT ======
Unhandled Promise: TypeError: Failed to fetch
=============================
====== JS ERROR CAUGHT ======
Unhandled Promise: TypeError: Failed to fetch
=============================
====== JS ERROR CAUGHT ======
Unhandled Promise: TypeError: Failed to fetch
=============================
====== JS ERROR CAUGHT ======
Unhandled Promise: TypeError: Failed to fetch
=============================
====== JS ERROR CAUGHT ======
Unhandled Promise: TypeError: Failed to fetch
=============================
====== JS ERROR CAUGHT ======
Unhandled Promise: TypeError: Failed to fetch
=============================
====== JS ERROR CAUGHT ======
Unhandled Promise: TypeError: Failed to fetch
=============================
====== JS ERROR CAUGHT ======
Unhandled Promise: TypeError: Failed to fetch
=============================
====== JS ERROR CAUGHT ======
Unhandled Promise: TypeError: Failed to fetch
=============================
====== JS ERROR CAUGHT ======
Unhandled Promise: TypeError: Failed to fetch
=============================
====== JS ERROR CAUGHT ======
Unhandled Promise: TypeError: Failed to fetch
=============================
====== JS ERROR CAUGHT ======
Unhandled Promise: TypeError: Failed to fetch
=============================
====== JS ERROR CAUGHT ======
Unhandled Promise: TypeError: Failed to fetch
=============================
====== JS ERROR CAUGHT ======
Unhandled Promise: TypeError: Failed to fetch
=============================
====== JS ERROR CAUGHT ======
Unhandled Promise: TypeError: Failed to fetch
=============================
====== JS ERROR CAUGHT ======
Unhandled Promise: TypeError: Failed to fetch
=============================
====== JS ERROR CAUGHT ======
Unhandled Promise: TypeError: Failed to fetch
=============================
====== JS ERROR CAUGHT ======
Unhandled Promise: TypeError: Failed to fetch
=============================
====== JS ERROR CAUGHT ======
Unhandled Promise: TypeError: Failed to fetch
=============================
====== JS ERROR CAUGHT ======
Unhandled Promise: TypeError: Failed to fetch
=============================
====== JS ERROR CAUGHT ======
Unhandled Promise: TypeError: Failed to fetch
=============================
====== JS ERROR CAUGHT ======
Unhandled Promise: TypeError: Failed to fetch
=============================
====== JS ERROR CAUGHT ======
Unhandled Promise: TypeError: Failed to fetch
=============================
====== JS ERROR CAUGHT ======
Unhandled Promise: TypeError: Failed to fetch
=============================
====== JS ERROR CAUGHT ======
Unhandled Promise: TypeError: Failed to fetch
=============================
====== JS ERROR CAUGHT ======
Unhandled Promise: TypeError: Failed to fetch
=============================
====== JS ERROR CAUGHT ======
Unhandled Promise: TypeError: Failed to fetch
=============================
====== JS ERROR CAUGHT ======
Unhandled Promise: TypeError: Failed to fetch
=============================
====== JS ERROR CAUGHT ======
Unhandled Promise: TypeError: Failed to fetch
=============================
====== JS ERROR CAUGHT ======
Unhandled Promise: TypeError: Failed to fetch
=============================
====== JS ERROR CAUGHT ======
Unhandled Promise: TypeError: Failed to fetch
=============================
====== JS ERROR CAUGHT ======
Unhandled Promise: TypeError: Failed to fetch
=============================
====== JS ERROR CAUGHT ======
Unhandled Promise: TypeError: Failed to fetch
=============================
====== JS ERROR CAUGHT ======
Unhandled Promise: TypeError: Failed to fetch
=============================
====== JS ERROR CAUGHT ======
Unhandled Promise: TypeError: Failed to fetch
=============================
====== JS ERROR CAUGHT ======
Unhandled Promise: TypeError: Failed to fetch
=============================
====== JS ERROR CAUGHT ======
Unhandled Promise: TypeError: Failed to fetch
=============================
====== JS ERROR CAUGHT ======
Unhandled Promise: TypeError: Failed to fetch
=============================
====== JS ERROR CAUGHT ======
Unhandled Promise: TypeError: Failed to fetch
=============================
====== JS ERROR CAUGHT ======
Unhandled Promise: TypeError: Failed to fetch
=============================
====== JS ERROR CAUGHT ======
Unhandled Promise: TypeError: Failed to fetch
=============================
====== JS ERROR CAUGHT ======
Unhandled Promise: TypeError: Failed to fetch
=============================
====== JS ERROR CAUGHT ======
Unhandled Promise: TypeError: Failed to fetch
=============================
====== JS ERROR CAUGHT ======
Unhandled Promise: TypeError: Failed to fetch
=============================
====== JS ERROR CAUGHT ======
Unhandled Promise: TypeError: Failed to fetch
=============================
====== JS ERROR CAUGHT ======
Unhandled Promise: TypeError: Failed to fetch
=============================
====== JS ERROR CAUGHT ======
Unhandled Promise: TypeError: Failed to fetch
=============================
====== JS ERROR CAUGHT ======
Unhandled Promise: TypeError: Failed to fetch
=============================
====== JS ERROR CAUGHT ======
Unhandled Promise: TypeError: Failed to fetch
=============================
====== JS ERROR CAUGHT ======
Unhandled Promise: TypeError: Failed to fetch
=============================
====== JS ERROR CAUGHT ======
Unhandled Promise: TypeError: Failed to fetch
=============================
====== JS ERROR CAUGHT ======
Unhandled Promise: TypeError: Failed to fetch
=============================
====== JS ERROR CAUGHT ======
Unhandled Promise: TypeError: Failed to fetch
=============================
====== JS ERROR CAUGHT ======
Unhandled Promise: TypeError: Failed to fetch
=============================
====== JS ERROR CAUGHT ======
Unhandled Promise: TypeError: Failed to fetch
=============================
====== JS ERROR CAUGHT ======
Unhandled Promise: TypeError: Failed to fetch
=============================
====== JS ERROR CAUGHT ======
Unhandled Promise: TypeError: Failed to fetch
=============================
====== JS ERROR CAUGHT ======
Unhandled Promise: TypeError: Failed to fetch
=============================
====== JS ERROR CAUGHT ======
Unhandled Promise: TypeError: Failed to fetch
=============================
====== JS ERROR CAUGHT ======
Unhandled Promise: TypeError: Failed to fetch
=============================
====== JS ERROR CAUGHT ======
Unhandled Promise: TypeError: Failed to fetch
=============================
====== JS ERROR CAUGHT ======
Unhandled Promise: TypeError: Failed to fetch
=============================
====== JS ERROR CAUGHT ======
Unhandled Promise: TypeError: Failed to fetch
=============================
====== JS ERROR CAUGHT ======
Unhandled Promise: TypeError: Failed to fetch
=============================
====== JS ERROR CAUGHT ======
Unhandled Promise: TypeError: Failed to fetch
=============================
====== JS ERROR CAUGHT ======
Unhandled Promise: TypeError: Failed to fetch
=============================
====== JS ERROR CAUGHT ======
Unhandled Promise: TypeError: Failed to fetch
=============================
====== JS ERROR CAUGHT ======
Unhandled Promise: TypeError: Failed to fetch
=============================
====== JS ERROR CAUGHT ======
Unhandled Promise: TypeError: Failed to fetch
=============================
====== JS ERROR CAUGHT ======
Unhandled Promise: TypeError: Failed to fetch
=============================
====== JS ERROR CAUGHT ======
Unhandled Promise: TypeError: Failed to fetch
=============================
====== JS ERROR CAUGHT ======
Unhandled Promise: TypeError: Failed to fetch
=============================
====== JS ERROR CAUGHT ======
Unhandled Promise: TypeError: Failed to fetch
=============================
====== JS ERROR CAUGHT ======
Unhandled Promise: TypeError: Failed to fetch
=============================
====== JS ERROR CAUGHT ======
Unhandled Promise: TypeError: Failed to fetch
=============================
====== JS ERROR CAUGHT ======
Unhandled Promise: TypeError: Failed to fetch
=============================
====== JS ERROR CAUGHT ======
Unhandled Promise: TypeError: Failed to fetch
=============================
====== JS ERROR CAUGHT ======
Unhandled Promise: TypeError: Failed to fetch
=============================
====== JS ERROR CAUGHT ======
Unhandled Promise: TypeError: Failed to fetch
=============================
====== JS ERROR CAUGHT ======
Unhandled Promise: TypeError: Failed to fetch
=============================
====== JS ERROR CAUGHT ======
Unhandled Promise: TypeError: Failed to fetch
=============================
====== JS ERROR CAUGHT ======
Unhandled Promise: TypeError: Failed to fetch
=============================
====== JS ERROR CAUGHT ======
Unhandled Promise: TypeError: Failed to fetch
=============================
====== JS ERROR CAUGHT ======
Unhandled Promise: TypeError: Failed to fetch
=============================
====== JS ERROR CAUGHT ======
Unhandled Promise: TypeError: Failed to fetch
=============================
====== JS ERROR CAUGHT ======
Unhandled Promise: TypeError: Failed to fetch
=============================
====== JS ERROR CAUGHT ======
Unhandled Promise: TypeError: Failed to fetch
=============================
====== JS ERROR CAUGHT ======
Unhandled Promise: TypeError: Failed to fetch
=============================
====== JS ERROR CAUGHT ======
Unhandled Promise: TypeError: Failed to fetch
=============================
====== JS ERROR CAUGHT ======
Unhandled Promise: TypeError: Failed to fetch
=============================
====== JS ERROR CAUGHT ======
Unhandled Promise: TypeError: Failed to fetch
=============================
====== JS ERROR CAUGHT ======
Unhandled Promise: TypeError: Failed to fetch
=============================
====== JS ERROR CAUGHT ======
Unhandled Promise: TypeError: Failed to fetch
=============================
====== JS ERROR CAUGHT ======
Unhandled Promise: TypeError: Failed to fetch
=============================
====== JS ERROR CAUGHT ======
Unhandled Promise: TypeError: Failed to fetch
=============================
====== JS ERROR CAUGHT ======
Unhandled Promise: TypeError: Failed to fetch
=============================
====== JS ERROR CAUGHT ======
Unhandled Promise: TypeError: Failed to fetch
=============================
====== JS ERROR CAUGHT ======
Unhandled Promise: TypeError: Failed to fetch
=============================
====== JS ERROR CAUGHT ======
Unhandled Promise: TypeError: Failed to fetch
=============================
====== JS ERROR CAUGHT ======
Unhandled Promise: TypeError: Failed to fetch
=============================
====== JS ERROR CAUGHT ======
Unhandled Promise: TypeError: Failed to fetch
=============================
====== JS ERROR CAUGHT ======
Unhandled Promise: TypeError: Failed to fetch
=============================
====== JS ERROR CAUGHT ======
Unhandled Promise: TypeError: Failed to fetch
=============================
====== JS ERROR CAUGHT ======
Unhandled Promise: TypeError: Failed to fetch
=============================
====== JS ERROR CAUGHT ======
Unhandled Promise: TypeError: Failed to fetch
=============================
====== JS ERROR CAUGHT ======
Unhandled Promise: TypeError: Failed to fetch
=============================
====== JS ERROR CAUGHT ======
Unhandled Promise: TypeError: Failed to fetch
=============================
====== JS ERROR CAUGHT ======
Unhandled Promise: TypeError: Failed to fetch
=============================
====== JS ERROR CAUGHT ======
Unhandled Promise: TypeError: Failed to fetch
=============================
====== JS ERROR CAUGHT ======
Unhandled Promise: TypeError: Failed to fetch
=============================
====== JS ERROR CAUGHT ======
Unhandled Promise: TypeError: Failed to fetch
=============================
====== JS ERROR CAUGHT ======
Unhandled Promise: TypeError: Failed to fetch
=============================
====== JS ERROR CAUGHT ======
Unhandled Promise: TypeError: Failed to fetch
=============================
====== JS ERROR CAUGHT ======
Unhandled Promise: TypeError: Failed to fetch
=============================
====== JS ERROR CAUGHT ======
Unhandled Promise: TypeError: Failed to fetch
=============================
====== JS ERROR CAUGHT ======
Unhandled Promise: TypeError: Failed to fetch
=============================
====== JS ERROR CAUGHT ======
Unhandled Promise: TypeError: Failed to fetch
=============================
====== JS ERROR CAUGHT ======
Unhandled Promise: TypeError: Failed to fetch
=============================
====== JS ERROR CAUGHT ======
Unhandled Promise: TypeError: Failed to fetch
=============================
====== JS ERROR CAUGHT ======
Unhandled Promise: TypeError: Failed to fetch
=============================
====== JS ERROR CAUGHT ======
Unhandled Promise: TypeError: Failed to fetch
=============================
====== JS ERROR CAUGHT ======
Unhandled Promise: TypeError: Failed to fetch
=============================
====== JS ERROR CAUGHT ======
Unhandled Promise: TypeError: Failed to fetch
=============================
====== JS ERROR CAUGHT ======
Unhandled Promise: TypeError: Failed to fetch
=============================
====== JS ERROR CAUGHT ======
Unhandled Promise: TypeError: Failed to fetch
=============================
====== JS ERROR CAUGHT ======
Unhandled Promise: TypeError: Failed to fetch
=============================
====== JS ERROR CAUGHT ======
Unhandled Promise: TypeError: Failed to fetch
=============================
====== JS ERROR CAUGHT ======
Unhandled Promise: TypeError: Failed to fetch
=============================
====== JS ERROR CAUGHT ======
Unhandled Promise: TypeError: Failed to fetch
=============================
====== JS ERROR CAUGHT ======
Unhandled Promise: TypeError: Failed to fetch
=============================
====== JS ERROR CAUGHT ======
Unhandled Promise: TypeError: Failed to fetch
=============================
====== JS ERROR CAUGHT ======
Unhandled Promise: TypeError: Failed to fetch
=============================
====== JS ERROR CAUGHT ======
Unhandled Promise: TypeError: Failed to fetch
=============================
====== JS ERROR CAUGHT ======
Unhandled Promise: TypeError: Failed to fetch
=============================
====== JS ERROR CAUGHT ======
Unhandled Promise: TypeError: Failed to fetch
=============================
====== JS ERROR CAUGHT ======
Unhandled Promise: TypeError: Failed to fetch
=============================
====== JS ERROR CAUGHT ======
Unhandled Promise: TypeError: Failed to fetch
=============================
====== JS ERROR CAUGHT ======
Unhandled Promise: TypeError: Failed to fetch
=============================
====== JS ERROR CAUGHT ======
Unhandled Promise: TypeError: Failed to fetch
=============================
====== JS ERROR CAUGHT ======
Unhandled Promise: TypeError: Failed to fetch
=============================
====== JS ERROR CAUGHT ======
Unhandled Promise: TypeError: Failed to fetch
=============================
====== JS ERROR CAUGHT ======
Unhandled Promise: TypeError: Failed to fetch
=============================
====== JS ERROR CAUGHT ======
Unhandled Promise: TypeError: Failed to fetch
=============================
====== JS ERROR CAUGHT ======
Unhandled Promise: TypeError: Failed to fetch
=============================
====== JS ERROR CAUGHT ======
Unhandled Promise: TypeError: Failed to fetch
=============================
====== JS ERROR CAUGHT ======
Unhandled Promise: TypeError: Failed to fetch
=============================
====== JS ERROR CAUGHT ======
Unhandled Promise: TypeError: Failed to fetch
=============================
====== JS ERROR CAUGHT ======
Unhandled Promise: TypeError: Failed to fetch
=============================
====== JS ERROR CAUGHT ======
Unhandled Promise: TypeError: Failed to fetch
=============================
====== JS ERROR CAUGHT ======
Unhandled Promise: TypeError: Failed to fetch
=============================
====== JS ERROR CAUGHT ======
Unhandled Promise: TypeError: Failed to fetch
=============================
====== JS ERROR CAUGHT ======
Unhandled Promise: TypeError: Failed to fetch
=============================
====== JS ERROR CAUGHT ======
Unhandled Promise: TypeError: Failed to fetch
=============================
====== JS ERROR CAUGHT ======
Unhandled Promise: TypeError: Failed to fetch
=============================
====== JS ERROR CAUGHT ======
Unhandled Promise: TypeError: Failed to fetch
=============================
====== JS ERROR CAUGHT ======
Unhandled Promise: TypeError: Failed to fetch
=============================
====== JS ERROR CAUGHT ======
Unhandled Promise: TypeError: Failed to fetch
=============================
====== JS ERROR CAUGHT ======
Unhandled Promise: TypeError: Failed to fetch
=============================
====== JS ERROR CAUGHT ======
Unhandled Promise: TypeError: Failed to fetch
=============================
====== JS ERROR CAUGHT ======
Unhandled Promise: TypeError: Failed to fetch
=============================
====== JS ERROR CAUGHT ======
Unhandled Promise: TypeError: Failed to fetch
=============================
====== JS ERROR CAUGHT ======
Unhandled Promise: TypeError: Failed to fetch
=============================
====== JS ERROR CAUGHT ======
Unhandled Promise: TypeError: Failed to fetch
=============================
====== JS ERROR CAUGHT ======
Unhandled Promise: TypeError: Failed to fetch
=============================
====== JS ERROR CAUGHT ======
Unhandled Promise: TypeError: Failed to fetch
=============================
====== JS ERROR CAUGHT ======
Unhandled Promise: TypeError: Failed to fetch
=============================
====== JS ERROR CAUGHT ======
Unhandled Promise: TypeError: Failed to fetch
=============================
====== JS ERROR CAUGHT ======
Unhandled Promise: TypeError: Failed to fetch
=============================
====== JS ERROR CAUGHT ======
Unhandled Promise: TypeError: Failed to fetch
=============================
====== JS ERROR CAUGHT ======
Unhandled Promise: TypeError: Failed to fetch
=============================
====== JS ERROR CAUGHT ======
Unhandled Promise: TypeError: Failed to fetch
=============================
====== JS ERROR CAUGHT ======
Unhandled Promise: TypeError: Failed to fetch
=============================
====== JS ERROR CAUGHT ======
Unhandled Promise: TypeError: Failed to fetch
=============================
====== JS ERROR CAUGHT ======
Unhandled Promise: TypeError: Failed to fetch
=============================
====== JS ERROR CAUGHT ======
Unhandled Promise: TypeError: Failed to fetch
=============================
====== JS ERROR CAUGHT ======
Unhandled Promise: TypeError: Failed to fetch
=============================
====== JS ERROR CAUGHT ======
Unhandled Promise: TypeError: Failed to fetch
=============================
====== JS ERROR CAUGHT ======
Unhandled Promise: TypeError: Failed to fetch
=============================
====== JS ERROR CAUGHT ======
Unhandled Promise: TypeError: Failed to fetch
=============================
====== JS ERROR CAUGHT ======
Unhandled Promise: TypeError: Failed to fetch
=============================
====== JS ERROR CAUGHT ======
Unhandled Promise: TypeError: Failed to fetch
=============================
====== JS ERROR CAUGHT ======
Unhandled Promise: TypeError: Failed to fetch
=============================
====== JS ERROR CAUGHT ======
Unhandled Promise: TypeError: Failed to fetch
=============================
====== JS ERROR CAUGHT ======
Unhandled Promise: TypeError: Failed to fetch
=============================
====== JS ERROR CAUGHT ======
Unhandled Promise: TypeError: Failed to fetch
=============================
====== JS ERROR CAUGHT ======
Unhandled Promise: TypeError: Failed to fetch
=============================
====== JS ERROR CAUGHT ======
Unhandled Promise: TypeError: Failed to fetch
=============================
====== JS ERROR CAUGHT ======
Unhandled Promise: TypeError: Failed to fetch
=============================
====== JS ERROR CAUGHT ======
Unhandled Promise: TypeError: Failed to fetch
=============================
====== JS ERROR CAUGHT ======
Unhandled Promise: TypeError: Failed to fetch
=============================
====== JS ERROR CAUGHT ======
Unhandled Promise: TypeError: Failed to fetch
=============================
====== JS ERROR CAUGHT ======
Unhandled Promise: TypeError: Failed to fetch
=============================
====== JS ERROR CAUGHT ======
Unhandled Promise: TypeError: Failed to fetch
=============================
====== JS ERROR CAUGHT ======
Unhandled Promise: TypeError: Failed to fetch
=============================
====== JS ERROR CAUGHT ======
Unhandled Promise: TypeError: Failed to fetch
=============================
====== JS ERROR CAUGHT ======
Unhandled Promise: TypeError: Failed to fetch
=============================
====== JS ERROR CAUGHT ======
Unhandled Promise: TypeError: Failed to fetch
=============================
====== JS ERROR CAUGHT ======
Unhandled Promise: TypeError: Failed to fetch
=============================
====== JS ERROR CAUGHT ======
Unhandled Promise: TypeError: Failed to fetch
=============================
====== JS ERROR CAUGHT ======
Unhandled Promise: TypeError: Failed to fetch
=============================
====== JS ERROR CAUGHT ======
Unhandled Promise: TypeError: Failed to fetch
=============================
====== JS ERROR CAUGHT ======
Unhandled Promise: TypeError: Failed to fetch
=============================
====== JS ERROR CAUGHT ======
Unhandled Promise: TypeError: Failed to fetch
=============================
====== JS ERROR CAUGHT ======
Unhandled Promise: TypeError: Failed to fetch
=============================
====== JS ERROR CAUGHT ======
Unhandled Promise: TypeError: Failed to fetch
=============================
====== JS ERROR CAUGHT ======
Unhandled Promise: TypeError: Failed to fetch
=============================
====== JS ERROR CAUGHT ======
Unhandled Promise: TypeError: Failed to fetch
=============================
====== JS ERROR CAUGHT ======
Unhandled Promise: TypeError: Failed to fetch
=============================
====== JS ERROR CAUGHT ======
Unhandled Promise: TypeError: Failed to fetch
=============================
====== JS ERROR CAUGHT ======
Unhandled Promise: TypeError: Failed to fetch
=============================
====== JS ERROR CAUGHT ======
Unhandled Promise: TypeError: Failed to fetch
=============================
====== JS ERROR CAUGHT ======
Unhandled Promise: TypeError: Failed to fetch
=============================
====== JS ERROR CAUGHT ======
Unhandled Promise: TypeError: Failed to fetch
=============================
====== JS ERROR CAUGHT ======
Unhandled Promise: TypeError: Failed to fetch
=============================
====== JS ERROR CAUGHT ======
Unhandled Promise: TypeError: Failed to fetch
=============================
====== JS ERROR CAUGHT ======
Unhandled Promise: TypeError: Failed to fetch
=============================
====== JS ERROR CAUGHT ======
Unhandled Promise: TypeError: Failed to fetch
=============================
====== JS ERROR CAUGHT ======
Unhandled Promise: TypeError: Failed to fetch
=============================
====== JS ERROR CAUGHT ======
Unhandled Promise: TypeError: Failed to fetch
=============================
====== JS ERROR CAUGHT ======
Unhandled Promise: TypeError: Failed to fetch
=============================
====== JS ERROR CAUGHT ======
Unhandled Promise: TypeError: Failed to fetch
=============================
====== JS ERROR CAUGHT ======
Unhandled Promise: TypeError: Failed to fetch
=============================
====== JS ERROR CAUGHT ======
Unhandled Promise: TypeError: Failed to fetch
=============================
====== JS ERROR CAUGHT ======
Unhandled Promise: TypeError: Failed to fetch
=============================
====== JS ERROR CAUGHT ======
Unhandled Promise: TypeError: Failed to fetch
=============================
====== JS ERROR CAUGHT ======
Unhandled Promise: TypeError: Failed to fetch
=============================
====== JS ERROR CAUGHT ======
Unhandled Promise: TypeError: Failed to fetch
=============================
====== JS ERROR CAUGHT ======
Unhandled Promise: TypeError: Failed to fetch
=============================
====== JS ERROR CAUGHT ======
Unhandled Promise: TypeError: Failed to fetch
=============================
====== JS ERROR CAUGHT ======
Unhandled Promise: TypeError: Failed to fetch
=============================
====== JS ERROR CAUGHT ======
Unhandled Promise: TypeError: Failed to fetch
=============================
====== JS ERROR CAUGHT ======
Unhandled Promise: TypeError: Failed to fetch
=============================
====== JS ERROR CAUGHT ======
Unhandled Promise: TypeError: Failed to fetch
=============================
====== JS ERROR CAUGHT ======
Unhandled Promise: TypeError: Failed to fetch
=============================
====== JS ERROR CAUGHT ======
Unhandled Promise: TypeError: Failed to fetch
=============================
====== JS ERROR CAUGHT ======
Unhandled Promise: TypeError: Failed to fetch
=============================
====== JS ERROR CAUGHT ======
Unhandled Promise: TypeError: Failed to fetch
=============================
====== JS ERROR CAUGHT ======
Unhandled Promise: TypeError: Failed to fetch
=============================
====== JS ERROR CAUGHT ======
Unhandled Promise: TypeError: Failed to fetch
=============================
====== JS ERROR CAUGHT ======
Unhandled Promise: TypeError: Failed to fetch
=============================
====== JS ERROR CAUGHT ======
Unhandled Promise: TypeError: Failed to fetch
=============================
====== JS ERROR CAUGHT ======
Unhandled Promise: TypeError: Failed to fetch
=============================
====== JS ERROR CAUGHT ======
Unhandled Promise: TypeError: Failed to fetch
=============================
====== JS ERROR CAUGHT ======
Unhandled Promise: TypeError: Failed to fetch
=============================
====== JS ERROR CAUGHT ======
Unhandled Promise: TypeError: Failed to fetch
=============================
====== JS ERROR CAUGHT ======
Unhandled Promise: TypeError: Failed to fetch
=============================
====== JS ERROR CAUGHT ======
Unhandled Promise: TypeError: Failed to fetch
=============================
====== JS ERROR CAUGHT ======
Unhandled Promise: TypeError: Failed to fetch
=============================
====== JS ERROR CAUGHT ======
Unhandled Promise: TypeError: Failed to fetch
=============================
====== JS ERROR CAUGHT ======
Unhandled Promise: TypeError: Failed to fetch
=============================
====== JS ERROR CAUGHT ======
Unhandled Promise: TypeError: Failed to fetch
=============================
====== JS ERROR CAUGHT ======
Unhandled Promise: TypeError: Failed to fetch
=============================
====== JS ERROR CAUGHT ======
Unhandled Promise: TypeError: Failed to fetch
=============================
====== JS ERROR CAUGHT ======
Unhandled Promise: TypeError: Failed to fetch
=============================
====== JS ERROR CAUGHT ======
Unhandled Promise: TypeError: Failed to fetch
=============================
====== JS ERROR CAUGHT ======
Unhandled Promise: TypeError: Failed to fetch
=============================
====== JS ERROR CAUGHT ======
Unhandled Promise: TypeError: Failed to fetch
=============================
====== JS ERROR CAUGHT ======
Unhandled Promise: TypeError: Failed to fetch
=============================
====== JS ERROR CAUGHT ======
Unhandled Promise: TypeError: Failed to fetch
=============================
====== JS ERROR CAUGHT ======
Unhandled Promise: TypeError: Failed to fetch
=============================
====== JS ERROR CAUGHT ======
Unhandled Promise: TypeError: Failed to fetch
=============================
====== JS ERROR CAUGHT ======
Unhandled Promise: TypeError: Failed to fetch
=============================
====== JS ERROR CAUGHT ======
Unhandled Promise: TypeError: Failed to fetch
=============================
====== JS ERROR CAUGHT ======
Unhandled Promise: TypeError: Failed to fetch
=============================
====== JS ERROR CAUGHT ======
Unhandled Promise: TypeError: Failed to fetch
=============================
====== JS ERROR CAUGHT ======
Unhandled Promise: TypeError: Failed to fetch
=============================
====== JS ERROR CAUGHT ======
Unhandled Promise: TypeError: Failed to fetch
=============================
====== JS ERROR CAUGHT ======
Unhandled Promise: TypeError: Failed to fetch
=============================
====== JS ERROR CAUGHT ======
Unhandled Promise: TypeError: Failed to fetch
=============================
====== JS ERROR CAUGHT ======
Unhandled Promise: TypeError: Failed to fetch
=============================
====== JS ERROR CAUGHT ======
Unhandled Promise: TypeError: Failed to fetch
=============================
====== JS ERROR CAUGHT ======
Unhandled Promise: TypeError: Failed to fetch
=============================
====== JS ERROR CAUGHT ======
Unhandled Promise: TypeError: Failed to fetch
=============================
====== JS ERROR CAUGHT ======
Unhandled Promise: TypeError: Failed to fetch
=============================
====== JS ERROR CAUGHT ======
Unhandled Promise: TypeError: Failed to fetch
=============================
====== JS ERROR CAUGHT ======
Unhandled Promise: TypeError: Failed to fetch
=============================
====== JS ERROR CAUGHT ======
Unhandled Promise: TypeError: Failed to fetch
=============================
====== JS ERROR CAUGHT ======
Unhandled Promise: TypeError: Failed to fetch
=============================
====== JS ERROR CAUGHT ======
Unhandled Promise: TypeError: Failed to fetch
=============================
====== JS ERROR CAUGHT ======
Unhandled Promise: TypeError: Failed to fetch
=============================
====== JS ERROR CAUGHT ======
Unhandled Promise: TypeError: Failed to fetch
=============================
====== JS ERROR CAUGHT ======
Unhandled Promise: TypeError: Failed to fetch
=============================
====== JS ERROR CAUGHT ======
Unhandled Promise: TypeError: Failed to fetch
=============================
====== JS ERROR CAUGHT ======
Unhandled Promise: TypeError: Failed to fetch
=============================
====== JS ERROR CAUGHT ======
Unhandled Promise: TypeError: Failed to fetch
=============================
====== JS ERROR CAUGHT ======
Unhandled Promise: TypeError: Failed to fetch
=============================
====== JS ERROR CAUGHT ======
Unhandled Promise: TypeError: Failed to fetch
=============================
====== JS ERROR CAUGHT ======
Unhandled Promise: TypeError: Failed to fetch
=============================
====== JS ERROR CAUGHT ======
Unhandled Promise: TypeError: Failed to fetch
=============================
====== JS ERROR CAUGHT ======
Unhandled Promise: TypeError: Failed to fetch
=============================
====== JS ERROR CAUGHT ======
Unhandled Promise: TypeError: Failed to fetch
=============================
====== JS ERROR CAUGHT ======
Unhandled Promise: TypeError: Failed to fetch
=============================
====== JS ERROR CAUGHT ======
Unhandled Promise: TypeError: Failed to fetch
=============================
====== JS ERROR CAUGHT ======
Unhandled Promise: TypeError: Failed to fetch
=============================
====== JS ERROR CAUGHT ======
Unhandled Promise: TypeError: Failed to fetch
=============================
====== JS ERROR CAUGHT ======
Unhandled Promise: TypeError: Failed to fetch
=============================
====== JS ERROR CAUGHT ======
Unhandled Promise: TypeError: Failed to fetch
=============================
====== JS ERROR CAUGHT ======
Unhandled Promise: TypeError: Failed to fetch
=============================
====== JS ERROR CAUGHT ======
Unhandled Promise: TypeError: Failed to fetch
=============================
====== JS ERROR CAUGHT ======
Unhandled Promise: TypeError: Failed to fetch
=============================
====== JS ERROR CAUGHT ======
Unhandled Promise: TypeError: Failed to fetch
=============================
====== JS ERROR CAUGHT ======
Unhandled Promise: TypeError: Failed to fetch
=============================
====== JS ERROR CAUGHT ======
Unhandled Promise: TypeError: Failed to fetch
=============================
====== JS ERROR CAUGHT ======
Unhandled Promise: TypeError: Failed to fetch
=============================
====== JS ERROR CAUGHT ======
Unhandled Promise: TypeError: Failed to fetch
=============================
====== JS ERROR CAUGHT ======
Unhandled Promise: TypeError: Failed to fetch
=============================
====== JS ERROR CAUGHT ======
Unhandled Promise: TypeError: Failed to fetch
=============================
====== JS ERROR CAUGHT ======
Unhandled Promise: TypeError: Failed to fetch
=============================
====== JS ERROR CAUGHT ======
Unhandled Promise: TypeError: Failed to fetch
=============================
====== JS ERROR CAUGHT ======
Unhandled Promise: TypeError: Failed to fetch
=============================
====== JS ERROR CAUGHT ======
Unhandled Promise: TypeError: Failed to fetch
=============================
====== JS ERROR CAUGHT ======
Unhandled Promise: TypeError: Failed to fetch
=============================
====== JS ERROR CAUGHT ======
Unhandled Promise: TypeError: Failed to fetch
=============================
====== JS ERROR CAUGHT ======
Unhandled Promise: TypeError: Failed to fetch
=============================
====== JS ERROR CAUGHT ======
Unhandled Promise: TypeError: Failed to fetch
=============================
====== JS ERROR CAUGHT ======
Unhandled Promise: TypeError: Failed to fetch
=============================
====== JS ERROR CAUGHT ======
Unhandled Promise: TypeError: Failed to fetch
=============================
====== JS ERROR CAUGHT ======
Unhandled Promise: TypeError: Failed to fetch
=============================
====== JS ERROR CAUGHT ======
Unhandled Promise: TypeError: Failed to fetch
=============================
====== JS ERROR CAUGHT ======
Unhandled Promise: TypeError: Failed to fetch
=============================
====== JS ERROR CAUGHT ======
Unhandled Promise: TypeError: Failed to fetch
=============================
====== JS ERROR CAUGHT ======
Unhandled Promise: TypeError: Failed to fetch
=============================
====== JS ERROR CAUGHT ======
Unhandled Promise: TypeError: Failed to fetch
=============================
====== JS ERROR CAUGHT ======
Unhandled Promise: TypeError: Failed to fetch
=============================
====== JS ERROR CAUGHT ======
Unhandled Promise: TypeError: Failed to fetch
=============================
====== JS ERROR CAUGHT ======
Unhandled Promise: TypeError: Failed to fetch
=============================
====== JS ERROR CAUGHT ======
Unhandled Promise: TypeError: Failed to fetch
=============================
====== JS ERROR CAUGHT ======
Unhandled Promise: TypeError: Failed to fetch
=============================
====== JS ERROR CAUGHT ======
Unhandled Promise: TypeError: Failed to fetch
=============================
====== JS ERROR CAUGHT ======
Unhandled Promise: TypeError: Failed to fetch
=============================
====== JS ERROR CAUGHT ======
Unhandled Promise: TypeError: Failed to fetch
=============================
====== JS ERROR CAUGHT ======
Unhandled Promise: TypeError: Failed to fetch
=============================
====== JS ERROR CAUGHT ======
Unhandled Promise: TypeError: Failed to fetch
=============================
====== JS ERROR CAUGHT ======
Unhandled Promise: TypeError: Failed to fetch
=============================
====== JS ERROR CAUGHT ======
Unhandled Promise: TypeError: Failed to fetch
=============================
====== JS ERROR CAUGHT ======
Unhandled Promise: TypeError: Failed to fetch
=============================
====== JS ERROR CAUGHT ======
Unhandled Promise: TypeError: Failed to fetch
=============================
====== JS ERROR CAUGHT ======
Unhandled Promise: TypeError: Failed to fetch
=============================
====== JS ERROR CAUGHT ======
Unhandled Promise: TypeError: Failed to fetch
=============================
====== JS ERROR CAUGHT ======
Unhandled Promise: TypeError: Failed to fetch
=============================
====== JS ERROR CAUGHT ======
Unhandled Promise: TypeError: Failed to fetch
=============================
====== JS ERROR CAUGHT ======
Unhandled Promise: TypeError: Failed to fetch
=============================
====== JS ERROR CAUGHT ======
Unhandled Promise: TypeError: Failed to fetch
=============================
====== JS ERROR CAUGHT ======
Unhandled Promise: TypeError: Failed to fetch
=============================
====== JS ERROR CAUGHT ======
Unhandled Promise: TypeError: Failed to fetch
=============================
====== JS ERROR CAUGHT ======
Unhandled Promise: TypeError: Failed to fetch
=============================
====== JS ERROR CAUGHT ======
Unhandled Promise: TypeError: Failed to fetch
=============================
====== JS ERROR CAUGHT ======
Unhandled Promise: TypeError: Failed to fetch
=============================
====== JS ERROR CAUGHT ======
Unhandled Promise: TypeError: Failed to fetch
=============================
====== JS ERROR CAUGHT ======
Unhandled Promise: TypeError: Failed to fetch
=============================
====== JS ERROR CAUGHT ======
Unhandled Promise: TypeError: Failed to fetch
=============================
====== JS ERROR CAUGHT ======
Unhandled Promise: TypeError: Failed to fetch
=============================
====== JS ERROR CAUGHT ======
Unhandled Promise: TypeError: Failed to fetch
=============================
====== JS ERROR CAUGHT ======
Unhandled Promise: TypeError: Failed to fetch
=============================
====== JS ERROR CAUGHT ======
Unhandled Promise: TypeError: Failed to fetch
=============================
====== JS ERROR CAUGHT ======
Unhandled Promise: TypeError: Failed to fetch
=============================
====== JS ERROR CAUGHT ======
Unhandled Promise: TypeError: Failed to fetch
=============================
====== JS ERROR CAUGHT ======
Unhandled Promise: TypeError: Failed to fetch
=============================
====== JS ERROR CAUGHT ======
Unhandled Promise: TypeError: Failed to fetch
=============================
====== JS ERROR CAUGHT ======
Unhandled Promise: TypeError: Failed to fetch
=============================
====== JS ERROR CAUGHT ======
Unhandled Promise: TypeError: Failed to fetch
=============================
====== JS ERROR CAUGHT ======
Unhandled Promise: TypeError: Failed to fetch
=============================
====== JS ERROR CAUGHT ======
Unhandled Promise: TypeError: Failed to fetch
=============================
====== JS ERROR CAUGHT ======
Unhandled Promise: TypeError: Failed to fetch
=============================
====== JS ERROR CAUGHT ======
Unhandled Promise: TypeError: Failed to fetch
=============================
====== JS ERROR CAUGHT ======
Unhandled Promise: TypeError: Failed to fetch
=============================
====== JS ERROR CAUGHT ======
Unhandled Promise: TypeError: Failed to fetch
=============================
====== JS ERROR CAUGHT ======
Unhandled Promise: TypeError: Failed to fetch
=============================
====== JS ERROR CAUGHT ======
Unhandled Promise: TypeError: Failed to fetch
=============================
====== JS ERROR CAUGHT ======
Unhandled Promise: TypeError: Failed to fetch
=============================
====== JS ERROR CAUGHT ======
Unhandled Promise: TypeError: Failed to fetch
=============================
====== JS ERROR CAUGHT ======
Unhandled Promise: TypeError: Failed to fetch
=============================
====== JS ERROR CAUGHT ======
Unhandled Promise: TypeError: Failed to fetch
=============================
====== JS ERROR CAUGHT ======
Unhandled Promise: TypeError: Failed to fetch
=============================
====== JS ERROR CAUGHT ======
Unhandled Promise: TypeError: Failed to fetch
=============================
====== JS ERROR CAUGHT ======
Unhandled Promise: TypeError: Failed to fetch
=============================
====== JS ERROR CAUGHT ======
Unhandled Promise: TypeError: Failed to fetch
=============================
====== JS ERROR CAUGHT ======
Unhandled Promise: TypeError: Failed to fetch
=============================
====== JS ERROR CAUGHT ======
Unhandled Promise: TypeError: Failed to fetch
=============================
====== JS ERROR CAUGHT ======
Unhandled Promise: TypeError: Failed to fetch
=============================
====== JS ERROR CAUGHT ======
Unhandled Promise: TypeError: Failed to fetch
=============================
====== JS ERROR CAUGHT ======
Unhandled Promise: TypeError: Failed to fetch
=============================
====== JS ERROR CAUGHT ======
Unhandled Promise: TypeError: Failed to fetch
=============================
====== JS ERROR CAUGHT ======
Unhandled Promise: TypeError: Failed to fetch
=============================
====== JS ERROR CAUGHT ======
Unhandled Promise: TypeError: Failed to fetch
=============================
====== JS ERROR CAUGHT ======
Unhandled Promise: TypeError: Failed to fetch
=============================
====== JS ERROR CAUGHT ======
Unhandled Promise: TypeError: Failed to fetch
=============================
====== JS ERROR CAUGHT ======
Unhandled Promise: TypeError: Failed to fetch
=============================
====== JS ERROR CAUGHT ======
Unhandled Promise: TypeError: Failed to fetch
=============================
====== JS ERROR CAUGHT ======
Unhandled Promise: TypeError: Failed to fetch
=============================
====== JS ERROR CAUGHT ======
Unhandled Promise: TypeError: Failed to fetch
=============================
====== JS ERROR CAUGHT ======
Unhandled Promise: TypeError: Failed to fetch
=============================
====== JS ERROR CAUGHT ======
Unhandled Promise: TypeError: Failed to fetch
=============================
====== JS ERROR CAUGHT ======
Unhandled Promise: TypeError: Failed to fetch
=============================
====== JS ERROR CAUGHT ======
Unhandled Promise: TypeError: Failed to fetch
=============================
====== JS ERROR CAUGHT ======
Unhandled Promise: TypeError: Failed to fetch
=============================
====== JS ERROR CAUGHT ======
Unhandled Promise: TypeError: Failed to fetch
=============================
====== JS ERROR CAUGHT ======
Unhandled Promise: TypeError: Failed to fetch
=============================
====== JS ERROR CAUGHT ======
Unhandled Promise: TypeError: Failed to fetch
=============================
====== JS ERROR CAUGHT ======
Unhandled Promise: TypeError: Failed to fetch
=============================
====== JS ERROR CAUGHT ======
Unhandled Promise: TypeError: Failed to fetch
=============================
====== JS ERROR CAUGHT ======
Unhandled Promise: TypeError: Failed to fetch
=============================
====== JS ERROR CAUGHT ======
Unhandled Promise: TypeError: Failed to fetch
=============================
====== JS ERROR CAUGHT ======
Unhandled Promise: TypeError: Failed to fetch
=============================
====== JS ERROR CAUGHT ======
Unhandled Promise: TypeError: Failed to fetch
=============================
====== JS ERROR CAUGHT ======
Unhandled Promise: TypeError: Failed to fetch
=============================
====== JS ERROR CAUGHT ======
Unhandled Promise: TypeError: Failed to fetch
=============================
====== JS ERROR CAUGHT ======
Unhandled Promise: TypeError: Failed to fetch
=============================
====== JS ERROR CAUGHT ======
Unhandled Promise: TypeError: Failed to fetch
=============================
====== JS ERROR CAUGHT ======
Unhandled Promise: TypeError: Failed to fetch
=============================
====== JS ERROR CAUGHT ======
Unhandled Promise: TypeError: Failed to fetch
=============================
====== JS ERROR CAUGHT ======
Unhandled Promise: TypeError: Failed to fetch
=============================
====== JS ERROR CAUGHT ======
Unhandled Promise: TypeError: Failed to fetch
=============================
====== JS ERROR CAUGHT ======
Unhandled Promise: TypeError: Failed to fetch
=============================
====== JS ERROR CAUGHT ======
Unhandled Promise: TypeError: Failed to fetch
=============================
====== JS ERROR CAUGHT ======
Unhandled Promise: TypeError: Failed to fetch
=============================
====== JS ERROR CAUGHT ======
Unhandled Promise: TypeError: Failed to fetch
=============================
====== JS ERROR CAUGHT ======
Unhandled Promise: TypeError: Failed to fetch
=============================
====== JS ERROR CAUGHT ======
Unhandled Promise: TypeError: Failed to fetch
=============================
====== JS ERROR CAUGHT ======
Unhandled Promise: TypeError: Failed to fetch
=============================
====== JS ERROR CAUGHT ======
Unhandled Promise: TypeError: Failed to fetch
=============================
====== JS ERROR CAUGHT ======
Unhandled Promise: TypeError: Failed to fetch
=============================
====== JS ERROR CAUGHT ======
Unhandled Promise: TypeError: Failed to fetch
=============================
====== JS ERROR CAUGHT ======
Unhandled Promise: TypeError: Failed to fetch
=============================
====== JS ERROR CAUGHT ======
Unhandled Promise: TypeError: Failed to fetch
=============================
====== JS ERROR CAUGHT ======
Unhandled Promise: TypeError: Failed to fetch
=============================
====== JS ERROR CAUGHT ======
Unhandled Promise: TypeError: Failed to fetch
=============================
====== JS ERROR CAUGHT ======
Unhandled Promise: TypeError: Failed to fetch
=============================
====== JS ERROR CAUGHT ======
Unhandled Promise: TypeError: Failed to fetch
=============================
====== JS ERROR CAUGHT ======
Unhandled Promise: TypeError: Failed to fetch
=============================
====== JS ERROR CAUGHT ======
Unhandled Promise: TypeError: Failed to fetch
=============================
====== JS ERROR CAUGHT ======
Unhandled Promise: TypeError: Failed to fetch
=============================
====== JS ERROR CAUGHT ======
Unhandled Promise: TypeError: Failed to fetch
=============================
====== JS ERROR CAUGHT ======
Unhandled Promise: TypeError: Failed to fetch
=============================
====== JS ERROR CAUGHT ======
Unhandled Promise: TypeError: Failed to fetch
=============================
====== JS ERROR CAUGHT ======
Unhandled Promise: TypeError: Failed to fetch
=============================
====== JS ERROR CAUGHT ======
Unhandled Promise: TypeError: Failed to fetch
=============================
====== JS ERROR CAUGHT ======
Unhandled Promise: TypeError: Failed to fetch
=============================
====== JS ERROR CAUGHT ======
Unhandled Promise: TypeError: Failed to fetch
=============================
====== JS ERROR CAUGHT ======
Unhandled Promise: TypeError: Failed to fetch
=============================
====== JS ERROR CAUGHT ======
Unhandled Promise: TypeError: Failed to fetch
=============================
====== JS ERROR CAUGHT ======
Unhandled Promise: TypeError: Failed to fetch
=============================
====== JS ERROR CAUGHT ======
Unhandled Promise: TypeError: Failed to fetch
=============================
====== JS ERROR CAUGHT ======
Unhandled Promise: TypeError: Failed to fetch
=============================
====== JS ERROR CAUGHT ======
Unhandled Promise: TypeError: Failed to fetch
=============================
====== JS ERROR CAUGHT ======
Unhandled Promise: TypeError: Failed to fetch
=============================
====== JS ERROR CAUGHT ======
Unhandled Promise: TypeError: Failed to fetch
=============================
====== JS ERROR CAUGHT ======
Unhandled Promise: TypeError: Failed to fetch
=============================
====== JS ERROR CAUGHT ======
Unhandled Promise: TypeError: Failed to fetch
=============================
====== JS ERROR CAUGHT ======
Unhandled Promise: TypeError: Failed to fetch
=============================
====== JS ERROR CAUGHT ======
Unhandled Promise: TypeError: Failed to fetch
=============================
====== JS ERROR CAUGHT ======
Unhandled Promise: TypeError: Failed to fetch
=============================
====== JS ERROR CAUGHT ======
Unhandled Promise: TypeError: Failed to fetch
=============================
====== JS ERROR CAUGHT ======
Unhandled Promise: TypeError: Failed to fetch
=============================
====== JS ERROR CAUGHT ======
Unhandled Promise: TypeError: Failed to fetch
=============================
====== JS ERROR CAUGHT ======
Unhandled Promise: TypeError: Failed to fetch
=============================
====== JS ERROR CAUGHT ======
Unhandled Promise: TypeError: Failed to fetch
=============================
====== JS ERROR CAUGHT ======
Unhandled Promise: TypeError: Failed to fetch
=============================
====== JS ERROR CAUGHT ======
Unhandled Promise: TypeError: Failed to fetch
=============================
====== JS ERROR CAUGHT ======
Unhandled Promise: TypeError: Failed to fetch
=============================
====== JS ERROR CAUGHT ======
Unhandled Promise: TypeError: Failed to fetch
=============================
====== JS ERROR CAUGHT ======
Unhandled Promise: TypeError: Failed to fetch
=============================
====== JS ERROR CAUGHT ======
Unhandled Promise: TypeError: Failed to fetch
=============================
====== JS ERROR CAUGHT ======
Unhandled Promise: TypeError: Failed to fetch
=============================
====== JS ERROR CAUGHT ======
Unhandled Promise: TypeError: Failed to fetch
=============================
====== JS ERROR CAUGHT ======
Unhandled Promise: TypeError: Failed to fetch
=============================
====== JS ERROR CAUGHT ======
Unhandled Promise: TypeError: Failed to fetch
=============================
====== JS ERROR CAUGHT ======
Unhandled Promise: TypeError: Failed to fetch
=============================
====== JS ERROR CAUGHT ======
Unhandled Promise: TypeError: Failed to fetch
=============================
====== JS ERROR CAUGHT ======
Unhandled Promise: TypeError: Failed to fetch
=============================
====== JS ERROR CAUGHT ======
Unhandled Promise: TypeError: Failed to fetch
=============================
====== JS ERROR CAUGHT ======
Unhandled Promise: TypeError: Failed to fetch
=============================
====== JS ERROR CAUGHT ======
Unhandled Promise: TypeError: Failed to fetch
=============================
====== JS ERROR CAUGHT ======
Unhandled Promise: TypeError: Failed to fetch
=============================
====== JS ERROR CAUGHT ======
Unhandled Promise: TypeError: Failed to fetch
=============================
====== JS ERROR CAUGHT ======
Unhandled Promise: TypeError: Failed to fetch
=============================
====== JS ERROR CAUGHT ======
Unhandled Promise: TypeError: Failed to fetch
=============================
====== JS ERROR CAUGHT ======
Unhandled Promise: TypeError: Failed to fetch
=============================
====== JS ERROR CAUGHT ======
Unhandled Promise: TypeError: Failed to fetch
=============================
====== JS ERROR CAUGHT ======
Unhandled Promise: TypeError: Failed to fetch
=============================
====== JS ERROR CAUGHT ======
Unhandled Promise: TypeError: Failed to fetch
=============================
====== JS ERROR CAUGHT ======
Unhandled Promise: TypeError: Failed to fetch
=============================
====== JS ERROR CAUGHT ======
Unhandled Promise: TypeError: Failed to fetch
=============================
====== JS ERROR CAUGHT ======
Unhandled Promise: TypeError: Failed to fetch
=============================
====== JS ERROR CAUGHT ======
Unhandled Promise: TypeError: Failed to fetch
=============================
====== JS ERROR CAUGHT ======
Unhandled Promise: TypeError: Failed to fetch
=============================
====== JS ERROR CAUGHT ======
Unhandled Promise: TypeError: Failed to fetch
=============================
====== JS ERROR CAUGHT ======
Unhandled Promise: TypeError: Failed to fetch
=============================
====== JS ERROR CAUGHT ======
Unhandled Promise: TypeError: Failed to fetch
=============================
====== JS ERROR CAUGHT ======
Unhandled Promise: TypeError: Failed to fetch
=============================
====== JS ERROR CAUGHT ======
Unhandled Promise: TypeError: Failed to fetch
=============================
====== JS ERROR CAUGHT ======
Unhandled Promise: TypeError: Failed to fetch
=============================
====== JS ERROR CAUGHT ======
Unhandled Promise: TypeError: Failed to fetch
=============================
====== JS ERROR CAUGHT ======
Unhandled Promise: TypeError: Failed to fetch
=============================
====== JS ERROR CAUGHT ======
Unhandled Promise: TypeError: Failed to fetch
=============================
====== JS ERROR CAUGHT ======
Unhandled Promise: TypeError: Failed to fetch
=============================
====== JS ERROR CAUGHT ======
Unhandled Promise: TypeError: Failed to fetch
=============================
====== JS ERROR CAUGHT ======
Unhandled Promise: TypeError: Failed to fetch
=============================
====== JS ERROR CAUGHT ======
Unhandled Promise: TypeError: Failed to fetch
=============================
====== JS ERROR CAUGHT ======
Unhandled Promise: TypeError: Failed to fetch
=============================
====== JS ERROR CAUGHT ======
Unhandled Promise: TypeError: Failed to fetch
=============================
====== JS ERROR CAUGHT ======
Unhandled Promise: TypeError: Failed to fetch
=============================
====== JS ERROR CAUGHT ======
Unhandled Promise: TypeError: Failed to fetch
=============================
====== JS ERROR CAUGHT ======
Unhandled Promise: TypeError: Failed to fetch
=============================
====== JS ERROR CAUGHT ======
Unhandled Promise: TypeError: Failed to fetch
=============================
====== JS ERROR CAUGHT ======
Unhandled Promise: TypeError: Failed to fetch
=============================
====== JS ERROR CAUGHT ======
Unhandled Promise: TypeError: Failed to fetch
=============================
====== JS ERROR CAUGHT ======
Unhandled Promise: TypeError: Failed to fetch
=============================
====== JS ERROR CAUGHT ======
Unhandled Promise: TypeError: Failed to fetch
=============================
====== JS ERROR CAUGHT ======
Unhandled Promise: TypeError: Failed to fetch
=============================
====== JS ERROR CAUGHT ======
Unhandled Promise: TypeError: Failed to fetch
=============================
====== JS ERROR CAUGHT ======
Unhandled Promise: TypeError: Failed to fetch
=============================
====== JS ERROR CAUGHT ======
Unhandled Promise: TypeError: Failed to fetch
=============================
====== JS ERROR CAUGHT ======
Unhandled Promise: TypeError: Failed to fetch
=============================
====== JS ERROR CAUGHT ======
Unhandled Promise: TypeError: Failed to fetch
=============================
====== JS ERROR CAUGHT ======
Unhandled Promise: TypeError: Failed to fetch
=============================
====== JS ERROR CAUGHT ======
Unhandled Promise: TypeError: Failed to fetch
=============================
====== JS ERROR CAUGHT ======
Unhandled Promise: TypeError: Failed to fetch
=============================
====== JS ERROR CAUGHT ======
Unhandled Promise: TypeError: Failed to fetch
=============================
====== JS ERROR CAUGHT ======
Unhandled Promise: TypeError: Failed to fetch
=============================
====== JS ERROR CAUGHT ======
Unhandled Promise: TypeError: Failed to fetch
=============================
====== JS ERROR CAUGHT ======
Unhandled Promise: TypeError: Failed to fetch
=============================
====== JS ERROR CAUGHT ======
Unhandled Promise: TypeError: Failed to fetch
=============================
====== JS ERROR CAUGHT ======
Unhandled Promise: TypeError: Failed to fetch
=============================
====== JS ERROR CAUGHT ======
Unhandled Promise: TypeError: Failed to fetch
=============================
====== JS ERROR CAUGHT ======
Unhandled Promise: TypeError: Failed to fetch
=============================
====== JS ERROR CAUGHT ======
Unhandled Promise: TypeError: Failed to fetch
=============================
====== JS ERROR CAUGHT ======
Unhandled Promise: TypeError: Failed to fetch
=============================
====== JS ERROR CAUGHT ======
Unhandled Promise: TypeError: Failed to fetch
=============================
====== JS ERROR CAUGHT ======
Unhandled Promise: TypeError: Failed to fetch
=============================
====== JS ERROR CAUGHT ======
Unhandled Promise: TypeError: Failed to fetch
=============================
====== JS ERROR CAUGHT ======
Unhandled Promise: TypeError: Failed to fetch
=============================
====== JS ERROR CAUGHT ======
Unhandled Promise: TypeError: Failed to fetch
=============================
====== JS ERROR CAUGHT ======
Unhandled Promise: TypeError: Failed to fetch
=============================
====== JS ERROR CAUGHT ======
Unhandled Promise: TypeError: Failed to fetch
=============================
====== JS ERROR CAUGHT ======
Unhandled Promise: TypeError: Failed to fetch
=============================
====== JS ERROR CAUGHT ======
Unhandled Promise: TypeError: Failed to fetch
=============================
====== JS ERROR CAUGHT ======
Unhandled Promise: TypeError: Failed to fetch
=============================
====== JS ERROR CAUGHT ======
Unhandled Promise: TypeError: Failed to fetch
=============================
====== JS ERROR CAUGHT ======
Unhandled Promise: TypeError: Failed to fetch
=============================
====== JS ERROR CAUGHT ======
Unhandled Promise: TypeError: Failed to fetch
=============================
====== JS ERROR CAUGHT ======
Unhandled Promise: TypeError: Failed to fetch
=============================
====== JS ERROR CAUGHT ======
Unhandled Promise: TypeError: Failed to fetch
=============================
====== JS ERROR CAUGHT ======
Unhandled Promise: TypeError: Failed to fetch
=============================
====== JS ERROR CAUGHT ======
Unhandled Promise: TypeError: Failed to fetch
=============================
====== JS ERROR CAUGHT ======
Unhandled Promise: TypeError: Failed to fetch
=============================
====== JS ERROR CAUGHT ======
Unhandled Promise: TypeError: Failed to fetch
=============================
====== JS ERROR CAUGHT ======
Unhandled Promise: TypeError: Failed to fetch
=============================
====== JS ERROR CAUGHT ======
Unhandled Promise: TypeError: Failed to fetch
=============================
====== JS ERROR CAUGHT ======
Unhandled Promise: TypeError: Failed to fetch
=============================
====== JS ERROR CAUGHT ======
Unhandled Promise: TypeError: Failed to fetch
=============================
====== JS ERROR CAUGHT ======
Unhandled Promise: TypeError: Failed to fetch
=============================
====== JS ERROR CAUGHT ======
Unhandled Promise: TypeError: Failed to fetch
=============================
====== JS ERROR CAUGHT ======
Unhandled Promise: TypeError: Failed to fetch
=============================
====== JS ERROR CAUGHT ======
Unhandled Promise: TypeError: Failed to fetch
=============================
====== JS ERROR CAUGHT ======
Unhandled Promise: TypeError: Failed to fetch
=============================
====== JS ERROR CAUGHT ======
Unhandled Promise: TypeError: Failed to fetch
=============================
====== JS ERROR CAUGHT ======
Unhandled Promise: TypeError: Failed to fetch
=============================
====== JS ERROR CAUGHT ======
Unhandled Promise: TypeError: Failed to fetch
=============================
====== JS ERROR CAUGHT ======
Unhandled Promise: TypeError: Failed to fetch
=============================
====== JS ERROR CAUGHT ======
Unhandled Promise: TypeError: Failed to fetch
=============================
====== JS ERROR CAUGHT ======
Unhandled Promise: TypeError: Failed to fetch
=============================
====== JS ERROR CAUGHT ======
Unhandled Promise: TypeError: Failed to fetch
=============================
====== JS ERROR CAUGHT ======
Unhandled Promise: TypeError: Failed to fetch
=============================
====== JS ERROR CAUGHT ======
Unhandled Promise: TypeError: Failed to fetch
=============================
====== JS ERROR CAUGHT ======
Unhandled Promise: TypeError: Failed to fetch
=============================
====== JS ERROR CAUGHT ======
Unhandled Promise: TypeError: Failed to fetch
=============================
====== JS ERROR CAUGHT ======
Unhandled Promise: TypeError: Failed to fetch
=============================
====== JS ERROR CAUGHT ======
Unhandled Promise: TypeError: Failed to fetch
=============================
====== JS ERROR CAUGHT ======
Unhandled Promise: TypeError: Failed to fetch
=============================
====== JS ERROR CAUGHT ======
Unhandled Promise: TypeError: Failed to fetch
=============================
====== JS ERROR CAUGHT ======
Unhandled Promise: TypeError: Failed to fetch
=============================
====== JS ERROR CAUGHT ======
Unhandled Promise: TypeError: Failed to fetch
=============================
====== JS ERROR CAUGHT ======
Unhandled Promise: TypeError: Failed to fetch
=============================
====== JS ERROR CAUGHT ======
Unhandled Promise: TypeError: Failed to fetch
=============================
====== JS ERROR CAUGHT ======
Unhandled Promise: TypeError: Failed to fetch
=============================
====== JS ERROR CAUGHT ======
Unhandled Promise: TypeError: Failed to fetch
=============================
====== JS ERROR CAUGHT ======
Unhandled Promise: TypeError: Failed to fetch
=============================
====== JS ERROR CAUGHT ======
Unhandled Promise: TypeError: Failed to fetch
=============================
====== JS ERROR CAUGHT ======
Unhandled Promise: TypeError: Failed to fetch
=============================
====== JS ERROR CAUGHT ======
Unhandled Promise: TypeError: Failed to fetch
=============================
====== JS ERROR CAUGHT ======
Unhandled Promise: TypeError: Failed to fetch
=============================
====== JS ERROR CAUGHT ======
Unhandled Promise: TypeError: Failed to fetch
=============================
====== JS ERROR CAUGHT ======
Unhandled Promise: TypeError: Failed to fetch
=============================
====== JS ERROR CAUGHT ======
Unhandled Promise: TypeError: Failed to fetch
=============================
====== JS ERROR CAUGHT ======
Unhandled Promise: TypeError: Failed to fetch
=============================
====== JS ERROR CAUGHT ======
Unhandled Promise: TypeError: Failed to fetch
=============================
====== JS ERROR CAUGHT ======
Unhandled Promise: TypeError: Failed to fetch
=============================
====== JS ERROR CAUGHT ======
Unhandled Promise: TypeError: Failed to fetch
=============================
====== JS ERROR CAUGHT ======
Unhandled Promise: TypeError: Failed to fetch
=============================
====== JS ERROR CAUGHT ======
Unhandled Promise: TypeError: Failed to fetch
=============================
====== JS ERROR CAUGHT ======
Unhandled Promise: TypeError: Failed to fetch
=============================
====== JS ERROR CAUGHT ======
Unhandled Promise: TypeError: Failed to fetch
=============================
====== JS ERROR CAUGHT ======
Unhandled Promise: TypeError: Failed to fetch
=============================
====== JS ERROR CAUGHT ======
Unhandled Promise: TypeError: Failed to fetch
=============================
====== JS ERROR CAUGHT ======
Unhandled Promise: TypeError: Failed to fetch
=============================
====== JS ERROR CAUGHT ======
Unhandled Promise: TypeError: Failed to fetch
=============================
====== JS ERROR CAUGHT ======
Unhandled Promise: TypeError: Failed to fetch
=============================
====== JS ERROR CAUGHT ======
Unhandled Promise: TypeError: Failed to fetch
=============================
====== JS ERROR CAUGHT ======
Unhandled Promise: TypeError: Failed to fetch
=============================
====== JS ERROR CAUGHT ======
Unhandled Promise: TypeError: Failed to fetch
=============================
====== JS ERROR CAUGHT ======
Unhandled Promise: TypeError: Failed to fetch
=============================
====== JS ERROR CAUGHT ======
Unhandled Promise: TypeError: Failed to fetch
=============================
====== JS ERROR CAUGHT ======
Unhandled Promise: TypeError: Failed to fetch
=============================
====== JS ERROR CAUGHT ======
Unhandled Promise: TypeError: Failed to fetch
=============================
====== JS ERROR CAUGHT ======
Unhandled Promise: TypeError: Failed to fetch
=============================
====== JS ERROR CAUGHT ======
Unhandled Promise: TypeError: Failed to fetch
=============================
====== JS ERROR CAUGHT ======
Unhandled Promise: TypeError: Failed to fetch
=============================
====== JS ERROR CAUGHT ======
Unhandled Promise: TypeError: Failed to fetch
=============================
====== JS ERROR CAUGHT ======
Unhandled Promise: TypeError: Failed to fetch
=============================
====== JS ERROR CAUGHT ======
Unhandled Promise: TypeError: Failed to fetch
=============================
====== JS ERROR CAUGHT ======
Unhandled Promise: TypeError: Failed to fetch
=============================
====== JS ERROR CAUGHT ======
Unhandled Promise: TypeError: Failed to fetch
=============================
====== JS ERROR CAUGHT ======
Unhandled Promise: TypeError: Failed to fetch
=============================
====== JS ERROR CAUGHT ======
Unhandled Promise: TypeError: Failed to fetch
=============================
====== JS ERROR CAUGHT ======
Unhandled Promise: TypeError: Failed to fetch
=============================
====== JS ERROR CAUGHT ======
Unhandled Promise: TypeError: Failed to fetch
=============================
====== JS ERROR CAUGHT ======
Unhandled Promise: TypeError: Failed to fetch
=============================
====== JS ERROR CAUGHT ======
Unhandled Promise: TypeError: Failed to fetch
=============================
====== JS ERROR CAUGHT ======
Unhandled Promise: TypeError: Failed to fetch
=============================
====== JS ERROR CAUGHT ======
Unhandled Promise: TypeError: Failed to fetch
=============================
====== JS ERROR CAUGHT ======
Unhandled Promise: TypeError: Failed to fetch
=============================
====== JS ERROR CAUGHT ======
Unhandled Promise: TypeError: Failed to fetch
=============================
====== JS ERROR CAUGHT ======
Unhandled Promise: TypeError: Failed to fetch
=============================
====== JS ERROR CAUGHT ======
Unhandled Promise: TypeError: Failed to fetch
=============================
====== JS ERROR CAUGHT ======
Unhandled Promise: TypeError: Failed to fetch
=============================
====== JS ERROR CAUGHT ======
Unhandled Promise: TypeError: Failed to fetch
=============================
====== JS ERROR CAUGHT ======
Unhandled Promise: TypeError: Failed to fetch
=============================
====== JS ERROR CAUGHT ======
Unhandled Promise: TypeError: Failed to fetch
=============================
====== JS ERROR CAUGHT ======
Unhandled Promise: TypeError: Failed to fetch
=============================
====== JS ERROR CAUGHT ======
Unhandled Promise: TypeError: Failed to fetch
=============================
====== JS ERROR CAUGHT ======
Unhandled Promise: TypeError: Failed to fetch
=============================
====== JS ERROR CAUGHT ======
Unhandled Promise: TypeError: Failed to fetch
=============================
====== JS ERROR CAUGHT ======
Unhandled Promise: TypeError: Failed to fetch
=============================
====== JS ERROR CAUGHT ======
Unhandled Promise: TypeError: Failed to fetch
=============================
====== JS ERROR CAUGHT ======
Unhandled Promise: TypeError: Failed to fetch
=============================
====== JS ERROR CAUGHT ======
Unhandled Promise: TypeError: Failed to fetch
=============================
====== JS ERROR CAUGHT ======
Unhandled Promise: TypeError: Failed to fetch
=============================
====== JS ERROR CAUGHT ======
Unhandled Promise: TypeError: Failed to fetch
=============================
====== JS ERROR CAUGHT ======
Unhandled Promise: TypeError: Failed to fetch
=============================
====== JS ERROR CAUGHT ======
Unhandled Promise: TypeError: Failed to fetch
=============================
====== JS ERROR CAUGHT ======
Unhandled Promise: TypeError: Failed to fetch
=============================
====== JS ERROR CAUGHT ======
Unhandled Promise: TypeError: Failed to fetch
=============================
====== JS ERROR CAUGHT ======
Unhandled Promise: TypeError: Failed to fetch
=============================
====== JS ERROR CAUGHT ======
Unhandled Promise: TypeError: Failed to fetch
=============================
====== JS ERROR CAUGHT ======
Unhandled Promise: TypeError: Failed to fetch
=============================
====== JS ERROR CAUGHT ======
Unhandled Promise: TypeError: Failed to fetch
=============================
====== JS ERROR CAUGHT ======
Unhandled Promise: TypeError: Failed to fetch
=============================
====== JS ERROR CAUGHT ======
Unhandled Promise: TypeError: Failed to fetch
=============================
====== JS ERROR CAUGHT ======
Unhandled Promise: TypeError: Failed to fetch
=============================
====== JS ERROR CAUGHT ======
Unhandled Promise: TypeError: Failed to fetch
=============================
====== JS ERROR CAUGHT ======
Unhandled Promise: TypeError: Failed to fetch
=============================
====== JS ERROR CAUGHT ======
Unhandled Promise: TypeError: Failed to fetch
=============================
====== JS ERROR CAUGHT ======
Unhandled Promise: TypeError: Failed to fetch
=============================
====== JS ERROR CAUGHT ======
Unhandled Promise: TypeError: Failed to fetch
=============================
====== JS ERROR CAUGHT ======
Unhandled Promise: TypeError: Failed to fetch
=============================
====== JS ERROR CAUGHT ======
Unhandled Promise: TypeError: Failed to fetch
=============================
====== JS ERROR CAUGHT ======
Unhandled Promise: TypeError: Failed to fetch
=============================
====== JS ERROR CAUGHT ======
Unhandled Promise: TypeError: Failed to fetch
=============================
====== JS ERROR CAUGHT ======
Unhandled Promise: TypeError: Failed to fetch
=============================
====== JS ERROR CAUGHT ======
Unhandled Promise: TypeError: Failed to fetch
=============================
====== JS ERROR CAUGHT ======
Unhandled Promise: TypeError: Failed to fetch
=============================
====== JS ERROR CAUGHT ======
Unhandled Promise: TypeError: Failed to fetch
=============================
====== JS ERROR CAUGHT ======
Unhandled Promise: TypeError: Failed to fetch
=============================
====== JS ERROR CAUGHT ======
Unhandled Promise: TypeError: Failed to fetch
=============================
====== JS ERROR CAUGHT ======
Unhandled Promise: TypeError: Failed to fetch
=============================
====== JS ERROR CAUGHT ======
Unhandled Promise: TypeError: Failed to fetch
=============================
====== JS ERROR CAUGHT ======
Unhandled Promise: TypeError: Failed to fetch
=============================
====== JS ERROR CAUGHT ======
Unhandled Promise: TypeError: Failed to fetch
=============================
====== JS ERROR CAUGHT ======
Unhandled Promise: TypeError: Failed to fetch
=============================
====== JS ERROR CAUGHT ======
Unhandled Promise: TypeError: Failed to fetch
=============================
====== JS ERROR CAUGHT ======
Unhandled Promise: TypeError: Failed to fetch
=============================
====== JS ERROR CAUGHT ======
Unhandled Promise: TypeError: Failed to fetch
=============================
====== JS ERROR CAUGHT ======
Unhandled Promise: TypeError: Failed to fetch
=============================
====== JS ERROR CAUGHT ======
Unhandled Promise: TypeError: Failed to fetch
=============================
====== JS ERROR CAUGHT ======
Unhandled Promise: TypeError: Failed to fetch
=============================
====== JS ERROR CAUGHT ======
Unhandled Promise: TypeError: Failed to fetch
=============================
====== JS ERROR CAUGHT ======
Unhandled Promise: TypeError: Failed to fetch
=============================
====== JS ERROR CAUGHT ======
Unhandled Promise: TypeError: Failed to fetch
=============================
====== JS ERROR CAUGHT ======
Unhandled Promise: TypeError: Failed to fetch
=============================
====== JS ERROR CAUGHT ======
Unhandled Promise: TypeError: Failed to fetch
=============================
====== JS ERROR CAUGHT ======
Unhandled Promise: TypeError: Failed to fetch
=============================
====== JS ERROR CAUGHT ======
Unhandled Promise: TypeError: Failed to fetch
=============================
====== JS ERROR CAUGHT ======
Unhandled Promise: TypeError: Failed to fetch
=============================
====== JS ERROR CAUGHT ======
Unhandled Promise: TypeError: Failed to fetch
=============================
====== JS ERROR CAUGHT ======
Unhandled Promise: TypeError: Failed to fetch
=============================
====== JS ERROR CAUGHT ======
Unhandled Promise: TypeError: Failed to fetch
=============================
====== JS ERROR CAUGHT ======
Unhandled Promise: TypeError: Failed to fetch
=============================
====== JS ERROR CAUGHT ======
Unhandled Promise: TypeError: Failed to fetch
=============================
====== JS ERROR CAUGHT ======
Unhandled Promise: TypeError: Failed to fetch
=============================
====== JS ERROR CAUGHT ======
Unhandled Promise: TypeError: Failed to fetch
=============================
====== JS ERROR CAUGHT ======
Unhandled Promise: TypeError: Failed to fetch
=============================
====== JS ERROR CAUGHT ======
Unhandled Promise: TypeError: Failed to fetch
=============================
====== JS ERROR CAUGHT ======
Unhandled Promise: TypeError: Failed to fetch
=============================
====== JS ERROR CAUGHT ======
Unhandled Promise: TypeError: Failed to fetch
=============================
====== JS ERROR CAUGHT ======
Unhandled Promise: TypeError: Failed to fetch
=============================
====== JS ERROR CAUGHT ======
Unhandled Promise: TypeError: Failed to fetch
=============================
====== JS ERROR CAUGHT ======
Unhandled Promise: TypeError: Failed to fetch
=============================
====== JS ERROR CAUGHT ======
Unhandled Promise: TypeError: Failed to fetch
=============================
====== JS ERROR CAUGHT ======
Unhandled Promise: TypeError: Failed to fetch
=============================
====== JS ERROR CAUGHT ======
Unhandled Promise: TypeError: Failed to fetch
=============================
====== JS ERROR CAUGHT ======
Unhandled Promise: TypeError: Failed to fetch
=============================
====== JS ERROR CAUGHT ======
Unhandled Promise: TypeError: Failed to fetch
=============================
====== JS ERROR CAUGHT ======
Unhandled Promise: TypeError: Failed to fetch
=============================
====== JS ERROR CAUGHT ======
Unhandled Promise: TypeError: Failed to fetch
=============================
====== JS ERROR CAUGHT ======
Unhandled Promise: TypeError: Failed to fetch
=============================
====== JS ERROR CAUGHT ======
Unhandled Promise: TypeError: Failed to fetch
=============================
====== JS ERROR CAUGHT ======
Unhandled Promise: TypeError: Failed to fetch
=============================
====== JS ERROR CAUGHT ======
Unhandled Promise: TypeError: Failed to fetch
=============================
====== JS ERROR CAUGHT ======
Unhandled Promise: TypeError: Failed to fetch
=============================
====== JS ERROR CAUGHT ======
Unhandled Promise: TypeError: Failed to fetch
=============================
====== JS ERROR CAUGHT ======
Unhandled Promise: TypeError: Failed to fetch
=============================
====== JS ERROR CAUGHT ======
Unhandled Promise: TypeError: Failed to fetch
=============================
====== JS ERROR CAUGHT ======
Unhandled Promise: TypeError: Failed to fetch
=============================
====== JS ERROR CAUGHT ======
Unhandled Promise: TypeError: Failed to fetch
=============================
====== JS ERROR CAUGHT ======
Unhandled Promise: TypeError: Failed to fetch
=============================
====== JS ERROR CAUGHT ======
Unhandled Promise: TypeError: Failed to fetch
=============================
====== JS ERROR CAUGHT ======
Unhandled Promise: TypeError: Failed to fetch
=============================
====== JS ERROR CAUGHT ======
Unhandled Promise: TypeError: Failed to fetch
=============================
====== JS ERROR CAUGHT ======
Unhandled Promise: TypeError: Failed to fetch
=============================
====== JS ERROR CAUGHT ======
Unhandled Promise: TypeError: Failed to fetch
=============================
====== JS ERROR CAUGHT ======
Unhandled Promise: TypeError: Failed to fetch
=============================
====== JS ERROR CAUGHT ======
Unhandled Promise: TypeError: Failed to fetch
=============================
====== JS ERROR CAUGHT ======
Unhandled Promise: TypeError: Failed to fetch
=============================
====== JS ERROR CAUGHT ======
Unhandled Promise: TypeError: Failed to fetch
=============================
====== JS ERROR CAUGHT ======
Unhandled Promise: TypeError: Failed to fetch
=============================
====== JS ERROR CAUGHT ======
Unhandled Promise: TypeError: Failed to fetch
=============================
====== JS ERROR CAUGHT ======
Unhandled Promise: TypeError: Failed to fetch
=============================
====== JS ERROR CAUGHT ======
Unhandled Promise: TypeError: Failed to fetch
=============================
====== JS ERROR CAUGHT ======
Unhandled Promise: TypeError: Failed to fetch
=============================
====== JS ERROR CAUGHT ======
Unhandled Promise: TypeError: Failed to fetch
=============================
====== JS ERROR CAUGHT ======
Unhandled Promise: TypeError: Failed to fetch
=============================
====== JS ERROR CAUGHT ======
Unhandled Promise: TypeError: Failed to fetch
=============================
====== JS ERROR CAUGHT ======
Unhandled Promise: TypeError: Failed to fetch
=============================
====== JS ERROR CAUGHT ======
Unhandled Promise: TypeError: Failed to fetch
=============================
====== JS ERROR CAUGHT ======
Unhandled Promise: TypeError: Failed to fetch
=============================
====== JS ERROR CAUGHT ======
Unhandled Promise: TypeError: Failed to fetch
=============================
====== JS ERROR CAUGHT ======
Unhandled Promise: TypeError: Failed to fetch
=============================
====== JS ERROR CAUGHT ======
Unhandled Promise: TypeError: Failed to fetch
=============================
====== JS ERROR CAUGHT ======
Unhandled Promise: TypeError: Failed to fetch
=============================
====== JS ERROR CAUGHT ======
Unhandled Promise: TypeError: Failed to fetch
=============================
====== JS ERROR CAUGHT ======
Unhandled Promise: TypeError: Failed to fetch
=============================
====== JS ERROR CAUGHT ======
Unhandled Promise: TypeError: Failed to fetch
=============================
====== JS ERROR CAUGHT ======
Unhandled Promise: TypeError: Failed to fetch
=============================
====== JS ERROR CAUGHT ======
Unhandled Promise: TypeError: Failed to fetch
=============================
====== JS ERROR CAUGHT ======
Unhandled Promise: TypeError: Failed to fetch
=============================
====== JS ERROR CAUGHT ======
Unhandled Promise: TypeError: Failed to fetch
=============================
====== JS ERROR CAUGHT ======
Unhandled Promise: TypeError: Failed to fetch
=============================
====== JS ERROR CAUGHT ======
Unhandled Promise: TypeError: Failed to fetch
=============================
====== JS ERROR CAUGHT ======
Unhandled Promise: TypeError: Failed to fetch
=============================
====== JS ERROR CAUGHT ======
Unhandled Promise: TypeError: Failed to fetch
=============================
====== JS ERROR CAUGHT ======
Unhandled Promise: TypeError: Failed to fetch
=============================
====== JS ERROR CAUGHT ======
Unhandled Promise: TypeError: Failed to fetch
=============================
====== JS ERROR CAUGHT ======
Unhandled Promise: TypeError: Failed to fetch
=============================
====== JS ERROR CAUGHT ======
Unhandled Promise: TypeError: Failed to fetch
=============================
====== JS ERROR CAUGHT ======
Unhandled Promise: TypeError: Failed to fetch
=============================
====== JS ERROR CAUGHT ======
Unhandled Promise: TypeError: Failed to fetch
=============================
====== JS ERROR CAUGHT ======
Unhandled Promise: TypeError: Failed to fetch
=============================
====== JS ERROR CAUGHT ======
Unhandled Promise: TypeError: Failed to fetch
=============================
====== JS ERROR CAUGHT ======
Unhandled Promise: TypeError: Failed to fetch
=============================
====== JS ERROR CAUGHT ======
Unhandled Promise: TypeError: Failed to fetch
=============================
====== JS ERROR CAUGHT ======
Unhandled Promise: TypeError: Failed to fetch
=============================
====== JS ERROR CAUGHT ======
Unhandled Promise: TypeError: Failed to fetch
=============================
====== JS ERROR CAUGHT ======
Unhandled Promise: TypeError: Failed to fetch
=============================
====== JS ERROR CAUGHT ======
Unhandled Promise: TypeError: Failed to fetch
=============================
====== JS ERROR CAUGHT ======
Unhandled Promise: TypeError: Failed to fetch
=============================
====== JS ERROR CAUGHT ======
Unhandled Promise: TypeError: Failed to fetch
=============================
====== JS ERROR CAUGHT ======
Unhandled Promise: TypeError: Failed to fetch
=============================
====== JS ERROR CAUGHT ======
Unhandled Promise: TypeError: Failed to fetch
=============================
====== JS ERROR CAUGHT ======
Unhandled Promise: TypeError: Failed to fetch
=============================
====== JS ERROR CAUGHT ======
Unhandled Promise: TypeError: Failed to fetch
=============================
====== JS ERROR CAUGHT ======
Unhandled Promise: TypeError: Failed to fetch
=============================
====== JS ERROR CAUGHT ======
Unhandled Promise: TypeError: Failed to fetch
=============================
====== JS ERROR CAUGHT ======
Unhandled Promise: TypeError: Failed to fetch
=============================
====== JS ERROR CAUGHT ======
Unhandled Promise: TypeError: Failed to fetch
=============================
====== JS ERROR CAUGHT ======
Unhandled Promise: TypeError: Failed to fetch
=============================
====== JS ERROR CAUGHT ======
Unhandled Promise: TypeError: Failed to fetch
=============================
====== JS ERROR CAUGHT ======
Unhandled Promise: TypeError: Failed to fetch
=============================
====== JS ERROR CAUGHT ======
Unhandled Promise: TypeError: Failed to fetch
=============================
====== JS ERROR CAUGHT ======
Unhandled Promise: TypeError: Failed to fetch
=============================
====== JS ERROR CAUGHT ======
Unhandled Promise: TypeError: Failed to fetch
=============================
====== JS ERROR CAUGHT ======
Unhandled Promise: TypeError: Failed to fetch
=============================
====== JS ERROR CAUGHT ======
Unhandled Promise: TypeError: Failed to fetch
=============================
====== JS ERROR CAUGHT ======
Unhandled Promise: TypeError: Failed to fetch
=============================
====== JS ERROR CAUGHT ======
Unhandled Promise: TypeError: Failed to fetch
=============================
====== JS ERROR CAUGHT ======
Unhandled Promise: TypeError: Failed to fetch
=============================
====== JS ERROR CAUGHT ======
Unhandled Promise: TypeError: Failed to fetch
=============================
====== JS ERROR CAUGHT ======
Unhandled Promise: TypeError: Failed to fetch
=============================
====== JS ERROR CAUGHT ======
Unhandled Promise: TypeError: Failed to fetch
=============================
====== JS ERROR CAUGHT ======
Unhandled Promise: TypeError: Failed to fetch
=============================
====== JS ERROR CAUGHT ======
Unhandled Promise: TypeError: Failed to fetch
=============================
====== JS ERROR CAUGHT ======
Unhandled Promise: TypeError: Failed to fetch
=============================
====== JS ERROR CAUGHT ======
Unhandled Promise: TypeError: Failed to fetch
=============================
====== JS ERROR CAUGHT ======
Unhandled Promise: TypeError: Failed to fetch
=============================
====== JS ERROR CAUGHT ======
Unhandled Promise: TypeError: Failed to fetch
=============================
====== JS ERROR CAUGHT ======
Unhandled Promise: TypeError: Failed to fetch
=============================
====== JS ERROR CAUGHT ======
Unhandled Promise: TypeError: Failed to fetch
=============================
====== JS ERROR CAUGHT ======
Unhandled Promise: TypeError: Failed to fetch
=============================
====== JS ERROR CAUGHT ======
Unhandled Promise: TypeError: Failed to fetch
=============================
====== JS ERROR CAUGHT ======
Unhandled Promise: TypeError: Failed to fetch
=============================
====== JS ERROR CAUGHT ======
Unhandled Promise: TypeError: Failed to fetch
=============================
====== JS ERROR CAUGHT ======
Unhandled Promise: TypeError: Failed to fetch
=============================
====== JS ERROR CAUGHT ======
Unhandled Promise: TypeError: Failed to fetch
=============================
====== JS ERROR CAUGHT ======
Unhandled Promise: TypeError: Failed to fetch
=============================
====== JS ERROR CAUGHT ======
Unhandled Promise: TypeError: Failed to fetch
=============================
====== JS ERROR CAUGHT ======
Unhandled Promise: TypeError: Failed to fetch
=============================
====== JS ERROR CAUGHT ======
Unhandled Promise: TypeError: Failed to fetch
=============================
====== JS ERROR CAUGHT ======
Unhandled Promise: TypeError: Failed to fetch
=============================
====== JS ERROR CAUGHT ======
Unhandled Promise: TypeError: Failed to fetch
=============================
====== JS ERROR CAUGHT ======
Unhandled Promise: TypeError: Failed to fetch
=============================
====== JS ERROR CAUGHT ======
Unhandled Promise: TypeError: Failed to fetch
=============================
====== JS ERROR CAUGHT ======
Unhandled Promise: TypeError: Failed to fetch
=============================
====== JS ERROR CAUGHT ======
Unhandled Promise: TypeError: Failed to fetch
=============================
====== JS ERROR CAUGHT ======
Unhandled Promise: TypeError: Failed to fetch
=============================
====== JS ERROR CAUGHT ======
Unhandled Promise: TypeError: Failed to fetch
=============================
====== JS ERROR CAUGHT ======
Unhandled Promise: TypeError: Failed to fetch
=============================
====== JS ERROR CAUGHT ======
Unhandled Promise: TypeError: Failed to fetch
=============================
====== JS ERROR CAUGHT ======
Unhandled Promise: TypeError: Failed to fetch
=============================
====== JS ERROR CAUGHT ======
Unhandled Promise: TypeError: Failed to fetch
=============================
====== JS ERROR CAUGHT ======
Unhandled Promise: TypeError: Failed to fetch
=============================
====== JS ERROR CAUGHT ======
Unhandled Promise: TypeError: Failed to fetch
=============================
====== JS ERROR CAUGHT ======
Unhandled Promise: TypeError: Failed to fetch
=============================
====== JS ERROR CAUGHT ======
Unhandled Promise: TypeError: Failed to fetch
=============================
====== JS ERROR CAUGHT ======
Unhandled Promise: TypeError: Failed to fetch
=============================
====== JS ERROR CAUGHT ======
Unhandled Promise: TypeError: Failed to fetch
=============================
====== JS ERROR CAUGHT ======
Unhandled Promise: TypeError: Failed to fetch
=============================
====== JS ERROR CAUGHT ======
Unhandled Promise: TypeError: Failed to fetch
=============================
====== JS ERROR CAUGHT ======
Unhandled Promise: TypeError: Failed to fetch
=============================
====== JS ERROR CAUGHT ======
Unhandled Promise: TypeError: Failed to fetch
=============================
====== JS ERROR CAUGHT ======
Unhandled Promise: TypeError: Failed to fetch
=============================
====== JS ERROR CAUGHT ======
Unhandled Promise: TypeError: Failed to fetch
=============================
====== JS ERROR CAUGHT ======
Unhandled Promise: TypeError: Failed to fetch
=============================
====== JS ERROR CAUGHT ======
Unhandled Promise: TypeError: Failed to fetch
=============================
====== JS ERROR CAUGHT ======
Unhandled Promise: TypeError: Failed to fetch
=============================
====== JS ERROR CAUGHT ======
Unhandled Promise: TypeError: Failed to fetch
=============================
====== JS ERROR CAUGHT ======
Unhandled Promise: TypeError: Failed to fetch
=============================
====== JS ERROR CAUGHT ======
Unhandled Promise: TypeError: Failed to fetch
=============================
====== JS ERROR CAUGHT ======
Unhandled Promise: TypeError: Failed to fetch
=============================
====== JS ERROR CAUGHT ======
Unhandled Promise: TypeError: Failed to fetch
=============================
====== JS ERROR CAUGHT ======
Unhandled Promise: TypeError: Failed to fetch
=============================
====== JS ERROR CAUGHT ======
Unhandled Promise: TypeError: Failed to fetch
=============================
====== JS ERROR CAUGHT ======
Unhandled Promise: TypeError: Failed to fetch
=============================
====== JS ERROR CAUGHT ======
Unhandled Promise: TypeError: Failed to fetch
=============================
====== JS ERROR CAUGHT ======
Unhandled Promise: TypeError: Failed to fetch
=============================
====== JS ERROR CAUGHT ======
Unhandled Promise: TypeError: Failed to fetch
=============================
====== JS ERROR CAUGHT ======
Unhandled Promise: TypeError: Failed to fetch
=============================
====== JS ERROR CAUGHT ======
Unhandled Promise: TypeError: Failed to fetch
=============================
====== JS ERROR CAUGHT ======
Unhandled Promise: TypeError: Failed to fetch
=============================
====== JS ERROR CAUGHT ======
Unhandled Promise: TypeError: Failed to fetch
=============================
====== JS ERROR CAUGHT ======
Unhandled Promise: TypeError: Failed to fetch
=============================
====== JS ERROR CAUGHT ======
Unhandled Promise: TypeError: Failed to fetch
=============================
====== JS ERROR CAUGHT ======
Unhandled Promise: TypeError: Failed to fetch
=============================
====== JS ERROR CAUGHT ======
Unhandled Promise: TypeError: Failed to fetch
=============================
====== JS ERROR CAUGHT ======
Unhandled Promise: TypeError: Failed to fetch
=============================
====== JS ERROR CAUGHT ======
Unhandled Promise: TypeError: Failed to fetch
=============================
====== JS ERROR CAUGHT ======
Unhandled Promise: TypeError: Failed to fetch
=============================
====== JS ERROR CAUGHT ======
Unhandled Promise: TypeError: Failed to fetch
=============================
====== JS ERROR CAUGHT ======
Unhandled Promise: TypeError: Failed to fetch
=============================
====== JS ERROR CAUGHT ======
Unhandled Promise: TypeError: Failed to fetch
=============================
====== JS ERROR CAUGHT ======
Unhandled Promise: TypeError: Failed to fetch
=============================
====== JS ERROR CAUGHT ======
Unhandled Promise: TypeError: Failed to fetch
=============================
====== JS ERROR CAUGHT ======
Unhandled Promise: TypeError: Failed to fetch
=============================
====== JS ERROR CAUGHT ======
Unhandled Promise: TypeError: Failed to fetch
=============================
====== JS ERROR CAUGHT ======
Unhandled Promise: TypeError: Failed to fetch
=============================
====== JS ERROR CAUGHT ======
Unhandled Promise: TypeError: Failed to fetch
=============================
====== JS ERROR CAUGHT ======
Unhandled Promise: TypeError: Failed to fetch
=============================
====== JS ERROR CAUGHT ======
Unhandled Promise: TypeError: Failed to fetch
=============================
====== JS ERROR CAUGHT ======
Unhandled Promise: TypeError: Failed to fetch
=============================
====== JS ERROR CAUGHT ======
Unhandled Promise: TypeError: Failed to fetch
=============================
====== JS ERROR CAUGHT ======
Unhandled Promise: TypeError: Failed to fetch
=============================
====== JS ERROR CAUGHT ======
Unhandled Promise: TypeError: Failed to fetch
=============================
====== JS ERROR CAUGHT ======
Unhandled Promise: TypeError: Failed to fetch
=============================
====== JS ERROR CAUGHT ======
Unhandled Promise: TypeError: Failed to fetch
=============================
====== JS ERROR CAUGHT ======
Unhandled Promise: TypeError: Failed to fetch
=============================
====== JS ERROR CAUGHT ======
Unhandled Promise: TypeError: Failed to fetch
=============================
====== JS ERROR CAUGHT ======
Unhandled Promise: TypeError: Failed to fetch
=============================
====== JS ERROR CAUGHT ======
Unhandled Promise: TypeError: Failed to fetch
=============================
====== JS ERROR CAUGHT ======
Unhandled Promise: TypeError: Failed to fetch
=============================
====== JS ERROR CAUGHT ======
Unhandled Promise: TypeError: Failed to fetch
=============================
====== JS ERROR CAUGHT ======
Unhandled Promise: TypeError: Failed to fetch
=============================
====== JS ERROR CAUGHT ======
Unhandled Promise: TypeError: Failed to fetch
=============================
====== JS ERROR CAUGHT ======
Unhandled Promise: TypeError: Failed to fetch
=============================
====== JS ERROR CAUGHT ======
Unhandled Promise: TypeError: Failed to fetch
=============================
====== JS ERROR CAUGHT ======
Unhandled Promise: TypeError: Failed to fetch
=============================
====== JS ERROR CAUGHT ======
Unhandled Promise: TypeError: Failed to fetch
=============================
====== JS ERROR CAUGHT ======
Unhandled Promise: TypeError: Failed to fetch
=============================
====== JS ERROR CAUGHT ======
Unhandled Promise: TypeError: Failed to fetch
=============================
====== JS ERROR CAUGHT ======
Unhandled Promise: TypeError: Failed to fetch
=============================
====== JS ERROR CAUGHT ======
Unhandled Promise: TypeError: Failed to fetch
=============================
====== JS ERROR CAUGHT ======
Unhandled Promise: TypeError: Failed to fetch
=============================
====== JS ERROR CAUGHT ======
Unhandled Promise: TypeError: Failed to fetch
=============================
====== JS ERROR CAUGHT ======
Unhandled Promise: TypeError: Failed to fetch
=============================
====== JS ERROR CAUGHT ======
Unhandled Promise: TypeError: Failed to fetch
=============================
====== JS ERROR CAUGHT ======
Unhandled Promise: TypeError: Failed to fetch
=============================
====== JS ERROR CAUGHT ======
Unhandled Promise: TypeError: Failed to fetch
=============================
====== JS ERROR CAUGHT ======
Unhandled Promise: TypeError: Failed to fetch
=============================
====== JS ERROR CAUGHT ======
Unhandled Promise: TypeError: Failed to fetch
=============================
====== JS ERROR CAUGHT ======
Unhandled Promise: TypeError: Failed to fetch
=============================
====== JS ERROR CAUGHT ======
Unhandled Promise: TypeError: Failed to fetch
=============================
====== JS ERROR CAUGHT ======
Unhandled Promise: TypeError: Failed to fetch
=============================
====== JS ERROR CAUGHT ======
Unhandled Promise: TypeError: Failed to fetch
=============================
====== JS ERROR CAUGHT ======
Unhandled Promise: TypeError: Failed to fetch
=============================
====== JS ERROR CAUGHT ======
Unhandled Promise: TypeError: Failed to fetch
=============================
====== JS ERROR CAUGHT ======
Unhandled Promise: TypeError: Failed to fetch
=============================
====== JS ERROR CAUGHT ======
Unhandled Promise: TypeError: Failed to fetch
=============================
====== JS ERROR CAUGHT ======
Unhandled Promise: TypeError: Failed to fetch
=============================
====== JS ERROR CAUGHT ======
Unhandled Promise: TypeError: Failed to fetch
=============================
====== JS ERROR CAUGHT ======
Unhandled Promise: TypeError: Failed to fetch
=============================
====== JS ERROR CAUGHT ======
Unhandled Promise: TypeError: Failed to fetch
=============================
====== JS ERROR CAUGHT ======
Unhandled Promise: TypeError: Failed to fetch
=============================
====== JS ERROR CAUGHT ======
Unhandled Promise: TypeError: Failed to fetch
=============================
====== JS ERROR CAUGHT ======
Unhandled Promise: TypeError: Failed to fetch
=============================
====== JS ERROR CAUGHT ======
Unhandled Promise: TypeError: Failed to fetch
=============================
====== JS ERROR CAUGHT ======
Unhandled Promise: TypeError: Failed to fetch
=============================
====== JS ERROR CAUGHT ======
Unhandled Promise: TypeError: Failed to fetch
=============================
====== JS ERROR CAUGHT ======
Unhandled Promise: TypeError: Failed to fetch
=============================
====== JS ERROR CAUGHT ======
Unhandled Promise: TypeError: Failed to fetch
=============================
====== JS ERROR CAUGHT ======
Unhandled Promise: TypeError: Failed to fetch
=============================
====== JS ERROR CAUGHT ======
Unhandled Promise: TypeError: Failed to fetch
=============================
====== JS ERROR CAUGHT ======
Unhandled Promise: TypeError: Failed to fetch
=============================
====== JS ERROR CAUGHT ======
Unhandled Promise: TypeError: Failed to fetch
=============================
====== JS ERROR CAUGHT ======
Unhandled Promise: TypeError: Failed to fetch
=============================
====== JS ERROR CAUGHT ======
Unhandled Promise: TypeError: Failed to fetch
=============================
====== JS ERROR CAUGHT ======
Unhandled Promise: TypeError: Failed to fetch
=============================
====== JS ERROR CAUGHT ======
Unhandled Promise: TypeError: Failed to fetch
=============================
====== JS ERROR CAUGHT ======
Unhandled Promise: TypeError: Failed to fetch
=============================
====== JS ERROR CAUGHT ======
Unhandled Promise: TypeError: Failed to fetch
=============================
====== JS ERROR CAUGHT ======
Unhandled Promise: TypeError: Failed to fetch
=============================
====== JS ERROR CAUGHT ======
Unhandled Promise: TypeError: Failed to fetch
=============================
====== JS ERROR CAUGHT ======
Unhandled Promise: TypeError: Failed to fetch
=============================
====== JS ERROR CAUGHT ======
Unhandled Promise: TypeError: Failed to fetch
=============================
====== JS ERROR CAUGHT ======
Unhandled Promise: TypeError: Failed to fetch
=============================
====== JS ERROR CAUGHT ======
Unhandled Promise: TypeError: Failed to fetch
=============================
====== JS ERROR CAUGHT ======
Unhandled Promise: TypeError: Failed to fetch
=============================
====== JS ERROR CAUGHT ======
Unhandled Promise: TypeError: Failed to fetch
=============================
====== JS ERROR CAUGHT ======
Unhandled Promise: TypeError: Failed to fetch
=============================
====== JS ERROR CAUGHT ======
Unhandled Promise: TypeError: Failed to fetch
=============================
====== JS ERROR CAUGHT ======
Unhandled Promise: TypeError: Failed to fetch
=============================
====== JS ERROR CAUGHT ======
Unhandled Promise: TypeError: Failed to fetch
=============================
====== JS ERROR CAUGHT ======
Unhandled Promise: TypeError: Failed to fetch
=============================
====== JS ERROR CAUGHT ======
Unhandled Promise: TypeError: Failed to fetch
=============================
====== JS ERROR CAUGHT ======
Unhandled Promise: TypeError: Failed to fetch
=============================
====== JS ERROR CAUGHT ======
Unhandled Promise: TypeError: Failed to fetch
=============================
====== JS ERROR CAUGHT ======
Unhandled Promise: TypeError: Failed to fetch
=============================
====== JS ERROR CAUGHT ======
Unhandled Promise: TypeError: Failed to fetch
=============================
====== JS ERROR CAUGHT ======
Unhandled Promise: TypeError: Failed to fetch
=============================
====== JS ERROR CAUGHT ======
Unhandled Promise: TypeError: Failed to fetch
=============================
====== JS ERROR CAUGHT ======
Unhandled Promise: TypeError: Failed to fetch
=============================
====== JS ERROR CAUGHT ======
Unhandled Promise: TypeError: Failed to fetch
=============================
====== JS ERROR CAUGHT ======
Unhandled Promise: TypeError: Failed to fetch
=============================
====== JS ERROR CAUGHT ======
Unhandled Promise: TypeError: Failed to fetch
=============================
====== JS ERROR CAUGHT ======
Unhandled Promise: TypeError: Failed to fetch
=============================
====== JS ERROR CAUGHT ======
Unhandled Promise: TypeError: Failed to fetch
=============================
====== JS ERROR CAUGHT ======
Unhandled Promise: TypeError: Failed to fetch
=============================
====== JS ERROR CAUGHT ======
Unhandled Promise: TypeError: Failed to fetch
=============================
====== JS ERROR CAUGHT ======
Unhandled Promise: TypeError: Failed to fetch
=============================
====== JS ERROR CAUGHT ======
Unhandled Promise: TypeError: Failed to fetch
=============================
====== JS ERROR CAUGHT ======
Unhandled Promise: TypeError: Failed to fetch
=============================
====== JS ERROR CAUGHT ======
Unhandled Promise: TypeError: Failed to fetch
=============================
====== JS ERROR CAUGHT ======
Unhandled Promise: TypeError: Failed to fetch
=============================
====== JS ERROR CAUGHT ======
Unhandled Promise: TypeError: Failed to fetch
=============================
====== JS ERROR CAUGHT ======
Unhandled Promise: TypeError: Failed to fetch
=============================
====== JS ERROR CAUGHT ======
Unhandled Promise: TypeError: Failed to fetch
=============================
====== JS ERROR CAUGHT ======
Unhandled Promise: TypeError: Failed to fetch
=============================
====== JS ERROR CAUGHT ======
Unhandled Promise: TypeError: Failed to fetch
=============================
====== JS ERROR CAUGHT ======
Unhandled Promise: TypeError: Failed to fetch
=============================
====== JS ERROR CAUGHT ======
Unhandled Promise: TypeError: Failed to fetch
=============================
====== JS ERROR CAUGHT ======
Unhandled Promise: TypeError: Failed to fetch
=============================
====== JS ERROR CAUGHT ======
Unhandled Promise: TypeError: Failed to fetch
=============================
====== JS ERROR CAUGHT ======
Unhandled Promise: TypeError: Failed to fetch
=============================
====== JS ERROR CAUGHT ======
Unhandled Promise: TypeError: Failed to fetch
=============================
====== JS ERROR CAUGHT ======
Unhandled Promise: TypeError: Failed to fetch
=============================
====== JS ERROR CAUGHT ======
Unhandled Promise: TypeError: Failed to fetch
=============================
====== JS ERROR CAUGHT ======
Unhandled Promise: TypeError: Failed to fetch
=============================
====== JS ERROR CAUGHT ======
Unhandled Promise: TypeError: Failed to fetch
=============================
====== JS ERROR CAUGHT ======
Unhandled Promise: TypeError: Failed to fetch
=============================
====== JS ERROR CAUGHT ======
Unhandled Promise: TypeError: Failed to fetch
=============================
====== JS ERROR CAUGHT ======
Unhandled Promise: TypeError: Failed to fetch
=============================
====== JS ERROR CAUGHT ======
Unhandled Promise: TypeError: Failed to fetch
=============================
====== JS ERROR CAUGHT ======
Unhandled Promise: TypeError: Failed to fetch
=============================
====== JS ERROR CAUGHT ======
Unhandled Promise: TypeError: Failed to fetch
=============================
====== JS ERROR CAUGHT ======
Unhandled Promise: TypeError: Failed to fetch
=============================
====== JS ERROR CAUGHT ======
Unhandled Promise: TypeError: Failed to fetch
=============================
====== JS ERROR CAUGHT ======
Unhandled Promise: TypeError: Failed to fetch
=============================
====== JS ERROR CAUGHT ======
Unhandled Promise: TypeError: Failed to fetch
=============================
====== JS ERROR CAUGHT ======
Unhandled Promise: TypeError: Failed to fetch
=============================
====== JS ERROR CAUGHT ======
Unhandled Promise: TypeError: Failed to fetch
=============================
====== JS ERROR CAUGHT ======
Unhandled Promise: TypeError: Failed to fetch
=============================
====== JS ERROR CAUGHT ======
Unhandled Promise: TypeError: Failed to fetch
=============================
====== JS ERROR CAUGHT ======
Unhandled Promise: TypeError: Failed to fetch
=============================
====== JS ERROR CAUGHT ======
Unhandled Promise: TypeError: Failed to fetch
=============================
====== JS ERROR CAUGHT ======
Unhandled Promise: TypeError: Failed to fetch
=============================
====== JS ERROR CAUGHT ======
Unhandled Promise: TypeError: Failed to fetch
=============================
====== JS ERROR CAUGHT ======
Unhandled Promise: TypeError: Failed to fetch
=============================
====== JS ERROR CAUGHT ======
Unhandled Promise: TypeError: Failed to fetch
=============================
====== JS ERROR CAUGHT ======
Unhandled Promise: TypeError: Failed to fetch
=============================
====== JS ERROR CAUGHT ======
Unhandled Promise: TypeError: Failed to fetch
=============================
====== JS ERROR CAUGHT ======
Unhandled Promise: TypeError: Failed to fetch
=============================
====== JS ERROR CAUGHT ======
Unhandled Promise: TypeError: Failed to fetch
=============================
====== JS ERROR CAUGHT ======
Unhandled Promise: TypeError: Failed to fetch
=============================
====== JS ERROR CAUGHT ======
Unhandled Promise: TypeError: Failed to fetch
=============================
====== JS ERROR CAUGHT ======
Unhandled Promise: TypeError: Failed to fetch
=============================
====== JS ERROR CAUGHT ======
Unhandled Promise: TypeError: Failed to fetch
=============================
====== JS ERROR CAUGHT ======
Unhandled Promise: TypeError: Failed to fetch
=============================
====== JS ERROR CAUGHT ======
Unhandled Promise: TypeError: Failed to fetch
=============================
====== JS ERROR CAUGHT ======
Unhandled Promise: TypeError: Failed to fetch
=============================
====== JS ERROR CAUGHT ======
Unhandled Promise: TypeError: Failed to fetch
=============================
====== JS ERROR CAUGHT ======
Unhandled Promise: TypeError: Failed to fetch
=============================
====== JS ERROR CAUGHT ======
Unhandled Promise: TypeError: Failed to fetch
=============================
====== JS ERROR CAUGHT ======
Unhandled Promise: TypeError: Failed to fetch
=============================
====== JS ERROR CAUGHT ======
Unhandled Promise: TypeError: Failed to fetch
=============================
====== JS ERROR CAUGHT ======
Unhandled Promise: TypeError: Failed to fetch
=============================
====== JS ERROR CAUGHT ======
Unhandled Promise: TypeError: Failed to fetch
=============================
====== JS ERROR CAUGHT ======
Unhandled Promise: TypeError: Failed to fetch
=============================
====== JS ERROR CAUGHT ======
Unhandled Promise: TypeError: Failed to fetch
=============================
====== JS ERROR CAUGHT ======
Unhandled Promise: TypeError: Failed to fetch
=============================
====== JS ERROR CAUGHT ======
Unhandled Promise: TypeError: Failed to fetch
=============================
====== JS ERROR CAUGHT ======
Unhandled Promise: TypeError: Failed to fetch
=============================
====== JS ERROR CAUGHT ======
Unhandled Promise: TypeError: Failed to fetch
=============================
====== JS ERROR CAUGHT ======
Unhandled Promise: TypeError: Failed to fetch
=============================
====== JS ERROR CAUGHT ======
Unhandled Promise: TypeError: Failed to fetch
=============================
====== JS ERROR CAUGHT ======
Unhandled Promise: TypeError: Failed to fetch
=============================
====== JS ERROR CAUGHT ======
Unhandled Promise: TypeError: Failed to fetch
=============================
====== JS ERROR CAUGHT ======
Unhandled Promise: TypeError: Failed to fetch
=============================
====== JS ERROR CAUGHT ======
Unhandled Promise: TypeError: Failed to fetch
=============================
====== JS ERROR CAUGHT ======
Unhandled Promise: TypeError: Failed to fetch
=============================
====== JS ERROR CAUGHT ======
Unhandled Promise: TypeError: Failed to fetch
=============================
====== JS ERROR CAUGHT ======
Unhandled Promise: TypeError: Failed to fetch
=============================
====== JS ERROR CAUGHT ======
Unhandled Promise: TypeError: Failed to fetch
=============================
====== JS ERROR CAUGHT ======
Unhandled Promise: TypeError: Failed to fetch
=============================
====== JS ERROR CAUGHT ======
Unhandled Promise: TypeError: Failed to fetch
=============================
====== JS ERROR CAUGHT ======
Unhandled Promise: TypeError: Failed to fetch
=============================
====== JS ERROR CAUGHT ======
Unhandled Promise: TypeError: Failed to fetch
=============================
====== JS ERROR CAUGHT ======
Unhandled Promise: TypeError: Failed to fetch
=============================
====== JS ERROR CAUGHT ======
Unhandled Promise: TypeError: Failed to fetch
=============================
====== JS ERROR CAUGHT ======
Unhandled Promise: TypeError: Failed to fetch
=============================
====== JS ERROR CAUGHT ======
Unhandled Promise: TypeError: Failed to fetch
=============================
====== JS ERROR CAUGHT ======
Unhandled Promise: TypeError: Failed to fetch
=============================
====== JS ERROR CAUGHT ======
Unhandled Promise: TypeError: Failed to fetch
=============================
====== JS ERROR CAUGHT ======
Unhandled Promise: TypeError: Failed to fetch
=============================
====== JS ERROR CAUGHT ======
Unhandled Promise: TypeError: Failed to fetch
=============================
====== JS ERROR CAUGHT ======
Unhandled Promise: TypeError: Failed to fetch
=============================
====== JS ERROR CAUGHT ======
Unhandled Promise: TypeError: Failed to fetch
=============================
====== JS ERROR CAUGHT ======
Unhandled Promise: TypeError: Failed to fetch
=============================
====== JS ERROR CAUGHT ======
Unhandled Promise: TypeError: Failed to fetch
=============================
====== JS ERROR CAUGHT ======
Unhandled Promise: TypeError: Failed to fetch
=============================
====== JS ERROR CAUGHT ======
Unhandled Promise: TypeError: Failed to fetch
=============================
====== JS ERROR CAUGHT ======
Unhandled Promise: TypeError: Failed to fetch
=============================
====== JS ERROR CAUGHT ======
Unhandled Promise: TypeError: Failed to fetch
=============================
====== JS ERROR CAUGHT ======
Unhandled Promise: TypeError: Failed to fetch
=============================
====== JS ERROR CAUGHT ======
Unhandled Promise: TypeError: Failed to fetch
=============================
====== JS ERROR CAUGHT ======
Unhandled Promise: TypeError: Failed to fetch
=============================
====== JS ERROR CAUGHT ======
Unhandled Promise: TypeError: Failed to fetch
=============================
====== JS ERROR CAUGHT ======
Unhandled Promise: TypeError: Failed to fetch
=============================
====== JS ERROR CAUGHT ======
Unhandled Promise: TypeError: Failed to fetch
=============================
====== JS ERROR CAUGHT ======
Unhandled Promise: TypeError: Failed to fetch
=============================
====== JS ERROR CAUGHT ======
Unhandled Promise: TypeError: Failed to fetch
=============================
====== JS ERROR CAUGHT ======
Unhandled Promise: TypeError: Failed to fetch
=============================
====== JS ERROR CAUGHT ======
Unhandled Promise: TypeError: Failed to fetch
=============================
====== JS ERROR CAUGHT ======
Unhandled Promise: TypeError: Failed to fetch
=============================
====== JS ERROR CAUGHT ======
Unhandled Promise: TypeError: Failed to fetch
=============================
====== JS ERROR CAUGHT ======
Unhandled Promise: TypeError: Failed to fetch
=============================
====== JS ERROR CAUGHT ======
Unhandled Promise: TypeError: Failed to fetch
=============================
====== JS ERROR CAUGHT ======
Unhandled Promise: TypeError: Failed to fetch
=============================
====== JS ERROR CAUGHT ======
Unhandled Promise: TypeError: Failed to fetch
=============================
====== JS ERROR CAUGHT ======
Unhandled Promise: TypeError: Failed to fetch
=============================
====== JS ERROR CAUGHT ======
Unhandled Promise: TypeError: Failed to fetch
=============================
====== JS ERROR CAUGHT ======
Unhandled Promise: TypeError: Failed to fetch
=============================
====== JS ERROR CAUGHT ======
Unhandled Promise: TypeError: Failed to fetch
=============================
====== JS ERROR CAUGHT ======
Unhandled Promise: TypeError: Failed to fetch
=============================
====== JS ERROR CAUGHT ======
Unhandled Promise: TypeError: Failed to fetch
=============================
====== JS ERROR CAUGHT ======
Unhandled Promise: TypeError: Failed to fetch
=============================
====== JS ERROR CAUGHT ======
Unhandled Promise: TypeError: Failed to fetch
=============================
====== JS ERROR CAUGHT ======
Unhandled Promise: TypeError: Failed to fetch
=============================
====== JS ERROR CAUGHT ======
Unhandled Promise: TypeError: Failed to fetch
=============================
====== JS ERROR CAUGHT ======
Unhandled Promise: TypeError: Failed to fetch
=============================
====== JS ERROR CAUGHT ======
Unhandled Promise: TypeError: Failed to fetch
=============================
====== JS ERROR CAUGHT ======
Unhandled Promise: TypeError: Failed to fetch
=============================
====== JS ERROR CAUGHT ======
Unhandled Promise: TypeError: Failed to fetch
=============================
====== JS ERROR CAUGHT ======
Unhandled Promise: TypeError: Failed to fetch
=============================
====== JS ERROR CAUGHT ======
Unhandled Promise: TypeError: Failed to fetch
=============================
====== JS ERROR CAUGHT ======
Unhandled Promise: TypeError: Failed to fetch
=============================
====== JS ERROR CAUGHT ======
Unhandled Promise: TypeError: Failed to fetch
=============================
====== JS ERROR CAUGHT ======
Unhandled Promise: TypeError: Failed to fetch
=============================
====== JS ERROR CAUGHT ======
Unhandled Promise: TypeError: Failed to fetch
=============================
====== JS ERROR CAUGHT ======
Unhandled Promise: TypeError: Failed to fetch
=============================
====== JS ERROR CAUGHT ======
Unhandled Promise: TypeError: Failed to fetch
=============================
====== JS ERROR CAUGHT ======
Unhandled Promise: TypeError: Failed to fetch
=============================
====== JS ERROR CAUGHT ======
Unhandled Promise: TypeError: Failed to fetch
=============================
====== JS ERROR CAUGHT ======
Unhandled Promise: TypeError: Failed to fetch
=============================
====== JS ERROR CAUGHT ======
Unhandled Promise: TypeError: Failed to fetch
=============================
====== JS ERROR CAUGHT ======
Unhandled Promise: TypeError: Failed to fetch
=============================
====== JS ERROR CAUGHT ======
Unhandled Promise: TypeError: Failed to fetch
=============================
====== JS ERROR CAUGHT ======
Unhandled Promise: TypeError: Failed to fetch
=============================
====== JS ERROR CAUGHT ======
Unhandled Promise: TypeError: Failed to fetch
=============================
====== JS ERROR CAUGHT ======
Unhandled Promise: TypeError: Failed to fetch
=============================
====== JS ERROR CAUGHT ======
Unhandled Promise: TypeError: Failed to fetch
=============================
====== JS ERROR CAUGHT ======
Unhandled Promise: TypeError: Failed to fetch
=============================
====== JS ERROR CAUGHT ======
Unhandled Promise: TypeError: Failed to fetch
=============================
====== JS ERROR CAUGHT ======
Unhandled Promise: TypeError: Failed to fetch
=============================
====== JS ERROR CAUGHT ======
Unhandled Promise: TypeError: Failed to fetch
=============================
====== JS ERROR CAUGHT ======
Unhandled Promise: TypeError: Failed to fetch
=============================
====== JS ERROR CAUGHT ======
Unhandled Promise: TypeError: Failed to fetch
=============================
====== JS ERROR CAUGHT ======
Unhandled Promise: TypeError: Failed to fetch
=============================
====== JS ERROR CAUGHT ======
Unhandled Promise: TypeError: Failed to fetch
=============================
====== JS ERROR CAUGHT ======
Unhandled Promise: TypeError: Failed to fetch
=============================
====== JS ERROR CAUGHT ======
Unhandled Promise: TypeError: Failed to fetch
=============================
====== JS ERROR CAUGHT ======
Unhandled Promise: TypeError: Failed to fetch
=============================
====== JS ERROR CAUGHT ======
Unhandled Promise: TypeError: Failed to fetch
=============================
====== JS ERROR CAUGHT ======
Unhandled Promise: TypeError: Failed to fetch
=============================
====== JS ERROR CAUGHT ======
Unhandled Promise: TypeError: Failed to fetch
=============================
====== JS ERROR CAUGHT ======
Unhandled Promise: TypeError: Failed to fetch
=============================
====== JS ERROR CAUGHT ======
Unhandled Promise: TypeError: Failed to fetch
=============================
====== JS ERROR CAUGHT ======
Unhandled Promise: TypeError: Failed to fetch
=============================
====== JS ERROR CAUGHT ======
Unhandled Promise: TypeError: Failed to fetch
=============================
====== JS ERROR CAUGHT ======
Unhandled Promise: TypeError: Failed to fetch
=============================
====== JS ERROR CAUGHT ======
Unhandled Promise: TypeError: Failed to fetch
=============================
====== JS ERROR CAUGHT ======
Unhandled Promise: TypeError: Failed to fetch
=============================
====== JS ERROR CAUGHT ======
Unhandled Promise: TypeError: Failed to fetch
=============================
====== JS ERROR CAUGHT ======
Unhandled Promise: TypeError: Failed to fetch
=============================
====== JS ERROR CAUGHT ======
Unhandled Promise: TypeError: Failed to fetch
=============================
====== JS ERROR CAUGHT ======
Unhandled Promise: TypeError: Failed to fetch
=============================
====== JS ERROR CAUGHT ======
Unhandled Promise: TypeError: Failed to fetch
=============================
====== JS ERROR CAUGHT ======
Unhandled Promise: TypeError: Failed to fetch
=============================
====== JS ERROR CAUGHT ======
Unhandled Promise: TypeError: Failed to fetch
=============================
====== JS ERROR CAUGHT ======
Unhandled Promise: TypeError: Failed to fetch
=============================
====== JS ERROR CAUGHT ======
Unhandled Promise: TypeError: Failed to fetch
=============================
====== JS ERROR CAUGHT ======
Unhandled Promise: TypeError: Failed to fetch
=============================
====== JS ERROR CAUGHT ======
Unhandled Promise: TypeError: Failed to fetch
=============================
====== JS ERROR CAUGHT ======
Unhandled Promise: TypeError: Failed to fetch
=============================
====== JS ERROR CAUGHT ======
Unhandled Promise: TypeError: Failed to fetch
=============================
====== JS ERROR CAUGHT ======
Unhandled Promise: TypeError: Failed to fetch
=============================
====== JS ERROR CAUGHT ======
Unhandled Promise: TypeError: Failed to fetch
=============================
====== JS ERROR CAUGHT ======
Unhandled Promise: TypeError: Failed to fetch
=============================
====== JS ERROR CAUGHT ======
Unhandled Promise: TypeError: Failed to fetch
=============================
====== JS ERROR CAUGHT ======
Unhandled Promise: TypeError: Failed to fetch
=============================
====== JS ERROR CAUGHT ======
Unhandled Promise: TypeError: Failed to fetch
=============================
====== JS ERROR CAUGHT ======
Unhandled Promise: TypeError: Failed to fetch
=============================
====== JS ERROR CAUGHT ======
Unhandled Promise: TypeError: Failed to fetch
=============================
====== JS ERROR CAUGHT ======
Unhandled Promise: TypeError: Failed to fetch
=============================
====== JS ERROR CAUGHT ======
Unhandled Promise: TypeError: Failed to fetch
=============================
====== JS ERROR CAUGHT ======
Unhandled Promise: TypeError: Failed to fetch
=============================
====== JS ERROR CAUGHT ======
Unhandled Promise: TypeError: Failed to fetch
=============================
====== JS ERROR CAUGHT ======
Unhandled Promise: TypeError: Failed to fetch
=============================
====== JS ERROR CAUGHT ======
Unhandled Promise: TypeError: Failed to fetch
=============================
====== JS ERROR CAUGHT ======
Unhandled Promise: TypeError: Failed to fetch
=============================
====== JS ERROR CAUGHT ======
Unhandled Promise: TypeError: Failed to fetch
=============================
====== JS ERROR CAUGHT ======
Unhandled Promise: TypeError: Failed to fetch
=============================
====== JS ERROR CAUGHT ======
Unhandled Promise: TypeError: Failed to fetch
=============================
====== JS ERROR CAUGHT ======
Unhandled Promise: TypeError: Failed to fetch
=============================
====== JS ERROR CAUGHT ======
Unhandled Promise: TypeError: Failed to fetch
=============================
====== JS ERROR CAUGHT ======
Unhandled Promise: TypeError: Failed to fetch
=============================
====== JS ERROR CAUGHT ======
Unhandled Promise: TypeError: Failed to fetch
=============================
====== JS ERROR CAUGHT ======
Unhandled Promise: TypeError: Failed to fetch
=============================
====== JS ERROR CAUGHT ======
Unhandled Promise: TypeError: Failed to fetch
=============================
====== JS ERROR CAUGHT ======
Unhandled Promise: TypeError: Failed to fetch
=============================
====== JS ERROR CAUGHT ======
Unhandled Promise: TypeError: Failed to fetch
=============================
====== JS ERROR CAUGHT ======
Unhandled Promise: TypeError: Failed to fetch
=============================
====== JS ERROR CAUGHT ======
Unhandled Promise: TypeError: Failed to fetch
=============================
====== JS ERROR CAUGHT ======
Unhandled Promise: TypeError: Failed to fetch
=============================
====== JS ERROR CAUGHT ======
Unhandled Promise: TypeError: Failed to fetch
=============================
====== JS ERROR CAUGHT ======
Unhandled Promise: TypeError: Failed to fetch
=============================
====== JS ERROR CAUGHT ======
Unhandled Promise: TypeError: Failed to fetch
=============================
====== JS ERROR CAUGHT ======
Unhandled Promise: TypeError: Failed to fetch
=============================
====== JS ERROR CAUGHT ======
Unhandled Promise: TypeError: Failed to fetch
=============================
====== JS ERROR CAUGHT ======
Unhandled Promise: TypeError: Failed to fetch
=============================
====== JS ERROR CAUGHT ======
Unhandled Promise: TypeError: Failed to fetch
=============================
====== JS ERROR CAUGHT ======
Unhandled Promise: TypeError: Failed to fetch
=============================
====== JS ERROR CAUGHT ======
Unhandled Promise: TypeError: Failed to fetch
=============================
====== JS ERROR CAUGHT ======
Unhandled Promise: TypeError: Failed to fetch
=============================
====== JS ERROR CAUGHT ======
Unhandled Promise: TypeError: Failed to fetch
=============================
====== JS ERROR CAUGHT ======
Unhandled Promise: TypeError: Failed to fetch
=============================
====== JS ERROR CAUGHT ======
Unhandled Promise: TypeError: Failed to fetch
=============================
====== JS ERROR CAUGHT ======
Unhandled Promise: TypeError: Failed to fetch
=============================
====== JS ERROR CAUGHT ======
Unhandled Promise: TypeError: Failed to fetch
=============================
====== JS ERROR CAUGHT ======
Unhandled Promise: TypeError: Failed to fetch
=============================
====== JS ERROR CAUGHT ======
Unhandled Promise: TypeError: Failed to fetch
=============================
====== JS ERROR CAUGHT ======
Unhandled Promise: TypeError: Failed to fetch
=============================
====== JS ERROR CAUGHT ======
Unhandled Promise: TypeError: Failed to fetch
=============================
====== JS ERROR CAUGHT ======
Unhandled Promise: TypeError: Failed to fetch
=============================
====== JS ERROR CAUGHT ======
Unhandled Promise: TypeError: Failed to fetch
=============================
====== JS ERROR CAUGHT ======
Unhandled Promise: TypeError: Failed to fetch
=============================
====== JS ERROR CAUGHT ======
Unhandled Promise: TypeError: Failed to fetch
=============================
====== JS ERROR CAUGHT ======
Unhandled Promise: TypeError: Failed to fetch
=============================
====== JS ERROR CAUGHT ======
Unhandled Promise: TypeError: Failed to fetch
=============================
====== JS ERROR CAUGHT ======
Unhandled Promise: TypeError: Failed to fetch
=============================
====== JS ERROR CAUGHT ======
Unhandled Promise: TypeError: Failed to fetch
=============================
====== JS ERROR CAUGHT ======
Unhandled Promise: TypeError: Failed to fetch
=============================
====== JS ERROR CAUGHT ======
Unhandled Promise: TypeError: Failed to fetch
=============================
====== JS ERROR CAUGHT ======
Unhandled Promise: TypeError: Failed to fetch
=============================
====== JS ERROR CAUGHT ======
Unhandled Promise: TypeError: Failed to fetch
=============================
====== JS ERROR CAUGHT ======
Unhandled Promise: TypeError: Failed to fetch
=============================
====== JS ERROR CAUGHT ======
Unhandled Promise: TypeError: Failed to fetch
=============================
====== JS ERROR CAUGHT ======
Unhandled Promise: TypeError: Failed to fetch
=============================
====== JS ERROR CAUGHT ======
Unhandled Promise: TypeError: Failed to fetch
=============================
====== JS ERROR CAUGHT ======
Unhandled Promise: TypeError: Failed to fetch
=============================
====== JS ERROR CAUGHT ======
Unhandled Promise: TypeError: Failed to fetch
=============================
====== JS ERROR CAUGHT ======
Unhandled Promise: TypeError: Failed to fetch
=============================
====== JS ERROR CAUGHT ======
Unhandled Promise: TypeError: Failed to fetch
=============================
====== JS ERROR CAUGHT ======
Unhandled Promise: TypeError: Failed to fetch
=============================
====== JS ERROR CAUGHT ======
Unhandled Promise: TypeError: Failed to fetch
=============================
====== JS ERROR CAUGHT ======
Unhandled Promise: TypeError: Failed to fetch
=============================
====== JS ERROR CAUGHT ======
Unhandled Promise: TypeError: Failed to fetch
=============================
====== JS ERROR CAUGHT ======
Unhandled Promise: TypeError: Failed to fetch
=============================
====== JS ERROR CAUGHT ======
Unhandled Promise: TypeError: Failed to fetch
=============================
====== JS ERROR CAUGHT ======
Unhandled Promise: TypeError: Failed to fetch
=============================
====== JS ERROR CAUGHT ======
Unhandled Promise: TypeError: Failed to fetch
=============================
====== JS ERROR CAUGHT ======
Unhandled Promise: TypeError: Failed to fetch
=============================
====== JS ERROR CAUGHT ======
Unhandled Promise: TypeError: Failed to fetch
=============================
====== JS ERROR CAUGHT ======
Unhandled Promise: TypeError: Failed to fetch
=============================
====== JS ERROR CAUGHT ======
Unhandled Promise: TypeError: Failed to fetch
=============================
====== JS ERROR CAUGHT ======
Unhandled Promise: TypeError: Failed to fetch
=============================
====== JS ERROR CAUGHT ======
Unhandled Promise: TypeError: Failed to fetch
=============================
====== JS ERROR CAUGHT ======
Unhandled Promise: TypeError: Failed to fetch
=============================
====== JS ERROR CAUGHT ======
Unhandled Promise: TypeError: Failed to fetch
=============================
====== JS ERROR CAUGHT ======
Unhandled Promise: TypeError: Failed to fetch
=============================
====== JS ERROR CAUGHT ======
Unhandled Promise: TypeError: Failed to fetch
=============================
====== JS ERROR CAUGHT ======
Unhandled Promise: TypeError: Failed to fetch
=============================
====== JS ERROR CAUGHT ======
Unhandled Promise: TypeError: Failed to fetch
=============================
====== JS ERROR CAUGHT ======
Unhandled Promise: TypeError: Failed to fetch
=============================
====== JS ERROR CAUGHT ======
Unhandled Promise: TypeError: Failed to fetch
=============================
====== JS ERROR CAUGHT ======
Unhandled Promise: TypeError: Failed to fetch
=============================
====== JS ERROR CAUGHT ======
Unhandled Promise: TypeError: Failed to fetch
=============================
====== JS ERROR CAUGHT ======
Unhandled Promise: TypeError: Failed to fetch
=============================
====== JS ERROR CAUGHT ======
Unhandled Promise: TypeError: Failed to fetch
=============================
====== JS ERROR CAUGHT ======
Unhandled Promise: TypeError: Failed to fetch
=============================
====== JS ERROR CAUGHT ======
Unhandled Promise: TypeError: Failed to fetch
=============================
====== JS ERROR CAUGHT ======
Unhandled Promise: TypeError: Failed to fetch
=============================
====== JS ERROR CAUGHT ======
Unhandled Promise: TypeError: Failed to fetch
=============================
====== JS ERROR CAUGHT ======
Unhandled Promise: TypeError: Failed to fetch
=============================
====== JS ERROR CAUGHT ======
Unhandled Promise: TypeError: Failed to fetch
=============================
====== JS ERROR CAUGHT ======
Unhandled Promise: TypeError: Failed to fetch
=============================
====== JS ERROR CAUGHT ======
Unhandled Promise: TypeError: Failed to fetch
=============================
====== JS ERROR CAUGHT ======
Unhandled Promise: TypeError: Failed to fetch
=============================
====== JS ERROR CAUGHT ======
Unhandled Promise: TypeError: Failed to fetch
=============================
====== JS ERROR CAUGHT ======
Unhandled Promise: TypeError: Failed to fetch
=============================
====== JS ERROR CAUGHT ======
Unhandled Promise: TypeError: Failed to fetch
=============================
====== JS ERROR CAUGHT ======
Unhandled Promise: TypeError: Failed to fetch
=============================
====== JS ERROR CAUGHT ======
Unhandled Promise: TypeError: Failed to fetch
=============================
====== JS ERROR CAUGHT ======
Unhandled Promise: TypeError: Failed to fetch
=============================
====== JS ERROR CAUGHT ======
Unhandled Promise: TypeError: Failed to fetch
=============================
====== JS ERROR CAUGHT ======
Unhandled Promise: TypeError: Failed to fetch
=============================
====== JS ERROR CAUGHT ======
Unhandled Promise: TypeError: Failed to fetch
=============================
====== JS ERROR CAUGHT ======
Unhandled Promise: TypeError: Failed to fetch
=============================
====== JS ERROR CAUGHT ======
Unhandled Promise: TypeError: Failed to fetch
=============================
====== JS ERROR CAUGHT ======
Unhandled Promise: TypeError: Failed to fetch
=============================
====== JS ERROR CAUGHT ======
Unhandled Promise: TypeError: Failed to fetch
=============================
====== JS ERROR CAUGHT ======
Unhandled Promise: TypeError: Failed to fetch
=============================
====== JS ERROR CAUGHT ======
Unhandled Promise: TypeError: Failed to fetch
=============================
====== JS ERROR CAUGHT ======
Unhandled Promise: TypeError: Failed to fetch
=============================
====== JS ERROR CAUGHT ======
Unhandled Promise: TypeError: Failed to fetch
=============================
====== JS ERROR CAUGHT ======
Unhandled Promise: TypeError: Failed to fetch
=============================
====== JS ERROR CAUGHT ======
Unhandled Promise: TypeError: Failed to fetch
=============================
====== JS ERROR CAUGHT ======
Unhandled Promise: TypeError: Failed to fetch
=============================
====== JS ERROR CAUGHT ======
Unhandled Promise: TypeError: Failed to fetch
=============================
====== JS ERROR CAUGHT ======
Unhandled Promise: TypeError: Failed to fetch
=============================
====== JS ERROR CAUGHT ======
Unhandled Promise: TypeError: Failed to fetch
=============================
====== JS ERROR CAUGHT ======
Unhandled Promise: TypeError: Failed to fetch
=============================
====== JS ERROR CAUGHT ======
Unhandled Promise: TypeError: Failed to fetch
=============================
====== JS ERROR CAUGHT ======
Unhandled Promise: TypeError: Failed to fetch
=============================
====== JS ERROR CAUGHT ======
Unhandled Promise: TypeError: Failed to fetch
=============================
====== JS ERROR CAUGHT ======
Unhandled Promise: TypeError: Failed to fetch
=============================
====== JS ERROR CAUGHT ======
Unhandled Promise: TypeError: Failed to fetch
=============================
====== JS ERROR CAUGHT ======
Unhandled Promise: TypeError: Failed to fetch
=============================
====== JS ERROR CAUGHT ======
Unhandled Promise: TypeError: Failed to fetch
=============================
====== JS ERROR CAUGHT ======
Unhandled Promise: TypeError: Failed to fetch
=============================
====== JS ERROR CAUGHT ======
Unhandled Promise: TypeError: Failed to fetch
=============================
====== JS ERROR CAUGHT ======
Unhandled Promise: TypeError: Failed to fetch
=============================
====== JS ERROR CAUGHT ======
Unhandled Promise: TypeError: Failed to fetch
=============================
====== JS ERROR CAUGHT ======
Unhandled Promise: TypeError: Failed to fetch
=============================
====== JS ERROR CAUGHT ======
Unhandled Promise: TypeError: Failed to fetch
=============================
====== JS ERROR CAUGHT ======
Unhandled Promise: TypeError: Failed to fetch
=============================
====== JS ERROR CAUGHT ======
Unhandled Promise: TypeError: Failed to fetch
=============================
====== JS ERROR CAUGHT ======
Unhandled Promise: TypeError: Failed to fetch
=============================
====== JS ERROR CAUGHT ======
Unhandled Promise: TypeError: Failed to fetch
=============================
====== JS ERROR CAUGHT ======
Unhandled Promise: TypeError: Failed to fetch
=============================
====== JS ERROR CAUGHT ======
Unhandled Promise: TypeError: Failed to fetch
=============================
====== JS ERROR CAUGHT ======
Unhandled Promise: TypeError: Failed to fetch
=============================
====== JS ERROR CAUGHT ======
Unhandled Promise: TypeError: Failed to fetch
=============================
====== JS ERROR CAUGHT ======
Unhandled Promise: TypeError: Failed to fetch
=============================
====== JS ERROR CAUGHT ======
Unhandled Promise: TypeError: Failed to fetch
=============================
====== JS ERROR CAUGHT ======
Unhandled Promise: TypeError: Failed to fetch
=============================
====== JS ERROR CAUGHT ======
Unhandled Promise: TypeError: Failed to fetch
=============================
====== JS ERROR CAUGHT ======
Unhandled Promise: TypeError: Failed to fetch
=============================
====== JS ERROR CAUGHT ======
Unhandled Promise: TypeError: Failed to fetch
=============================
====== JS ERROR CAUGHT ======
Unhandled Promise: TypeError: Failed to fetch
=============================
====== JS ERROR CAUGHT ======
Unhandled Promise: TypeError: Failed to fetch
=============================
====== JS ERROR CAUGHT ======
Unhandled Promise: TypeError: Failed to fetch
=============================
====== JS ERROR CAUGHT ======
Unhandled Promise: TypeError: Failed to fetch
=============================
====== JS ERROR CAUGHT ======
Unhandled Promise: TypeError: Failed to fetch
=============================
====== JS ERROR CAUGHT ======
Unhandled Promise: TypeError: Failed to fetch
=============================
====== JS ERROR CAUGHT ======
Unhandled Promise: TypeError: Failed to fetch
=============================
====== JS ERROR CAUGHT ======
Unhandled Promise: TypeError: Failed to fetch
=============================
====== JS ERROR CAUGHT ======
Unhandled Promise: TypeError: Failed to fetch
=============================
====== JS ERROR CAUGHT ======
Unhandled Promise: TypeError: Failed to fetch
=============================
====== JS ERROR CAUGHT ======
Unhandled Promise: TypeError: Failed to fetch
=============================
====== JS ERROR CAUGHT ======
Unhandled Promise: TypeError: Failed to fetch
=============================
====== JS ERROR CAUGHT ======
Unhandled Promise: TypeError: Failed to fetch
=============================
====== JS ERROR CAUGHT ======
Unhandled Promise: TypeError: Failed to fetch
=============================
====== JS ERROR CAUGHT ======
Unhandled Promise: TypeError: Failed to fetch
=============================
====== JS ERROR CAUGHT ======
Unhandled Promise: TypeError: Failed to fetch
=============================
====== JS ERROR CAUGHT ======
Unhandled Promise: TypeError: Failed to fetch
=============================
====== JS ERROR CAUGHT ======
Unhandled Promise: TypeError: Failed to fetch
=============================
====== JS ERROR CAUGHT ======
Unhandled Promise: TypeError: Failed to fetch
=============================
====== JS ERROR CAUGHT ======
Unhandled Promise: TypeError: Failed to fetch
=============================
====== JS ERROR CAUGHT ======
Unhandled Promise: TypeError: Failed to fetch
=============================
====== JS ERROR CAUGHT ======
Unhandled Promise: TypeError: Failed to fetch
=============================
====== JS ERROR CAUGHT ======
Unhandled Promise: TypeError: Failed to fetch
=============================
====== JS ERROR CAUGHT ======
Unhandled Promise: TypeError: Failed to fetch
=============================
====== JS ERROR CAUGHT ======
Unhandled Promise: TypeError: Failed to fetch
=============================
====== JS ERROR CAUGHT ======
Unhandled Promise: TypeError: Failed to fetch
=============================
====== JS ERROR CAUGHT ======
Unhandled Promise: TypeError: Failed to fetch
=============================
====== JS ERROR CAUGHT ======
Unhandled Promise: TypeError: Failed to fetch
=============================
====== JS ERROR CAUGHT ======
Unhandled Promise: TypeError: Failed to fetch
=============================
====== JS ERROR CAUGHT ======
Unhandled Promise: TypeError: Failed to fetch
=============================
====== JS ERROR CAUGHT ======
Unhandled Promise: TypeError: Failed to fetch
=============================
====== JS ERROR CAUGHT ======
Unhandled Promise: TypeError: Failed to fetch
=============================
====== JS ERROR CAUGHT ======
Unhandled Promise: TypeError: Failed to fetch
=============================
====== JS ERROR CAUGHT ======
Unhandled Promise: TypeError: Failed to fetch
=============================
====== JS ERROR CAUGHT ======
Unhandled Promise: TypeError: Failed to fetch
=============================
====== JS ERROR CAUGHT ======
Unhandled Promise: TypeError: Failed to fetch
=============================
====== JS ERROR CAUGHT ======
Unhandled Promise: TypeError: Failed to fetch
=============================
====== JS ERROR CAUGHT ======
Unhandled Promise: TypeError: Failed to fetch
=============================
====== JS ERROR CAUGHT ======
Unhandled Promise: TypeError: Failed to fetch
=============================
====== JS ERROR CAUGHT ======
Unhandled Promise: TypeError: Failed to fetch
=============================
====== JS ERROR CAUGHT ======
Unhandled Promise: TypeError: Failed to fetch
=============================
====== JS ERROR CAUGHT ======
Unhandled Promise: TypeError: Failed to fetch
=============================
====== JS ERROR CAUGHT ======
Unhandled Promise: TypeError: Failed to fetch
=============================
====== JS ERROR CAUGHT ======
Unhandled Promise: TypeError: Failed to fetch
=============================
====== JS ERROR CAUGHT ======
Unhandled Promise: TypeError: Failed to fetch
=============================
====== JS ERROR CAUGHT ======
Unhandled Promise: TypeError: Failed to fetch
=============================
====== JS ERROR CAUGHT ======
Unhandled Promise: TypeError: Failed to fetch
=============================
====== JS ERROR CAUGHT ======
Unhandled Promise: TypeError: Failed to fetch
=============================
====== JS ERROR CAUGHT ======
Unhandled Promise: TypeError: Failed to fetch
=============================
====== JS ERROR CAUGHT ======
Unhandled Promise: TypeError: Failed to fetch
=============================
====== JS ERROR CAUGHT ======
Unhandled Promise: TypeError: Failed to fetch
=============================
====== JS ERROR CAUGHT ======
Unhandled Promise: TypeError: Failed to fetch
=============================
====== JS ERROR CAUGHT ======
Unhandled Promise: TypeError: Failed to fetch
=============================
====== JS ERROR CAUGHT ======
Unhandled Promise: TypeError: Failed to fetch
=============================
====== JS ERROR CAUGHT ======
Unhandled Promise: TypeError: Failed to fetch
=============================
====== JS ERROR CAUGHT ======
Unhandled Promise: TypeError: Failed to fetch
=============================
====== JS ERROR CAUGHT ======
Unhandled Promise: TypeError: Failed to fetch
=============================
====== JS ERROR CAUGHT ======
Unhandled Promise: TypeError: Failed to fetch
=============================
====== JS ERROR CAUGHT ======
Unhandled Promise: TypeError: Failed to fetch
=============================
====== JS ERROR CAUGHT ======
Unhandled Promise: TypeError: Failed to fetch
=============================
====== JS ERROR CAUGHT ======
Unhandled Promise: TypeError: Failed to fetch
=============================
====== JS ERROR CAUGHT ======
Unhandled Promise: TypeError: Failed to fetch
=============================
====== JS ERROR CAUGHT ======
Unhandled Promise: TypeError: Failed to fetch
=============================
====== JS ERROR CAUGHT ======
Unhandled Promise: TypeError: Failed to fetch
=============================
====== JS ERROR CAUGHT ======
Unhandled Promise: TypeError: Failed to fetch
=============================
====== JS ERROR CAUGHT ======
Unhandled Promise: TypeError: Failed to fetch
=============================
====== JS ERROR CAUGHT ======
Unhandled Promise: TypeError: Failed to fetch
=============================
====== JS ERROR CAUGHT ======
Unhandled Promise: TypeError: Failed to fetch
=============================
====== JS ERROR CAUGHT ======
Unhandled Promise: TypeError: Failed to fetch
=============================
====== JS ERROR CAUGHT ======
Unhandled Promise: TypeError: Failed to fetch
=============================
====== JS ERROR CAUGHT ======
Unhandled Promise: TypeError: Failed to fetch
=============================
====== JS ERROR CAUGHT ======
Unhandled Promise: TypeError: Failed to fetch
=============================
====== JS ERROR CAUGHT ======
Unhandled Promise: TypeError: Failed to fetch
=============================
====== JS ERROR CAUGHT ======
Unhandled Promise: TypeError: Failed to fetch
=============================
====== JS ERROR CAUGHT ======
Unhandled Promise: TypeError: Failed to fetch
=============================
====== JS ERROR CAUGHT ======
Unhandled Promise: TypeError: Failed to fetch
=============================
====== JS ERROR CAUGHT ======
Unhandled Promise: TypeError: Failed to fetch
=============================
====== JS ERROR CAUGHT ======
Unhandled Promise: TypeError: Failed to fetch
=============================
====== JS ERROR CAUGHT ======
Unhandled Promise: TypeError: Failed to fetch
=============================
====== JS ERROR CAUGHT ======
Unhandled Promise: TypeError: Failed to fetch
=============================
====== JS ERROR CAUGHT ======
Unhandled Promise: TypeError: Failed to fetch
=============================
====== JS ERROR CAUGHT ======
Unhandled Promise: TypeError: Failed to fetch
=============================
====== JS ERROR CAUGHT ======
Unhandled Promise: TypeError: Failed to fetch
=============================
====== JS ERROR CAUGHT ======
Unhandled Promise: TypeError: Failed to fetch
=============================
====== JS ERROR CAUGHT ======
Unhandled Promise: TypeError: Failed to fetch
=============================
====== JS ERROR CAUGHT ======
Unhandled Promise: TypeError: Failed to fetch
=============================
====== JS ERROR CAUGHT ======
Unhandled Promise: TypeError: Failed to fetch
=============================
====== JS ERROR CAUGHT ======
Unhandled Promise: TypeError: Failed to fetch
=============================
====== JS ERROR CAUGHT ======
Unhandled Promise: TypeError: Failed to fetch
=============================
====== JS ERROR CAUGHT ======
Unhandled Promise: TypeError: Failed to fetch
=============================
====== JS ERROR CAUGHT ======
Unhandled Promise: TypeError: Failed to fetch
=============================
====== JS ERROR CAUGHT ======
Unhandled Promise: TypeError: Failed to fetch
=============================
====== JS ERROR CAUGHT ======
Unhandled Promise: TypeError: Failed to fetch
=============================
====== JS ERROR CAUGHT ======
Unhandled Promise: TypeError: Failed to fetch
=============================
====== JS ERROR CAUGHT ======
Unhandled Promise: TypeError: Failed to fetch
=============================
====== JS ERROR CAUGHT ======
Unhandled Promise: TypeError: Failed to fetch
=============================
====== JS ERROR CAUGHT ======
Unhandled Promise: TypeError: Failed to fetch
=============================
====== JS ERROR CAUGHT ======
Unhandled Promise: TypeError: Failed to fetch
=============================
====== JS ERROR CAUGHT ======
Unhandled Promise: TypeError: Failed to fetch
=============================
====== JS ERROR CAUGHT ======
Unhandled Promise: TypeError: Failed to fetch
=============================
====== JS ERROR CAUGHT ======
Unhandled Promise: TypeError: Failed to fetch
=============================
====== JS ERROR CAUGHT ======
Unhandled Promise: TypeError: Failed to fetch
=============================
====== JS ERROR CAUGHT ======
Unhandled Promise: TypeError: Failed to fetch
=============================
====== JS ERROR CAUGHT ======
Unhandled Promise: TypeError: Failed to fetch
=============================
====== JS ERROR CAUGHT ======
Unhandled Promise: TypeError: Failed to fetch
=============================
====== JS ERROR CAUGHT ======
Unhandled Promise: TypeError: Failed to fetch
=============================
====== JS ERROR CAUGHT ======
Unhandled Promise: TypeError: Failed to fetch
=============================
====== JS ERROR CAUGHT ======
Unhandled Promise: TypeError: Failed to fetch
=============================
====== JS ERROR CAUGHT ======
Unhandled Promise: TypeError: Failed to fetch
=============================
====== JS ERROR CAUGHT ======
Unhandled Promise: TypeError: Failed to fetch
=============================
====== JS ERROR CAUGHT ======
Unhandled Promise: TypeError: Failed to fetch
=============================
====== JS ERROR CAUGHT ======
Unhandled Promise: TypeError: Failed to fetch
=============================
====== JS ERROR CAUGHT ======
Unhandled Promise: TypeError: Failed to fetch
=============================
====== JS ERROR CAUGHT ======
Unhandled Promise: TypeError: Failed to fetch
=============================
====== JS ERROR CAUGHT ======
Unhandled Promise: TypeError: Failed to fetch
=============================
====== JS ERROR CAUGHT ======
Unhandled Promise: TypeError: Failed to fetch
=============================
====== JS ERROR CAUGHT ======
Unhandled Promise: TypeError: Failed to fetch
=============================
====== JS ERROR CAUGHT ======
Unhandled Promise: TypeError: Failed to fetch
=============================
====== JS ERROR CAUGHT ======
Unhandled Promise: TypeError: Failed to fetch
=============================
====== JS ERROR CAUGHT ======
Unhandled Promise: TypeError: Failed to fetch
=============================
====== JS ERROR CAUGHT ======
Unhandled Promise: TypeError: Failed to fetch
=============================
====== JS ERROR CAUGHT ======
Unhandled Promise: TypeError: Failed to fetch
=============================
====== JS ERROR CAUGHT ======
Unhandled Promise: TypeError: Failed to fetch
=============================
====== JS ERROR CAUGHT ======
Unhandled Promise: TypeError: Failed to fetch
=============================
====== JS ERROR CAUGHT ======
Unhandled Promise: TypeError: Failed to fetch
=============================
====== JS ERROR CAUGHT ======
Unhandled Promise: TypeError: Failed to fetch
=============================
====== JS ERROR CAUGHT ======
Unhandled Promise: TypeError: Failed to fetch
=============================
====== JS ERROR CAUGHT ======
Unhandled Promise: TypeError: Failed to fetch
=============================
====== JS ERROR CAUGHT ======
Unhandled Promise: TypeError: Failed to fetch
=============================
====== JS ERROR CAUGHT ======
Unhandled Promise: TypeError: Failed to fetch
=============================
====== JS ERROR CAUGHT ======
Unhandled Promise: TypeError: Failed to fetch
=============================
====== JS ERROR CAUGHT ======
Unhandled Promise: TypeError: Failed to fetch
=============================
====== JS ERROR CAUGHT ======
Unhandled Promise: TypeError: Failed to fetch
=============================
====== JS ERROR CAUGHT ======
Unhandled Promise: TypeError: Failed to fetch
=============================
====== JS ERROR CAUGHT ======
Unhandled Promise: TypeError: Failed to fetch
=============================
====== JS ERROR CAUGHT ======
Unhandled Promise: TypeError: Failed to fetch
=============================
====== JS ERROR CAUGHT ======
Unhandled Promise: TypeError: Failed to fetch
=============================
====== JS ERROR CAUGHT ======
Unhandled Promise: TypeError: Failed to fetch
=============================
====== JS ERROR CAUGHT ======
Unhandled Promise: TypeError: Failed to fetch
=============================
====== JS ERROR CAUGHT ======
Unhandled Promise: TypeError: Failed to fetch
=============================
====== JS ERROR CAUGHT ======
Unhandled Promise: TypeError: Failed to fetch
=============================
====== JS ERROR CAUGHT ======
Unhandled Promise: TypeError: Failed to fetch
=============================
====== JS ERROR CAUGHT ======
Unhandled Promise: TypeError: Failed to fetch
=============================
====== JS ERROR CAUGHT ======
Unhandled Promise: TypeError: Failed to fetch
=============================
====== JS ERROR CAUGHT ======
Unhandled Promise: TypeError: Failed to fetch
=============================
====== JS ERROR CAUGHT ======
Unhandled Promise: TypeError: Failed to fetch
=============================
====== JS ERROR CAUGHT ======
Unhandled Promise: TypeError: Failed to fetch
=============================
====== JS ERROR CAUGHT ======
Unhandled Promise: TypeError: Failed to fetch
=============================
====== JS ERROR CAUGHT ======
Unhandled Promise: TypeError: Failed to fetch
=============================
====== JS ERROR CAUGHT ======
Unhandled Promise: TypeError: Failed to fetch
=============================
====== JS ERROR CAUGHT ======
Unhandled Promise: TypeError: Failed to fetch
=============================
====== JS ERROR CAUGHT ======
Unhandled Promise: TypeError: Failed to fetch
=============================
====== JS ERROR CAUGHT ======
Unhandled Promise: TypeError: Failed to fetch
=============================
====== JS ERROR CAUGHT ======
Unhandled Promise: TypeError: Failed to fetch
=============================
====== JS ERROR CAUGHT ======
Unhandled Promise: TypeError: Failed to fetch
=============================
====== JS ERROR CAUGHT ======
Unhandled Promise: TypeError: Failed to fetch
=============================
====== JS ERROR CAUGHT ======
Unhandled Promise: TypeError: Failed to fetch
=============================
====== JS ERROR CAUGHT ======
Unhandled Promise: TypeError: Failed to fetch
=============================
====== JS ERROR CAUGHT ======
Unhandled Promise: TypeError: Failed to fetch
=============================
====== JS ERROR CAUGHT ======
Unhandled Promise: TypeError: Failed to fetch
=============================
====== JS ERROR CAUGHT ======
Unhandled Promise: TypeError: Failed to fetch
=============================
====== JS ERROR CAUGHT ======
Unhandled Promise: TypeError: Failed to fetch
=============================
====== JS ERROR CAUGHT ======
Unhandled Promise: TypeError: Failed to fetch
=============================
====== JS ERROR CAUGHT ======
Unhandled Promise: TypeError: Failed to fetch
=============================
====== JS ERROR CAUGHT ======
Unhandled Promise: TypeError: Failed to fetch
=============================
====== JS ERROR CAUGHT ======
Unhandled Promise: TypeError: Failed to fetch
=============================
====== JS ERROR CAUGHT ======
Unhandled Promise: TypeError: Failed to fetch
=============================
====== JS ERROR CAUGHT ======
Unhandled Promise: TypeError: Failed to fetch
=============================
====== JS ERROR CAUGHT ======
Unhandled Promise: TypeError: Failed to fetch
=============================
====== JS ERROR CAUGHT ======
Unhandled Promise: TypeError: Failed to fetch
=============================
====== JS ERROR CAUGHT ======
Unhandled Promise: TypeError: Failed to fetch
=============================
====== JS ERROR CAUGHT ======
Unhandled Promise: TypeError: Failed to fetch
=============================
====== JS ERROR CAUGHT ======
Unhandled Promise: TypeError: Failed to fetch
=============================
====== JS ERROR CAUGHT ======
Unhandled Promise: TypeError: Failed to fetch
=============================
====== JS ERROR CAUGHT ======
Unhandled Promise: TypeError: Failed to fetch
=============================
====== JS ERROR CAUGHT ======
Unhandled Promise: TypeError: Failed to fetch
=============================
====== JS ERROR CAUGHT ======
Unhandled Promise: TypeError: Failed to fetch
=============================
====== JS ERROR CAUGHT ======
Unhandled Promise: TypeError: Failed to fetch
=============================
====== JS ERROR CAUGHT ======
Unhandled Promise: TypeError: Failed to fetch
=============================
====== JS ERROR CAUGHT ======
Unhandled Promise: TypeError: Failed to fetch
=============================
====== JS ERROR CAUGHT ======
Unhandled Promise: TypeError: Failed to fetch
=============================
====== JS ERROR CAUGHT ======
Unhandled Promise: TypeError: Failed to fetch
=============================
====== JS ERROR CAUGHT ======
Unhandled Promise: TypeError: Failed to fetch
=============================
====== JS ERROR CAUGHT ======
Unhandled Promise: TypeError: Failed to fetch
=============================
====== JS ERROR CAUGHT ======
Unhandled Promise: TypeError: Failed to fetch
=============================
====== JS ERROR CAUGHT ======
Unhandled Promise: TypeError: Failed to fetch
=============================
====== JS ERROR CAUGHT ======
Unhandled Promise: TypeError: Failed to fetch
=============================
====== JS ERROR CAUGHT ======
Unhandled Promise: TypeError: Failed to fetch
=============================
====== JS ERROR CAUGHT ======
Unhandled Promise: TypeError: Failed to fetch
=============================
====== JS ERROR CAUGHT ======
Unhandled Promise: TypeError: Failed to fetch
=============================
====== JS ERROR CAUGHT ======
Unhandled Promise: TypeError: Failed to fetch
=============================
====== JS ERROR CAUGHT ======
Unhandled Promise: TypeError: Failed to fetch
=============================
====== JS ERROR CAUGHT ======
Unhandled Promise: TypeError: Failed to fetch
=============================
====== JS ERROR CAUGHT ======
Unhandled Promise: TypeError: Failed to fetch
=============================
====== JS ERROR CAUGHT ======
Unhandled Promise: TypeError: Failed to fetch
=============================
====== JS ERROR CAUGHT ======
Unhandled Promise: TypeError: Failed to fetch
=============================
====== JS ERROR CAUGHT ======
Unhandled Promise: TypeError: Failed to fetch
=============================
====== JS ERROR CAUGHT ======
Unhandled Promise: TypeError: Failed to fetch
=============================
====== JS ERROR CAUGHT ======
Unhandled Promise: TypeError: Failed to fetch
=============================
====== JS ERROR CAUGHT ======
Unhandled Promise: TypeError: Failed to fetch
=============================
====== JS ERROR CAUGHT ======
Unhandled Promise: TypeError: Failed to fetch
=============================
====== JS ERROR CAUGHT ======
Unhandled Promise: TypeError: Failed to fetch
=============================
====== JS ERROR CAUGHT ======
Unhandled Promise: TypeError: Failed to fetch
=============================
====== JS ERROR CAUGHT ======
Unhandled Promise: TypeError: Failed to fetch
=============================
====== JS ERROR CAUGHT ======
Unhandled Promise: TypeError: Failed to fetch
=============================
====== JS ERROR CAUGHT ======
Unhandled Promise: TypeError: Failed to fetch
=============================
====== JS ERROR CAUGHT ======
Unhandled Promise: TypeError: Failed to fetch
=============================
====== JS ERROR CAUGHT ======
Unhandled Promise: TypeError: Failed to fetch
=============================
====== JS ERROR CAUGHT ======
Unhandled Promise: TypeError: Failed to fetch
=============================
====== JS ERROR CAUGHT ======
Unhandled Promise: TypeError: Failed to fetch
=============================
====== JS ERROR CAUGHT ======
Unhandled Promise: TypeError: Failed to fetch
=============================
====== JS ERROR CAUGHT ======
Unhandled Promise: TypeError: Failed to fetch
=============================
====== JS ERROR CAUGHT ======
Unhandled Promise: TypeError: Failed to fetch
=============================
====== JS ERROR CAUGHT ======
Unhandled Promise: TypeError: Failed to fetch
=============================
====== JS ERROR CAUGHT ======
Unhandled Promise: TypeError: Failed to fetch
=============================
====== JS ERROR CAUGHT ======
Unhandled Promise: TypeError: Failed to fetch
=============================
====== JS ERROR CAUGHT ======
Unhandled Promise: TypeError: Failed to fetch
=============================
====== JS ERROR CAUGHT ======
Unhandled Promise: TypeError: Failed to fetch
=============================
====== JS ERROR CAUGHT ======
Unhandled Promise: TypeError: Failed to fetch
=============================
====== JS ERROR CAUGHT ======
Unhandled Promise: TypeError: Failed to fetch
=============================
====== JS ERROR CAUGHT ======
Unhandled Promise: TypeError: Failed to fetch
=============================
====== JS ERROR CAUGHT ======
Unhandled Promise: TypeError: Failed to fetch
=============================
====== JS ERROR CAUGHT ======
Unhandled Promise: TypeError: Failed to fetch
=============================
====== JS ERROR CAUGHT ======
Unhandled Promise: TypeError: Failed to fetch
=============================
====== JS ERROR CAUGHT ======
Unhandled Promise: TypeError: Failed to fetch
=============================
====== JS ERROR CAUGHT ======
Unhandled Promise: TypeError: Failed to fetch
=============================
====== JS ERROR CAUGHT ======
Unhandled Promise: TypeError: Failed to fetch
=============================
====== JS ERROR CAUGHT ======
Unhandled Promise: TypeError: Failed to fetch
=============================
====== JS ERROR CAUGHT ======
Unhandled Promise: TypeError: Failed to fetch
=============================
====== JS ERROR CAUGHT ======
Unhandled Promise: TypeError: Failed to fetch
=============================
====== JS ERROR CAUGHT ======
Unhandled Promise: TypeError: Failed to fetch
=============================
====== JS ERROR CAUGHT ======
Unhandled Promise: TypeError: Failed to fetch
=============================
====== JS ERROR CAUGHT ======
Unhandled Promise: TypeError: Failed to fetch
=============================
====== JS ERROR CAUGHT ======
Unhandled Promise: TypeError: Failed to fetch
=============================
====== JS ERROR CAUGHT ======
Unhandled Promise: TypeError: Failed to fetch
=============================
====== JS ERROR CAUGHT ======
Unhandled Promise: TypeError: Failed to fetch
=============================
====== JS ERROR CAUGHT ======
Unhandled Promise: TypeError: Failed to fetch
=============================
====== JS ERROR CAUGHT ======
Unhandled Promise: TypeError: Failed to fetch
=============================
====== JS ERROR CAUGHT ======
Unhandled Promise: TypeError: Failed to fetch
=============================
====== JS ERROR CAUGHT ======
Unhandled Promise: TypeError: Failed to fetch
=============================
====== JS ERROR CAUGHT ======
Unhandled Promise: TypeError: Failed to fetch
=============================
====== JS ERROR CAUGHT ======
Unhandled Promise: TypeError: Failed to fetch
=============================
====== JS ERROR CAUGHT ======
Unhandled Promise: TypeError: Failed to fetch
=============================
====== JS ERROR CAUGHT ======
Unhandled Promise: TypeError: Failed to fetch
=============================
====== JS ERROR CAUGHT ======
Unhandled Promise: TypeError: Failed to fetch
=============================
====== JS ERROR CAUGHT ======
Unhandled Promise: TypeError: Failed to fetch
=============================
====== JS ERROR CAUGHT ======
Unhandled Promise: TypeError: Failed to fetch
=============================
====== JS ERROR CAUGHT ======
Unhandled Promise: TypeError: Failed to fetch
=============================
====== JS ERROR CAUGHT ======
Unhandled Promise: TypeError: Failed to fetch
=============================
====== JS ERROR CAUGHT ======
Unhandled Promise: TypeError: Failed to fetch
=============================
====== JS ERROR CAUGHT ======
Unhandled Promise: TypeError: Failed to fetch
=============================
====== JS ERROR CAUGHT ======
Unhandled Promise: TypeError: Failed to fetch
=============================
====== JS ERROR CAUGHT ======
Unhandled Promise: TypeError: Failed to fetch
=============================
====== JS ERROR CAUGHT ======
Unhandled Promise: TypeError: Failed to fetch
=============================
====== JS ERROR CAUGHT ======
Unhandled Promise: TypeError: Failed to fetch
=============================
====== JS ERROR CAUGHT ======
Unhandled Promise: TypeError: Failed to fetch
=============================
====== JS ERROR CAUGHT ======
Unhandled Promise: TypeError: Failed to fetch
=============================
====== JS ERROR CAUGHT ======
Unhandled Promise: TypeError: Failed to fetch
=============================
====== JS ERROR CAUGHT ======
Unhandled Promise: TypeError: Failed to fetch
=============================
====== JS ERROR CAUGHT ======
Unhandled Promise: TypeError: Failed to fetch
=============================
====== JS ERROR CAUGHT ======
Unhandled Promise: TypeError: Failed to fetch
=============================
====== JS ERROR CAUGHT ======
Unhandled Promise: TypeError: Failed to fetch
=============================
====== JS ERROR CAUGHT ======
Unhandled Promise: TypeError: Failed to fetch
=============================
====== JS ERROR CAUGHT ======
Unhandled Promise: TypeError: Failed to fetch
=============================
====== JS ERROR CAUGHT ======
Unhandled Promise: TypeError: Failed to fetch
=============================
====== JS ERROR CAUGHT ======
Unhandled Promise: TypeError: Failed to fetch
=============================
====== JS ERROR CAUGHT ======
Unhandled Promise: TypeError: Failed to fetch
=============================
====== JS ERROR CAUGHT ======
Unhandled Promise: TypeError: Failed to fetch
=============================
====== JS ERROR CAUGHT ======
Unhandled Promise: TypeError: Failed to fetch
=============================
====== JS ERROR CAUGHT ======
Unhandled Promise: TypeError: Failed to fetch
=============================
====== JS ERROR CAUGHT ======
Unhandled Promise: TypeError: Failed to fetch
=============================
====== JS ERROR CAUGHT ======
Unhandled Promise: TypeError: Failed to fetch
=============================
====== JS ERROR CAUGHT ======
Unhandled Promise: TypeError: Failed to fetch
=============================
====== JS ERROR CAUGHT ======
Unhandled Promise: TypeError: Failed to fetch
=============================
====== JS ERROR CAUGHT ======
Unhandled Promise: TypeError: Failed to fetch
=============================
====== JS ERROR CAUGHT ======
Unhandled Promise: TypeError: Failed to fetch
=============================
====== JS ERROR CAUGHT ======
Unhandled Promise: TypeError: Failed to fetch
=============================
====== JS ERROR CAUGHT ======
Unhandled Promise: TypeError: Failed to fetch
=============================
====== JS ERROR CAUGHT ======
Unhandled Promise: TypeError: Failed to fetch
=============================
====== JS ERROR CAUGHT ======
Unhandled Promise: TypeError: Failed to fetch
=============================
====== JS ERROR CAUGHT ======
Unhandled Promise: TypeError: Failed to fetch
=============================
====== JS ERROR CAUGHT ======
Unhandled Promise: TypeError: Failed to fetch
=============================
====== JS ERROR CAUGHT ======
Unhandled Promise: TypeError: Failed to fetch
=============================
====== JS ERROR CAUGHT ======
Unhandled Promise: TypeError: Failed to fetch
=============================
====== JS ERROR CAUGHT ======
Unhandled Promise: TypeError: Failed to fetch
=============================
====== JS ERROR CAUGHT ======
Unhandled Promise: TypeError: Failed to fetch
=============================
====== JS ERROR CAUGHT ======
Unhandled Promise: TypeError: Failed to fetch
=============================
====== JS ERROR CAUGHT ======
Unhandled Promise: TypeError: Failed to fetch
=============================
====== JS ERROR CAUGHT ======
Unhandled Promise: TypeError: Failed to fetch
=============================
====== JS ERROR CAUGHT ======
Unhandled Promise: TypeError: Failed to fetch
=============================
====== JS ERROR CAUGHT ======
Unhandled Promise: TypeError: Failed to fetch
=============================
====== JS ERROR CAUGHT ======
Unhandled Promise: TypeError: Failed to fetch
=============================
====== JS ERROR CAUGHT ======
Unhandled Promise: TypeError: Failed to fetch
=============================
====== JS ERROR CAUGHT ======
Unhandled Promise: TypeError: Failed to fetch
=============================
====== JS ERROR CAUGHT ======
Unhandled Promise: TypeError: Failed to fetch
=============================
====== JS ERROR CAUGHT ======
Unhandled Promise: TypeError: Failed to fetch
=============================
====== JS ERROR CAUGHT ======
Unhandled Promise: TypeError: Failed to fetch
=============================
====== JS ERROR CAUGHT ======
Unhandled Promise: TypeError: Failed to fetch
=============================
====== JS ERROR CAUGHT ======
Unhandled Promise: TypeError: Failed to fetch
=============================
====== JS ERROR CAUGHT ======
Unhandled Promise: TypeError: Failed to fetch
=============================
====== JS ERROR CAUGHT ======
Unhandled Promise: TypeError: Failed to fetch
=============================
====== JS ERROR CAUGHT ======
Unhandled Promise: TypeError: Failed to fetch
=============================
====== JS ERROR CAUGHT ======
Unhandled Promise: TypeError: Failed to fetch
=============================
====== JS ERROR CAUGHT ======
Unhandled Promise: TypeError: Failed to fetch
=============================
====== JS ERROR CAUGHT ======
Unhandled Promise: TypeError: Failed to fetch
=============================
====== JS ERROR CAUGHT ======
Unhandled Promise: TypeError: Failed to fetch
=============================
====== JS ERROR CAUGHT ======
Unhandled Promise: TypeError: Failed to fetch
=============================
====== JS ERROR CAUGHT ======
Unhandled Promise: TypeError: Failed to fetch
=============================
====== JS ERROR CAUGHT ======
Unhandled Promise: TypeError: Failed to fetch
=============================
====== JS ERROR CAUGHT ======
Unhandled Promise: TypeError: Failed to fetch
=============================
====== JS ERROR CAUGHT ======
Unhandled Promise: TypeError: Failed to fetch
=============================
====== JS ERROR CAUGHT ======
Unhandled Promise: TypeError: Failed to fetch
=============================
====== JS ERROR CAUGHT ======
Unhandled Promise: TypeError: Failed to fetch
=============================
====== JS ERROR CAUGHT ======
Unhandled Promise: TypeError: Failed to fetch
=============================
====== JS ERROR CAUGHT ======
Unhandled Promise: TypeError: Failed to fetch
=============================
====== JS ERROR CAUGHT ======
Unhandled Promise: TypeError: Failed to fetch
=============================
====== JS ERROR CAUGHT ======
Unhandled Promise: TypeError: Failed to fetch
=============================
====== JS ERROR CAUGHT ======
Unhandled Promise: TypeError: Failed to fetch
=============================
====== JS ERROR CAUGHT ======
Unhandled Promise: TypeError: Failed to fetch
=============================
====== JS ERROR CAUGHT ======
Unhandled Promise: TypeError: Failed to fetch
=============================
====== JS ERROR CAUGHT ======
Unhandled Promise: TypeError: Failed to fetch
=============================
====== JS ERROR CAUGHT ======
Unhandled Promise: TypeError: Failed to fetch
=============================
====== JS ERROR CAUGHT ======
Unhandled Promise: TypeError: Failed to fetch
=============================
====== JS ERROR CAUGHT ======
Unhandled Promise: TypeError: Failed to fetch
=============================
====== JS ERROR CAUGHT ======
Unhandled Promise: TypeError: Failed to fetch
=============================
====== JS ERROR CAUGHT ======
Unhandled Promise: TypeError: Failed to fetch
=============================
====== JS ERROR CAUGHT ======
Unhandled Promise: TypeError: Failed to fetch
=============================
====== JS ERROR CAUGHT ======
Unhandled Promise: TypeError: Failed to fetch
=============================
====== JS ERROR CAUGHT ======
Unhandled Promise: TypeError: Failed to fetch
=============================
====== JS ERROR CAUGHT ======
Unhandled Promise: TypeError: Failed to fetch
=============================
====== JS ERROR CAUGHT ======
Unhandled Promise: TypeError: Failed to fetch
=============================
====== JS ERROR CAUGHT ======
Unhandled Promise: TypeError: Failed to fetch
=============================
====== JS ERROR CAUGHT ======
Unhandled Promise: TypeError: Failed to fetch
=============================
====== JS ERROR CAUGHT ======
Unhandled Promise: TypeError: Failed to fetch
=============================
====== JS ERROR CAUGHT ======
Unhandled Promise: TypeError: Failed to fetch
=============================
====== JS ERROR CAUGHT ======
Unhandled Promise: TypeError: Failed to fetch
=============================
====== JS ERROR CAUGHT ======
Unhandled Promise: TypeError: Failed to fetch
=============================
====== JS ERROR CAUGHT ======
Unhandled Promise: TypeError: Failed to fetch
=============================
====== JS ERROR CAUGHT ======
Unhandled Promise: TypeError: Failed to fetch
=============================
====== JS ERROR CAUGHT ======
Unhandled Promise: TypeError: Failed to fetch
=============================
====== JS ERROR CAUGHT ======
Unhandled Promise: TypeError: Failed to fetch
=============================
====== JS ERROR CAUGHT ======
Unhandled Promise: TypeError: Failed to fetch
=============================
====== JS ERROR CAUGHT ======
Unhandled Promise: TypeError: Failed to fetch
=============================
====== JS ERROR CAUGHT ======
Unhandled Promise: TypeError: Failed to fetch
=============================
====== JS ERROR CAUGHT ======
Unhandled Promise: TypeError: Failed to fetch
=============================
====== JS ERROR CAUGHT ======
Unhandled Promise: TypeError: Failed to fetch
=============================
====== JS ERROR CAUGHT ======
Unhandled Promise: TypeError: Failed to fetch
=============================
====== JS ERROR CAUGHT ======
Unhandled Promise: TypeError: Failed to fetch
=============================
====== JS ERROR CAUGHT ======
Unhandled Promise: TypeError: Failed to fetch
=============================
====== JS ERROR CAUGHT ======
Unhandled Promise: TypeError: Failed to fetch
=============================
====== JS ERROR CAUGHT ======
Unhandled Promise: TypeError: Failed to fetch
=============================
====== JS ERROR CAUGHT ======
Unhandled Promise: TypeError: Failed to fetch
=============================
====== JS ERROR CAUGHT ======
Unhandled Promise: TypeError: Failed to fetch
=============================
====== JS ERROR CAUGHT ======
Unhandled Promise: TypeError: Failed to fetch
=============================
====== JS ERROR CAUGHT ======
Unhandled Promise: TypeError: Failed to fetch
=============================
====== JS ERROR CAUGHT ======
Unhandled Promise: TypeError: Failed to fetch
=============================
====== JS ERROR CAUGHT ======
Unhandled Promise: TypeError: Failed to fetch
=============================
====== JS ERROR CAUGHT ======
Unhandled Promise: TypeError: Failed to fetch
=============================
====== JS ERROR CAUGHT ======
Unhandled Promise: TypeError: Failed to fetch
=============================
====== JS ERROR CAUGHT ======
Unhandled Promise: TypeError: Failed to fetch
=============================
====== JS ERROR CAUGHT ======
Unhandled Promise: TypeError: Failed to fetch
=============================
====== JS ERROR CAUGHT ======
Unhandled Promise: TypeError: Failed to fetch
=============================
====== JS ERROR CAUGHT ======
Unhandled Promise: TypeError: Failed to fetch
=============================
====== JS ERROR CAUGHT ======
Unhandled Promise: TypeError: Failed to fetch
=============================
====== JS ERROR CAUGHT ======
Unhandled Promise: TypeError: Failed to fetch
=============================
====== JS ERROR CAUGHT ======
Unhandled Promise: TypeError: Failed to fetch
=============================
====== JS ERROR CAUGHT ======
Unhandled Promise: TypeError: Failed to fetch
=============================
====== JS ERROR CAUGHT ======
Unhandled Promise: TypeError: Failed to fetch
=============================
====== JS ERROR CAUGHT ======
Unhandled Promise: TypeError: Failed to fetch
=============================
====== JS ERROR CAUGHT ======
Unhandled Promise: TypeError: Failed to fetch
=============================
====== JS ERROR CAUGHT ======
Unhandled Promise: TypeError: Failed to fetch
=============================
====== JS ERROR CAUGHT ======
Unhandled Promise: TypeError: Failed to fetch
=============================
====== JS ERROR CAUGHT ======
Unhandled Promise: TypeError: Failed to fetch
=============================
====== JS ERROR CAUGHT ======
Unhandled Promise: TypeError: Failed to fetch
=============================
====== JS ERROR CAUGHT ======
Unhandled Promise: TypeError: Failed to fetch
=============================
====== JS ERROR CAUGHT ======
Unhandled Promise: TypeError: Failed to fetch
=============================
====== JS ERROR CAUGHT ======
Unhandled Promise: TypeError: Failed to fetch
=============================
====== JS ERROR CAUGHT ======
Unhandled Promise: TypeError: Failed to fetch
=============================
====== JS ERROR CAUGHT ======
Unhandled Promise: TypeError: Failed to fetch
=============================
====== JS ERROR CAUGHT ======
Unhandled Promise: TypeError: Failed to fetch
=============================
====== JS ERROR CAUGHT ======
Unhandled Promise: TypeError: Failed to fetch
=============================
====== JS ERROR CAUGHT ======
Unhandled Promise: TypeError: Failed to fetch
=============================
====== JS ERROR CAUGHT ======
Unhandled Promise: TypeError: Failed to fetch
=============================
====== JS ERROR CAUGHT ======
Unhandled Promise: TypeError: Failed to fetch
=============================
====== JS ERROR CAUGHT ======
Unhandled Promise: TypeError: Failed to fetch
=============================
====== JS ERROR CAUGHT ======
Unhandled Promise: TypeError: Failed to fetch
=============================
====== JS ERROR CAUGHT ======
Unhandled Promise: TypeError: Failed to fetch
=============================
====== JS ERROR CAUGHT ======
Unhandled Promise: TypeError: Failed to fetch
=============================
====== JS ERROR CAUGHT ======
Unhandled Promise: TypeError: Failed to fetch
=============================
====== JS ERROR CAUGHT ======
Unhandled Promise: TypeError: Failed to fetch
=============================
====== JS ERROR CAUGHT ======
Unhandled Promise: TypeError: Failed to fetch
=============================
====== JS ERROR CAUGHT ======
Unhandled Promise: TypeError: Failed to fetch
=============================
====== JS ERROR CAUGHT ======
Unhandled Promise: TypeError: Failed to fetch
=============================
====== JS ERROR CAUGHT ======
Unhandled Promise: TypeError: Failed to fetch
=============================
====== JS ERROR CAUGHT ======
Unhandled Promise: TypeError: Failed to fetch
=============================
====== JS ERROR CAUGHT ======
Unhandled Promise: TypeError: Failed to fetch
=============================
====== JS ERROR CAUGHT ======
Unhandled Promise: TypeError: Failed to fetch
=============================
====== JS ERROR CAUGHT ======
Unhandled Promise: TypeError: Failed to fetch
=============================
====== JS ERROR CAUGHT ======
Unhandled Promise: TypeError: Failed to fetch
=============================
====== JS ERROR CAUGHT ======
Unhandled Promise: TypeError: Failed to fetch
=============================
====== JS ERROR CAUGHT ======
Unhandled Promise: TypeError: Failed to fetch
=============================
====== JS ERROR CAUGHT ======
Unhandled Promise: TypeError: Failed to fetch
=============================
====== JS ERROR CAUGHT ======
Unhandled Promise: TypeError: Failed to fetch
=============================
====== JS ERROR CAUGHT ======
Unhandled Promise: TypeError: Failed to fetch
=============================
====== JS ERROR CAUGHT ======
Unhandled Promise: TypeError: Failed to fetch
=============================
====== JS ERROR CAUGHT ======
Unhandled Promise: TypeError: Failed to fetch
=============================
====== JS ERROR CAUGHT ======
Unhandled Promise: TypeError: Failed to fetch
=============================
====== JS ERROR CAUGHT ======
Unhandled Promise: TypeError: Failed to fetch
=============================
====== JS ERROR CAUGHT ======
Unhandled Promise: TypeError: Failed to fetch
=============================
====== JS ERROR CAUGHT ======
Unhandled Promise: TypeError: Failed to fetch
=============================
====== JS ERROR CAUGHT ======
Unhandled Promise: TypeError: Failed to fetch
=============================
====== JS ERROR CAUGHT ======
Unhandled Promise: TypeError: Failed to fetch
=============================
====== JS ERROR CAUGHT ======
Unhandled Promise: TypeError: Failed to fetch
=============================
====== JS ERROR CAUGHT ======
Unhandled Promise: TypeError: Failed to fetch
=============================
====== JS ERROR CAUGHT ======
Unhandled Promise: TypeError: Failed to fetch
=============================
====== JS ERROR CAUGHT ======
Unhandled Promise: TypeError: Failed to fetch
=============================
====== JS ERROR CAUGHT ======
Unhandled Promise: TypeError: Failed to fetch
=============================
====== JS ERROR CAUGHT ======
Unhandled Promise: TypeError: Failed to fetch
=============================
====== JS ERROR CAUGHT ======
Unhandled Promise: TypeError: Failed to fetch
=============================
====== JS ERROR CAUGHT ======
Unhandled Promise: TypeError: Failed to fetch
=============================
====== JS ERROR CAUGHT ======
Unhandled Promise: TypeError: Failed to fetch
=============================
====== JS ERROR CAUGHT ======
Unhandled Promise: TypeError: Failed to fetch
=============================
====== JS ERROR CAUGHT ======
Unhandled Promise: TypeError: Failed to fetch
=============================
====== JS ERROR CAUGHT ======
Unhandled Promise: TypeError: Failed to fetch
=============================
====== JS ERROR CAUGHT ======
Unhandled Promise: TypeError: Failed to fetch
=============================
====== JS ERROR CAUGHT ======
Unhandled Promise: TypeError: Failed to fetch
=============================
====== JS ERROR CAUGHT ======
Unhandled Promise: TypeError: Failed to fetch
=============================
====== JS ERROR CAUGHT ======
Unhandled Promise: TypeError: Failed to fetch
=============================
====== JS ERROR CAUGHT ======
Unhandled Promise: TypeError: Failed to fetch
=============================
====== JS ERROR CAUGHT ======
Unhandled Promise: TypeError: Failed to fetch
=============================
====== JS ERROR CAUGHT ======
Unhandled Promise: TypeError: Failed to fetch
=============================
====== JS ERROR CAUGHT ======
Unhandled Promise: TypeError: Failed to fetch
=============================
====== JS ERROR CAUGHT ======
Unhandled Promise: TypeError: Failed to fetch
=============================
====== JS ERROR CAUGHT ======
Unhandled Promise: TypeError: Failed to fetch
=============================
====== JS ERROR CAUGHT ======
Unhandled Promise: TypeError: Failed to fetch
=============================
====== JS ERROR CAUGHT ======
Unhandled Promise: TypeError: Failed to fetch
=============================
====== JS ERROR CAUGHT ======
Unhandled Promise: TypeError: Failed to fetch
=============================
====== JS ERROR CAUGHT ======
Unhandled Promise: TypeError: Failed to fetch
=============================
====== JS ERROR CAUGHT ======
Unhandled Promise: TypeError: Failed to fetch
=============================
====== JS ERROR CAUGHT ======
Unhandled Promise: TypeError: Failed to fetch
=============================
====== JS ERROR CAUGHT ======
Unhandled Promise: TypeError: Failed to fetch
=============================
====== JS ERROR CAUGHT ======
Unhandled Promise: TypeError: Failed to fetch
=============================
====== JS ERROR CAUGHT ======
Unhandled Promise: TypeError: Failed to fetch
=============================
====== JS ERROR CAUGHT ======
Unhandled Promise: TypeError: Failed to fetch
=============================
====== JS ERROR CAUGHT ======
Unhandled Promise: TypeError: Failed to fetch
=============================
====== JS ERROR CAUGHT ======
Unhandled Promise: TypeError: Failed to fetch
=============================
====== JS ERROR CAUGHT ======
Unhandled Promise: TypeError: Failed to fetch
=============================
====== JS ERROR CAUGHT ======
Unhandled Promise: TypeError: Failed to fetch
=============================
====== JS ERROR CAUGHT ======
Unhandled Promise: TypeError: Failed to fetch
=============================
====== JS ERROR CAUGHT ======
Unhandled Promise: TypeError: Failed to fetch
=============================
====== JS ERROR CAUGHT ======
Unhandled Promise: TypeError: Failed to fetch
=============================
====== JS ERROR CAUGHT ======
Unhandled Promise: TypeError: Failed to fetch
=============================
====== JS ERROR CAUGHT ======
Unhandled Promise: TypeError: Failed to fetch
=============================
====== JS ERROR CAUGHT ======
Unhandled Promise: TypeError: Failed to fetch
=============================
====== JS ERROR CAUGHT ======
Unhandled Promise: TypeError: Failed to fetch
=============================
====== JS ERROR CAUGHT ======
Unhandled Promise: TypeError: Failed to fetch
=============================
====== JS ERROR CAUGHT ======
Unhandled Promise: TypeError: Failed to fetch
=============================
====== JS ERROR CAUGHT ======
Unhandled Promise: TypeError: Failed to fetch
=============================
====== JS ERROR CAUGHT ======
Unhandled Promise: TypeError: Failed to fetch
=============================
====== JS ERROR CAUGHT ======
Unhandled Promise: TypeError: Failed to fetch
=============================
====== JS ERROR CAUGHT ======
Unhandled Promise: TypeError: Failed to fetch
=============================
====== JS ERROR CAUGHT ======
Unhandled Promise: TypeError: Failed to fetch
=============================
====== JS ERROR CAUGHT ======
Unhandled Promise: TypeError: Failed to fetch
=============================
====== JS ERROR CAUGHT ======
Unhandled Promise: TypeError: Failed to fetch
=============================
====== JS ERROR CAUGHT ======
Unhandled Promise: TypeError: Failed to fetch
=============================
====== JS ERROR CAUGHT ======
Unhandled Promise: TypeError: Failed to fetch
=============================
====== JS ERROR CAUGHT ======
Unhandled Promise: TypeError: Failed to fetch
=============================
====== JS ERROR CAUGHT ======
Unhandled Promise: TypeError: Failed to fetch
=============================
====== JS ERROR CAUGHT ======
Unhandled Promise: TypeError: Failed to fetch
=============================
====== JS ERROR CAUGHT ======
Unhandled Promise: TypeError: Failed to fetch
=============================
====== JS ERROR CAUGHT ======
Unhandled Promise: TypeError: Failed to fetch
=============================
====== JS ERROR CAUGHT ======
Unhandled Promise: TypeError: Failed to fetch
=============================
====== JS ERROR CAUGHT ======
Unhandled Promise: TypeError: Failed to fetch
=============================
====== JS ERROR CAUGHT ======
Unhandled Promise: TypeError: Failed to fetch
=============================
====== JS ERROR CAUGHT ======
Unhandled Promise: TypeError: Failed to fetch
=============================
====== JS ERROR CAUGHT ======
Unhandled Promise: TypeError: Failed to fetch
=============================
====== JS ERROR CAUGHT ======
Unhandled Promise: TypeError: Failed to fetch
=============================
====== JS ERROR CAUGHT ======
Unhandled Promise: TypeError: Failed to fetch
=============================
====== JS ERROR CAUGHT ======
Unhandled Promise: TypeError: Failed to fetch
=============================
====== JS ERROR CAUGHT ======
Unhandled Promise: TypeError: Failed to fetch
=============================
====== JS ERROR CAUGHT ======
Unhandled Promise: TypeError: Failed to fetch
=============================
====== JS ERROR CAUGHT ======
Unhandled Promise: TypeError: Failed to fetch
=============================
====== JS ERROR CAUGHT ======
Unhandled Promise: TypeError: Failed to fetch
=============================
====== JS ERROR CAUGHT ======
Unhandled Promise: TypeError: Failed to fetch
=============================
====== JS ERROR CAUGHT ======
Unhandled Promise: TypeError: Failed to fetch
=============================
====== JS ERROR CAUGHT ======
Unhandled Promise: TypeError: Failed to fetch
=============================
====== JS ERROR CAUGHT ======
Unhandled Promise: TypeError: Failed to fetch
=============================
====== JS ERROR CAUGHT ======
Unhandled Promise: TypeError: Failed to fetch
=============================
====== JS ERROR CAUGHT ======
Unhandled Promise: TypeError: Failed to fetch
=============================
====== JS ERROR CAUGHT ======
Unhandled Promise: TypeError: Failed to fetch
=============================
====== JS ERROR CAUGHT ======
Unhandled Promise: TypeError: Failed to fetch
=============================
====== JS ERROR CAUGHT ======
Unhandled Promise: TypeError: Failed to fetch
=============================
====== JS ERROR CAUGHT ======
Unhandled Promise: TypeError: Failed to fetch
=============================
====== JS ERROR CAUGHT ======
Unhandled Promise: TypeError: Failed to fetch
=============================
====== JS ERROR CAUGHT ======
Unhandled Promise: TypeError: Failed to fetch
=============================
====== JS ERROR CAUGHT ======
Unhandled Promise: TypeError: Failed to fetch
=============================
====== JS ERROR CAUGHT ======
Unhandled Promise: TypeError: Failed to fetch
=============================
====== JS ERROR CAUGHT ======
Unhandled Promise: TypeError: Failed to fetch
=============================
====== JS ERROR CAUGHT ======
Unhandled Promise: TypeError: Failed to fetch
=============================
====== JS ERROR CAUGHT ======
Unhandled Promise: TypeError: Failed to fetch
=============================
====== JS ERROR CAUGHT ======
Unhandled Promise: TypeError: Failed to fetch
=============================
====== JS ERROR CAUGHT ======
Unhandled Promise: TypeError: Failed to fetch
=============================
====== JS ERROR CAUGHT ======
Unhandled Promise: TypeError: Failed to fetch
=============================
====== JS ERROR CAUGHT ======
Unhandled Promise: TypeError: Failed to fetch
=============================
====== JS ERROR CAUGHT ======
Unhandled Promise: TypeError: Failed to fetch
=============================
====== JS ERROR CAUGHT ======
Unhandled Promise: TypeError: Failed to fetch
=============================
====== JS ERROR CAUGHT ======
Unhandled Promise: TypeError: Failed to fetch
=============================
====== JS ERROR CAUGHT ======
Unhandled Promise: TypeError: Failed to fetch
=============================
====== JS ERROR CAUGHT ======
Unhandled Promise: TypeError: Failed to fetch
=============================
====== JS ERROR CAUGHT ======
Unhandled Promise: TypeError: Failed to fetch
=============================
====== JS ERROR CAUGHT ======
Unhandled Promise: TypeError: Failed to fetch
=============================
====== JS ERROR CAUGHT ======
Unhandled Promise: TypeError: Failed to fetch
=============================
====== JS ERROR CAUGHT ======
Unhandled Promise: TypeError: Failed to fetch
=============================
====== JS ERROR CAUGHT ======
Unhandled Promise: TypeError: Failed to fetch
=============================
====== JS ERROR CAUGHT ======
Unhandled Promise: TypeError: Failed to fetch
=============================
====== JS ERROR CAUGHT ======
Unhandled Promise: TypeError: Failed to fetch
=============================
====== JS ERROR CAUGHT ======
Unhandled Promise: TypeError: Failed to fetch
=============================
====== JS ERROR CAUGHT ======
Unhandled Promise: TypeError: Failed to fetch
=============================
====== JS ERROR CAUGHT ======
Unhandled Promise: TypeError: Failed to fetch
=============================
====== JS ERROR CAUGHT ======
Unhandled Promise: TypeError: Failed to fetch
=============================
====== JS ERROR CAUGHT ======
Unhandled Promise: TypeError: Failed to fetch
=============================
====== JS ERROR CAUGHT ======
Unhandled Promise: TypeError: Failed to fetch
=============================
====== JS ERROR CAUGHT ======
Unhandled Promise: TypeError: Failed to fetch
=============================
====== JS ERROR CAUGHT ======
Unhandled Promise: TypeError: Failed to fetch
=============================
====== JS ERROR CAUGHT ======
Unhandled Promise: TypeError: Failed to fetch
=============================
====== JS ERROR CAUGHT ======
Unhandled Promise: TypeError: Failed to fetch
=============================
====== JS ERROR CAUGHT ======
Unhandled Promise: TypeError: Failed to fetch
=============================
====== JS ERROR CAUGHT ======
Unhandled Promise: TypeError: Failed to fetch
=============================
====== JS ERROR CAUGHT ======
Unhandled Promise: TypeError: Failed to fetch
=============================
====== JS ERROR CAUGHT ======
Unhandled Promise: TypeError: Failed to fetch
=============================
====== JS ERROR CAUGHT ======
Unhandled Promise: TypeError: Failed to fetch
=============================
====== JS ERROR CAUGHT ======
Unhandled Promise: TypeError: Failed to fetch
=============================
====== JS ERROR CAUGHT ======
Unhandled Promise: TypeError: Failed to fetch
=============================
====== JS ERROR CAUGHT ======
Unhandled Promise: TypeError: Failed to fetch
=============================
====== JS ERROR CAUGHT ======
Unhandled Promise: TypeError: Failed to fetch
=============================
====== JS ERROR CAUGHT ======
Unhandled Promise: TypeError: Failed to fetch
=============================
====== JS ERROR CAUGHT ======
Unhandled Promise: TypeError: Failed to fetch
=============================
====== JS ERROR CAUGHT ======
Unhandled Promise: TypeError: Failed to fetch
=============================
====== JS ERROR CAUGHT ======
Unhandled Promise: TypeError: Failed to fetch
=============================
====== JS ERROR CAUGHT ======
Unhandled Promise: TypeError: Failed to fetch
=============================
====== JS ERROR CAUGHT ======
Unhandled Promise: TypeError: Failed to fetch
=============================
====== JS ERROR CAUGHT ======
Unhandled Promise: TypeError: Failed to fetch
=============================
====== JS ERROR CAUGHT ======
Unhandled Promise: TypeError: Failed to fetch
=============================
====== JS ERROR CAUGHT ======
Unhandled Promise: TypeError: Failed to fetch
=============================
====== JS ERROR CAUGHT ======
Unhandled Promise: TypeError: Failed to fetch
=============================
====== JS ERROR CAUGHT ======
Unhandled Promise: TypeError: Failed to fetch
=============================
====== JS ERROR CAUGHT ======
Unhandled Promise: TypeError: Failed to fetch
=============================
====== JS ERROR CAUGHT ======
Unhandled Promise: TypeError: Failed to fetch
=============================
====== JS ERROR CAUGHT ======
Unhandled Promise: TypeError: Failed to fetch
=============================
====== JS ERROR CAUGHT ======
Unhandled Promise: TypeError: Failed to fetch
=============================
====== JS ERROR CAUGHT ======
Unhandled Promise: TypeError: Failed to fetch
=============================
====== JS ERROR CAUGHT ======
Unhandled Promise: TypeError: Failed to fetch
=============================
====== JS ERROR CAUGHT ======
Unhandled Promise: TypeError: Failed to fetch
=============================
====== JS ERROR CAUGHT ======
Unhandled Promise: TypeError: Failed to fetch
=============================
====== JS ERROR CAUGHT ======
Unhandled Promise: TypeError: Failed to fetch
=============================
====== JS ERROR CAUGHT ======
Unhandled Promise: TypeError: Failed to fetch
=============================
====== JS ERROR CAUGHT ======
Unhandled Promise: TypeError: Failed to fetch
=============================
====== JS ERROR CAUGHT ======
Unhandled Promise: TypeError: Failed to fetch
=============================
====== JS ERROR CAUGHT ======
Unhandled Promise: TypeError: Failed to fetch
=============================
====== JS ERROR CAUGHT ======
Unhandled Promise: TypeError: Failed to fetch
=============================
====== JS ERROR CAUGHT ======
Unhandled Promise: TypeError: Failed to fetch
=============================
====== JS ERROR CAUGHT ======
Unhandled Promise: TypeError: Failed to fetch
=============================
====== JS ERROR CAUGHT ======
Unhandled Promise: TypeError: Failed to fetch
=============================
====== JS ERROR CAUGHT ======
Unhandled Promise: TypeError: Failed to fetch
=============================
====== JS ERROR CAUGHT ======
Unhandled Promise: TypeError: Failed to fetch
=============================
====== JS ERROR CAUGHT ======
Unhandled Promise: TypeError: Failed to fetch
=============================
====== JS ERROR CAUGHT ======
Unhandled Promise: TypeError: Failed to fetch
=============================
====== JS ERROR CAUGHT ======
Unhandled Promise: TypeError: Failed to fetch
=============================
====== JS ERROR CAUGHT ======
Unhandled Promise: TypeError: Failed to fetch
=============================
====== JS ERROR CAUGHT ======
Unhandled Promise: TypeError: Failed to fetch
=============================
====== JS ERROR CAUGHT ======
Unhandled Promise: TypeError: Failed to fetch
=============================
====== JS ERROR CAUGHT ======
Unhandled Promise: TypeError: Failed to fetch
=============================
====== JS ERROR CAUGHT ======
Unhandled Promise: TypeError: Failed to fetch
=============================
====== JS ERROR CAUGHT ======
Unhandled Promise: TypeError: Failed to fetch
=============================
====== JS ERROR CAUGHT ======
Unhandled Promise: TypeError: Failed to fetch
=============================
====== JS ERROR CAUGHT ======
Unhandled Promise: TypeError: Failed to fetch
=============================
====== JS ERROR CAUGHT ======
Unhandled Promise: TypeError: Failed to fetch
=============================
====== JS ERROR CAUGHT ======
Unhandled Promise: TypeError: Failed to fetch
=============================
====== JS ERROR CAUGHT ======
Unhandled Promise: TypeError: Failed to fetch
=============================
====== JS ERROR CAUGHT ======
Unhandled Promise: TypeError: Failed to fetch
=============================
====== JS ERROR CAUGHT ======
Unhandled Promise: TypeError: Failed to fetch
=============================
====== JS ERROR CAUGHT ======
Unhandled Promise: TypeError: Failed to fetch
=============================
====== JS ERROR CAUGHT ======
Unhandled Promise: TypeError: Failed to fetch
=============================
====== JS ERROR CAUGHT ======
Unhandled Promise: TypeError: Failed to fetch
=============================
====== JS ERROR CAUGHT ======
Unhandled Promise: TypeError: Failed to fetch
=============================
====== JS ERROR CAUGHT ======
Unhandled Promise: TypeError: Failed to fetch
=============================
====== JS ERROR CAUGHT ======
Unhandled Promise: TypeError: Failed to fetch
=============================
====== JS ERROR CAUGHT ======
Unhandled Promise: TypeError: Failed to fetch
=============================
====== JS ERROR CAUGHT ======
Unhandled Promise: TypeError: Failed to fetch
=============================
====== JS ERROR CAUGHT ======
Unhandled Promise: TypeError: Failed to fetch
=============================
====== JS ERROR CAUGHT ======
Unhandled Promise: TypeError: Failed to fetch
=============================
====== JS ERROR CAUGHT ======
Unhandled Promise: TypeError: Failed to fetch
=============================
====== JS ERROR CAUGHT ======
Unhandled Promise: TypeError: Failed to fetch
=============================
====== JS ERROR CAUGHT ======
Unhandled Promise: TypeError: Failed to fetch
=============================
====== JS ERROR CAUGHT ======
Unhandled Promise: TypeError: Failed to fetch
=============================
====== JS ERROR CAUGHT ======
Unhandled Promise: TypeError: Failed to fetch
=============================
====== JS ERROR CAUGHT ======
Unhandled Promise: TypeError: Failed to fetch
=============================
====== JS ERROR CAUGHT ======
Unhandled Promise: TypeError: Failed to fetch
=============================
====== JS ERROR CAUGHT ======
Unhandled Promise: TypeError: Failed to fetch
=============================
====== JS ERROR CAUGHT ======
Unhandled Promise: TypeError: Failed to fetch
=============================
====== JS ERROR CAUGHT ======
Unhandled Promise: TypeError: Failed to fetch
=============================
====== JS ERROR CAUGHT ======
Unhandled Promise: TypeError: Failed to fetch
=============================
====== JS ERROR CAUGHT ======
Unhandled Promise: TypeError: Failed to fetch
=============================
====== JS ERROR CAUGHT ======
Unhandled Promise: TypeError: Failed to fetch
=============================
====== JS ERROR CAUGHT ======
Unhandled Promise: TypeError: Failed to fetch
=============================
====== JS ERROR CAUGHT ======
Unhandled Promise: TypeError: Failed to fetch
=============================
====== JS ERROR CAUGHT ======
Unhandled Promise: TypeError: Failed to fetch
=============================
====== JS ERROR CAUGHT ======
Unhandled Promise: TypeError: Failed to fetch
=============================
====== JS ERROR CAUGHT ======
Unhandled Promise: TypeError: Failed to fetch
=============================
====== JS ERROR CAUGHT ======
Unhandled Promise: TypeError: Failed to fetch
=============================
====== JS ERROR CAUGHT ======
Unhandled Promise: TypeError: Failed to fetch
=============================
====== JS ERROR CAUGHT ======
Unhandled Promise: TypeError: Failed to fetch
=============================
====== JS ERROR CAUGHT ======
Unhandled Promise: TypeError: Failed to fetch
=============================
====== JS ERROR CAUGHT ======
Unhandled Promise: TypeError: Failed to fetch
=============================
====== JS ERROR CAUGHT ======
Unhandled Promise: TypeError: Failed to fetch
=============================
====== JS ERROR CAUGHT ======
Unhandled Promise: TypeError: Failed to fetch
=============================
====== JS ERROR CAUGHT ======
Unhandled Promise: TypeError: Failed to fetch
=============================
====== JS ERROR CAUGHT ======
Unhandled Promise: TypeError: Failed to fetch
=============================
====== JS ERROR CAUGHT ======
Unhandled Promise: TypeError: Failed to fetch
=============================
====== JS ERROR CAUGHT ======
Unhandled Promise: TypeError: Failed to fetch
=============================
====== JS ERROR CAUGHT ======
Unhandled Promise: TypeError: Failed to fetch
=============================
====== JS ERROR CAUGHT ======
Unhandled Promise: TypeError: Failed to fetch
=============================
====== JS ERROR CAUGHT ======
Unhandled Promise: TypeError: Failed to fetch
=============================
====== JS ERROR CAUGHT ======
Unhandled Promise: TypeError: Failed to fetch
=============================
====== JS ERROR CAUGHT ======
Unhandled Promise: TypeError: Failed to fetch
=============================
====== JS ERROR CAUGHT ======
Unhandled Promise: TypeError: Failed to fetch
=============================
====== JS ERROR CAUGHT ======
Unhandled Promise: TypeError: Failed to fetch
=============================
====== JS ERROR CAUGHT ======
Unhandled Promise: TypeError: Failed to fetch
=============================
====== JS ERROR CAUGHT ======
Unhandled Promise: TypeError: Failed to fetch
=============================
====== JS ERROR CAUGHT ======
Unhandled Promise: TypeError: Failed to fetch
=============================
====== JS ERROR CAUGHT ======
Unhandled Promise: TypeError: Failed to fetch
=============================
====== JS ERROR CAUGHT ======
Unhandled Promise: TypeError: Failed to fetch
=============================
====== JS ERROR CAUGHT ======
Unhandled Promise: TypeError: Failed to fetch
=============================
====== JS ERROR CAUGHT ======
Unhandled Promise: TypeError: Failed to fetch
=============================
====== JS ERROR CAUGHT ======
Unhandled Promise: TypeError: Failed to fetch
=============================
====== JS ERROR CAUGHT ======
Unhandled Promise: TypeError: Failed to fetch
=============================
====== JS ERROR CAUGHT ======
Unhandled Promise: TypeError: Failed to fetch
=============================
====== JS ERROR CAUGHT ======
Unhandled Promise: TypeError: Failed to fetch
=============================
====== JS ERROR CAUGHT ======
Unhandled Promise: TypeError: Failed to fetch
=============================
====== JS ERROR CAUGHT ======
Unhandled Promise: TypeError: Failed to fetch
=============================
====== JS ERROR CAUGHT ======
Unhandled Promise: TypeError: Failed to fetch
=============================
====== JS ERROR CAUGHT ======
Unhandled Promise: TypeError: Failed to fetch
=============================
====== JS ERROR CAUGHT ======
Unhandled Promise: TypeError: Failed to fetch
=============================
====== JS ERROR CAUGHT ======
Unhandled Promise: TypeError: Failed to fetch
=============================
====== JS ERROR CAUGHT ======
Unhandled Promise: TypeError: Failed to fetch
=============================
====== JS ERROR CAUGHT ======
Unhandled Promise: TypeError: Failed to fetch
=============================
====== JS ERROR CAUGHT ======
Unhandled Promise: TypeError: Failed to fetch
=============================
====== JS ERROR CAUGHT ======
Unhandled Promise: TypeError: Failed to fetch
=============================
====== JS ERROR CAUGHT ======
Unhandled Promise: TypeError: Failed to fetch
=============================
====== JS ERROR CAUGHT ======
Unhandled Promise: TypeError: Failed to fetch
=============================
====== JS ERROR CAUGHT ======
Unhandled Promise: TypeError: Failed to fetch
=============================
====== JS ERROR CAUGHT ======
Unhandled Promise: TypeError: Failed to fetch
=============================
====== JS ERROR CAUGHT ======
Unhandled Promise: TypeError: Failed to fetch
=============================
====== JS ERROR CAUGHT ======
Unhandled Promise: TypeError: Failed to fetch
=============================
====== JS ERROR CAUGHT ======
Unhandled Promise: TypeError: Failed to fetch
=============================
====== JS ERROR CAUGHT ======
Unhandled Promise: TypeError: Failed to fetch
=============================
====== JS ERROR CAUGHT ======
Unhandled Promise: TypeError: Failed to fetch
=============================
====== JS ERROR CAUGHT ======
Unhandled Promise: TypeError: Failed to fetch
=============================
====== JS ERROR CAUGHT ======
Unhandled Promise: TypeError: Failed to fetch
=============================
====== JS ERROR CAUGHT ======
Unhandled Promise: TypeError: Failed to fetch
=============================
====== JS ERROR CAUGHT ======
Unhandled Promise: TypeError: Failed to fetch
=============================
====== JS ERROR CAUGHT ======
Unhandled Promise: TypeError: Failed to fetch
=============================
====== JS ERROR CAUGHT ======
Unhandled Promise: TypeError: Failed to fetch
=============================
====== JS ERROR CAUGHT ======
Unhandled Promise: TypeError: Failed to fetch
=============================
====== JS ERROR CAUGHT ======
Unhandled Promise: TypeError: Failed to fetch
=============================
====== JS ERROR CAUGHT ======
Unhandled Promise: TypeError: Failed to fetch
=============================
====== JS ERROR CAUGHT ======
Unhandled Promise: TypeError: Failed to fetch
=============================
====== JS ERROR CAUGHT ======
Unhandled Promise: TypeError: Failed to fetch
=============================
====== JS ERROR CAUGHT ======
Unhandled Promise: TypeError: Failed to fetch
=============================
====== JS ERROR CAUGHT ======
Unhandled Promise: TypeError: Failed to fetch
=============================
====== JS ERROR CAUGHT ======
Unhandled Promise: TypeError: Failed to fetch
=============================
====== JS ERROR CAUGHT ======
Unhandled Promise: TypeError: Failed to fetch
=============================
====== JS ERROR CAUGHT ======
Unhandled Promise: TypeError: Failed to fetch
=============================
====== JS ERROR CAUGHT ======
Unhandled Promise: TypeError: Failed to fetch
=============================
====== JS ERROR CAUGHT ======
Unhandled Promise: TypeError: Failed to fetch
=============================
====== JS ERROR CAUGHT ======
Unhandled Promise: TypeError: Failed to fetch
=============================
====== JS ERROR CAUGHT ======
Unhandled Promise: TypeError: Failed to fetch
=============================
====== JS ERROR CAUGHT ======
Unhandled Promise: TypeError: Failed to fetch
=============================
====== JS ERROR CAUGHT ======
Unhandled Promise: TypeError: Failed to fetch
=============================
====== JS ERROR CAUGHT ======
Unhandled Promise: TypeError: Failed to fetch
=============================
====== JS ERROR CAUGHT ======
Unhandled Promise: TypeError: Failed to fetch
=============================
====== JS ERROR CAUGHT ======
Unhandled Promise: TypeError: Failed to fetch
=============================
====== JS ERROR CAUGHT ======
Unhandled Promise: TypeError: Failed to fetch
=============================
====== JS ERROR CAUGHT ======
Unhandled Promise: TypeError: Failed to fetch
=============================
====== JS ERROR CAUGHT ======
Unhandled Promise: TypeError: Failed to fetch
=============================
====== JS ERROR CAUGHT ======
Unhandled Promise: TypeError: Failed to fetch
=============================
====== JS ERROR CAUGHT ======
Unhandled Promise: TypeError: Failed to fetch
=============================
====== JS ERROR CAUGHT ======
Unhandled Promise: TypeError: Failed to fetch
=============================
====== JS ERROR CAUGHT ======
Unhandled Promise: TypeError: Failed to fetch
=============================
====== JS ERROR CAUGHT ======
Unhandled Promise: TypeError: Failed to fetch
=============================
====== JS ERROR CAUGHT ======
Unhandled Promise: TypeError: Failed to fetch
=============================
====== JS ERROR CAUGHT ======
Unhandled Promise: TypeError: Failed to fetch
=============================
====== JS ERROR CAUGHT ======
Unhandled Promise: TypeError: Failed to fetch
=============================
====== JS ERROR CAUGHT ======
Unhandled Promise: TypeError: Failed to fetch
=============================
====== JS ERROR CAUGHT ======
Unhandled Promise: TypeError: Failed to fetch
=============================
====== JS ERROR CAUGHT ======
Unhandled Promise: TypeError: Failed to fetch
=============================
====== JS ERROR CAUGHT ======
Unhandled Promise: TypeError: Failed to fetch
=============================
====== JS ERROR CAUGHT ======
Unhandled Promise: TypeError: Failed to fetch
=============================
====== JS ERROR CAUGHT ======
Unhandled Promise: TypeError: Failed to fetch
=============================
====== JS ERROR CAUGHT ======
Unhandled Promise: TypeError: Failed to fetch
=============================
====== JS ERROR CAUGHT ======
Unhandled Promise: TypeError: Failed to fetch
=============================
====== JS ERROR CAUGHT ======
Unhandled Promise: TypeError: Failed to fetch
=============================
====== JS ERROR CAUGHT ======
Unhandled Promise: TypeError: Failed to fetch
=============================
====== JS ERROR CAUGHT ======
Unhandled Promise: TypeError: Failed to fetch
=============================
====== JS ERROR CAUGHT ======
Unhandled Promise: TypeError: Failed to fetch
=============================
====== JS ERROR CAUGHT ======
Unhandled Promise: TypeError: Failed to fetch
=============================
====== JS ERROR CAUGHT ======
Unhandled Promise: TypeError: Failed to fetch
=============================
====== JS ERROR CAUGHT ======
Unhandled Promise: TypeError: Failed to fetch
=============================
====== JS ERROR CAUGHT ======
Unhandled Promise: TypeError: Failed to fetch
=============================
====== JS ERROR CAUGHT ======
Unhandled Promise: TypeError: Failed to fetch
=============================
====== JS ERROR CAUGHT ======
Unhandled Promise: TypeError: Failed to fetch
=============================
====== JS ERROR CAUGHT ======
Unhandled Promise: TypeError: Failed to fetch
=============================
====== JS ERROR CAUGHT ======
Unhandled Promise: TypeError: Failed to fetch
=============================
====== JS ERROR CAUGHT ======
Unhandled Promise: TypeError: Failed to fetch
=============================
====== JS ERROR CAUGHT ======
Unhandled Promise: TypeError: Failed to fetch
=============================
====== JS ERROR CAUGHT ======
Unhandled Promise: TypeError: Failed to fetch
=============================
====== JS ERROR CAUGHT ======
Unhandled Promise: TypeError: Failed to fetch
=============================
====== JS ERROR CAUGHT ======
Unhandled Promise: TypeError: Failed to fetch
=============================
====== JS ERROR CAUGHT ======
Unhandled Promise: TypeError: Failed to fetch
=============================
====== JS ERROR CAUGHT ======
Unhandled Promise: TypeError: Failed to fetch
=============================
====== JS ERROR CAUGHT ======
Unhandled Promise: TypeError: Failed to fetch
=============================
====== JS ERROR CAUGHT ======
Unhandled Promise: TypeError: Failed to fetch
=============================
====== JS ERROR CAUGHT ======
Unhandled Promise: TypeError: Failed to fetch
=============================
====== JS ERROR CAUGHT ======
Unhandled Promise: TypeError: Failed to fetch
=============================
====== JS ERROR CAUGHT ======
Unhandled Promise: TypeError: Failed to fetch
=============================
====== JS ERROR CAUGHT ======
Unhandled Promise: TypeError: Failed to fetch
=============================
====== JS ERROR CAUGHT ======
Unhandled Promise: TypeError: Failed to fetch
=============================
====== JS ERROR CAUGHT ======
Unhandled Promise: TypeError: Failed to fetch
=============================
====== JS ERROR CAUGHT ======
Unhandled Promise: TypeError: Failed to fetch
=============================
====== JS ERROR CAUGHT ======
Unhandled Promise: TypeError: Failed to fetch
=============================
====== JS ERROR CAUGHT ======
Unhandled Promise: TypeError: Failed to fetch
=============================
====== JS ERROR CAUGHT ======
Unhandled Promise: TypeError: Failed to fetch
=============================
====== JS ERROR CAUGHT ======
Unhandled Promise: TypeError: Failed to fetch
=============================
====== JS ERROR CAUGHT ======
Unhandled Promise: TypeError: Failed to fetch
=============================
====== JS ERROR CAUGHT ======
Unhandled Promise: TypeError: Failed to fetch
=============================
====== JS ERROR CAUGHT ======
Unhandled Promise: TypeError: Failed to fetch
=============================
====== JS ERROR CAUGHT ======
Unhandled Promise: TypeError: Failed to fetch
=============================
====== JS ERROR CAUGHT ======
Unhandled Promise: TypeError: Failed to fetch
=============================
====== JS ERROR CAUGHT ======
Unhandled Promise: TypeError: Failed to fetch
=============================
====== JS ERROR CAUGHT ======
Unhandled Promise: TypeError: Failed to fetch
=============================
====== JS ERROR CAUGHT ======
Unhandled Promise: TypeError: Failed to fetch
=============================
====== JS ERROR CAUGHT ======
Unhandled Promise: TypeError: Failed to fetch
=============================
====== JS ERROR CAUGHT ======
Unhandled Promise: TypeError: Failed to fetch
=============================
====== JS ERROR CAUGHT ======
Unhandled Promise: TypeError: Failed to fetch
=============================
====== JS ERROR CAUGHT ======
Unhandled Promise: TypeError: Failed to fetch
=============================
====== JS ERROR CAUGHT ======
Unhandled Promise: TypeError: Failed to fetch
=============================
====== JS ERROR CAUGHT ======
Unhandled Promise: TypeError: Failed to fetch
=============================
====== JS ERROR CAUGHT ======
Unhandled Promise: TypeError: Failed to fetch
=============================
====== JS ERROR CAUGHT ======
Unhandled Promise: TypeError: Failed to fetch
=============================
====== JS ERROR CAUGHT ======
Unhandled Promise: TypeError: Failed to fetch
=============================
====== JS ERROR CAUGHT ======
Unhandled Promise: TypeError: Failed to fetch
=============================
====== JS ERROR CAUGHT ======
Unhandled Promise: TypeError: Failed to fetch
=============================
====== JS ERROR CAUGHT ======
Unhandled Promise: TypeError: Failed to fetch
=============================
====== JS ERROR CAUGHT ======
Unhandled Promise: TypeError: Failed to fetch
=============================
====== JS ERROR CAUGHT ======
Unhandled Promise: TypeError: Failed to fetch
=============================
====== JS ERROR CAUGHT ======
Unhandled Promise: TypeError: Failed to fetch
=============================
====== JS ERROR CAUGHT ======
Unhandled Promise: TypeError: Failed to fetch
=============================
====== JS ERROR CAUGHT ======
Unhandled Promise: TypeError: Failed to fetch
=============================
====== JS ERROR CAUGHT ======
Unhandled Promise: TypeError: Failed to fetch
=============================
====== JS ERROR CAUGHT ======
Unhandled Promise: TypeError: Failed to fetch
=============================
====== JS ERROR CAUGHT ======
Unhandled Promise: TypeError: Failed to fetch
=============================
====== JS ERROR CAUGHT ======
Unhandled Promise: TypeError: Failed to fetch
=============================
====== JS ERROR CAUGHT ======
Unhandled Promise: TypeError: Failed to fetch
=============================
====== JS ERROR CAUGHT ======
Unhandled Promise: TypeError: Failed to fetch
=============================
====== JS ERROR CAUGHT ======
Unhandled Promise: TypeError: Failed to fetch
=============================
====== JS ERROR CAUGHT ======
Unhandled Promise: TypeError: Failed to fetch
=============================
====== JS ERROR CAUGHT ======
Unhandled Promise: TypeError: Failed to fetch
=============================
====== JS ERROR CAUGHT ======
Unhandled Promise: TypeError: Failed to fetch
=============================
====== JS ERROR CAUGHT ======
Unhandled Promise: TypeError: Failed to fetch
=============================
====== JS ERROR CAUGHT ======
Unhandled Promise: TypeError: Failed to fetch
=============================
====== JS ERROR CAUGHT ======
Unhandled Promise: TypeError: Failed to fetch
=============================
====== JS ERROR CAUGHT ======
Unhandled Promise: TypeError: Failed to fetch
=============================
====== JS ERROR CAUGHT ======
Unhandled Promise: TypeError: Failed to fetch
=============================
====== JS ERROR CAUGHT ======
Unhandled Promise: TypeError: Failed to fetch
=============================
====== JS ERROR CAUGHT ======
Unhandled Promise: TypeError: Failed to fetch
=============================
====== JS ERROR CAUGHT ======
Unhandled Promise: TypeError: Failed to fetch
=============================
====== JS ERROR CAUGHT ======
Unhandled Promise: TypeError: Failed to fetch
=============================
====== JS ERROR CAUGHT ======
Unhandled Promise: TypeError: Failed to fetch
=============================
====== JS ERROR CAUGHT ======
Unhandled Promise: TypeError: Failed to fetch
=============================
====== JS ERROR CAUGHT ======
Unhandled Promise: TypeError: Failed to fetch
=============================
====== JS ERROR CAUGHT ======
Unhandled Promise: TypeError: Failed to fetch
=============================
====== JS ERROR CAUGHT ======
Unhandled Promise: TypeError: Failed to fetch
=============================
====== JS ERROR CAUGHT ======
Unhandled Promise: TypeError: Failed to fetch
=============================
====== JS ERROR CAUGHT ======
Unhandled Promise: TypeError: Failed to fetch
=============================
====== JS ERROR CAUGHT ======
Unhandled Promise: TypeError: Failed to fetch
=============================
====== JS ERROR CAUGHT ======
Unhandled Promise: TypeError: Failed to fetch
=============================
====== JS ERROR CAUGHT ======
Unhandled Promise: TypeError: Failed to fetch
=============================
====== JS ERROR CAUGHT ======
Unhandled Promise: TypeError: Failed to fetch
=============================
====== JS ERROR CAUGHT ======
Unhandled Promise: TypeError: Failed to fetch
=============================
====== JS ERROR CAUGHT ======
Unhandled Promise: TypeError: Failed to fetch
=============================
====== JS ERROR CAUGHT ======
Unhandled Promise: TypeError: Failed to fetch
=============================
====== JS ERROR CAUGHT ======
Unhandled Promise: TypeError: Failed to fetch
=============================
====== JS ERROR CAUGHT ======
Unhandled Promise: TypeError: Failed to fetch
=============================
====== JS ERROR CAUGHT ======
Unhandled Promise: TypeError: Failed to fetch
=============================
====== JS ERROR CAUGHT ======
Unhandled Promise: TypeError: Failed to fetch
=============================
====== JS ERROR CAUGHT ======
Unhandled Promise: TypeError: Failed to fetch
=============================
====== JS ERROR CAUGHT ======
Unhandled Promise: TypeError: Failed to fetch
=============================
====== JS ERROR CAUGHT ======
Unhandled Promise: TypeError: Failed to fetch
=============================
====== JS ERROR CAUGHT ======
Unhandled Promise: TypeError: Failed to fetch
=============================
====== JS ERROR CAUGHT ======
Unhandled Promise: TypeError: Failed to fetch
=============================
====== JS ERROR CAUGHT ======
Unhandled Promise: TypeError: Failed to fetch
=============================
====== JS ERROR CAUGHT ======
Unhandled Promise: TypeError: Failed to fetch
=============================
====== JS ERROR CAUGHT ======
Unhandled Promise: TypeError: Failed to fetch
=============================
====== JS ERROR CAUGHT ======
Unhandled Promise: TypeError: Failed to fetch
=============================
====== JS ERROR CAUGHT ======
Unhandled Promise: TypeError: Failed to fetch
=============================
====== JS ERROR CAUGHT ======
Unhandled Promise: TypeError: Failed to fetch
=============================
====== JS ERROR CAUGHT ======
Unhandled Promise: TypeError: Failed to fetch
=============================
====== JS ERROR CAUGHT ======
Unhandled Promise: TypeError: Failed to fetch
=============================
====== JS ERROR CAUGHT ======
Unhandled Promise: TypeError: Failed to fetch
=============================
====== JS ERROR CAUGHT ======
Unhandled Promise: TypeError: Failed to fetch
=============================
====== JS ERROR CAUGHT ======
Unhandled Promise: TypeError: Failed to fetch
=============================
====== JS ERROR CAUGHT ======
Unhandled Promise: TypeError: Failed to fetch
=============================
====== JS ERROR CAUGHT ======
Unhandled Promise: TypeError: Failed to fetch
=============================
====== JS ERROR CAUGHT ======
Unhandled Promise: TypeError: Failed to fetch
=============================
====== JS ERROR CAUGHT ======
Unhandled Promise: TypeError: Failed to fetch
=============================
====== JS ERROR CAUGHT ======
Unhandled Promise: TypeError: Failed to fetch
=============================
====== JS ERROR CAUGHT ======
Unhandled Promise: TypeError: Failed to fetch
=============================
====== JS ERROR CAUGHT ======
Unhandled Promise: TypeError: Failed to fetch
=============================
====== JS ERROR CAUGHT ======
Unhandled Promise: TypeError: Failed to fetch
=============================
====== JS ERROR CAUGHT ======
Unhandled Promise: TypeError: Failed to fetch
=============================
====== JS ERROR CAUGHT ======
Unhandled Promise: TypeError: Failed to fetch
=============================
====== JS ERROR CAUGHT ======
Unhandled Promise: TypeError: Failed to fetch
=============================
====== JS ERROR CAUGHT ======
Unhandled Promise: TypeError: Failed to fetch
=============================
====== JS ERROR CAUGHT ======
Unhandled Promise: TypeError: Failed to fetch
=============================
====== JS ERROR CAUGHT ======
Unhandled Promise: TypeError: Failed to fetch
=============================
====== JS ERROR CAUGHT ======
Unhandled Promise: TypeError: Failed to fetch
=============================
====== JS ERROR CAUGHT ======
Unhandled Promise: TypeError: Failed to fetch
=============================
====== JS ERROR CAUGHT ======
Unhandled Promise: TypeError: Failed to fetch
=============================
====== JS ERROR CAUGHT ======
Unhandled Promise: TypeError: Failed to fetch
=============================
====== JS ERROR CAUGHT ======
Unhandled Promise: TypeError: Failed to fetch
=============================
====== JS ERROR CAUGHT ======
Unhandled Promise: TypeError: Failed to fetch
=============================
====== JS ERROR CAUGHT ======
Unhandled Promise: TypeError: Failed to fetch
=============================
====== JS ERROR CAUGHT ======
Unhandled Promise: TypeError: Failed to fetch
=============================
====== JS ERROR CAUGHT ======
Unhandled Promise: TypeError: Failed to fetch
=============================
====== JS ERROR CAUGHT ======
Unhandled Promise: TypeError: Failed to fetch
=============================
====== JS ERROR CAUGHT ======
Unhandled Promise: TypeError: Failed to fetch
=============================
====== JS ERROR CAUGHT ======
Unhandled Promise: TypeError: Failed to fetch
=============================
====== JS ERROR CAUGHT ======
Unhandled Promise: TypeError: Failed to fetch
=============================
====== JS ERROR CAUGHT ======
Unhandled Promise: TypeError: Failed to fetch
=============================
====== JS ERROR CAUGHT ======
Unhandled Promise: TypeError: Failed to fetch
=============================
====== JS ERROR CAUGHT ======
Unhandled Promise: TypeError: Failed to fetch
=============================
====== JS ERROR CAUGHT ======
Unhandled Promise: TypeError: Failed to fetch
=============================
====== JS ERROR CAUGHT ======
Unhandled Promise: TypeError: Failed to fetch
=============================
====== JS ERROR CAUGHT ======
Unhandled Promise: TypeError: Failed to fetch
=============================
====== JS ERROR CAUGHT ======
Unhandled Promise: TypeError: Failed to fetch
=============================
====== JS ERROR CAUGHT ======
Unhandled Promise: TypeError: Failed to fetch
=============================
====== JS ERROR CAUGHT ======
Unhandled Promise: TypeError: Failed to fetch
=============================
====== JS ERROR CAUGHT ======
Unhandled Promise: TypeError: Failed to fetch
=============================
====== JS ERROR CAUGHT ======
Unhandled Promise: TypeError: Failed to fetch
=============================
====== JS ERROR CAUGHT ======
Unhandled Promise: TypeError: Failed to fetch
=============================
====== JS ERROR CAUGHT ======
Unhandled Promise: TypeError: Failed to fetch
=============================
====== JS ERROR CAUGHT ======
Unhandled Promise: TypeError: Failed to fetch
=============================
====== JS ERROR CAUGHT ======
Unhandled Promise: TypeError: Failed to fetch
=============================
====== JS ERROR CAUGHT ======
Unhandled Promise: TypeError: Failed to fetch
=============================
====== JS ERROR CAUGHT ======
Unhandled Promise: TypeError: Failed to fetch
=============================
====== JS ERROR CAUGHT ======
Unhandled Promise: TypeError: Failed to fetch
=============================
====== JS ERROR CAUGHT ======
Unhandled Promise: TypeError: Failed to fetch
=============================
====== JS ERROR CAUGHT ======
Unhandled Promise: TypeError: Failed to fetch
=============================
====== JS ERROR CAUGHT ======
Unhandled Promise: TypeError: Failed to fetch
=============================
====== JS ERROR CAUGHT ======
Unhandled Promise: TypeError: Failed to fetch
=============================
====== JS ERROR CAUGHT ======
Unhandled Promise: TypeError: Failed to fetch
=============================
====== JS ERROR CAUGHT ======
Unhandled Promise: TypeError: Failed to fetch
=============================
====== JS ERROR CAUGHT ======
Unhandled Promise: TypeError: Failed to fetch
=============================
====== JS ERROR CAUGHT ======
Unhandled Promise: TypeError: Failed to fetch
=============================
====== JS ERROR CAUGHT ======
Unhandled Promise: TypeError: Failed to fetch
=============================
====== JS ERROR CAUGHT ======
Unhandled Promise: TypeError: Failed to fetch
=============================
====== JS ERROR CAUGHT ======
Unhandled Promise: TypeError: Failed to fetch
=============================
====== JS ERROR CAUGHT ======
Unhandled Promise: TypeError: Failed to fetch
=============================
====== JS ERROR CAUGHT ======
Unhandled Promise: TypeError: Failed to fetch
=============================
====== JS ERROR CAUGHT ======
Unhandled Promise: TypeError: Failed to fetch
=============================
====== JS ERROR CAUGHT ======
Unhandled Promise: TypeError: Failed to fetch
=============================
====== JS ERROR CAUGHT ======
Unhandled Promise: TypeError: Failed to fetch
=============================
====== JS ERROR CAUGHT ======
Unhandled Promise: TypeError: Failed to fetch
=============================
====== JS ERROR CAUGHT ======
Unhandled Promise: TypeError: Failed to fetch
=============================
====== JS ERROR CAUGHT ======
Unhandled Promise: TypeError: Failed to fetch
=============================
====== JS ERROR CAUGHT ======
Unhandled Promise: TypeError: Failed to fetch
=============================
====== JS ERROR CAUGHT ======
Unhandled Promise: TypeError: Failed to fetch
=============================
====== JS ERROR CAUGHT ======
Unhandled Promise: TypeError: Failed to fetch
=============================
====== JS ERROR CAUGHT ======
Unhandled Promise: TypeError: Failed to fetch
=============================
====== JS ERROR CAUGHT ======
Unhandled Promise: TypeError: Failed to fetch
=============================
====== JS ERROR CAUGHT ======
Unhandled Promise: TypeError: Failed to fetch
=============================
====== JS ERROR CAUGHT ======
Unhandled Promise: TypeError: Failed to fetch
=============================
====== JS ERROR CAUGHT ======
Unhandled Promise: TypeError: Failed to fetch
=============================
====== JS ERROR CAUGHT ======
Unhandled Promise: TypeError: Failed to fetch
=============================
====== JS ERROR CAUGHT ======
Unhandled Promise: TypeError: Failed to fetch
=============================
====== JS ERROR CAUGHT ======
Unhandled Promise: TypeError: Failed to fetch
=============================
====== JS ERROR CAUGHT ======
Unhandled Promise: TypeError: Failed to fetch
=============================
====== JS ERROR CAUGHT ======
Unhandled Promise: TypeError: Failed to fetch
=============================
====== JS ERROR CAUGHT ======
Unhandled Promise: TypeError: Failed to fetch
=============================
====== JS ERROR CAUGHT ======
Unhandled Promise: TypeError: Failed to fetch
=============================
====== JS ERROR CAUGHT ======
Unhandled Promise: TypeError: Failed to fetch
=============================
====== JS ERROR CAUGHT ======
Unhandled Promise: TypeError: Failed to fetch
=============================
====== JS ERROR CAUGHT ======
Unhandled Promise: TypeError: Failed to fetch
=============================
====== JS ERROR CAUGHT ======
Unhandled Promise: TypeError: Failed to fetch
=============================
====== JS ERROR CAUGHT ======
Unhandled Promise: TypeError: Failed to fetch
=============================
====== JS ERROR CAUGHT ======
Unhandled Promise: TypeError: Failed to fetch
=============================
====== JS ERROR CAUGHT ======
Unhandled Promise: TypeError: Failed to fetch
=============================
====== JS ERROR CAUGHT ======
Unhandled Promise: TypeError: Failed to fetch
=============================
====== JS ERROR CAUGHT ======
Unhandled Promise: TypeError: Failed to fetch
=============================
====== JS ERROR CAUGHT ======
Unhandled Promise: TypeError: Failed to fetch
=============================
====== JS ERROR CAUGHT ======
Unhandled Promise: TypeError: Failed to fetch
=============================
====== JS ERROR CAUGHT ======
Unhandled Promise: TypeError: Failed to fetch
=============================
====== JS ERROR CAUGHT ======
Unhandled Promise: TypeError: Failed to fetch
=============================
====== JS ERROR CAUGHT ======
Unhandled Promise: TypeError: Failed to fetch
=============================
====== JS ERROR CAUGHT ======
Unhandled Promise: TypeError: Failed to fetch
=============================
====== JS ERROR CAUGHT ======
Unhandled Promise: TypeError: Failed to fetch
=============================
====== JS ERROR CAUGHT ======
Unhandled Promise: TypeError: Failed to fetch
=============================
====== JS ERROR CAUGHT ======
Unhandled Promise: TypeError: Failed to fetch
=============================
====== JS ERROR CAUGHT ======
Unhandled Promise: TypeError: Failed to fetch
=============================
====== JS ERROR CAUGHT ======
Unhandled Promise: TypeError: Failed to fetch
=============================
====== JS ERROR CAUGHT ======
Unhandled Promise: TypeError: Failed to fetch
=============================
====== JS ERROR CAUGHT ======
Unhandled Promise: TypeError: Failed to fetch
=============================
====== JS ERROR CAUGHT ======
Unhandled Promise: TypeError: Failed to fetch
=============================
====== JS ERROR CAUGHT ======
Unhandled Promise: TypeError: Failed to fetch
=============================
====== JS ERROR CAUGHT ======
Unhandled Promise: TypeError: Failed to fetch
=============================
====== JS ERROR CAUGHT ======
Unhandled Promise: TypeError: Failed to fetch
=============================
====== JS ERROR CAUGHT ======
Unhandled Promise: TypeError: Failed to fetch
=============================
====== JS ERROR CAUGHT ======
Unhandled Promise: TypeError: Failed to fetch
=============================
====== JS ERROR CAUGHT ======
Unhandled Promise: TypeError: Failed to fetch
=============================
====== JS ERROR CAUGHT ======
Unhandled Promise: TypeError: Failed to fetch
=============================
====== JS ERROR CAUGHT ======
Unhandled Promise: TypeError: Failed to fetch
=============================
====== JS ERROR CAUGHT ======
Unhandled Promise: TypeError: Failed to fetch
=============================
====== JS ERROR CAUGHT ======
Unhandled Promise: TypeError: Failed to fetch
=============================
====== JS ERROR CAUGHT ======
Unhandled Promise: TypeError: Failed to fetch
=============================
====== JS ERROR CAUGHT ======
Unhandled Promise: TypeError: Failed to fetch
=============================
====== JS ERROR CAUGHT ======
Unhandled Promise: TypeError: Failed to fetch
=============================
====== JS ERROR CAUGHT ======
Unhandled Promise: TypeError: Failed to fetch
=============================
====== JS ERROR CAUGHT ======
Unhandled Promise: TypeError: Failed to fetch
=============================
====== JS ERROR CAUGHT ======
Unhandled Promise: TypeError: Failed to fetch
=============================
====== JS ERROR CAUGHT ======
Unhandled Promise: TypeError: Failed to fetch
=============================
====== JS ERROR CAUGHT ======
Unhandled Promise: TypeError: Failed to fetch
=============================
====== JS ERROR CAUGHT ======
Unhandled Promise: TypeError: Failed to fetch
=============================
====== JS ERROR CAUGHT ======
Unhandled Promise: TypeError: Failed to fetch
=============================
====== JS ERROR CAUGHT ======
Unhandled Promise: TypeError: Failed to fetch
=============================
====== JS ERROR CAUGHT ======
Unhandled Promise: TypeError: Failed to fetch
=============================
====== JS ERROR CAUGHT ======
Unhandled Promise: TypeError: Failed to fetch
=============================
====== JS ERROR CAUGHT ======
Unhandled Promise: TypeError: Failed to fetch
=============================
====== JS ERROR CAUGHT ======
Unhandled Promise: TypeError: Failed to fetch
=============================
====== JS ERROR CAUGHT ======
Unhandled Promise: TypeError: Failed to fetch
=============================
====== JS ERROR CAUGHT ======
Unhandled Promise: TypeError: Failed to fetch
=============================
====== JS ERROR CAUGHT ======
Unhandled Promise: TypeError: Failed to fetch
=============================
====== JS ERROR CAUGHT ======
Unhandled Promise: TypeError: Failed to fetch
=============================
====== JS ERROR CAUGHT ======
Unhandled Promise: TypeError: Failed to fetch
=============================
====== JS ERROR CAUGHT ======
Unhandled Promise: TypeError: Failed to fetch
=============================
====== JS ERROR CAUGHT ======
Unhandled Promise: TypeError: Failed to fetch
=============================
====== JS ERROR CAUGHT ======
Unhandled Promise: TypeError: Failed to fetch
=============================
====== JS ERROR CAUGHT ======
Unhandled Promise: TypeError: Failed to fetch
=============================
====== JS ERROR CAUGHT ======
Unhandled Promise: TypeError: Failed to fetch
=============================
====== JS ERROR CAUGHT ======
Unhandled Promise: TypeError: Failed to fetch
=============================
====== JS ERROR CAUGHT ======
Unhandled Promise: TypeError: Failed to fetch
=============================
====== JS ERROR CAUGHT ======
Unhandled Promise: TypeError: Failed to fetch
=============================
====== JS ERROR CAUGHT ======
Unhandled Promise: TypeError: Failed to fetch
=============================
====== JS ERROR CAUGHT ======
Unhandled Promise: TypeError: Failed to fetch
=============================
====== JS ERROR CAUGHT ======
Unhandled Promise: TypeError: Failed to fetch
=============================
====== JS ERROR CAUGHT ======
Unhandled Promise: TypeError: Failed to fetch
=============================
====== JS ERROR CAUGHT ======
Unhandled Promise: TypeError: Failed to fetch
=============================
====== JS ERROR CAUGHT ======
Unhandled Promise: TypeError: Failed to fetch
=============================
====== JS ERROR CAUGHT ======
Unhandled Promise: TypeError: Failed to fetch
=============================
====== JS ERROR CAUGHT ======
Unhandled Promise: TypeError: Failed to fetch
=============================
====== JS ERROR CAUGHT ======
Unhandled Promise: TypeError: Failed to fetch
=============================
====== JS ERROR CAUGHT ======
Unhandled Promise: TypeError: Failed to fetch
=============================
====== JS ERROR CAUGHT ======
Unhandled Promise: TypeError: Failed to fetch
=============================
====== JS ERROR CAUGHT ======
Unhandled Promise: TypeError: Failed to fetch
=============================
====== JS ERROR CAUGHT ======
Unhandled Promise: TypeError: Failed to fetch
=============================
====== JS ERROR CAUGHT ======
Unhandled Promise: TypeError: Failed to fetch
=============================
====== JS ERROR CAUGHT ======
Unhandled Promise: TypeError: Failed to fetch
=============================
====== JS ERROR CAUGHT ======
Unhandled Promise: TypeError: Failed to fetch
=============================
====== JS ERROR CAUGHT ======
Unhandled Promise: TypeError: Failed to fetch
=============================
====== JS ERROR CAUGHT ======
Unhandled Promise: TypeError: Failed to fetch
=============================
====== JS ERROR CAUGHT ======
Unhandled Promise: TypeError: Failed to fetch
=============================
====== JS ERROR CAUGHT ======
Unhandled Promise: TypeError: Failed to fetch
=============================
====== JS ERROR CAUGHT ======
Unhandled Promise: TypeError: Failed to fetch
=============================
====== JS ERROR CAUGHT ======
Unhandled Promise: TypeError: Failed to fetch
=============================
====== JS ERROR CAUGHT ======
Unhandled Promise: TypeError: Failed to fetch
=============================
====== JS ERROR CAUGHT ======
Unhandled Promise: TypeError: Failed to fetch
=============================
====== JS ERROR CAUGHT ======
Unhandled Promise: TypeError: Failed to fetch
=============================
====== JS ERROR CAUGHT ======
Unhandled Promise: TypeError: Failed to fetch
=============================
====== JS ERROR CAUGHT ======
Unhandled Promise: TypeError: Failed to fetch
=============================
====== JS ERROR CAUGHT ======
Unhandled Promise: TypeError: Failed to fetch
=============================
====== JS ERROR CAUGHT ======
Unhandled Promise: TypeError: Failed to fetch
=============================
====== JS ERROR CAUGHT ======
Unhandled Promise: TypeError: Failed to fetch
=============================
====== JS ERROR CAUGHT ======
Unhandled Promise: TypeError: Failed to fetch
=============================
====== JS ERROR CAUGHT ======
Unhandled Promise: TypeError: Failed to fetch
=============================
====== JS ERROR CAUGHT ======
Unhandled Promise: TypeError: Failed to fetch
=============================
====== JS ERROR CAUGHT ======
Unhandled Promise: TypeError: Failed to fetch
=============================
====== JS ERROR CAUGHT ======
Unhandled Promise: TypeError: Failed to fetch
=============================
====== JS ERROR CAUGHT ======
Unhandled Promise: TypeError: Failed to fetch
=============================
====== JS ERROR CAUGHT ======
Unhandled Promise: TypeError: Failed to fetch
=============================
====== JS ERROR CAUGHT ======
Unhandled Promise: TypeError: Failed to fetch
=============================
====== JS ERROR CAUGHT ======
Unhandled Promise: TypeError: Failed to fetch
=============================
====== JS ERROR CAUGHT ======
Unhandled Promise: TypeError: Failed to fetch
=============================
====== JS ERROR CAUGHT ======
Unhandled Promise: TypeError: Failed to fetch
=============================
====== JS ERROR CAUGHT ======
Unhandled Promise: TypeError: Failed to fetch
=============================
====== JS ERROR CAUGHT ======
Unhandled Promise: TypeError: Failed to fetch
=============================
====== JS ERROR CAUGHT ======
Unhandled Promise: TypeError: Failed to fetch
=============================
====== JS ERROR CAUGHT ======
Unhandled Promise: TypeError: Failed to fetch
=============================
====== JS ERROR CAUGHT ======
Unhandled Promise: TypeError: Failed to fetch
=============================
====== JS ERROR CAUGHT ======
Unhandled Promise: TypeError: Failed to fetch
=============================
====== JS ERROR CAUGHT ======
Unhandled Promise: TypeError: Failed to fetch
=============================
====== JS ERROR CAUGHT ======
Unhandled Promise: TypeError: Failed to fetch
=============================
====== JS ERROR CAUGHT ======
Unhandled Promise: TypeError: Failed to fetch
=============================
====== JS ERROR CAUGHT ======
Unhandled Promise: TypeError: Failed to fetch
=============================
====== JS ERROR CAUGHT ======
Unhandled Promise: TypeError: Failed to fetch
=============================
====== JS ERROR CAUGHT ======
Unhandled Promise: TypeError: Failed to fetch
=============================
====== JS ERROR CAUGHT ======
Unhandled Promise: TypeError: Failed to fetch
=============================
====== JS ERROR CAUGHT ======
Unhandled Promise: TypeError: Failed to fetch
=============================
====== JS ERROR CAUGHT ======
Unhandled Promise: TypeError: Failed to fetch
=============================
====== JS ERROR CAUGHT ======
Unhandled Promise: TypeError: Failed to fetch
=============================
====== JS ERROR CAUGHT ======
Unhandled Promise: TypeError: Failed to fetch
=============================
====== JS ERROR CAUGHT ======
Unhandled Promise: TypeError: Failed to fetch
=============================
====== JS ERROR CAUGHT ======
Unhandled Promise: TypeError: Failed to fetch
=============================
====== JS ERROR CAUGHT ======
Unhandled Promise: TypeError: Failed to fetch
=============================
====== JS ERROR CAUGHT ======
Unhandled Promise: TypeError: Failed to fetch
=============================
====== JS ERROR CAUGHT ======
Unhandled Promise: TypeError: Failed to fetch
=============================
====== JS ERROR CAUGHT ======
Unhandled Promise: TypeError: Failed to fetch
=============================
====== JS ERROR CAUGHT ======
Unhandled Promise: TypeError: Failed to fetch
=============================
====== JS ERROR CAUGHT ======
Unhandled Promise: TypeError: Failed to fetch
=============================
====== JS ERROR CAUGHT ======
Unhandled Promise: TypeError: Failed to fetch
=============================
====== JS ERROR CAUGHT ======
Unhandled Promise: TypeError: Failed to fetch
=============================
====== JS ERROR CAUGHT ======
Unhandled Promise: TypeError: Failed to fetch
=============================
====== JS ERROR CAUGHT ======
Unhandled Promise: TypeError: Failed to fetch
=============================
====== JS ERROR CAUGHT ======
Unhandled Promise: TypeError: Failed to fetch
=============================
====== JS ERROR CAUGHT ======
Unhandled Promise: TypeError: Failed to fetch
=============================
====== JS ERROR CAUGHT ======
Unhandled Promise: TypeError: Failed to fetch
=============================
====== JS ERROR CAUGHT ======
Unhandled Promise: TypeError: Failed to fetch
=============================
====== JS ERROR CAUGHT ======
Unhandled Promise: TypeError: Failed to fetch
=============================
====== JS ERROR CAUGHT ======
Unhandled Promise: TypeError: Failed to fetch
=============================
====== JS ERROR CAUGHT ======
Unhandled Promise: TypeError: Failed to fetch
=============================
====== JS ERROR CAUGHT ======
Unhandled Promise: TypeError: Failed to fetch
=============================
====== JS ERROR CAUGHT ======
Unhandled Promise: TypeError: Failed to fetch
=============================
====== JS ERROR CAUGHT ======
Unhandled Promise: TypeError: Failed to fetch
=============================
====== JS ERROR CAUGHT ======
Unhandled Promise: TypeError: Failed to fetch
=============================
====== JS ERROR CAUGHT ======
Unhandled Promise: TypeError: Failed to fetch
=============================
====== JS ERROR CAUGHT ======
Unhandled Promise: TypeError: Failed to fetch
=============================
====== JS ERROR CAUGHT ======
Unhandled Promise: TypeError: Failed to fetch
=============================
====== JS ERROR CAUGHT ======
Unhandled Promise: TypeError: Failed to fetch
=============================
====== JS ERROR CAUGHT ======
Unhandled Promise: TypeError: Failed to fetch
=============================
====== JS ERROR CAUGHT ======
Unhandled Promise: TypeError: Failed to fetch
=============================
====== JS ERROR CAUGHT ======
Unhandled Promise: TypeError: Failed to fetch
=============================
====== JS ERROR CAUGHT ======
Unhandled Promise: TypeError: Failed to fetch
=============================
====== JS ERROR CAUGHT ======
Unhandled Promise: TypeError: Failed to fetch
=============================
====== JS ERROR CAUGHT ======
Unhandled Promise: TypeError: Failed to fetch
=============================
====== JS ERROR CAUGHT ======
Unhandled Promise: TypeError: Failed to fetch
=============================
====== JS ERROR CAUGHT ======
Unhandled Promise: TypeError: Failed to fetch
=============================
====== JS ERROR CAUGHT ======
Unhandled Promise: TypeError: Failed to fetch
=============================
====== JS ERROR CAUGHT ======
Unhandled Promise: TypeError: Failed to fetch
=============================
====== JS ERROR CAUGHT ======
Unhandled Promise: TypeError: Failed to fetch
=============================
====== JS ERROR CAUGHT ======
Unhandled Promise: TypeError: Failed to fetch
=============================
====== JS ERROR CAUGHT ======
Unhandled Promise: TypeError: Failed to fetch
=============================
====== JS ERROR CAUGHT ======
Unhandled Promise: TypeError: Failed to fetch
=============================
====== JS ERROR CAUGHT ======
Unhandled Promise: TypeError: Failed to fetch
=============================
====== JS ERROR CAUGHT ======
Unhandled Promise: TypeError: Failed to fetch
=============================
====== JS ERROR CAUGHT ======
Unhandled Promise: TypeError: Failed to fetch
=============================
====== JS ERROR CAUGHT ======
Unhandled Promise: TypeError: Failed to fetch
=============================
====== JS ERROR CAUGHT ======
Unhandled Promise: TypeError: Failed to fetch
=============================
====== JS ERROR CAUGHT ======
Unhandled Promise: TypeError: Failed to fetch
=============================
====== JS ERROR CAUGHT ======
Unhandled Promise: TypeError: Failed to fetch
=============================
====== JS ERROR CAUGHT ======
Unhandled Promise: TypeError: Failed to fetch
=============================
====== JS ERROR CAUGHT ======
Unhandled Promise: TypeError: Failed to fetch
=============================
====== JS ERROR CAUGHT ======
Unhandled Promise: TypeError: Failed to fetch
=============================
====== JS ERROR CAUGHT ======
Unhandled Promise: TypeError: Failed to fetch
=============================
====== JS ERROR CAUGHT ======
Unhandled Promise: TypeError: Failed to fetch
=============================
====== JS ERROR CAUGHT ======
Unhandled Promise: TypeError: Failed to fetch
=============================
====== JS ERROR CAUGHT ======
Unhandled Promise: TypeError: Failed to fetch
=============================
====== JS ERROR CAUGHT ======
Unhandled Promise: TypeError: Failed to fetch
=============================
====== JS ERROR CAUGHT ======
Unhandled Promise: TypeError: Failed to fetch
=============================
====== JS ERROR CAUGHT ======
Unhandled Promise: TypeError: Failed to fetch
=============================
====== JS ERROR CAUGHT ======
Unhandled Promise: TypeError: Failed to fetch
=============================
====== JS ERROR CAUGHT ======
Unhandled Promise: TypeError: Failed to fetch
=============================
====== JS ERROR CAUGHT ======
Unhandled Promise: TypeError: Failed to fetch
=============================
====== JS ERROR CAUGHT ======
Unhandled Promise: TypeError: Failed to fetch
=============================
====== JS ERROR CAUGHT ======
Unhandled Promise: TypeError: Failed to fetch
=============================
====== JS ERROR CAUGHT ======
Unhandled Promise: TypeError: Failed to fetch
=============================
====== JS ERROR CAUGHT ======
Unhandled Promise: TypeError: Failed to fetch
=============================
====== JS ERROR CAUGHT ======
Unhandled Promise: TypeError: Failed to fetch
=============================
====== JS ERROR CAUGHT ======
Unhandled Promise: TypeError: Failed to fetch
=============================
====== JS ERROR CAUGHT ======
Unhandled Promise: TypeError: Failed to fetch
=============================
====== JS ERROR CAUGHT ======
Unhandled Promise: TypeError: Failed to fetch
=============================
====== JS ERROR CAUGHT ======
Unhandled Promise: TypeError: Failed to fetch
=============================
====== JS ERROR CAUGHT ======
Unhandled Promise: TypeError: Failed to fetch
=============================
====== JS ERROR CAUGHT ======
Unhandled Promise: TypeError: Failed to fetch
=============================
====== JS ERROR CAUGHT ======
Unhandled Promise: TypeError: Failed to fetch
=============================
====== JS ERROR CAUGHT ======
Unhandled Promise: TypeError: Failed to fetch
=============================
====== JS ERROR CAUGHT ======
Unhandled Promise: TypeError: Failed to fetch
=============================
====== JS ERROR CAUGHT ======
Unhandled Promise: TypeError: Failed to fetch
=============================
====== JS ERROR CAUGHT ======
Unhandled Promise: TypeError: Failed to fetch
=============================
====== JS ERROR CAUGHT ======
Unhandled Promise: TypeError: Failed to fetch
=============================
====== JS ERROR CAUGHT ======
Unhandled Promise: TypeError: Failed to fetch
=============================
====== JS ERROR CAUGHT ======
Unhandled Promise: TypeError: Failed to fetch
=============================
====== JS ERROR CAUGHT ======
Unhandled Promise: TypeError: Failed to fetch
=============================
====== JS ERROR CAUGHT ======
Unhandled Promise: TypeError: Failed to fetch
=============================
====== JS ERROR CAUGHT ======
Unhandled Promise: TypeError: Failed to fetch
=============================
====== JS ERROR CAUGHT ======
Unhandled Promise: TypeError: Failed to fetch
=============================
====== JS ERROR CAUGHT ======
Unhandled Promise: TypeError: Failed to fetch
=============================
====== JS ERROR CAUGHT ======
Unhandled Promise: TypeError: Failed to fetch
=============================
====== JS ERROR CAUGHT ======
Unhandled Promise: TypeError: Failed to fetch
=============================
====== JS ERROR CAUGHT ======
Unhandled Promise: TypeError: Failed to fetch
=============================
====== JS ERROR CAUGHT ======
Unhandled Promise: TypeError: Failed to fetch
=============================
====== JS ERROR CAUGHT ======
Unhandled Promise: TypeError: Failed to fetch
=============================
====== JS ERROR CAUGHT ======
Unhandled Promise: TypeError: Failed to fetch
=============================
====== JS ERROR CAUGHT ======
Unhandled Promise: TypeError: Failed to fetch
=============================
====== JS ERROR CAUGHT ======
Unhandled Promise: TypeError: Failed to fetch
=============================
====== JS ERROR CAUGHT ======
Unhandled Promise: TypeError: Failed to fetch
=============================
====== JS ERROR CAUGHT ======
Unhandled Promise: TypeError: Failed to fetch
=============================
====== JS ERROR CAUGHT ======
Unhandled Promise: TypeError: Failed to fetch
=============================
====== JS ERROR CAUGHT ======
Unhandled Promise: TypeError: Failed to fetch
=============================
====== JS ERROR CAUGHT ======
Unhandled Promise: TypeError: Failed to fetch
=============================
====== JS ERROR CAUGHT ======
Unhandled Promise: TypeError: Failed to fetch
=============================
====== JS ERROR CAUGHT ======
Unhandled Promise: TypeError: Failed to fetch
=============================
====== JS ERROR CAUGHT ======
Unhandled Promise: TypeError: Failed to fetch
=============================
====== JS ERROR CAUGHT ======
Unhandled Promise: TypeError: Failed to fetch
=============================
====== JS ERROR CAUGHT ======
Unhandled Promise: TypeError: Failed to fetch
=============================
====== JS ERROR CAUGHT ======
Unhandled Promise: TypeError: Failed to fetch
=============================
====== JS ERROR CAUGHT ======
Unhandled Promise: TypeError: Failed to fetch
=============================
====== JS ERROR CAUGHT ======
Unhandled Promise: TypeError: Failed to fetch
=============================
====== JS ERROR CAUGHT ======
Unhandled Promise: TypeError: Failed to fetch
=============================
====== JS ERROR CAUGHT ======
Unhandled Promise: TypeError: Failed to fetch
=============================
====== JS ERROR CAUGHT ======
Unhandled Promise: TypeError: Failed to fetch
=============================
====== JS ERROR CAUGHT ======
Unhandled Promise: TypeError: Failed to fetch
=============================
====== JS ERROR CAUGHT ======
Unhandled Promise: TypeError: Failed to fetch
=============================
====== JS ERROR CAUGHT ======
Unhandled Promise: TypeError: Failed to fetch
=============================
====== JS ERROR CAUGHT ======
Unhandled Promise: TypeError: Failed to fetch
=============================
====== JS ERROR CAUGHT ======
Unhandled Promise: TypeError: Failed to fetch
=============================
====== JS ERROR CAUGHT ======
Unhandled Promise: TypeError: Failed to fetch
=============================
====== JS ERROR CAUGHT ======
Unhandled Promise: TypeError: Failed to fetch
=============================
====== JS ERROR CAUGHT ======
Unhandled Promise: TypeError: Failed to fetch
=============================
====== JS ERROR CAUGHT ======
Unhandled Promise: TypeError: Failed to fetch
=============================
====== JS ERROR CAUGHT ======
Unhandled Promise: TypeError: Failed to fetch
=============================
====== JS ERROR CAUGHT ======
Unhandled Promise: TypeError: Failed to fetch
=============================
====== JS ERROR CAUGHT ======
Unhandled Promise: TypeError: Failed to fetch
=============================
====== JS ERROR CAUGHT ======
Unhandled Promise: TypeError: Failed to fetch
=============================
====== JS ERROR CAUGHT ======
Unhandled Promise: TypeError: Failed to fetch
=============================
====== JS ERROR CAUGHT ======
Unhandled Promise: TypeError: Failed to fetch
=============================
====== JS ERROR CAUGHT ======
Unhandled Promise: TypeError: Failed to fetch
=============================
====== JS ERROR CAUGHT ======
Unhandled Promise: TypeError: Failed to fetch
=============================
====== JS ERROR CAUGHT ======
Unhandled Promise: TypeError: Failed to fetch
=============================
====== JS ERROR CAUGHT ======
Unhandled Promise: TypeError: Failed to fetch
=============================
====== JS ERROR CAUGHT ======
Unhandled Promise: TypeError: Failed to fetch
=============================
====== JS ERROR CAUGHT ======
Unhandled Promise: TypeError: Failed to fetch
=============================
====== JS ERROR CAUGHT ======
Unhandled Promise: TypeError: Failed to fetch
=============================
====== JS ERROR CAUGHT ======
Unhandled Promise: TypeError: Failed to fetch
=============================
====== JS ERROR CAUGHT ======
Unhandled Promise: TypeError: Failed to fetch
=============================
====== JS ERROR CAUGHT ======
Unhandled Promise: TypeError: Failed to fetch
=============================
====== JS ERROR CAUGHT ======
Unhandled Promise: TypeError: Failed to fetch
=============================
====== JS ERROR CAUGHT ======
Unhandled Promise: TypeError: Failed to fetch
=============================
====== JS ERROR CAUGHT ======
Unhandled Promise: TypeError: Failed to fetch
=============================
====== JS ERROR CAUGHT ======
Unhandled Promise: TypeError: Failed to fetch
=============================
====== JS ERROR CAUGHT ======
Unhandled Promise: TypeError: Failed to fetch
=============================
====== JS ERROR CAUGHT ======
Unhandled Promise: TypeError: Failed to fetch
=============================
====== JS ERROR CAUGHT ======
Unhandled Promise: TypeError: Failed to fetch
=============================
====== JS ERROR CAUGHT ======
Unhandled Promise: TypeError: Failed to fetch
=============================
====== JS ERROR CAUGHT ======
Unhandled Promise: TypeError: Failed to fetch
=============================
====== JS ERROR CAUGHT ======
Unhandled Promise: TypeError: Failed to fetch
=============================
====== JS ERROR CAUGHT ======
Unhandled Promise: TypeError: Failed to fetch
=============================
====== JS ERROR CAUGHT ======
Unhandled Promise: TypeError: Failed to fetch
=============================
====== JS ERROR CAUGHT ======
Unhandled Promise: TypeError: Failed to fetch
=============================
====== JS ERROR CAUGHT ======
Unhandled Promise: TypeError: Failed to fetch
=============================
====== JS ERROR CAUGHT ======
Unhandled Promise: TypeError: Failed to fetch
=============================
====== JS ERROR CAUGHT ======
Unhandled Promise: TypeError: Failed to fetch
=============================
====== JS ERROR CAUGHT ======
Unhandled Promise: TypeError: Failed to fetch
=============================
====== JS ERROR CAUGHT ======
Unhandled Promise: TypeError: Failed to fetch
=============================
====== JS ERROR CAUGHT ======
Unhandled Promise: TypeError: Failed to fetch
=============================
====== JS ERROR CAUGHT ======
Unhandled Promise: TypeError: Failed to fetch
=============================
====== JS ERROR CAUGHT ======
Unhandled Promise: TypeError: Failed to fetch
=============================
====== JS ERROR CAUGHT ======
Unhandled Promise: TypeError: Failed to fetch
=============================
====== JS ERROR CAUGHT ======
Unhandled Promise: TypeError: Failed to fetch
=============================
====== JS ERROR CAUGHT ======
Unhandled Promise: TypeError: Failed to fetch
=============================
====== JS ERROR CAUGHT ======
Unhandled Promise: TypeError: Failed to fetch
=============================
====== JS ERROR CAUGHT ======
Unhandled Promise: TypeError: Failed to fetch
=============================
====== JS ERROR CAUGHT ======
Unhandled Promise: TypeError: Failed to fetch
=============================
====== JS ERROR CAUGHT ======
Unhandled Promise: TypeError: Failed to fetch
=============================
====== JS ERROR CAUGHT ======
Unhandled Promise: TypeError: Failed to fetch
=============================
====== JS ERROR CAUGHT ======
Unhandled Promise: TypeError: Failed to fetch
=============================
====== JS ERROR CAUGHT ======
Unhandled Promise: TypeError: Failed to fetch
=============================
====== JS ERROR CAUGHT ======
Unhandled Promise: TypeError: Failed to fetch
=============================
====== JS ERROR CAUGHT ======
Unhandled Promise: TypeError: Failed to fetch
=============================
====== JS ERROR CAUGHT ======
Unhandled Promise: TypeError: Failed to fetch
=============================
====== JS ERROR CAUGHT ======
Unhandled Promise: TypeError: Failed to fetch
=============================
====== JS ERROR CAUGHT ======
Unhandled Promise: TypeError: Failed to fetch
=============================
====== JS ERROR CAUGHT ======
Unhandled Promise: TypeError: Failed to fetch
=============================
====== JS ERROR CAUGHT ======
Unhandled Promise: TypeError: Failed to fetch
=============================
====== JS ERROR CAUGHT ======
Unhandled Promise: TypeError: Failed to fetch
=============================
====== JS ERROR CAUGHT ======
Unhandled Promise: TypeError: Failed to fetch
=============================
====== JS ERROR CAUGHT ======
Unhandled Promise: TypeError: Failed to fetch
=============================
====== JS ERROR CAUGHT ======
Unhandled Promise: TypeError: Failed to fetch
=============================
====== JS ERROR CAUGHT ======
Unhandled Promise: TypeError: Failed to fetch
=============================
====== JS ERROR CAUGHT ======
Unhandled Promise: TypeError: Failed to fetch
=============================
====== JS ERROR CAUGHT ======
Unhandled Promise: TypeError: Failed to fetch
=============================
====== JS ERROR CAUGHT ======
Unhandled Promise: TypeError: Failed to fetch
=============================
====== JS ERROR CAUGHT ======
Unhandled Promise: TypeError: Failed to fetch
=============================
====== JS ERROR CAUGHT ======
Unhandled Promise: TypeError: Failed to fetch
=============================
====== JS ERROR CAUGHT ======
Unhandled Promise: TypeError: Failed to fetch
=============================
====== JS ERROR CAUGHT ======
Unhandled Promise: TypeError: Failed to fetch
=============================
====== JS ERROR CAUGHT ======
Unhandled Promise: TypeError: Failed to fetch
=============================
====== JS ERROR CAUGHT ======
Unhandled Promise: TypeError: Failed to fetch
=============================
====== JS ERROR CAUGHT ======
Unhandled Promise: TypeError: Failed to fetch
=============================
====== JS ERROR CAUGHT ======
Unhandled Promise: TypeError: Failed to fetch
=============================
====== JS ERROR CAUGHT ======
Unhandled Promise: TypeError: Failed to fetch
=============================
====== JS ERROR CAUGHT ======
Unhandled Promise: TypeError: Failed to fetch
=============================
====== JS ERROR CAUGHT ======
Unhandled Promise: TypeError: Failed to fetch
=============================
====== JS ERROR CAUGHT ======
Unhandled Promise: TypeError: Failed to fetch
=============================
====== JS ERROR CAUGHT ======
Unhandled Promise: TypeError: Failed to fetch
=============================
====== JS ERROR CAUGHT ======
Unhandled Promise: TypeError: Failed to fetch
=============================
====== JS ERROR CAUGHT ======
Unhandled Promise: TypeError: Failed to fetch
=============================
====== JS ERROR CAUGHT ======
Unhandled Promise: TypeError: Failed to fetch
=============================
====== JS ERROR CAUGHT ======
Unhandled Promise: TypeError: Failed to fetch
=============================
====== JS ERROR CAUGHT ======
Unhandled Promise: TypeError: Failed to fetch
=============================
====== JS ERROR CAUGHT ======
Unhandled Promise: TypeError: Failed to fetch
=============================
====== JS ERROR CAUGHT ======
Unhandled Promise: TypeError: Failed to fetch
=============================
====== JS ERROR CAUGHT ======
Unhandled Promise: TypeError: Failed to fetch
=============================
====== JS ERROR CAUGHT ======
Unhandled Promise: TypeError: Failed to fetch
=============================
====== JS ERROR CAUGHT ======
Unhandled Promise: TypeError: Failed to fetch
=============================
====== JS ERROR CAUGHT ======
Unhandled Promise: TypeError: Failed to fetch
=============================
====== JS ERROR CAUGHT ======
Unhandled Promise: TypeError: Failed to fetch
=============================
====== JS ERROR CAUGHT ======
Unhandled Promise: TypeError: Failed to fetch
=============================
====== JS ERROR CAUGHT ======
Unhandled Promise: TypeError: Failed to fetch
=============================
====== JS ERROR CAUGHT ======
Unhandled Promise: TypeError: Failed to fetch
=============================
====== JS ERROR CAUGHT ======
Unhandled Promise: TypeError: Failed to fetch
=============================
====== JS ERROR CAUGHT ======
Unhandled Promise: TypeError: Failed to fetch
=============================
====== JS ERROR CAUGHT ======
Unhandled Promise: TypeError: Failed to fetch
=============================
====== JS ERROR CAUGHT ======
Unhandled Promise: TypeError: Failed to fetch
=============================
====== JS ERROR CAUGHT ======
Unhandled Promise: TypeError: Failed to fetch
=============================
====== JS ERROR CAUGHT ======
Unhandled Promise: TypeError: Failed to fetch
=============================
====== JS ERROR CAUGHT ======
Unhandled Promise: TypeError: Failed to fetch
=============================
====== JS ERROR CAUGHT ======
Unhandled Promise: TypeError: Failed to fetch
=============================
====== JS ERROR CAUGHT ======
Unhandled Promise: TypeError: Failed to fetch
=============================
====== JS ERROR CAUGHT ======
Unhandled Promise: TypeError: Failed to fetch
=============================
====== JS ERROR CAUGHT ======
Unhandled Promise: TypeError: Failed to fetch
=============================
====== JS ERROR CAUGHT ======
Unhandled Promise: TypeError: Failed to fetch
=============================
====== JS ERROR CAUGHT ======
Unhandled Promise: TypeError: Failed to fetch
=============================
====== JS ERROR CAUGHT ======
Unhandled Promise: TypeError: Failed to fetch
=============================
====== JS ERROR CAUGHT ======
Unhandled Promise: TypeError: Failed to fetch
=============================
====== JS ERROR CAUGHT ======
Unhandled Promise: TypeError: Failed to fetch
=============================
====== JS ERROR CAUGHT ======
Unhandled Promise: TypeError: Failed to fetch
=============================
====== JS ERROR CAUGHT ======
Unhandled Promise: TypeError: Failed to fetch
=============================
====== JS ERROR CAUGHT ======
Unhandled Promise: TypeError: Failed to fetch
=============================
====== JS ERROR CAUGHT ======
Unhandled Promise: TypeError: Failed to fetch
=============================
====== JS ERROR CAUGHT ======
Unhandled Promise: TypeError: Failed to fetch
=============================
====== JS ERROR CAUGHT ======
Unhandled Promise: TypeError: Failed to fetch
=============================
====== JS ERROR CAUGHT ======
Unhandled Promise: TypeError: Failed to fetch
=============================
====== JS ERROR CAUGHT ======
Unhandled Promise: TypeError: Failed to fetch
=============================
====== JS ERROR CAUGHT ======
Unhandled Promise: TypeError: Failed to fetch
=============================
====== JS ERROR CAUGHT ======
Unhandled Promise: TypeError: Failed to fetch
=============================
====== JS ERROR CAUGHT ======
Unhandled Promise: TypeError: Failed to fetch
=============================
====== JS ERROR CAUGHT ======
Unhandled Promise: TypeError: Failed to fetch
=============================
====== JS ERROR CAUGHT ======
Unhandled Promise: TypeError: Failed to fetch
=============================
====== JS ERROR CAUGHT ======
Unhandled Promise: TypeError: Failed to fetch
=============================
====== JS ERROR CAUGHT ======
Unhandled Promise: TypeError: Failed to fetch
=============================
====== JS ERROR CAUGHT ======
Unhandled Promise: TypeError: Failed to fetch
=============================
====== JS ERROR CAUGHT ======
Unhandled Promise: TypeError: Failed to fetch
=============================
====== JS ERROR CAUGHT ======
Unhandled Promise: TypeError: Failed to fetch
=============================
====== JS ERROR CAUGHT ======
Unhandled Promise: TypeError: Failed to fetch
=============================
====== JS ERROR CAUGHT ======
Unhandled Promise: TypeError: Failed to fetch
=============================
====== JS ERROR CAUGHT ======
Unhandled Promise: TypeError: Failed to fetch
=============================
====== JS ERROR CAUGHT ======
Unhandled Promise: TypeError: Failed to fetch
=============================
====== JS ERROR CAUGHT ======
Unhandled Promise: TypeError: Failed to fetch
=============================
====== JS ERROR CAUGHT ======
Unhandled Promise: TypeError: Failed to fetch
=============================
====== JS ERROR CAUGHT ======
Unhandled Promise: TypeError: Failed to fetch
=============================
====== JS ERROR CAUGHT ======
Unhandled Promise: TypeError: Failed to fetch
=============================
====== JS ERROR CAUGHT ======
Unhandled Promise: TypeError: Failed to fetch
=============================
====== JS ERROR CAUGHT ======
Unhandled Promise: TypeError: Failed to fetch
=============================
====== JS ERROR CAUGHT ======
Unhandled Promise: TypeError: Failed to fetch
=============================
====== JS ERROR CAUGHT ======
Unhandled Promise: TypeError: Failed to fetch
=============================
====== JS ERROR CAUGHT ======
Unhandled Promise: TypeError: Failed to fetch
=============================
====== JS ERROR CAUGHT ======
Unhandled Promise: TypeError: Failed to fetch
=============================
====== JS ERROR CAUGHT ======
Unhandled Promise: TypeError: Failed to fetch
=============================
====== JS ERROR CAUGHT ======
Unhandled Promise: TypeError: Failed to fetch
=============================
====== JS ERROR CAUGHT ======
Unhandled Promise: TypeError: Failed to fetch
=============================
====== JS ERROR CAUGHT ======
Unhandled Promise: TypeError: Failed to fetch
=============================
====== JS ERROR CAUGHT ======
Unhandled Promise: TypeError: Failed to fetch
=============================
====== JS ERROR CAUGHT ======
Unhandled Promise: TypeError: Failed to fetch
=============================
====== JS ERROR CAUGHT ======
Unhandled Promise: TypeError: Failed to fetch
=============================
====== JS ERROR CAUGHT ======
Unhandled Promise: TypeError: Failed to fetch
=============================
====== JS ERROR CAUGHT ======
Unhandled Promise: TypeError: Failed to fetch
=============================
====== JS ERROR CAUGHT ======
Unhandled Promise: TypeError: Failed to fetch
=============================
====== JS ERROR CAUGHT ======
Unhandled Promise: TypeError: Failed to fetch
=============================
====== JS ERROR CAUGHT ======
Unhandled Promise: TypeError: Failed to fetch
=============================
====== JS ERROR CAUGHT ======
Unhandled Promise: TypeError: Failed to fetch
=============================
====== JS ERROR CAUGHT ======
Unhandled Promise: TypeError: Failed to fetch
=============================
====== JS ERROR CAUGHT ======
Unhandled Promise: TypeError: Failed to fetch
=============================
====== JS ERROR CAUGHT ======
Unhandled Promise: TypeError: Failed to fetch
=============================
====== JS ERROR CAUGHT ======
Unhandled Promise: TypeError: Failed to fetch
=============================
====== JS ERROR CAUGHT ======
Unhandled Promise: TypeError: Failed to fetch
=============================
====== JS ERROR CAUGHT ======
Unhandled Promise: TypeError: Failed to fetch
=============================
====== JS ERROR CAUGHT ======
Unhandled Promise: TypeError: Failed to fetch
=============================
====== JS ERROR CAUGHT ======
Unhandled Promise: TypeError: Failed to fetch
=============================
====== JS ERROR CAUGHT ======
Unhandled Promise: TypeError: Failed to fetch
=============================
====== JS ERROR CAUGHT ======
Unhandled Promise: TypeError: Failed to fetch
=============================
====== JS ERROR CAUGHT ======
Unhandled Promise: TypeError: Failed to fetch
=============================
====== JS ERROR CAUGHT ======
Unhandled Promise: TypeError: Failed to fetch
=============================
====== JS ERROR CAUGHT ======
Unhandled Promise: TypeError: Failed to fetch
=============================
====== JS ERROR CAUGHT ======
Unhandled Promise: TypeError: Failed to fetch
=============================
====== JS ERROR CAUGHT ======
Unhandled Promise: TypeError: Failed to fetch
=============================
====== JS ERROR CAUGHT ======
Unhandled Promise: TypeError: Failed to fetch
=============================
====== JS ERROR CAUGHT ======
Unhandled Promise: TypeError: Failed to fetch
=============================
====== JS ERROR CAUGHT ======
Unhandled Promise: TypeError: Failed to fetch
=============================
====== JS ERROR CAUGHT ======
Unhandled Promise: TypeError: Failed to fetch
=============================
====== JS ERROR CAUGHT ======
Unhandled Promise: TypeError: Failed to fetch
=============================
====== JS ERROR CAUGHT ======
Unhandled Promise: TypeError: Failed to fetch
=============================
====== JS ERROR CAUGHT ======
Unhandled Promise: TypeError: Failed to fetch
=============================
====== JS ERROR CAUGHT ======
Unhandled Promise: TypeError: Failed to fetch
=============================
====== JS ERROR CAUGHT ======
Unhandled Promise: TypeError: Failed to fetch
=============================
====== JS ERROR CAUGHT ======
Unhandled Promise: TypeError: Failed to fetch
=============================
====== JS ERROR CAUGHT ======
Unhandled Promise: TypeError: Failed to fetch
=============================
====== JS ERROR CAUGHT ======
Unhandled Promise: TypeError: Failed to fetch
=============================
====== JS ERROR CAUGHT ======
Unhandled Promise: TypeError: Failed to fetch
=============================
====== JS ERROR CAUGHT ======
Unhandled Promise: TypeError: Failed to fetch
=============================
====== JS ERROR CAUGHT ======
Unhandled Promise: TypeError: Failed to fetch
=============================
====== JS ERROR CAUGHT ======
Unhandled Promise: TypeError: Failed to fetch
=============================
====== JS ERROR CAUGHT ======
Unhandled Promise: TypeError: Failed to fetch
=============================
====== JS ERROR CAUGHT ======
Unhandled Promise: TypeError: Failed to fetch
=============================
====== JS ERROR CAUGHT ======
Unhandled Promise: TypeError: Failed to fetch
=============================
====== JS ERROR CAUGHT ======
Unhandled Promise: TypeError: Failed to fetch
=============================
====== JS ERROR CAUGHT ======
Unhandled Promise: TypeError: Failed to fetch
=============================
====== JS ERROR CAUGHT ======
Unhandled Promise: TypeError: Failed to fetch
=============================
====== JS ERROR CAUGHT ======
Unhandled Promise: TypeError: Failed to fetch
=============================
====== JS ERROR CAUGHT ======
Unhandled Promise: TypeError: Failed to fetch
=============================
====== JS ERROR CAUGHT ======
Unhandled Promise: TypeError: Failed to fetch
=============================
====== JS ERROR CAUGHT ======
Unhandled Promise: TypeError: Failed to fetch
=============================
====== JS ERROR CAUGHT ======
Unhandled Promise: TypeError: Failed to fetch
=============================
====== JS ERROR CAUGHT ======
Unhandled Promise: TypeError: Failed to fetch
=============================
====== JS ERROR CAUGHT ======
Unhandled Promise: TypeError: Failed to fetch
=============================
====== JS ERROR CAUGHT ======
Unhandled Promise: TypeError: Failed to fetch
=============================
====== JS ERROR CAUGHT ======
Unhandled Promise: TypeError: Failed to fetch
=============================
====== JS ERROR CAUGHT ======
Unhandled Promise: TypeError: Failed to fetch
=============================
====== JS ERROR CAUGHT ======
Unhandled Promise: TypeError: Failed to fetch
=============================
====== JS ERROR CAUGHT ======
Unhandled Promise: TypeError: Failed to fetch
=============================
====== JS ERROR CAUGHT ======
Unhandled Promise: TypeError: Failed to fetch
=============================
====== JS ERROR CAUGHT ======
Unhandled Promise: TypeError: Failed to fetch
=============================
====== JS ERROR CAUGHT ======
Unhandled Promise: TypeError: Failed to fetch
=============================
====== JS ERROR CAUGHT ======
Unhandled Promise: TypeError: Failed to fetch
=============================
====== JS ERROR CAUGHT ======
Unhandled Promise: TypeError: Failed to fetch
=============================
====== JS ERROR CAUGHT ======
Unhandled Promise: TypeError: Failed to fetch
=============================
====== JS ERROR CAUGHT ======
Unhandled Promise: TypeError: Failed to fetch
=============================
====== JS ERROR CAUGHT ======
Unhandled Promise: TypeError: Failed to fetch
=============================
====== JS ERROR CAUGHT ======
Unhandled Promise: TypeError: Failed to fetch
=============================
====== JS ERROR CAUGHT ======
Unhandled Promise: TypeError: Failed to fetch
=============================
====== JS ERROR CAUGHT ======
Unhandled Promise: TypeError: Failed to fetch
=============================
====== JS ERROR CAUGHT ======
Unhandled Promise: TypeError: Failed to fetch
=============================
====== JS ERROR CAUGHT ======
Unhandled Promise: TypeError: Failed to fetch
=============================
====== JS ERROR CAUGHT ======
Unhandled Promise: TypeError: Failed to fetch
=============================
====== JS ERROR CAUGHT ======
Unhandled Promise: TypeError: Failed to fetch
=============================
====== JS ERROR CAUGHT ======
Unhandled Promise: TypeError: Failed to fetch
=============================
====== JS ERROR CAUGHT ======
Unhandled Promise: TypeError: Failed to fetch
=============================
====== JS ERROR CAUGHT ======
Unhandled Promise: TypeError: Failed to fetch
=============================
====== JS ERROR CAUGHT ======
Unhandled Promise: TypeError: Failed to fetch
=============================
====== JS ERROR CAUGHT ======
Unhandled Promise: TypeError: Failed to fetch
=============================
====== JS ERROR CAUGHT ======
Unhandled Promise: TypeError: Failed to fetch
=============================
====== JS ERROR CAUGHT ======
Unhandled Promise: TypeError: Failed to fetch
=============================
====== JS ERROR CAUGHT ======
Unhandled Promise: TypeError: Failed to fetch
=============================
====== JS ERROR CAUGHT ======
Unhandled Promise: TypeError: Failed to fetch
=============================
====== JS ERROR CAUGHT ======
Unhandled Promise: TypeError: Failed to fetch
=============================
====== JS ERROR CAUGHT ======
Unhandled Promise: TypeError: Failed to fetch
=============================
====== JS ERROR CAUGHT ======
Unhandled Promise: TypeError: Failed to fetch
=============================
====== JS ERROR CAUGHT ======
Unhandled Promise: TypeError: Failed to fetch
=============================
====== JS ERROR CAUGHT ======
Unhandled Promise: TypeError: Failed to fetch
=============================
====== JS ERROR CAUGHT ======
Unhandled Promise: TypeError: Failed to fetch
=============================
====== JS ERROR CAUGHT ======
Unhandled Promise: TypeError: Failed to fetch
=============================
====== JS ERROR CAUGHT ======
Unhandled Promise: TypeError: Failed to fetch
=============================
====== JS ERROR CAUGHT ======
Unhandled Promise: TypeError: Failed to fetch
=============================
====== JS ERROR CAUGHT ======
Unhandled Promise: TypeError: Failed to fetch
=============================
====== JS ERROR CAUGHT ======
Unhandled Promise: TypeError: Failed to fetch
=============================
====== JS ERROR CAUGHT ======
Unhandled Promise: TypeError: Failed to fetch
=============================
====== JS ERROR CAUGHT ======
Unhandled Promise: TypeError: Failed to fetch
=============================
====== JS ERROR CAUGHT ======
Unhandled Promise: TypeError: Failed to fetch
=============================
====== JS ERROR CAUGHT ======
Unhandled Promise: TypeError: Failed to fetch
=============================
====== JS ERROR CAUGHT ======
Unhandled Promise: TypeError: Failed to fetch
=============================
====== JS ERROR CAUGHT ======
Unhandled Promise: TypeError: Failed to fetch
=============================
====== JS ERROR CAUGHT ======
Unhandled Promise: TypeError: Failed to fetch
=============================
====== JS ERROR CAUGHT ======
Unhandled Promise: TypeError: Failed to fetch
=============================
====== JS ERROR CAUGHT ======
Unhandled Promise: TypeError: Failed to fetch
=============================
====== JS ERROR CAUGHT ======
Unhandled Promise: TypeError: Failed to fetch
=============================
====== JS ERROR CAUGHT ======
Unhandled Promise: TypeError: Failed to fetch
=============================
====== JS ERROR CAUGHT ======
Unhandled Promise: TypeError: Failed to fetch
=============================
====== JS ERROR CAUGHT ======
Unhandled Promise: TypeError: Failed to fetch
=============================
====== JS ERROR CAUGHT ======
Unhandled Promise: TypeError: Failed to fetch
=============================
====== JS ERROR CAUGHT ======
Unhandled Promise: TypeError: Failed to fetch
=============================
====== JS ERROR CAUGHT ======
Unhandled Promise: TypeError: Failed to fetch
=============================
====== JS ERROR CAUGHT ======
Unhandled Promise: TypeError: Failed to fetch
=============================
====== JS ERROR CAUGHT ======
Unhandled Promise: TypeError: Failed to fetch
=============================
====== JS ERROR CAUGHT ======
Unhandled Promise: TypeError: Failed to fetch
=============================
====== JS ERROR CAUGHT ======
Unhandled Promise: TypeError: Failed to fetch
=============================
====== JS ERROR CAUGHT ======
Unhandled Promise: TypeError: Failed to fetch
=============================
====== JS ERROR CAUGHT ======
Unhandled Promise: TypeError: Failed to fetch
=============================
====== JS ERROR CAUGHT ======
Unhandled Promise: TypeError: Failed to fetch
=============================
====== JS ERROR CAUGHT ======
Unhandled Promise: TypeError: Failed to fetch
=============================
====== JS ERROR CAUGHT ======
Unhandled Promise: TypeError: Failed to fetch
=============================
====== JS ERROR CAUGHT ======
Unhandled Promise: TypeError: Failed to fetch
=============================
====== JS ERROR CAUGHT ======
Unhandled Promise: TypeError: Failed to fetch
=============================
====== JS ERROR CAUGHT ======
Unhandled Promise: TypeError: Failed to fetch
=============================
====== JS ERROR CAUGHT ======
Unhandled Promise: TypeError: Failed to fetch
=============================
====== JS ERROR CAUGHT ======
Unhandled Promise: TypeError: Failed to fetch
=============================
====== JS ERROR CAUGHT ======
Unhandled Promise: TypeError: Failed to fetch
=============================
====== JS ERROR CAUGHT ======
Unhandled Promise: TypeError: Failed to fetch
=============================
====== JS ERROR CAUGHT ======
Unhandled Promise: TypeError: Failed to fetch
=============================
====== JS ERROR CAUGHT ======
Unhandled Promise: TypeError: Failed to fetch
=============================
====== JS ERROR CAUGHT ======
Unhandled Promise: TypeError: Failed to fetch
=============================
====== JS ERROR CAUGHT ======
Unhandled Promise: TypeError: Failed to fetch
=============================
====== JS ERROR CAUGHT ======
Unhandled Promise: TypeError: Failed to fetch
=============================
====== JS ERROR CAUGHT ======
Unhandled Promise: TypeError: Failed to fetch
=============================
====== JS ERROR CAUGHT ======
Unhandled Promise: TypeError: Failed to fetch
=============================
====== JS ERROR CAUGHT ======
Unhandled Promise: TypeError: Failed to fetch
=============================
====== JS ERROR CAUGHT ======
Unhandled Promise: TypeError: Failed to fetch
=============================
====== JS ERROR CAUGHT ======
Unhandled Promise: TypeError: Failed to fetch
=============================
====== JS ERROR CAUGHT ======
Unhandled Promise: TypeError: Failed to fetch
=============================
====== JS ERROR CAUGHT ======
Unhandled Promise: TypeError: Failed to fetch
=============================
====== JS ERROR CAUGHT ======
Unhandled Promise: TypeError: Failed to fetch
=============================
====== JS ERROR CAUGHT ======
Unhandled Promise: TypeError: Failed to fetch
=============================
====== JS ERROR CAUGHT ======
Unhandled Promise: TypeError: Failed to fetch
=============================
====== JS ERROR CAUGHT ======
Unhandled Promise: TypeError: Failed to fetch
=============================
====== JS ERROR CAUGHT ======
Unhandled Promise: TypeError: Failed to fetch
=============================
====== JS ERROR CAUGHT ======
Unhandled Promise: TypeError: Failed to fetch
=============================
====== JS ERROR CAUGHT ======
Unhandled Promise: TypeError: Failed to fetch
=============================
====== JS ERROR CAUGHT ======
Unhandled Promise: TypeError: Failed to fetch
=============================
====== JS ERROR CAUGHT ======
Unhandled Promise: TypeError: Failed to fetch
=============================
====== JS ERROR CAUGHT ======
Unhandled Promise: TypeError: Failed to fetch
=============================
====== JS ERROR CAUGHT ======
Unhandled Promise: TypeError: Failed to fetch
=============================
====== JS ERROR CAUGHT ======
Unhandled Promise: TypeError: Failed to fetch
=============================
====== JS ERROR CAUGHT ======
Unhandled Promise: TypeError: Failed to fetch
=============================
====== JS ERROR CAUGHT ======
Unhandled Promise: TypeError: Failed to fetch
=============================
====== JS ERROR CAUGHT ======
Unhandled Promise: TypeError: Failed to fetch
=============================
====== JS ERROR CAUGHT ======
Unhandled Promise: TypeError: Failed to fetch
=============================
====== JS ERROR CAUGHT ======
Unhandled Promise: TypeError: Failed to fetch
=============================
====== JS ERROR CAUGHT ======
Unhandled Promise: TypeError: Failed to fetch
=============================
====== JS ERROR CAUGHT ======
Unhandled Promise: TypeError: Failed to fetch
=============================
====== JS ERROR CAUGHT ======
Unhandled Promise: TypeError: Failed to fetch
=============================
====== JS ERROR CAUGHT ======
Unhandled Promise: TypeError: Failed to fetch
=============================
====== JS ERROR CAUGHT ======
Unhandled Promise: TypeError: Failed to fetch
=============================
====== JS ERROR CAUGHT ======
Unhandled Promise: TypeError: Failed to fetch
=============================
====== JS ERROR CAUGHT ======
Unhandled Promise: TypeError: Failed to fetch
=============================
====== JS ERROR CAUGHT ======
Unhandled Promise: TypeError: Failed to fetch
=============================
====== JS ERROR CAUGHT ======
Unhandled Promise: TypeError: Failed to fetch
=============================
====== JS ERROR CAUGHT ======
Unhandled Promise: TypeError: Failed to fetch
=============================
====== JS ERROR CAUGHT ======
Unhandled Promise: TypeError: Failed to fetch
=============================
====== JS ERROR CAUGHT ======
Unhandled Promise: TypeError: Failed to fetch
=============================
====== JS ERROR CAUGHT ======
Unhandled Promise: TypeError: Failed to fetch
=============================
====== JS ERROR CAUGHT ======
Unhandled Promise: TypeError: Failed to fetch
=============================
====== JS ERROR CAUGHT ======
Unhandled Promise: TypeError: Failed to fetch
=============================
====== JS ERROR CAUGHT ======
Unhandled Promise: TypeError: Failed to fetch
=============================
====== JS ERROR CAUGHT ======
Unhandled Promise: TypeError: Failed to fetch
=============================
====== JS ERROR CAUGHT ======
Unhandled Promise: TypeError: Failed to fetch
=============================
====== JS ERROR CAUGHT ======
Unhandled Promise: TypeError: Failed to fetch
=============================
====== JS ERROR CAUGHT ======
Unhandled Promise: TypeError: Failed to fetch
=============================
====== JS ERROR CAUGHT ======
Unhandled Promise: TypeError: Failed to fetch
=============================
====== JS ERROR CAUGHT ======
Unhandled Promise: TypeError: Failed to fetch
=============================
====== JS ERROR CAUGHT ======
Unhandled Promise: TypeError: Failed to fetch
=============================
====== JS ERROR CAUGHT ======
Unhandled Promise: TypeError: Failed to fetch
=============================
====== JS ERROR CAUGHT ======
Unhandled Promise: TypeError: Failed to fetch
=============================
====== JS ERROR CAUGHT ======
Unhandled Promise: TypeError: Failed to fetch
=============================
====== JS ERROR CAUGHT ======
Unhandled Promise: TypeError: Failed to fetch
=============================
====== JS ERROR CAUGHT ======
Unhandled Promise: TypeError: Failed to fetch
=============================
====== JS ERROR CAUGHT ======
Unhandled Promise: TypeError: Failed to fetch
=============================
====== JS ERROR CAUGHT ======
Unhandled Promise: TypeError: Failed to fetch
=============================
====== JS ERROR CAUGHT ======
Unhandled Promise: TypeError: Failed to fetch
=============================
====== JS ERROR CAUGHT ======
Unhandled Promise: TypeError: Failed to fetch
=============================
====== JS ERROR CAUGHT ======
Unhandled Promise: TypeError: Failed to fetch
=============================
====== JS ERROR CAUGHT ======
Unhandled Promise: TypeError: Failed to fetch
=============================
====== JS ERROR CAUGHT ======
Unhandled Promise: TypeError: Failed to fetch
=============================
====== JS ERROR CAUGHT ======
Unhandled Promise: TypeError: Failed to fetch
=============================
====== JS ERROR CAUGHT ======
Unhandled Promise: TypeError: Failed to fetch
=============================
====== JS ERROR CAUGHT ======
Unhandled Promise: TypeError: Failed to fetch
=============================
====== JS ERROR CAUGHT ======
Unhandled Promise: TypeError: Failed to fetch
=============================
====== JS ERROR CAUGHT ======
Unhandled Promise: TypeError: Failed to fetch
=============================
====== JS ERROR CAUGHT ======
Unhandled Promise: TypeError: Failed to fetch
=============================
====== JS ERROR CAUGHT ======
Unhandled Promise: TypeError: Failed to fetch
=============================
====== JS ERROR CAUGHT ======
Unhandled Promise: TypeError: Failed to fetch
=============================
====== JS ERROR CAUGHT ======
Unhandled Promise: TypeError: Failed to fetch
=============================
====== JS ERROR CAUGHT ======
Unhandled Promise: TypeError: Failed to fetch
=============================
====== JS ERROR CAUGHT ======
Unhandled Promise: TypeError: Failed to fetch
=============================
====== JS ERROR CAUGHT ======
Unhandled Promise: TypeError: Failed to fetch
=============================
====== JS ERROR CAUGHT ======
Unhandled Promise: TypeError: Failed to fetch
=============================
====== JS ERROR CAUGHT ======
Unhandled Promise: TypeError: Failed to fetch
=============================
====== JS ERROR CAUGHT ======
Unhandled Promise: TypeError: Failed to fetch
=============================
====== JS ERROR CAUGHT ======
Unhandled Promise: TypeError: Failed to fetch
=============================
====== JS ERROR CAUGHT ======
Unhandled Promise: TypeError: Failed to fetch
=============================
====== JS ERROR CAUGHT ======
Unhandled Promise: TypeError: Failed to fetch
=============================
====== JS ERROR CAUGHT ======
Unhandled Promise: TypeError: Failed to fetch
=============================
====== JS ERROR CAUGHT ======
Unhandled Promise: TypeError: Failed to fetch
=============================
====== JS ERROR CAUGHT ======
Unhandled Promise: TypeError: Failed to fetch
=============================
====== JS ERROR CAUGHT ======
Unhandled Promise: TypeError: Failed to fetch
=============================
====== JS ERROR CAUGHT ======
Unhandled Promise: TypeError: Failed to fetch
=============================
====== JS ERROR CAUGHT ======
Unhandled Promise: TypeError: Failed to fetch
=============================
====== JS ERROR CAUGHT ======
Unhandled Promise: TypeError: Failed to fetch
=============================
====== JS ERROR CAUGHT ======
Unhandled Promise: TypeError: Failed to fetch
=============================
====== JS ERROR CAUGHT ======
Unhandled Promise: TypeError: Failed to fetch
=============================
====== JS ERROR CAUGHT ======
Unhandled Promise: TypeError: Failed to fetch
=============================
====== JS ERROR CAUGHT ======
Unhandled Promise: TypeError: Failed to fetch
=============================
====== JS ERROR CAUGHT ======
Unhandled Promise: TypeError: Failed to fetch
=============================
====== JS ERROR CAUGHT ======
Unhandled Promise: TypeError: Failed to fetch
=============================
====== JS ERROR CAUGHT ======
Unhandled Promise: TypeError: Failed to fetch
=============================
====== JS ERROR CAUGHT ======
Unhandled Promise: TypeError: Failed to fetch
=============================
====== JS ERROR CAUGHT ======
Unhandled Promise: TypeError: Failed to fetch
=============================
====== JS ERROR CAUGHT ======
Unhandled Promise: TypeError: Failed to fetch
=============================
====== JS ERROR CAUGHT ======
Unhandled Promise: TypeError: Failed to fetch
=============================
====== JS ERROR CAUGHT ======
Unhandled Promise: TypeError: Failed to fetch
=============================
====== JS ERROR CAUGHT ======
Unhandled Promise: TypeError: Failed to fetch
=============================
====== JS ERROR CAUGHT ======
Unhandled Promise: TypeError: Failed to fetch
=============================
====== JS ERROR CAUGHT ======
Unhandled Promise: TypeError: Failed to fetch
=============================
====== JS ERROR CAUGHT ======
Unhandled Promise: TypeError: Failed to fetch
=============================
====== JS ERROR CAUGHT ======
Unhandled Promise: TypeError: Failed to fetch
=============================
====== JS ERROR CAUGHT ======
Unhandled Promise: TypeError: Failed to fetch
=============================
====== JS ERROR CAUGHT ======
Unhandled Promise: TypeError: Failed to fetch
=============================
====== JS ERROR CAUGHT ======
Unhandled Promise: TypeError: Failed to fetch
=============================
====== JS ERROR CAUGHT ======
Unhandled Promise: TypeError: Failed to fetch
=============================
====== JS ERROR CAUGHT ======
Unhandled Promise: TypeError: Failed to fetch
=============================
====== JS ERROR CAUGHT ======
Unhandled Promise: TypeError: Failed to fetch
=============================
====== JS ERROR CAUGHT ======
Unhandled Promise: TypeError: Failed to fetch
=============================
====== JS ERROR CAUGHT ======
Unhandled Promise: TypeError: Failed to fetch
=============================
====== JS ERROR CAUGHT ======
Unhandled Promise: TypeError: Failed to fetch
=============================
====== JS ERROR CAUGHT ======
Unhandled Promise: TypeError: Failed to fetch
=============================
====== JS ERROR CAUGHT ======
Unhandled Promise: TypeError: Failed to fetch
=============================
====== JS ERROR CAUGHT ======
Unhandled Promise: TypeError: Failed to fetch
=============================
====== JS ERROR CAUGHT ======
Unhandled Promise: TypeError: Failed to fetch
=============================
====== JS ERROR CAUGHT ======
Unhandled Promise: TypeError: Failed to fetch
=============================
====== JS ERROR CAUGHT ======
Unhandled Promise: TypeError: Failed to fetch
=============================
====== JS ERROR CAUGHT ======
Unhandled Promise: TypeError: Failed to fetch
=============================
====== JS ERROR CAUGHT ======
Unhandled Promise: TypeError: Failed to fetch
=============================
====== JS ERROR CAUGHT ======
Unhandled Promise: TypeError: Failed to fetch
=============================
====== JS ERROR CAUGHT ======
Unhandled Promise: TypeError: Failed to fetch
=============================
====== JS ERROR CAUGHT ======
Unhandled Promise: TypeError: Failed to fetch
=============================
====== JS ERROR CAUGHT ======
Unhandled Promise: TypeError: Failed to fetch
=============================
====== JS ERROR CAUGHT ======
Unhandled Promise: TypeError: Failed to fetch
=============================
====== JS ERROR CAUGHT ======
Unhandled Promise: TypeError: Failed to fetch
=============================
====== JS ERROR CAUGHT ======
Unhandled Promise: TypeError: Failed to fetch
=============================
====== JS ERROR CAUGHT ======
Unhandled Promise: TypeError: Failed to fetch
=============================
====== JS ERROR CAUGHT ======
Unhandled Promise: TypeError: Failed to fetch
=============================
====== JS ERROR CAUGHT ======
Unhandled Promise: TypeError: Failed to fetch
=============================
====== JS ERROR CAUGHT ======
Unhandled Promise: TypeError: Failed to fetch
=============================
====== JS ERROR CAUGHT ======
Unhandled Promise: TypeError: Failed to fetch
=============================
====== JS ERROR CAUGHT ======
Unhandled Promise: TypeError: Failed to fetch
=============================
====== JS ERROR CAUGHT ======
Unhandled Promise: TypeError: Failed to fetch
=============================
====== JS ERROR CAUGHT ======
Unhandled Promise: TypeError: Failed to fetch
=============================
====== JS ERROR CAUGHT ======
Unhandled Promise: TypeError: Failed to fetch
=============================
====== JS ERROR CAUGHT ======
Unhandled Promise: TypeError: Failed to fetch
=============================
====== JS ERROR CAUGHT ======
Unhandled Promise: TypeError: Failed to fetch
=============================
====== JS ERROR CAUGHT ======
Unhandled Promise: TypeError: Failed to fetch
=============================
====== JS ERROR CAUGHT ======
Unhandled Promise: TypeError: Failed to fetch
=============================
====== JS ERROR CAUGHT ======
Unhandled Promise: TypeError: Failed to fetch
=============================
====== JS ERROR CAUGHT ======
Unhandled Promise: TypeError: Failed to fetch
=============================
====== JS ERROR CAUGHT ======
Unhandled Promise: TypeError: Failed to fetch
=============================
====== JS ERROR CAUGHT ======
Unhandled Promise: TypeError: Failed to fetch
=============================
====== JS ERROR CAUGHT ======
Unhandled Promise: TypeError: Failed to fetch
=============================
====== JS ERROR CAUGHT ======
Unhandled Promise: TypeError: Failed to fetch
=============================
====== JS ERROR CAUGHT ======
Unhandled Promise: TypeError: Failed to fetch
=============================
====== JS ERROR CAUGHT ======
Unhandled Promise: TypeError: Failed to fetch
=============================
====== JS ERROR CAUGHT ======
Unhandled Promise: TypeError: Failed to fetch
=============================
====== JS ERROR CAUGHT ======
Unhandled Promise: TypeError: Failed to fetch
=============================
====== JS ERROR CAUGHT ======
Unhandled Promise: TypeError: Failed to fetch
=============================
====== JS ERROR CAUGHT ======
Unhandled Promise: TypeError: Failed to fetch
=============================
====== JS ERROR CAUGHT ======
Unhandled Promise: TypeError: Failed to fetch
=============================
====== JS ERROR CAUGHT ======
Unhandled Promise: TypeError: Failed to fetch
=============================
====== JS ERROR CAUGHT ======
Unhandled Promise: TypeError: Failed to fetch
=============================
====== JS ERROR CAUGHT ======
Unhandled Promise: TypeError: Failed to fetch
=============================
====== JS ERROR CAUGHT ======
Unhandled Promise: TypeError: Failed to fetch
=============================
====== JS ERROR CAUGHT ======
Unhandled Promise: TypeError: Failed to fetch
=============================
====== JS ERROR CAUGHT ======
Unhandled Promise: TypeError: Failed to fetch
=============================
====== JS ERROR CAUGHT ======
Unhandled Promise: TypeError: Failed to fetch
=============================
====== JS ERROR CAUGHT ======
Unhandled Promise: TypeError: Failed to fetch
=============================
====== JS ERROR CAUGHT ======
Unhandled Promise: TypeError: Failed to fetch
=============================
====== JS ERROR CAUGHT ======
Unhandled Promise: TypeError: Failed to fetch
=============================
====== JS ERROR CAUGHT ======
Unhandled Promise: TypeError: Failed to fetch
=============================
====== JS ERROR CAUGHT ======
Unhandled Promise: TypeError: Failed to fetch
=============================
====== JS ERROR CAUGHT ======
Unhandled Promise: TypeError: Failed to fetch
=============================
====== JS ERROR CAUGHT ======
Unhandled Promise: TypeError: Failed to fetch
=============================
====== JS ERROR CAUGHT ======
Unhandled Promise: TypeError: Failed to fetch
=============================
====== JS ERROR CAUGHT ======
Unhandled Promise: TypeError: Failed to fetch
=============================
====== JS ERROR CAUGHT ======
Unhandled Promise: TypeError: Failed to fetch
=============================
====== JS ERROR CAUGHT ======
Unhandled Promise: TypeError: Failed to fetch
=============================
====== JS ERROR CAUGHT ======
Unhandled Promise: TypeError: Failed to fetch
=============================
====== JS ERROR CAUGHT ======
Unhandled Promise: TypeError: Failed to fetch
=============================
====== JS ERROR CAUGHT ======
Unhandled Promise: TypeError: Failed to fetch
=============================
====== JS ERROR CAUGHT ======
Unhandled Promise: TypeError: Failed to fetch
=============================
====== JS ERROR CAUGHT ======
Unhandled Promise: TypeError: Failed to fetch
=============================
====== JS ERROR CAUGHT ======
Unhandled Promise: TypeError: Failed to fetch
=============================
====== JS ERROR CAUGHT ======
Unhandled Promise: TypeError: Failed to fetch
=============================
====== JS ERROR CAUGHT ======
Unhandled Promise: TypeError: Failed to fetch
=============================
====== JS ERROR CAUGHT ======
Unhandled Promise: TypeError: Failed to fetch
=============================
====== JS ERROR CAUGHT ======
Unhandled Promise: TypeError: Failed to fetch
=============================
====== JS ERROR CAUGHT ======
Unhandled Promise: TypeError: Failed to fetch
=============================
====== JS ERROR CAUGHT ======
Unhandled Promise: TypeError: Failed to fetch
=============================
====== JS ERROR CAUGHT ======
Unhandled Promise: TypeError: Failed to fetch
=============================
====== JS ERROR CAUGHT ======
Unhandled Promise: TypeError: Failed to fetch
=============================
====== JS ERROR CAUGHT ======
Unhandled Promise: TypeError: Failed to fetch
=============================
====== JS ERROR CAUGHT ======
Unhandled Promise: TypeError: Failed to fetch
=============================
====== JS ERROR CAUGHT ======
Unhandled Promise: TypeError: Failed to fetch
=============================
====== JS ERROR CAUGHT ======
Unhandled Promise: TypeError: Failed to fetch
=============================
====== JS ERROR CAUGHT ======
Unhandled Promise: TypeError: Failed to fetch
=============================
====== JS ERROR CAUGHT ======
Unhandled Promise: TypeError: Failed to fetch
=============================
====== JS ERROR CAUGHT ======
Unhandled Promise: TypeError: Failed to fetch
=============================
====== JS ERROR CAUGHT ======
Unhandled Promise: TypeError: Failed to fetch
=============================
====== JS ERROR CAUGHT ======
Unhandled Promise: TypeError: Failed to fetch
=============================
====== JS ERROR CAUGHT ======
Unhandled Promise: TypeError: Failed to fetch
=============================
====== JS ERROR CAUGHT ======
Unhandled Promise: TypeError: Failed to fetch
=============================
====== JS ERROR CAUGHT ======
Unhandled Promise: TypeError: Failed to fetch
=============================
====== JS ERROR CAUGHT ======
Unhandled Promise: TypeError: Failed to fetch
=============================
====== JS ERROR CAUGHT ======
Unhandled Promise: TypeError: Failed to fetch
=============================
====== JS ERROR CAUGHT ======
Unhandled Promise: TypeError: Failed to fetch
=============================
====== JS ERROR CAUGHT ======
Unhandled Promise: TypeError: Failed to fetch
=============================
====== JS ERROR CAUGHT ======
Unhandled Promise: TypeError: Failed to fetch
=============================
====== JS ERROR CAUGHT ======
Unhandled Promise: TypeError: Failed to fetch
=============================
====== JS ERROR CAUGHT ======
Unhandled Promise: TypeError: Failed to fetch
=============================
====== JS ERROR CAUGHT ======
Unhandled Promise: TypeError: Failed to fetch
=============================
====== JS ERROR CAUGHT ======
Unhandled Promise: TypeError: Failed to fetch
=============================
====== JS ERROR CAUGHT ======
Unhandled Promise: TypeError: Failed to fetch
=============================
====== JS ERROR CAUGHT ======
Unhandled Promise: TypeError: Failed to fetch
=============================
====== JS ERROR CAUGHT ======
Unhandled Promise: TypeError: Failed to fetch
=============================
====== JS ERROR CAUGHT ======
Unhandled Promise: TypeError: Failed to fetch
=============================
====== JS ERROR CAUGHT ======
Unhandled Promise: TypeError: Failed to fetch
=============================
====== JS ERROR CAUGHT ======
Unhandled Promise: TypeError: Failed to fetch
=============================
====== JS ERROR CAUGHT ======
Unhandled Promise: TypeError: Failed to fetch
=============================
====== JS ERROR CAUGHT ======
Unhandled Promise: TypeError: Failed to fetch
=============================
====== JS ERROR CAUGHT ======
Unhandled Promise: TypeError: Failed to fetch
=============================
====== JS ERROR CAUGHT ======
Unhandled Promise: TypeError: Failed to fetch
=============================
====== JS ERROR CAUGHT ======
Unhandled Promise: TypeError: Failed to fetch
=============================
====== JS ERROR CAUGHT ======
Unhandled Promise: TypeError: Failed to fetch
=============================
====== JS ERROR CAUGHT ======
Unhandled Promise: TypeError: Failed to fetch
=============================
====== JS ERROR CAUGHT ======
Unhandled Promise: TypeError: Failed to fetch
=============================
====== JS ERROR CAUGHT ======
Unhandled Promise: TypeError: Failed to fetch
=============================
====== JS ERROR CAUGHT ======
Unhandled Promise: TypeError: Failed to fetch
=============================
====== JS ERROR CAUGHT ======
Unhandled Promise: TypeError: Failed to fetch
=============================
====== JS ERROR CAUGHT ======
Unhandled Promise: TypeError: Failed to fetch
=============================
====== JS ERROR CAUGHT ======
Unhandled Promise: TypeError: Failed to fetch
=============================
====== JS ERROR CAUGHT ======
Unhandled Promise: TypeError: Failed to fetch
=============================
====== JS ERROR CAUGHT ======
Unhandled Promise: TypeError: Failed to fetch
=============================
====== JS ERROR CAUGHT ======
Unhandled Promise: TypeError: Failed to fetch
=============================
====== JS ERROR CAUGHT ======
Unhandled Promise: TypeError: Failed to fetch
=============================
====== JS ERROR CAUGHT ======
Unhandled Promise: TypeError: Failed to fetch
=============================
====== JS ERROR CAUGHT ======
Unhandled Promise: TypeError: Failed to fetch
=============================
====== JS ERROR CAUGHT ======
Unhandled Promise: TypeError: Failed to fetch
=============================
====== JS ERROR CAUGHT ======
Unhandled Promise: TypeError: Failed to fetch
=============================
====== JS ERROR CAUGHT ======
Unhandled Promise: TypeError: Failed to fetch
=============================
====== JS ERROR CAUGHT ======
Unhandled Promise: TypeError: Failed to fetch
=============================
====== JS ERROR CAUGHT ======
Unhandled Promise: TypeError: Failed to fetch
=============================
====== JS ERROR CAUGHT ======
Unhandled Promise: TypeError: Failed to fetch
=============================
====== JS ERROR CAUGHT ======
Unhandled Promise: TypeError: Failed to fetch
=============================
====== JS ERROR CAUGHT ======
Unhandled Promise: TypeError: Failed to fetch
=============================
====== JS ERROR CAUGHT ======
Unhandled Promise: TypeError: Failed to fetch
=============================
====== JS ERROR CAUGHT ======
Unhandled Promise: TypeError: Failed to fetch
=============================
====== JS ERROR CAUGHT ======
Unhandled Promise: TypeError: Failed to fetch
=============================
====== JS ERROR CAUGHT ======
Unhandled Promise: TypeError: Failed to fetch
=============================
====== JS ERROR CAUGHT ======
Unhandled Promise: TypeError: Failed to fetch
=============================
====== JS ERROR CAUGHT ======
Unhandled Promise: TypeError: Failed to fetch
=============================
====== JS ERROR CAUGHT ======
Unhandled Promise: TypeError: Failed to fetch
=============================
====== JS ERROR CAUGHT ======
Unhandled Promise: TypeError: Failed to fetch
=============================
====== JS ERROR CAUGHT ======
Unhandled Promise: TypeError: Failed to fetch
=============================
====== JS ERROR CAUGHT ======
Unhandled Promise: TypeError: Failed to fetch
=============================
====== JS ERROR CAUGHT ======
Unhandled Promise: TypeError: Failed to fetch
=============================
====== JS ERROR CAUGHT ======
Unhandled Promise: TypeError: Failed to fetch
=============================
====== JS ERROR CAUGHT ======
Unhandled Promise: TypeError: Failed to fetch
=============================
====== JS ERROR CAUGHT ======
Unhandled Promise: TypeError: Failed to fetch
=============================
====== JS ERROR CAUGHT ======
Unhandled Promise: TypeError: Failed to fetch
=============================
====== JS ERROR CAUGHT ======
Unhandled Promise: TypeError: Failed to fetch
=============================
====== JS ERROR CAUGHT ======
Unhandled Promise: TypeError: Failed to fetch
=============================
====== JS ERROR CAUGHT ======
Unhandled Promise: TypeError: Failed to fetch
=============================
====== JS ERROR CAUGHT ======
Unhandled Promise: TypeError: Failed to fetch
=============================
====== JS ERROR CAUGHT ======
Unhandled Promise: TypeError: Failed to fetch
=============================
====== JS ERROR CAUGHT ======
Unhandled Promise: TypeError: Failed to fetch
=============================
====== JS ERROR CAUGHT ======
Unhandled Promise: TypeError: Failed to fetch
=============================
====== JS ERROR CAUGHT ======
Unhandled Promise: TypeError: Failed to fetch
=============================
====== JS ERROR CAUGHT ======
Unhandled Promise: TypeError: Failed to fetch
=============================
====== JS ERROR CAUGHT ======
Unhandled Promise: TypeError: Failed to fetch
=============================
====== JS ERROR CAUGHT ======
Unhandled Promise: TypeError: Failed to fetch
=============================
====== JS ERROR CAUGHT ======
Unhandled Promise: TypeError: Failed to fetch
=============================
====== JS ERROR CAUGHT ======
Unhandled Promise: TypeError: Failed to fetch
=============================
====== JS ERROR CAUGHT ======
Unhandled Promise: TypeError: Failed to fetch
=============================
====== JS ERROR CAUGHT ======
Unhandled Promise: TypeError: Failed to fetch
=============================
====== JS ERROR CAUGHT ======
Unhandled Promise: TypeError: Failed to fetch
=============================
====== JS ERROR CAUGHT ======
Unhandled Promise: TypeError: Failed to fetch
=============================
====== JS ERROR CAUGHT ======
Unhandled Promise: TypeError: Failed to fetch
=============================
====== JS ERROR CAUGHT ======
Unhandled Promise: TypeError: Failed to fetch
=============================
====== JS ERROR CAUGHT ======
Unhandled Promise: TypeError: Failed to fetch
=============================
====== JS ERROR CAUGHT ======
Unhandled Promise: TypeError: Failed to fetch
=============================
====== JS ERROR CAUGHT ======
Unhandled Promise: TypeError: Failed to fetch
=============================
====== JS ERROR CAUGHT ======
Unhandled Promise: TypeError: Failed to fetch
=============================
====== JS ERROR CAUGHT ======
Unhandled Promise: TypeError: Failed to fetch
=============================
====== JS ERROR CAUGHT ======
Unhandled Promise: TypeError: Failed to fetch
=============================
====== JS ERROR CAUGHT ======
Unhandled Promise: TypeError: Failed to fetch
=============================
====== JS ERROR CAUGHT ======
Unhandled Promise: TypeError: Failed to fetch
=============================
====== JS ERROR CAUGHT ======
Unhandled Promise: TypeError: Failed to fetch
=============================
====== JS ERROR CAUGHT ======
Unhandled Promise: TypeError: Failed to fetch
=============================
====== JS ERROR CAUGHT ======
Unhandled Promise: TypeError: Failed to fetch
=============================
====== JS ERROR CAUGHT ======
Unhandled Promise: TypeError: Failed to fetch
=============================
====== JS ERROR CAUGHT ======
Unhandled Promise: TypeError: Failed to fetch
=============================
====== JS ERROR CAUGHT ======
Unhandled Promise: TypeError: Failed to fetch
=============================
====== JS ERROR CAUGHT ======
Unhandled Promise: TypeError: Failed to fetch
=============================
====== JS ERROR CAUGHT ======
Unhandled Promise: TypeError: Failed to fetch
=============================
====== JS ERROR CAUGHT ======
Unhandled Promise: TypeError: Failed to fetch
=============================
====== JS ERROR CAUGHT ======
Unhandled Promise: TypeError: Failed to fetch
=============================
====== JS ERROR CAUGHT ======
Unhandled Promise: TypeError: Failed to fetch
=============================
====== JS ERROR CAUGHT ======
Unhandled Promise: TypeError: Failed to fetch
=============================
====== JS ERROR CAUGHT ======
Unhandled Promise: TypeError: Failed to fetch
=============================
====== JS ERROR CAUGHT ======
Unhandled Promise: TypeError: Failed to fetch
=============================
====== JS ERROR CAUGHT ======
Unhandled Promise: TypeError: Failed to fetch
=============================
====== JS ERROR CAUGHT ======
Unhandled Promise: TypeError: Failed to fetch
=============================
====== JS ERROR CAUGHT ======
Unhandled Promise: TypeError: Failed to fetch
=============================
====== JS ERROR CAUGHT ======
Unhandled Promise: TypeError: Failed to fetch
=============================
====== JS ERROR CAUGHT ======
Unhandled Promise: TypeError: Failed to fetch
=============================
====== JS ERROR CAUGHT ======
Unhandled Promise: TypeError: Failed to fetch
=============================
====== JS ERROR CAUGHT ======
Unhandled Promise: TypeError: Failed to fetch
=============================
====== JS ERROR CAUGHT ======
Unhandled Promise: TypeError: Failed to fetch
=============================
====== JS ERROR CAUGHT ======
Unhandled Promise: TypeError: Failed to fetch
=============================
====== JS ERROR CAUGHT ======
Unhandled Promise: TypeError: Failed to fetch
=============================
====== JS ERROR CAUGHT ======
Unhandled Promise: TypeError: Failed to fetch
=============================
====== JS ERROR CAUGHT ======
Unhandled Promise: TypeError: Failed to fetch
=============================
====== JS ERROR CAUGHT ======
Unhandled Promise: TypeError: Failed to fetch
=============================
====== JS ERROR CAUGHT ======
Unhandled Promise: TypeError: Failed to fetch
=============================
====== JS ERROR CAUGHT ======
Unhandled Promise: TypeError: Failed to fetch
=============================
====== JS ERROR CAUGHT ======
Unhandled Promise: TypeError: Failed to fetch
=============================
====== JS ERROR CAUGHT ======
Unhandled Promise: TypeError: Failed to fetch
=============================
====== JS ERROR CAUGHT ======
Unhandled Promise: TypeError: Failed to fetch
=============================
====== JS ERROR CAUGHT ======
Unhandled Promise: TypeError: Failed to fetch
=============================
====== JS ERROR CAUGHT ======
Unhandled Promise: TypeError: Failed to fetch
=============================
====== JS ERROR CAUGHT ======
Unhandled Promise: TypeError: Failed to fetch
=============================
====== JS ERROR CAUGHT ======
Unhandled Promise: TypeError: Failed to fetch
=============================
====== JS ERROR CAUGHT ======
Unhandled Promise: TypeError: Failed to fetch
=============================
====== JS ERROR CAUGHT ======
Unhandled Promise: TypeError: Failed to fetch
=============================
====== JS ERROR CAUGHT ======
Unhandled Promise: TypeError: Failed to fetch
=============================
====== JS ERROR CAUGHT ======
Unhandled Promise: TypeError: Failed to fetch
=============================
====== JS ERROR CAUGHT ======
Unhandled Promise: TypeError: Failed to fetch
=============================
====== JS ERROR CAUGHT ======
Unhandled Promise: TypeError: Failed to fetch
=============================
====== JS ERROR CAUGHT ======
Unhandled Promise: TypeError: Failed to fetch
=============================
====== JS ERROR CAUGHT ======
Unhandled Promise: TypeError: Failed to fetch
=============================
====== JS ERROR CAUGHT ======
Unhandled Promise: TypeError: Failed to fetch
=============================
====== JS ERROR CAUGHT ======
Unhandled Promise: TypeError: Failed to fetch
=============================
====== JS ERROR CAUGHT ======
Unhandled Promise: TypeError: Failed to fetch
=============================
====== JS ERROR CAUGHT ======
Unhandled Promise: TypeError: Failed to fetch
=============================
====== JS ERROR CAUGHT ======
Unhandled Promise: TypeError: Failed to fetch
=============================
====== JS ERROR CAUGHT ======
Unhandled Promise: TypeError: Failed to fetch
=============================
====== JS ERROR CAUGHT ======
Unhandled Promise: TypeError: Failed to fetch
=============================
====== JS ERROR CAUGHT ======
Unhandled Promise: TypeError: Failed to fetch
=============================
====== JS ERROR CAUGHT ======
Unhandled Promise: TypeError: Failed to fetch
=============================
====== JS ERROR CAUGHT ======
Unhandled Promise: TypeError: Failed to fetch
=============================
====== JS ERROR CAUGHT ======
Unhandled Promise: TypeError: Failed to fetch
=============================
====== JS ERROR CAUGHT ======
Unhandled Promise: TypeError: Failed to fetch
=============================
====== JS ERROR CAUGHT ======
Unhandled Promise: TypeError: Failed to fetch
=============================
====== JS ERROR CAUGHT ======
Unhandled Promise: TypeError: Failed to fetch
=============================
====== JS ERROR CAUGHT ======
Unhandled Promise: TypeError: Failed to fetch
=============================
====== JS ERROR CAUGHT ======
Unhandled Promise: TypeError: Failed to fetch
=============================
====== JS ERROR CAUGHT ======
Unhandled Promise: TypeError: Failed to fetch
=============================
====== JS ERROR CAUGHT ======
Unhandled Promise: TypeError: Failed to fetch
=============================
====== JS ERROR CAUGHT ======
Unhandled Promise: TypeError: Failed to fetch
=============================
====== JS ERROR CAUGHT ======
Unhandled Promise: TypeError: Failed to fetch
=============================
====== JS ERROR CAUGHT ======
Unhandled Promise: TypeError: Failed to fetch
=============================
====== JS ERROR CAUGHT ======
Unhandled Promise: TypeError: Failed to fetch
=============================
====== JS ERROR CAUGHT ======
Unhandled Promise: TypeError: Failed to fetch
=============================
====== JS ERROR CAUGHT ======
Unhandled Promise: TypeError: Failed to fetch
=============================
====== JS ERROR CAUGHT ======
Unhandled Promise: TypeError: Failed to fetch
=============================
====== JS ERROR CAUGHT ======
Unhandled Promise: TypeError: Failed to fetch
=============================
====== JS ERROR CAUGHT ======
Unhandled Promise: TypeError: Failed to fetch
=============================
====== JS ERROR CAUGHT ======
Unhandled Promise: TypeError: Failed to fetch
=============================
====== JS ERROR CAUGHT ======
Unhandled Promise: TypeError: Failed to fetch
=============================
====== JS ERROR CAUGHT ======
Unhandled Promise: TypeError: Failed to fetch
=============================
====== JS ERROR CAUGHT ======
Unhandled Promise: TypeError: Failed to fetch
=============================
====== JS ERROR CAUGHT ======
Unhandled Promise: TypeError: Failed to fetch
=============================
====== JS ERROR CAUGHT ======
Unhandled Promise: TypeError: Failed to fetch
=============================
====== JS ERROR CAUGHT ======
Unhandled Promise: TypeError: Failed to fetch
=============================
====== JS ERROR CAUGHT ======
Unhandled Promise: TypeError: Failed to fetch
=============================
====== JS ERROR CAUGHT ======
Unhandled Promise: TypeError: Failed to fetch
=============================
====== JS ERROR CAUGHT ======
Unhandled Promise: TypeError: Failed to fetch
=============================
====== JS ERROR CAUGHT ======
Unhandled Promise: TypeError: Failed to fetch
=============================
====== JS ERROR CAUGHT ======
Unhandled Promise: TypeError: Failed to fetch
=============================
====== JS ERROR CAUGHT ======
Unhandled Promise: TypeError: Failed to fetch
=============================
====== JS ERROR CAUGHT ======
Unhandled Promise: TypeError: Failed to fetch
=============================
====== JS ERROR CAUGHT ======
Unhandled Promise: TypeError: Failed to fetch
=============================
====== JS ERROR CAUGHT ======
Unhandled Promise: TypeError: Failed to fetch
=============================
====== JS ERROR CAUGHT ======
Unhandled Promise: TypeError: Failed to fetch
=============================
====== JS ERROR CAUGHT ======
Unhandled Promise: TypeError: Failed to fetch
=============================
====== JS ERROR CAUGHT ======
Unhandled Promise: TypeError: Failed to fetch
=============================
====== JS ERROR CAUGHT ======
Unhandled Promise: TypeError: Failed to fetch
=============================
====== JS ERROR CAUGHT ======
Unhandled Promise: TypeError: Failed to fetch
=============================
====== JS ERROR CAUGHT ======
Unhandled Promise: TypeError: Failed to fetch
=============================
====== JS ERROR CAUGHT ======
Unhandled Promise: TypeError: Failed to fetch
=============================
====== JS ERROR CAUGHT ======
Unhandled Promise: TypeError: Failed to fetch
=============================
====== JS ERROR CAUGHT ======
Unhandled Promise: TypeError: Failed to fetch
=============================
====== JS ERROR CAUGHT ======
Unhandled Promise: TypeError: Failed to fetch
=============================
====== JS ERROR CAUGHT ======
Unhandled Promise: TypeError: Failed to fetch
=============================
====== JS ERROR CAUGHT ======
Unhandled Promise: TypeError: Failed to fetch
=============================
====== JS ERROR CAUGHT ======
Unhandled Promise: TypeError: Failed to fetch
=============================
====== JS ERROR CAUGHT ======
Unhandled Promise: TypeError: Failed to fetch
=============================
====== JS ERROR CAUGHT ======
Unhandled Promise: TypeError: Failed to fetch
=============================
====== JS ERROR CAUGHT ======
Unhandled Promise: TypeError: Failed to fetch
=============================
====== JS ERROR CAUGHT ======
Unhandled Promise: TypeError: Failed to fetch
=============================
====== JS ERROR CAUGHT ======
Unhandled Promise: TypeError: Failed to fetch
=============================
====== JS ERROR CAUGHT ======
Unhandled Promise: TypeError: Failed to fetch
=============================
====== JS ERROR CAUGHT ======
Unhandled Promise: TypeError: Failed to fetch
=============================
====== JS ERROR CAUGHT ======
Unhandled Promise: TypeError: Failed to fetch
=============================
====== JS ERROR CAUGHT ======
Unhandled Promise: TypeError: Failed to fetch
=============================
====== JS ERROR CAUGHT ======
Unhandled Promise: TypeError: Failed to fetch
=============================
====== JS ERROR CAUGHT ======
Unhandled Promise: TypeError: Failed to fetch
=============================
====== JS ERROR CAUGHT ======
Unhandled Promise: TypeError: Failed to fetch
=============================
====== JS ERROR CAUGHT ======
Unhandled Promise: TypeError: Failed to fetch
=============================
====== JS ERROR CAUGHT ======
Unhandled Promise: TypeError: Failed to fetch
=============================
====== JS ERROR CAUGHT ======
Unhandled Promise: TypeError: Failed to fetch
=============================
====== JS ERROR CAUGHT ======
Unhandled Promise: TypeError: Failed to fetch
=============================
====== JS ERROR CAUGHT ======
Unhandled Promise: TypeError: Failed to fetch
=============================
====== JS ERROR CAUGHT ======
Unhandled Promise: TypeError: Failed to fetch
=============================
====== JS ERROR CAUGHT ======
Unhandled Promise: TypeError: Failed to fetch
=============================
====== JS ERROR CAUGHT ======
Unhandled Promise: TypeError: Failed to fetch
=============================
====== JS ERROR CAUGHT ======
Unhandled Promise: TypeError: Failed to fetch
=============================
====== JS ERROR CAUGHT ======
Unhandled Promise: TypeError: Failed to fetch
=============================
====== JS ERROR CAUGHT ======
Unhandled Promise: TypeError: Failed to fetch
=============================
====== JS ERROR CAUGHT ======
Unhandled Promise: TypeError: Failed to fetch
=============================
====== JS ERROR CAUGHT ======
Unhandled Promise: TypeError: Failed to fetch
=============================
====== JS ERROR CAUGHT ======
Unhandled Promise: TypeError: Failed to fetch
=============================
====== JS ERROR CAUGHT ======
Unhandled Promise: TypeError: Failed to fetch
=============================
====== JS ERROR CAUGHT ======
Unhandled Promise: TypeError: Failed to fetch
=============================
====== JS ERROR CAUGHT ======
Unhandled Promise: TypeError: Failed to fetch
=============================
====== JS ERROR CAUGHT ======
Unhandled Promise: TypeError: Failed to fetch
=============================
====== JS ERROR CAUGHT ======
Unhandled Promise: TypeError: Failed to fetch
=============================
====== JS ERROR CAUGHT ======
Unhandled Promise: TypeError: Failed to fetch
=============================
====== JS ERROR CAUGHT ======
Unhandled Promise: TypeError: Failed to fetch
=============================
====== JS ERROR CAUGHT ======
Unhandled Promise: TypeError: Failed to fetch
=============================
====== JS ERROR CAUGHT ======
Unhandled Promise: TypeError: Failed to fetch
=============================
====== JS ERROR CAUGHT ======
Unhandled Promise: TypeError: Failed to fetch
=============================
====== JS ERROR CAUGHT ======
Unhandled Promise: TypeError: Failed to fetch
=============================
====== JS ERROR CAUGHT ======
Unhandled Promise: TypeError: Failed to fetch
=============================
====== JS ERROR CAUGHT ======
Unhandled Promise: TypeError: Failed to fetch
=============================
====== JS ERROR CAUGHT ======
Unhandled Promise: TypeError: Failed to fetch
=============================
====== JS ERROR CAUGHT ======
Unhandled Promise: TypeError: Failed to fetch
=============================
====== JS ERROR CAUGHT ======
Unhandled Promise: TypeError: Failed to fetch
=============================
====== JS ERROR CAUGHT ======
Unhandled Promise: TypeError: Failed to fetch
=============================
====== JS ERROR CAUGHT ======
Unhandled Promise: TypeError: Failed to fetch
=============================
====== JS ERROR CAUGHT ======
Unhandled Promise: TypeError: Failed to fetch
=============================
====== JS ERROR CAUGHT ======
Unhandled Promise: TypeError: Failed to fetch
=============================
====== JS ERROR CAUGHT ======
Unhandled Promise: TypeError: Failed to fetch
=============================
====== JS ERROR CAUGHT ======
Unhandled Promise: TypeError: Failed to fetch
=============================
====== JS ERROR CAUGHT ======
Unhandled Promise: TypeError: Failed to fetch
=============================
====== JS ERROR CAUGHT ======
Unhandled Promise: TypeError: Failed to fetch
=============================
====== JS ERROR CAUGHT ======
Unhandled Promise: TypeError: Failed to fetch
=============================
====== JS ERROR CAUGHT ======
Unhandled Promise: TypeError: Failed to fetch
=============================
====== JS ERROR CAUGHT ======
Unhandled Promise: TypeError: Failed to fetch
=============================
====== JS ERROR CAUGHT ======
Unhandled Promise: TypeError: Failed to fetch
=============================
====== JS ERROR CAUGHT ======
Unhandled Promise: TypeError: Failed to fetch
=============================
====== JS ERROR CAUGHT ======
Unhandled Promise: TypeError: Failed to fetch
=============================
====== JS ERROR CAUGHT ======
Unhandled Promise: TypeError: Failed to fetch
=============================
====== JS ERROR CAUGHT ======
Unhandled Promise: TypeError: Failed to fetch
=============================
====== JS ERROR CAUGHT ======
Unhandled Promise: TypeError: Failed to fetch
=============================
====== JS ERROR CAUGHT ======
Unhandled Promise: TypeError: Failed to fetch
=============================
====== JS ERROR CAUGHT ======
Unhandled Promise: TypeError: Failed to fetch
=============================
====== JS ERROR CAUGHT ======
Unhandled Promise: TypeError: Failed to fetch
=============================
====== JS ERROR CAUGHT ======
Unhandled Promise: TypeError: Failed to fetch
=============================
====== JS ERROR CAUGHT ======
Unhandled Promise: TypeError: Failed to fetch
=============================
====== JS ERROR CAUGHT ======
Unhandled Promise: TypeError: Failed to fetch
=============================
====== JS ERROR CAUGHT ======
Unhandled Promise: TypeError: Failed to fetch
=============================
====== JS ERROR CAUGHT ======
Unhandled Promise: TypeError: Failed to fetch
=============================
====== JS ERROR CAUGHT ======
Unhandled Promise: TypeError: Failed to fetch
=============================
====== JS ERROR CAUGHT ======
Unhandled Promise: TypeError: Failed to fetch
=============================
====== JS ERROR CAUGHT ======
Unhandled Promise: TypeError: Failed to fetch
=============================
====== JS ERROR CAUGHT ======
Unhandled Promise: TypeError: Failed to fetch
=============================
====== JS ERROR CAUGHT ======
Unhandled Promise: TypeError: Failed to fetch
=============================
====== JS ERROR CAUGHT ======
Unhandled Promise: TypeError: Failed to fetch
=============================
====== JS ERROR CAUGHT ======
Unhandled Promise: TypeError: Failed to fetch
=============================
====== JS ERROR CAUGHT ======
Unhandled Promise: TypeError: Failed to fetch
=============================
====== JS ERROR CAUGHT ======
Unhandled Promise: TypeError: Failed to fetch
=============================
====== JS ERROR CAUGHT ======
Unhandled Promise: TypeError: Failed to fetch
=============================
====== JS ERROR CAUGHT ======
Unhandled Promise: TypeError: Failed to fetch
=============================
====== JS ERROR CAUGHT ======
Unhandled Promise: TypeError: Failed to fetch
=============================
====== JS ERROR CAUGHT ======
Unhandled Promise: TypeError: Failed to fetch
=============================
====== JS ERROR CAUGHT ======
Unhandled Promise: TypeError: Failed to fetch
=============================
====== JS ERROR CAUGHT ======
Unhandled Promise: TypeError: Failed to fetch
=============================
====== JS ERROR CAUGHT ======
Unhandled Promise: TypeError: Failed to fetch
=============================
====== JS ERROR CAUGHT ======
Unhandled Promise: TypeError: Failed to fetch
=============================
====== JS ERROR CAUGHT ======
Unhandled Promise: TypeError: Failed to fetch
=============================
====== JS ERROR CAUGHT ======
Unhandled Promise: TypeError: Failed to fetch
=============================
====== JS ERROR CAUGHT ======
Unhandled Promise: TypeError: Failed to fetch
=============================
====== JS ERROR CAUGHT ======
Unhandled Promise: TypeError: Failed to fetch
=============================
====== JS ERROR CAUGHT ======
Unhandled Promise: TypeError: Failed to fetch
=============================
====== JS ERROR CAUGHT ======
Unhandled Promise: TypeError: Failed to fetch
=============================
====== JS ERROR CAUGHT ======
Unhandled Promise: TypeError: Failed to fetch
=============================
====== JS ERROR CAUGHT ======
Unhandled Promise: TypeError: Failed to fetch
=============================
====== JS ERROR CAUGHT ======
Unhandled Promise: TypeError: Failed to fetch
=============================
====== JS ERROR CAUGHT ======
Unhandled Promise: TypeError: Failed to fetch
=============================
====== JS ERROR CAUGHT ======
Unhandled Promise: TypeError: Failed to fetch
=============================
====== JS ERROR CAUGHT ======
Unhandled Promise: TypeError: Failed to fetch
=============================
====== JS ERROR CAUGHT ======
Unhandled Promise: TypeError: Failed to fetch
=============================
====== JS ERROR CAUGHT ======
Unhandled Promise: TypeError: Failed to fetch
=============================
====== JS ERROR CAUGHT ======
Unhandled Promise: TypeError: Failed to fetch
=============================
====== JS ERROR CAUGHT ======
Unhandled Promise: TypeError: Failed to fetch
=============================
====== JS ERROR CAUGHT ======
Unhandled Promise: TypeError: Failed to fetch
=============================
====== JS ERROR CAUGHT ======
Unhandled Promise: TypeError: Failed to fetch
=============================
====== JS ERROR CAUGHT ======
Unhandled Promise: TypeError: Failed to fetch
=============================
====== JS ERROR CAUGHT ======
Unhandled Promise: TypeError: Failed to fetch
=============================
====== JS ERROR CAUGHT ======
Unhandled Promise: TypeError: Failed to fetch
=============================
====== JS ERROR CAUGHT ======
Unhandled Promise: TypeError: Failed to fetch
=============================
====== JS ERROR CAUGHT ======
Unhandled Promise: TypeError: Failed to fetch
=============================
====== JS ERROR CAUGHT ======
Unhandled Promise: TypeError: Failed to fetch
=============================
====== JS ERROR CAUGHT ======
Unhandled Promise: TypeError: Failed to fetch
=============================
====== JS ERROR CAUGHT ======
Unhandled Promise: TypeError: Failed to fetch
=============================
====== JS ERROR CAUGHT ======
Unhandled Promise: TypeError: Failed to fetch
=============================
====== JS ERROR CAUGHT ======
Unhandled Promise: TypeError: Failed to fetch
=============================
====== JS ERROR CAUGHT ======
Unhandled Promise: TypeError: Failed to fetch
=============================
====== JS ERROR CAUGHT ======
Unhandled Promise: TypeError: Failed to fetch
=============================
====== JS ERROR CAUGHT ======
Unhandled Promise: TypeError: Failed to fetch
=============================
====== JS ERROR CAUGHT ======
Unhandled Promise: TypeError: Failed to fetch
=============================
====== JS ERROR CAUGHT ======
Unhandled Promise: TypeError: Failed to fetch
=============================
====== JS ERROR CAUGHT ======
Unhandled Promise: TypeError: Failed to fetch
=============================
====== JS ERROR CAUGHT ======
Unhandled Promise: TypeError: Failed to fetch
=============================
====== JS ERROR CAUGHT ======
Unhandled Promise: TypeError: Failed to fetch
=============================
====== JS ERROR CAUGHT ======
Unhandled Promise: TypeError: Failed to fetch
=============================
====== JS ERROR CAUGHT ======
Unhandled Promise: TypeError: Failed to fetch
=============================
====== JS ERROR CAUGHT ======
Unhandled Promise: TypeError: Failed to fetch
=============================
====== JS ERROR CAUGHT ======
Unhandled Promise: TypeError: Failed to fetch
=============================
====== JS ERROR CAUGHT ======
Unhandled Promise: TypeError: Failed to fetch
=============================
====== JS ERROR CAUGHT ======
Unhandled Promise: TypeError: Failed to fetch
=============================
====== JS ERROR CAUGHT ======
Unhandled Promise: TypeError: Failed to fetch
=============================
====== JS ERROR CAUGHT ======
Unhandled Promise: TypeError: Failed to fetch
=============================
====== JS ERROR CAUGHT ======
Unhandled Promise: TypeError: Failed to fetch
=============================
====== JS ERROR CAUGHT ======
Unhandled Promise: TypeError: Failed to fetch
=============================
====== JS ERROR CAUGHT ======
Unhandled Promise: TypeError: Failed to fetch
=============================
====== JS ERROR CAUGHT ======
Unhandled Promise: TypeError: Failed to fetch
=============================
====== JS ERROR CAUGHT ======
Unhandled Promise: TypeError: Failed to fetch
=============================
====== JS ERROR CAUGHT ======
Unhandled Promise: TypeError: Failed to fetch
=============================
====== JS ERROR CAUGHT ======
Unhandled Promise: TypeError: Failed to fetch
=============================
====== JS ERROR CAUGHT ======
Unhandled Promise: TypeError: Failed to fetch
=============================
====== JS ERROR CAUGHT ======
Unhandled Promise: TypeError: Failed to fetch
=============================
====== JS ERROR CAUGHT ======
Unhandled Promise: TypeError: Failed to fetch
=============================
====== JS ERROR CAUGHT ======
Unhandled Promise: TypeError: Failed to fetch
=============================
====== JS ERROR CAUGHT ======
Unhandled Promise: TypeError: Failed to fetch
=============================
====== JS ERROR CAUGHT ======
Unhandled Promise: TypeError: Failed to fetch
=============================
====== JS ERROR CAUGHT ======
Unhandled Promise: TypeError: Failed to fetch
=============================
====== JS ERROR CAUGHT ======
Unhandled Promise: TypeError: Failed to fetch
=============================
====== JS ERROR CAUGHT ======
Unhandled Promise: TypeError: Failed to fetch
=============================
====== JS ERROR CAUGHT ======
Unhandled Promise: TypeError: Failed to fetch
=============================
====== JS ERROR CAUGHT ======
Unhandled Promise: TypeError: Failed to fetch
=============================
====== JS ERROR CAUGHT ======
Unhandled Promise: TypeError: Failed to fetch
=============================
====== JS ERROR CAUGHT ======
Unhandled Promise: TypeError: Failed to fetch
=============================
====== JS ERROR CAUGHT ======
Unhandled Promise: TypeError: Failed to fetch
=============================
====== JS ERROR CAUGHT ======
Unhandled Promise: TypeError: Failed to fetch
=============================
====== JS ERROR CAUGHT ======
Unhandled Promise: TypeError: Failed to fetch
=============================
====== JS ERROR CAUGHT ======
Unhandled Promise: TypeError: Failed to fetch
=============================
====== JS ERROR CAUGHT ======
Unhandled Promise: TypeError: Failed to fetch
=============================
====== JS ERROR CAUGHT ======
Unhandled Promise: TypeError: Failed to fetch
=============================
====== JS ERROR CAUGHT ======
Unhandled Promise: TypeError: Failed to fetch
=============================
====== JS ERROR CAUGHT ======
Unhandled Promise: TypeError: Failed to fetch
=============================
====== JS ERROR CAUGHT ======
Unhandled Promise: TypeError: Failed to fetch
=============================
====== JS ERROR CAUGHT ======
Unhandled Promise: TypeError: Failed to fetch
=============================
====== JS ERROR CAUGHT ======
Unhandled Promise: TypeError: Failed to fetch
=============================
====== JS ERROR CAUGHT ======
Unhandled Promise: TypeError: Failed to fetch
=============================
====== JS ERROR CAUGHT ======
Unhandled Promise: TypeError: Failed to fetch
=============================
====== JS ERROR CAUGHT ======
Unhandled Promise: TypeError: Failed to fetch
=============================
====== JS ERROR CAUGHT ======
Unhandled Promise: TypeError: Failed to fetch
=============================
====== JS ERROR CAUGHT ======
Unhandled Promise: TypeError: Failed to fetch
=============================
====== JS ERROR CAUGHT ======
Unhandled Promise: TypeError: Failed to fetch
=============================
====== JS ERROR CAUGHT ======
Unhandled Promise: TypeError: Failed to fetch
=============================
====== JS ERROR CAUGHT ======
Unhandled Promise: TypeError: Failed to fetch
=============================
====== JS ERROR CAUGHT ======
Unhandled Promise: TypeError: Failed to fetch
=============================
====== JS ERROR CAUGHT ======
Unhandled Promise: TypeError: Failed to fetch
=============================
====== JS ERROR CAUGHT ======
Unhandled Promise: TypeError: Failed to fetch
=============================
====== JS ERROR CAUGHT ======
Unhandled Promise: TypeError: Failed to fetch
=============================
====== JS ERROR CAUGHT ======
Unhandled Promise: TypeError: Failed to fetch
=============================
====== JS ERROR CAUGHT ======
Unhandled Promise: TypeError: Failed to fetch
=============================
====== JS ERROR CAUGHT ======
Unhandled Promise: TypeError: Failed to fetch
=============================
====== JS ERROR CAUGHT ======
Unhandled Promise: TypeError: Failed to fetch
=============================
====== JS ERROR CAUGHT ======
Unhandled Promise: TypeError: Failed to fetch
=============================
====== JS ERROR CAUGHT ======
Unhandled Promise: TypeError: Failed to fetch
=============================
====== JS ERROR CAUGHT ======
Unhandled Promise: TypeError: Failed to fetch
=============================
====== JS ERROR CAUGHT ======
Unhandled Promise: TypeError: Failed to fetch
=============================
====== JS ERROR CAUGHT ======
Unhandled Promise: TypeError: Failed to fetch
=============================
====== JS ERROR CAUGHT ======
Unhandled Promise: TypeError: Failed to fetch
=============================
====== JS ERROR CAUGHT ======
Unhandled Promise: TypeError: Failed to fetch
=============================
====== JS ERROR CAUGHT ======
Unhandled Promise: TypeError: Failed to fetch
=============================
====== JS ERROR CAUGHT ======
Unhandled Promise: TypeError: Failed to fetch
=============================
====== JS ERROR CAUGHT ======
Unhandled Promise: TypeError: Failed to fetch
=============================
====== JS ERROR CAUGHT ======
Unhandled Promise: TypeError: Failed to fetch
=============================
====== JS ERROR CAUGHT ======
Unhandled Promise: TypeError: Failed to fetch
=============================
====== JS ERROR CAUGHT ======
Unhandled Promise: TypeError: Failed to fetch
=============================
====== JS ERROR CAUGHT ======
Unhandled Promise: TypeError: Failed to fetch
=============================
====== JS ERROR CAUGHT ======
Unhandled Promise: TypeError: Failed to fetch
=============================
====== JS ERROR CAUGHT ======
Unhandled Promise: TypeError: Failed to fetch
=============================
====== JS ERROR CAUGHT ======
Unhandled Promise: TypeError: Failed to fetch
=============================
====== JS ERROR CAUGHT ======
Unhandled Promise: TypeError: Failed to fetch
=============================
====== JS ERROR CAUGHT ======
Unhandled Promise: TypeError: Failed to fetch
=============================
====== JS ERROR CAUGHT ======
Unhandled Promise: TypeError: Failed to fetch
=============================
====== JS ERROR CAUGHT ======
Unhandled Promise: TypeError: Failed to fetch
=============================
====== JS ERROR CAUGHT ======
Unhandled Promise: TypeError: Failed to fetch
=============================
====== JS ERROR CAUGHT ======
Unhandled Promise: TypeError: Failed to fetch
=============================
====== JS ERROR CAUGHT ======
Unhandled Promise: TypeError: Failed to fetch
=============================
====== JS ERROR CAUGHT ======
Unhandled Promise: TypeError: Failed to fetch
=============================
====== JS ERROR CAUGHT ======
Unhandled Promise: TypeError: Failed to fetch
=============================
====== JS ERROR CAUGHT ======
Unhandled Promise: TypeError: Failed to fetch
=============================
====== JS ERROR CAUGHT ======
Unhandled Promise: TypeError: Failed to fetch
=============================
====== JS ERROR CAUGHT ======
Unhandled Promise: TypeError: Failed to fetch
=============================
====== JS ERROR CAUGHT ======
Unhandled Promise: TypeError: Failed to fetch
=============================
====== JS ERROR CAUGHT ======
Unhandled Promise: TypeError: Failed to fetch
=============================
====== JS ERROR CAUGHT ======
Unhandled Promise: TypeError: Failed to fetch
=============================
====== JS ERROR CAUGHT ======
Unhandled Promise: TypeError: Failed to fetch
=============================
====== JS ERROR CAUGHT ======
Unhandled Promise: TypeError: Failed to fetch
=============================
====== JS ERROR CAUGHT ======
Unhandled Promise: TypeError: Failed to fetch
=============================
====== JS ERROR CAUGHT ======
Unhandled Promise: TypeError: Failed to fetch
=============================
====== JS ERROR CAUGHT ======
Unhandled Promise: TypeError: Failed to fetch
=============================
====== JS ERROR CAUGHT ======
Unhandled Promise: TypeError: Failed to fetch
=============================
====== JS ERROR CAUGHT ======
Unhandled Promise: TypeError: Failed to fetch
=============================
====== JS ERROR CAUGHT ======
Unhandled Promise: TypeError: Failed to fetch
=============================
====== JS ERROR CAUGHT ======
Unhandled Promise: TypeError: Failed to fetch
=============================
====== JS ERROR CAUGHT ======
Unhandled Promise: TypeError: Failed to fetch
=============================
====== JS ERROR CAUGHT ======
Unhandled Promise: TypeError: Failed to fetch
=============================
====== JS ERROR CAUGHT ======
Unhandled Promise: TypeError: Failed to fetch
=============================
====== JS ERROR CAUGHT ======
Unhandled Promise: TypeError: Failed to fetch
=============================
====== JS ERROR CAUGHT ======
Unhandled Promise: TypeError: Failed to fetch
=============================
====== JS ERROR CAUGHT ======
Unhandled Promise: TypeError: Failed to fetch
=============================
====== JS ERROR CAUGHT ======
Unhandled Promise: TypeError: Failed to fetch
=============================
====== JS ERROR CAUGHT ======
Unhandled Promise: TypeError: Failed to fetch
=============================
====== JS ERROR CAUGHT ======
Unhandled Promise: TypeError: Failed to fetch
=============================
====== JS ERROR CAUGHT ======
Unhandled Promise: TypeError: Failed to fetch
=============================
====== JS ERROR CAUGHT ======
Unhandled Promise: TypeError: Failed to fetch
=============================
====== JS ERROR CAUGHT ======
Unhandled Promise: TypeError: Failed to fetch
=============================
====== JS ERROR CAUGHT ======
Unhandled Promise: TypeError: Failed to fetch
=============================
====== JS ERROR CAUGHT ======
Unhandled Promise: TypeError: Failed to fetch
=============================
====== JS ERROR CAUGHT ======
Unhandled Promise: TypeError: Failed to fetch
=============================
====== JS ERROR CAUGHT ======
Unhandled Promise: TypeError: Failed to fetch
=============================
====== JS ERROR CAUGHT ======
Unhandled Promise: TypeError: Failed to fetch
=============================
====== JS ERROR CAUGHT ======
Unhandled Promise: TypeError: Failed to fetch
=============================
====== JS ERROR CAUGHT ======
Unhandled Promise: TypeError: Failed to fetch
=============================
====== JS ERROR CAUGHT ======
Unhandled Promise: TypeError: Failed to fetch
=============================
====== JS ERROR CAUGHT ======
Unhandled Promise: TypeError: Failed to fetch
=============================
====== JS ERROR CAUGHT ======
Unhandled Promise: TypeError: Failed to fetch
=============================
====== JS ERROR CAUGHT ======
Unhandled Promise: TypeError: Failed to fetch
=============================
====== JS ERROR CAUGHT ======
Unhandled Promise: TypeError: Failed to fetch
=============================
====== JS ERROR CAUGHT ======
Unhandled Promise: TypeError: Failed to fetch
=============================
====== JS ERROR CAUGHT ======
Unhandled Promise: TypeError: Failed to fetch
=============================
====== JS ERROR CAUGHT ======
Unhandled Promise: TypeError: Failed to fetch
=============================
====== JS ERROR CAUGHT ======
Unhandled Promise: TypeError: Failed to fetch
=============================
====== JS ERROR CAUGHT ======
Unhandled Promise: TypeError: Failed to fetch
=============================
====== JS ERROR CAUGHT ======
Unhandled Promise: TypeError: Failed to fetch
=============================
====== JS ERROR CAUGHT ======
Unhandled Promise: TypeError: Failed to fetch
=============================
====== JS ERROR CAUGHT ======
Unhandled Promise: TypeError: Failed to fetch
=============================
====== JS ERROR CAUGHT ======
Unhandled Promise: TypeError: Failed to fetch
=============================
====== JS ERROR CAUGHT ======
Unhandled Promise: TypeError: Failed to fetch
=============================
====== JS ERROR CAUGHT ======
Unhandled Promise: TypeError: Failed to fetch
=============================
====== JS ERROR CAUGHT ======
Unhandled Promise: TypeError: Failed to fetch
=============================
====== JS ERROR CAUGHT ======
Unhandled Promise: TypeError: Failed to fetch
=============================
====== JS ERROR CAUGHT ======
Unhandled Promise: TypeError: Failed to fetch
=============================
====== JS ERROR CAUGHT ======
Unhandled Promise: TypeError: Failed to fetch
=============================
====== JS ERROR CAUGHT ======
Unhandled Promise: TypeError: Failed to fetch
=============================
====== JS ERROR CAUGHT ======
Unhandled Promise: TypeError: Failed to fetch
=============================
====== JS ERROR CAUGHT ======
Unhandled Promise: TypeError: Failed to fetch
=============================
====== JS ERROR CAUGHT ======
Unhandled Promise: TypeError: Failed to fetch
=============================
====== JS ERROR CAUGHT ======
Unhandled Promise: TypeError: Failed to fetch
=============================
====== JS ERROR CAUGHT ======
Unhandled Promise: TypeError: Failed to fetch
=============================
====== JS ERROR CAUGHT ======
Unhandled Promise: TypeError: Failed to fetch
=============================
====== JS ERROR CAUGHT ======
Unhandled Promise: TypeError: Failed to fetch
=============================
====== JS ERROR CAUGHT ======
Unhandled Promise: TypeError: Failed to fetch
=============================
====== JS ERROR CAUGHT ======
Unhandled Promise: TypeError: Failed to fetch
=============================
====== JS ERROR CAUGHT ======
Unhandled Promise: TypeError: Failed to fetch
=============================
====== JS ERROR CAUGHT ======
Unhandled Promise: TypeError: Failed to fetch
=============================
====== JS ERROR CAUGHT ======
Unhandled Promise: TypeError: Failed to fetch
=============================
====== JS ERROR CAUGHT ======
Unhandled Promise: TypeError: Failed to fetch
=============================
====== JS ERROR CAUGHT ======
Unhandled Promise: TypeError: Failed to fetch
=============================
====== JS ERROR CAUGHT ======
Unhandled Promise: TypeError: Failed to fetch
=============================
====== JS ERROR CAUGHT ======
Unhandled Promise: TypeError: Failed to fetch
=============================
====== JS ERROR CAUGHT ======
Unhandled Promise: TypeError: Failed to fetch
=============================
====== JS ERROR CAUGHT ======
Unhandled Promise: TypeError: Failed to fetch
=============================
====== JS ERROR CAUGHT ======
Unhandled Promise: TypeError: Failed to fetch
=============================
====== JS ERROR CAUGHT ======
Unhandled Promise: TypeError: Failed to fetch
=============================
====== JS ERROR CAUGHT ======
Unhandled Promise: TypeError: Failed to fetch
=============================
====== JS ERROR CAUGHT ======
Unhandled Promise: TypeError: Failed to fetch
=============================
====== JS ERROR CAUGHT ======
Unhandled Promise: TypeError: Failed to fetch
=============================
====== JS ERROR CAUGHT ======
Unhandled Promise: TypeError: Failed to fetch
=============================
====== JS ERROR CAUGHT ======
Unhandled Promise: TypeError: Failed to fetch
=============================
====== JS ERROR CAUGHT ======
Unhandled Promise: TypeError: Failed to fetch
=============================
====== JS ERROR CAUGHT ======
Unhandled Promise: TypeError: Failed to fetch
=============================
====== JS ERROR CAUGHT ======
Unhandled Promise: TypeError: Failed to fetch
=============================
====== JS ERROR CAUGHT ======
Unhandled Promise: TypeError: Failed to fetch
=============================
====== JS ERROR CAUGHT ======
Unhandled Promise: TypeError: Failed to fetch
=============================
====== JS ERROR CAUGHT ======
Unhandled Promise: TypeError: Failed to fetch
=============================
====== JS ERROR CAUGHT ======
Unhandled Promise: TypeError: Failed to fetch
=============================
====== JS ERROR CAUGHT ======
Unhandled Promise: TypeError: Failed to fetch
=============================
====== JS ERROR CAUGHT ======
Unhandled Promise: TypeError: Failed to fetch
=============================
====== JS ERROR CAUGHT ======
Unhandled Promise: TypeError: Failed to fetch
=============================
====== JS ERROR CAUGHT ======
Unhandled Promise: TypeError: Failed to fetch
=============================
====== JS ERROR CAUGHT ======
Unhandled Promise: TypeError: Failed to fetch
=============================
====== JS ERROR CAUGHT ======
Unhandled Promise: TypeError: Failed to fetch
=============================
====== JS ERROR CAUGHT ======
Unhandled Promise: TypeError: Failed to fetch
=============================
====== JS ERROR CAUGHT ======
Unhandled Promise: TypeError: Failed to fetch
=============================
====== JS ERROR CAUGHT ======
Unhandled Promise: TypeError: Failed to fetch
=============================
====== JS ERROR CAUGHT ======
Unhandled Promise: TypeError: Failed to fetch
=============================
====== JS ERROR CAUGHT ======
Unhandled Promise: TypeError: Failed to fetch
=============================
====== JS ERROR CAUGHT ======
Unhandled Promise: TypeError: Failed to fetch
=============================
====== JS ERROR CAUGHT ======
Unhandled Promise: TypeError: Failed to fetch
=============================
====== JS ERROR CAUGHT ======
Unhandled Promise: TypeError: Failed to fetch
=============================
====== JS ERROR CAUGHT ======
Unhandled Promise: TypeError: Failed to fetch
=============================
====== JS ERROR CAUGHT ======
Unhandled Promise: TypeError: Failed to fetch
=============================
====== JS ERROR CAUGHT ======
Unhandled Promise: TypeError: Failed to fetch
=============================
====== JS ERROR CAUGHT ======
Unhandled Promise: TypeError: Failed to fetch
=============================
====== JS ERROR CAUGHT ======
Unhandled Promise: TypeError: Failed to fetch
=============================
====== JS ERROR CAUGHT ======
Unhandled Promise: TypeError: Failed to fetch
=============================
====== JS ERROR CAUGHT ======
Unhandled Promise: TypeError: Failed to fetch
=============================
====== JS ERROR CAUGHT ======
Unhandled Promise: TypeError: Failed to fetch
=============================
====== JS ERROR CAUGHT ======
Unhandled Promise: TypeError: Failed to fetch
=============================
====== JS ERROR CAUGHT ======
Unhandled Promise: TypeError: Failed to fetch
=============================
====== JS ERROR CAUGHT ======
Unhandled Promise: TypeError: Failed to fetch
=============================
====== JS ERROR CAUGHT ======
Unhandled Promise: TypeError: Failed to fetch
=============================
====== JS ERROR CAUGHT ======
Unhandled Promise: TypeError: Failed to fetch
=============================
====== JS ERROR CAUGHT ======
Unhandled Promise: TypeError: Failed to fetch
=============================
====== JS ERROR CAUGHT ======
Unhandled Promise: TypeError: Failed to fetch
=============================
====== JS ERROR CAUGHT ======
Unhandled Promise: TypeError: Failed to fetch
=============================
====== JS ERROR CAUGHT ======
Unhandled Promise: TypeError: Failed to fetch
=============================
====== JS ERROR CAUGHT ======
Unhandled Promise: TypeError: Failed to fetch
=============================
====== JS ERROR CAUGHT ======
Unhandled Promise: TypeError: Failed to fetch
=============================
====== JS ERROR CAUGHT ======
Unhandled Promise: TypeError: Failed to fetch
=============================
====== JS ERROR CAUGHT ======
Unhandled Promise: TypeError: Failed to fetch
=============================
====== JS ERROR CAUGHT ======
Unhandled Promise: TypeError: Failed to fetch
=============================
====== JS ERROR CAUGHT ======
Unhandled Promise: TypeError: Failed to fetch
=============================
====== JS ERROR CAUGHT ======
Unhandled Promise: TypeError: Failed to fetch
=============================
====== JS ERROR CAUGHT ======
Unhandled Promise: TypeError: Failed to fetch
=============================
====== JS ERROR CAUGHT ======
Unhandled Promise: TypeError: Failed to fetch
=============================
====== JS ERROR CAUGHT ======
Unhandled Promise: TypeError: Failed to fetch
=============================
====== JS ERROR CAUGHT ======
Unhandled Promise: TypeError: Failed to fetch
=============================
====== JS ERROR CAUGHT ======
Unhandled Promise: TypeError: Failed to fetch
=============================
====== JS ERROR CAUGHT ======
Unhandled Promise: TypeError: Failed to fetch
=============================
====== JS ERROR CAUGHT ======
Unhandled Promise: TypeError: Failed to fetch
=============================
====== JS ERROR CAUGHT ======
Unhandled Promise: TypeError: Failed to fetch
=============================
====== JS ERROR CAUGHT ======
Unhandled Promise: TypeError: Failed to fetch
=============================
====== JS ERROR CAUGHT ======
Unhandled Promise: TypeError: Failed to fetch
=============================
====== JS ERROR CAUGHT ======
Unhandled Promise: TypeError: Failed to fetch
=============================
====== JS ERROR CAUGHT ======
Unhandled Promise: TypeError: Failed to fetch
=============================
====== JS ERROR CAUGHT ======
Unhandled Promise: TypeError: Failed to fetch
=============================
====== JS ERROR CAUGHT ======
Unhandled Promise: TypeError: Failed to fetch
=============================
====== JS ERROR CAUGHT ======
Unhandled Promise: TypeError: Failed to fetch
=============================
====== JS ERROR CAUGHT ======
Unhandled Promise: TypeError: Failed to fetch
=============================
====== JS ERROR CAUGHT ======
Unhandled Promise: TypeError: Failed to fetch
=============================
====== JS ERROR CAUGHT ======
Unhandled Promise: TypeError: Failed to fetch
=============================
====== JS ERROR CAUGHT ======
Unhandled Promise: TypeError: Failed to fetch
=============================
====== JS ERROR CAUGHT ======
Unhandled Promise: TypeError: Failed to fetch
=============================
====== JS ERROR CAUGHT ======
Unhandled Promise: TypeError: Failed to fetch
=============================
====== JS ERROR CAUGHT ======
Unhandled Promise: TypeError: Failed to fetch
=============================
====== JS ERROR CAUGHT ======
Unhandled Promise: TypeError: Failed to fetch
=============================
====== JS ERROR CAUGHT ======
Unhandled Promise: TypeError: Failed to fetch
=============================
====== JS ERROR CAUGHT ======
Unhandled Promise: TypeError: Failed to fetch
=============================
====== JS ERROR CAUGHT ======
Unhandled Promise: TypeError: Failed to fetch
=============================
====== JS ERROR CAUGHT ======
Unhandled Promise: TypeError: Failed to fetch
=============================
====== JS ERROR CAUGHT ======
Unhandled Promise: TypeError: Failed to fetch
=============================
====== JS ERROR CAUGHT ======
Unhandled Promise: TypeError: Failed to fetch
=============================
====== JS ERROR CAUGHT ======
Unhandled Promise: TypeError: Failed to fetch
=============================
====== JS ERROR CAUGHT ======
Unhandled Promise: TypeError: Failed to fetch
=============================
====== JS ERROR CAUGHT ======
Unhandled Promise: TypeError: Failed to fetch
=============================
====== JS ERROR CAUGHT ======
Unhandled Promise: TypeError: Failed to fetch
=============================
====== JS ERROR CAUGHT ======
Unhandled Promise: TypeError: Failed to fetch
=============================
====== JS ERROR CAUGHT ======
Unhandled Promise: TypeError: Failed to fetch
=============================
====== JS ERROR CAUGHT ======
Unhandled Promise: TypeError: Failed to fetch
=============================
====== JS ERROR CAUGHT ======
Unhandled Promise: TypeError: Failed to fetch
=============================
====== JS ERROR CAUGHT ======
Unhandled Promise: TypeError: Failed to fetch
=============================
====== JS ERROR CAUGHT ======
Unhandled Promise: TypeError: Failed to fetch
=============================
====== JS ERROR CAUGHT ======
Unhandled Promise: TypeError: Failed to fetch
=============================
====== JS ERROR CAUGHT ======
Unhandled Promise: TypeError: Failed to fetch
=============================
====== JS ERROR CAUGHT ======
Unhandled Promise: TypeError: Failed to fetch
=============================
====== JS ERROR CAUGHT ======
Unhandled Promise: TypeError: Failed to fetch
=============================
====== JS ERROR CAUGHT ======
Unhandled Promise: TypeError: Failed to fetch
=============================
====== JS ERROR CAUGHT ======
Unhandled Promise: TypeError: Failed to fetch
=============================
====== JS ERROR CAUGHT ======
Unhandled Promise: TypeError: Failed to fetch
=============================
====== JS ERROR CAUGHT ======
Unhandled Promise: TypeError: Failed to fetch
=============================
====== JS ERROR CAUGHT ======
Unhandled Promise: TypeError: Failed to fetch
=============================
====== JS ERROR CAUGHT ======
Unhandled Promise: TypeError: Failed to fetch
=============================
====== JS ERROR CAUGHT ======
Unhandled Promise: TypeError: Failed to fetch
=============================
====== JS ERROR CAUGHT ======
Unhandled Promise: TypeError: Failed to fetch
=============================
====== JS ERROR CAUGHT ======
Unhandled Promise: TypeError: Failed to fetch
=============================
====== JS ERROR CAUGHT ======
Unhandled Promise: TypeError: Failed to fetch
=============================
====== JS ERROR CAUGHT ======
Unhandled Promise: TypeError: Failed to fetch
=============================
====== JS ERROR CAUGHT ======
Unhandled Promise: TypeError: Failed to fetch
=============================
====== JS ERROR CAUGHT ======
Unhandled Promise: TypeError: Failed to fetch
=============================
====== JS ERROR CAUGHT ======
Unhandled Promise: TypeError: Failed to fetch
=============================
====== JS ERROR CAUGHT ======
Unhandled Promise: TypeError: Failed to fetch
=============================
====== JS ERROR CAUGHT ======
Unhandled Promise: TypeError: Failed to fetch
=============================
====== JS ERROR CAUGHT ======
Unhandled Promise: TypeError: Failed to fetch
=============================
====== JS ERROR CAUGHT ======
Unhandled Promise: TypeError: Failed to fetch
=============================
====== JS ERROR CAUGHT ======
Unhandled Promise: TypeError: Failed to fetch
=============================
====== JS ERROR CAUGHT ======
Unhandled Promise: TypeError: Failed to fetch
=============================
====== JS ERROR CAUGHT ======
Unhandled Promise: TypeError: Failed to fetch
=============================
====== JS ERROR CAUGHT ======
Unhandled Promise: TypeError: Failed to fetch
=============================
====== JS ERROR CAUGHT ======
Unhandled Promise: TypeError: Failed to fetch
=============================
====== JS ERROR CAUGHT ======
Unhandled Promise: TypeError: Failed to fetch
=============================
====== JS ERROR CAUGHT ======
Unhandled Promise: TypeError: Failed to fetch
=============================
====== JS ERROR CAUGHT ======
Unhandled Promise: TypeError: Failed to fetch
=============================
====== JS ERROR CAUGHT ======
Unhandled Promise: TypeError: Failed to fetch
=============================
====== JS ERROR CAUGHT ======
Unhandled Promise: TypeError: Failed to fetch
=============================
====== JS ERROR CAUGHT ======
Unhandled Promise: TypeError: Failed to fetch
=============================
====== JS ERROR CAUGHT ======
Unhandled Promise: TypeError: Failed to fetch
=============================
====== JS ERROR CAUGHT ======
Unhandled Promise: TypeError: Failed to fetch
=============================
====== JS ERROR CAUGHT ======
Unhandled Promise: TypeError: Failed to fetch
=============================
====== JS ERROR CAUGHT ======
Unhandled Promise: TypeError: Failed to fetch
=============================
====== JS ERROR CAUGHT ======
Unhandled Promise: TypeError: Failed to fetch
=============================
====== JS ERROR CAUGHT ======
Unhandled Promise: TypeError: Failed to fetch
=============================
====== JS ERROR CAUGHT ======
Unhandled Promise: TypeError: Failed to fetch
=============================
====== JS ERROR CAUGHT ======
Unhandled Promise: TypeError: Failed to fetch
=============================
====== JS ERROR CAUGHT ======
Unhandled Promise: TypeError: Failed to fetch
=============================
====== JS ERROR CAUGHT ======
Unhandled Promise: TypeError: Failed to fetch
=============================
====== JS ERROR CAUGHT ======
Unhandled Promise: TypeError: Failed to fetch
=============================
====== JS ERROR CAUGHT ======
Unhandled Promise: TypeError: Failed to fetch
=============================
====== JS ERROR CAUGHT ======
Unhandled Promise: TypeError: Failed to fetch
=============================
====== JS ERROR CAUGHT ======
Unhandled Promise: TypeError: Failed to fetch
=============================
====== JS ERROR CAUGHT ======
Unhandled Promise: TypeError: Failed to fetch
=============================
====== JS ERROR CAUGHT ======
Unhandled Promise: TypeError: Failed to fetch
=============================
====== JS ERROR CAUGHT ======
Unhandled Promise: TypeError: Failed to fetch
=============================
====== JS ERROR CAUGHT ======
Unhandled Promise: TypeError: Failed to fetch
=============================
====== JS ERROR CAUGHT ======
Unhandled Promise: TypeError: Failed to fetch
=============================
====== JS ERROR CAUGHT ======
Unhandled Promise: TypeError: Failed to fetch
=============================
====== JS ERROR CAUGHT ======
Unhandled Promise: TypeError: Failed to fetch
=============================
====== JS ERROR CAUGHT ======
Unhandled Promise: TypeError: Failed to fetch
=============================
====== JS ERROR CAUGHT ======
Unhandled Promise: TypeError: Failed to fetch
=============================
====== JS ERROR CAUGHT ======
Unhandled Promise: TypeError: Failed to fetch
=============================
====== JS ERROR CAUGHT ======
Unhandled Promise: TypeError: Failed to fetch
=============================
====== JS ERROR CAUGHT ======
Unhandled Promise: TypeError: Failed to fetch
=============================
====== JS ERROR CAUGHT ======
Unhandled Promise: TypeError: Failed to fetch
=============================
====== JS ERROR CAUGHT ======
Unhandled Promise: TypeError: Failed to fetch
=============================
====== JS ERROR CAUGHT ======
Unhandled Promise: TypeError: Failed to fetch
=============================
====== JS ERROR CAUGHT ======
Unhandled Promise: TypeError: Failed to fetch
=============================
====== JS ERROR CAUGHT ======
Unhandled Promise: TypeError: Failed to fetch
=============================
====== JS ERROR CAUGHT ======
Unhandled Promise: TypeError: Failed to fetch
=============================
====== JS ERROR CAUGHT ======
Unhandled Promise: TypeError: Failed to fetch
=============================
====== JS ERROR CAUGHT ======
Unhandled Promise: TypeError: Failed to fetch
=============================
====== JS ERROR CAUGHT ======
Unhandled Promise: TypeError: Failed to fetch
=============================
====== JS ERROR CAUGHT ======
Unhandled Promise: TypeError: Failed to fetch
=============================
====== JS ERROR CAUGHT ======
Unhandled Promise: TypeError: Failed to fetch
=============================
====== JS ERROR CAUGHT ======
Unhandled Promise: TypeError: Failed to fetch
=============================
====== JS ERROR CAUGHT ======
Unhandled Promise: TypeError: Failed to fetch
=============================
====== JS ERROR CAUGHT ======
Unhandled Promise: TypeError: Failed to fetch
=============================
====== JS ERROR CAUGHT ======
Unhandled Promise: TypeError: Failed to fetch
=============================
====== JS ERROR CAUGHT ======
Unhandled Promise: TypeError: Failed to fetch
=============================
====== JS ERROR CAUGHT ======
Unhandled Promise: TypeError: Failed to fetch
=============================
====== JS ERROR CAUGHT ======
Unhandled Promise: TypeError: Failed to fetch
=============================
====== JS ERROR CAUGHT ======
Unhandled Promise: TypeError: Failed to fetch
=============================
====== JS ERROR CAUGHT ======
Unhandled Promise: TypeError: Failed to fetch
=============================
====== JS ERROR CAUGHT ======
Unhandled Promise: TypeError: Failed to fetch
=============================
====== JS ERROR CAUGHT ======
Unhandled Promise: TypeError: Failed to fetch
=============================
====== JS ERROR CAUGHT ======
Unhandled Promise: TypeError: Failed to fetch
=============================
====== JS ERROR CAUGHT ======
Unhandled Promise: TypeError: Failed to fetch
=============================
====== JS ERROR CAUGHT ======
Unhandled Promise: TypeError: Failed to fetch
=============================
====== JS ERROR CAUGHT ======
Unhandled Promise: TypeError: Failed to fetch
=============================
====== JS ERROR CAUGHT ======
Unhandled Promise: TypeError: Failed to fetch
=============================
====== JS ERROR CAUGHT ======
Unhandled Promise: TypeError: Failed to fetch
=============================
====== JS ERROR CAUGHT ======
Unhandled Promise: TypeError: Failed to fetch
=============================
====== JS ERROR CAUGHT ======
Unhandled Promise: TypeError: Failed to fetch
=============================
====== JS ERROR CAUGHT ======
Unhandled Promise: TypeError: Failed to fetch
=============================
====== JS ERROR CAUGHT ======
Unhandled Promise: TypeError: Failed to fetch
=============================
====== JS ERROR CAUGHT ======
Unhandled Promise: TypeError: Failed to fetch
=============================
====== JS ERROR CAUGHT ======
Unhandled Promise: TypeError: Failed to fetch
=============================
====== JS ERROR CAUGHT ======
Unhandled Promise: TypeError: Failed to fetch
=============================
====== JS ERROR CAUGHT ======
Unhandled Promise: TypeError: Failed to fetch
=============================
====== JS ERROR CAUGHT ======
Unhandled Promise: TypeError: Failed to fetch
=============================
====== JS ERROR CAUGHT ======
Unhandled Promise: TypeError: Failed to fetch
=============================
====== JS ERROR CAUGHT ======
Unhandled Promise: TypeError: Failed to fetch
=============================
====== JS ERROR CAUGHT ======
Unhandled Promise: TypeError: Failed to fetch
=============================
====== JS ERROR CAUGHT ======
Unhandled Promise: TypeError: Failed to fetch
=============================
====== JS ERROR CAUGHT ======
Unhandled Promise: TypeError: Failed to fetch
=============================
====== JS ERROR CAUGHT ======
Unhandled Promise: TypeError: Failed to fetch
=============================
====== JS ERROR CAUGHT ======
Unhandled Promise: TypeError: Failed to fetch
=============================
====== JS ERROR CAUGHT ======
Unhandled Promise: TypeError: Failed to fetch
=============================
====== JS ERROR CAUGHT ======
Unhandled Promise: TypeError: Failed to fetch
=============================
====== JS ERROR CAUGHT ======
Unhandled Promise: TypeError: Failed to fetch
=============================
====== JS ERROR CAUGHT ======
Unhandled Promise: TypeError: Failed to fetch
=============================
====== JS ERROR CAUGHT ======
Unhandled Promise: TypeError: Failed to fetch
=============================
====== JS ERROR CAUGHT ======
Unhandled Promise: TypeError: Failed to fetch
=============================
====== JS ERROR CAUGHT ======
Unhandled Promise: TypeError: Failed to fetch
=============================
====== JS ERROR CAUGHT ======
Unhandled Promise: TypeError: Failed to fetch
=============================
====== JS ERROR CAUGHT ======
Unhandled Promise: TypeError: Failed to fetch
=============================
====== JS ERROR CAUGHT ======
Unhandled Promise: TypeError: Failed to fetch
=============================
====== JS ERROR CAUGHT ======
Unhandled Promise: TypeError: Failed to fetch
=============================
====== JS ERROR CAUGHT ======
Unhandled Promise: TypeError: Failed to fetch
=============================
====== JS ERROR CAUGHT ======
Unhandled Promise: TypeError: Failed to fetch
=============================
====== JS ERROR CAUGHT ======
Unhandled Promise: TypeError: Failed to fetch
=============================
====== JS ERROR CAUGHT ======
Unhandled Promise: TypeError: Failed to fetch
=============================
====== JS ERROR CAUGHT ======
Unhandled Promise: TypeError: Failed to fetch
=============================
====== JS ERROR CAUGHT ======
Unhandled Promise: TypeError: Failed to fetch
=============================
====== JS ERROR CAUGHT ======
Unhandled Promise: TypeError: Failed to fetch
=============================
====== JS ERROR CAUGHT ======
Unhandled Promise: TypeError: Failed to fetch
=============================
====== JS ERROR CAUGHT ======
Unhandled Promise: TypeError: Failed to fetch
=============================
====== JS ERROR CAUGHT ======
Unhandled Promise: TypeError: Failed to fetch
=============================
====== JS ERROR CAUGHT ======
Unhandled Promise: TypeError: Failed to fetch
=============================
====== JS ERROR CAUGHT ======
Unhandled Promise: TypeError: Failed to fetch
=============================
====== JS ERROR CAUGHT ======
Unhandled Promise: TypeError: Failed to fetch
=============================
====== JS ERROR CAUGHT ======
Unhandled Promise: TypeError: Failed to fetch
=============================
====== JS ERROR CAUGHT ======
Unhandled Promise: TypeError: Failed to fetch
=============================
====== JS ERROR CAUGHT ======
Unhandled Promise: TypeError: Failed to fetch
=============================
====== JS ERROR CAUGHT ======
Unhandled Promise: TypeError: Failed to fetch
=============================
====== JS ERROR CAUGHT ======
Unhandled Promise: TypeError: Failed to fetch
=============================
====== JS ERROR CAUGHT ======
Unhandled Promise: TypeError: Failed to fetch
=============================
====== JS ERROR CAUGHT ======
Unhandled Promise: TypeError: Failed to fetch
=============================
====== JS ERROR CAUGHT ======
Unhandled Promise: TypeError: Failed to fetch
=============================
====== JS ERROR CAUGHT ======
Unhandled Promise: TypeError: Failed to fetch
=============================
====== JS ERROR CAUGHT ======
Unhandled Promise: TypeError: Failed to fetch
=============================
====== JS ERROR CAUGHT ======
Unhandled Promise: TypeError: Failed to fetch
=============================
====== JS ERROR CAUGHT ======
Unhandled Promise: TypeError: Failed to fetch
=============================
====== JS ERROR CAUGHT ======
Unhandled Promise: TypeError: Failed to fetch
=============================
====== JS ERROR CAUGHT ======
Unhandled Promise: TypeError: Failed to fetch
=============================
====== JS ERROR CAUGHT ======
Unhandled Promise: TypeError: Failed to fetch
=============================
====== JS ERROR CAUGHT ======
Unhandled Promise: TypeError: Failed to fetch
=============================
====== JS ERROR CAUGHT ======
Unhandled Promise: TypeError: Failed to fetch
=============================
====== JS ERROR CAUGHT ======
Unhandled Promise: TypeError: Failed to fetch
=============================
====== JS ERROR CAUGHT ======
Unhandled Promise: TypeError: Failed to fetch
=============================
====== JS ERROR CAUGHT ======
Unhandled Promise: TypeError: Failed to fetch
=============================
====== JS ERROR CAUGHT ======
Unhandled Promise: TypeError: Failed to fetch
=============================
====== JS ERROR CAUGHT ======
Unhandled Promise: TypeError: Failed to fetch
=============================
====== JS ERROR CAUGHT ======
Unhandled Promise: TypeError: Failed to fetch
=============================
====== JS ERROR CAUGHT ======
Unhandled Promise: TypeError: Failed to fetch
=============================
====== JS ERROR CAUGHT ======
Unhandled Promise: TypeError: Failed to fetch
=============================
====== JS ERROR CAUGHT ======
Unhandled Promise: TypeError: Failed to fetch
=============================
====== JS ERROR CAUGHT ======
Unhandled Promise: TypeError: Failed to fetch
=============================
====== JS ERROR CAUGHT ======
Unhandled Promise: TypeError: Failed to fetch
=============================
====== JS ERROR CAUGHT ======
Unhandled Promise: TypeError: Failed to fetch
=============================
====== JS ERROR CAUGHT ======
Unhandled Promise: TypeError: Failed to fetch
=============================
====== JS ERROR CAUGHT ======
Unhandled Promise: TypeError: Failed to fetch
=============================
====== JS ERROR CAUGHT ======
Unhandled Promise: TypeError: Failed to fetch
=============================
====== JS ERROR CAUGHT ======
Unhandled Promise: TypeError: Failed to fetch
=============================
====== JS ERROR CAUGHT ======
Unhandled Promise: TypeError: Failed to fetch
=============================
====== JS ERROR CAUGHT ======
Unhandled Promise: TypeError: Failed to fetch
=============================
====== JS ERROR CAUGHT ======
Unhandled Promise: TypeError: Failed to fetch
=============================
====== JS ERROR CAUGHT ======
Unhandled Promise: TypeError: Failed to fetch
=============================
====== JS ERROR CAUGHT ======
Unhandled Promise: TypeError: Failed to fetch
=============================
====== JS ERROR CAUGHT ======
Unhandled Promise: TypeError: Failed to fetch
=============================
====== JS ERROR CAUGHT ======
Unhandled Promise: TypeError: Failed to fetch
=============================
====== JS ERROR CAUGHT ======
Unhandled Promise: TypeError: Failed to fetch
=============================
====== JS ERROR CAUGHT ======
Unhandled Promise: TypeError: Failed to fetch
=============================
====== JS ERROR CAUGHT ======
Unhandled Promise: TypeError: Failed to fetch
=============================
====== JS ERROR CAUGHT ======
Unhandled Promise: TypeError: Failed to fetch
=============================
====== JS ERROR CAUGHT ======
Unhandled Promise: TypeError: Failed to fetch
=============================
====== JS ERROR CAUGHT ======
Unhandled Promise: TypeError: Failed to fetch
=============================
====== JS ERROR CAUGHT ======
Unhandled Promise: TypeError: Failed to fetch
=============================
====== JS ERROR CAUGHT ======
Unhandled Promise: TypeError: Failed to fetch
=============================
====== JS ERROR CAUGHT ======
Unhandled Promise: TypeError: Failed to fetch
=============================
====== JS ERROR CAUGHT ======
Unhandled Promise: TypeError: Failed to fetch
=============================
====== JS ERROR CAUGHT ======
Unhandled Promise: TypeError: Failed to fetch
=============================
====== JS ERROR CAUGHT ======
Unhandled Promise: TypeError: Failed to fetch
=============================
====== JS ERROR CAUGHT ======
Unhandled Promise: TypeError: Failed to fetch
=============================
====== JS ERROR CAUGHT ======
Unhandled Promise: TypeError: Failed to fetch
=============================
====== JS ERROR CAUGHT ======
Unhandled Promise: TypeError: Failed to fetch
=============================
====== JS ERROR CAUGHT ======
Unhandled Promise: TypeError: Failed to fetch
=============================
====== JS ERROR CAUGHT ======
Unhandled Promise: TypeError: Failed to fetch
=============================
====== JS ERROR CAUGHT ======
Unhandled Promise: TypeError: Failed to fetch
=============================
====== JS ERROR CAUGHT ======
Unhandled Promise: TypeError: Failed to fetch
=============================
====== JS ERROR CAUGHT ======
Unhandled Promise: TypeError: Failed to fetch
=============================
====== JS ERROR CAUGHT ======
Unhandled Promise: TypeError: Failed to fetch
=============================
====== JS ERROR CAUGHT ======
Unhandled Promise: TypeError: Failed to fetch
=============================
====== JS ERROR CAUGHT ======
Unhandled Promise: TypeError: Failed to fetch
=============================
====== JS ERROR CAUGHT ======
Unhandled Promise: TypeError: Failed to fetch
=============================
====== JS ERROR CAUGHT ======
Unhandled Promise: TypeError: Failed to fetch
=============================
====== JS ERROR CAUGHT ======
Unhandled Promise: TypeError: Failed to fetch
=============================
====== JS ERROR CAUGHT ======
Unhandled Promise: TypeError: Failed to fetch
=============================
====== JS ERROR CAUGHT ======
Unhandled Promise: TypeError: Failed to fetch
=============================
====== JS ERROR CAUGHT ======
Unhandled Promise: TypeError: Failed to fetch
=============================
====== JS ERROR CAUGHT ======
Unhandled Promise: TypeError: Failed to fetch
=============================
====== JS ERROR CAUGHT ======
Unhandled Promise: TypeError: Failed to fetch
=============================
====== JS ERROR CAUGHT ======
Unhandled Promise: TypeError: Failed to fetch
=============================
====== JS ERROR CAUGHT ======
Unhandled Promise: TypeError: Failed to fetch
=============================
====== JS ERROR CAUGHT ======
Unhandled Promise: TypeError: Failed to fetch
=============================
====== JS ERROR CAUGHT ======
Unhandled Promise: TypeError: Failed to fetch
=============================
====== JS ERROR CAUGHT ======
Unhandled Promise: TypeError: Failed to fetch
=============================
====== JS ERROR CAUGHT ======
Unhandled Promise: TypeError: Failed to fetch
=============================
====== JS ERROR CAUGHT ======
Unhandled Promise: TypeError: Failed to fetch
=============================
====== JS ERROR CAUGHT ======
Unhandled Promise: TypeError: Failed to fetch
=============================
====== JS ERROR CAUGHT ======
Unhandled Promise: TypeError: Failed to fetch
=============================
====== JS ERROR CAUGHT ======
Unhandled Promise: TypeError: Failed to fetch
=============================
====== JS ERROR CAUGHT ======
Unhandled Promise: TypeError: Failed to fetch
=============================
====== JS ERROR CAUGHT ======
Unhandled Promise: TypeError: Failed to fetch
=============================
====== JS ERROR CAUGHT ======
Unhandled Promise: TypeError: Failed to fetch
=============================
====== JS ERROR CAUGHT ======
Unhandled Promise: TypeError: Failed to fetch
=============================
====== JS ERROR CAUGHT ======
Unhandled Promise: TypeError: Failed to fetch
=============================
====== JS ERROR CAUGHT ======
Unhandled Promise: TypeError: Failed to fetch
=============================
====== JS ERROR CAUGHT ======
Unhandled Promise: TypeError: Failed to fetch
=============================
====== JS ERROR CAUGHT ======
Unhandled Promise: TypeError: Failed to fetch
=============================
====== JS ERROR CAUGHT ======
Unhandled Promise: TypeError: Failed to fetch
=============================
====== JS ERROR CAUGHT ======
Unhandled Promise: TypeError: Failed to fetch
=============================
====== JS ERROR CAUGHT ======
Unhandled Promise: TypeError: Failed to fetch
=============================
====== JS ERROR CAUGHT ======
Unhandled Promise: TypeError: Failed to fetch
=============================
====== JS ERROR CAUGHT ======
Unhandled Promise: TypeError: Failed to fetch
=============================
====== JS ERROR CAUGHT ======
Unhandled Promise: TypeError: Failed to fetch
=============================
====== JS ERROR CAUGHT ======
Unhandled Promise: TypeError: Failed to fetch
=============================
====== JS ERROR CAUGHT ======
Unhandled Promise: TypeError: Failed to fetch
=============================
====== JS ERROR CAUGHT ======
Unhandled Promise: TypeError: Failed to fetch
=============================
====== JS ERROR CAUGHT ======
Unhandled Promise: TypeError: Failed to fetch
=============================
====== JS ERROR CAUGHT ======
Unhandled Promise: TypeError: Failed to fetch
=============================
====== JS ERROR CAUGHT ======
Unhandled Promise: TypeError: Failed to fetch
=============================
====== JS ERROR CAUGHT ======
Unhandled Promise: TypeError: Failed to fetch
=============================
====== JS ERROR CAUGHT ======
Unhandled Promise: TypeError: Failed to fetch
=============================
====== JS ERROR CAUGHT ======
Unhandled Promise: TypeError: Failed to fetch
=============================
====== JS ERROR CAUGHT ======
Unhandled Promise: TypeError: Failed to fetch
=============================
====== JS ERROR CAUGHT ======
Unhandled Promise: TypeError: Failed to fetch
=============================
====== JS ERROR CAUGHT ======
Unhandled Promise: TypeError: Failed to fetch
=============================
====== JS ERROR CAUGHT ======
Unhandled Promise: TypeError: Failed to fetch
=============================
====== JS ERROR CAUGHT ======
Unhandled Promise: TypeError: Failed to fetch
=============================
====== JS ERROR CAUGHT ======
Unhandled Promise: TypeError: Failed to fetch
=============================
====== JS ERROR CAUGHT ======
Unhandled Promise: TypeError: Failed to fetch
=============================
====== JS ERROR CAUGHT ======
Unhandled Promise: TypeError: Failed to fetch
=============================
====== JS ERROR CAUGHT ======
Unhandled Promise: TypeError: Failed to fetch
=============================
====== JS ERROR CAUGHT ======
Unhandled Promise: TypeError: Failed to fetch
=============================
====== JS ERROR CAUGHT ======
Unhandled Promise: TypeError: Failed to fetch
=============================
====== JS ERROR CAUGHT ======
Unhandled Promise: TypeError: Failed to fetch
=============================
====== JS ERROR CAUGHT ======
Unhandled Promise: TypeError: Failed to fetch
=============================
====== JS ERROR CAUGHT ======
Unhandled Promise: TypeError: Failed to fetch
=============================
====== JS ERROR CAUGHT ======
Unhandled Promise: TypeError: Failed to fetch
=============================
====== JS ERROR CAUGHT ======
Unhandled Promise: TypeError: Failed to fetch
=============================
====== JS ERROR CAUGHT ======
Unhandled Promise: TypeError: Failed to fetch
=============================
====== JS ERROR CAUGHT ======
Unhandled Promise: TypeError: Failed to fetch
=============================
====== JS ERROR CAUGHT ======
Unhandled Promise: TypeError: Failed to fetch
=============================
====== JS ERROR CAUGHT ======
Unhandled Promise: TypeError: Failed to fetch
=============================
====== JS ERROR CAUGHT ======
Unhandled Promise: TypeError: Failed to fetch
=============================
====== JS ERROR CAUGHT ======
Unhandled Promise: TypeError: Failed to fetch
=============================
====== JS ERROR CAUGHT ======
Unhandled Promise: TypeError: Failed to fetch
=============================
====== JS ERROR CAUGHT ======
Unhandled Promise: TypeError: Failed to fetch
=============================
====== JS ERROR CAUGHT ======
Unhandled Promise: TypeError: Failed to fetch
=============================
====== JS ERROR CAUGHT ======
Unhandled Promise: TypeError: Failed to fetch
=============================
====== JS ERROR CAUGHT ======
Unhandled Promise: TypeError: Failed to fetch
=============================
====== JS ERROR CAUGHT ======
Unhandled Promise: TypeError: Failed to fetch
=============================
====== JS ERROR CAUGHT ======
Unhandled Promise: TypeError: Failed to fetch
=============================
====== JS ERROR CAUGHT ======
Unhandled Promise: TypeError: Failed to fetch
=============================
====== JS ERROR CAUGHT ======
Unhandled Promise: TypeError: Failed to fetch
=============================
====== JS ERROR CAUGHT ======
Unhandled Promise: TypeError: Failed to fetch
=============================
====== JS ERROR CAUGHT ======
Unhandled Promise: TypeError: Failed to fetch
=============================
====== JS ERROR CAUGHT ======
Unhandled Promise: TypeError: Failed to fetch
=============================
====== JS ERROR CAUGHT ======
Unhandled Promise: TypeError: Failed to fetch
=============================
====== JS ERROR CAUGHT ======
Unhandled Promise: TypeError: Failed to fetch
=============================
====== JS ERROR CAUGHT ======
Unhandled Promise: TypeError: Failed to fetch
=============================
====== JS ERROR CAUGHT ======
Unhandled Promise: TypeError: Failed to fetch
=============================
====== JS ERROR CAUGHT ======
Unhandled Promise: TypeError: Failed to fetch
=============================
====== JS ERROR CAUGHT ======
Unhandled Promise: TypeError: Failed to fetch
=============================
====== JS ERROR CAUGHT ======
Unhandled Promise: TypeError: Failed to fetch
=============================
====== JS ERROR CAUGHT ======
Unhandled Promise: TypeError: Failed to fetch
=============================
====== JS ERROR CAUGHT ======
Unhandled Promise: TypeError: Failed to fetch
=============================
====== JS ERROR CAUGHT ======
Unhandled Promise: TypeError: Failed to fetch
=============================
====== JS ERROR CAUGHT ======
Unhandled Promise: TypeError: Failed to fetch
=============================
====== JS ERROR CAUGHT ======
Unhandled Promise: TypeError: Failed to fetch
=============================
====== JS ERROR CAUGHT ======
Unhandled Promise: TypeError: Failed to fetch
=============================
====== JS ERROR CAUGHT ======
Unhandled Promise: TypeError: Failed to fetch
=============================
====== JS ERROR CAUGHT ======
Unhandled Promise: TypeError: Failed to fetch
=============================
====== JS ERROR CAUGHT ======
Unhandled Promise: TypeError: Failed to fetch
=============================
====== JS ERROR CAUGHT ======
Unhandled Promise: TypeError: Failed to fetch
=============================
====== JS ERROR CAUGHT ======
Unhandled Promise: TypeError: Failed to fetch
=============================
====== JS ERROR CAUGHT ======
Unhandled Promise: TypeError: Failed to fetch
=============================
====== JS ERROR CAUGHT ======
Unhandled Promise: TypeError: Failed to fetch
=============================
====== JS ERROR CAUGHT ======
Unhandled Promise: TypeError: Failed to fetch
=============================
====== JS ERROR CAUGHT ======
Unhandled Promise: TypeError: Failed to fetch
=============================
====== JS ERROR CAUGHT ======
Unhandled Promise: TypeError: Failed to fetch
=============================
====== JS ERROR CAUGHT ======
Unhandled Promise: TypeError: Failed to fetch
=============================
====== JS ERROR CAUGHT ======
Unhandled Promise: TypeError: Failed to fetch
=============================
====== JS ERROR CAUGHT ======
Unhandled Promise: TypeError: Failed to fetch
=============================
====== JS ERROR CAUGHT ======
Unhandled Promise: TypeError: Failed to fetch
=============================
====== JS ERROR CAUGHT ======
Unhandled Promise: TypeError: Failed to fetch
=============================
====== JS ERROR CAUGHT ======
Unhandled Promise: TypeError: Failed to fetch
=============================
====== JS ERROR CAUGHT ======
Unhandled Promise: TypeError: Failed to fetch
=============================
====== JS ERROR CAUGHT ======
Unhandled Promise: TypeError: Failed to fetch
=============================
====== JS ERROR CAUGHT ======
Unhandled Promise: TypeError: Failed to fetch
=============================
====== JS ERROR CAUGHT ======
Unhandled Promise: TypeError: Failed to fetch
=============================
====== JS ERROR CAUGHT ======
Unhandled Promise: TypeError: Failed to fetch
=============================
====== JS ERROR CAUGHT ======
Unhandled Promise: TypeError: Failed to fetch
=============================
====== JS ERROR CAUGHT ======
Unhandled Promise: TypeError: Failed to fetch
=============================
====== JS ERROR CAUGHT ======
Unhandled Promise: TypeError: Failed to fetch
=============================
====== JS ERROR CAUGHT ======
Unhandled Promise: TypeError: Failed to fetch
=============================
====== JS ERROR CAUGHT ======
Unhandled Promise: TypeError: Failed to fetch
=============================
====== JS ERROR CAUGHT ======
Unhandled Promise: TypeError: Failed to fetch
=============================
====== JS ERROR CAUGHT ======
Unhandled Promise: TypeError: Failed to fetch
=============================
====== JS ERROR CAUGHT ======
Unhandled Promise: TypeError: Failed to fetch
=============================
====== JS ERROR CAUGHT ======
Unhandled Promise: TypeError: Failed to fetch
=============================
====== JS ERROR CAUGHT ======
Unhandled Promise: TypeError: Failed to fetch
=============================
====== JS ERROR CAUGHT ======
Unhandled Promise: TypeError: Failed to fetch
=============================
====== JS ERROR CAUGHT ======
Unhandled Promise: TypeError: Failed to fetch
=============================
====== JS ERROR CAUGHT ======
Unhandled Promise: TypeError: Failed to fetch
=============================
====== JS ERROR CAUGHT ======
Unhandled Promise: TypeError: Failed to fetch
=============================
====== JS ERROR CAUGHT ======
Unhandled Promise: TypeError: Failed to fetch
=============================
====== JS ERROR CAUGHT ======
Unhandled Promise: TypeError: Failed to fetch
=============================
====== JS ERROR CAUGHT ======
Unhandled Promise: TypeError: Failed to fetch
=============================
====== JS ERROR CAUGHT ======
Unhandled Promise: TypeError: Failed to fetch
=============================
====== JS ERROR CAUGHT ======
Unhandled Promise: TypeError: Failed to fetch
=============================
====== JS ERROR CAUGHT ======
Unhandled Promise: TypeError: Failed to fetch
=============================
====== JS ERROR CAUGHT ======
Unhandled Promise: TypeError: Failed to fetch
=============================
====== JS ERROR CAUGHT ======
Unhandled Promise: TypeError: Failed to fetch
=============================
====== JS ERROR CAUGHT ======
Unhandled Promise: TypeError: Failed to fetch
=============================
====== JS ERROR CAUGHT ======
Unhandled Promise: TypeError: Failed to fetch
=============================
====== JS ERROR CAUGHT ======
Unhandled Promise: TypeError: Failed to fetch
=============================
====== JS ERROR CAUGHT ======
Unhandled Promise: TypeError: Failed to fetch
=============================
====== JS ERROR CAUGHT ======
Unhandled Promise: TypeError: Failed to fetch
=============================
====== JS ERROR CAUGHT ======
Unhandled Promise: TypeError: Failed to fetch
=============================
====== JS ERROR CAUGHT ======
Unhandled Promise: TypeError: Failed to fetch
=============================
====== JS ERROR CAUGHT ======
Unhandled Promise: TypeError: Failed to fetch
=============================
====== JS ERROR CAUGHT ======
Unhandled Promise: TypeError: Failed to fetch
=============================
====== JS ERROR CAUGHT ======
Unhandled Promise: TypeError: Failed to fetch
=============================
====== JS ERROR CAUGHT ======
Unhandled Promise: TypeError: Failed to fetch
=============================
====== JS ERROR CAUGHT ======
Unhandled Promise: TypeError: Failed to fetch
=============================
====== JS ERROR CAUGHT ======
Unhandled Promise: TypeError: Failed to fetch
=============================
====== JS ERROR CAUGHT ======
Unhandled Promise: TypeError: Failed to fetch
=============================
====== JS ERROR CAUGHT ======
Unhandled Promise: TypeError: Failed to fetch
=============================
====== JS ERROR CAUGHT ======
Unhandled Promise: TypeError: Failed to fetch
=============================
====== JS ERROR CAUGHT ======
Unhandled Promise: TypeError: Failed to fetch
=============================
====== JS ERROR CAUGHT ======
Unhandled Promise: TypeError: Failed to fetch
=============================
====== JS ERROR CAUGHT ======
Unhandled Promise: TypeError: Failed to fetch
=============================
====== JS ERROR CAUGHT ======
Unhandled Promise: TypeError: Failed to fetch
=============================
====== JS ERROR CAUGHT ======
Unhandled Promise: TypeError: Failed to fetch
=============================
====== JS ERROR CAUGHT ======
Unhandled Promise: TypeError: Failed to fetch
=============================
====== JS ERROR CAUGHT ======
Unhandled Promise: TypeError: Failed to fetch
=============================
====== JS ERROR CAUGHT ======
Unhandled Promise: TypeError: Failed to fetch
=============================
====== JS ERROR CAUGHT ======
Unhandled Promise: TypeError: Failed to fetch
=============================
====== JS ERROR CAUGHT ======
Unhandled Promise: TypeError: Failed to fetch
=============================
====== JS ERROR CAUGHT ======
Unhandled Promise: TypeError: Failed to fetch
=============================
====== JS ERROR CAUGHT ======
Unhandled Promise: TypeError: Failed to fetch
=============================
====== JS ERROR CAUGHT ======
Unhandled Promise: TypeError: Failed to fetch
=============================
====== JS ERROR CAUGHT ======
Unhandled Promise: TypeError: Failed to fetch
=============================
====== JS ERROR CAUGHT ======
Unhandled Promise: TypeError: Failed to fetch
=============================
====== JS ERROR CAUGHT ======
Unhandled Promise: TypeError: Failed to fetch
=============================
====== JS ERROR CAUGHT ======
Unhandled Promise: TypeError: Failed to fetch
=============================
====== JS ERROR CAUGHT ======
Unhandled Promise: TypeError: Failed to fetch
=============================
====== JS ERROR CAUGHT ======
Unhandled Promise: TypeError: Failed to fetch
=============================
====== JS ERROR CAUGHT ======
Unhandled Promise: TypeError: Failed to fetch
=============================
====== JS ERROR CAUGHT ======
Unhandled Promise: TypeError: Failed to fetch
=============================
====== JS ERROR CAUGHT ======
Unhandled Promise: TypeError: Failed to fetch
=============================
====== JS ERROR CAUGHT ======
Unhandled Promise: TypeError: Failed to fetch
=============================
====== JS ERROR CAUGHT ======
Unhandled Promise: TypeError: Failed to fetch
=============================
====== JS ERROR CAUGHT ======
Unhandled Promise: TypeError: Failed to fetch
=============================
====== JS ERROR CAUGHT ======
Unhandled Promise: TypeError: Failed to fetch
=============================
====== JS ERROR CAUGHT ======
Unhandled Promise: TypeError: Failed to fetch
=============================
====== JS ERROR CAUGHT ======
Unhandled Promise: TypeError: Failed to fetch
=============================
====== JS ERROR CAUGHT ======
Unhandled Promise: TypeError: Failed to fetch
=============================
====== JS ERROR CAUGHT ======
Unhandled Promise: TypeError: Failed to fetch
=============================
====== JS ERROR CAUGHT ======
Unhandled Promise: TypeError: Failed to fetch
=============================
====== JS ERROR CAUGHT ======
Unhandled Promise: TypeError: Failed to fetch
=============================
====== JS ERROR CAUGHT ======
Unhandled Promise: TypeError: Failed to fetch
=============================
====== JS ERROR CAUGHT ======
Unhandled Promise: TypeError: Failed to fetch
=============================
====== JS ERROR CAUGHT ======
Unhandled Promise: TypeError: Failed to fetch
=============================
====== JS ERROR CAUGHT ======
Unhandled Promise: TypeError: Failed to fetch
=============================
====== JS ERROR CAUGHT ======
Unhandled Promise: TypeError: Failed to fetch
=============================
====== JS ERROR CAUGHT ======
Unhandled Promise: TypeError: Failed to fetch
=============================
====== JS ERROR CAUGHT ======
Unhandled Promise: TypeError: Failed to fetch
=============================
====== JS ERROR CAUGHT ======
Unhandled Promise: TypeError: Failed to fetch
=============================
====== JS ERROR CAUGHT ======
Unhandled Promise: TypeError: Failed to fetch
=============================
====== JS ERROR CAUGHT ======
Unhandled Promise: TypeError: Failed to fetch
=============================
====== JS ERROR CAUGHT ======
Unhandled Promise: TypeError: Failed to fetch
=============================
====== JS ERROR CAUGHT ======
Unhandled Promise: TypeError: Failed to fetch
=============================
====== JS ERROR CAUGHT ======
Unhandled Promise: TypeError: Failed to fetch
=============================
====== JS ERROR CAUGHT ======
Unhandled Promise: TypeError: Failed to fetch
=============================
====== JS ERROR CAUGHT ======
Unhandled Promise: TypeError: Failed to fetch
=============================
====== JS ERROR CAUGHT ======
Unhandled Promise: TypeError: Failed to fetch
=============================
====== JS ERROR CAUGHT ======
Unhandled Promise: TypeError: Failed to fetch
=============================
====== JS ERROR CAUGHT ======
Unhandled Promise: TypeError: Failed to fetch
=============================
====== JS ERROR CAUGHT ======
Unhandled Promise: TypeError: Failed to fetch
=============================
====== JS ERROR CAUGHT ======
Unhandled Promise: TypeError: Failed to fetch
=============================
====== JS ERROR CAUGHT ======
Unhandled Promise: TypeError: Failed to fetch
=============================
====== JS ERROR CAUGHT ======
Unhandled Promise: TypeError: Failed to fetch
=============================
====== JS ERROR CAUGHT ======
Unhandled Promise: TypeError: Failed to fetch
=============================
====== JS ERROR CAUGHT ======
Unhandled Promise: TypeError: Failed to fetch
=============================
====== JS ERROR CAUGHT ======
Unhandled Promise: TypeError: Failed to fetch
=============================
====== JS ERROR CAUGHT ======
Unhandled Promise: TypeError: Failed to fetch
=============================
====== JS ERROR CAUGHT ======
Unhandled Promise: TypeError: Failed to fetch
=============================
====== JS ERROR CAUGHT ======
Unhandled Promise: TypeError: Failed to fetch
=============================
====== JS ERROR CAUGHT ======
Unhandled Promise: TypeError: Failed to fetch
=============================
====== JS ERROR CAUGHT ======
Unhandled Promise: TypeError: Failed to fetch
=============================
====== JS ERROR CAUGHT ======
Unhandled Promise: TypeError: Failed to fetch
=============================
====== JS ERROR CAUGHT ======
Unhandled Promise: TypeError: Failed to fetch
=============================
====== JS ERROR CAUGHT ======
Unhandled Promise: TypeError: Failed to fetch
=============================
====== JS ERROR CAUGHT ======
Unhandled Promise: TypeError: Failed to fetch
=============================
====== JS ERROR CAUGHT ======
Unhandled Promise: TypeError: Failed to fetch
=============================
====== JS ERROR CAUGHT ======
Unhandled Promise: TypeError: Failed to fetch
=============================
====== JS ERROR CAUGHT ======
Unhandled Promise: TypeError: Failed to fetch
=============================
====== JS ERROR CAUGHT ======
Unhandled Promise: TypeError: Failed to fetch
=============================
====== JS ERROR CAUGHT ======
Unhandled Promise: TypeError: Failed to fetch
=============================
====== JS ERROR CAUGHT ======
Unhandled Promise: TypeError: Failed to fetch
=============================
====== JS ERROR CAUGHT ======
Unhandled Promise: TypeError: Failed to fetch
=============================
====== JS ERROR CAUGHT ======
Unhandled Promise: TypeError: Failed to fetch
=============================
====== JS ERROR CAUGHT ======
Unhandled Promise: TypeError: Failed to fetch
=============================
====== JS ERROR CAUGHT ======
Unhandled Promise: TypeError: Failed to fetch
=============================
====== JS ERROR CAUGHT ======
Unhandled Promise: TypeError: Failed to fetch
=============================
====== JS ERROR CAUGHT ======
Unhandled Promise: TypeError: Failed to fetch
=============================
====== JS ERROR CAUGHT ======
Unhandled Promise: TypeError: Failed to fetch
=============================
====== JS ERROR CAUGHT ======
Unhandled Promise: TypeError: Failed to fetch
=============================
====== JS ERROR CAUGHT ======
Unhandled Promise: TypeError: Failed to fetch
=============================
====== JS ERROR CAUGHT ======
Unhandled Promise: TypeError: Failed to fetch
=============================
====== JS ERROR CAUGHT ======
Unhandled Promise: TypeError: Failed to fetch
=============================
====== JS ERROR CAUGHT ======
Unhandled Promise: TypeError: Failed to fetch
=============================
====== JS ERROR CAUGHT ======
Unhandled Promise: TypeError: Failed to fetch
=============================
====== JS ERROR CAUGHT ======
Unhandled Promise: TypeError: Failed to fetch
=============================
====== JS ERROR CAUGHT ======
Unhandled Promise: TypeError: Failed to fetch
=============================
====== JS ERROR CAUGHT ======
Unhandled Promise: TypeError: Failed to fetch
=============================
====== JS ERROR CAUGHT ======
Unhandled Promise: TypeError: Failed to fetch
=============================
====== JS ERROR CAUGHT ======
Unhandled Promise: TypeError: Failed to fetch
=============================
====== JS ERROR CAUGHT ======
Unhandled Promise: TypeError: Failed to fetch
=============================
====== JS ERROR CAUGHT ======
Unhandled Promise: TypeError: Failed to fetch
=============================
====== JS ERROR CAUGHT ======
Unhandled Promise: TypeError: Failed to fetch
=============================
====== JS ERROR CAUGHT ======
Unhandled Promise: TypeError: Failed to fetch
=============================
====== JS ERROR CAUGHT ======
Unhandled Promise: TypeError: Failed to fetch
=============================
====== JS ERROR CAUGHT ======
Unhandled Promise: TypeError: Failed to fetch
=============================
====== JS ERROR CAUGHT ======
Unhandled Promise: TypeError: Failed to fetch
=============================
====== JS ERROR CAUGHT ======
Unhandled Promise: TypeError: Failed to fetch
=============================
====== JS ERROR CAUGHT ======
Unhandled Promise: TypeError: Failed to fetch
=============================
====== JS ERROR CAUGHT ======
Unhandled Promise: TypeError: Failed to fetch
=============================
====== JS ERROR CAUGHT ======
Unhandled Promise: TypeError: Failed to fetch
=============================
====== JS ERROR CAUGHT ======
Unhandled Promise: TypeError: Failed to fetch
=============================
====== JS ERROR CAUGHT ======
Unhandled Promise: TypeError: Failed to fetch
=============================
====== JS ERROR CAUGHT ======
Unhandled Promise: TypeError: Failed to fetch
=============================
====== JS ERROR CAUGHT ======
Unhandled Promise: TypeError: Failed to fetch
=============================
====== JS ERROR CAUGHT ======
Unhandled Promise: TypeError: Failed to fetch
=============================
====== JS ERROR CAUGHT ======
Unhandled Promise: TypeError: Failed to fetch
=============================
====== JS ERROR CAUGHT ======
Unhandled Promise: TypeError: Failed to fetch
=============================
====== JS ERROR CAUGHT ======
Unhandled Promise: TypeError: Failed to fetch
=============================
====== JS ERROR CAUGHT ======
Unhandled Promise: TypeError: Failed to fetch
=============================
====== JS ERROR CAUGHT ======
Unhandled Promise: TypeError: Failed to fetch
=============================
====== JS ERROR CAUGHT ======
Unhandled Promise: TypeError: Failed to fetch
=============================
====== JS ERROR CAUGHT ======
Unhandled Promise: TypeError: Failed to fetch
=============================
====== JS ERROR CAUGHT ======
Unhandled Promise: TypeError: Failed to fetch
=============================
====== JS ERROR CAUGHT ======
Unhandled Promise: TypeError: Failed to fetch
=============================
====== JS ERROR CAUGHT ======
Unhandled Promise: TypeError: Failed to fetch
=============================
====== JS ERROR CAUGHT ======
Unhandled Promise: TypeError: Failed to fetch
=============================
====== JS ERROR CAUGHT ======
Unhandled Promise: TypeError: Failed to fetch
=============================
====== JS ERROR CAUGHT ======
Unhandled Promise: TypeError: Failed to fetch
=============================
====== JS ERROR CAUGHT ======
Unhandled Promise: TypeError: Failed to fetch
=============================
====== JS ERROR CAUGHT ======
Unhandled Promise: TypeError: Failed to fetch
=============================
====== JS ERROR CAUGHT ======
Unhandled Promise: TypeError: Failed to fetch
=============================
====== JS ERROR CAUGHT ======
Unhandled Promise: TypeError: Failed to fetch
=============================
====== JS ERROR CAUGHT ======
Unhandled Promise: TypeError: Failed to fetch
=============================
====== JS ERROR CAUGHT ======
Unhandled Promise: TypeError: Failed to fetch
=============================
====== JS ERROR CAUGHT ======
Unhandled Promise: TypeError: Failed to fetch
=============================
====== JS ERROR CAUGHT ======
Unhandled Promise: TypeError: Failed to fetch
=============================
====== JS ERROR CAUGHT ======
Unhandled Promise: TypeError: Failed to fetch
=============================
====== JS ERROR CAUGHT ======
Unhandled Promise: TypeError: Failed to fetch
=============================
====== JS ERROR CAUGHT ======
Unhandled Promise: TypeError: Failed to fetch
=============================
====== JS ERROR CAUGHT ======
Unhandled Promise: TypeError: Failed to fetch
=============================
====== JS ERROR CAUGHT ======
Unhandled Promise: TypeError: Failed to fetch
=============================
====== JS ERROR CAUGHT ======
Unhandled Promise: TypeError: Failed to fetch
=============================
====== JS ERROR CAUGHT ======
Unhandled Promise: TypeError: Failed to fetch
=============================
====== JS ERROR CAUGHT ======
Unhandled Promise: TypeError: Failed to fetch
=============================
====== JS ERROR CAUGHT ======
Unhandled Promise: TypeError: Failed to fetch
=============================
====== JS ERROR CAUGHT ======
Unhandled Promise: TypeError: Failed to fetch
=============================
====== JS ERROR CAUGHT ======
Unhandled Promise: TypeError: Failed to fetch
=============================
====== JS ERROR CAUGHT ======
Unhandled Promise: TypeError: Failed to fetch
=============================
====== JS ERROR CAUGHT ======
Unhandled Promise: TypeError: Failed to fetch
=============================
====== JS ERROR CAUGHT ======
Unhandled Promise: TypeError: Failed to fetch
=============================
====== JS ERROR CAUGHT ======
Unhandled Promise: TypeError: Failed to fetch
=============================
====== JS ERROR CAUGHT ======
Unhandled Promise: TypeError: Failed to fetch
=============================
====== JS ERROR CAUGHT ======
Unhandled Promise: TypeError: Failed to fetch
=============================
====== JS ERROR CAUGHT ======
Unhandled Promise: TypeError: Failed to fetch
=============================
====== JS ERROR CAUGHT ======
Unhandled Promise: TypeError: Failed to fetch
=============================
====== JS ERROR CAUGHT ======
Unhandled Promise: TypeError: Failed to fetch
=============================
====== JS ERROR CAUGHT ======
Unhandled Promise: TypeError: Failed to fetch
=============================
====== JS ERROR CAUGHT ======
Unhandled Promise: TypeError: Failed to fetch
=============================
====== JS ERROR CAUGHT ======
Unhandled Promise: TypeError: Failed to fetch
=============================
====== JS ERROR CAUGHT ======
Unhandled Promise: TypeError: Failed to fetch
=============================
====== JS ERROR CAUGHT ======
Unhandled Promise: TypeError: Failed to fetch
=============================
====== JS ERROR CAUGHT ======
Unhandled Promise: TypeError: Failed to fetch
=============================
====== JS ERROR CAUGHT ======
Unhandled Promise: TypeError: Failed to fetch
=============================
====== JS ERROR CAUGHT ======
Unhandled Promise: TypeError: Failed to fetch
=============================
====== JS ERROR CAUGHT ======
Unhandled Promise: TypeError: Failed to fetch
=============================
====== JS ERROR CAUGHT ======
Unhandled Promise: TypeError: Failed to fetch
=============================
====== JS ERROR CAUGHT ======
Unhandled Promise: TypeError: Failed to fetch
=============================
====== JS ERROR CAUGHT ======
Unhandled Promise: TypeError: Failed to fetch
=============================
====== JS ERROR CAUGHT ======
Unhandled Promise: TypeError: Failed to fetch
=============================
====== JS ERROR CAUGHT ======
Unhandled Promise: TypeError: Failed to fetch
=============================
====== JS ERROR CAUGHT ======
Unhandled Promise: TypeError: Failed to fetch
=============================
====== JS ERROR CAUGHT ======
Unhandled Promise: TypeError: Failed to fetch
=============================
====== JS ERROR CAUGHT ======
Unhandled Promise: TypeError: Failed to fetch
=============================
====== JS ERROR CAUGHT ======
Unhandled Promise: TypeError: Failed to fetch
=============================
====== JS ERROR CAUGHT ======
Unhandled Promise: TypeError: Failed to fetch
=============================
====== JS ERROR CAUGHT ======
Unhandled Promise: TypeError: Failed to fetch
=============================
====== JS ERROR CAUGHT ======
Unhandled Promise: TypeError: Failed to fetch
=============================
====== JS ERROR CAUGHT ======
Unhandled Promise: TypeError: Failed to fetch
=============================
====== JS ERROR CAUGHT ======
Unhandled Promise: TypeError: Failed to fetch
=============================
====== JS ERROR CAUGHT ======
Unhandled Promise: TypeError: Failed to fetch
=============================
====== JS ERROR CAUGHT ======
Unhandled Promise: TypeError: Failed to fetch
=============================
====== JS ERROR CAUGHT ======
Unhandled Promise: TypeError: Failed to fetch
=============================
====== JS ERROR CAUGHT ======
Unhandled Promise: TypeError: Failed to fetch
=============================
====== JS ERROR CAUGHT ======
Unhandled Promise: TypeError: Failed to fetch
=============================
====== JS ERROR CAUGHT ======
Unhandled Promise: TypeError: Failed to fetch
=============================
====== JS ERROR CAUGHT ======
Unhandled Promise: TypeError: Failed to fetch
=============================
====== JS ERROR CAUGHT ======
Unhandled Promise: TypeError: Failed to fetch
=============================
====== JS ERROR CAUGHT ======
Unhandled Promise: TypeError: Failed to fetch
=============================
====== JS ERROR CAUGHT ======
Unhandled Promise: TypeError: Failed to fetch
=============================
====== JS ERROR CAUGHT ======
Unhandled Promise: TypeError: Failed to fetch
=============================
====== JS ERROR CAUGHT ======
Unhandled Promise: TypeError: Failed to fetch
=============================
====== JS ERROR CAUGHT ======
Unhandled Promise: TypeError: Failed to fetch
=============================
====== JS ERROR CAUGHT ======
Unhandled Promise: TypeError: Failed to fetch
=============================
====== JS ERROR CAUGHT ======
Unhandled Promise: TypeError: Failed to fetch
=============================
====== JS ERROR CAUGHT ======
Unhandled Promise: TypeError: Failed to fetch
=============================
====== JS ERROR CAUGHT ======
Unhandled Promise: TypeError: Failed to fetch
=============================
====== JS ERROR CAUGHT ======
Unhandled Promise: TypeError: Failed to fetch
=============================
====== JS ERROR CAUGHT ======
Unhandled Promise: TypeError: Failed to fetch
=============================
====== JS ERROR CAUGHT ======
Unhandled Promise: TypeError: Failed to fetch
=============================
====== JS ERROR CAUGHT ======
Unhandled Promise: TypeError: Failed to fetch
=============================
====== JS ERROR CAUGHT ======
Unhandled Promise: TypeError: Failed to fetch
=============================
====== JS ERROR CAUGHT ======
Unhandled Promise: TypeError: Failed to fetch
=============================
====== JS ERROR CAUGHT ======
Unhandled Promise: TypeError: Failed to fetch
=============================
====== JS ERROR CAUGHT ======
Unhandled Promise: TypeError: Failed to fetch
=============================
====== JS ERROR CAUGHT ======
Unhandled Promise: TypeError: Failed to fetch
=============================
====== JS ERROR CAUGHT ======
Unhandled Promise: TypeError: Failed to fetch
=============================
====== JS ERROR CAUGHT ======
Unhandled Promise: TypeError: Failed to fetch
=============================
====== JS ERROR CAUGHT ======
Unhandled Promise: TypeError: Failed to fetch
=============================
====== JS ERROR CAUGHT ======
Unhandled Promise: TypeError: Failed to fetch
=============================
====== JS ERROR CAUGHT ======
Unhandled Promise: TypeError: Failed to fetch
=============================
====== JS ERROR CAUGHT ======
Unhandled Promise: TypeError: Failed to fetch
=============================
====== JS ERROR CAUGHT ======
Unhandled Promise: TypeError: Failed to fetch
=============================
====== JS ERROR CAUGHT ======
Unhandled Promise: TypeError: Failed to fetch
=============================
====== JS ERROR CAUGHT ======
Unhandled Promise: TypeError: Failed to fetch
=============================
====== JS ERROR CAUGHT ======
Unhandled Promise: TypeError: Failed to fetch
=============================
====== JS ERROR CAUGHT ======
Unhandled Promise: TypeError: Failed to fetch
=============================
====== JS ERROR CAUGHT ======
Unhandled Promise: TypeError: Failed to fetch
=============================
====== JS ERROR CAUGHT ======
Unhandled Promise: TypeError: Failed to fetch
=============================
====== JS ERROR CAUGHT ======
Unhandled Promise: TypeError: Failed to fetch
=============================
====== JS ERROR CAUGHT ======
Unhandled Promise: TypeError: Failed to fetch
=============================
====== JS ERROR CAUGHT ======
Unhandled Promise: TypeError: Failed to fetch
=============================
====== JS ERROR CAUGHT ======
Unhandled Promise: TypeError: Failed to fetch
=============================
====== JS ERROR CAUGHT ======
Unhandled Promise: TypeError: Failed to fetch
=============================
====== JS ERROR CAUGHT ======
Unhandled Promise: TypeError: Failed to fetch
=============================
====== JS ERROR CAUGHT ======
Unhandled Promise: TypeError: Failed to fetch
=============================
====== JS ERROR CAUGHT ======
Unhandled Promise: TypeError: Failed to fetch
=============================
====== JS ERROR CAUGHT ======
Unhandled Promise: TypeError: Failed to fetch
=============================
====== JS ERROR CAUGHT ======
Unhandled Promise: TypeError: Failed to fetch
=============================
====== JS ERROR CAUGHT ======
Unhandled Promise: TypeError: Failed to fetch
=============================
====== JS ERROR CAUGHT ======
Unhandled Promise: TypeError: Failed to fetch
=============================
====== JS ERROR CAUGHT ======
Unhandled Promise: TypeError: Failed to fetch
=============================
====== JS ERROR CAUGHT ======
Unhandled Promise: TypeError: Failed to fetch
=============================
====== JS ERROR CAUGHT ======
Unhandled Promise: TypeError: Failed to fetch
=============================
====== JS ERROR CAUGHT ======
Unhandled Promise: TypeError: Failed to fetch
=============================
====== JS ERROR CAUGHT ======
Unhandled Promise: TypeError: Failed to fetch
=============================
====== JS ERROR CAUGHT ======
Unhandled Promise: TypeError: Failed to fetch
=============================
====== JS ERROR CAUGHT ======
Unhandled Promise: TypeError: Failed to fetch
=============================
====== JS ERROR CAUGHT ======
Unhandled Promise: TypeError: Failed to fetch
=============================
====== JS ERROR CAUGHT ======
Unhandled Promise: TypeError: Failed to fetch
=============================
====== JS ERROR CAUGHT ======
Unhandled Promise: TypeError: Failed to fetch
=============================
====== JS ERROR CAUGHT ======
Unhandled Promise: TypeError: Failed to fetch
=============================
====== JS ERROR CAUGHT ======
Unhandled Promise: TypeError: Failed to fetch
=============================
====== JS ERROR CAUGHT ======
Unhandled Promise: TypeError: Failed to fetch
=============================
====== JS ERROR CAUGHT ======
Unhandled Promise: TypeError: Failed to fetch
=============================
====== JS ERROR CAUGHT ======
Unhandled Promise: TypeError: Failed to fetch
=============================
====== JS ERROR CAUGHT ======
Unhandled Promise: TypeError: Failed to fetch
=============================
====== JS ERROR CAUGHT ======
Unhandled Promise: TypeError: Failed to fetch
=============================
====== JS ERROR CAUGHT ======
Unhandled Promise: TypeError: Failed to fetch
=============================
====== JS ERROR CAUGHT ======
Unhandled Promise: TypeError: Failed to fetch
=============================
====== JS ERROR CAUGHT ======
Unhandled Promise: TypeError: Failed to fetch
=============================
====== JS ERROR CAUGHT ======
Unhandled Promise: TypeError: Failed to fetch
=============================
====== JS ERROR CAUGHT ======
Unhandled Promise: TypeError: Failed to fetch
=============================
====== JS ERROR CAUGHT ======
Unhandled Promise: TypeError: Failed to fetch
=============================
====== JS ERROR CAUGHT ======
Unhandled Promise: TypeError: Failed to fetch
=============================
====== JS ERROR CAUGHT ======
Unhandled Promise: TypeError: Failed to fetch
=============================
====== JS ERROR CAUGHT ======
Unhandled Promise: TypeError: Failed to fetch
=============================
====== JS ERROR CAUGHT ======
Unhandled Promise: TypeError: Failed to fetch
=============================
====== JS ERROR CAUGHT ======
Unhandled Promise: TypeError: Failed to fetch
=============================
====== JS ERROR CAUGHT ======
Unhandled Promise: TypeError: Failed to fetch
=============================
====== JS ERROR CAUGHT ======
Unhandled Promise: TypeError: Failed to fetch
=============================
====== JS ERROR CAUGHT ======
Unhandled Promise: TypeError: Failed to fetch
=============================
====== JS ERROR CAUGHT ======
Unhandled Promise: TypeError: Failed to fetch
=============================
====== JS ERROR CAUGHT ======
Unhandled Promise: TypeError: Failed to fetch
=============================
====== JS ERROR CAUGHT ======
Unhandled Promise: TypeError: Failed to fetch
=============================
====== JS ERROR CAUGHT ======
Unhandled Promise: TypeError: Failed to fetch
=============================
====== JS ERROR CAUGHT ======
Unhandled Promise: TypeError: Failed to fetch
=============================
====== JS ERROR CAUGHT ======
Unhandled Promise: TypeError: Failed to fetch
=============================
====== JS ERROR CAUGHT ======
Unhandled Promise: TypeError: Failed to fetch
=============================
====== JS ERROR CAUGHT ======
Unhandled Promise: TypeError: Failed to fetch
=============================
====== JS ERROR CAUGHT ======
Unhandled Promise: TypeError: Failed to fetch
=============================
====== JS ERROR CAUGHT ======
Unhandled Promise: TypeError: Failed to fetch
=============================
====== JS ERROR CAUGHT ======
Unhandled Promise: TypeError: Failed to fetch
=============================
====== JS ERROR CAUGHT ======
Unhandled Promise: TypeError: Failed to fetch
=============================
====== JS ERROR CAUGHT ======
Unhandled Promise: TypeError: Failed to fetch
=============================
====== JS ERROR CAUGHT ======
Unhandled Promise: TypeError: Failed to fetch
=============================
====== JS ERROR CAUGHT ======
Unhandled Promise: TypeError: Failed to fetch
=============================
====== JS ERROR CAUGHT ======
Unhandled Promise: TypeError: Failed to fetch
=============================
====== JS ERROR CAUGHT ======
Unhandled Promise: TypeError: Failed to fetch
=============================
====== JS ERROR CAUGHT ======
Unhandled Promise: TypeError: Failed to fetch
=============================
====== JS ERROR CAUGHT ======
Unhandled Promise: TypeError: Failed to fetch
=============================
====== JS ERROR CAUGHT ======
Unhandled Promise: TypeError: Failed to fetch
=============================
====== JS ERROR CAUGHT ======
Unhandled Promise: TypeError: Failed to fetch
=============================
====== JS ERROR CAUGHT ======
Unhandled Promise: TypeError: Failed to fetch
=============================
====== JS ERROR CAUGHT ======
Unhandled Promise: TypeError: Failed to fetch
=============================
====== JS ERROR CAUGHT ======
Unhandled Promise: TypeError: Failed to fetch
=============================
====== JS ERROR CAUGHT ======
Unhandled Promise: TypeError: Failed to fetch
=============================
====== JS ERROR CAUGHT ======
Unhandled Promise: TypeError: Failed to fetch
=============================
====== JS ERROR CAUGHT ======
Unhandled Promise: TypeError: Failed to fetch
=============================
====== JS ERROR CAUGHT ======
Unhandled Promise: TypeError: Failed to fetch
=============================
====== JS ERROR CAUGHT ======
Unhandled Promise: TypeError: Failed to fetch
=============================
====== JS ERROR CAUGHT ======
Unhandled Promise: TypeError: Failed to fetch
=============================
====== JS ERROR CAUGHT ======
Unhandled Promise: TypeError: Failed to fetch
=============================
====== JS ERROR CAUGHT ======
Unhandled Promise: TypeError: Failed to fetch
=============================
====== JS ERROR CAUGHT ======
Unhandled Promise: TypeError: Failed to fetch
=============================
====== JS ERROR CAUGHT ======
Unhandled Promise: TypeError: Failed to fetch
=============================
====== JS ERROR CAUGHT ======
Unhandled Promise: TypeError: Failed to fetch
=============================
====== JS ERROR CAUGHT ======
Unhandled Promise: TypeError: Failed to fetch
=============================
====== JS ERROR CAUGHT ======
Unhandled Promise: TypeError: Failed to fetch
=============================
====== JS ERROR CAUGHT ======
Unhandled Promise: TypeError: Failed to fetch
=============================
====== JS ERROR CAUGHT ======
Unhandled Promise: TypeError: Failed to fetch
=============================
====== JS ERROR CAUGHT ======
Unhandled Promise: TypeError: Failed to fetch
=============================
====== JS ERROR CAUGHT ======
Unhandled Promise: TypeError: Failed to fetch
=============================
====== JS ERROR CAUGHT ======
Unhandled Promise: TypeError: Failed to fetch
=============================
====== JS ERROR CAUGHT ======
Unhandled Promise: TypeError: Failed to fetch
=============================
====== JS ERROR CAUGHT ======
Unhandled Promise: TypeError: Failed to fetch
=============================
====== JS ERROR CAUGHT ======
Unhandled Promise: TypeError: Failed to fetch
=============================
====== JS ERROR CAUGHT ======
Unhandled Promise: TypeError: Failed to fetch
=============================
====== JS ERROR CAUGHT ======
Unhandled Promise: TypeError: Failed to fetch
=============================
====== JS ERROR CAUGHT ======
Unhandled Promise: TypeError: Failed to fetch
=============================
====== JS ERROR CAUGHT ======
Unhandled Promise: TypeError: Failed to fetch
=============================
====== JS ERROR CAUGHT ======
Unhandled Promise: TypeError: Failed to fetch
=============================
====== JS ERROR CAUGHT ======
Unhandled Promise: TypeError: Failed to fetch
=============================
====== JS ERROR CAUGHT ======
Unhandled Promise: TypeError: Failed to fetch
=============================
====== JS ERROR CAUGHT ======
Unhandled Promise: TypeError: Failed to fetch
=============================
====== JS ERROR CAUGHT ======
Unhandled Promise: TypeError: Failed to fetch
=============================
====== JS ERROR CAUGHT ======
Unhandled Promise: TypeError: Failed to fetch
=============================
====== JS ERROR CAUGHT ======
Unhandled Promise: TypeError: Failed to fetch
=============================
====== JS ERROR CAUGHT ======
Unhandled Promise: TypeError: Failed to fetch
=============================
====== JS ERROR CAUGHT ======
Unhandled Promise: TypeError: Failed to fetch
=============================
====== JS ERROR CAUGHT ======
Unhandled Promise: TypeError: Failed to fetch
=============================
====== JS ERROR CAUGHT ======
Unhandled Promise: TypeError: Failed to fetch
=============================
====== JS ERROR CAUGHT ======
Unhandled Promise: TypeError: Failed to fetch
=============================
====== JS ERROR CAUGHT ======
Unhandled Promise: TypeError: Failed to fetch
=============================
====== JS ERROR CAUGHT ======
Unhandled Promise: TypeError: Failed to fetch
=============================
====== JS ERROR CAUGHT ======
Unhandled Promise: TypeError: Failed to fetch
=============================
====== JS ERROR CAUGHT ======
Unhandled Promise: TypeError: Failed to fetch
=============================
====== JS ERROR CAUGHT ======
Unhandled Promise: TypeError: Failed to fetch
=============================
====== JS ERROR CAUGHT ======
Unhandled Promise: TypeError: Failed to fetch
=============================
====== JS ERROR CAUGHT ======
Unhandled Promise: TypeError: Failed to fetch
=============================
====== JS ERROR CAUGHT ======
Unhandled Promise: TypeError: Failed to fetch
=============================
====== JS ERROR CAUGHT ======
Unhandled Promise: TypeError: Failed to fetch
=============================
====== JS ERROR CAUGHT ======
Unhandled Promise: TypeError: Failed to fetch
=============================
====== JS ERROR CAUGHT ======
Unhandled Promise: TypeError: Failed to fetch
=============================
====== JS ERROR CAUGHT ======
Unhandled Promise: TypeError: Failed to fetch
=============================
====== JS ERROR CAUGHT ======
Unhandled Promise: TypeError: Failed to fetch
=============================
====== JS ERROR CAUGHT ======
Unhandled Promise: TypeError: Failed to fetch
=============================
====== JS ERROR CAUGHT ======
Unhandled Promise: TypeError: Failed to fetch
=============================
====== JS ERROR CAUGHT ======
Unhandled Promise: TypeError: Failed to fetch
=============================
====== JS ERROR CAUGHT ======
Unhandled Promise: TypeError: Failed to fetch
=============================
====== JS ERROR CAUGHT ======
Unhandled Promise: TypeError: Failed to fetch
=============================
====== JS ERROR CAUGHT ======
Unhandled Promise: TypeError: Failed to fetch
=============================
====== JS ERROR CAUGHT ======
Unhandled Promise: TypeError: Failed to fetch
=============================
====== JS ERROR CAUGHT ======
Unhandled Promise: TypeError: Failed to fetch
=============================
====== JS ERROR CAUGHT ======
Unhandled Promise: TypeError: Failed to fetch
=============================
====== JS ERROR CAUGHT ======
Unhandled Promise: TypeError: Failed to fetch
=============================
====== JS ERROR CAUGHT ======
Unhandled Promise: TypeError: Failed to fetch
=============================
====== JS ERROR CAUGHT ======
Unhandled Promise: TypeError: Failed to fetch
=============================
====== JS ERROR CAUGHT ======
Unhandled Promise: TypeError: Failed to fetch
=============================
====== JS ERROR CAUGHT ======
Unhandled Promise: TypeError: Failed to fetch
=============================
====== JS ERROR CAUGHT ======
Unhandled Promise: TypeError: Failed to fetch
=============================
====== JS ERROR CAUGHT ======
Unhandled Promise: TypeError: Failed to fetch
=============================
====== JS ERROR CAUGHT ======
Unhandled Promise: TypeError: Failed to fetch
=============================
====== JS ERROR CAUGHT ======
Unhandled Promise: TypeError: Failed to fetch
=============================
====== JS ERROR CAUGHT ======
Unhandled Promise: TypeError: Failed to fetch
=============================
====== JS ERROR CAUGHT ======
Unhandled Promise: TypeError: Failed to fetch
=============================
====== JS ERROR CAUGHT ======
Unhandled Promise: TypeError: Failed to fetch
=============================
====== JS ERROR CAUGHT ======
Unhandled Promise: TypeError: Failed to fetch
=============================
====== JS ERROR CAUGHT ======
Unhandled Promise: TypeError: Failed to fetch
=============================
====== JS ERROR CAUGHT ======
Unhandled Promise: TypeError: Failed to fetch
=============================
====== JS ERROR CAUGHT ======
Unhandled Promise: TypeError: Failed to fetch
=============================
====== JS ERROR CAUGHT ======
Unhandled Promise: TypeError: Failed to fetch
=============================
====== JS ERROR CAUGHT ======
Unhandled Promise: TypeError: Failed to fetch
=============================
====== JS ERROR CAUGHT ======
Unhandled Promise: TypeError: Failed to fetch
=============================
====== JS ERROR CAUGHT ======
Unhandled Promise: TypeError: Failed to fetch
=============================
====== JS ERROR CAUGHT ======
Unhandled Promise: TypeError: Failed to fetch
=============================
====== JS ERROR CAUGHT ======
Unhandled Promise: TypeError: Failed to fetch
=============================
====== JS ERROR CAUGHT ======
Unhandled Promise: TypeError: Failed to fetch
=============================
====== JS ERROR CAUGHT ======
Unhandled Promise: TypeError: Failed to fetch
=============================
====== JS ERROR CAUGHT ======
Unhandled Promise: TypeError: Failed to fetch
=============================
====== JS ERROR CAUGHT ======
Unhandled Promise: TypeError: Failed to fetch
=============================
====== JS ERROR CAUGHT ======
Unhandled Promise: TypeError: Failed to fetch
=============================
====== JS ERROR CAUGHT ======
Unhandled Promise: TypeError: Failed to fetch
=============================
====== JS ERROR CAUGHT ======
Unhandled Promise: TypeError: Failed to fetch
=============================
====== JS ERROR CAUGHT ======
Unhandled Promise: TypeError: Failed to fetch
=============================
====== JS ERROR CAUGHT ======
Unhandled Promise: TypeError: Failed to fetch
=============================
====== JS ERROR CAUGHT ======
Unhandled Promise: TypeError: Failed to fetch
=============================
====== JS ERROR CAUGHT ======
Unhandled Promise: TypeError: Failed to fetch
=============================
====== JS ERROR CAUGHT ======
Unhandled Promise: TypeError: Failed to fetch
=============================
====== JS ERROR CAUGHT ======
Unhandled Promise: TypeError: Failed to fetch
=============================
====== JS ERROR CAUGHT ======
Unhandled Promise: TypeError: Failed to fetch
=============================
====== JS ERROR CAUGHT ======
Unhandled Promise: TypeError: Failed to fetch
=============================
====== JS ERROR CAUGHT ======
Unhandled Promise: TypeError: Failed to fetch
=============================
====== JS ERROR CAUGHT ======
Unhandled Promise: TypeError: Failed to fetch
=============================
====== JS ERROR CAUGHT ======
Unhandled Promise: TypeError: Failed to fetch
=============================
====== JS ERROR CAUGHT ======
Unhandled Promise: TypeError: Failed to fetch
=============================
====== JS ERROR CAUGHT ======
Unhandled Promise: TypeError: Failed to fetch
=============================
====== JS ERROR CAUGHT ======
Unhandled Promise: TypeError: Failed to fetch
=============================
====== JS ERROR CAUGHT ======
Unhandled Promise: TypeError: Failed to fetch
=============================
====== JS ERROR CAUGHT ======
Unhandled Promise: TypeError: Failed to fetch
=============================
====== JS ERROR CAUGHT ======
Unhandled Promise: TypeError: Failed to fetch
=============================
====== JS ERROR CAUGHT ======
Unhandled Promise: TypeError: Failed to fetch
=============================
====== JS ERROR CAUGHT ======
Unhandled Promise: TypeError: Failed to fetch
=============================
====== JS ERROR CAUGHT ======
Unhandled Promise: TypeError: Failed to fetch
=============================
====== JS ERROR CAUGHT ======
Unhandled Promise: TypeError: Failed to fetch
=============================
====== JS ERROR CAUGHT ======
Unhandled Promise: TypeError: Failed to fetch
=============================
====== JS ERROR CAUGHT ======
Unhandled Promise: TypeError: Failed to fetch
=============================
====== JS ERROR CAUGHT ======
Unhandled Promise: TypeError: Failed to fetch
=============================
====== JS ERROR CAUGHT ======
Unhandled Promise: TypeError: Failed to fetch
=============================
====== JS ERROR CAUGHT ======
Unhandled Promise: TypeError: Failed to fetch
=============================
====== JS ERROR CAUGHT ======
Unhandled Promise: TypeError: Failed to fetch
=============================
====== JS ERROR CAUGHT ======
Unhandled Promise: TypeError: Failed to fetch
=============================
====== JS ERROR CAUGHT ======
Unhandled Promise: TypeError: Failed to fetch
=============================
====== JS ERROR CAUGHT ======
Unhandled Promise: TypeError: Failed to fetch
=============================
====== JS ERROR CAUGHT ======
Unhandled Promise: TypeError: Failed to fetch
=============================
====== JS ERROR CAUGHT ======
Unhandled Promise: TypeError: Failed to fetch
=============================
====== JS ERROR CAUGHT ======
Unhandled Promise: TypeError: Failed to fetch
=============================
====== JS ERROR CAUGHT ======
Unhandled Promise: TypeError: Failed to fetch
=============================
====== JS ERROR CAUGHT ======
Unhandled Promise: TypeError: Failed to fetch
=============================
====== JS ERROR CAUGHT ======
Unhandled Promise: TypeError: Failed to fetch
=============================
====== JS ERROR CAUGHT ======
Unhandled Promise: TypeError: Failed to fetch
=============================
====== JS ERROR CAUGHT ======
Unhandled Promise: TypeError: Failed to fetch
=============================
====== JS ERROR CAUGHT ======
Unhandled Promise: TypeError: Failed to fetch
=============================
====== JS ERROR CAUGHT ======
Unhandled Promise: TypeError: Failed to fetch
=============================
====== JS ERROR CAUGHT ======
Unhandled Promise: TypeError: Failed to fetch
=============================
====== JS ERROR CAUGHT ======
Unhandled Promise: TypeError: Failed to fetch
=============================
====== JS ERROR CAUGHT ======
Unhandled Promise: TypeError: Failed to fetch
=============================
====== JS ERROR CAUGHT ======
Unhandled Promise: TypeError: Failed to fetch
=============================
====== JS ERROR CAUGHT ======
Unhandled Promise: TypeError: Failed to fetch
=============================
====== JS ERROR CAUGHT ======
Unhandled Promise: TypeError: Failed to fetch
=============================
====== JS ERROR CAUGHT ======
Unhandled Promise: TypeError: Failed to fetch
=============================
====== JS ERROR CAUGHT ======
Unhandled Promise: TypeError: Failed to fetch
=============================
====== JS ERROR CAUGHT ======
Unhandled Promise: TypeError: Failed to fetch
=============================
====== JS ERROR CAUGHT ======
Unhandled Promise: TypeError: Failed to fetch
=============================
====== JS ERROR CAUGHT ======
Unhandled Promise: TypeError: Failed to fetch
=============================
====== JS ERROR CAUGHT ======
Unhandled Promise: TypeError: Failed to fetch
=============================
====== JS ERROR CAUGHT ======
Unhandled Promise: TypeError: Failed to fetch
=============================
====== JS ERROR CAUGHT ======
Unhandled Promise: TypeError: Failed to fetch
=============================
====== JS ERROR CAUGHT ======
Unhandled Promise: TypeError: Failed to fetch
=============================
====== JS ERROR CAUGHT ======
Unhandled Promise: TypeError: Failed to fetch
=============================
====== JS ERROR CAUGHT ======
Unhandled Promise: TypeError: Failed to fetch
=============================
====== JS ERROR CAUGHT ======
Unhandled Promise: TypeError: Failed to fetch
=============================
====== JS ERROR CAUGHT ======
Unhandled Promise: TypeError: Failed to fetch
=============================
====== JS ERROR CAUGHT ======
Unhandled Promise: TypeError: Failed to fetch
=============================
====== JS ERROR CAUGHT ======
Unhandled Promise: TypeError: Failed to fetch
=============================
====== JS ERROR CAUGHT ======
Unhandled Promise: TypeError: Failed to fetch
=============================
====== JS ERROR CAUGHT ======
Unhandled Promise: TypeError: Failed to fetch
=============================
====== JS ERROR CAUGHT ======
Unhandled Promise: TypeError: Failed to fetch
=============================
====== JS ERROR CAUGHT ======
Unhandled Promise: TypeError: Failed to fetch
=============================
====== JS ERROR CAUGHT ======
Unhandled Promise: TypeError: Failed to fetch
=============================
====== JS ERROR CAUGHT ======
Unhandled Promise: TypeError: Failed to fetch
=============================
====== JS ERROR CAUGHT ======
Unhandled Promise: TypeError: Failed to fetch
=============================
====== JS ERROR CAUGHT ======
Unhandled Promise: TypeError: Failed to fetch
=============================
====== JS ERROR CAUGHT ======
Unhandled Promise: TypeError: Failed to fetch
=============================
====== JS ERROR CAUGHT ======
Unhandled Promise: TypeError: Failed to fetch
=============================
====== JS ERROR CAUGHT ======
Unhandled Promise: TypeError: Failed to fetch
=============================
====== JS ERROR CAUGHT ======
Unhandled Promise: TypeError: Failed to fetch
=============================
====== JS ERROR CAUGHT ======
Unhandled Promise: TypeError: Failed to fetch
=============================
====== JS ERROR CAUGHT ======
Unhandled Promise: TypeError: Failed to fetch
=============================
====== JS ERROR CAUGHT ======
Unhandled Promise: TypeError: Failed to fetch
=============================
====== JS ERROR CAUGHT ======
Unhandled Promise: TypeError: Failed to fetch
=============================
====== JS ERROR CAUGHT ======
Unhandled Promise: TypeError: Failed to fetch
=============================
====== JS ERROR CAUGHT ======
Unhandled Promise: TypeError: Failed to fetch
=============================
====== JS ERROR CAUGHT ======
Unhandled Promise: TypeError: Failed to fetch
=============================
====== JS ERROR CAUGHT ======
Unhandled Promise: TypeError: Failed to fetch
=============================
====== JS ERROR CAUGHT ======
Unhandled Promise: TypeError: Failed to fetch
=============================
====== JS ERROR CAUGHT ======
Unhandled Promise: TypeError: Failed to fetch
=============================
====== JS ERROR CAUGHT ======
Unhandled Promise: TypeError: Failed to fetch
=============================
====== JS ERROR CAUGHT ======
Unhandled Promise: TypeError: Failed to fetch
=============================
====== JS ERROR CAUGHT ======
Unhandled Promise: TypeError: Failed to fetch
=============================
====== JS ERROR CAUGHT ======
Unhandled Promise: TypeError: Failed to fetch
=============================
====== JS ERROR CAUGHT ======
Unhandled Promise: TypeError: Failed to fetch
=============================
====== JS ERROR CAUGHT ======
Unhandled Promise: TypeError: Failed to fetch
=============================
====== JS ERROR CAUGHT ======
Unhandled Promise: TypeError: Failed to fetch
=============================
====== JS ERROR CAUGHT ======
Unhandled Promise: TypeError: Failed to fetch
=============================
====== JS ERROR CAUGHT ======
Unhandled Promise: TypeError: Failed to fetch
=============================
====== JS ERROR CAUGHT ======
Unhandled Promise: TypeError: Failed to fetch
=============================
====== JS ERROR CAUGHT ======
Unhandled Promise: TypeError: Failed to fetch
=============================
====== JS ERROR CAUGHT ======
Unhandled Promise: TypeError: Failed to fetch
=============================
====== JS ERROR CAUGHT ======
Unhandled Promise: TypeError: Failed to fetch
=============================
====== JS ERROR CAUGHT ======
Unhandled Promise: TypeError: Failed to fetch
=============================
====== JS ERROR CAUGHT ======
Unhandled Promise: TypeError: Failed to fetch
=============================
====== JS ERROR CAUGHT ======
Unhandled Promise: TypeError: Failed to fetch
=============================
====== JS ERROR CAUGHT ======
Unhandled Promise: TypeError: Failed to fetch
=============================
====== JS ERROR CAUGHT ======
Unhandled Promise: TypeError: Failed to fetch
=============================
====== JS ERROR CAUGHT ======
Unhandled Promise: TypeError: Failed to fetch
=============================
====== JS ERROR CAUGHT ======
Unhandled Promise: TypeError: Failed to fetch
=============================
====== JS ERROR CAUGHT ======
Unhandled Promise: TypeError: Failed to fetch
=============================
====== JS ERROR CAUGHT ======
Unhandled Promise: TypeError: Failed to fetch
=============================
====== JS ERROR CAUGHT ======
Unhandled Promise: TypeError: Failed to fetch
=============================
====== JS ERROR CAUGHT ======
Unhandled Promise: TypeError: Failed to fetch
=============================
====== JS ERROR CAUGHT ======
Unhandled Promise: TypeError: Failed to fetch
=============================
====== JS ERROR CAUGHT ======
Unhandled Promise: TypeError: Failed to fetch
=============================
====== JS ERROR CAUGHT ======
Unhandled Promise: TypeError: Failed to fetch
=============================
====== JS ERROR CAUGHT ======
Unhandled Promise: TypeError: Failed to fetch
=============================
====== JS ERROR CAUGHT ======
Unhandled Promise: TypeError: Failed to fetch
=============================
====== JS ERROR CAUGHT ======
Unhandled Promise: TypeError: Failed to fetch
=============================
====== JS ERROR CAUGHT ======
Unhandled Promise: TypeError: Failed to fetch
=============================
====== JS ERROR CAUGHT ======
Unhandled Promise: TypeError: Failed to fetch
=============================
====== JS ERROR CAUGHT ======
Unhandled Promise: TypeError: Failed to fetch
=============================
====== JS ERROR CAUGHT ======
Unhandled Promise: TypeError: Failed to fetch
=============================
====== JS ERROR CAUGHT ======
Unhandled Promise: TypeError: Failed to fetch
=============================
====== JS ERROR CAUGHT ======
Unhandled Promise: TypeError: Failed to fetch
=============================
====== JS ERROR CAUGHT ======
Unhandled Promise: TypeError: Failed to fetch
=============================
====== JS ERROR CAUGHT ======
Unhandled Promise: TypeError: Failed to fetch
=============================
====== JS ERROR CAUGHT ======
Unhandled Promise: TypeError: Failed to fetch
=============================
====== JS ERROR CAUGHT ======
Unhandled Promise: TypeError: Failed to fetch
=============================
====== JS ERROR CAUGHT ======
Unhandled Promise: TypeError: Failed to fetch
=============================
====== JS ERROR CAUGHT ======
Unhandled Promise: TypeError: Failed to fetch
=============================
====== JS ERROR CAUGHT ======
Unhandled Promise: TypeError: Failed to fetch
=============================
====== JS ERROR CAUGHT ======
Unhandled Promise: TypeError: Failed to fetch
=============================
====== JS ERROR CAUGHT ======
Unhandled Promise: TypeError: Failed to fetch
=============================
====== JS ERROR CAUGHT ======
Unhandled Promise: TypeError: Failed to fetch
=============================
====== JS ERROR CAUGHT ======
Unhandled Promise: TypeError: Failed to fetch
=============================
====== JS ERROR CAUGHT ======
Unhandled Promise: TypeError: Failed to fetch
=============================
====== JS ERROR CAUGHT ======
Unhandled Promise: TypeError: Failed to fetch
=============================
====== JS ERROR CAUGHT ======
Unhandled Promise: TypeError: Failed to fetch
=============================
====== JS ERROR CAUGHT ======
Unhandled Promise: TypeError: Failed to fetch
=============================
====== JS ERROR CAUGHT ======
Unhandled Promise: TypeError: Failed to fetch
=============================
====== JS ERROR CAUGHT ======
Unhandled Promise: TypeError: Failed to fetch
=============================
====== JS ERROR CAUGHT ======
Unhandled Promise: TypeError: Failed to fetch
=============================
====== JS ERROR CAUGHT ======
Unhandled Promise: TypeError: Failed to fetch
=============================
====== JS ERROR CAUGHT ======
Unhandled Promise: TypeError: Failed to fetch
=============================
====== JS ERROR CAUGHT ======
Unhandled Promise: TypeError: Failed to fetch
=============================
====== JS ERROR CAUGHT ======
Unhandled Promise: TypeError: Failed to fetch
=============================
====== JS ERROR CAUGHT ======
Unhandled Promise: TypeError: Failed to fetch
=============================
====== JS ERROR CAUGHT ======
Unhandled Promise: TypeError: Failed to fetch
=============================
====== JS ERROR CAUGHT ======
Unhandled Promise: TypeError: Failed to fetch
=============================
====== JS ERROR CAUGHT ======
Unhandled Promise: TypeError: Failed to fetch
=============================
====== JS ERROR CAUGHT ======
Unhandled Promise: TypeError: Failed to fetch
=============================
====== JS ERROR CAUGHT ======
Unhandled Promise: TypeError: Failed to fetch
=============================
====== JS ERROR CAUGHT ======
Unhandled Promise: TypeError: Failed to fetch
=============================
====== JS ERROR CAUGHT ======
Unhandled Promise: TypeError: Failed to fetch
=============================
====== JS ERROR CAUGHT ======
Unhandled Promise: TypeError: Failed to fetch
=============================
====== JS ERROR CAUGHT ======
Unhandled Promise: TypeError: Failed to fetch
=============================
====== JS ERROR CAUGHT ======
Unhandled Promise: TypeError: Failed to fetch
=============================
====== JS ERROR CAUGHT ======
Unhandled Promise: TypeError: Failed to fetch
=============================
====== JS ERROR CAUGHT ======
Unhandled Promise: TypeError: Failed to fetch
=============================
====== JS ERROR CAUGHT ======
Unhandled Promise: TypeError: Failed to fetch
=============================
====== JS ERROR CAUGHT ======
Unhandled Promise: TypeError: Failed to fetch
=============================
====== JS ERROR CAUGHT ======
Unhandled Promise: TypeError: Failed to fetch
=============================
====== JS ERROR CAUGHT ======
Unhandled Promise: TypeError: Failed to fetch
=============================
====== JS ERROR CAUGHT ======
Unhandled Promise: TypeError: Failed to fetch
=============================
====== JS ERROR CAUGHT ======
Unhandled Promise: TypeError: Failed to fetch
=============================
====== JS ERROR CAUGHT ======
Unhandled Promise: TypeError: Failed to fetch
=============================
====== JS ERROR CAUGHT ======
Unhandled Promise: TypeError: Failed to fetch
=============================
====== JS ERROR CAUGHT ======
Unhandled Promise: TypeError: Failed to fetch
=============================
====== JS ERROR CAUGHT ======
Unhandled Promise: TypeError: Failed to fetch
=============================
====== JS ERROR CAUGHT ======
Unhandled Promise: TypeError: Failed to fetch
=============================
====== JS ERROR CAUGHT ======
Unhandled Promise: TypeError: Failed to fetch
=============================
====== JS ERROR CAUGHT ======
Unhandled Promise: TypeError: Failed to fetch
=============================
====== JS ERROR CAUGHT ======
Unhandled Promise: TypeError: Failed to fetch
=============================
====== JS ERROR CAUGHT ======
Unhandled Promise: TypeError: Failed to fetch
=============================
====== JS ERROR CAUGHT ======
Unhandled Promise: TypeError: Failed to fetch
=============================
====== JS ERROR CAUGHT ======
Unhandled Promise: TypeError: Failed to fetch
=============================
====== JS ERROR CAUGHT ======
Unhandled Promise: TypeError: Failed to fetch
=============================
====== JS ERROR CAUGHT ======
Unhandled Promise: TypeError: Failed to fetch
=============================
====== JS ERROR CAUGHT ======
Unhandled Promise: TypeError: Failed to fetch
=============================
====== JS ERROR CAUGHT ======
Unhandled Promise: TypeError: Failed to fetch
=============================
====== JS ERROR CAUGHT ======
Unhandled Promise: TypeError: Failed to fetch
=============================
====== JS ERROR CAUGHT ======
Unhandled Promise: TypeError: Failed to fetch
=============================
====== JS ERROR CAUGHT ======
Unhandled Promise: TypeError: Failed to fetch
=============================
====== JS ERROR CAUGHT ======
Unhandled Promise: TypeError: Failed to fetch
=============================
====== JS ERROR CAUGHT ======
Unhandled Promise: TypeError: Failed to fetch
=============================
====== JS ERROR CAUGHT ======
Unhandled Promise: TypeError: Failed to fetch
=============================
====== JS ERROR CAUGHT ======
Unhandled Promise: TypeError: Failed to fetch
=============================
====== JS ERROR CAUGHT ======
Unhandled Promise: TypeError: Failed to fetch
=============================
====== JS ERROR CAUGHT ======
Unhandled Promise: TypeError: Failed to fetch
=============================
====== JS ERROR CAUGHT ======
Unhandled Promise: TypeError: Failed to fetch
=============================
====== JS ERROR CAUGHT ======
Unhandled Promise: TypeError: Failed to fetch
=============================
====== JS ERROR CAUGHT ======
Unhandled Promise: TypeError: Failed to fetch
=============================
====== JS ERROR CAUGHT ======
Unhandled Promise: TypeError: Failed to fetch
=============================
====== JS ERROR CAUGHT ======
Unhandled Promise: TypeError: Failed to fetch
=============================
====== JS ERROR CAUGHT ======
Unhandled Promise: TypeError: Failed to fetch
=============================
====== JS ERROR CAUGHT ======
Unhandled Promise: TypeError: Failed to fetch
=============================
====== JS ERROR CAUGHT ======
Unhandled Promise: TypeError: Failed to fetch
=============================
====== JS ERROR CAUGHT ======
Unhandled Promise: TypeError: Failed to fetch
=============================
====== JS ERROR CAUGHT ======
Unhandled Promise: TypeError: Failed to fetch
=============================
====== JS ERROR CAUGHT ======
Unhandled Promise: TypeError: Failed to fetch
=============================
====== JS ERROR CAUGHT ======
Unhandled Promise: TypeError: Failed to fetch
=============================
====== JS ERROR CAUGHT ======
Unhandled Promise: TypeError: Failed to fetch
=============================
====== JS ERROR CAUGHT ======
Unhandled Promise: TypeError: Failed to fetch
=============================
====== JS ERROR CAUGHT ======
Unhandled Promise: TypeError: Failed to fetch
=============================
====== JS ERROR CAUGHT ======
Unhandled Promise: TypeError: Failed to fetch
=============================
====== JS ERROR CAUGHT ======
Unhandled Promise: TypeError: Failed to fetch
=============================
====== JS ERROR CAUGHT ======
Unhandled Promise: TypeError: Failed to fetch
=============================
====== JS ERROR CAUGHT ======
Unhandled Promise: TypeError: Failed to fetch
=============================
====== JS ERROR CAUGHT ======
Unhandled Promise: TypeError: Failed to fetch
=============================
====== JS ERROR CAUGHT ======
Unhandled Promise: TypeError: Failed to fetch
=============================
====== JS ERROR CAUGHT ======
Unhandled Promise: TypeError: Failed to fetch
=============================
====== JS ERROR CAUGHT ======
Unhandled Promise: TypeError: Failed to fetch
=============================
====== JS ERROR CAUGHT ======
Unhandled Promise: TypeError: Failed to fetch
=============================
====== JS ERROR CAUGHT ======
Unhandled Promise: TypeError: Failed to fetch
=============================
====== JS ERROR CAUGHT ======
Unhandled Promise: TypeError: Failed to fetch
=============================
====== JS ERROR CAUGHT ======
Unhandled Promise: TypeError: Failed to fetch
=============================
====== JS ERROR CAUGHT ======
Unhandled Promise: TypeError: Failed to fetch
=============================
====== JS ERROR CAUGHT ======
Unhandled Promise: TypeError: Failed to fetch
=============================
====== JS ERROR CAUGHT ======
Unhandled Promise: TypeError: Failed to fetch
=============================
====== JS ERROR CAUGHT ======
Unhandled Promise: TypeError: Failed to fetch
=============================
====== JS ERROR CAUGHT ======
Unhandled Promise: TypeError: Failed to fetch
=============================
====== JS ERROR CAUGHT ======
Unhandled Promise: TypeError: Failed to fetch
=============================
====== JS ERROR CAUGHT ======
Unhandled Promise: TypeError: Failed to fetch
=============================
====== JS ERROR CAUGHT ======
Unhandled Promise: TypeError: Failed to fetch
=============================
====== JS ERROR CAUGHT ======
Unhandled Promise: TypeError: Failed to fetch
=============================
====== JS ERROR CAUGHT ======
Unhandled Promise: TypeError: Failed to fetch
=============================
====== JS ERROR CAUGHT ======
Unhandled Promise: TypeError: Failed to fetch
=============================
====== JS ERROR CAUGHT ======
Unhandled Promise: TypeError: Failed to fetch
=============================
====== JS ERROR CAUGHT ======
Unhandled Promise: TypeError: Failed to fetch
=============================
====== JS ERROR CAUGHT ======
Unhandled Promise: TypeError: Failed to fetch
=============================
====== JS ERROR CAUGHT ======
Unhandled Promise: TypeError: Failed to fetch
=============================
====== JS ERROR CAUGHT ======
Unhandled Promise: TypeError: Failed to fetch
=============================
====== JS ERROR CAUGHT ======
Unhandled Promise: TypeError: Failed to fetch
=============================
====== JS ERROR CAUGHT ======
Unhandled Promise: TypeError: Failed to fetch
=============================
====== JS ERROR CAUGHT ======
Unhandled Promise: TypeError: Failed to fetch
=============================
====== JS ERROR CAUGHT ======
Unhandled Promise: TypeError: Failed to fetch
=============================
====== JS ERROR CAUGHT ======
Unhandled Promise: TypeError: Failed to fetch
=============================
====== JS ERROR CAUGHT ======
Unhandled Promise: TypeError: Failed to fetch
=============================
====== JS ERROR CAUGHT ======
Unhandled Promise: TypeError: Failed to fetch
=============================
====== JS ERROR CAUGHT ======
Unhandled Promise: TypeError: Failed to fetch
=============================
====== JS ERROR CAUGHT ======
Unhandled Promise: TypeError: Failed to fetch
=============================
====== JS ERROR CAUGHT ======
Unhandled Promise: TypeError: Failed to fetch
=============================
====== JS ERROR CAUGHT ======
Unhandled Promise: TypeError: Failed to fetch
=============================
====== JS ERROR CAUGHT ======
Unhandled Promise: TypeError: Failed to fetch
=============================
====== JS ERROR CAUGHT ======
Unhandled Promise: TypeError: Failed to fetch
=============================
====== JS ERROR CAUGHT ======
Unhandled Promise: TypeError: Failed to fetch
=============================
====== JS ERROR CAUGHT ======
Unhandled Promise: TypeError: Failed to fetch
=============================
====== JS ERROR CAUGHT ======
Unhandled Promise: TypeError: Failed to fetch
=============================
====== JS ERROR CAUGHT ======
Unhandled Promise: TypeError: Failed to fetch
=============================
====== JS ERROR CAUGHT ======
Unhandled Promise: TypeError: Failed to fetch
=============================
====== JS ERROR CAUGHT ======
Unhandled Promise: TypeError: Failed to fetch
=============================
====== JS ERROR CAUGHT ======
Unhandled Promise: TypeError: Failed to fetch
=============================
====== JS ERROR CAUGHT ======
Unhandled Promise: TypeError: Failed to fetch
=============================
====== JS ERROR CAUGHT ======
Unhandled Promise: TypeError: Failed to fetch
=============================
====== JS ERROR CAUGHT ======
Unhandled Promise: TypeError: Failed to fetch
=============================
====== JS ERROR CAUGHT ======
Unhandled Promise: TypeError: Failed to fetch
=============================
====== JS ERROR CAUGHT ======
Unhandled Promise: TypeError: Failed to fetch
=============================
====== JS ERROR CAUGHT ======
Unhandled Promise: TypeError: Failed to fetch
=============================
====== JS ERROR CAUGHT ======
Unhandled Promise: TypeError: Failed to fetch
=============================
====== JS ERROR CAUGHT ======
Unhandled Promise: TypeError: Failed to fetch
=============================
====== JS ERROR CAUGHT ======
Unhandled Promise: TypeError: Failed to fetch
=============================
====== JS ERROR CAUGHT ======
Unhandled Promise: TypeError: Failed to fetch
=============================
====== JS ERROR CAUGHT ======
Unhandled Promise: TypeError: Failed to fetch
=============================
====== JS ERROR CAUGHT ======
Unhandled Promise: TypeError: Failed to fetch
=============================
====== JS ERROR CAUGHT ======
Unhandled Promise: TypeError: Failed to fetch
=============================
====== JS ERROR CAUGHT ======
Unhandled Promise: TypeError: Failed to fetch
=============================
====== JS ERROR CAUGHT ======
Unhandled Promise: TypeError: Failed to fetch
=============================
====== JS ERROR CAUGHT ======
Unhandled Promise: TypeError: Failed to fetch
=============================
====== JS ERROR CAUGHT ======
Unhandled Promise: TypeError: Failed to fetch
=============================
====== JS ERROR CAUGHT ======
Unhandled Promise: TypeError: Failed to fetch
=============================
====== JS ERROR CAUGHT ======
Unhandled Promise: TypeError: Failed to fetch
=============================
====== JS ERROR CAUGHT ======
Unhandled Promise: TypeError: Failed to fetch
=============================
====== JS ERROR CAUGHT ======
Unhandled Promise: TypeError: Failed to fetch
=============================
====== JS ERROR CAUGHT ======
Unhandled Promise: TypeError: Failed to fetch
=============================
====== JS ERROR CAUGHT ======
Unhandled Promise: TypeError: Failed to fetch
=============================
====== JS ERROR CAUGHT ======
Unhandled Promise: TypeError: Failed to fetch
=============================
====== JS ERROR CAUGHT ======
Unhandled Promise: TypeError: Failed to fetch
=============================
====== JS ERROR CAUGHT ======
Unhandled Promise: TypeError: Failed to fetch
=============================
====== JS ERROR CAUGHT ======
Unhandled Promise: TypeError: Failed to fetch
=============================
====== JS ERROR CAUGHT ======
Unhandled Promise: TypeError: Failed to fetch
=============================
====== JS ERROR CAUGHT ======
Unhandled Promise: TypeError: Failed to fetch
=============================
====== JS ERROR CAUGHT ======
Unhandled Promise: TypeError: Failed to fetch
=============================
====== JS ERROR CAUGHT ======
Unhandled Promise: TypeError: Failed to fetch
=============================
====== JS ERROR CAUGHT ======
Unhandled Promise: TypeError: Failed to fetch
=============================
====== JS ERROR CAUGHT ======
Unhandled Promise: TypeError: Failed to fetch
=============================
====== JS ERROR CAUGHT ======
Unhandled Promise: TypeError: Failed to fetch
=============================
====== JS ERROR CAUGHT ======
Unhandled Promise: TypeError: Failed to fetch
=============================
====== JS ERROR CAUGHT ======
Unhandled Promise: TypeError: Failed to fetch
=============================
====== JS ERROR CAUGHT ======
Unhandled Promise: TypeError: Failed to fetch
=============================
====== JS ERROR CAUGHT ======
Unhandled Promise: TypeError: Failed to fetch
=============================
====== JS ERROR CAUGHT ======
Unhandled Promise: TypeError: Failed to fetch
=============================
====== JS ERROR CAUGHT ======
Unhandled Promise: TypeError: Failed to fetch
=============================
====== JS ERROR CAUGHT ======
Unhandled Promise: TypeError: Failed to fetch
=============================
====== JS ERROR CAUGHT ======
Unhandled Promise: TypeError: Failed to fetch
=============================
====== JS ERROR CAUGHT ======
Unhandled Promise: TypeError: Failed to fetch
=============================
====== JS ERROR CAUGHT ======
Unhandled Promise: TypeError: Failed to fetch
=============================
====== JS ERROR CAUGHT ======
Unhandled Promise: TypeError: Failed to fetch
=============================
====== JS ERROR CAUGHT ======
Unhandled Promise: TypeError: Failed to fetch
=============================
====== JS ERROR CAUGHT ======
Unhandled Promise: TypeError: Failed to fetch
=============================
====== JS ERROR CAUGHT ======
Unhandled Promise: TypeError: Failed to fetch
=============================
====== JS ERROR CAUGHT ======
Unhandled Promise: TypeError: Failed to fetch
=============================
====== JS ERROR CAUGHT ======
Unhandled Promise: TypeError: Failed to fetch
=============================
====== JS ERROR CAUGHT ======
Unhandled Promise: TypeError: Failed to fetch
=============================
====== JS ERROR CAUGHT ======
Unhandled Promise: TypeError: Failed to fetch
=============================
====== JS ERROR CAUGHT ======
Unhandled Promise: TypeError: Failed to fetch
=============================
====== JS ERROR CAUGHT ======
Unhandled Promise: TypeError: Failed to fetch
=============================
====== JS ERROR CAUGHT ======
Unhandled Promise: TypeError: Failed to fetch
=============================
====== JS ERROR CAUGHT ======
Unhandled Promise: TypeError: Failed to fetch
=============================
====== JS ERROR CAUGHT ======
Unhandled Promise: TypeError: Failed to fetch
=============================
====== JS ERROR CAUGHT ======
Unhandled Promise: TypeError: Failed to fetch
=============================
====== JS ERROR CAUGHT ======
Unhandled Promise: TypeError: Failed to fetch
=============================
====== JS ERROR CAUGHT ======
Unhandled Promise: TypeError: Failed to fetch
=============================
====== JS ERROR CAUGHT ======
Unhandled Promise: TypeError: Failed to fetch
=============================
====== JS ERROR CAUGHT ======
Unhandled Promise: TypeError: Failed to fetch
=============================
====== JS ERROR CAUGHT ======
Unhandled Promise: TypeError: Failed to fetch
=============================
====== JS ERROR CAUGHT ======
Unhandled Promise: TypeError: Failed to fetch
=============================
====== JS ERROR CAUGHT ======
Unhandled Promise: TypeError: Failed to fetch
=============================
====== JS ERROR CAUGHT ======
Unhandled Promise: TypeError: Failed to fetch
=============================
====== JS ERROR CAUGHT ======
Unhandled Promise: TypeError: Failed to fetch
=============================
====== JS ERROR CAUGHT ======
Unhandled Promise: TypeError: Failed to fetch
=============================
====== JS ERROR CAUGHT ======
Unhandled Promise: TypeError: Failed to fetch
=============================
====== JS ERROR CAUGHT ======
Unhandled Promise: TypeError: Failed to fetch
=============================
====== JS ERROR CAUGHT ======
Unhandled Promise: TypeError: Failed to fetch
=============================
====== JS ERROR CAUGHT ======
Unhandled Promise: TypeError: Failed to fetch
=============================
====== JS ERROR CAUGHT ======
Unhandled Promise: TypeError: Failed to fetch
=============================
====== JS ERROR CAUGHT ======
Unhandled Promise: TypeError: Failed to fetch
=============================
====== JS ERROR CAUGHT ======
Unhandled Promise: TypeError: Failed to fetch
=============================
====== JS ERROR CAUGHT ======
Unhandled Promise: TypeError: Failed to fetch
=============================
====== JS ERROR CAUGHT ======
Unhandled Promise: TypeError: Failed to fetch
=============================
====== JS ERROR CAUGHT ======
Unhandled Promise: TypeError: Failed to fetch
=============================
====== JS ERROR CAUGHT ======
Unhandled Promise: TypeError: Failed to fetch
=============================
====== JS ERROR CAUGHT ======
Unhandled Promise: TypeError: Failed to fetch
=============================
====== JS ERROR CAUGHT ======
Unhandled Promise: TypeError: Failed to fetch
=============================
====== JS ERROR CAUGHT ======
Unhandled Promise: TypeError: Failed to fetch
=============================
====== JS ERROR CAUGHT ======
Unhandled Promise: TypeError: Failed to fetch
=============================
====== JS ERROR CAUGHT ======
Unhandled Promise: TypeError: Failed to fetch
=============================
====== JS ERROR CAUGHT ======
Unhandled Promise: TypeError: Failed to fetch
=============================
====== JS ERROR CAUGHT ======
Unhandled Promise: TypeError: Failed to fetch
=============================
====== JS ERROR CAUGHT ======
Unhandled Promise: TypeError: Failed to fetch
=============================
====== JS ERROR CAUGHT ======
Unhandled Promise: TypeError: Failed to fetch
=============================
====== JS ERROR CAUGHT ======
Unhandled Promise: TypeError: Failed to fetch
=============================
====== JS ERROR CAUGHT ======
Unhandled Promise: TypeError: Failed to fetch
=============================
====== JS ERROR CAUGHT ======
Unhandled Promise: TypeError: Failed to fetch
=============================
====== JS ERROR CAUGHT ======
Unhandled Promise: TypeError: Failed to fetch
=============================
====== JS ERROR CAUGHT ======
Unhandled Promise: TypeError: Failed to fetch
=============================
====== JS ERROR CAUGHT ======
Unhandled Promise: TypeError: Failed to fetch
=============================
====== JS ERROR CAUGHT ======
Unhandled Promise: TypeError: Failed to fetch
=============================
====== JS ERROR CAUGHT ======
Unhandled Promise: TypeError: Failed to fetch
=============================
====== JS ERROR CAUGHT ======
Unhandled Promise: TypeError: Failed to fetch
=============================
====== JS ERROR CAUGHT ======
Unhandled Promise: TypeError: Failed to fetch
=============================
====== JS ERROR CAUGHT ======
Unhandled Promise: TypeError: Failed to fetch
=============================
====== JS ERROR CAUGHT ======
Unhandled Promise: TypeError: Failed to fetch
=============================
====== JS ERROR CAUGHT ======
Unhandled Promise: TypeError: Failed to fetch
=============================
====== JS ERROR CAUGHT ======
Unhandled Promise: TypeError: Failed to fetch
=============================
====== JS ERROR CAUGHT ======
Unhandled Promise: TypeError: Failed to fetch
=============================
====== JS ERROR CAUGHT ======
Unhandled Promise: TypeError: Failed to fetch
=============================
====== JS ERROR CAUGHT ======
Unhandled Promise: TypeError: Failed to fetch
=============================
====== JS ERROR CAUGHT ======
Unhandled Promise: TypeError: Failed to fetch
=============================
====== JS ERROR CAUGHT ======
Unhandled Promise: TypeError: Failed to fetch
=============================
====== JS ERROR CAUGHT ======
Unhandled Promise: TypeError: Failed to fetch
=============================
====== JS ERROR CAUGHT ======
Unhandled Promise: TypeError: Failed to fetch
=============================
====== JS ERROR CAUGHT ======
Unhandled Promise: TypeError: Failed to fetch
=============================
====== JS ERROR CAUGHT ======
Unhandled Promise: TypeError: Failed to fetch
=============================
====== JS ERROR CAUGHT ======
Unhandled Promise: TypeError: Failed to fetch
=============================
====== JS ERROR CAUGHT ======
Unhandled Promise: TypeError: Failed to fetch
=============================
====== JS ERROR CAUGHT ======
Unhandled Promise: TypeError: Failed to fetch
=============================
====== JS ERROR CAUGHT ======
Unhandled Promise: TypeError: Failed to fetch
=============================
====== JS ERROR CAUGHT ======
Unhandled Promise: TypeError: Failed to fetch
=============================
====== JS ERROR CAUGHT ======
Unhandled Promise: TypeError: Failed to fetch
=============================
====== JS ERROR CAUGHT ======
Unhandled Promise: TypeError: Failed to fetch
=============================
====== JS ERROR CAUGHT ======
Unhandled Promise: TypeError: Failed to fetch
=============================
====== JS ERROR CAUGHT ======
Unhandled Promise: TypeError: Failed to fetch
=============================
====== JS ERROR CAUGHT ======
Unhandled Promise: TypeError: Failed to fetch
=============================
====== JS ERROR CAUGHT ======
Unhandled Promise: TypeError: Failed to fetch
=============================
====== JS ERROR CAUGHT ======
Unhandled Promise: TypeError: Failed to fetch
=============================
====== JS ERROR CAUGHT ======
Unhandled Promise: TypeError: Failed to fetch
=============================
====== JS ERROR CAUGHT ======
Unhandled Promise: TypeError: Failed to fetch
=============================
====== JS ERROR CAUGHT ======
Unhandled Promise: TypeError: Failed to fetch
=============================
====== JS ERROR CAUGHT ======
Unhandled Promise: TypeError: Failed to fetch
=============================
====== JS ERROR CAUGHT ======
Unhandled Promise: TypeError: Failed to fetch
=============================
====== JS ERROR CAUGHT ======
Unhandled Promise: TypeError: Failed to fetch
=============================
====== JS ERROR CAUGHT ======
Unhandled Promise: TypeError: Failed to fetch
=============================
====== JS ERROR CAUGHT ======
Unhandled Promise: TypeError: Failed to fetch
=============================
====== JS ERROR CAUGHT ======
Unhandled Promise: TypeError: Failed to fetch
=============================
====== JS ERROR CAUGHT ======
Unhandled Promise: TypeError: Failed to fetch
=============================
====== JS ERROR CAUGHT ======
Unhandled Promise: TypeError: Failed to fetch
=============================
====== JS ERROR CAUGHT ======
Unhandled Promise: TypeError: Failed to fetch
=============================
====== JS ERROR CAUGHT ======
Unhandled Promise: TypeError: Failed to fetch
=============================
====== JS ERROR CAUGHT ======
Unhandled Promise: TypeError: Failed to fetch
=============================
====== JS ERROR CAUGHT ======
Unhandled Promise: TypeError: Failed to fetch
=============================
====== JS ERROR CAUGHT ======
Unhandled Promise: TypeError: Failed to fetch
=============================
====== JS ERROR CAUGHT ======
Unhandled Promise: TypeError: Failed to fetch
=============================
====== JS ERROR CAUGHT ======
Unhandled Promise: TypeError: Failed to fetch
=============================
====== JS ERROR CAUGHT ======
Unhandled Promise: TypeError: Failed to fetch
=============================
====== JS ERROR CAUGHT ======
Unhandled Promise: TypeError: Failed to fetch
=============================
====== JS ERROR CAUGHT ======
Unhandled Promise: TypeError: Failed to fetch
=============================
====== JS ERROR CAUGHT ======
Unhandled Promise: TypeError: Failed to fetch
=============================
====== JS ERROR CAUGHT ======
Unhandled Promise: TypeError: Failed to fetch
=============================
====== JS ERROR CAUGHT ======
Unhandled Promise: TypeError: Failed to fetch
=============================
====== JS ERROR CAUGHT ======
Unhandled Promise: TypeError: Failed to fetch
=============================
====== JS ERROR CAUGHT ======
Unhandled Promise: TypeError: Failed to fetch
=============================
====== JS ERROR CAUGHT ======
Unhandled Promise: TypeError: Failed to fetch
=============================
====== JS ERROR CAUGHT ======
Unhandled Promise: TypeError: Failed to fetch
=============================
====== JS ERROR CAUGHT ======
Unhandled Promise: TypeError: Failed to fetch
=============================
====== JS ERROR CAUGHT ======
Unhandled Promise: TypeError: Failed to fetch
=============================
====== JS ERROR CAUGHT ======
Unhandled Promise: TypeError: Failed to fetch
=============================
====== JS ERROR CAUGHT ======
Unhandled Promise: TypeError: Failed to fetch
=============================
====== JS ERROR CAUGHT ======
Unhandled Promise: TypeError: Failed to fetch
=============================
====== JS ERROR CAUGHT ======
Unhandled Promise: TypeError: Failed to fetch
=============================
====== JS ERROR CAUGHT ======
Unhandled Promise: TypeError: Failed to fetch
=============================
====== JS ERROR CAUGHT ======
Unhandled Promise: TypeError: Failed to fetch
=============================
====== JS ERROR CAUGHT ======
Unhandled Promise: TypeError: Failed to fetch
=============================
====== JS ERROR CAUGHT ======
Unhandled Promise: TypeError: Failed to fetch
=============================
====== JS ERROR CAUGHT ======
Unhandled Promise: TypeError: Failed to fetch
=============================
====== JS ERROR CAUGHT ======
Unhandled Promise: TypeError: Failed to fetch
=============================
====== JS ERROR CAUGHT ======
Unhandled Promise: TypeError: Failed to fetch
=============================
====== JS ERROR CAUGHT ======
Unhandled Promise: TypeError: Failed to fetch
=============================
====== JS ERROR CAUGHT ======
Unhandled Promise: TypeError: Failed to fetch
=============================
====== JS ERROR CAUGHT ======
Unhandled Promise: TypeError: Failed to fetch
=============================
====== JS ERROR CAUGHT ======
Unhandled Promise: TypeError: Failed to fetch
=============================
====== JS ERROR CAUGHT ======
Unhandled Promise: TypeError: Failed to fetch
=============================
====== JS ERROR CAUGHT ======
Unhandled Promise: TypeError: Failed to fetch
=============================
====== JS ERROR CAUGHT ======
Unhandled Promise: TypeError: Failed to fetch
=============================
====== JS ERROR CAUGHT ======
Unhandled Promise: TypeError: Failed to fetch
=============================
====== JS ERROR CAUGHT ======
Unhandled Promise: TypeError: Failed to fetch
=============================
====== JS ERROR CAUGHT ======
Unhandled Promise: TypeError: Failed to fetch
=============================
====== JS ERROR CAUGHT ======
Unhandled Promise: TypeError: Failed to fetch
=============================
====== JS ERROR CAUGHT ======
Unhandled Promise: TypeError: Failed to fetch
=============================
====== JS ERROR CAUGHT ======
Unhandled Promise: TypeError: Failed to fetch
=============================
====== JS ERROR CAUGHT ======
Unhandled Promise: TypeError: Failed to fetch
=============================
====== JS ERROR CAUGHT ======
Unhandled Promise: TypeError: Failed to fetch
=============================
====== JS ERROR CAUGHT ======
Unhandled Promise: TypeError: Failed to fetch
=============================
====== JS ERROR CAUGHT ======
Unhandled Promise: TypeError: Failed to fetch
=============================
====== JS ERROR CAUGHT ======
Unhandled Promise: TypeError: Failed to fetch
=============================
====== JS ERROR CAUGHT ======
Unhandled Promise: TypeError: Failed to fetch
=============================
====== JS ERROR CAUGHT ======
Unhandled Promise: TypeError: Failed to fetch
=============================
====== JS ERROR CAUGHT ======
Unhandled Promise: TypeError: Failed to fetch
=============================
====== JS ERROR CAUGHT ======
Unhandled Promise: TypeError: Failed to fetch
=============================
====== JS ERROR CAUGHT ======
Unhandled Promise: TypeError: Failed to fetch
=============================
====== JS ERROR CAUGHT ======
Unhandled Promise: TypeError: Failed to fetch
=============================
====== JS ERROR CAUGHT ======
Unhandled Promise: TypeError: Failed to fetch
=============================
====== JS ERROR CAUGHT ======
Unhandled Promise: TypeError: Failed to fetch
=============================
====== JS ERROR CAUGHT ======
Unhandled Promise: TypeError: Failed to fetch
=============================
====== JS ERROR CAUGHT ======
Unhandled Promise: TypeError: Failed to fetch
=============================
====== JS ERROR CAUGHT ======
Unhandled Promise: TypeError: Failed to fetch
=============================
====== JS ERROR CAUGHT ======
Unhandled Promise: TypeError: Failed to fetch
=============================
====== JS ERROR CAUGHT ======
Unhandled Promise: TypeError: Failed to fetch
=============================
====== JS ERROR CAUGHT ======
Unhandled Promise: TypeError: Failed to fetch
=============================
====== JS ERROR CAUGHT ======
Unhandled Promise: TypeError: Failed to fetch
=============================
====== JS ERROR CAUGHT ======
Unhandled Promise: TypeError: Failed to fetch
=============================
====== JS ERROR CAUGHT ======
Unhandled Promise: TypeError: Failed to fetch
=============================
====== JS ERROR CAUGHT ======
Unhandled Promise: TypeError: Failed to fetch
=============================
====== JS ERROR CAUGHT ======
Unhandled Promise: TypeError: Failed to fetch
=============================
====== JS ERROR CAUGHT ======
Unhandled Promise: TypeError: Failed to fetch
=============================
====== JS ERROR CAUGHT ======
Unhandled Promise: TypeError: Failed to fetch
=============================
====== JS ERROR CAUGHT ======
Unhandled Promise: TypeError: Failed to fetch
=============================
====== JS ERROR CAUGHT ======
Unhandled Promise: TypeError: Failed to fetch
=============================
====== JS ERROR CAUGHT ======
Unhandled Promise: TypeError: Failed to fetch
=============================
====== JS ERROR CAUGHT ======
Unhandled Promise: TypeError: Failed to fetch
=============================
====== JS ERROR CAUGHT ======
Unhandled Promise: TypeError: Failed to fetch
=============================
====== JS ERROR CAUGHT ======
Unhandled Promise: TypeError: Failed to fetch
=============================
====== JS ERROR CAUGHT ======
Unhandled Promise: TypeError: Failed to fetch
=============================
====== JS ERROR CAUGHT ======
Unhandled Promise: TypeError: Failed to fetch
=============================
====== JS ERROR CAUGHT ======
Unhandled Promise: TypeError: Failed to fetch
=============================
====== JS ERROR CAUGHT ======
Unhandled Promise: TypeError: Failed to fetch
=============================
====== JS ERROR CAUGHT ======
Unhandled Promise: TypeError: Failed to fetch
=============================
====== JS ERROR CAUGHT ======
Unhandled Promise: TypeError: Failed to fetch
=============================
====== JS ERROR CAUGHT ======
Unhandled Promise: TypeError: Failed to fetch
=============================
====== JS ERROR CAUGHT ======
Unhandled Promise: TypeError: Failed to fetch
=============================
====== JS ERROR CAUGHT ======
Unhandled Promise: TypeError: Failed to fetch
=============================
====== JS ERROR CAUGHT ======
Unhandled Promise: TypeError: Failed to fetch
=============================
====== JS ERROR CAUGHT ======
Unhandled Promise: TypeError: Failed to fetch
=============================
====== JS ERROR CAUGHT ======
Unhandled Promise: TypeError: Failed to fetch
=============================
====== JS ERROR CAUGHT ======
Unhandled Promise: TypeError: Failed to fetch
=============================
====== JS ERROR CAUGHT ======
Unhandled Promise: TypeError: Failed to fetch
=============================
====== JS ERROR CAUGHT ======
Unhandled Promise: TypeError: Failed to fetch
=============================
====== JS ERROR CAUGHT ======
Unhandled Promise: TypeError: Failed to fetch
=============================
====== JS ERROR CAUGHT ======
Unhandled Promise: TypeError: Failed to fetch
=============================
====== JS ERROR CAUGHT ======
Unhandled Promise: TypeError: Failed to fetch
=============================
====== JS ERROR CAUGHT ======
Unhandled Promise: TypeError: Failed to fetch
=============================
====== JS ERROR CAUGHT ======
Unhandled Promise: TypeError: Failed to fetch
=============================
====== JS ERROR CAUGHT ======
Unhandled Promise: TypeError: Failed to fetch
=============================
====== JS ERROR CAUGHT ======
Unhandled Promise: TypeError: Failed to fetch
=============================
====== JS ERROR CAUGHT ======
Unhandled Promise: TypeError: Failed to fetch
=============================
====== JS ERROR CAUGHT ======
Unhandled Promise: TypeError: Failed to fetch
=============================
====== JS ERROR CAUGHT ======
Unhandled Promise: TypeError: Failed to fetch
=============================
====== JS ERROR CAUGHT ======
Unhandled Promise: TypeError: Failed to fetch
=============================
====== JS ERROR CAUGHT ======
Unhandled Promise: TypeError: Failed to fetch
=============================
====== JS ERROR CAUGHT ======
Unhandled Promise: TypeError: Failed to fetch
=============================
====== JS ERROR CAUGHT ======
Unhandled Promise: TypeError: Failed to fetch
=============================
====== JS ERROR CAUGHT ======
Unhandled Promise: TypeError: Failed to fetch
=============================
====== JS ERROR CAUGHT ======
Unhandled Promise: TypeError: Failed to fetch
=============================
====== JS ERROR CAUGHT ======
Unhandled Promise: TypeError: Failed to fetch
=============================
====== JS ERROR CAUGHT ======
Unhandled Promise: TypeError: Failed to fetch
=============================
====== JS ERROR CAUGHT ======
Unhandled Promise: TypeError: Failed to fetch
=============================
====== JS ERROR CAUGHT ======
Unhandled Promise: TypeError: Failed to fetch
=============================
====== JS ERROR CAUGHT ======
Unhandled Promise: TypeError: Failed to fetch
=============================
====== JS ERROR CAUGHT ======
Unhandled Promise: TypeError: Failed to fetch
=============================
====== JS ERROR CAUGHT ======
Unhandled Promise: TypeError: Failed to fetch
=============================
====== JS ERROR CAUGHT ======
Unhandled Promise: TypeError: Failed to fetch
=============================
====== JS ERROR CAUGHT ======
Unhandled Promise: TypeError: Failed to fetch
=============================
====== JS ERROR CAUGHT ======
Unhandled Promise: TypeError: Failed to fetch
=============================
====== JS ERROR CAUGHT ======
Unhandled Promise: TypeError: Failed to fetch
=============================
====== JS ERROR CAUGHT ======
Unhandled Promise: TypeError: Failed to fetch
=============================
====== JS ERROR CAUGHT ======
Unhandled Promise: TypeError: Failed to fetch
=============================
====== JS ERROR CAUGHT ======
Unhandled Promise: TypeError: Failed to fetch
=============================
====== JS ERROR CAUGHT ======
Unhandled Promise: TypeError: Failed to fetch
=============================
====== JS ERROR CAUGHT ======
Unhandled Promise: TypeError: Failed to fetch
=============================
====== JS ERROR CAUGHT ======
Unhandled Promise: TypeError: Failed to fetch
=============================
====== JS ERROR CAUGHT ======
Unhandled Promise: TypeError: Failed to fetch
=============================
====== JS ERROR CAUGHT ======
Unhandled Promise: TypeError: Failed to fetch
=============================
====== JS ERROR CAUGHT ======
Unhandled Promise: TypeError: Failed to fetch
=============================
====== JS ERROR CAUGHT ======
Unhandled Promise: TypeError: Failed to fetch
=============================
====== JS ERROR CAUGHT ======
Unhandled Promise: TypeError: Failed to fetch
=============================
====== JS ERROR CAUGHT ======
Unhandled Promise: TypeError: Failed to fetch
=============================
====== JS ERROR CAUGHT ======
Unhandled Promise: TypeError: Failed to fetch
=============================
====== JS ERROR CAUGHT ======
Unhandled Promise: TypeError: Failed to fetch
=============================
====== JS ERROR CAUGHT ======
Unhandled Promise: TypeError: Failed to fetch
=============================
====== JS ERROR CAUGHT ======
Unhandled Promise: TypeError: Failed to fetch
=============================
====== JS ERROR CAUGHT ======
Unhandled Promise: TypeError: Failed to fetch
=============================
====== JS ERROR CAUGHT ======
Unhandled Promise: TypeError: Failed to fetch
=============================
====== JS ERROR CAUGHT ======
Unhandled Promise: TypeError: Failed to fetch
=============================
====== JS ERROR CAUGHT ======
Unhandled Promise: TypeError: Failed to fetch
=============================
====== JS ERROR CAUGHT ======
Unhandled Promise: TypeError: Failed to fetch
=============================
====== JS ERROR CAUGHT ======
Unhandled Promise: TypeError: Failed to fetch
=============================
====== JS ERROR CAUGHT ======
Unhandled Promise: TypeError: Failed to fetch
=============================
====== JS ERROR CAUGHT ======
Unhandled Promise: TypeError: Failed to fetch
=============================
====== JS ERROR CAUGHT ======
Unhandled Promise: TypeError: Failed to fetch
=============================
====== JS ERROR CAUGHT ======
Unhandled Promise: TypeError: Failed to fetch
=============================
====== JS ERROR CAUGHT ======
Unhandled Promise: TypeError: Failed to fetch
=============================
====== JS ERROR CAUGHT ======
Unhandled Promise: TypeError: Failed to fetch
=============================
====== JS ERROR CAUGHT ======
Unhandled Promise: TypeError: Failed to fetch
=============================
====== JS ERROR CAUGHT ======
Unhandled Promise: TypeError: Failed to fetch
=============================
====== JS ERROR CAUGHT ======
Unhandled Promise: TypeError: Failed to fetch
=============================
====== JS ERROR CAUGHT ======
Unhandled Promise: TypeError: Failed to fetch
=============================
====== JS ERROR CAUGHT ======
Unhandled Promise: TypeError: Failed to fetch
=============================
====== JS ERROR CAUGHT ======
Unhandled Promise: TypeError: Failed to fetch
=============================
====== JS ERROR CAUGHT ======
Unhandled Promise: TypeError: Failed to fetch
=============================
====== JS ERROR CAUGHT ======
Unhandled Promise: TypeError: Failed to fetch
=============================
====== JS ERROR CAUGHT ======
Unhandled Promise: TypeError: Failed to fetch
=============================
====== JS ERROR CAUGHT ======
Unhandled Promise: TypeError: Failed to fetch
=============================
====== JS ERROR CAUGHT ======
Unhandled Promise: TypeError: Failed to fetch
=============================
====== JS ERROR CAUGHT ======
Unhandled Promise: TypeError: Failed to fetch
=============================
====== JS ERROR CAUGHT ======
Unhandled Promise: TypeError: Failed to fetch
=============================
====== JS ERROR CAUGHT ======
Unhandled Promise: TypeError: Failed to fetch
=============================
====== JS ERROR CAUGHT ======
Unhandled Promise: TypeError: Failed to fetch
=============================
====== JS ERROR CAUGHT ======
Unhandled Promise: TypeError: Failed to fetch
=============================
====== JS ERROR CAUGHT ======
Unhandled Promise: TypeError: Failed to fetch
=============================
====== JS ERROR CAUGHT ======
Unhandled Promise: TypeError: Failed to fetch
=============================
====== JS ERROR CAUGHT ======
Unhandled Promise: TypeError: Failed to fetch
=============================
====== JS ERROR CAUGHT ======
Unhandled Promise: TypeError: Failed to fetch
=============================
====== JS ERROR CAUGHT ======
Unhandled Promise: TypeError: Failed to fetch
=============================
====== JS ERROR CAUGHT ======
Unhandled Promise: TypeError: Failed to fetch
=============================
====== JS ERROR CAUGHT ======
Unhandled Promise: TypeError: Failed to fetch
=============================
====== JS ERROR CAUGHT ======
Unhandled Promise: TypeError: Failed to fetch
=============================
====== JS ERROR CAUGHT ======
Unhandled Promise: TypeError: Failed to fetch
=============================
====== JS ERROR CAUGHT ======
Unhandled Promise: TypeError: Failed to fetch
=============================
====== JS ERROR CAUGHT ======
Unhandled Promise: TypeError: Failed to fetch
=============================
====== JS ERROR CAUGHT ======
Unhandled Promise: TypeError: Failed to fetch
=============================
====== JS ERROR CAUGHT ======
Unhandled Promise: TypeError: Failed to fetch
=============================
====== JS ERROR CAUGHT ======
Unhandled Promise: TypeError: Failed to fetch
=============================
====== JS ERROR CAUGHT ======
Unhandled Promise: TypeError: Failed to fetch
=============================
====== JS ERROR CAUGHT ======
Unhandled Promise: TypeError: Failed to fetch
=============================
====== JS ERROR CAUGHT ======
Unhandled Promise: TypeError: Failed to fetch
=============================
====== JS ERROR CAUGHT ======
Unhandled Promise: TypeError: Failed to fetch
=============================
====== JS ERROR CAUGHT ======
Unhandled Promise: TypeError: Failed to fetch
=============================
====== JS ERROR CAUGHT ======
Unhandled Promise: TypeError: Failed to fetch
=============================
====== JS ERROR CAUGHT ======
Unhandled Promise: TypeError: Failed to fetch
=============================
====== JS ERROR CAUGHT ======
Unhandled Promise: TypeError: Failed to fetch
=============================
====== JS ERROR CAUGHT ======
Unhandled Promise: TypeError: Failed to fetch
=============================
====== JS ERROR CAUGHT ======
Unhandled Promise: TypeError: Failed to fetch
=============================
====== JS ERROR CAUGHT ======
Unhandled Promise: TypeError: Failed to fetch
=============================
====== JS ERROR CAUGHT ======
Unhandled Promise: TypeError: Failed to fetch
=============================
====== JS ERROR CAUGHT ======
Unhandled Promise: TypeError: Failed to fetch
=============================
====== JS ERROR CAUGHT ======
Unhandled Promise: TypeError: Failed to fetch
=============================
====== JS ERROR CAUGHT ======
Unhandled Promise: TypeError: Failed to fetch
=============================
====== JS ERROR CAUGHT ======
Unhandled Promise: TypeError: Failed to fetch
=============================
====== JS ERROR CAUGHT ======
Unhandled Promise: TypeError: Failed to fetch
=============================
====== JS ERROR CAUGHT ======
Unhandled Promise: TypeError: Failed to fetch
=============================
====== JS ERROR CAUGHT ======
Unhandled Promise: TypeError: Failed to fetch
=============================
====== JS ERROR CAUGHT ======
Unhandled Promise: TypeError: Failed to fetch
=============================
====== JS ERROR CAUGHT ======
Unhandled Promise: TypeError: Failed to fetch
=============================
====== JS ERROR CAUGHT ======
Unhandled Promise: TypeError: Failed to fetch
=============================
====== JS ERROR CAUGHT ======
Unhandled Promise: TypeError: Failed to fetch
=============================
====== JS ERROR CAUGHT ======
Unhandled Promise: TypeError: Failed to fetch
=============================
====== JS ERROR CAUGHT ======
Unhandled Promise: TypeError: Failed to fetch
=============================
====== JS ERROR CAUGHT ======
Unhandled Promise: TypeError: Failed to fetch
=============================
====== JS ERROR CAUGHT ======
Unhandled Promise: TypeError: Failed to fetch
=============================
====== JS ERROR CAUGHT ======
Unhandled Promise: TypeError: Failed to fetch
=============================
====== JS ERROR CAUGHT ======
Unhandled Promise: TypeError: Failed to fetch
=============================
====== JS ERROR CAUGHT ======
Unhandled Promise: TypeError: Failed to fetch
=============================
====== JS ERROR CAUGHT ======
Unhandled Promise: TypeError: Failed to fetch
=============================
====== JS ERROR CAUGHT ======
Unhandled Promise: TypeError: Failed to fetch
=============================
====== JS ERROR CAUGHT ======
Unhandled Promise: TypeError: Failed to fetch
=============================
====== JS ERROR CAUGHT ======
Unhandled Promise: TypeError: Failed to fetch
=============================
====== JS ERROR CAUGHT ======
Unhandled Promise: TypeError: Failed to fetch
=============================
====== JS ERROR CAUGHT ======
Unhandled Promise: TypeError: Failed to fetch
=============================
====== JS ERROR CAUGHT ======
Unhandled Promise: TypeError: Failed to fetch
=============================
====== JS ERROR CAUGHT ======
Unhandled Promise: TypeError: Failed to fetch
=============================
====== JS ERROR CAUGHT ======
Unhandled Promise: TypeError: Failed to fetch
=============================
====== JS ERROR CAUGHT ======
Unhandled Promise: TypeError: Failed to fetch
=============================
====== JS ERROR CAUGHT ======
Unhandled Promise: TypeError: Failed to fetch
=============================
====== JS ERROR CAUGHT ======
Unhandled Promise: TypeError: Failed to fetch
=============================
====== JS ERROR CAUGHT ======
Unhandled Promise: TypeError: Failed to fetch
=============================
====== JS ERROR CAUGHT ======
Unhandled Promise: TypeError: Failed to fetch
=============================
====== JS ERROR CAUGHT ======
Unhandled Promise: TypeError: Failed to fetch
=============================
====== JS ERROR CAUGHT ======
Unhandled Promise: TypeError: Failed to fetch
=============================
====== JS ERROR CAUGHT ======
Unhandled Promise: TypeError: Failed to fetch
=============================
====== JS ERROR CAUGHT ======
Unhandled Promise: TypeError: Failed to fetch
=============================
====== JS ERROR CAUGHT ======
Unhandled Promise: TypeError: Failed to fetch
=============================
====== JS ERROR CAUGHT ======
Unhandled Promise: TypeError: Failed to fetch
=============================
====== JS ERROR CAUGHT ======
Unhandled Promise: TypeError: Failed to fetch
=============================
====== JS ERROR CAUGHT ======
Unhandled Promise: TypeError: Failed to fetch
=============================
====== JS ERROR CAUGHT ======
Unhandled Promise: TypeError: Failed to fetch
=============================
====== JS ERROR CAUGHT ======
Unhandled Promise: TypeError: Failed to fetch
=============================
====== JS ERROR CAUGHT ======
Unhandled Promise: TypeError: Failed to fetch
=============================
====== JS ERROR CAUGHT ======
Unhandled Promise: TypeError: Failed to fetch
=============================
====== JS ERROR CAUGHT ======
Unhandled Promise: TypeError: Failed to fetch
=============================
====== JS ERROR CAUGHT ======
Unhandled Promise: TypeError: Failed to fetch
=============================
====== JS ERROR CAUGHT ======
Unhandled Promise: TypeError: Failed to fetch
=============================
====== JS ERROR CAUGHT ======
Unhandled Promise: TypeError: Failed to fetch
=============================
====== JS ERROR CAUGHT ======
Unhandled Promise: TypeError: Failed to fetch
=============================
====== JS ERROR CAUGHT ======
Unhandled Promise: TypeError: Failed to fetch
=============================
====== JS ERROR CAUGHT ======
Unhandled Promise: TypeError: Failed to fetch
=============================
====== JS ERROR CAUGHT ======
Unhandled Promise: TypeError: Failed to fetch
=============================
====== JS ERROR CAUGHT ======
Unhandled Promise: TypeError: Failed to fetch
=============================
====== JS ERROR CAUGHT ======
Unhandled Promise: TypeError: Failed to fetch
=============================
====== JS ERROR CAUGHT ======
Unhandled Promise: TypeError: Failed to fetch
=============================
====== JS ERROR CAUGHT ======
Unhandled Promise: TypeError: Failed to fetch
=============================
====== JS ERROR CAUGHT ======
Unhandled Promise: TypeError: Failed to fetch
=============================
====== JS ERROR CAUGHT ======
Unhandled Promise: TypeError: Failed to fetch
=============================
====== JS ERROR CAUGHT ======
Unhandled Promise: TypeError: Failed to fetch
=============================
====== JS ERROR CAUGHT ======
Unhandled Promise: TypeError: Failed to fetch
=============================
====== JS ERROR CAUGHT ======
Unhandled Promise: TypeError: Failed to fetch
=============================
====== JS ERROR CAUGHT ======
Unhandled Promise: TypeError: Failed to fetch
=============================
====== JS ERROR CAUGHT ======
Unhandled Promise: TypeError: Failed to fetch
=============================
====== JS ERROR CAUGHT ======
Unhandled Promise: TypeError: Failed to fetch
=============================
====== JS ERROR CAUGHT ======
Unhandled Promise: TypeError: Failed to fetch
=============================
====== JS ERROR CAUGHT ======
Unhandled Promise: TypeError: Failed to fetch
=============================
====== JS ERROR CAUGHT ======
Unhandled Promise: TypeError: Failed to fetch
=============================
====== JS ERROR CAUGHT ======
Unhandled Promise: TypeError: Failed to fetch
=============================
====== JS ERROR CAUGHT ======
Unhandled Promise: TypeError: Failed to fetch
=============================
====== JS ERROR CAUGHT ======
Unhandled Promise: TypeError: Failed to fetch
=============================
====== JS ERROR CAUGHT ======
Unhandled Promise: TypeError: Failed to fetch
=============================
====== JS ERROR CAUGHT ======
Unhandled Promise: TypeError: Failed to fetch
=============================
====== JS ERROR CAUGHT ======
Unhandled Promise: TypeError: Failed to fetch
=============================
====== JS ERROR CAUGHT ======
Unhandled Promise: TypeError: Failed to fetch
=============================
====== JS ERROR CAUGHT ======
Unhandled Promise: TypeError: Failed to fetch
=============================
====== JS ERROR CAUGHT ======
Unhandled Promise: TypeError: Failed to fetch
=============================
====== JS ERROR CAUGHT ======
Unhandled Promise: TypeError: Failed to fetch
=============================
====== JS ERROR CAUGHT ======
Unhandled Promise: TypeError: Failed to fetch
=============================
====== JS ERROR CAUGHT ======
Unhandled Promise: TypeError: Failed to fetch
=============================
====== JS ERROR CAUGHT ======
Unhandled Promise: TypeError: Failed to fetch
=============================
====== JS ERROR CAUGHT ======
Unhandled Promise: TypeError: Failed to fetch
=============================
====== JS ERROR CAUGHT ======
Unhandled Promise: TypeError: Failed to fetch
=============================
====== JS ERROR CAUGHT ======
Unhandled Promise: TypeError: Failed to fetch
=============================
====== JS ERROR CAUGHT ======
Unhandled Promise: TypeError: Failed to fetch
=============================
====== JS ERROR CAUGHT ======
Unhandled Promise: TypeError: Failed to fetch
=============================
====== JS ERROR CAUGHT ======
Unhandled Promise: TypeError: Failed to fetch
=============================
====== JS ERROR CAUGHT ======
Unhandled Promise: TypeError: Failed to fetch
=============================
====== JS ERROR CAUGHT ======
Unhandled Promise: TypeError: Failed to fetch
=============================
====== JS ERROR CAUGHT ======
Unhandled Promise: TypeError: Failed to fetch
=============================
====== JS ERROR CAUGHT ======
Unhandled Promise: TypeError: Failed to fetch
=============================
====== JS ERROR CAUGHT ======
Unhandled Promise: TypeError: Failed to fetch
=============================
====== JS ERROR CAUGHT ======
Unhandled Promise: TypeError: Failed to fetch
=============================
====== JS ERROR CAUGHT ======
Unhandled Promise: TypeError: Failed to fetch
=============================
====== JS ERROR CAUGHT ======
Unhandled Promise: TypeError: Failed to fetch
=============================
====== JS ERROR CAUGHT ======
Unhandled Promise: TypeError: Failed to fetch
=============================
====== JS ERROR CAUGHT ======
Unhandled Promise: TypeError: Failed to fetch
=============================
====== JS ERROR CAUGHT ======
Unhandled Promise: TypeError: Failed to fetch
=============================
====== JS ERROR CAUGHT ======
Unhandled Promise: TypeError: Failed to fetch
=============================
====== JS ERROR CAUGHT ======
Unhandled Promise: TypeError: Failed to fetch
=============================
====== JS ERROR CAUGHT ======
Unhandled Promise: TypeError: Failed to fetch
=============================
====== JS ERROR CAUGHT ======
Unhandled Promise: TypeError: Failed to fetch
=============================
====== JS ERROR CAUGHT ======
Unhandled Promise: TypeError: Failed to fetch
=============================
====== JS ERROR CAUGHT ======
Unhandled Promise: TypeError: Failed to fetch
=============================
====== JS ERROR CAUGHT ======
Unhandled Promise: TypeError: Failed to fetch
=============================
====== JS ERROR CAUGHT ======
Unhandled Promise: TypeError: Failed to fetch
=============================
====== JS ERROR CAUGHT ======
Unhandled Promise: TypeError: Failed to fetch
=============================
====== JS ERROR CAUGHT ======
Unhandled Promise: TypeError: Failed to fetch
=============================
====== JS ERROR CAUGHT ======
Unhandled Promise: TypeError: Failed to fetch
=============================
====== JS ERROR CAUGHT ======
Unhandled Promise: TypeError: Failed to fetch
=============================
====== JS ERROR CAUGHT ======
Unhandled Promise: TypeError: Failed to fetch
=============================
====== JS ERROR CAUGHT ======
Unhandled Promise: TypeError: Failed to fetch
=============================
====== JS ERROR CAUGHT ======
Unhandled Promise: TypeError: Failed to fetch
=============================
====== JS ERROR CAUGHT ======
Unhandled Promise: TypeError: Failed to fetch
=============================
====== JS ERROR CAUGHT ======
Unhandled Promise: TypeError: Failed to fetch
=============================
====== JS ERROR CAUGHT ======
Unhandled Promise: TypeError: Failed to fetch
=============================
====== JS ERROR CAUGHT ======
Unhandled Promise: TypeError: Failed to fetch
=============================
====== JS ERROR CAUGHT ======
Unhandled Promise: TypeError: Failed to fetch
=============================
====== JS ERROR CAUGHT ======
Unhandled Promise: TypeError: Failed to fetch
=============================
====== JS ERROR CAUGHT ======
Unhandled Promise: TypeError: Failed to fetch
=============================
====== JS ERROR CAUGHT ======
Unhandled Promise: TypeError: Failed to fetch
=============================
====== JS ERROR CAUGHT ======
Unhandled Promise: TypeError: Failed to fetch
=============================
====== JS ERROR CAUGHT ======
Unhandled Promise: TypeError: Failed to fetch
=============================
====== JS ERROR CAUGHT ======
Unhandled Promise: TypeError: Failed to fetch
=============================
====== JS ERROR CAUGHT ======
Unhandled Promise: TypeError: Failed to fetch
=============================
====== JS ERROR CAUGHT ======
Unhandled Promise: TypeError: Failed to fetch
=============================
====== JS ERROR CAUGHT ======
Unhandled Promise: TypeError: Failed to fetch
=============================
====== JS ERROR CAUGHT ======
Unhandled Promise: TypeError: Failed to fetch
=============================
====== JS ERROR CAUGHT ======
Unhandled Promise: TypeError: Failed to fetch
=============================
====== JS ERROR CAUGHT ======
Unhandled Promise: TypeError: Failed to fetch
=============================
====== JS ERROR CAUGHT ======
Unhandled Promise: TypeError: Failed to fetch
=============================
====== JS ERROR CAUGHT ======
Unhandled Promise: TypeError: Failed to fetch
=============================
====== JS ERROR CAUGHT ======
Unhandled Promise: TypeError: Failed to fetch
=============================
====== JS ERROR CAUGHT ======
Unhandled Promise: TypeError: Failed to fetch
=============================
====== JS ERROR CAUGHT ======
Unhandled Promise: TypeError: Failed to fetch
=============================
====== JS ERROR CAUGHT ======
Unhandled Promise: TypeError: Failed to fetch
=============================
====== JS ERROR CAUGHT ======
Unhandled Promise: TypeError: Failed to fetch
=============================
====== JS ERROR CAUGHT ======
Unhandled Promise: TypeError: Failed to fetch
=============================
====== JS ERROR CAUGHT ======
Unhandled Promise: TypeError: Failed to fetch
=============================
====== JS ERROR CAUGHT ======
Unhandled Promise: TypeError: Failed to fetch
=============================
====== JS ERROR CAUGHT ======
Unhandled Promise: TypeError: Failed to fetch
=============================
====== JS ERROR CAUGHT ======
Unhandled Promise: TypeError: Failed to fetch
=============================
====== JS ERROR CAUGHT ======
Unhandled Promise: TypeError: Failed to fetch
=============================
====== JS ERROR CAUGHT ======
Unhandled Promise: TypeError: Failed to fetch
=============================
====== JS ERROR CAUGHT ======
Unhandled Promise: TypeError: Failed to fetch
=============================
====== JS ERROR CAUGHT ======
Unhandled Promise: TypeError: Failed to fetch
=============================
====== JS ERROR CAUGHT ======
Unhandled Promise: TypeError: Failed to fetch
=============================
====== JS ERROR CAUGHT ======
Unhandled Promise: TypeError: Failed to fetch
=============================
====== JS ERROR CAUGHT ======
Unhandled Promise: TypeError: Failed to fetch
=============================
====== JS ERROR CAUGHT ======
Unhandled Promise: TypeError: Failed to fetch
=============================
====== JS ERROR CAUGHT ======
Unhandled Promise: TypeError: Failed to fetch
=============================
====== JS ERROR CAUGHT ======
Unhandled Promise: TypeError: Failed to fetch
=============================
====== JS ERROR CAUGHT ======
Unhandled Promise: TypeError: Failed to fetch
=============================
====== JS ERROR CAUGHT ======
Unhandled Promise: TypeError: Failed to fetch
=============================
====== JS ERROR CAUGHT ======
Unhandled Promise: TypeError: Failed to fetch
=============================
====== JS ERROR CAUGHT ======
Unhandled Promise: TypeError: Failed to fetch
=============================
====== JS ERROR CAUGHT ======
Unhandled Promise: TypeError: Failed to fetch
=============================
====== JS ERROR CAUGHT ======
Unhandled Promise: TypeError: Failed to fetch
=============================
====== JS ERROR CAUGHT ======
Unhandled Promise: TypeError: Failed to fetch
=============================
====== JS ERROR CAUGHT ======
Unhandled Promise: TypeError: Failed to fetch
=============================
====== JS ERROR CAUGHT ======
Unhandled Promise: TypeError: Failed to fetch
=============================
====== JS ERROR CAUGHT ======
Unhandled Promise: TypeError: Failed to fetch
=============================
====== JS ERROR CAUGHT ======
Unhandled Promise: TypeError: Failed to fetch
=============================
====== JS ERROR CAUGHT ======
Unhandled Promise: TypeError: Failed to fetch
=============================
====== JS ERROR CAUGHT ======
Unhandled Promise: TypeError: Failed to fetch
=============================
====== JS ERROR CAUGHT ======
Unhandled Promise: TypeError: Failed to fetch
=============================
====== JS ERROR CAUGHT ======
Unhandled Promise: TypeError: Failed to fetch
=============================
====== JS ERROR CAUGHT ======
Unhandled Promise: TypeError: Failed to fetch
=============================
====== JS ERROR CAUGHT ======
Unhandled Promise: TypeError: Failed to fetch
=============================
====== JS ERROR CAUGHT ======
Unhandled Promise: TypeError: Failed to fetch
=============================
====== JS ERROR CAUGHT ======
Unhandled Promise: TypeError: Failed to fetch
=============================
====== JS ERROR CAUGHT ======
Unhandled Promise: TypeError: Failed to fetch
=============================
====== JS ERROR CAUGHT ======
Unhandled Promise: TypeError: Failed to fetch
=============================
====== JS ERROR CAUGHT ======
Unhandled Promise: TypeError: Failed to fetch
=============================
====== JS ERROR CAUGHT ======
Unhandled Promise: TypeError: Failed to fetch
=============================
====== JS ERROR CAUGHT ======
Unhandled Promise: TypeError: Failed to fetch
=============================
====== JS ERROR CAUGHT ======
Unhandled Promise: TypeError: Failed to fetch
=============================
====== JS ERROR CAUGHT ======
Unhandled Promise: TypeError: Failed to fetch
=============================
====== JS ERROR CAUGHT ======
Unhandled Promise: TypeError: Failed to fetch
=============================
====== JS ERROR CAUGHT ======
Unhandled Promise: TypeError: Failed to fetch
=============================
====== JS ERROR CAUGHT ======
Unhandled Promise: TypeError: Failed to fetch
=============================
====== JS ERROR CAUGHT ======
Unhandled Promise: TypeError: Failed to fetch
=============================
====== JS ERROR CAUGHT ======
Unhandled Promise: TypeError: Failed to fetch
=============================
====== JS ERROR CAUGHT ======
Unhandled Promise: TypeError: Failed to fetch
=============================
====== JS ERROR CAUGHT ======
Unhandled Promise: TypeError: Failed to fetch
=============================
====== JS ERROR CAUGHT ======
Unhandled Promise: TypeError: Failed to fetch
=============================
====== JS ERROR CAUGHT ======
Unhandled Promise: TypeError: Failed to fetch
=============================
====== JS ERROR CAUGHT ======
Unhandled Promise: TypeError: Failed to fetch
=============================
====== JS ERROR CAUGHT ======
Unhandled Promise: TypeError: Failed to fetch
=============================
====== JS ERROR CAUGHT ======
Unhandled Promise: TypeError: Failed to fetch
=============================
====== JS ERROR CAUGHT ======
Unhandled Promise: TypeError: Failed to fetch
=============================
====== JS ERROR CAUGHT ======
Unhandled Promise: TypeError: Failed to fetch
=============================
====== JS ERROR CAUGHT ======
Unhandled Promise: TypeError: Failed to fetch
=============================
====== JS ERROR CAUGHT ======
Unhandled Promise: TypeError: Failed to fetch
=============================
====== JS ERROR CAUGHT ======
Unhandled Promise: TypeError: Failed to fetch
=============================
====== JS ERROR CAUGHT ======
Unhandled Promise: TypeError: Failed to fetch
=============================
====== JS ERROR CAUGHT ======
Unhandled Promise: TypeError: Failed to fetch
=============================
====== JS ERROR CAUGHT ======
Unhandled Promise: TypeError: Failed to fetch
=============================
====== JS ERROR CAUGHT ======
Unhandled Promise: TypeError: Failed to fetch
=============================
====== JS ERROR CAUGHT ======
Unhandled Promise: TypeError: Failed to fetch
=============================
====== JS ERROR CAUGHT ======
Unhandled Promise: TypeError: Failed to fetch
=============================
====== JS ERROR CAUGHT ======
Unhandled Promise: TypeError: Failed to fetch
=============================
====== JS ERROR CAUGHT ======
Unhandled Promise: TypeError: Failed to fetch
=============================
====== JS ERROR CAUGHT ======
Unhandled Promise: TypeError: Failed to fetch
=============================
====== JS ERROR CAUGHT ======
Unhandled Promise: TypeError: Failed to fetch
=============================
====== JS ERROR CAUGHT ======
Unhandled Promise: TypeError: Failed to fetch
=============================
====== JS ERROR CAUGHT ======
Unhandled Promise: TypeError: Failed to fetch
=============================
====== JS ERROR CAUGHT ======
Unhandled Promise: TypeError: Failed to fetch
=============================
====== JS ERROR CAUGHT ======
Unhandled Promise: TypeError: Failed to fetch
=============================
====== JS ERROR CAUGHT ======
Unhandled Promise: TypeError: Failed to fetch
=============================
====== JS ERROR CAUGHT ======
Unhandled Promise: TypeError: Failed to fetch
=============================
====== JS ERROR CAUGHT ======
Unhandled Promise: TypeError: Failed to fetch
=============================
====== JS ERROR CAUGHT ======
Unhandled Promise: TypeError: Failed to fetch
=============================
====== JS ERROR CAUGHT ======
Unhandled Promise: TypeError: Failed to fetch
=============================
====== JS ERROR CAUGHT ======
Unhandled Promise: TypeError: Failed to fetch
=============================
====== JS ERROR CAUGHT ======
Unhandled Promise: TypeError: Failed to fetch
=============================
====== JS ERROR CAUGHT ======
Unhandled Promise: TypeError: Failed to fetch
=============================
====== JS ERROR CAUGHT ======
Unhandled Promise: TypeError: Failed to fetch
=============================
====== JS ERROR CAUGHT ======
Unhandled Promise: TypeError: Failed to fetch
=============================
====== JS ERROR CAUGHT ======
Unhandled Promise: TypeError: Failed to fetch
=============================
====== JS ERROR CAUGHT ======
Unhandled Promise: TypeError: Failed to fetch
=============================
====== JS ERROR CAUGHT ======
Unhandled Promise: TypeError: Failed to fetch
=============================
====== JS ERROR CAUGHT ======
Unhandled Promise: TypeError: Failed to fetch
=============================
====== JS ERROR CAUGHT ======
Unhandled Promise: TypeError: Failed to fetch
=============================
====== JS ERROR CAUGHT ======
Unhandled Promise: TypeError: Failed to fetch
=============================
====== JS ERROR CAUGHT ======
Unhandled Promise: TypeError: Failed to fetch
=============================
====== JS ERROR CAUGHT ======
Unhandled Promise: TypeError: Failed to fetch
=============================
====== JS ERROR CAUGHT ======
Unhandled Promise: TypeError: Failed to fetch
=============================
====== JS ERROR CAUGHT ======
Unhandled Promise: TypeError: Failed to fetch
=============================
====== JS ERROR CAUGHT ======
Unhandled Promise: TypeError: Failed to fetch
=============================
====== JS ERROR CAUGHT ======
Unhandled Promise: TypeError: Failed to fetch
=============================
====== JS ERROR CAUGHT ======
Unhandled Promise: TypeError: Failed to fetch
=============================
====== JS ERROR CAUGHT ======
Unhandled Promise: TypeError: Failed to fetch
=============================
====== JS ERROR CAUGHT ======
Unhandled Promise: TypeError: Failed to fetch
=============================
====== JS ERROR CAUGHT ======
Unhandled Promise: TypeError: Failed to fetch
=============================
====== JS ERROR CAUGHT ======
Unhandled Promise: TypeError: Failed to fetch
=============================
====== JS ERROR CAUGHT ======
Unhandled Promise: TypeError: Failed to fetch
=============================
====== JS ERROR CAUGHT ======
Unhandled Promise: TypeError: Failed to fetch
=============================
====== JS ERROR CAUGHT ======
Unhandled Promise: TypeError: Failed to fetch
=============================
====== JS ERROR CAUGHT ======
Unhandled Promise: TypeError: Failed to fetch
=============================
====== JS ERROR CAUGHT ======
Unhandled Promise: TypeError: Failed to fetch
=============================
====== JS ERROR CAUGHT ======
Unhandled Promise: TypeError: Failed to fetch
=============================
====== JS ERROR CAUGHT ======
Unhandled Promise: TypeError: Failed to fetch
=============================
====== JS ERROR CAUGHT ======
Unhandled Promise: TypeError: Failed to fetch
=============================
====== JS ERROR CAUGHT ======
Unhandled Promise: TypeError: Failed to fetch
=============================
====== JS ERROR CAUGHT ======
Unhandled Promise: TypeError: Failed to fetch
=============================
====== JS ERROR CAUGHT ======
Unhandled Promise: TypeError: Failed to fetch
=============================
====== JS ERROR CAUGHT ======
Unhandled Promise: TypeError: Failed to fetch
=============================
====== JS ERROR CAUGHT ======
Unhandled Promise: TypeError: Failed to fetch
=============================
====== JS ERROR CAUGHT ======
Unhandled Promise: TypeError: Failed to fetch
=============================
====== JS ERROR CAUGHT ======
Unhandled Promise: TypeError: Failed to fetch
=============================
====== JS ERROR CAUGHT ======
Unhandled Promise: TypeError: Failed to fetch
=============================
====== JS ERROR CAUGHT ======
Unhandled Promise: TypeError: Failed to fetch
=============================
====== JS ERROR CAUGHT ======
Unhandled Promise: TypeError: Failed to fetch
=============================
====== JS ERROR CAUGHT ======
Unhandled Promise: TypeError: Failed to fetch
=============================
====== JS ERROR CAUGHT ======
Unhandled Promise: TypeError: Failed to fetch
=============================
====== JS ERROR CAUGHT ======
Unhandled Promise: TypeError: Failed to fetch
=============================
====== JS ERROR CAUGHT ======
Unhandled Promise: TypeError: Failed to fetch
=============================
====== JS ERROR CAUGHT ======
Unhandled Promise: TypeError: Failed to fetch
=============================
====== JS ERROR CAUGHT ======
Unhandled Promise: TypeError: Failed to fetch
=============================
====== JS ERROR CAUGHT ======
Unhandled Promise: TypeError: Failed to fetch
=============================
====== JS ERROR CAUGHT ======
Unhandled Promise: TypeError: Failed to fetch
=============================
====== JS ERROR CAUGHT ======
Unhandled Promise: TypeError: Failed to fetch
=============================
====== JS ERROR CAUGHT ======
Unhandled Promise: TypeError: Failed to fetch
=============================
====== JS ERROR CAUGHT ======
Unhandled Promise: TypeError: Failed to fetch
=============================
====== JS ERROR CAUGHT ======
Unhandled Promise: TypeError: Failed to fetch
=============================
====== JS ERROR CAUGHT ======
Unhandled Promise: TypeError: Failed to fetch
=============================
====== JS ERROR CAUGHT ======
Unhandled Promise: TypeError: Failed to fetch
=============================
====== JS ERROR CAUGHT ======
Unhandled Promise: TypeError: Failed to fetch
=============================
====== JS ERROR CAUGHT ======
Unhandled Promise: TypeError: Failed to fetch
=============================
====== JS ERROR CAUGHT ======
Unhandled Promise: TypeError: Failed to fetch
=============================
====== JS ERROR CAUGHT ======
Unhandled Promise: TypeError: Failed to fetch
=============================
====== JS ERROR CAUGHT ======
Unhandled Promise: TypeError: Failed to fetch
=============================
====== JS ERROR CAUGHT ======
Unhandled Promise: TypeError: Failed to fetch
=============================
====== JS ERROR CAUGHT ======
Unhandled Promise: TypeError: Failed to fetch
=============================
====== JS ERROR CAUGHT ======
Unhandled Promise: TypeError: Failed to fetch
=============================
====== JS ERROR CAUGHT ======
Unhandled Promise: TypeError: Failed to fetch
=============================
====== JS ERROR CAUGHT ======
Unhandled Promise: TypeError: Failed to fetch
=============================
====== JS ERROR CAUGHT ======
Unhandled Promise: TypeError: Failed to fetch
=============================
====== JS ERROR CAUGHT ======
Unhandled Promise: TypeError: Failed to fetch
=============================
====== JS ERROR CAUGHT ======
Unhandled Promise: TypeError: Failed to fetch
=============================
====== JS ERROR CAUGHT ======
Unhandled Promise: TypeError: Failed to fetch
=============================
====== JS ERROR CAUGHT ======
Unhandled Promise: TypeError: Failed to fetch
=============================
====== JS ERROR CAUGHT ======
Unhandled Promise: TypeError: Failed to fetch
=============================
====== JS ERROR CAUGHT ======
Unhandled Promise: TypeError: Failed to fetch
=============================
====== JS ERROR CAUGHT ======
Unhandled Promise: TypeError: Failed to fetch
=============================
====== JS ERROR CAUGHT ======
Unhandled Promise: TypeError: Failed to fetch
=============================
====== JS ERROR CAUGHT ======
Unhandled Promise: TypeError: Failed to fetch
=============================
====== JS ERROR CAUGHT ======
Unhandled Promise: TypeError: Failed to fetch
=============================
====== JS ERROR CAUGHT ======
Unhandled Promise: TypeError: Failed to fetch
=============================
====== JS ERROR CAUGHT ======
Unhandled Promise: TypeError: Failed to fetch
=============================
====== JS ERROR CAUGHT ======
Unhandled Promise: TypeError: Failed to fetch
=============================
====== JS ERROR CAUGHT ======
Unhandled Promise: TypeError: Failed to fetch
=============================
====== JS ERROR CAUGHT ======
Unhandled Promise: TypeError: Failed to fetch
=============================
====== JS ERROR CAUGHT ======
Unhandled Promise: TypeError: Failed to fetch
=============================
====== JS ERROR CAUGHT ======
Unhandled Promise: TypeError: Failed to fetch
=============================
====== JS ERROR CAUGHT ======
Unhandled Promise: TypeError: Failed to fetch
=============================
====== JS ERROR CAUGHT ======
Unhandled Promise: TypeError: Failed to fetch
=============================
====== JS ERROR CAUGHT ======
Unhandled Promise: TypeError: Failed to fetch
=============================
====== JS ERROR CAUGHT ======
Unhandled Promise: TypeError: Failed to fetch
=============================
====== JS ERROR CAUGHT ======
Unhandled Promise: TypeError: Failed to fetch
=============================
====== JS ERROR CAUGHT ======
Unhandled Promise: TypeError: Failed to fetch
=============================
====== JS ERROR CAUGHT ======
Unhandled Promise: TypeError: Failed to fetch
=============================
====== JS ERROR CAUGHT ======
Unhandled Promise: TypeError: Failed to fetch
=============================
====== JS ERROR CAUGHT ======
Unhandled Promise: TypeError: Failed to fetch
=============================
====== JS ERROR CAUGHT ======
Unhandled Promise: TypeError: Failed to fetch
=============================
====== JS ERROR CAUGHT ======
Unhandled Promise: TypeError: Failed to fetch
=============================
====== JS ERROR CAUGHT ======
Unhandled Promise: TypeError: Failed to fetch
=============================
====== JS ERROR CAUGHT ======
Unhandled Promise: TypeError: Failed to fetch
=============================
====== JS ERROR CAUGHT ======
Unhandled Promise: TypeError: Failed to fetch
=============================
====== JS ERROR CAUGHT ======
Unhandled Promise: TypeError: Failed to fetch
=============================
====== JS ERROR CAUGHT ======
Unhandled Promise: TypeError: Failed to fetch
=============================
====== JS ERROR CAUGHT ======
Unhandled Promise: TypeError: Failed to fetch
=============================
====== JS ERROR CAUGHT ======
Unhandled Promise: TypeError: Failed to fetch
=============================
====== JS ERROR CAUGHT ======
Unhandled Promise: TypeError: Failed to fetch
=============================
====== JS ERROR CAUGHT ======
Unhandled Promise: TypeError: Failed to fetch
=============================
====== JS ERROR CAUGHT ======
Unhandled Promise: TypeError: Failed to fetch
=============================
====== JS ERROR CAUGHT ======
Unhandled Promise: TypeError: Failed to fetch
=============================
====== JS ERROR CAUGHT ======
Unhandled Promise: TypeError: Failed to fetch
=============================
====== JS ERROR CAUGHT ======
Unhandled Promise: TypeError: Failed to fetch
=============================
====== JS ERROR CAUGHT ======
Unhandled Promise: TypeError: Failed to fetch
=============================
====== JS ERROR CAUGHT ======
Unhandled Promise: TypeError: Failed to fetch
=============================
====== JS ERROR CAUGHT ======
Unhandled Promise: TypeError: Failed to fetch
=============================
====== JS ERROR CAUGHT ======
Unhandled Promise: TypeError: Failed to fetch
=============================
====== JS ERROR CAUGHT ======
Unhandled Promise: TypeError: Failed to fetch
=============================
====== JS ERROR CAUGHT ======
Unhandled Promise: TypeError: Failed to fetch
=============================
====== JS ERROR CAUGHT ======
Unhandled Promise: TypeError: Failed to fetch
=============================
====== JS ERROR CAUGHT ======
Unhandled Promise: TypeError: Failed to fetch
=============================
====== JS ERROR CAUGHT ======
Unhandled Promise: TypeError: Failed to fetch
=============================
====== JS ERROR CAUGHT ======
Unhandled Promise: TypeError: Failed to fetch
=============================
====== JS ERROR CAUGHT ======
Unhandled Promise: TypeError: Failed to fetch
=============================
====== JS ERROR CAUGHT ======
Unhandled Promise: TypeError: Failed to fetch
=============================
====== JS ERROR CAUGHT ======
Unhandled Promise: TypeError: Failed to fetch
=============================
====== JS ERROR CAUGHT ======
Unhandled Promise: TypeError: Failed to fetch
=============================
====== JS ERROR CAUGHT ======
Unhandled Promise: TypeError: Failed to fetch
=============================
====== JS ERROR CAUGHT ======
Unhandled Promise: TypeError: Failed to fetch
=============================
====== JS ERROR CAUGHT ======
Unhandled Promise: TypeError: Failed to fetch
=============================
====== JS ERROR CAUGHT ======
Unhandled Promise: TypeError: Failed to fetch
=============================
====== JS ERROR CAUGHT ======
Unhandled Promise: TypeError: Failed to fetch
=============================
====== JS ERROR CAUGHT ======
Unhandled Promise: TypeError: Failed to fetch
=============================
====== JS ERROR CAUGHT ======
Unhandled Promise: TypeError: Failed to fetch
=============================
====== JS ERROR CAUGHT ======
Unhandled Promise: TypeError: Failed to fetch
=============================
====== JS ERROR CAUGHT ======
Unhandled Promise: TypeError: Failed to fetch
=============================
====== JS ERROR CAUGHT ======
Unhandled Promise: TypeError: Failed to fetch
=============================
====== JS ERROR CAUGHT ======
Unhandled Promise: TypeError: Failed to fetch
=============================
====== JS ERROR CAUGHT ======
Unhandled Promise: TypeError: Failed to fetch
=============================
====== JS ERROR CAUGHT ======
Unhandled Promise: TypeError: Failed to fetch
=============================
====== JS ERROR CAUGHT ======
Unhandled Promise: TypeError: Failed to fetch
=============================
====== JS ERROR CAUGHT ======
Unhandled Promise: TypeError: Failed to fetch
=============================
====== JS ERROR CAUGHT ======
Unhandled Promise: TypeError: Failed to fetch
=============================
====== JS ERROR CAUGHT ======
Unhandled Promise: TypeError: Failed to fetch
=============================
====== JS ERROR CAUGHT ======
Unhandled Promise: TypeError: Failed to fetch
=============================
====== JS ERROR CAUGHT ======
Unhandled Promise: TypeError: Failed to fetch
=============================
====== JS ERROR CAUGHT ======
Unhandled Promise: TypeError: Failed to fetch
=============================
====== JS ERROR CAUGHT ======
Unhandled Promise: TypeError: Failed to fetch
=============================
====== JS ERROR CAUGHT ======
Unhandled Promise: TypeError: Failed to fetch
=============================
====== JS ERROR CAUGHT ======
Unhandled Promise: TypeError: Failed to fetch
=============================
====== JS ERROR CAUGHT ======
Unhandled Promise: TypeError: Failed to fetch
=============================
====== JS ERROR CAUGHT ======
Unhandled Promise: TypeError: Failed to fetch
=============================
====== JS ERROR CAUGHT ======
Unhandled Promise: TypeError: Failed to fetch
=============================
====== JS ERROR CAUGHT ======
Unhandled Promise: TypeError: Failed to fetch
=============================
====== JS ERROR CAUGHT ======
Unhandled Promise: TypeError: Failed to fetch
=============================
====== JS ERROR CAUGHT ======
Unhandled Promise: TypeError: Failed to fetch
=============================
====== JS ERROR CAUGHT ======
Unhandled Promise: TypeError: Failed to fetch
=============================
====== JS ERROR CAUGHT ======
Unhandled Promise: TypeError: Failed to fetch
=============================
====== JS ERROR CAUGHT ======
Unhandled Promise: TypeError: Failed to fetch
=============================
====== JS ERROR CAUGHT ======
Unhandled Promise: TypeError: Failed to fetch
=============================
====== JS ERROR CAUGHT ======
Unhandled Promise: TypeError: Failed to fetch
=============================
====== JS ERROR CAUGHT ======
Unhandled Promise: TypeError: Failed to fetch
=============================
====== JS ERROR CAUGHT ======
Unhandled Promise: TypeError: Failed to fetch
=============================
====== JS ERROR CAUGHT ======
Unhandled Promise: TypeError: Failed to fetch
=============================
====== JS ERROR CAUGHT ======
Unhandled Promise: TypeError: Failed to fetch
=============================
====== JS ERROR CAUGHT ======
Unhandled Promise: TypeError: Failed to fetch
=============================
====== JS ERROR CAUGHT ======
Unhandled Promise: TypeError: Failed to fetch
=============================
====== JS ERROR CAUGHT ======
Unhandled Promise: TypeError: Failed to fetch
=============================
====== JS ERROR CAUGHT ======
Unhandled Promise: TypeError: Failed to fetch
=============================
====== JS ERROR CAUGHT ======
Unhandled Promise: TypeError: Failed to fetch
=============================
====== JS ERROR CAUGHT ======
Unhandled Promise: TypeError: Failed to fetch
=============================
====== JS ERROR CAUGHT ======
Unhandled Promise: TypeError: Failed to fetch
=============================
====== JS ERROR CAUGHT ======
Unhandled Promise: TypeError: Failed to fetch
=============================
====== JS ERROR CAUGHT ======
Unhandled Promise: TypeError: Failed to fetch
=============================
====== JS ERROR CAUGHT ======
Unhandled Promise: TypeError: Failed to fetch
=============================
====== JS ERROR CAUGHT ======
Unhandled Promise: TypeError: Failed to fetch
=============================
====== JS ERROR CAUGHT ======
Unhandled Promise: TypeError: Failed to fetch
=============================
====== JS ERROR CAUGHT ======
Unhandled Promise: TypeError: Failed to fetch
=============================
====== JS ERROR CAUGHT ======
Unhandled Promise: TypeError: Failed to fetch
=============================
====== JS ERROR CAUGHT ======
Unhandled Promise: TypeError: Failed to fetch
=============================
====== JS ERROR CAUGHT ======
Unhandled Promise: TypeError: Failed to fetch
=============================
====== JS ERROR CAUGHT ======
Unhandled Promise: TypeError: Failed to fetch
=============================
====== JS ERROR CAUGHT ======
Unhandled Promise: TypeError: Failed to fetch
=============================
====== JS ERROR CAUGHT ======
Unhandled Promise: TypeError: Failed to fetch
=============================
====== JS ERROR CAUGHT ======
Unhandled Promise: TypeError: Failed to fetch
=============================
====== JS ERROR CAUGHT ======
Unhandled Promise: TypeError: Failed to fetch
=============================
====== JS ERROR CAUGHT ======
Unhandled Promise: TypeError: Failed to fetch
=============================
====== JS ERROR CAUGHT ======
Unhandled Promise: TypeError: Failed to fetch
=============================
====== JS ERROR CAUGHT ======
Unhandled Promise: TypeError: Failed to fetch
=============================
====== JS ERROR CAUGHT ======
Unhandled Promise: TypeError: Failed to fetch
=============================
====== JS ERROR CAUGHT ======
Unhandled Promise: TypeError: Failed to fetch
=============================
====== JS ERROR CAUGHT ======
Unhandled Promise: TypeError: Failed to fetch
=============================
====== JS ERROR CAUGHT ======
Unhandled Promise: TypeError: Failed to fetch
=============================
====== JS ERROR CAUGHT ======
Unhandled Promise: TypeError: Failed to fetch
=============================
====== JS ERROR CAUGHT ======
Unhandled Promise: TypeError: Failed to fetch
=============================
====== JS ERROR CAUGHT ======
Unhandled Promise: TypeError: Failed to fetch
=============================
====== JS ERROR CAUGHT ======
Unhandled Promise: TypeError: Failed to fetch
=============================
====== JS ERROR CAUGHT ======
Unhandled Promise: TypeError: Failed to fetch
=============================
====== JS ERROR CAUGHT ======
Unhandled Promise: TypeError: Failed to fetch
=============================
====== JS ERROR CAUGHT ======
Unhandled Promise: TypeError: Failed to fetch
=============================
====== JS ERROR CAUGHT ======
Unhandled Promise: TypeError: Failed to fetch
=============================
====== JS ERROR CAUGHT ======
Unhandled Promise: TypeError: Failed to fetch
=============================
====== JS ERROR CAUGHT ======
Unhandled Promise: TypeError: Failed to fetch
=============================
====== JS ERROR CAUGHT ======
Unhandled Promise: TypeError: Failed to fetch
=============================
====== JS ERROR CAUGHT ======
Unhandled Promise: TypeError: Failed to fetch
=============================
====== JS ERROR CAUGHT ======
Unhandled Promise: TypeError: Failed to fetch
=============================
====== JS ERROR CAUGHT ======
Unhandled Promise: TypeError: Failed to fetch
=============================
====== JS ERROR CAUGHT ======
Unhandled Promise: TypeError: Failed to fetch
=============================
====== JS ERROR CAUGHT ======
Unhandled Promise: TypeError: Failed to fetch
=============================
====== JS ERROR CAUGHT ======
Unhandled Promise: TypeError: Failed to fetch
=============================
====== JS ERROR CAUGHT ======
Unhandled Promise: TypeError: Failed to fetch
=============================
====== JS ERROR CAUGHT ======
Unhandled Promise: TypeError: Failed to fetch
=============================
====== JS ERROR CAUGHT ======
Unhandled Promise: TypeError: Failed to fetch
=============================
====== JS ERROR CAUGHT ======
Unhandled Promise: TypeError: Failed to fetch
=============================
====== JS ERROR CAUGHT ======
Unhandled Promise: TypeError: Failed to fetch
=============================
====== JS ERROR CAUGHT ======
Unhandled Promise: TypeError: Failed to fetch
=============================
====== JS ERROR CAUGHT ======
Unhandled Promise: TypeError: Failed to fetch
=============================
====== JS ERROR CAUGHT ======
Unhandled Promise: TypeError: Failed to fetch
=============================
====== JS ERROR CAUGHT ======
Unhandled Promise: TypeError: Failed to fetch
=============================
====== JS ERROR CAUGHT ======
Unhandled Promise: TypeError: Failed to fetch
=============================
====== JS ERROR CAUGHT ======
Unhandled Promise: TypeError: Failed to fetch
=============================
====== JS ERROR CAUGHT ======
Unhandled Promise: TypeError: Failed to fetch
=============================
====== JS ERROR CAUGHT ======
Unhandled Promise: TypeError: Failed to fetch
=============================
====== JS ERROR CAUGHT ======
Unhandled Promise: TypeError: Failed to fetch
=============================
====== JS ERROR CAUGHT ======
Unhandled Promise: TypeError: Failed to fetch
=============================
====== JS ERROR CAUGHT ======
Unhandled Promise: TypeError: Failed to fetch
=============================
====== JS ERROR CAUGHT ======
Unhandled Promise: TypeError: Failed to fetch
=============================
====== JS ERROR CAUGHT ======
Unhandled Promise: TypeError: Failed to fetch
=============================
====== JS ERROR CAUGHT ======
Unhandled Promise: TypeError: Failed to fetch
=============================
====== JS ERROR CAUGHT ======
Unhandled Promise: TypeError: Failed to fetch
=============================
====== JS ERROR CAUGHT ======
Unhandled Promise: TypeError: Failed to fetch
=============================
====== JS ERROR CAUGHT ======
Unhandled Promise: TypeError: Failed to fetch
=============================
====== JS ERROR CAUGHT ======
Unhandled Promise: TypeError: Failed to fetch
=============================
====== JS ERROR CAUGHT ======
Unhandled Promise: TypeError: Failed to fetch
=============================
====== JS ERROR CAUGHT ======
Unhandled Promise: TypeError: Failed to fetch
=============================
====== JS ERROR CAUGHT ======
Unhandled Promise: TypeError: Failed to fetch
=============================
====== JS ERROR CAUGHT ======
Unhandled Promise: TypeError: Failed to fetch
=============================
====== JS ERROR CAUGHT ======
Unhandled Promise: TypeError: Failed to fetch
=============================
====== JS ERROR CAUGHT ======
Unhandled Promise: TypeError: Failed to fetch
=============================
====== JS ERROR CAUGHT ======
Unhandled Promise: TypeError: Failed to fetch
=============================
====== JS ERROR CAUGHT ======
Unhandled Promise: TypeError: Failed to fetch
=============================
====== JS ERROR CAUGHT ======
Unhandled Promise: TypeError: Failed to fetch
=============================
====== JS ERROR CAUGHT ======
Unhandled Promise: TypeError: Failed to fetch
=============================
====== JS ERROR CAUGHT ======
Unhandled Promise: TypeError: Failed to fetch
=============================
====== JS ERROR CAUGHT ======
Unhandled Promise: TypeError: Failed to fetch
=============================
====== JS ERROR CAUGHT ======
Unhandled Promise: TypeError: Failed to fetch
=============================
====== JS ERROR CAUGHT ======
Unhandled Promise: TypeError: Failed to fetch
=============================
====== JS ERROR CAUGHT ======
Unhandled Promise: TypeError: Failed to fetch
=============================
====== JS ERROR CAUGHT ======
Unhandled Promise: TypeError: Failed to fetch
=============================
====== JS ERROR CAUGHT ======
Unhandled Promise: TypeError: Failed to fetch
=============================
====== JS ERROR CAUGHT ======
Unhandled Promise: TypeError: Failed to fetch
=============================
====== JS ERROR CAUGHT ======
Unhandled Promise: TypeError: Failed to fetch
=============================
====== JS ERROR CAUGHT ======
Unhandled Promise: TypeError: Failed to fetch
=============================
====== JS ERROR CAUGHT ======
Unhandled Promise: TypeError: Failed to fetch
=============================
====== JS ERROR CAUGHT ======
Unhandled Promise: TypeError: Failed to fetch
=============================
====== JS ERROR CAUGHT ======
Unhandled Promise: TypeError: Failed to fetch
=============================
====== JS ERROR CAUGHT ======
Unhandled Promise: TypeError: Failed to fetch
=============================
====== JS ERROR CAUGHT ======
Unhandled Promise: TypeError: Failed to fetch
=============================
====== JS ERROR CAUGHT ======
Unhandled Promise: TypeError: Failed to fetch
=============================
====== JS ERROR CAUGHT ======
Unhandled Promise: TypeError: Failed to fetch
=============================
====== JS ERROR CAUGHT ======
Unhandled Promise: TypeError: Failed to fetch
=============================
====== JS ERROR CAUGHT ======
Unhandled Promise: TypeError: Failed to fetch
=============================
====== JS ERROR CAUGHT ======
Unhandled Promise: TypeError: Failed to fetch
=============================
====== JS ERROR CAUGHT ======
Unhandled Promise: TypeError: Failed to fetch
=============================
====== JS ERROR CAUGHT ======
Unhandled Promise: TypeError: Failed to fetch
=============================
====== JS ERROR CAUGHT ======
Unhandled Promise: TypeError: Failed to fetch
=============================
====== JS ERROR CAUGHT ======
Unhandled Promise: TypeError: Failed to fetch
=============================
====== JS ERROR CAUGHT ======
Unhandled Promise: TypeError: Failed to fetch
=============================
====== JS ERROR CAUGHT ======
Unhandled Promise: TypeError: Failed to fetch
=============================
====== JS ERROR CAUGHT ======
Unhandled Promise: TypeError: Failed to fetch
=============================
====== JS ERROR CAUGHT ======
Unhandled Promise: TypeError: Failed to fetch
=============================
====== JS ERROR CAUGHT ======
Unhandled Promise: TypeError: Failed to fetch
=============================
====== JS ERROR CAUGHT ======
Unhandled Promise: TypeError: Failed to fetch
=============================
====== JS ERROR CAUGHT ======
Unhandled Promise: TypeError: Failed to fetch
=============================
====== JS ERROR CAUGHT ======
Unhandled Promise: TypeError: Failed to fetch
=============================
====== JS ERROR CAUGHT ======
Unhandled Promise: TypeError: Failed to fetch
=============================
====== JS ERROR CAUGHT ======
Unhandled Promise: TypeError: Failed to fetch
=============================
====== JS ERROR CAUGHT ======
Unhandled Promise: TypeError: Failed to fetch
=============================
====== JS ERROR CAUGHT ======
Unhandled Promise: TypeError: Failed to fetch
=============================
====== JS ERROR CAUGHT ======
Unhandled Promise: TypeError: Failed to fetch
=============================
====== JS ERROR CAUGHT ======
Unhandled Promise: TypeError: Failed to fetch
=============================
====== JS ERROR CAUGHT ======
Unhandled Promise: TypeError: Failed to fetch
=============================
====== JS ERROR CAUGHT ======
Unhandled Promise: TypeError: Failed to fetch
=============================
====== JS ERROR CAUGHT ======
Unhandled Promise: TypeError: Failed to fetch
=============================
====== JS ERROR CAUGHT ======
Unhandled Promise: TypeError: Failed to fetch
=============================
====== JS ERROR CAUGHT ======
Unhandled Promise: TypeError: Failed to fetch
=============================
====== JS ERROR CAUGHT ======
Unhandled Promise: TypeError: Failed to fetch
=============================
====== JS ERROR CAUGHT ======
Unhandled Promise: TypeError: Failed to fetch
=============================
====== JS ERROR CAUGHT ======
Unhandled Promise: TypeError: Failed to fetch
=============================
====== JS ERROR CAUGHT ======
Unhandled Promise: TypeError: Failed to fetch
=============================
====== JS ERROR CAUGHT ======
Unhandled Promise: TypeError: Failed to fetch
=============================
====== JS ERROR CAUGHT ======
Unhandled Promise: TypeError: Failed to fetch
=============================
====== JS ERROR CAUGHT ======
Unhandled Promise: TypeError: Failed to fetch
=============================
====== JS ERROR CAUGHT ======
Unhandled Promise: TypeError: Failed to fetch
=============================
====== JS ERROR CAUGHT ======
Unhandled Promise: TypeError: Failed to fetch
=============================
====== JS ERROR CAUGHT ======
Unhandled Promise: TypeError: Failed to fetch
=============================
====== JS ERROR CAUGHT ======
Unhandled Promise: TypeError: Failed to fetch
=============================
====== JS ERROR CAUGHT ======
Unhandled Promise: TypeError: Failed to fetch
=============================
====== JS ERROR CAUGHT ======
Unhandled Promise: TypeError: Failed to fetch
=============================
====== JS ERROR CAUGHT ======
Unhandled Promise: TypeError: Failed to fetch
=============================
====== JS ERROR CAUGHT ======
Unhandled Promise: TypeError: Failed to fetch
=============================
====== JS ERROR CAUGHT ======
Unhandled Promise: TypeError: Failed to fetch
=============================
====== JS ERROR CAUGHT ======
Unhandled Promise: TypeError: Failed to fetch
=============================
====== JS ERROR CAUGHT ======
Unhandled Promise: TypeError: Failed to fetch
=============================
====== JS ERROR CAUGHT ======
Unhandled Promise: TypeError: Failed to fetch
=============================
====== JS ERROR CAUGHT ======
Unhandled Promise: TypeError: Failed to fetch
=============================
====== JS ERROR CAUGHT ======
Unhandled Promise: TypeError: Failed to fetch
=============================
====== JS ERROR CAUGHT ======
Unhandled Promise: TypeError: Failed to fetch
=============================
====== JS ERROR CAUGHT ======
Unhandled Promise: TypeError: Failed to fetch
=============================
====== JS ERROR CAUGHT ======
Unhandled Promise: TypeError: Failed to fetch
=============================
====== JS ERROR CAUGHT ======
Unhandled Promise: TypeError: Failed to fetch
=============================
====== JS ERROR CAUGHT ======
Unhandled Promise: TypeError: Failed to fetch
=============================
====== JS ERROR CAUGHT ======
Unhandled Promise: TypeError: Failed to fetch
=============================
====== JS ERROR CAUGHT ======
Unhandled Promise: TypeError: Failed to fetch
=============================
====== JS ERROR CAUGHT ======
Unhandled Promise: TypeError: Failed to fetch
=============================
====== JS ERROR CAUGHT ======
Unhandled Promise: TypeError: Failed to fetch
=============================
====== JS ERROR CAUGHT ======
Unhandled Promise: TypeError: Failed to fetch
=============================
====== JS ERROR CAUGHT ======
Unhandled Promise: TypeError: Failed to fetch
=============================
====== JS ERROR CAUGHT ======
Unhandled Promise: TypeError: Failed to fetch
=============================
====== JS ERROR CAUGHT ======
Unhandled Promise: TypeError: Failed to fetch
=============================
====== JS ERROR CAUGHT ======
Unhandled Promise: TypeError: Failed to fetch
=============================
====== JS ERROR CAUGHT ======
Unhandled Promise: TypeError: Failed to fetch
=============================
====== JS ERROR CAUGHT ======
Unhandled Promise: TypeError: Failed to fetch
=============================
====== JS ERROR CAUGHT ======
Unhandled Promise: TypeError: Failed to fetch
=============================
====== JS ERROR CAUGHT ======
Unhandled Promise: TypeError: Failed to fetch
=============================
====== JS ERROR CAUGHT ======
Unhandled Promise: TypeError: Failed to fetch
=============================
====== JS ERROR CAUGHT ======
Unhandled Promise: TypeError: Failed to fetch
=============================
====== JS ERROR CAUGHT ======
Unhandled Promise: TypeError: Failed to fetch
=============================
====== JS ERROR CAUGHT ======
Unhandled Promise: TypeError: Failed to fetch
=============================
====== JS ERROR CAUGHT ======
Unhandled Promise: TypeError: Failed to fetch
=============================
====== JS ERROR CAUGHT ======
Unhandled Promise: TypeError: Failed to fetch
=============================
====== JS ERROR CAUGHT ======
Unhandled Promise: TypeError: Failed to fetch
=============================
====== JS ERROR CAUGHT ======
Unhandled Promise: TypeError: Failed to fetch
=============================
====== JS ERROR CAUGHT ======
Unhandled Promise: TypeError: Failed to fetch
=============================
====== JS ERROR CAUGHT ======
Unhandled Promise: TypeError: Failed to fetch
=============================
====== JS ERROR CAUGHT ======
Unhandled Promise: TypeError: Failed to fetch
=============================
====== JS ERROR CAUGHT ======
Unhandled Promise: TypeError: Failed to fetch
=============================
====== JS ERROR CAUGHT ======
Unhandled Promise: TypeError: Failed to fetch
=============================
====== JS ERROR CAUGHT ======
Unhandled Promise: TypeError: Failed to fetch
=============================
====== JS ERROR CAUGHT ======
Unhandled Promise: TypeError: Failed to fetch
=============================
====== JS ERROR CAUGHT ======
Unhandled Promise: TypeError: Failed to fetch
=============================
====== JS ERROR CAUGHT ======
Unhandled Promise: TypeError: Failed to fetch
=============================
====== JS ERROR CAUGHT ======
Unhandled Promise: TypeError: Failed to fetch
=============================
====== JS ERROR CAUGHT ======
Unhandled Promise: TypeError: Failed to fetch
=============================
====== JS ERROR CAUGHT ======
Unhandled Promise: TypeError: Failed to fetch
=============================
====== JS ERROR CAUGHT ======
Unhandled Promise: TypeError: Failed to fetch
=============================
====== JS ERROR CAUGHT ======
Unhandled Promise: TypeError: Failed to fetch
=============================
====== JS ERROR CAUGHT ======
Unhandled Promise: TypeError: Failed to fetch
=============================
====== JS ERROR CAUGHT ======
Unhandled Promise: TypeError: Failed to fetch
=============================
====== JS ERROR CAUGHT ======
Unhandled Promise: TypeError: Failed to fetch
=============================
====== JS ERROR CAUGHT ======
Unhandled Promise: TypeError: Failed to fetch
=============================
====== JS ERROR CAUGHT ======
Unhandled Promise: TypeError: Failed to fetch
=============================
====== JS ERROR CAUGHT ======
Unhandled Promise: TypeError: Failed to fetch
=============================
====== JS ERROR CAUGHT ======
Unhandled Promise: TypeError: Failed to fetch
=============================
====== JS ERROR CAUGHT ======
Unhandled Promise: TypeError: Failed to fetch
=============================
====== JS ERROR CAUGHT ======
Unhandled Promise: TypeError: Failed to fetch
=============================
====== JS ERROR CAUGHT ======
Unhandled Promise: TypeError: Failed to fetch
=============================
====== JS ERROR CAUGHT ======
Unhandled Promise: TypeError: Failed to fetch
=============================
====== JS ERROR CAUGHT ======
Unhandled Promise: TypeError: Failed to fetch
=============================
====== JS ERROR CAUGHT ======
Unhandled Promise: TypeError: Failed to fetch
=============================
====== JS ERROR CAUGHT ======
Unhandled Promise: TypeError: Failed to fetch
=============================
====== JS ERROR CAUGHT ======
Unhandled Promise: TypeError: Failed to fetch
=============================
====== JS ERROR CAUGHT ======
Unhandled Promise: TypeError: Failed to fetch
=============================
====== JS ERROR CAUGHT ======
Unhandled Promise: TypeError: Failed to fetch
=============================
====== JS ERROR CAUGHT ======
Unhandled Promise: TypeError: Failed to fetch
=============================
====== JS ERROR CAUGHT ======
Unhandled Promise: TypeError: Failed to fetch
=============================
====== JS ERROR CAUGHT ======
Unhandled Promise: TypeError: Failed to fetch
=============================
====== JS ERROR CAUGHT ======
Unhandled Promise: TypeError: Failed to fetch
=============================
====== JS ERROR CAUGHT ======
Unhandled Promise: TypeError: Failed to fetch
=============================
====== JS ERROR CAUGHT ======
Unhandled Promise: TypeError: Failed to fetch
=============================
====== JS ERROR CAUGHT ======
Unhandled Promise: TypeError: Failed to fetch
=============================
====== JS ERROR CAUGHT ======
Unhandled Promise: TypeError: Failed to fetch
=============================
====== JS ERROR CAUGHT ======
Unhandled Promise: TypeError: Failed to fetch
=============================
====== JS ERROR CAUGHT ======
Unhandled Promise: TypeError: Failed to fetch
=============================
====== JS ERROR CAUGHT ======
Unhandled Promise: TypeError: Failed to fetch
=============================
====== JS ERROR CAUGHT ======
Unhandled Promise: TypeError: Failed to fetch
=============================
====== JS ERROR CAUGHT ======
Unhandled Promise: TypeError: Failed to fetch
=============================
====== JS ERROR CAUGHT ======
Unhandled Promise: TypeError: Failed to fetch
=============================
====== JS ERROR CAUGHT ======
Unhandled Promise: TypeError: Failed to fetch
=============================
====== JS ERROR CAUGHT ======
Unhandled Promise: TypeError: Failed to fetch
=============================
====== JS ERROR CAUGHT ======
Unhandled Promise: TypeError: Failed to fetch
=============================
====== JS ERROR CAUGHT ======
Unhandled Promise: TypeError: Failed to fetch
=============================
====== JS ERROR CAUGHT ======
Unhandled Promise: TypeError: Failed to fetch
=============================
====== JS ERROR CAUGHT ======
Unhandled Promise: TypeError: Failed to fetch
=============================
====== JS ERROR CAUGHT ======
Unhandled Promise: TypeError: Failed to fetch
=============================
====== JS ERROR CAUGHT ======
Unhandled Promise: TypeError: Failed to fetch
=============================
====== JS ERROR CAUGHT ======
Unhandled Promise: TypeError: Failed to fetch
=============================
====== JS ERROR CAUGHT ======
Unhandled Promise: TypeError: Failed to fetch
=============================
====== JS ERROR CAUGHT ======
Unhandled Promise: TypeError: Failed to fetch
=============================
====== JS ERROR CAUGHT ======
Unhandled Promise: TypeError: Failed to fetch
=============================
====== JS ERROR CAUGHT ======
Unhandled Promise: TypeError: Failed to fetch
=============================
====== JS ERROR CAUGHT ======
Unhandled Promise: TypeError: Failed to fetch
=============================
====== JS ERROR CAUGHT ======
Unhandled Promise: TypeError: Failed to fetch
=============================
====== JS ERROR CAUGHT ======
Unhandled Promise: TypeError: Failed to fetch
=============================
====== JS ERROR CAUGHT ======
Unhandled Promise: TypeError: Failed to fetch
=============================
====== JS ERROR CAUGHT ======
Unhandled Promise: TypeError: Failed to fetch
=============================
====== JS ERROR CAUGHT ======
Unhandled Promise: TypeError: Failed to fetch
=============================
====== JS ERROR CAUGHT ======
Unhandled Promise: TypeError: Failed to fetch
=============================
====== JS ERROR CAUGHT ======
Unhandled Promise: TypeError: Failed to fetch
=============================
====== JS ERROR CAUGHT ======
Unhandled Promise: TypeError: Failed to fetch
=============================
====== JS ERROR CAUGHT ======
Unhandled Promise: TypeError: Failed to fetch
=============================
====== JS ERROR CAUGHT ======
Unhandled Promise: TypeError: Failed to fetch
=============================
====== JS ERROR CAUGHT ======
Unhandled Promise: TypeError: Failed to fetch
=============================
====== JS ERROR CAUGHT ======
Unhandled Promise: TypeError: Failed to fetch
=============================
====== JS ERROR CAUGHT ======
Unhandled Promise: TypeError: Failed to fetch
=============================
====== JS ERROR CAUGHT ======
Unhandled Promise: TypeError: Failed to fetch
=============================
====== JS ERROR CAUGHT ======
Unhandled Promise: TypeError: Failed to fetch
=============================
====== JS ERROR CAUGHT ======
Unhandled Promise: TypeError: Failed to fetch
=============================
====== JS ERROR CAUGHT ======
Unhandled Promise: TypeError: Failed to fetch
=============================
====== JS ERROR CAUGHT ======
Unhandled Promise: TypeError: Failed to fetch
=============================
====== JS ERROR CAUGHT ======
Unhandled Promise: TypeError: Failed to fetch
=============================
====== JS ERROR CAUGHT ======
Unhandled Promise: TypeError: Failed to fetch
=============================
====== JS ERROR CAUGHT ======
Unhandled Promise: TypeError: Failed to fetch
=============================
====== JS ERROR CAUGHT ======
Unhandled Promise: TypeError: Failed to fetch
=============================
====== JS ERROR CAUGHT ======
Unhandled Promise: TypeError: Failed to fetch
=============================
====== JS ERROR CAUGHT ======
Unhandled Promise: TypeError: Failed to fetch
=============================
====== JS ERROR CAUGHT ======
Unhandled Promise: TypeError: Failed to fetch
=============================
====== JS ERROR CAUGHT ======
Unhandled Promise: TypeError: Failed to fetch
=============================
====== JS ERROR CAUGHT ======
Unhandled Promise: TypeError: Failed to fetch
=============================
====== JS ERROR CAUGHT ======
Unhandled Promise: TypeError: Failed to fetch
=============================
====== JS ERROR CAUGHT ======
Unhandled Promise: TypeError: Failed to fetch
=============================
====== JS ERROR CAUGHT ======
Unhandled Promise: TypeError: Failed to fetch
=============================
====== JS ERROR CAUGHT ======
Unhandled Promise: TypeError: Failed to fetch
=============================
====== JS ERROR CAUGHT ======
Unhandled Promise: TypeError: Failed to fetch
=============================
====== JS ERROR CAUGHT ======
Unhandled Promise: TypeError: Failed to fetch
=============================
====== JS ERROR CAUGHT ======
Unhandled Promise: TypeError: Failed to fetch
=============================
====== JS ERROR CAUGHT ======
Unhandled Promise: TypeError: Failed to fetch
=============================
====== JS ERROR CAUGHT ======
Unhandled Promise: TypeError: Failed to fetch
=============================
====== JS ERROR CAUGHT ======
Unhandled Promise: TypeError: Failed to fetch
=============================
====== JS ERROR CAUGHT ======
Unhandled Promise: TypeError: Failed to fetch
=============================
====== JS ERROR CAUGHT ======
Unhandled Promise: TypeError: Failed to fetch
=============================
====== JS ERROR CAUGHT ======
Unhandled Promise: TypeError: Failed to fetch
=============================
====== JS ERROR CAUGHT ======
Unhandled Promise: TypeError: Failed to fetch
=============================
====== JS ERROR CAUGHT ======
Unhandled Promise: TypeError: Failed to fetch
=============================
====== JS ERROR CAUGHT ======
Unhandled Promise: TypeError: Failed to fetch
=============================
====== JS ERROR CAUGHT ======
Unhandled Promise: TypeError: Failed to fetch
=============================
====== JS ERROR CAUGHT ======
Unhandled Promise: TypeError: Failed to fetch
=============================
====== JS ERROR CAUGHT ======
Unhandled Promise: TypeError: Failed to fetch
=============================
====== JS ERROR CAUGHT ======
Unhandled Promise: TypeError: Failed to fetch
=============================
====== JS ERROR CAUGHT ======
Unhandled Promise: TypeError: Failed to fetch
=============================
====== JS ERROR CAUGHT ======
Unhandled Promise: TypeError: Failed to fetch
=============================
====== JS ERROR CAUGHT ======
Unhandled Promise: TypeError: Failed to fetch
=============================
====== JS ERROR CAUGHT ======
Unhandled Promise: TypeError: Failed to fetch
=============================
====== JS ERROR CAUGHT ======
Unhandled Promise: TypeError: Failed to fetch
=============================
====== JS ERROR CAUGHT ======
Unhandled Promise: TypeError: Failed to fetch
=============================
====== JS ERROR CAUGHT ======
Unhandled Promise: TypeError: Failed to fetch
=============================
====== JS ERROR CAUGHT ======
Unhandled Promise: TypeError: Failed to fetch
=============================
====== JS ERROR CAUGHT ======
Unhandled Promise: TypeError: Failed to fetch
=============================
====== JS ERROR CAUGHT ======
Unhandled Promise: TypeError: Failed to fetch
=============================
====== JS ERROR CAUGHT ======
Unhandled Promise: TypeError: Failed to fetch
=============================
====== JS ERROR CAUGHT ======
Unhandled Promise: TypeError: Failed to fetch
=============================
====== JS ERROR CAUGHT ======
Unhandled Promise: TypeError: Failed to fetch
=============================
====== JS ERROR CAUGHT ======
Unhandled Promise: TypeError: Failed to fetch
=============================
====== JS ERROR CAUGHT ======
Unhandled Promise: TypeError: Failed to fetch
=============================
====== JS ERROR CAUGHT ======
Unhandled Promise: TypeError: Failed to fetch
=============================
====== JS ERROR CAUGHT ======
Unhandled Promise: TypeError: Failed to fetch
=============================
====== JS ERROR CAUGHT ======
Unhandled Promise: TypeError: Failed to fetch
=============================
====== JS ERROR CAUGHT ======
Unhandled Promise: TypeError: Failed to fetch
=============================
====== JS ERROR CAUGHT ======
Unhandled Promise: TypeError: Failed to fetch
=============================
====== JS ERROR CAUGHT ======
Unhandled Promise: TypeError: Failed to fetch
=============================
====== JS ERROR CAUGHT ======
Unhandled Promise: TypeError: Failed to fetch
=============================
====== JS ERROR CAUGHT ======
Unhandled Promise: TypeError: Failed to fetch
=============================
====== JS ERROR CAUGHT ======
Unhandled Promise: TypeError: Failed to fetch
=============================
====== JS ERROR CAUGHT ======
Unhandled Promise: TypeError: Failed to fetch
=============================
====== JS ERROR CAUGHT ======
Unhandled Promise: TypeError: Failed to fetch
=============================
====== JS ERROR CAUGHT ======
Unhandled Promise: TypeError: Failed to fetch
=============================
====== JS ERROR CAUGHT ======
Unhandled Promise: TypeError: Failed to fetch
=============================
====== JS ERROR CAUGHT ======
Unhandled Promise: TypeError: Failed to fetch
=============================
====== JS ERROR CAUGHT ======
Unhandled Promise: TypeError: Failed to fetch
=============================
====== JS ERROR CAUGHT ======
Unhandled Promise: TypeError: Failed to fetch
=============================
====== JS ERROR CAUGHT ======
Unhandled Promise: TypeError: Failed to fetch
=============================
====== JS ERROR CAUGHT ======
Unhandled Promise: TypeError: Failed to fetch
=============================
====== JS ERROR CAUGHT ======
Unhandled Promise: TypeError: Failed to fetch
=============================
====== JS ERROR CAUGHT ======
Unhandled Promise: TypeError: Failed to fetch
=============================
====== JS ERROR CAUGHT ======
Unhandled Promise: TypeError: Failed to fetch
=============================
====== JS ERROR CAUGHT ======
Unhandled Promise: TypeError: Failed to fetch
=============================
====== JS ERROR CAUGHT ======
Unhandled Promise: TypeError: Failed to fetch
=============================
====== JS ERROR CAUGHT ======
Unhandled Promise: TypeError: Failed to fetch
=============================
====== JS ERROR CAUGHT ======
Unhandled Promise: TypeError: Failed to fetch
=============================
====== JS ERROR CAUGHT ======
Unhandled Promise: TypeError: Failed to fetch
=============================
====== JS ERROR CAUGHT ======
Unhandled Promise: TypeError: Failed to fetch
=============================
====== JS ERROR CAUGHT ======
Unhandled Promise: TypeError: Failed to fetch
=============================
====== JS ERROR CAUGHT ======
Unhandled Promise: TypeError: Failed to fetch
=============================
====== JS ERROR CAUGHT ======
Unhandled Promise: TypeError: Failed to fetch
=============================
====== JS ERROR CAUGHT ======
Unhandled Promise: TypeError: Failed to fetch
=============================
====== JS ERROR CAUGHT ======
Unhandled Promise: TypeError: Failed to fetch
=============================
====== JS ERROR CAUGHT ======
Unhandled Promise: TypeError: Failed to fetch
=============================
====== JS ERROR CAUGHT ======
Unhandled Promise: TypeError: Failed to fetch
=============================
====== JS ERROR CAUGHT ======
Unhandled Promise: TypeError: Failed to fetch
=============================
====== JS ERROR CAUGHT ======
Unhandled Promise: TypeError: Failed to fetch
=============================
====== JS ERROR CAUGHT ======
Unhandled Promise: TypeError: Failed to fetch
=============================
====== JS ERROR CAUGHT ======
Unhandled Promise: TypeError: Failed to fetch
=============================
====== JS ERROR CAUGHT ======
Unhandled Promise: TypeError: Failed to fetch
=============================
====== JS ERROR CAUGHT ======
Unhandled Promise: TypeError: Failed to fetch
=============================
====== JS ERROR CAUGHT ======
Unhandled Promise: TypeError: Failed to fetch
=============================
====== JS ERROR CAUGHT ======
Unhandled Promise: TypeError: Failed to fetch
=============================
====== JS ERROR CAUGHT ======
Unhandled Promise: TypeError: Failed to fetch
=============================
====== JS ERROR CAUGHT ======
Unhandled Promise: TypeError: Failed to fetch
=============================
====== JS ERROR CAUGHT ======
Unhandled Promise: TypeError: Failed to fetch
=============================
====== JS ERROR CAUGHT ======
Unhandled Promise: TypeError: Failed to fetch
=============================
====== JS ERROR CAUGHT ======
Unhandled Promise: TypeError: Failed to fetch
=============================
====== JS ERROR CAUGHT ======
Unhandled Promise: TypeError: Failed to fetch
=============================
====== JS ERROR CAUGHT ======
Unhandled Promise: TypeError: Failed to fetch
=============================
====== JS ERROR CAUGHT ======
Unhandled Promise: TypeError: Failed to fetch
=============================
====== JS ERROR CAUGHT ======
Unhandled Promise: TypeError: Failed to fetch
=============================
====== JS ERROR CAUGHT ======
Unhandled Promise: TypeError: Failed to fetch
=============================
====== JS ERROR CAUGHT ======
Unhandled Promise: TypeError: Failed to fetch
=============================
====== JS ERROR CAUGHT ======
Unhandled Promise: TypeError: Failed to fetch
=============================
====== JS ERROR CAUGHT ======
Unhandled Promise: TypeError: Failed to fetch
=============================
====== JS ERROR CAUGHT ======
Unhandled Promise: TypeError: Failed to fetch
=============================
====== JS ERROR CAUGHT ======
Unhandled Promise: TypeError: Failed to fetch
=============================
====== JS ERROR CAUGHT ======
Unhandled Promise: TypeError: Failed to fetch
=============================
====== JS ERROR CAUGHT ======
Unhandled Promise: TypeError: Failed to fetch
=============================
====== JS ERROR CAUGHT ======
Unhandled Promise: TypeError: Failed to fetch
=============================
====== JS ERROR CAUGHT ======
Unhandled Promise: TypeError: Failed to fetch
=============================
====== JS ERROR CAUGHT ======
Unhandled Promise: TypeError: Failed to fetch
=============================
====== JS ERROR CAUGHT ======
Unhandled Promise: TypeError: Failed to fetch
=============================
====== JS ERROR CAUGHT ======
Unhandled Promise: TypeError: Failed to fetch
=============================
====== JS ERROR CAUGHT ======
Unhandled Promise: TypeError: Failed to fetch
=============================
====== JS ERROR CAUGHT ======
Unhandled Promise: TypeError: Failed to fetch
=============================
====== JS ERROR CAUGHT ======
Unhandled Promise: TypeError: Failed to fetch
=============================
====== JS ERROR CAUGHT ======
Unhandled Promise: TypeError: Failed to fetch
=============================
====== JS ERROR CAUGHT ======
Unhandled Promise: TypeError: Failed to fetch
=============================
====== JS ERROR CAUGHT ======
Unhandled Promise: TypeError: Failed to fetch
=============================
====== JS ERROR CAUGHT ======
Unhandled Promise: TypeError: Failed to fetch
=============================
====== JS ERROR CAUGHT ======
Unhandled Promise: TypeError: Failed to fetch
=============================
====== JS ERROR CAUGHT ======
Unhandled Promise: TypeError: Failed to fetch
=============================
====== JS ERROR CAUGHT ======
Unhandled Promise: TypeError: Failed to fetch
=============================
====== JS ERROR CAUGHT ======
Unhandled Promise: TypeError: Failed to fetch
=============================
====== JS ERROR CAUGHT ======
Unhandled Promise: TypeError: Failed to fetch
=============================
====== JS ERROR CAUGHT ======
Unhandled Promise: TypeError: Failed to fetch
=============================
====== JS ERROR CAUGHT ======
Unhandled Promise: TypeError: Failed to fetch
=============================
====== JS ERROR CAUGHT ======
Unhandled Promise: TypeError: Failed to fetch
=============================
====== JS ERROR CAUGHT ======
Unhandled Promise: TypeError: Failed to fetch
=============================
====== JS ERROR CAUGHT ======
Unhandled Promise: TypeError: Failed to fetch
=============================
====== JS ERROR CAUGHT ======
Unhandled Promise: TypeError: Failed to fetch
=============================
====== JS ERROR CAUGHT ======
Unhandled Promise: TypeError: Failed to fetch
=============================
====== JS ERROR CAUGHT ======
Unhandled Promise: TypeError: Failed to fetch
=============================
====== JS ERROR CAUGHT ======
Unhandled Promise: TypeError: Failed to fetch
=============================
====== JS ERROR CAUGHT ======
Unhandled Promise: TypeError: Failed to fetch
=============================
====== JS ERROR CAUGHT ======
Unhandled Promise: TypeError: Failed to fetch
=============================
====== JS ERROR CAUGHT ======
Unhandled Promise: TypeError: Failed to fetch
=============================
====== JS ERROR CAUGHT ======
Unhandled Promise: TypeError: Failed to fetch
=============================
====== JS ERROR CAUGHT ======
Unhandled Promise: TypeError: Failed to fetch
=============================
====== JS ERROR CAUGHT ======
Unhandled Promise: TypeError: Failed to fetch
=============================
====== JS ERROR CAUGHT ======
Unhandled Promise: TypeError: Failed to fetch
=============================
====== JS ERROR CAUGHT ======
Unhandled Promise: TypeError: Failed to fetch
=============================
====== JS ERROR CAUGHT ======
Unhandled Promise: TypeError: Failed to fetch
=============================
====== JS ERROR CAUGHT ======
Unhandled Promise: TypeError: Failed to fetch
=============================
====== JS ERROR CAUGHT ======
Unhandled Promise: TypeError: Failed to fetch
=============================
====== JS ERROR CAUGHT ======
Unhandled Promise: TypeError: Failed to fetch
=============================
====== JS ERROR CAUGHT ======
Unhandled Promise: TypeError: Failed to fetch
=============================
====== JS ERROR CAUGHT ======
Unhandled Promise: TypeError: Failed to fetch
=============================
====== JS ERROR CAUGHT ======
Unhandled Promise: TypeError: Failed to fetch
=============================
====== JS ERROR CAUGHT ======
Unhandled Promise: TypeError: Failed to fetch
=============================
====== JS ERROR CAUGHT ======
Unhandled Promise: TypeError: Failed to fetch
=============================
====== JS ERROR CAUGHT ======
Unhandled Promise: TypeError: Failed to fetch
=============================
====== JS ERROR CAUGHT ======
Unhandled Promise: TypeError: Failed to fetch
=============================
====== JS ERROR CAUGHT ======
Unhandled Promise: TypeError: Failed to fetch
=============================
====== JS ERROR CAUGHT ======
Unhandled Promise: TypeError: Failed to fetch
=============================
====== JS ERROR CAUGHT ======
Unhandled Promise: TypeError: Failed to fetch
=============================
====== JS ERROR CAUGHT ======
Unhandled Promise: TypeError: Failed to fetch
=============================
====== JS ERROR CAUGHT ======
Unhandled Promise: TypeError: Failed to fetch
=============================
====== JS ERROR CAUGHT ======
Unhandled Promise: TypeError: Failed to fetch
=============================
====== JS ERROR CAUGHT ======
Unhandled Promise: TypeError: Failed to fetch
=============================
====== JS ERROR CAUGHT ======
Unhandled Promise: TypeError: Failed to fetch
=============================
====== JS ERROR CAUGHT ======
Unhandled Promise: TypeError: Failed to fetch
=============================
====== JS ERROR CAUGHT ======
Unhandled Promise: TypeError: Failed to fetch
=============================
====== JS ERROR CAUGHT ======
Unhandled Promise: TypeError: Failed to fetch
=============================
====== JS ERROR CAUGHT ======
Unhandled Promise: TypeError: Failed to fetch
=============================
====== JS ERROR CAUGHT ======
Unhandled Promise: TypeError: Failed to fetch
=============================
====== JS ERROR CAUGHT ======
Unhandled Promise: TypeError: Failed to fetch
=============================
====== JS ERROR CAUGHT ======
Unhandled Promise: TypeError: Failed to fetch
=============================
====== JS ERROR CAUGHT ======
Unhandled Promise: TypeError: Failed to fetch
=============================
====== JS ERROR CAUGHT ======
Unhandled Promise: TypeError: Failed to fetch
=============================
====== JS ERROR CAUGHT ======
Unhandled Promise: TypeError: Failed to fetch
=============================
====== JS ERROR CAUGHT ======
Unhandled Promise: TypeError: Failed to fetch
=============================
====== JS ERROR CAUGHT ======
Unhandled Promise: TypeError: Failed to fetch
=============================
====== JS ERROR CAUGHT ======
Unhandled Promise: TypeError: Failed to fetch
=============================
====== JS ERROR CAUGHT ======
Unhandled Promise: TypeError: Failed to fetch
=============================
====== JS ERROR CAUGHT ======
Unhandled Promise: TypeError: Failed to fetch
=============================
====== JS ERROR CAUGHT ======
Unhandled Promise: TypeError: Failed to fetch
=============================
====== JS ERROR CAUGHT ======
Unhandled Promise: TypeError: Failed to fetch
=============================
====== JS ERROR CAUGHT ======
Unhandled Promise: TypeError: Failed to fetch
=============================
====== JS ERROR CAUGHT ======
Unhandled Promise: TypeError: Failed to fetch
=============================
====== JS ERROR CAUGHT ======
Unhandled Promise: TypeError: Failed to fetch
=============================
====== JS ERROR CAUGHT ======
Unhandled Promise: TypeError: Failed to fetch
=============================
====== JS ERROR CAUGHT ======
Unhandled Promise: TypeError: Failed to fetch
=============================
====== JS ERROR CAUGHT ======
Unhandled Promise: TypeError: Failed to fetch
=============================
====== JS ERROR CAUGHT ======
Unhandled Promise: TypeError: Failed to fetch
=============================
====== JS ERROR CAUGHT ======
Unhandled Promise: TypeError: Failed to fetch
=============================
====== JS ERROR CAUGHT ======
Unhandled Promise: TypeError: Failed to fetch
=============================
====== JS ERROR CAUGHT ======
Unhandled Promise: TypeError: Failed to fetch
=============================
====== JS ERROR CAUGHT ======
Unhandled Promise: TypeError: Failed to fetch
=============================
====== JS ERROR CAUGHT ======
Unhandled Promise: TypeError: Failed to fetch
=============================
====== JS ERROR CAUGHT ======
Unhandled Promise: TypeError: Failed to fetch
=============================
====== JS ERROR CAUGHT ======
Unhandled Promise: TypeError: Failed to fetch
=============================
====== JS ERROR CAUGHT ======
Unhandled Promise: TypeError: Failed to fetch
=============================
====== JS ERROR CAUGHT ======
Unhandled Promise: TypeError: Failed to fetch
=============================
====== JS ERROR CAUGHT ======
Unhandled Promise: TypeError: Failed to fetch
=============================
====== JS ERROR CAUGHT ======
Unhandled Promise: TypeError: Failed to fetch
=============================
====== JS ERROR CAUGHT ======
Unhandled Promise: TypeError: Failed to fetch
=============================
====== JS ERROR CAUGHT ======
Unhandled Promise: TypeError: Failed to fetch
=============================
====== JS ERROR CAUGHT ======
Unhandled Promise: TypeError: Failed to fetch
=============================
====== JS ERROR CAUGHT ======
Unhandled Promise: TypeError: Failed to fetch
=============================
====== JS ERROR CAUGHT ======
Unhandled Promise: TypeError: Failed to fetch
=============================
====== JS ERROR CAUGHT ======
Unhandled Promise: TypeError: Failed to fetch
=============================
====== JS ERROR CAUGHT ======
Unhandled Promise: TypeError: Failed to fetch
=============================
====== JS ERROR CAUGHT ======
Unhandled Promise: TypeError: Failed to fetch
=============================
====== JS ERROR CAUGHT ======
Unhandled Promise: TypeError: Failed to fetch
=============================
====== JS ERROR CAUGHT ======
Unhandled Promise: TypeError: Failed to fetch
=============================
====== JS ERROR CAUGHT ======
Unhandled Promise: TypeError: Failed to fetch
=============================
====== JS ERROR CAUGHT ======
Unhandled Promise: TypeError: Failed to fetch
=============================
====== JS ERROR CAUGHT ======
Unhandled Promise: TypeError: Failed to fetch
=============================
====== JS ERROR CAUGHT ======
Unhandled Promise: TypeError: Failed to fetch
=============================
====== JS ERROR CAUGHT ======
Unhandled Promise: TypeError: Failed to fetch
=============================
====== JS ERROR CAUGHT ======
Unhandled Promise: TypeError: Failed to fetch
=============================
====== JS ERROR CAUGHT ======
Unhandled Promise: TypeError: Failed to fetch
=============================
====== JS ERROR CAUGHT ======
Unhandled Promise: TypeError: Failed to fetch
=============================
====== JS ERROR CAUGHT ======
Unhandled Promise: TypeError: Failed to fetch
=============================
====== JS ERROR CAUGHT ======
Unhandled Promise: TypeError: Failed to fetch
=============================
====== JS ERROR CAUGHT ======
Unhandled Promise: TypeError: Failed to fetch
=============================
====== JS ERROR CAUGHT ======
Unhandled Promise: TypeError: Failed to fetch
=============================
====== JS ERROR CAUGHT ======
Unhandled Promise: TypeError: Failed to fetch
=============================
====== JS ERROR CAUGHT ======
Unhandled Promise: TypeError: Failed to fetch
=============================
====== JS ERROR CAUGHT ======
Unhandled Promise: TypeError: Failed to fetch
=============================
====== JS ERROR CAUGHT ======
Unhandled Promise: TypeError: Failed to fetch
=============================
====== JS ERROR CAUGHT ======
Unhandled Promise: TypeError: Failed to fetch
=============================
====== JS ERROR CAUGHT ======
Unhandled Promise: TypeError: Failed to fetch
=============================
====== JS ERROR CAUGHT ======
Unhandled Promise: TypeError: Failed to fetch
=============================
====== JS ERROR CAUGHT ======
Unhandled Promise: TypeError: Failed to fetch
=============================
====== JS ERROR CAUGHT ======
Unhandled Promise: TypeError: Failed to fetch
=============================
====== JS ERROR CAUGHT ======
Unhandled Promise: TypeError: Failed to fetch
=============================
====== JS ERROR CAUGHT ======
Unhandled Promise: TypeError: Failed to fetch
=============================
====== JS ERROR CAUGHT ======
Unhandled Promise: TypeError: Failed to fetch
=============================
====== JS ERROR CAUGHT ======
Unhandled Promise: TypeError: Failed to fetch
=============================
====== JS ERROR CAUGHT ======
Unhandled Promise: TypeError: Failed to fetch
=============================
====== JS ERROR CAUGHT ======
Unhandled Promise: TypeError: Failed to fetch
=============================
====== JS ERROR CAUGHT ======
Unhandled Promise: TypeError: Failed to fetch
=============================
====== JS ERROR CAUGHT ======
Unhandled Promise: TypeError: Failed to fetch
=============================
====== JS ERROR CAUGHT ======
Unhandled Promise: TypeError: Failed to fetch
=============================
====== JS ERROR CAUGHT ======
Unhandled Promise: TypeError: Failed to fetch
=============================
====== JS ERROR CAUGHT ======
Unhandled Promise: TypeError: Failed to fetch
=============================
====== JS ERROR CAUGHT ======
Unhandled Promise: TypeError: Failed to fetch
=============================
====== JS ERROR CAUGHT ======
Unhandled Promise: TypeError: Failed to fetch
=============================
====== JS ERROR CAUGHT ======
Unhandled Promise: TypeError: Failed to fetch
=============================
====== JS ERROR CAUGHT ======
Unhandled Promise: TypeError: Failed to fetch
=============================
====== JS ERROR CAUGHT ======
Unhandled Promise: TypeError: Failed to fetch
=============================
====== JS ERROR CAUGHT ======
Unhandled Promise: TypeError: Failed to fetch
=============================
====== JS ERROR CAUGHT ======
Unhandled Promise: TypeError: Failed to fetch
=============================
====== JS ERROR CAUGHT ======
Unhandled Promise: TypeError: Failed to fetch
=============================
====== JS ERROR CAUGHT ======
Unhandled Promise: TypeError: Failed to fetch
=============================
====== JS ERROR CAUGHT ======
Unhandled Promise: TypeError: Failed to fetch
=============================
====== JS ERROR CAUGHT ======
Unhandled Promise: TypeError: Failed to fetch
=============================
====== JS ERROR CAUGHT ======
Unhandled Promise: TypeError: Failed to fetch
=============================
====== JS ERROR CAUGHT ======
Unhandled Promise: TypeError: Failed to fetch
=============================
====== JS ERROR CAUGHT ======
Unhandled Promise: TypeError: Failed to fetch
=============================
====== JS ERROR CAUGHT ======
Unhandled Promise: TypeError: Failed to fetch
=============================
====== JS ERROR CAUGHT ======
Unhandled Promise: TypeError: Failed to fetch
=============================
====== JS ERROR CAUGHT ======
Unhandled Promise: TypeError: Failed to fetch
=============================
====== JS ERROR CAUGHT ======
Unhandled Promise: TypeError: Failed to fetch
=============================
====== JS ERROR CAUGHT ======
Unhandled Promise: TypeError: Failed to fetch
=============================
====== JS ERROR CAUGHT ======
Unhandled Promise: TypeError: Failed to fetch
=============================
====== JS ERROR CAUGHT ======
Unhandled Promise: TypeError: Failed to fetch
=============================
====== JS ERROR CAUGHT ======
Unhandled Promise: TypeError: Failed to fetch
=============================
====== JS ERROR CAUGHT ======
Unhandled Promise: TypeError: Failed to fetch
=============================
====== JS ERROR CAUGHT ======
Unhandled Promise: TypeError: Failed to fetch
=============================
====== JS ERROR CAUGHT ======
Unhandled Promise: TypeError: Failed to fetch
=============================
====== JS ERROR CAUGHT ======
Unhandled Promise: TypeError: Failed to fetch
=============================
====== JS ERROR CAUGHT ======
Unhandled Promise: TypeError: Failed to fetch
=============================
====== JS ERROR CAUGHT ======
Unhandled Promise: TypeError: Failed to fetch
=============================
====== JS ERROR CAUGHT ======
Unhandled Promise: TypeError: Failed to fetch
=============================
====== JS ERROR CAUGHT ======
Unhandled Promise: TypeError: Failed to fetch
=============================
====== JS ERROR CAUGHT ======
Unhandled Promise: TypeError: Failed to fetch
=============================
====== JS ERROR CAUGHT ======
Unhandled Promise: TypeError: Failed to fetch
=============================
====== JS ERROR CAUGHT ======
Unhandled Promise: TypeError: Failed to fetch
=============================
====== JS ERROR CAUGHT ======
Unhandled Promise: TypeError: Failed to fetch
=============================
====== JS ERROR CAUGHT ======
Unhandled Promise: TypeError: Failed to fetch
=============================
====== JS ERROR CAUGHT ======
Unhandled Promise: TypeError: Failed to fetch
=============================
====== JS ERROR CAUGHT ======
Unhandled Promise: TypeError: Failed to fetch
=============================
====== JS ERROR CAUGHT ======
Unhandled Promise: TypeError: Failed to fetch
=============================
====== JS ERROR CAUGHT ======
Unhandled Promise: TypeError: Failed to fetch
=============================
====== JS ERROR CAUGHT ======
Unhandled Promise: TypeError: Failed to fetch
=============================
====== JS ERROR CAUGHT ======
Unhandled Promise: TypeError: Failed to fetch
=============================
====== JS ERROR CAUGHT ======
Unhandled Promise: TypeError: Failed to fetch
=============================
====== JS ERROR CAUGHT ======
Unhandled Promise: TypeError: Failed to fetch
=============================
====== JS ERROR CAUGHT ======
Unhandled Promise: TypeError: Failed to fetch
=============================
====== JS ERROR CAUGHT ======
Unhandled Promise: TypeError: Failed to fetch
=============================
====== JS ERROR CAUGHT ======
Unhandled Promise: TypeError: Failed to fetch
=============================
====== JS ERROR CAUGHT ======
Unhandled Promise: TypeError: Failed to fetch
=============================
====== JS ERROR CAUGHT ======
Unhandled Promise: TypeError: Failed to fetch
=============================
====== JS ERROR CAUGHT ======
Unhandled Promise: TypeError: Failed to fetch
=============================
====== JS ERROR CAUGHT ======
Unhandled Promise: TypeError: Failed to fetch
=============================
====== JS ERROR CAUGHT ======
Unhandled Promise: TypeError: Failed to fetch
=============================
====== JS ERROR CAUGHT ======
Unhandled Promise: TypeError: Failed to fetch
=============================
====== JS ERROR CAUGHT ======
Unhandled Promise: TypeError: Failed to fetch
=============================
====== JS ERROR CAUGHT ======
Unhandled Promise: TypeError: Failed to fetch
=============================
====== JS ERROR CAUGHT ======
Unhandled Promise: TypeError: Failed to fetch
=============================
====== JS ERROR CAUGHT ======
Unhandled Promise: TypeError: Failed to fetch
=============================
====== JS ERROR CAUGHT ======
Unhandled Promise: TypeError: Failed to fetch
=============================
====== JS ERROR CAUGHT ======
Unhandled Promise: TypeError: Failed to fetch
=============================
====== JS ERROR CAUGHT ======
Unhandled Promise: TypeError: Failed to fetch
=============================
====== JS ERROR CAUGHT ======
Unhandled Promise: TypeError: Failed to fetch
=============================
====== JS ERROR CAUGHT ======
Unhandled Promise: TypeError: Failed to fetch
=============================
====== JS ERROR CAUGHT ======
Unhandled Promise: TypeError: Failed to fetch
=============================
====== JS ERROR CAUGHT ======
Unhandled Promise: TypeError: Failed to fetch
=============================
====== JS ERROR CAUGHT ======
Unhandled Promise: TypeError: Failed to fetch
=============================
====== JS ERROR CAUGHT ======
Unhandled Promise: TypeError: Failed to fetch
=============================
====== JS ERROR CAUGHT ======
Unhandled Promise: TypeError: Failed to fetch
=============================
====== JS ERROR CAUGHT ======
Unhandled Promise: TypeError: Failed to fetch
=============================
====== JS ERROR CAUGHT ======
Unhandled Promise: TypeError: Failed to fetch
=============================
====== JS ERROR CAUGHT ======
Unhandled Promise: TypeError: Failed to fetch
=============================
====== JS ERROR CAUGHT ======
Unhandled Promise: TypeError: Failed to fetch
=============================
====== JS ERROR CAUGHT ======
Unhandled Promise: TypeError: Failed to fetch
=============================
====== JS ERROR CAUGHT ======
Unhandled Promise: TypeError: Failed to fetch
=============================
====== JS ERROR CAUGHT ======
Unhandled Promise: TypeError: Failed to fetch
=============================
====== JS ERROR CAUGHT ======
Unhandled Promise: TypeError: Failed to fetch
=============================
====== JS ERROR CAUGHT ======
Unhandled Promise: TypeError: Failed to fetch
=============================
====== JS ERROR CAUGHT ======
Unhandled Promise: TypeError: Failed to fetch
=============================
====== JS ERROR CAUGHT ======
Unhandled Promise: TypeError: Failed to fetch
=============================
====== JS ERROR CAUGHT ======
Unhandled Promise: TypeError: Failed to fetch
=============================
====== JS ERROR CAUGHT ======
Unhandled Promise: TypeError: Failed to fetch
=============================
====== JS ERROR CAUGHT ======
Unhandled Promise: TypeError: Failed to fetch
=============================
====== JS ERROR CAUGHT ======
Unhandled Promise: TypeError: Failed to fetch
=============================
====== JS ERROR CAUGHT ======
Unhandled Promise: TypeError: Failed to fetch
=============================
====== JS ERROR CAUGHT ======
Unhandled Promise: TypeError: Failed to fetch
=============================
====== JS ERROR CAUGHT ======
Unhandled Promise: TypeError: Failed to fetch
=============================
====== JS ERROR CAUGHT ======
Unhandled Promise: TypeError: Failed to fetch
=============================
====== JS ERROR CAUGHT ======
Unhandled Promise: TypeError: Failed to fetch
=============================
====== JS ERROR CAUGHT ======
Unhandled Promise: TypeError: Failed to fetch
=============================
====== JS ERROR CAUGHT ======
Unhandled Promise: TypeError: Failed to fetch
=============================
====== JS ERROR CAUGHT ======
Unhandled Promise: TypeError: Failed to fetch
=============================
====== JS ERROR CAUGHT ======
Unhandled Promise: TypeError: Failed to fetch
=============================
====== JS ERROR CAUGHT ======
Unhandled Promise: TypeError: Failed to fetch
=============================
====== JS ERROR CAUGHT ======
Unhandled Promise: TypeError: Failed to fetch
=============================
====== JS ERROR CAUGHT ======
Unhandled Promise: TypeError: Failed to fetch
=============================
====== JS ERROR CAUGHT ======
Unhandled Promise: TypeError: Failed to fetch
=============================
====== JS ERROR CAUGHT ======
Unhandled Promise: TypeError: Failed to fetch
=============================
====== JS ERROR CAUGHT ======
Unhandled Promise: TypeError: Failed to fetch
=============================
====== JS ERROR CAUGHT ======
Unhandled Promise: TypeError: Failed to fetch
=============================
====== JS ERROR CAUGHT ======
Unhandled Promise: TypeError: Failed to fetch
=============================
====== JS ERROR CAUGHT ======
Unhandled Promise: TypeError: Failed to fetch
=============================
====== JS ERROR CAUGHT ======
Unhandled Promise: TypeError: Failed to fetch
=============================
====== JS ERROR CAUGHT ======
Unhandled Promise: TypeError: Failed to fetch
=============================
====== JS ERROR CAUGHT ======
Unhandled Promise: TypeError: Failed to fetch
=============================
====== JS ERROR CAUGHT ======
Unhandled Promise: TypeError: Failed to fetch
=============================
====== JS ERROR CAUGHT ======
Unhandled Promise: TypeError: Failed to fetch
=============================
====== JS ERROR CAUGHT ======
Unhandled Promise: TypeError: Failed to fetch
=============================
====== JS ERROR CAUGHT ======
Unhandled Promise: TypeError: Failed to fetch
=============================
====== JS ERROR CAUGHT ======
Unhandled Promise: TypeError: Failed to fetch
=============================
====== JS ERROR CAUGHT ======
Unhandled Promise: TypeError: Failed to fetch
=============================
====== JS ERROR CAUGHT ======
Unhandled Promise: TypeError: Failed to fetch
=============================
====== JS ERROR CAUGHT ======
Unhandled Promise: TypeError: Failed to fetch
=============================
====== JS ERROR CAUGHT ======
Unhandled Promise: TypeError: Failed to fetch
=============================
====== JS ERROR CAUGHT ======
Unhandled Promise: TypeError: Failed to fetch
=============================
====== JS ERROR CAUGHT ======
Unhandled Promise: TypeError: Failed to fetch
=============================
====== JS ERROR CAUGHT ======
Unhandled Promise: TypeError: Failed to fetch
=============================
====== JS ERROR CAUGHT ======
Unhandled Promise: TypeError: Failed to fetch
=============================
====== JS ERROR CAUGHT ======
Unhandled Promise: TypeError: Failed to fetch
=============================
====== JS ERROR CAUGHT ======
Unhandled Promise: TypeError: Failed to fetch
=============================
====== JS ERROR CAUGHT ======
Unhandled Promise: TypeError: Failed to fetch
=============================
====== JS ERROR CAUGHT ======
Unhandled Promise: TypeError: Failed to fetch
=============================
====== JS ERROR CAUGHT ======
Unhandled Promise: TypeError: Failed to fetch
=============================
====== JS ERROR CAUGHT ======
Unhandled Promise: TypeError: Failed to fetch
=============================
====== JS ERROR CAUGHT ======
Unhandled Promise: TypeError: Failed to fetch
=============================
====== JS ERROR CAUGHT ======
Unhandled Promise: TypeError: Failed to fetch
=============================
====== JS ERROR CAUGHT ======
Unhandled Promise: TypeError: Failed to fetch
=============================
====== JS ERROR CAUGHT ======
Unhandled Promise: TypeError: Failed to fetch
=============================
====== JS ERROR CAUGHT ======
Unhandled Promise: TypeError: Failed to fetch
=============================
====== JS ERROR CAUGHT ======
Unhandled Promise: TypeError: Failed to fetch
=============================
====== JS ERROR CAUGHT ======
Unhandled Promise: TypeError: Failed to fetch
=============================
====== JS ERROR CAUGHT ======
Unhandled Promise: TypeError: Failed to fetch
=============================
====== JS ERROR CAUGHT ======
Unhandled Promise: TypeError: Failed to fetch
=============================
====== JS ERROR CAUGHT ======
Unhandled Promise: TypeError: Failed to fetch
=============================
====== JS ERROR CAUGHT ======
Unhandled Promise: TypeError: Failed to fetch
=============================
====== JS ERROR CAUGHT ======
Unhandled Promise: TypeError: Failed to fetch
=============================
====== JS ERROR CAUGHT ======
Unhandled Promise: TypeError: Failed to fetch
=============================
====== JS ERROR CAUGHT ======
Unhandled Promise: TypeError: Failed to fetch
=============================
====== JS ERROR CAUGHT ======
Unhandled Promise: TypeError: Failed to fetch
=============================
====== JS ERROR CAUGHT ======
Unhandled Promise: TypeError: Failed to fetch
=============================
====== JS ERROR CAUGHT ======
Unhandled Promise: TypeError: Failed to fetch
=============================
====== JS ERROR CAUGHT ======
Unhandled Promise: TypeError: Failed to fetch
=============================
====== JS ERROR CAUGHT ======
Unhandled Promise: TypeError: Failed to fetch
=============================
====== JS ERROR CAUGHT ======
Unhandled Promise: TypeError: Failed to fetch
=============================
====== JS ERROR CAUGHT ======
Unhandled Promise: TypeError: Failed to fetch
=============================
====== JS ERROR CAUGHT ======
Unhandled Promise: TypeError: Failed to fetch
=============================
====== JS ERROR CAUGHT ======
Unhandled Promise: TypeError: Failed to fetch
=============================
====== JS ERROR CAUGHT ======
Unhandled Promise: TypeError: Failed to fetch
=============================
====== JS ERROR CAUGHT ======
Unhandled Promise: TypeError: Failed to fetch
=============================
====== JS ERROR CAUGHT ======
Unhandled Promise: TypeError: Failed to fetch
=============================
====== JS ERROR CAUGHT ======
Unhandled Promise: TypeError: Failed to fetch
=============================
====== JS ERROR CAUGHT ======
Unhandled Promise: TypeError: Failed to fetch
=============================
====== JS ERROR CAUGHT ======
Unhandled Promise: TypeError: Failed to fetch
=============================
====== JS ERROR CAUGHT ======
Unhandled Promise: TypeError: Failed to fetch
=============================
====== JS ERROR CAUGHT ======
Unhandled Promise: TypeError: Failed to fetch
=============================
====== JS ERROR CAUGHT ======
Unhandled Promise: TypeError: Failed to fetch
=============================
====== JS ERROR CAUGHT ======
Unhandled Promise: TypeError: Failed to fetch
=============================
====== JS ERROR CAUGHT ======
Unhandled Promise: TypeError: Failed to fetch
=============================
====== JS ERROR CAUGHT ======
Unhandled Promise: TypeError: Failed to fetch
=============================
====== JS ERROR CAUGHT ======
Unhandled Promise: TypeError: Failed to fetch
=============================
====== JS ERROR CAUGHT ======
Unhandled Promise: TypeError: Failed to fetch
=============================
====== JS ERROR CAUGHT ======
Unhandled Promise: TypeError: Failed to fetch
=============================
====== JS ERROR CAUGHT ======
Unhandled Promise: TypeError: Failed to fetch
=============================
====== JS ERROR CAUGHT ======
Unhandled Promise: TypeError: Failed to fetch
=============================
====== JS ERROR CAUGHT ======
Unhandled Promise: TypeError: Failed to fetch
=============================
====== JS ERROR CAUGHT ======
Unhandled Promise: TypeError: Failed to fetch
=============================
====== JS ERROR CAUGHT ======
Unhandled Promise: TypeError: Failed to fetch
=============================
====== JS ERROR CAUGHT ======
Unhandled Promise: TypeError: Failed to fetch
=============================
====== JS ERROR CAUGHT ======
Unhandled Promise: TypeError: Failed to fetch
=============================
====== JS ERROR CAUGHT ======
Unhandled Promise: TypeError: Failed to fetch
=============================
====== JS ERROR CAUGHT ======
Unhandled Promise: TypeError: Failed to fetch
=============================
====== JS ERROR CAUGHT ======
Unhandled Promise: TypeError: Failed to fetch
=============================
====== JS ERROR CAUGHT ======
Unhandled Promise: TypeError: Failed to fetch
=============================
====== JS ERROR CAUGHT ======
Unhandled Promise: TypeError: Failed to fetch
=============================
====== JS ERROR CAUGHT ======
Unhandled Promise: TypeError: Failed to fetch
=============================
====== JS ERROR CAUGHT ======
Unhandled Promise: TypeError: Failed to fetch
=============================
====== JS ERROR CAUGHT ======
Unhandled Promise: TypeError: Failed to fetch
=============================
====== JS ERROR CAUGHT ======
Unhandled Promise: TypeError: Failed to fetch
=============================
====== JS ERROR CAUGHT ======
Unhandled Promise: TypeError: Failed to fetch
=============================
====== JS ERROR CAUGHT ======
Unhandled Promise: TypeError: Failed to fetch
=============================
====== JS ERROR CAUGHT ======
Unhandled Promise: TypeError: Failed to fetch
=============================
====== JS ERROR CAUGHT ======
Unhandled Promise: TypeError: Failed to fetch
=============================
====== JS ERROR CAUGHT ======
Unhandled Promise: TypeError: Failed to fetch
=============================
====== JS ERROR CAUGHT ======
Unhandled Promise: TypeError: Failed to fetch
=============================
====== JS ERROR CAUGHT ======
Unhandled Promise: TypeError: Failed to fetch
=============================
====== JS ERROR CAUGHT ======
Unhandled Promise: TypeError: Failed to fetch
=============================
====== JS ERROR CAUGHT ======
Unhandled Promise: TypeError: Failed to fetch
=============================
====== JS ERROR CAUGHT ======
Unhandled Promise: TypeError: Failed to fetch
=============================
====== JS ERROR CAUGHT ======
Unhandled Promise: TypeError: Failed to fetch
=============================
====== JS ERROR CAUGHT ======
Unhandled Promise: TypeError: Failed to fetch
=============================
====== JS ERROR CAUGHT ======
Unhandled Promise: TypeError: Failed to fetch
=============================
====== JS ERROR CAUGHT ======
Unhandled Promise: TypeError: Failed to fetch
=============================
====== JS ERROR CAUGHT ======
Unhandled Promise: TypeError: Failed to fetch
=============================
====== JS ERROR CAUGHT ======
Unhandled Promise: TypeError: Failed to fetch
=============================
====== JS ERROR CAUGHT ======
Unhandled Promise: TypeError: Failed to fetch
=============================
====== JS ERROR CAUGHT ======
Unhandled Promise: TypeError: Failed to fetch
=============================
====== JS ERROR CAUGHT ======
Unhandled Promise: TypeError: Failed to fetch
=============================
====== JS ERROR CAUGHT ======
Unhandled Promise: TypeError: Failed to fetch
=============================
====== JS ERROR CAUGHT ======
Unhandled Promise: TypeError: Failed to fetch
=============================
====== JS ERROR CAUGHT ======
Unhandled Promise: TypeError: Failed to fetch
=============================
====== JS ERROR CAUGHT ======
Unhandled Promise: TypeError: Failed to fetch
=============================
====== JS ERROR CAUGHT ======
Unhandled Promise: TypeError: Failed to fetch
=============================
====== JS ERROR CAUGHT ======
Unhandled Promise: TypeError: Failed to fetch
=============================
====== JS ERROR CAUGHT ======
Unhandled Promise: TypeError: Failed to fetch
=============================
====== JS ERROR CAUGHT ======
Unhandled Promise: TypeError: Failed to fetch
=============================
====== JS ERROR CAUGHT ======
Unhandled Promise: TypeError: Failed to fetch
=============================
====== JS ERROR CAUGHT ======
Unhandled Promise: TypeError: Failed to fetch
=============================
====== JS ERROR CAUGHT ======
Unhandled Promise: TypeError: Failed to fetch
=============================
====== JS ERROR CAUGHT ======
Unhandled Promise: TypeError: Failed to fetch
=============================
====== JS ERROR CAUGHT ======
Unhandled Promise: TypeError: Failed to fetch
=============================
====== JS ERROR CAUGHT ======
Unhandled Promise: TypeError: Failed to fetch
=============================
====== JS ERROR CAUGHT ======
Unhandled Promise: TypeError: Failed to fetch
=============================
====== JS ERROR CAUGHT ======
Unhandled Promise: TypeError: Failed to fetch
=============================
====== JS ERROR CAUGHT ======
Unhandled Promise: TypeError: Failed to fetch
=============================
====== JS ERROR CAUGHT ======
Unhandled Promise: TypeError: Failed to fetch
=============================
====== JS ERROR CAUGHT ======
Unhandled Promise: TypeError: Failed to fetch
=============================
====== JS ERROR CAUGHT ======
Unhandled Promise: TypeError: Failed to fetch
=============================
====== JS ERROR CAUGHT ======
Unhandled Promise: TypeError: Failed to fetch
=============================
====== JS ERROR CAUGHT ======
Unhandled Promise: TypeError: Failed to fetch
=============================
====== JS ERROR CAUGHT ======
Unhandled Promise: TypeError: Failed to fetch
=============================
====== JS ERROR CAUGHT ======
Unhandled Promise: TypeError: Failed to fetch
=============================
====== JS ERROR CAUGHT ======
Unhandled Promise: TypeError: Failed to fetch
=============================
====== JS ERROR CAUGHT ======
Unhandled Promise: TypeError: Failed to fetch
=============================
====== JS ERROR CAUGHT ======
Unhandled Promise: TypeError: Failed to fetch
=============================
====== JS ERROR CAUGHT ======
Unhandled Promise: TypeError: Failed to fetch
=============================
====== JS ERROR CAUGHT ======
Unhandled Promise: TypeError: Failed to fetch
=============================
====== JS ERROR CAUGHT ======
Unhandled Promise: TypeError: Failed to fetch
=============================
====== JS ERROR CAUGHT ======
Unhandled Promise: TypeError: Failed to fetch
=============================
====== JS ERROR CAUGHT ======
Unhandled Promise: TypeError: Failed to fetch
=============================
====== JS ERROR CAUGHT ======
Unhandled Promise: TypeError: Failed to fetch
=============================
====== JS ERROR CAUGHT ======
Unhandled Promise: TypeError: Failed to fetch
=============================
====== JS ERROR CAUGHT ======
Unhandled Promise: TypeError: Failed to fetch
=============================
====== JS ERROR CAUGHT ======
Unhandled Promise: TypeError: Failed to fetch
=============================
====== JS ERROR CAUGHT ======
Unhandled Promise: TypeError: Failed to fetch
=============================
====== JS ERROR CAUGHT ======
Unhandled Promise: TypeError: Failed to fetch
=============================
====== JS ERROR CAUGHT ======
Unhandled Promise: TypeError: Failed to fetch
=============================
====== JS ERROR CAUGHT ======
Unhandled Promise: TypeError: Failed to fetch
=============================
====== JS ERROR CAUGHT ======
Unhandled Promise: TypeError: Failed to fetch
=============================
====== JS ERROR CAUGHT ======
Unhandled Promise: TypeError: Failed to fetch
=============================
====== JS ERROR CAUGHT ======
Unhandled Promise: TypeError: Failed to fetch
=============================
====== JS ERROR CAUGHT ======
Unhandled Promise: TypeError: Failed to fetch
=============================
====== JS ERROR CAUGHT ======
Unhandled Promise: TypeError: Failed to fetch
=============================
====== JS ERROR CAUGHT ======
Unhandled Promise: TypeError: Failed to fetch
=============================
====== JS ERROR CAUGHT ======
Unhandled Promise: TypeError: Failed to fetch
=============================
====== JS ERROR CAUGHT ======
Unhandled Promise: TypeError: Failed to fetch
=============================
====== JS ERROR CAUGHT ======
Unhandled Promise: TypeError: Failed to fetch
=============================
====== JS ERROR CAUGHT ======
Unhandled Promise: TypeError: Failed to fetch
=============================
====== JS ERROR CAUGHT ======
Unhandled Promise: TypeError: Failed to fetch
=============================
====== JS ERROR CAUGHT ======
Unhandled Promise: TypeError: Failed to fetch
=============================
====== JS ERROR CAUGHT ======
Unhandled Promise: TypeError: Failed to fetch
=============================
====== JS ERROR CAUGHT ======
Unhandled Promise: TypeError: Failed to fetch
=============================
====== JS ERROR CAUGHT ======
Unhandled Promise: TypeError: Failed to fetch
=============================
====== JS ERROR CAUGHT ======
Unhandled Promise: TypeError: Failed to fetch
=============================
====== JS ERROR CAUGHT ======
Unhandled Promise: TypeError: Failed to fetch
=============================
====== JS ERROR CAUGHT ======
Unhandled Promise: TypeError: Failed to fetch
=============================
====== JS ERROR CAUGHT ======
Unhandled Promise: TypeError: Failed to fetch
=============================
====== JS ERROR CAUGHT ======
Unhandled Promise: TypeError: Failed to fetch
=============================
====== JS ERROR CAUGHT ======
Unhandled Promise: TypeError: Failed to fetch
=============================
====== JS ERROR CAUGHT ======
Unhandled Promise: TypeError: Failed to fetch
=============================
====== JS ERROR CAUGHT ======
Unhandled Promise: TypeError: Failed to fetch
=============================
====== JS ERROR CAUGHT ======
Unhandled Promise: TypeError: Failed to fetch
=============================
====== JS ERROR CAUGHT ======
Unhandled Promise: TypeError: Failed to fetch
=============================
====== JS ERROR CAUGHT ======
Unhandled Promise: TypeError: Failed to fetch
=============================
====== JS ERROR CAUGHT ======
Unhandled Promise: TypeError: Failed to fetch
=============================
====== JS ERROR CAUGHT ======
Unhandled Promise: TypeError: Failed to fetch
=============================
====== JS ERROR CAUGHT ======
Unhandled Promise: TypeError: Failed to fetch
=============================
====== JS ERROR CAUGHT ======
Unhandled Promise: TypeError: Failed to fetch
=============================
====== JS ERROR CAUGHT ======
Unhandled Promise: TypeError: Failed to fetch
=============================
====== JS ERROR CAUGHT ======
Unhandled Promise: TypeError: Failed to fetch
=============================
====== JS ERROR CAUGHT ======
Unhandled Promise: TypeError: Failed to fetch
=============================
====== JS ERROR CAUGHT ======
Unhandled Promise: TypeError: Failed to fetch
=============================
====== JS ERROR CAUGHT ======
Unhandled Promise: TypeError: Failed to fetch
=============================
====== JS ERROR CAUGHT ======
Unhandled Promise: TypeError: Failed to fetch
=============================
====== JS ERROR CAUGHT ======
Unhandled Promise: TypeError: Failed to fetch
=============================
====== JS ERROR CAUGHT ======
Unhandled Promise: TypeError: Failed to fetch
=============================
====== JS ERROR CAUGHT ======
Unhandled Promise: TypeError: Failed to fetch
=============================
====== JS ERROR CAUGHT ======
Unhandled Promise: TypeError: Failed to fetch
=============================
====== JS ERROR CAUGHT ======
Unhandled Promise: TypeError: Failed to fetch
=============================
====== JS ERROR CAUGHT ======
Unhandled Promise: TypeError: Failed to fetch
=============================
====== JS ERROR CAUGHT ======
Unhandled Promise: TypeError: Failed to fetch
=============================
====== JS ERROR CAUGHT ======
Unhandled Promise: TypeError: Failed to fetch
=============================
====== JS ERROR CAUGHT ======
Unhandled Promise: TypeError: Failed to fetch
=============================
====== JS ERROR CAUGHT ======
Unhandled Promise: TypeError: Failed to fetch
=============================
====== JS ERROR CAUGHT ======
Unhandled Promise: TypeError: Failed to fetch
=============================
====== JS ERROR CAUGHT ======
Unhandled Promise: TypeError: Failed to fetch
=============================
====== JS ERROR CAUGHT ======
Unhandled Promise: TypeError: Failed to fetch
=============================
====== JS ERROR CAUGHT ======
Unhandled Promise: TypeError: Failed to fetch
=============================
====== JS ERROR CAUGHT ======
Unhandled Promise: TypeError: Failed to fetch
=============================
====== JS ERROR CAUGHT ======
Unhandled Promise: TypeError: Failed to fetch
=============================
====== JS ERROR CAUGHT ======
Unhandled Promise: TypeError: Failed to fetch
=============================
====== JS ERROR CAUGHT ======
Unhandled Promise: TypeError: Failed to fetch
=============================
====== JS ERROR CAUGHT ======
Unhandled Promise: TypeError: Failed to fetch
=============================
====== JS ERROR CAUGHT ======
Unhandled Promise: TypeError: Failed to fetch
=============================
====== JS ERROR CAUGHT ======
Unhandled Promise: TypeError: Failed to fetch
=============================
====== JS ERROR CAUGHT ======
Unhandled Promise: TypeError: Failed to fetch
=============================
====== JS ERROR CAUGHT ======
Unhandled Promise: TypeError: Failed to fetch
=============================
====== JS ERROR CAUGHT ======
Unhandled Promise: TypeError: Failed to fetch
=============================
====== JS ERROR CAUGHT ======
Unhandled Promise: TypeError: Failed to fetch
=============================
====== JS ERROR CAUGHT ======
Unhandled Promise: TypeError: Failed to fetch
=============================
====== JS ERROR CAUGHT ======
Unhandled Promise: TypeError: Failed to fetch
=============================
====== JS ERROR CAUGHT ======
Unhandled Promise: TypeError: Failed to fetch
=============================
====== JS ERROR CAUGHT ======
Unhandled Promise: TypeError: Failed to fetch
=============================
====== JS ERROR CAUGHT ======
Unhandled Promise: TypeError: Failed to fetch
=============================
====== JS ERROR CAUGHT ======
Unhandled Promise: TypeError: Failed to fetch
=============================
====== JS ERROR CAUGHT ======
Unhandled Promise: TypeError: Failed to fetch
=============================
====== JS ERROR CAUGHT ======
Unhandled Promise: TypeError: Failed to fetch
=============================
====== JS ERROR CAUGHT ======
Unhandled Promise: TypeError: Failed to fetch
=============================
====== JS ERROR CAUGHT ======
Unhandled Promise: TypeError: Failed to fetch
=============================
====== JS ERROR CAUGHT ======
Unhandled Promise: TypeError: Failed to fetch
=============================
====== JS ERROR CAUGHT ======
Unhandled Promise: TypeError: Failed to fetch
=============================
====== JS ERROR CAUGHT ======
Unhandled Promise: TypeError: Failed to fetch
=============================
====== JS ERROR CAUGHT ======
Unhandled Promise: TypeError: Failed to fetch
=============================
====== JS ERROR CAUGHT ======
Unhandled Promise: TypeError: Failed to fetch
=============================
====== JS ERROR CAUGHT ======
Unhandled Promise: TypeError: Failed to fetch
=============================
====== JS ERROR CAUGHT ======
Unhandled Promise: TypeError: Failed to fetch
=============================
====== JS ERROR CAUGHT ======
Unhandled Promise: TypeError: Failed to fetch
=============================
====== JS ERROR CAUGHT ======
Unhandled Promise: TypeError: Failed to fetch
=============================
====== JS ERROR CAUGHT ======
Unhandled Promise: TypeError: Failed to fetch
=============================
====== JS ERROR CAUGHT ======
Unhandled Promise: TypeError: Failed to fetch
=============================
====== JS ERROR CAUGHT ======
Unhandled Promise: TypeError: Failed to fetch
=============================
====== JS ERROR CAUGHT ======
Unhandled Promise: TypeError: Failed to fetch
=============================
====== JS ERROR CAUGHT ======
Unhandled Promise: TypeError: Failed to fetch
=============================
====== JS ERROR CAUGHT ======
Unhandled Promise: TypeError: Failed to fetch
=============================
====== JS ERROR CAUGHT ======
Unhandled Promise: TypeError: Failed to fetch
=============================
====== JS ERROR CAUGHT ======
Unhandled Promise: TypeError: Failed to fetch
=============================
====== JS ERROR CAUGHT ======
Unhandled Promise: TypeError: Failed to fetch
=============================
====== JS ERROR CAUGHT ======
Unhandled Promise: TypeError: Failed to fetch
=============================
====== JS ERROR CAUGHT ======
Unhandled Promise: TypeError: Failed to fetch
=============================
====== JS ERROR CAUGHT ======
Unhandled Promise: TypeError: Failed to fetch
=============================
====== JS ERROR CAUGHT ======
Unhandled Promise: TypeError: Failed to fetch
=============================
====== JS ERROR CAUGHT ======
Unhandled Promise: TypeError: Failed to fetch
=============================
====== JS ERROR CAUGHT ======
Unhandled Promise: TypeError: Failed to fetch
=============================
====== JS ERROR CAUGHT ======
Unhandled Promise: TypeError: Failed to fetch
=============================
====== JS ERROR CAUGHT ======
Unhandled Promise: TypeError: Failed to fetch
=============================
====== JS ERROR CAUGHT ======
Unhandled Promise: TypeError: Failed to fetch
=============================
====== JS ERROR CAUGHT ======
Unhandled Promise: TypeError: Failed to fetch
=============================
====== JS ERROR CAUGHT ======
Unhandled Promise: TypeError: Failed to fetch
=============================
====== JS ERROR CAUGHT ======
Unhandled Promise: TypeError: Failed to fetch
=============================
====== JS ERROR CAUGHT ======
Unhandled Promise: TypeError: Failed to fetch
=============================
====== JS ERROR CAUGHT ======
Unhandled Promise: TypeError: Failed to fetch
=============================
====== JS ERROR CAUGHT ======
Unhandled Promise: TypeError: Failed to fetch
=============================
====== JS ERROR CAUGHT ======
Unhandled Promise: TypeError: Failed to fetch
=============================
====== JS ERROR CAUGHT ======
Unhandled Promise: TypeError: Failed to fetch
=============================
====== JS ERROR CAUGHT ======
Unhandled Promise: TypeError: Failed to fetch
=============================
====== JS ERROR CAUGHT ======
Unhandled Promise: TypeError: Failed to fetch
=============================
====== JS ERROR CAUGHT ======
Unhandled Promise: TypeError: Failed to fetch
=============================
====== JS ERROR CAUGHT ======
Unhandled Promise: TypeError: Failed to fetch
=============================
====== JS ERROR CAUGHT ======
Unhandled Promise: TypeError: Failed to fetch
=============================
====== JS ERROR CAUGHT ======
Unhandled Promise: TypeError: Failed to fetch
=============================
====== JS ERROR CAUGHT ======
Unhandled Promise: TypeError: Failed to fetch
=============================
====== JS ERROR CAUGHT ======
Unhandled Promise: TypeError: Failed to fetch
=============================
====== JS ERROR CAUGHT ======
Unhandled Promise: TypeError: Failed to fetch
=============================
====== JS ERROR CAUGHT ======
Unhandled Promise: TypeError: Failed to fetch
=============================
====== JS ERROR CAUGHT ======
Unhandled Promise: TypeError: Failed to fetch
=============================
====== JS ERROR CAUGHT ======
Unhandled Promise: TypeError: Failed to fetch
=============================
====== JS ERROR CAUGHT ======
Unhandled Promise: TypeError: Failed to fetch
=============================
====== JS ERROR CAUGHT ======
Unhandled Promise: TypeError: Failed to fetch
=============================
====== JS ERROR CAUGHT ======
Unhandled Promise: TypeError: Failed to fetch
=============================
====== JS ERROR CAUGHT ======
Unhandled Promise: TypeError: Failed to fetch
=============================
====== JS ERROR CAUGHT ======
Unhandled Promise: TypeError: Failed to fetch
=============================
====== JS ERROR CAUGHT ======
Unhandled Promise: TypeError: Failed to fetch
=============================
====== JS ERROR CAUGHT ======
Unhandled Promise: TypeError: Failed to fetch
=============================
====== JS ERROR CAUGHT ======
Unhandled Promise: TypeError: Failed to fetch
=============================
====== JS ERROR CAUGHT ======
Unhandled Promise: TypeError: Failed to fetch
=============================
====== JS ERROR CAUGHT ======
Unhandled Promise: TypeError: Failed to fetch
=============================
====== JS ERROR CAUGHT ======
Unhandled Promise: TypeError: Failed to fetch
=============================
====== JS ERROR CAUGHT ======
Unhandled Promise: TypeError: Failed to fetch
=============================
====== JS ERROR CAUGHT ======
Unhandled Promise: TypeError: Failed to fetch
=============================
====== JS ERROR CAUGHT ======
Unhandled Promise: TypeError: Failed to fetch
=============================
====== JS ERROR CAUGHT ======
Unhandled Promise: TypeError: Failed to fetch
=============================
====== JS ERROR CAUGHT ======
Unhandled Promise: TypeError: Failed to fetch
=============================
====== JS ERROR CAUGHT ======
Unhandled Promise: TypeError: Failed to fetch
=============================
====== JS ERROR CAUGHT ======
Unhandled Promise: TypeError: Failed to fetch
=============================
====== JS ERROR CAUGHT ======
Unhandled Promise: TypeError: Failed to fetch
=============================
====== JS ERROR CAUGHT ======
Unhandled Promise: TypeError: Failed to fetch
=============================
====== JS ERROR CAUGHT ======
Unhandled Promise: TypeError: Failed to fetch
=============================
====== JS ERROR CAUGHT ======
Unhandled Promise: TypeError: Failed to fetch
=============================
====== JS ERROR CAUGHT ======
Unhandled Promise: TypeError: Failed to fetch
=============================
====== JS ERROR CAUGHT ======
Unhandled Promise: TypeError: Failed to fetch
=============================
====== JS ERROR CAUGHT ======
Unhandled Promise: TypeError: Failed to fetch
=============================
====== JS ERROR CAUGHT ======
Unhandled Promise: TypeError: Failed to fetch
=============================
====== JS ERROR CAUGHT ======
Unhandled Promise: TypeError: Failed to fetch
=============================
====== JS ERROR CAUGHT ======
Unhandled Promise: TypeError: Failed to fetch
=============================
====== JS ERROR CAUGHT ======
Unhandled Promise: TypeError: Failed to fetch
=============================
====== JS ERROR CAUGHT ======
Unhandled Promise: TypeError: Failed to fetch
=============================
====== JS ERROR CAUGHT ======
Unhandled Promise: TypeError: Failed to fetch
=============================
====== JS ERROR CAUGHT ======
Unhandled Promise: TypeError: Failed to fetch
=============================
====== JS ERROR CAUGHT ======
Unhandled Promise: TypeError: Failed to fetch
=============================
====== JS ERROR CAUGHT ======
Unhandled Promise: TypeError: Failed to fetch
=============================
====== JS ERROR CAUGHT ======
Unhandled Promise: TypeError: Failed to fetch
=============================
====== JS ERROR CAUGHT ======
Unhandled Promise: TypeError: Failed to fetch
=============================
====== JS ERROR CAUGHT ======
Unhandled Promise: TypeError: Failed to fetch
=============================
====== JS ERROR CAUGHT ======
Unhandled Promise: TypeError: Failed to fetch
=============================
====== JS ERROR CAUGHT ======
Unhandled Promise: TypeError: Failed to fetch
=============================
====== JS ERROR CAUGHT ======
Unhandled Promise: TypeError: Failed to fetch
=============================
====== JS ERROR CAUGHT ======
Unhandled Promise: TypeError: Failed to fetch
=============================
====== JS ERROR CAUGHT ======
Unhandled Promise: TypeError: Failed to fetch
=============================
====== JS ERROR CAUGHT ======
Unhandled Promise: TypeError: Failed to fetch
=============================
====== JS ERROR CAUGHT ======
Unhandled Promise: TypeError: Failed to fetch
=============================
====== JS ERROR CAUGHT ======
Unhandled Promise: TypeError: Failed to fetch
=============================
====== JS ERROR CAUGHT ======
Unhandled Promise: TypeError: Failed to fetch
=============================
====== JS ERROR CAUGHT ======
Unhandled Promise: TypeError: Failed to fetch
=============================
====== JS ERROR CAUGHT ======
Unhandled Promise: TypeError: Failed to fetch
=============================
====== JS ERROR CAUGHT ======
Unhandled Promise: TypeError: Failed to fetch
=============================
====== JS ERROR CAUGHT ======
Unhandled Promise: TypeError: Failed to fetch
=============================
====== JS ERROR CAUGHT ======
Unhandled Promise: TypeError: Failed to fetch
=============================
====== JS ERROR CAUGHT ======
Unhandled Promise: TypeError: Failed to fetch
=============================
====== JS ERROR CAUGHT ======
Unhandled Promise: TypeError: Failed to fetch
=============================
====== JS ERROR CAUGHT ======
Unhandled Promise: TypeError: Failed to fetch
=============================
====== JS ERROR CAUGHT ======
Unhandled Promise: TypeError: Failed to fetch
=============================
====== JS ERROR CAUGHT ======
Unhandled Promise: TypeError: Failed to fetch
=============================
====== JS ERROR CAUGHT ======
Unhandled Promise: TypeError: Failed to fetch
=============================
====== JS ERROR CAUGHT ======
Unhandled Promise: TypeError: Failed to fetch
=============================
====== JS ERROR CAUGHT ======
Unhandled Promise: TypeError: Failed to fetch
=============================
====== JS ERROR CAUGHT ======
Unhandled Promise: TypeError: Failed to fetch
=============================
====== JS ERROR CAUGHT ======
Unhandled Promise: TypeError: Failed to fetch
=============================
====== JS ERROR CAUGHT ======
Unhandled Promise: TypeError: Failed to fetch
=============================
====== JS ERROR CAUGHT ======
Unhandled Promise: TypeError: Failed to fetch
=============================
====== JS ERROR CAUGHT ======
Unhandled Promise: TypeError: Failed to fetch
=============================
====== JS ERROR CAUGHT ======
Unhandled Promise: TypeError: Failed to fetch
=============================
====== JS ERROR CAUGHT ======
Unhandled Promise: TypeError: Failed to fetch
=============================
====== JS ERROR CAUGHT ======
Unhandled Promise: TypeError: Failed to fetch
=============================
====== JS ERROR CAUGHT ======
Unhandled Promise: TypeError: Failed to fetch
=============================
====== JS ERROR CAUGHT ======
Unhandled Promise: TypeError: Failed to fetch
=============================
====== JS ERROR CAUGHT ======
Unhandled Promise: TypeError: Failed to fetch
=============================
====== JS ERROR CAUGHT ======
Unhandled Promise: TypeError: Failed to fetch
=============================
====== JS ERROR CAUGHT ======
Unhandled Promise: TypeError: Failed to fetch
=============================
====== JS ERROR CAUGHT ======
Unhandled Promise: TypeError: Failed to fetch
=============================
====== JS ERROR CAUGHT ======
Unhandled Promise: TypeError: Failed to fetch
=============================
====== JS ERROR CAUGHT ======
Unhandled Promise: TypeError: Failed to fetch
=============================
====== JS ERROR CAUGHT ======
Unhandled Promise: TypeError: Failed to fetch
=============================
====== JS ERROR CAUGHT ======
Unhandled Promise: TypeError: Failed to fetch
=============================
====== JS ERROR CAUGHT ======
Unhandled Promise: TypeError: Failed to fetch
=============================
====== JS ERROR CAUGHT ======
Unhandled Promise: TypeError: Failed to fetch
=============================
====== JS ERROR CAUGHT ======
Unhandled Promise: TypeError: Failed to fetch
=============================
====== JS ERROR CAUGHT ======
Unhandled Promise: TypeError: Failed to fetch
=============================
====== JS ERROR CAUGHT ======
Unhandled Promise: TypeError: Failed to fetch
=============================
====== JS ERROR CAUGHT ======
Unhandled Promise: TypeError: Failed to fetch
=============================
====== JS ERROR CAUGHT ======
Unhandled Promise: TypeError: Failed to fetch
=============================
====== JS ERROR CAUGHT ======
Unhandled Promise: TypeError: Failed to fetch
=============================
====== JS ERROR CAUGHT ======
Unhandled Promise: TypeError: Failed to fetch
=============================
====== JS ERROR CAUGHT ======
Unhandled Promise: TypeError: Failed to fetch
=============================
====== JS ERROR CAUGHT ======
Unhandled Promise: TypeError: Failed to fetch
=============================
====== JS ERROR CAUGHT ======
Unhandled Promise: TypeError: Failed to fetch
=============================
====== JS ERROR CAUGHT ======
Unhandled Promise: TypeError: Failed to fetch
=============================
====== JS ERROR CAUGHT ======
Unhandled Promise: TypeError: Failed to fetch
=============================
====== JS ERROR CAUGHT ======
Unhandled Promise: TypeError: Failed to fetch
=============================
====== JS ERROR CAUGHT ======
Unhandled Promise: TypeError: Failed to fetch
=============================
====== JS ERROR CAUGHT ======
Unhandled Promise: TypeError: Failed to fetch
=============================
====== JS ERROR CAUGHT ======
Unhandled Promise: TypeError: Failed to fetch
=============================
====== JS ERROR CAUGHT ======
Unhandled Promise: TypeError: Failed to fetch
=============================
====== JS ERROR CAUGHT ======
Unhandled Promise: TypeError: Failed to fetch
=============================
====== JS ERROR CAUGHT ======
Unhandled Promise: TypeError: Failed to fetch
=============================
====== JS ERROR CAUGHT ======
Unhandled Promise: TypeError: Failed to fetch
=============================
====== JS ERROR CAUGHT ======
Unhandled Promise: TypeError: Failed to fetch
=============================
====== JS ERROR CAUGHT ======
Unhandled Promise: TypeError: Failed to fetch
=============================
====== JS ERROR CAUGHT ======
Unhandled Promise: TypeError: Failed to fetch
=============================
====== JS ERROR CAUGHT ======
Unhandled Promise: TypeError: Failed to fetch
=============================
====== JS ERROR CAUGHT ======
Unhandled Promise: TypeError: Failed to fetch
=============================
====== JS ERROR CAUGHT ======
Unhandled Promise: TypeError: Failed to fetch
=============================
====== JS ERROR CAUGHT ======
Unhandled Promise: TypeError: Failed to fetch
=============================
====== JS ERROR CAUGHT ======
Unhandled Promise: TypeError: Failed to fetch
=============================
====== JS ERROR CAUGHT ======
Unhandled Promise: TypeError: Failed to fetch
=============================
====== JS ERROR CAUGHT ======
Unhandled Promise: TypeError: Failed to fetch
=============================
====== JS ERROR CAUGHT ======
Unhandled Promise: TypeError: Failed to fetch
=============================
====== JS ERROR CAUGHT ======
Unhandled Promise: TypeError: Failed to fetch
=============================
====== JS ERROR CAUGHT ======
Unhandled Promise: TypeError: Failed to fetch
=============================
====== JS ERROR CAUGHT ======
Unhandled Promise: TypeError: Failed to fetch
=============================
====== JS ERROR CAUGHT ======
Unhandled Promise: TypeError: Failed to fetch
=============================
====== JS ERROR CAUGHT ======
Unhandled Promise: TypeError: Failed to fetch
=============================
====== JS ERROR CAUGHT ======
Unhandled Promise: TypeError: Failed to fetch
=============================
====== JS ERROR CAUGHT ======
Unhandled Promise: TypeError: Failed to fetch
=============================
====== JS ERROR CAUGHT ======
Unhandled Promise: TypeError: Failed to fetch
=============================
====== JS ERROR CAUGHT ======
Unhandled Promise: TypeError: Failed to fetch
=============================
====== JS ERROR CAUGHT ======
Unhandled Promise: TypeError: Failed to fetch
=============================
====== JS ERROR CAUGHT ======
Unhandled Promise: TypeError: Failed to fetch
=============================
====== JS ERROR CAUGHT ======
Unhandled Promise: TypeError: Failed to fetch
=============================
====== JS ERROR CAUGHT ======
Unhandled Promise: TypeError: Failed to fetch
=============================
====== JS ERROR CAUGHT ======
Unhandled Promise: TypeError: Failed to fetch
=============================
====== JS ERROR CAUGHT ======
Unhandled Promise: TypeError: Failed to fetch
=============================
====== JS ERROR CAUGHT ======
Unhandled Promise: TypeError: Failed to fetch
=============================
====== JS ERROR CAUGHT ======
Unhandled Promise: TypeError: Failed to fetch
=============================
====== JS ERROR CAUGHT ======
Unhandled Promise: TypeError: Failed to fetch
=============================
====== JS ERROR CAUGHT ======
Unhandled Promise: TypeError: Failed to fetch
=============================
====== JS ERROR CAUGHT ======
Unhandled Promise: TypeError: Failed to fetch
=============================
====== JS ERROR CAUGHT ======
Unhandled Promise: TypeError: Failed to fetch
=============================
====== JS ERROR CAUGHT ======
Unhandled Promise: TypeError: Failed to fetch
=============================
====== JS ERROR CAUGHT ======
Unhandled Promise: TypeError: Failed to fetch
=============================
====== JS ERROR CAUGHT ======
Unhandled Promise: TypeError: Failed to fetch
=============================
====== JS ERROR CAUGHT ======
Unhandled Promise: TypeError: Failed to fetch
=============================
====== JS ERROR CAUGHT ======
Unhandled Promise: TypeError: Failed to fetch
=============================
====== JS ERROR CAUGHT ======
Unhandled Promise: TypeError: Failed to fetch
=============================
====== JS ERROR CAUGHT ======
Unhandled Promise: TypeError: Failed to fetch
=============================
====== JS ERROR CAUGHT ======
Unhandled Promise: TypeError: Failed to fetch
=============================
====== JS ERROR CAUGHT ======
Unhandled Promise: TypeError: Failed to fetch
=============================
====== JS ERROR CAUGHT ======
Unhandled Promise: TypeError: Failed to fetch
=============================
====== JS ERROR CAUGHT ======
Unhandled Promise: TypeError: Failed to fetch
=============================
====== JS ERROR CAUGHT ======
Unhandled Promise: TypeError: Failed to fetch
=============================
====== JS ERROR CAUGHT ======
Unhandled Promise: TypeError: Failed to fetch
=============================
====== JS ERROR CAUGHT ======
Unhandled Promise: TypeError: Failed to fetch
=============================
====== JS ERROR CAUGHT ======
Unhandled Promise: TypeError: Failed to fetch
=============================
====== JS ERROR CAUGHT ======
Unhandled Promise: TypeError: Failed to fetch
=============================
====== JS ERROR CAUGHT ======
Unhandled Promise: TypeError: Failed to fetch
=============================
====== JS ERROR CAUGHT ======
Unhandled Promise: TypeError: Failed to fetch
=============================
====== JS ERROR CAUGHT ======
Unhandled Promise: TypeError: Failed to fetch
=============================
====== JS ERROR CAUGHT ======
Unhandled Promise: TypeError: Failed to fetch
=============================
====== JS ERROR CAUGHT ======
Unhandled Promise: TypeError: Failed to fetch
=============================
====== JS ERROR CAUGHT ======
Unhandled Promise: TypeError: Failed to fetch
=============================
====== JS ERROR CAUGHT ======
Unhandled Promise: TypeError: Failed to fetch
=============================
====== JS ERROR CAUGHT ======
Unhandled Promise: TypeError: Failed to fetch
=============================
====== JS ERROR CAUGHT ======
Unhandled Promise: TypeError: Failed to fetch
=============================
====== JS ERROR CAUGHT ======
Unhandled Promise: TypeError: Failed to fetch
=============================
====== JS ERROR CAUGHT ======
Unhandled Promise: TypeError: Failed to fetch
=============================
====== JS ERROR CAUGHT ======
Unhandled Promise: TypeError: Failed to fetch
=============================
====== JS ERROR CAUGHT ======
Unhandled Promise: TypeError: Failed to fetch
=============================
====== JS ERROR CAUGHT ======
Unhandled Promise: TypeError: Failed to fetch
=============================
====== JS ERROR CAUGHT ======
Unhandled Promise: TypeError: Failed to fetch
=============================
====== JS ERROR CAUGHT ======
Unhandled Promise: TypeError: Failed to fetch
=============================
====== JS ERROR CAUGHT ======
Unhandled Promise: TypeError: Failed to fetch
=============================
====== JS ERROR CAUGHT ======
Unhandled Promise: TypeError: Failed to fetch
=============================
====== JS ERROR CAUGHT ======
Unhandled Promise: TypeError: Failed to fetch
=============================
====== JS ERROR CAUGHT ======
Unhandled Promise: TypeError: Failed to fetch
=============================
====== JS ERROR CAUGHT ======
Unhandled Promise: TypeError: Failed to fetch
=============================
====== JS ERROR CAUGHT ======
Unhandled Promise: TypeError: Failed to fetch
=============================
====== JS ERROR CAUGHT ======
Unhandled Promise: TypeError: Failed to fetch
=============================
====== JS ERROR CAUGHT ======
Unhandled Promise: TypeError: Failed to fetch
=============================
====== JS ERROR CAUGHT ======
Unhandled Promise: TypeError: Failed to fetch
=============================
====== JS ERROR CAUGHT ======
Unhandled Promise: TypeError: Failed to fetch
=============================
====== JS ERROR CAUGHT ======
Unhandled Promise: TypeError: Failed to fetch
=============================
====== JS ERROR CAUGHT ======
Unhandled Promise: TypeError: Failed to fetch
=============================
====== JS ERROR CAUGHT ======
Unhandled Promise: TypeError: Failed to fetch
=============================
====== JS ERROR CAUGHT ======
Unhandled Promise: TypeError: Failed to fetch
=============================
====== JS ERROR CAUGHT ======
Unhandled Promise: TypeError: Failed to fetch
=============================
====== JS ERROR CAUGHT ======
Unhandled Promise: TypeError: Failed to fetch
=============================
====== JS ERROR CAUGHT ======
Unhandled Promise: TypeError: Failed to fetch
=============================
====== JS ERROR CAUGHT ======
Unhandled Promise: TypeError: Failed to fetch
=============================
====== JS ERROR CAUGHT ======
Unhandled Promise: TypeError: Failed to fetch
=============================
====== JS ERROR CAUGHT ======
Unhandled Promise: TypeError: Failed to fetch
=============================
====== JS ERROR CAUGHT ======
Unhandled Promise: TypeError: Failed to fetch
=============================
====== JS ERROR CAUGHT ======
Unhandled Promise: TypeError: Failed to fetch
=============================
====== JS ERROR CAUGHT ======
Unhandled Promise: TypeError: Failed to fetch
=============================
====== JS ERROR CAUGHT ======
Unhandled Promise: TypeError: Failed to fetch
=============================
====== JS ERROR CAUGHT ======
Unhandled Promise: TypeError: Failed to fetch
=============================
====== JS ERROR CAUGHT ======
Unhandled Promise: TypeError: Failed to fetch
=============================
====== JS ERROR CAUGHT ======
Unhandled Promise: TypeError: Failed to fetch
=============================
====== JS ERROR CAUGHT ======
Unhandled Promise: TypeError: Failed to fetch
=============================
====== JS ERROR CAUGHT ======
Unhandled Promise: TypeError: Failed to fetch
=============================
====== JS ERROR CAUGHT ======
Unhandled Promise: TypeError: Failed to fetch
=============================
====== JS ERROR CAUGHT ======
Unhandled Promise: TypeError: Failed to fetch
=============================
====== JS ERROR CAUGHT ======
Unhandled Promise: TypeError: Failed to fetch
=============================
====== JS ERROR CAUGHT ======
Unhandled Promise: TypeError: Failed to fetch
=============================
====== JS ERROR CAUGHT ======
Unhandled Promise: TypeError: Failed to fetch
=============================
====== JS ERROR CAUGHT ======
Unhandled Promise: TypeError: Failed to fetch
=============================
====== JS ERROR CAUGHT ======
Unhandled Promise: TypeError: Failed to fetch
=============================
====== JS ERROR CAUGHT ======
Unhandled Promise: TypeError: Failed to fetch
=============================
====== JS ERROR CAUGHT ======
Unhandled Promise: TypeError: Failed to fetch
=============================
====== JS ERROR CAUGHT ======
Unhandled Promise: TypeError: Failed to fetch
=============================
====== JS ERROR CAUGHT ======
Unhandled Promise: TypeError: Failed to fetch
=============================
====== JS ERROR CAUGHT ======
Unhandled Promise: TypeError: Failed to fetch
=============================
====== JS ERROR CAUGHT ======
Unhandled Promise: TypeError: Failed to fetch
=============================
====== JS ERROR CAUGHT ======
Unhandled Promise: TypeError: Failed to fetch
=============================
====== JS ERROR CAUGHT ======
Unhandled Promise: TypeError: Failed to fetch
=============================
====== JS ERROR CAUGHT ======
Unhandled Promise: TypeError: Failed to fetch
=============================
====== JS ERROR CAUGHT ======
Unhandled Promise: TypeError: Failed to fetch
=============================
====== JS ERROR CAUGHT ======
Unhandled Promise: TypeError: Failed to fetch
=============================
====== JS ERROR CAUGHT ======
Unhandled Promise: TypeError: Failed to fetch
=============================
====== JS ERROR CAUGHT ======
Unhandled Promise: TypeError: Failed to fetch
=============================
====== JS ERROR CAUGHT ======
Unhandled Promise: TypeError: Failed to fetch
=============================
====== JS ERROR CAUGHT ======
Unhandled Promise: TypeError: Failed to fetch
=============================
====== JS ERROR CAUGHT ======
Unhandled Promise: TypeError: Failed to fetch
=============================
====== JS ERROR CAUGHT ======
Unhandled Promise: TypeError: Failed to fetch
=============================
====== JS ERROR CAUGHT ======
Unhandled Promise: TypeError: Failed to fetch
=============================
====== JS ERROR CAUGHT ======
Unhandled Promise: TypeError: Failed to fetch
=============================
====== JS ERROR CAUGHT ======
Unhandled Promise: TypeError: Failed to fetch
=============================
====== JS ERROR CAUGHT ======
Unhandled Promise: TypeError: Failed to fetch
=============================
====== JS ERROR CAUGHT ======
Unhandled Promise: TypeError: Failed to fetch
=============================
====== JS ERROR CAUGHT ======
Unhandled Promise: TypeError: Failed to fetch
=============================
====== JS ERROR CAUGHT ======
Unhandled Promise: TypeError: Failed to fetch
=============================
====== JS ERROR CAUGHT ======
Unhandled Promise: TypeError: Failed to fetch
=============================
====== JS ERROR CAUGHT ======
Unhandled Promise: TypeError: Failed to fetch
=============================
====== JS ERROR CAUGHT ======
Unhandled Promise: TypeError: Failed to fetch
=============================
====== JS ERROR CAUGHT ======
Unhandled Promise: TypeError: Failed to fetch
=============================
====== JS ERROR CAUGHT ======
Unhandled Promise: TypeError: Failed to fetch
=============================
====== JS ERROR CAUGHT ======
Unhandled Promise: TypeError: Failed to fetch
=============================
====== JS ERROR CAUGHT ======
Unhandled Promise: TypeError: Failed to fetch
=============================
====== JS ERROR CAUGHT ======
Unhandled Promise: TypeError: Failed to fetch
=============================
====== JS ERROR CAUGHT ======
Unhandled Promise: TypeError: Failed to fetch
=============================
====== JS ERROR CAUGHT ======
Unhandled Promise: TypeError: Failed to fetch
=============================
====== JS ERROR CAUGHT ======
Unhandled Promise: TypeError: Failed to fetch
=============================
====== JS ERROR CAUGHT ======
Unhandled Promise: TypeError: Failed to fetch
=============================
====== JS ERROR CAUGHT ======
Unhandled Promise: TypeError: Failed to fetch
=============================
====== JS ERROR CAUGHT ======
Unhandled Promise: TypeError: Failed to fetch
=============================
====== JS ERROR CAUGHT ======
Unhandled Promise: TypeError: Failed to fetch
=============================
====== JS ERROR CAUGHT ======
Unhandled Promise: TypeError: Failed to fetch
=============================
====== JS ERROR CAUGHT ======
Unhandled Promise: TypeError: Failed to fetch
=============================
====== JS ERROR CAUGHT ======
Unhandled Promise: TypeError: Failed to fetch
=============================
====== JS ERROR CAUGHT ======
Unhandled Promise: TypeError: Failed to fetch
=============================
====== JS ERROR CAUGHT ======
Unhandled Promise: TypeError: Failed to fetch
=============================
====== JS ERROR CAUGHT ======
Unhandled Promise: TypeError: Failed to fetch
=============================
====== JS ERROR CAUGHT ======
Unhandled Promise: TypeError: Failed to fetch
=============================
====== JS ERROR CAUGHT ======
Unhandled Promise: TypeError: Failed to fetch
=============================
====== JS ERROR CAUGHT ======
Unhandled Promise: TypeError: Failed to fetch
=============================
====== JS ERROR CAUGHT ======
Unhandled Promise: TypeError: Failed to fetch
=============================
====== JS ERROR CAUGHT ======
Unhandled Promise: TypeError: Failed to fetch
=============================
====== JS ERROR CAUGHT ======
Unhandled Promise: TypeError: Failed to fetch
=============================
====== JS ERROR CAUGHT ======
Unhandled Promise: TypeError: Failed to fetch
=============================
====== JS ERROR CAUGHT ======
Unhandled Promise: TypeError: Failed to fetch
=============================
====== JS ERROR CAUGHT ======
Unhandled Promise: TypeError: Failed to fetch
=============================
====== JS ERROR CAUGHT ======
Unhandled Promise: TypeError: Failed to fetch
=============================
====== JS ERROR CAUGHT ======
Unhandled Promise: TypeError: Failed to fetch
=============================
====== JS ERROR CAUGHT ======
Unhandled Promise: TypeError: Failed to fetch
=============================
====== JS ERROR CAUGHT ======
Unhandled Promise: TypeError: Failed to fetch
=============================
====== JS ERROR CAUGHT ======
Unhandled Promise: TypeError: Failed to fetch
=============================
====== JS ERROR CAUGHT ======
Unhandled Promise: TypeError: Failed to fetch
=============================
====== JS ERROR CAUGHT ======
Unhandled Promise: TypeError: Failed to fetch
=============================
====== JS ERROR CAUGHT ======
Unhandled Promise: TypeError: Failed to fetch
=============================
====== JS ERROR CAUGHT ======
Unhandled Promise: TypeError: Failed to fetch
=============================
====== JS ERROR CAUGHT ======
Unhandled Promise: TypeError: Failed to fetch
=============================
====== JS ERROR CAUGHT ======
Unhandled Promise: TypeError: Failed to fetch
=============================
====== JS ERROR CAUGHT ======
Unhandled Promise: TypeError: Failed to fetch
=============================
====== JS ERROR CAUGHT ======
Unhandled Promise: TypeError: Failed to fetch
=============================
====== JS ERROR CAUGHT ======
Unhandled Promise: TypeError: Failed to fetch
=============================
====== JS ERROR CAUGHT ======
Unhandled Promise: TypeError: Failed to fetch
=============================
====== JS ERROR CAUGHT ======
Unhandled Promise: TypeError: Failed to fetch
=============================
====== JS ERROR CAUGHT ======
Unhandled Promise: TypeError: Failed to fetch
=============================
====== JS ERROR CAUGHT ======
Unhandled Promise: TypeError: Failed to fetch
=============================
====== JS ERROR CAUGHT ======
Unhandled Promise: TypeError: Failed to fetch
=============================
====== JS ERROR CAUGHT ======
Unhandled Promise: TypeError: Failed to fetch
=============================
====== JS ERROR CAUGHT ======
Unhandled Promise: TypeError: Failed to fetch
=============================
====== JS ERROR CAUGHT ======
Unhandled Promise: TypeError: Failed to fetch
=============================
====== JS ERROR CAUGHT ======
Unhandled Promise: TypeError: Failed to fetch
=============================
====== JS ERROR CAUGHT ======
Unhandled Promise: TypeError: Failed to fetch
=============================
====== JS ERROR CAUGHT ======
Unhandled Promise: TypeError: Failed to fetch
=============================
====== JS ERROR CAUGHT ======
Unhandled Promise: TypeError: Failed to fetch
=============================
====== JS ERROR CAUGHT ======
Unhandled Promise: TypeError: Failed to fetch
=============================
====== JS ERROR CAUGHT ======
Unhandled Promise: TypeError: Failed to fetch
=============================
====== JS ERROR CAUGHT ======
Unhandled Promise: TypeError: Failed to fetch
=============================
====== JS ERROR CAUGHT ======
Unhandled Promise: TypeError: Failed to fetch
=============================
====== JS ERROR CAUGHT ======
Unhandled Promise: TypeError: Failed to fetch
=============================
====== JS ERROR CAUGHT ======
Unhandled Promise: TypeError: Failed to fetch
=============================
====== JS ERROR CAUGHT ======
Unhandled Promise: TypeError: Failed to fetch
=============================
====== JS ERROR CAUGHT ======
Unhandled Promise: TypeError: Failed to fetch
=============================
====== JS ERROR CAUGHT ======
Unhandled Promise: TypeError: Failed to fetch
=============================
====== JS ERROR CAUGHT ======
Unhandled Promise: TypeError: Failed to fetch
=============================
====== JS ERROR CAUGHT ======
Unhandled Promise: TypeError: Failed to fetch
=============================
====== JS ERROR CAUGHT ======
Unhandled Promise: TypeError: Failed to fetch
=============================
====== JS ERROR CAUGHT ======
Unhandled Promise: TypeError: Failed to fetch
=============================
====== JS ERROR CAUGHT ======
Unhandled Promise: TypeError: Failed to fetch
=============================
====== JS ERROR CAUGHT ======
Unhandled Promise: TypeError: Failed to fetch
=============================
====== JS ERROR CAUGHT ======
Unhandled Promise: TypeError: Failed to fetch
=============================
====== JS ERROR CAUGHT ======
Unhandled Promise: TypeError: Failed to fetch
=============================
====== JS ERROR CAUGHT ======
Unhandled Promise: TypeError: Failed to fetch
=============================
====== JS ERROR CAUGHT ======
Unhandled Promise: TypeError: Failed to fetch
=============================
====== JS ERROR CAUGHT ======
Unhandled Promise: TypeError: Failed to fetch
=============================
====== JS ERROR CAUGHT ======
Unhandled Promise: TypeError: Failed to fetch
=============================
====== JS ERROR CAUGHT ======
Unhandled Promise: TypeError: Failed to fetch
=============================
====== JS ERROR CAUGHT ======
Unhandled Promise: TypeError: Failed to fetch
=============================
====== JS ERROR CAUGHT ======
Unhandled Promise: TypeError: Failed to fetch
=============================
====== JS ERROR CAUGHT ======
Unhandled Promise: TypeError: Failed to fetch
=============================
====== JS ERROR CAUGHT ======
Unhandled Promise: TypeError: Failed to fetch
=============================
====== JS ERROR CAUGHT ======
Unhandled Promise: TypeError: Failed to fetch
=============================
====== JS ERROR CAUGHT ======
Unhandled Promise: TypeError: Failed to fetch
=============================
====== JS ERROR CAUGHT ======
Unhandled Promise: TypeError: Failed to fetch
=============================
====== JS ERROR CAUGHT ======
Unhandled Promise: TypeError: Failed to fetch
=============================
====== JS ERROR CAUGHT ======
Unhandled Promise: TypeError: Failed to fetch
=============================
====== JS ERROR CAUGHT ======
Unhandled Promise: TypeError: Failed to fetch
=============================
====== JS ERROR CAUGHT ======
Unhandled Promise: TypeError: Failed to fetch
=============================
====== JS ERROR CAUGHT ======
Unhandled Promise: TypeError: Failed to fetch
=============================
====== JS ERROR CAUGHT ======
Unhandled Promise: TypeError: Failed to fetch
=============================
====== JS ERROR CAUGHT ======
Unhandled Promise: TypeError: Failed to fetch
=============================
====== JS ERROR CAUGHT ======
Unhandled Promise: TypeError: Failed to fetch
=============================
====== JS ERROR CAUGHT ======
Unhandled Promise: TypeError: Failed to fetch
=============================
====== JS ERROR CAUGHT ======
Unhandled Promise: TypeError: Failed to fetch
=============================
====== JS ERROR CAUGHT ======
Unhandled Promise: TypeError: Failed to fetch
=============================
====== JS ERROR CAUGHT ======
Unhandled Promise: TypeError: Failed to fetch
=============================
====== JS ERROR CAUGHT ======
Unhandled Promise: TypeError: Failed to fetch
=============================
====== JS ERROR CAUGHT ======
Unhandled Promise: TypeError: Failed to fetch
=============================
====== JS ERROR CAUGHT ======
Unhandled Promise: TypeError: Failed to fetch
=============================
====== JS ERROR CAUGHT ======
Unhandled Promise: TypeError: Failed to fetch
=============================
====== JS ERROR CAUGHT ======
Unhandled Promise: TypeError: Failed to fetch
=============================
====== JS ERROR CAUGHT ======
Unhandled Promise: TypeError: Failed to fetch
=============================
====== JS ERROR CAUGHT ======
Unhandled Promise: TypeError: Failed to fetch
=============================
====== JS ERROR CAUGHT ======
Unhandled Promise: TypeError: Failed to fetch
=============================
====== JS ERROR CAUGHT ======
Unhandled Promise: TypeError: Failed to fetch
=============================
====== JS ERROR CAUGHT ======
Unhandled Promise: TypeError: Failed to fetch
=============================
====== JS ERROR CAUGHT ======
Unhandled Promise: TypeError: Failed to fetch
=============================
====== JS ERROR CAUGHT ======
Unhandled Promise: TypeError: Failed to fetch
=============================
====== JS ERROR CAUGHT ======
Unhandled Promise: TypeError: Failed to fetch
=============================
====== JS ERROR CAUGHT ======
Unhandled Promise: TypeError: Failed to fetch
=============================
====== JS ERROR CAUGHT ======
Unhandled Promise: TypeError: Failed to fetch
=============================
====== JS ERROR CAUGHT ======
Unhandled Promise: TypeError: Failed to fetch
=============================
====== JS ERROR CAUGHT ======
Unhandled Promise: TypeError: Failed to fetch
=============================
====== JS ERROR CAUGHT ======
Unhandled Promise: TypeError: Failed to fetch
=============================
====== JS ERROR CAUGHT ======
Unhandled Promise: TypeError: Failed to fetch
=============================
====== JS ERROR CAUGHT ======
Unhandled Promise: TypeError: Failed to fetch
=============================
====== JS ERROR CAUGHT ======
Unhandled Promise: TypeError: Failed to fetch
=============================
====== JS ERROR CAUGHT ======
Unhandled Promise: TypeError: Failed to fetch
=============================
====== JS ERROR CAUGHT ======
Unhandled Promise: TypeError: Failed to fetch
=============================
====== JS ERROR CAUGHT ======
Unhandled Promise: TypeError: Failed to fetch
=============================
====== JS ERROR CAUGHT ======
Unhandled Promise: TypeError: Failed to fetch
=============================
====== JS ERROR CAUGHT ======
Unhandled Promise: TypeError: Failed to fetch
=============================
====== JS ERROR CAUGHT ======
Unhandled Promise: TypeError: Failed to fetch
=============================
====== JS ERROR CAUGHT ======
Unhandled Promise: TypeError: Failed to fetch
=============================
====== JS ERROR CAUGHT ======
Unhandled Promise: TypeError: Failed to fetch
=============================
====== JS ERROR CAUGHT ======
Unhandled Promise: TypeError: Failed to fetch
=============================
====== JS ERROR CAUGHT ======
Unhandled Promise: TypeError: Failed to fetch
=============================
====== JS ERROR CAUGHT ======
Unhandled Promise: TypeError: Failed to fetch
=============================
====== JS ERROR CAUGHT ======
Unhandled Promise: TypeError: Failed to fetch
=============================
====== JS ERROR CAUGHT ======
Unhandled Promise: TypeError: Failed to fetch
=============================
====== JS ERROR CAUGHT ======
Unhandled Promise: TypeError: Failed to fetch
=============================
====== JS ERROR CAUGHT ======
Unhandled Promise: TypeError: Failed to fetch
=============================
====== JS ERROR CAUGHT ======
Unhandled Promise: TypeError: Failed to fetch
=============================
====== JS ERROR CAUGHT ======
Unhandled Promise: TypeError: Failed to fetch
=============================
====== JS ERROR CAUGHT ======
Unhandled Promise: TypeError: Failed to fetch
=============================
====== JS ERROR CAUGHT ======
Unhandled Promise: TypeError: Failed to fetch
=============================
====== JS ERROR CAUGHT ======
Unhandled Promise: TypeError: Failed to fetch
=============================
====== JS ERROR CAUGHT ======
Unhandled Promise: TypeError: Failed to fetch
=============================
====== JS ERROR CAUGHT ======
Unhandled Promise: TypeError: Failed to fetch
=============================
====== JS ERROR CAUGHT ======
Unhandled Promise: TypeError: Failed to fetch
=============================
====== JS ERROR CAUGHT ======
Unhandled Promise: TypeError: Failed to fetch
=============================
====== JS ERROR CAUGHT ======
Unhandled Promise: TypeError: Failed to fetch
=============================
====== JS ERROR CAUGHT ======
Unhandled Promise: TypeError: Failed to fetch
=============================
====== JS ERROR CAUGHT ======
Unhandled Promise: TypeError: Failed to fetch
=============================
====== JS ERROR CAUGHT ======
Unhandled Promise: TypeError: Failed to fetch
=============================
====== JS ERROR CAUGHT ======
Unhandled Promise: TypeError: Failed to fetch
=============================
====== JS ERROR CAUGHT ======
Unhandled Promise: TypeError: Failed to fetch
=============================
====== JS ERROR CAUGHT ======
Unhandled Promise: TypeError: Failed to fetch
=============================
====== JS ERROR CAUGHT ======
Unhandled Promise: TypeError: Failed to fetch
=============================
====== JS ERROR CAUGHT ======
Unhandled Promise: TypeError: Failed to fetch
=============================
====== JS ERROR CAUGHT ======
Unhandled Promise: TypeError: Failed to fetch
=============================
====== JS ERROR CAUGHT ======
Unhandled Promise: TypeError: Failed to fetch
=============================
====== JS ERROR CAUGHT ======
Unhandled Promise: TypeError: Failed to fetch
=============================
====== JS ERROR CAUGHT ======
Unhandled Promise: TypeError: Failed to fetch
=============================
====== JS ERROR CAUGHT ======
Unhandled Promise: TypeError: Failed to fetch
=============================
====== JS ERROR CAUGHT ======
Unhandled Promise: TypeError: Failed to fetch
=============================
====== JS ERROR CAUGHT ======
Unhandled Promise: TypeError: Failed to fetch
=============================
====== JS ERROR CAUGHT ======
Unhandled Promise: TypeError: Failed to fetch
=============================
====== JS ERROR CAUGHT ======
Unhandled Promise: TypeError: Failed to fetch
=============================
====== JS ERROR CAUGHT ======
Unhandled Promise: TypeError: Failed to fetch
=============================
====== JS ERROR CAUGHT ======
Unhandled Promise: TypeError: Failed to fetch
=============================
====== JS ERROR CAUGHT ======
Unhandled Promise: TypeError: Failed to fetch
=============================
====== JS ERROR CAUGHT ======
Unhandled Promise: TypeError: Failed to fetch
=============================
====== JS ERROR CAUGHT ======
Unhandled Promise: TypeError: Failed to fetch
=============================
====== JS ERROR CAUGHT ======
Unhandled Promise: TypeError: Failed to fetch
=============================
====== JS ERROR CAUGHT ======
Unhandled Promise: TypeError: Failed to fetch
=============================
====== JS ERROR CAUGHT ======
Unhandled Promise: TypeError: Failed to fetch
=============================
====== JS ERROR CAUGHT ======
Unhandled Promise: TypeError: Failed to fetch
=============================
====== JS ERROR CAUGHT ======
Unhandled Promise: TypeError: Failed to fetch
=============================
====== JS ERROR CAUGHT ======
Unhandled Promise: TypeError: Failed to fetch
=============================
====== JS ERROR CAUGHT ======
Unhandled Promise: TypeError: Failed to fetch
=============================
====== JS ERROR CAUGHT ======
Unhandled Promise: TypeError: Failed to fetch
=============================
====== JS ERROR CAUGHT ======
Unhandled Promise: TypeError: Failed to fetch
=============================
====== JS ERROR CAUGHT ======
Unhandled Promise: TypeError: Failed to fetch
=============================
====== JS ERROR CAUGHT ======
Unhandled Promise: TypeError: Failed to fetch
=============================
====== JS ERROR CAUGHT ======
Unhandled Promise: TypeError: Failed to fetch
=============================
====== JS ERROR CAUGHT ======
Unhandled Promise: TypeError: Failed to fetch
=============================
====== JS ERROR CAUGHT ======
Unhandled Promise: TypeError: Failed to fetch
=============================
====== JS ERROR CAUGHT ======
Unhandled Promise: TypeError: Failed to fetch
=============================
====== JS ERROR CAUGHT ======
Unhandled Promise: TypeError: Failed to fetch
=============================
====== JS ERROR CAUGHT ======
Unhandled Promise: TypeError: Failed to fetch
=============================
====== JS ERROR CAUGHT ======
Unhandled Promise: TypeError: Failed to fetch
=============================
====== JS ERROR CAUGHT ======
Unhandled Promise: TypeError: Failed to fetch
=============================
====== JS ERROR CAUGHT ======
Unhandled Promise: TypeError: Failed to fetch
=============================
====== JS ERROR CAUGHT ======
Unhandled Promise: TypeError: Failed to fetch
=============================
====== JS ERROR CAUGHT ======
Unhandled Promise: TypeError: Failed to fetch
=============================
====== JS ERROR CAUGHT ======
Unhandled Promise: TypeError: Failed to fetch
=============================
====== JS ERROR CAUGHT ======
Unhandled Promise: TypeError: Failed to fetch
=============================
====== JS ERROR CAUGHT ======
Unhandled Promise: TypeError: Failed to fetch
=============================
====== JS ERROR CAUGHT ======
Unhandled Promise: TypeError: Failed to fetch
=============================
====== JS ERROR CAUGHT ======
Unhandled Promise: TypeError: Failed to fetch
=============================
====== JS ERROR CAUGHT ======
Unhandled Promise: TypeError: Failed to fetch
=============================
====== JS ERROR CAUGHT ======
Unhandled Promise: TypeError: Failed to fetch
=============================
====== JS ERROR CAUGHT ======
Unhandled Promise: TypeError: Failed to fetch
=============================
====== JS ERROR CAUGHT ======
Unhandled Promise: TypeError: Failed to fetch
=============================
====== JS ERROR CAUGHT ======
Unhandled Promise: TypeError: Failed to fetch
=============================
====== JS ERROR CAUGHT ======
Unhandled Promise: TypeError: Failed to fetch
=============================
====== JS ERROR CAUGHT ======
Unhandled Promise: TypeError: Failed to fetch
=============================
====== JS ERROR CAUGHT ======
Unhandled Promise: TypeError: Failed to fetch
=============================
====== JS ERROR CAUGHT ======
Unhandled Promise: TypeError: Failed to fetch
=============================
====== JS ERROR CAUGHT ======
Unhandled Promise: TypeError: Failed to fetch
=============================
====== JS ERROR CAUGHT ======
Unhandled Promise: TypeError: Failed to fetch
=============================
====== JS ERROR CAUGHT ======
Unhandled Promise: TypeError: Failed to fetch
=============================
====== JS ERROR CAUGHT ======
Unhandled Promise: TypeError: Failed to fetch
=============================
====== JS ERROR CAUGHT ======
Unhandled Promise: TypeError: Failed to fetch
=============================
====== JS ERROR CAUGHT ======
Unhandled Promise: TypeError: Failed to fetch
=============================
====== JS ERROR CAUGHT ======
Unhandled Promise: TypeError: Failed to fetch
=============================
====== JS ERROR CAUGHT ======
Unhandled Promise: TypeError: Failed to fetch
=============================
====== JS ERROR CAUGHT ======
Unhandled Promise: TypeError: Failed to fetch
=============================
====== JS ERROR CAUGHT ======
Unhandled Promise: TypeError: Failed to fetch
=============================
====== JS ERROR CAUGHT ======
Unhandled Promise: TypeError: Failed to fetch
=============================
====== JS ERROR CAUGHT ======
Unhandled Promise: TypeError: Failed to fetch
=============================
====== JS ERROR CAUGHT ======
Unhandled Promise: TypeError: Failed to fetch
=============================
====== JS ERROR CAUGHT ======
Unhandled Promise: TypeError: Failed to fetch
=============================
====== JS ERROR CAUGHT ======
Unhandled Promise: TypeError: Failed to fetch
=============================
====== JS ERROR CAUGHT ======
Unhandled Promise: TypeError: Failed to fetch
=============================
====== JS ERROR CAUGHT ======
Unhandled Promise: TypeError: Failed to fetch
=============================
====== JS ERROR CAUGHT ======
Unhandled Promise: TypeError: Failed to fetch
=============================
====== JS ERROR CAUGHT ======
Unhandled Promise: TypeError: Failed to fetch
=============================
====== JS ERROR CAUGHT ======
Unhandled Promise: TypeError: Failed to fetch
=============================
====== JS ERROR CAUGHT ======
Unhandled Promise: TypeError: Failed to fetch
=============================
====== JS ERROR CAUGHT ======
Unhandled Promise: TypeError: Failed to fetch
=============================
====== JS ERROR CAUGHT ======
Unhandled Promise: TypeError: Failed to fetch
=============================
====== JS ERROR CAUGHT ======
Unhandled Promise: TypeError: Failed to fetch
=============================
====== JS ERROR CAUGHT ======
Unhandled Promise: TypeError: Failed to fetch
=============================
====== JS ERROR CAUGHT ======
Unhandled Promise: TypeError: Failed to fetch
=============================
====== JS ERROR CAUGHT ======
Unhandled Promise: TypeError: Failed to fetch
=============================
====== JS ERROR CAUGHT ======
Unhandled Promise: TypeError: Failed to fetch
=============================
====== JS ERROR CAUGHT ======
Unhandled Promise: TypeError: Failed to fetch
=============================
====== JS ERROR CAUGHT ======
Unhandled Promise: TypeError: Failed to fetch
=============================
====== JS ERROR CAUGHT ======
Unhandled Promise: TypeError: Failed to fetch
=============================
====== JS ERROR CAUGHT ======
Unhandled Promise: TypeError: Failed to fetch
=============================
====== JS ERROR CAUGHT ======
Unhandled Promise: TypeError: Failed to fetch
=============================
====== JS ERROR CAUGHT ======
Unhandled Promise: TypeError: Failed to fetch
=============================
====== JS ERROR CAUGHT ======
Unhandled Promise: TypeError: Failed to fetch
=============================
====== JS ERROR CAUGHT ======
Unhandled Promise: TypeError: Failed to fetch
=============================
====== JS ERROR CAUGHT ======
Unhandled Promise: TypeError: Failed to fetch
=============================
====== JS ERROR CAUGHT ======
Unhandled Promise: TypeError: Failed to fetch
=============================
====== JS ERROR CAUGHT ======
Unhandled Promise: TypeError: Failed to fetch
=============================
====== JS ERROR CAUGHT ======
Unhandled Promise: TypeError: Failed to fetch
=============================
====== JS ERROR CAUGHT ======
Unhandled Promise: TypeError: Failed to fetch
=============================
====== JS ERROR CAUGHT ======
Unhandled Promise: TypeError: Failed to fetch
=============================
====== JS ERROR CAUGHT ======
Unhandled Promise: TypeError: Failed to fetch
=============================
====== JS ERROR CAUGHT ======
Unhandled Promise: TypeError: Failed to fetch
=============================
====== JS ERROR CAUGHT ======
Unhandled Promise: TypeError: Failed to fetch
=============================
====== JS ERROR CAUGHT ======
Unhandled Promise: TypeError: Failed to fetch
=============================
====== JS ERROR CAUGHT ======
Unhandled Promise: TypeError: Failed to fetch
=============================
====== JS ERROR CAUGHT ======
Unhandled Promise: TypeError: Failed to fetch
=============================
====== JS ERROR CAUGHT ======
Unhandled Promise: TypeError: Failed to fetch
=============================
====== JS ERROR CAUGHT ======
Unhandled Promise: TypeError: Failed to fetch
=============================
====== JS ERROR CAUGHT ======
Unhandled Promise: TypeError: Failed to fetch
=============================
====== JS ERROR CAUGHT ======
Unhandled Promise: TypeError: Failed to fetch
=============================
====== JS ERROR CAUGHT ======
Unhandled Promise: TypeError: Failed to fetch
=============================
====== JS ERROR CAUGHT ======
Unhandled Promise: TypeError: Failed to fetch
=============================
====== JS ERROR CAUGHT ======
Unhandled Promise: TypeError: Failed to fetch
=============================
====== JS ERROR CAUGHT ======
Unhandled Promise: TypeError: Failed to fetch
=============================
====== JS ERROR CAUGHT ======
Unhandled Promise: TypeError: Failed to fetch
=============================
====== JS ERROR CAUGHT ======
Unhandled Promise: TypeError: Failed to fetch
=============================
====== JS ERROR CAUGHT ======
Unhandled Promise: TypeError: Failed to fetch
=============================
====== JS ERROR CAUGHT ======
Unhandled Promise: TypeError: Failed to fetch
=============================
====== JS ERROR CAUGHT ======
Unhandled Promise: TypeError: Failed to fetch
=============================
====== JS ERROR CAUGHT ======
Unhandled Promise: TypeError: Failed to fetch
=============================
====== JS ERROR CAUGHT ======
Unhandled Promise: TypeError: Failed to fetch
=============================
====== JS ERROR CAUGHT ======
Unhandled Promise: TypeError: Failed to fetch
=============================
====== JS ERROR CAUGHT ======
Unhandled Promise: TypeError: Failed to fetch
=============================
====== JS ERROR CAUGHT ======
Unhandled Promise: TypeError: Failed to fetch
=============================
====== JS ERROR CAUGHT ======
Unhandled Promise: TypeError: Failed to fetch
=============================
====== JS ERROR CAUGHT ======
Unhandled Promise: TypeError: Failed to fetch
=============================
====== JS ERROR CAUGHT ======
Unhandled Promise: TypeError: Failed to fetch
=============================
====== JS ERROR CAUGHT ======
Unhandled Promise: TypeError: Failed to fetch
=============================
====== JS ERROR CAUGHT ======
Unhandled Promise: TypeError: Failed to fetch
=============================
====== JS ERROR CAUGHT ======
Unhandled Promise: TypeError: Failed to fetch
=============================
====== JS ERROR CAUGHT ======
Unhandled Promise: TypeError: Failed to fetch
=============================
====== JS ERROR CAUGHT ======
Unhandled Promise: TypeError: Failed to fetch
=============================
====== JS ERROR CAUGHT ======
Unhandled Promise: TypeError: Failed to fetch
=============================
====== JS ERROR CAUGHT ======
Unhandled Promise: TypeError: Failed to fetch
=============================
====== JS ERROR CAUGHT ======
Unhandled Promise: TypeError: Failed to fetch
=============================
====== JS ERROR CAUGHT ======
Unhandled Promise: TypeError: Failed to fetch
=============================
====== JS ERROR CAUGHT ======
Unhandled Promise: TypeError: Failed to fetch
=============================
====== JS ERROR CAUGHT ======
Unhandled Promise: TypeError: Failed to fetch
=============================
====== JS ERROR CAUGHT ======
Unhandled Promise: TypeError: Failed to fetch
=============================
====== JS ERROR CAUGHT ======
Unhandled Promise: TypeError: Failed to fetch
=============================
====== JS ERROR CAUGHT ======
Unhandled Promise: TypeError: Failed to fetch
=============================
====== JS ERROR CAUGHT ======
Unhandled Promise: TypeError: Failed to fetch
=============================
====== JS ERROR CAUGHT ======
Unhandled Promise: TypeError: Failed to fetch
=============================
====== JS ERROR CAUGHT ======
Unhandled Promise: TypeError: Failed to fetch
=============================
====== JS ERROR CAUGHT ======
Unhandled Promise: TypeError: Failed to fetch
=============================
====== JS ERROR CAUGHT ======
Unhandled Promise: TypeError: Failed to fetch
=============================
====== JS ERROR CAUGHT ======
Unhandled Promise: TypeError: Failed to fetch
=============================
====== JS ERROR CAUGHT ======
Unhandled Promise: TypeError: Failed to fetch
=============================
====== JS ERROR CAUGHT ======
Unhandled Promise: TypeError: Failed to fetch
=============================
====== JS ERROR CAUGHT ======
Unhandled Promise: TypeError: Failed to fetch
=============================
====== JS ERROR CAUGHT ======
Unhandled Promise: TypeError: Failed to fetch
=============================
====== JS ERROR CAUGHT ======
Unhandled Promise: TypeError: Failed to fetch
=============================
====== JS ERROR CAUGHT ======
Unhandled Promise: TypeError: Failed to fetch
=============================
====== JS ERROR CAUGHT ======
Unhandled Promise: TypeError: Failed to fetch
=============================
====== JS ERROR CAUGHT ======
Unhandled Promise: TypeError: Failed to fetch
=============================
====== JS ERROR CAUGHT ======
Unhandled Promise: TypeError: Failed to fetch
=============================
====== JS ERROR CAUGHT ======
Unhandled Promise: TypeError: Failed to fetch
=============================
====== JS ERROR CAUGHT ======
Unhandled Promise: TypeError: Failed to fetch
=============================
====== JS ERROR CAUGHT ======
Unhandled Promise: TypeError: Failed to fetch
=============================
====== JS ERROR CAUGHT ======
Unhandled Promise: TypeError: Failed to fetch
=============================
====== JS ERROR CAUGHT ======
Unhandled Promise: TypeError: Failed to fetch
=============================
====== JS ERROR CAUGHT ======
Unhandled Promise: TypeError: Failed to fetch
=============================
====== JS ERROR CAUGHT ======
Unhandled Promise: TypeError: Failed to fetch
=============================
====== JS ERROR CAUGHT ======
Unhandled Promise: TypeError: Failed to fetch
=============================
====== JS ERROR CAUGHT ======
Unhandled Promise: TypeError: Failed to fetch
=============================
====== JS ERROR CAUGHT ======
Unhandled Promise: TypeError: Failed to fetch
=============================
====== JS ERROR CAUGHT ======
Unhandled Promise: TypeError: Failed to fetch
=============================
====== JS ERROR CAUGHT ======
Unhandled Promise: TypeError: Failed to fetch
=============================
====== JS ERROR CAUGHT ======
Unhandled Promise: TypeError: Failed to fetch
=============================
====== JS ERROR CAUGHT ======
Unhandled Promise: TypeError: Failed to fetch
=============================
====== JS ERROR CAUGHT ======
Unhandled Promise: TypeError: Failed to fetch
=============================
====== JS ERROR CAUGHT ======
Unhandled Promise: TypeError: Failed to fetch
=============================
====== JS ERROR CAUGHT ======
Unhandled Promise: TypeError: Failed to fetch
=============================
====== JS ERROR CAUGHT ======
Unhandled Promise: TypeError: Failed to fetch
=============================
====== JS ERROR CAUGHT ======
Unhandled Promise: TypeError: Failed to fetch
=============================
====== JS ERROR CAUGHT ======
Unhandled Promise: TypeError: Failed to fetch
=============================
====== JS ERROR CAUGHT ======
Unhandled Promise: TypeError: Failed to fetch
=============================
====== JS ERROR CAUGHT ======
Unhandled Promise: TypeError: Failed to fetch
=============================
====== JS ERROR CAUGHT ======
Unhandled Promise: TypeError: Failed to fetch
=============================
====== JS ERROR CAUGHT ======
Unhandled Promise: TypeError: Failed to fetch
=============================
====== JS ERROR CAUGHT ======
Unhandled Promise: TypeError: Failed to fetch
=============================
====== JS ERROR CAUGHT ======
Unhandled Promise: TypeError: Failed to fetch
=============================
====== JS ERROR CAUGHT ======
Unhandled Promise: TypeError: Failed to fetch
=============================
====== JS ERROR CAUGHT ======
Unhandled Promise: TypeError: Failed to fetch
=============================
====== JS ERROR CAUGHT ======
Unhandled Promise: TypeError: Failed to fetch
=============================
====== JS ERROR CAUGHT ======
Unhandled Promise: TypeError: Failed to fetch
=============================
====== JS ERROR CAUGHT ======
Unhandled Promise: TypeError: Failed to fetch
=============================
====== JS ERROR CAUGHT ======
Unhandled Promise: TypeError: Failed to fetch
=============================
====== JS ERROR CAUGHT ======
Unhandled Promise: TypeError: Failed to fetch
=============================
====== JS ERROR CAUGHT ======
Unhandled Promise: TypeError: Failed to fetch
=============================
====== JS ERROR CAUGHT ======
Unhandled Promise: TypeError: Failed to fetch
=============================
====== JS ERROR CAUGHT ======
Unhandled Promise: TypeError: Failed to fetch
=============================
====== JS ERROR CAUGHT ======
Unhandled Promise: TypeError: Failed to fetch
=============================
====== JS ERROR CAUGHT ======
Unhandled Promise: TypeError: Failed to fetch
=============================
====== JS ERROR CAUGHT ======
Unhandled Promise: TypeError: Failed to fetch
=============================
====== JS ERROR CAUGHT ======
Unhandled Promise: TypeError: Failed to fetch
=============================
====== JS ERROR CAUGHT ======
Unhandled Promise: TypeError: Failed to fetch
=============================
====== JS ERROR CAUGHT ======
Unhandled Promise: TypeError: Failed to fetch
=============================
====== JS ERROR CAUGHT ======
Unhandled Promise: TypeError: Failed to fetch
=============================
====== JS ERROR CAUGHT ======
Unhandled Promise: TypeError: Failed to fetch
=============================
====== JS ERROR CAUGHT ======
Unhandled Promise: TypeError: Failed to fetch
=============================
====== JS ERROR CAUGHT ======
Unhandled Promise: TypeError: Failed to fetch
=============================
====== JS ERROR CAUGHT ======
Unhandled Promise: TypeError: Failed to fetch
=============================
====== JS ERROR CAUGHT ======
Unhandled Promise: TypeError: Failed to fetch
=============================
====== JS ERROR CAUGHT ======
Unhandled Promise: TypeError: Failed to fetch
=============================
====== JS ERROR CAUGHT ======
Unhandled Promise: TypeError: Failed to fetch
=============================
====== JS ERROR CAUGHT ======
Unhandled Promise: TypeError: Failed to fetch
=============================
====== JS ERROR CAUGHT ======
Unhandled Promise: TypeError: Failed to fetch
=============================
====== JS ERROR CAUGHT ======
Unhandled Promise: TypeError: Failed to fetch
=============================
====== JS ERROR CAUGHT ======
Unhandled Promise: TypeError: Failed to fetch
=============================
====== JS ERROR CAUGHT ======
Unhandled Promise: TypeError: Failed to fetch
=============================
====== JS ERROR CAUGHT ======
Unhandled Promise: TypeError: Failed to fetch
=============================
====== JS ERROR CAUGHT ======
Unhandled Promise: TypeError: Failed to fetch
=============================
====== JS ERROR CAUGHT ======
Unhandled Promise: TypeError: Failed to fetch
=============================
====== JS ERROR CAUGHT ======
Unhandled Promise: TypeError: Failed to fetch
=============================
====== JS ERROR CAUGHT ======
Unhandled Promise: TypeError: Failed to fetch
=============================
====== JS ERROR CAUGHT ======
Unhandled Promise: TypeError: Failed to fetch
=============================
====== JS ERROR CAUGHT ======
Unhandled Promise: TypeError: Failed to fetch
=============================
====== JS ERROR CAUGHT ======
Unhandled Promise: TypeError: Failed to fetch
=============================
====== JS ERROR CAUGHT ======
Unhandled Promise: TypeError: Failed to fetch
=============================
====== JS ERROR CAUGHT ======
Unhandled Promise: TypeError: Failed to fetch
=============================
====== JS ERROR CAUGHT ======
Unhandled Promise: TypeError: Failed to fetch
=============================
====== JS ERROR CAUGHT ======
Unhandled Promise: TypeError: Failed to fetch
=============================
====== JS ERROR CAUGHT ======
Unhandled Promise: TypeError: Failed to fetch
=============================
====== JS ERROR CAUGHT ======
Unhandled Promise: TypeError: Failed to fetch
=============================
====== JS ERROR CAUGHT ======
Unhandled Promise: TypeError: Failed to fetch
=============================
====== JS ERROR CAUGHT ======
Unhandled Promise: TypeError: Failed to fetch
=============================
====== JS ERROR CAUGHT ======
Unhandled Promise: TypeError: Failed to fetch
=============================
====== JS ERROR CAUGHT ======
Unhandled Promise: TypeError: Failed to fetch
=============================
====== JS ERROR CAUGHT ======
Unhandled Promise: TypeError: Failed to fetch
=============================
====== JS ERROR CAUGHT ======
Unhandled Promise: TypeError: Failed to fetch
=============================
====== JS ERROR CAUGHT ======
Unhandled Promise: TypeError: Failed to fetch
=============================
====== JS ERROR CAUGHT ======
Unhandled Promise: TypeError: Failed to fetch
=============================
====== JS ERROR CAUGHT ======
Unhandled Promise: TypeError: Failed to fetch
=============================
====== JS ERROR CAUGHT ======
Unhandled Promise: TypeError: Failed to fetch
=============================
====== JS ERROR CAUGHT ======
Unhandled Promise: TypeError: Failed to fetch
=============================
====== JS ERROR CAUGHT ======
Unhandled Promise: TypeError: Failed to fetch
=============================
====== JS ERROR CAUGHT ======
Unhandled Promise: TypeError: Failed to fetch
=============================
====== JS ERROR CAUGHT ======
Unhandled Promise: TypeError: Failed to fetch
=============================
====== JS ERROR CAUGHT ======
Unhandled Promise: TypeError: Failed to fetch
=============================
====== JS ERROR CAUGHT ======
Unhandled Promise: TypeError: Failed to fetch
=============================
====== JS ERROR CAUGHT ======
Unhandled Promise: TypeError: Failed to fetch
=============================
====== JS ERROR CAUGHT ======
Unhandled Promise: TypeError: Failed to fetch
=============================
====== JS ERROR CAUGHT ======
Unhandled Promise: TypeError: Failed to fetch
=============================
====== JS ERROR CAUGHT ======
Unhandled Promise: TypeError: Failed to fetch
=============================
====== JS ERROR CAUGHT ======
Unhandled Promise: TypeError: Failed to fetch
=============================
====== JS ERROR CAUGHT ======
Unhandled Promise: TypeError: Failed to fetch
=============================
====== JS ERROR CAUGHT ======
Unhandled Promise: TypeError: Failed to fetch
=============================
====== JS ERROR CAUGHT ======
Unhandled Promise: TypeError: Failed to fetch
=============================
====== JS ERROR CAUGHT ======
Unhandled Promise: TypeError: Failed to fetch
=============================
====== JS ERROR CAUGHT ======
Unhandled Promise: TypeError: Failed to fetch
=============================
====== JS ERROR CAUGHT ======
Unhandled Promise: TypeError: Failed to fetch
=============================
====== JS ERROR CAUGHT ======
Unhandled Promise: TypeError: Failed to fetch
=============================
====== JS ERROR CAUGHT ======
Unhandled Promise: TypeError: Failed to fetch
=============================
====== JS ERROR CAUGHT ======
Unhandled Promise: TypeError: Failed to fetch
=============================
====== JS ERROR CAUGHT ======
Unhandled Promise: TypeError: Failed to fetch
=============================
====== JS ERROR CAUGHT ======
Unhandled Promise: TypeError: Failed to fetch
=============================
====== JS ERROR CAUGHT ======
Unhandled Promise: TypeError: Failed to fetch
=============================
====== JS ERROR CAUGHT ======
Unhandled Promise: TypeError: Failed to fetch
=============================
====== JS ERROR CAUGHT ======
Unhandled Promise: TypeError: Failed to fetch
=============================
====== JS ERROR CAUGHT ======
Unhandled Promise: TypeError: Failed to fetch
=============================
====== JS ERROR CAUGHT ======
Unhandled Promise: TypeError: Failed to fetch
=============================
====== JS ERROR CAUGHT ======
Unhandled Promise: TypeError: Failed to fetch
=============================
====== JS ERROR CAUGHT ======
Unhandled Promise: TypeError: Failed to fetch
=============================
====== JS ERROR CAUGHT ======
Unhandled Promise: TypeError: Failed to fetch
=============================
====== JS ERROR CAUGHT ======
Unhandled Promise: TypeError: Failed to fetch
=============================
====== JS ERROR CAUGHT ======
Unhandled Promise: TypeError: Failed to fetch
=============================
====== JS ERROR CAUGHT ======
Unhandled Promise: TypeError: Failed to fetch
=============================
====== JS ERROR CAUGHT ======
Unhandled Promise: TypeError: Failed to fetch
=============================
====== JS ERROR CAUGHT ======
Unhandled Promise: TypeError: Failed to fetch
=============================
====== JS ERROR CAUGHT ======
Unhandled Promise: TypeError: Failed to fetch
=============================
====== JS ERROR CAUGHT ======
Unhandled Promise: TypeError: Failed to fetch
=============================
====== JS ERROR CAUGHT ======
Unhandled Promise: TypeError: Failed to fetch
=============================
====== JS ERROR CAUGHT ======
Unhandled Promise: TypeError: Failed to fetch
=============================
====== JS ERROR CAUGHT ======
Unhandled Promise: TypeError: Failed to fetch
=============================
====== JS ERROR CAUGHT ======
Unhandled Promise: TypeError: Failed to fetch
=============================
====== JS ERROR CAUGHT ======
Unhandled Promise: TypeError: Failed to fetch
=============================
====== JS ERROR CAUGHT ======
Unhandled Promise: TypeError: Failed to fetch
=============================
====== JS ERROR CAUGHT ======
Unhandled Promise: TypeError: Failed to fetch
=============================
====== JS ERROR CAUGHT ======
Unhandled Promise: TypeError: Failed to fetch
=============================
====== JS ERROR CAUGHT ======
Unhandled Promise: TypeError: Failed to fetch
=============================
====== JS ERROR CAUGHT ======
Unhandled Promise: TypeError: Failed to fetch
=============================
====== JS ERROR CAUGHT ======
Unhandled Promise: TypeError: Failed to fetch
=============================
====== JS ERROR CAUGHT ======
Unhandled Promise: TypeError: Failed to fetch
=============================
====== JS ERROR CAUGHT ======
Unhandled Promise: TypeError: Failed to fetch
=============================
====== JS ERROR CAUGHT ======
Unhandled Promise: TypeError: Failed to fetch
=============================
====== JS ERROR CAUGHT ======
Unhandled Promise: TypeError: Failed to fetch
=============================
====== JS ERROR CAUGHT ======
Unhandled Promise: TypeError: Failed to fetch
=============================
====== JS ERROR CAUGHT ======
Unhandled Promise: TypeError: Failed to fetch
=============================
====== JS ERROR CAUGHT ======
Unhandled Promise: TypeError: Failed to fetch
=============================
====== JS ERROR CAUGHT ======
Unhandled Promise: TypeError: Failed to fetch
=============================
====== JS ERROR CAUGHT ======
Unhandled Promise: TypeError: Failed to fetch
=============================
====== JS ERROR CAUGHT ======
Unhandled Promise: TypeError: Failed to fetch
=============================
====== JS ERROR CAUGHT ======
Unhandled Promise: TypeError: Failed to fetch
=============================
====== JS ERROR CAUGHT ======
Unhandled Promise: TypeError: Failed to fetch
=============================
====== JS ERROR CAUGHT ======
Unhandled Promise: TypeError: Failed to fetch
=============================
====== JS ERROR CAUGHT ======
Unhandled Promise: TypeError: Failed to fetch
=============================
====== JS ERROR CAUGHT ======
Unhandled Promise: TypeError: Failed to fetch
=============================
====== JS ERROR CAUGHT ======
Unhandled Promise: TypeError: Failed to fetch
=============================
====== JS ERROR CAUGHT ======
Unhandled Promise: TypeError: Failed to fetch
=============================
====== JS ERROR CAUGHT ======
Unhandled Promise: TypeError: Failed to fetch
=============================
====== JS ERROR CAUGHT ======
Unhandled Promise: TypeError: Failed to fetch
=============================
====== JS ERROR CAUGHT ======
Unhandled Promise: TypeError: Failed to fetch
=============================
====== JS ERROR CAUGHT ======
Unhandled Promise: TypeError: Failed to fetch
=============================
====== JS ERROR CAUGHT ======
Unhandled Promise: TypeError: Failed to fetch
=============================
====== JS ERROR CAUGHT ======
Unhandled Promise: TypeError: Failed to fetch
=============================
====== JS ERROR CAUGHT ======
Unhandled Promise: TypeError: Failed to fetch
=============================
====== JS ERROR CAUGHT ======
Unhandled Promise: TypeError: Failed to fetch
=============================
====== JS ERROR CAUGHT ======
Unhandled Promise: TypeError: Failed to fetch
=============================
====== JS ERROR CAUGHT ======
Unhandled Promise: TypeError: Failed to fetch
=============================
====== JS ERROR CAUGHT ======
Unhandled Promise: TypeError: Failed to fetch
=============================
====== JS ERROR CAUGHT ======
Unhandled Promise: TypeError: Failed to fetch
=============================
====== JS ERROR CAUGHT ======
Unhandled Promise: TypeError: Failed to fetch
=============================
====== JS ERROR CAUGHT ======
Unhandled Promise: TypeError: Failed to fetch
=============================
====== JS ERROR CAUGHT ======
Unhandled Promise: TypeError: Failed to fetch
=============================
====== JS ERROR CAUGHT ======
Unhandled Promise: TypeError: Failed to fetch
=============================
====== JS ERROR CAUGHT ======
Unhandled Promise: TypeError: Failed to fetch
=============================
====== JS ERROR CAUGHT ======
Unhandled Promise: TypeError: Failed to fetch
=============================
====== JS ERROR CAUGHT ======
Unhandled Promise: TypeError: Failed to fetch
=============================
====== JS ERROR CAUGHT ======
Unhandled Promise: TypeError: Failed to fetch
=============================
====== JS ERROR CAUGHT ======
Unhandled Promise: TypeError: Failed to fetch
=============================
====== JS ERROR CAUGHT ======
Unhandled Promise: TypeError: Failed to fetch
=============================
====== JS ERROR CAUGHT ======
Unhandled Promise: TypeError: Failed to fetch
=============================
====== JS ERROR CAUGHT ======
Unhandled Promise: TypeError: Failed to fetch
=============================
====== JS ERROR CAUGHT ======
Unhandled Promise: TypeError: Failed to fetch
=============================
====== JS ERROR CAUGHT ======
Unhandled Promise: TypeError: Failed to fetch
=============================
====== JS ERROR CAUGHT ======
Unhandled Promise: TypeError: Failed to fetch
=============================
====== JS ERROR CAUGHT ======
Unhandled Promise: TypeError: Failed to fetch
=============================
====== JS ERROR CAUGHT ======
Unhandled Promise: TypeError: Failed to fetch
=============================
====== JS ERROR CAUGHT ======
Unhandled Promise: TypeError: Failed to fetch
=============================
====== JS ERROR CAUGHT ======
Unhandled Promise: TypeError: Failed to fetch
=============================
====== JS ERROR CAUGHT ======
Unhandled Promise: TypeError: Failed to fetch
=============================
====== JS ERROR CAUGHT ======
Unhandled Promise: TypeError: Failed to fetch
=============================
====== JS ERROR CAUGHT ======
Unhandled Promise: TypeError: Failed to fetch
=============================
====== JS ERROR CAUGHT ======
Unhandled Promise: TypeError: Failed to fetch
=============================
====== JS ERROR CAUGHT ======
Unhandled Promise: TypeError: Failed to fetch
=============================
====== JS ERROR CAUGHT ======
Unhandled Promise: TypeError: Failed to fetch
=============================
====== JS ERROR CAUGHT ======
Unhandled Promise: TypeError: Failed to fetch
=============================
====== JS ERROR CAUGHT ======
Unhandled Promise: TypeError: Failed to fetch
=============================
====== JS ERROR CAUGHT ======
Unhandled Promise: TypeError: Failed to fetch
=============================
====== JS ERROR CAUGHT ======
Unhandled Promise: TypeError: Failed to fetch
=============================
====== JS ERROR CAUGHT ======
Unhandled Promise: TypeError: Failed to fetch
=============================
====== JS ERROR CAUGHT ======
Unhandled Promise: TypeError: Failed to fetch
=============================
====== JS ERROR CAUGHT ======
Unhandled Promise: TypeError: Failed to fetch
=============================
====== JS ERROR CAUGHT ======
Unhandled Promise: TypeError: Failed to fetch
=============================
====== JS ERROR CAUGHT ======
Unhandled Promise: TypeError: Failed to fetch
=============================
====== JS ERROR CAUGHT ======
Unhandled Promise: TypeError: Failed to fetch
=============================
====== JS ERROR CAUGHT ======
Unhandled Promise: TypeError: Failed to fetch
=============================
====== JS ERROR CAUGHT ======
Unhandled Promise: TypeError: Failed to fetch
=============================
====== JS ERROR CAUGHT ======
Unhandled Promise: TypeError: Failed to fetch
=============================
====== JS ERROR CAUGHT ======
Unhandled Promise: TypeError: Failed to fetch
=============================
====== JS ERROR CAUGHT ======
Unhandled Promise: TypeError: Failed to fetch
=============================
====== JS ERROR CAUGHT ======
Unhandled Promise: TypeError: Failed to fetch
=============================
====== JS ERROR CAUGHT ======
Unhandled Promise: TypeError: Failed to fetch
=============================
====== JS ERROR CAUGHT ======
Unhandled Promise: TypeError: Failed to fetch
=============================
====== JS ERROR CAUGHT ======
Unhandled Promise: TypeError: Failed to fetch
=============================
====== JS ERROR CAUGHT ======
Unhandled Promise: TypeError: Failed to fetch
=============================
====== JS ERROR CAUGHT ======
Unhandled Promise: TypeError: Failed to fetch
=============================
====== JS ERROR CAUGHT ======
Unhandled Promise: TypeError: Failed to fetch
=============================
====== JS ERROR CAUGHT ======
Unhandled Promise: TypeError: Failed to fetch
=============================
====== JS ERROR CAUGHT ======
Unhandled Promise: TypeError: Failed to fetch
=============================
====== JS ERROR CAUGHT ======
Unhandled Promise: TypeError: Failed to fetch
=============================
====== JS ERROR CAUGHT ======
Unhandled Promise: TypeError: Failed to fetch
=============================
====== JS ERROR CAUGHT ======
Unhandled Promise: TypeError: Failed to fetch
=============================
====== JS ERROR CAUGHT ======
Unhandled Promise: TypeError: Failed to fetch
=============================
====== JS ERROR CAUGHT ======
Unhandled Promise: TypeError: Failed to fetch
=============================
====== JS ERROR CAUGHT ======
Unhandled Promise: TypeError: Failed to fetch
=============================
====== JS ERROR CAUGHT ======
Unhandled Promise: TypeError: Failed to fetch
=============================
====== JS ERROR CAUGHT ======
Unhandled Promise: TypeError: Failed to fetch
=============================
====== JS ERROR CAUGHT ======
Unhandled Promise: TypeError: Failed to fetch
=============================
====== JS ERROR CAUGHT ======
Unhandled Promise: TypeError: Failed to fetch
=============================
====== JS ERROR CAUGHT ======
Unhandled Promise: TypeError: Failed to fetch
=============================
====== JS ERROR CAUGHT ======
Unhandled Promise: TypeError: Failed to fetch
=============================
====== JS ERROR CAUGHT ======
Unhandled Promise: TypeError: Failed to fetch
=============================
====== JS ERROR CAUGHT ======
Unhandled Promise: TypeError: Failed to fetch
=============================
====== JS ERROR CAUGHT ======
Unhandled Promise: TypeError: Failed to fetch
=============================
====== JS ERROR CAUGHT ======
Unhandled Promise: TypeError: Failed to fetch
=============================
====== JS ERROR CAUGHT ======
Unhandled Promise: TypeError: Failed to fetch
=============================
====== JS ERROR CAUGHT ======
Unhandled Promise: TypeError: Failed to fetch
=============================
====== JS ERROR CAUGHT ======
Unhandled Promise: TypeError: Failed to fetch
=============================
====== JS ERROR CAUGHT ======
Unhandled Promise: TypeError: Failed to fetch
=============================
====== JS ERROR CAUGHT ======
Unhandled Promise: TypeError: Failed to fetch
=============================
====== JS ERROR CAUGHT ======
Unhandled Promise: TypeError: Failed to fetch
=============================
====== JS ERROR CAUGHT ======
Unhandled Promise: TypeError: Failed to fetch
=============================
====== JS ERROR CAUGHT ======
Unhandled Promise: TypeError: Failed to fetch
=============================
====== JS ERROR CAUGHT ======
Unhandled Promise: TypeError: Failed to fetch
=============================
====== JS ERROR CAUGHT ======
Unhandled Promise: TypeError: Failed to fetch
=============================
====== JS ERROR CAUGHT ======
Unhandled Promise: TypeError: Failed to fetch
=============================
====== JS ERROR CAUGHT ======
Unhandled Promise: TypeError: Failed to fetch
=============================
====== JS ERROR CAUGHT ======
Unhandled Promise: TypeError: Failed to fetch
=============================
====== JS ERROR CAUGHT ======
Unhandled Promise: TypeError: Failed to fetch
=============================
====== JS ERROR CAUGHT ======
Unhandled Promise: TypeError: Failed to fetch
=============================
====== JS ERROR CAUGHT ======
Unhandled Promise: TypeError: Failed to fetch
=============================
====== JS ERROR CAUGHT ======
Unhandled Promise: TypeError: Failed to fetch
=============================
====== JS ERROR CAUGHT ======
Unhandled Promise: TypeError: Failed to fetch
=============================
====== JS ERROR CAUGHT ======
Unhandled Promise: TypeError: Failed to fetch
=============================
====== JS ERROR CAUGHT ======
Unhandled Promise: TypeError: Failed to fetch
=============================
====== JS ERROR CAUGHT ======
Unhandled Promise: TypeError: Failed to fetch
=============================
====== JS ERROR CAUGHT ======
Unhandled Promise: TypeError: Failed to fetch
=============================
====== JS ERROR CAUGHT ======
Unhandled Promise: TypeError: Failed to fetch
=============================
====== JS ERROR CAUGHT ======
Unhandled Promise: TypeError: Failed to fetch
=============================
====== JS ERROR CAUGHT ======
Unhandled Promise: TypeError: Failed to fetch
=============================
====== JS ERROR CAUGHT ======
Unhandled Promise: TypeError: Failed to fetch
=============================
====== JS ERROR CAUGHT ======
Unhandled Promise: TypeError: Failed to fetch
=============================
====== JS ERROR CAUGHT ======
Unhandled Promise: TypeError: Failed to fetch
=============================
====== JS ERROR CAUGHT ======
Unhandled Promise: TypeError: Failed to fetch
=============================
====== JS ERROR CAUGHT ======
Unhandled Promise: TypeError: Failed to fetch
=============================
====== JS ERROR CAUGHT ======
Unhandled Promise: TypeError: Failed to fetch
=============================
====== JS ERROR CAUGHT ======
Unhandled Promise: TypeError: Failed to fetch
=============================
====== JS ERROR CAUGHT ======
Unhandled Promise: TypeError: Failed to fetch
=============================
====== JS ERROR CAUGHT ======
Unhandled Promise: TypeError: Failed to fetch
=============================
====== JS ERROR CAUGHT ======
Unhandled Promise: TypeError: Failed to fetch
=============================
====== JS ERROR CAUGHT ======
Unhandled Promise: TypeError: Failed to fetch
=============================
====== JS ERROR CAUGHT ======
Unhandled Promise: TypeError: Failed to fetch
=============================
====== JS ERROR CAUGHT ======
Unhandled Promise: TypeError: Failed to fetch
=============================
====== JS ERROR CAUGHT ======
Unhandled Promise: TypeError: Failed to fetch
=============================
====== JS ERROR CAUGHT ======
Unhandled Promise: TypeError: Failed to fetch
=============================
====== JS ERROR CAUGHT ======
Unhandled Promise: TypeError: Failed to fetch
=============================
====== JS ERROR CAUGHT ======
Unhandled Promise: TypeError: Failed to fetch
=============================
====== JS ERROR CAUGHT ======
Unhandled Promise: TypeError: Failed to fetch
=============================
====== JS ERROR CAUGHT ======
Unhandled Promise: TypeError: Failed to fetch
=============================
====== JS ERROR CAUGHT ======
Unhandled Promise: TypeError: Failed to fetch
=============================
====== JS ERROR CAUGHT ======
Unhandled Promise: TypeError: Failed to fetch
=============================
====== JS ERROR CAUGHT ======
Unhandled Promise: TypeError: Failed to fetch
=============================
====== JS ERROR CAUGHT ======
Unhandled Promise: TypeError: Failed to fetch
=============================
====== JS ERROR CAUGHT ======
Unhandled Promise: TypeError: Failed to fetch
=============================
====== JS ERROR CAUGHT ======
Unhandled Promise: TypeError: Failed to fetch
=============================
====== JS ERROR CAUGHT ======
Unhandled Promise: TypeError: Failed to fetch
=============================
====== JS ERROR CAUGHT ======
Unhandled Promise: TypeError: Failed to fetch
=============================
====== JS ERROR CAUGHT ======
Unhandled Promise: TypeError: Failed to fetch
=============================
====== JS ERROR CAUGHT ======
Unhandled Promise: TypeError: Failed to fetch
=============================
====== JS ERROR CAUGHT ======
Unhandled Promise: TypeError: Failed to fetch
=============================
====== JS ERROR CAUGHT ======
Unhandled Promise: TypeError: Failed to fetch
=============================
====== JS ERROR CAUGHT ======
Unhandled Promise: TypeError: Failed to fetch
=============================
====== JS ERROR CAUGHT ======
Unhandled Promise: TypeError: Failed to fetch
=============================
====== JS ERROR CAUGHT ======
Unhandled Promise: TypeError: Failed to fetch
=============================
====== JS ERROR CAUGHT ======
Unhandled Promise: TypeError: Failed to fetch
=============================
====== JS ERROR CAUGHT ======
Unhandled Promise: TypeError: Failed to fetch
=============================
====== JS ERROR CAUGHT ======
Unhandled Promise: TypeError: Failed to fetch
=============================
====== JS ERROR CAUGHT ======
Unhandled Promise: TypeError: Failed to fetch
=============================
====== JS ERROR CAUGHT ======
Unhandled Promise: TypeError: Failed to fetch
=============================
====== JS ERROR CAUGHT ======
Unhandled Promise: TypeError: Failed to fetch
=============================
====== JS ERROR CAUGHT ======
Unhandled Promise: TypeError: Failed to fetch
=============================
====== JS ERROR CAUGHT ======
Unhandled Promise: TypeError: Failed to fetch
=============================
====== JS ERROR CAUGHT ======
Unhandled Promise: TypeError: Failed to fetch
=============================
====== JS ERROR CAUGHT ======
Unhandled Promise: TypeError: Failed to fetch
=============================
====== JS ERROR CAUGHT ======
Unhandled Promise: TypeError: Failed to fetch
=============================
====== JS ERROR CAUGHT ======
Unhandled Promise: TypeError: Failed to fetch
=============================
====== JS ERROR CAUGHT ======
Unhandled Promise: TypeError: Failed to fetch
=============================
====== JS ERROR CAUGHT ======
Unhandled Promise: TypeError: Failed to fetch
=============================
====== JS ERROR CAUGHT ======
Unhandled Promise: TypeError: Failed to fetch
=============================
====== JS ERROR CAUGHT ======
Unhandled Promise: TypeError: Failed to fetch
=============================
====== JS ERROR CAUGHT ======
Unhandled Promise: TypeError: Failed to fetch
=============================
====== JS ERROR CAUGHT ======
Unhandled Promise: TypeError: Failed to fetch
=============================
====== JS ERROR CAUGHT ======
Unhandled Promise: TypeError: Failed to fetch
=============================
====== JS ERROR CAUGHT ======
Unhandled Promise: TypeError: Failed to fetch
=============================
====== JS ERROR CAUGHT ======
Unhandled Promise: TypeError: Failed to fetch
=============================
====== JS ERROR CAUGHT ======
Unhandled Promise: TypeError: Failed to fetch
=============================
====== JS ERROR CAUGHT ======
Unhandled Promise: TypeError: Failed to fetch
=============================
====== JS ERROR CAUGHT ======
Unhandled Promise: TypeError: Failed to fetch
=============================
====== JS ERROR CAUGHT ======
Unhandled Promise: TypeError: Failed to fetch
=============================
====== JS ERROR CAUGHT ======
Unhandled Promise: TypeError: Failed to fetch
=============================
====== JS ERROR CAUGHT ======
Unhandled Promise: TypeError: Failed to fetch
=============================
====== JS ERROR CAUGHT ======
Unhandled Promise: TypeError: Failed to fetch
=============================
====== JS ERROR CAUGHT ======
Unhandled Promise: TypeError: Failed to fetch
=============================
====== JS ERROR CAUGHT ======
Unhandled Promise: TypeError: Failed to fetch
=============================
====== JS ERROR CAUGHT ======
Unhandled Promise: TypeError: Failed to fetch
=============================
====== JS ERROR CAUGHT ======
Unhandled Promise: TypeError: Failed to fetch
=============================
====== JS ERROR CAUGHT ======
Unhandled Promise: TypeError: Failed to fetch
=============================
====== JS ERROR CAUGHT ======
Unhandled Promise: TypeError: Failed to fetch
=============================
====== JS ERROR CAUGHT ======
Unhandled Promise: TypeError: Failed to fetch
=============================
====== JS ERROR CAUGHT ======
Unhandled Promise: TypeError: Failed to fetch
=============================
====== JS ERROR CAUGHT ======
Unhandled Promise: TypeError: Failed to fetch
=============================
====== JS ERROR CAUGHT ======
Unhandled Promise: TypeError: Failed to fetch
=============================
====== JS ERROR CAUGHT ======
Unhandled Promise: TypeError: Failed to fetch
=============================
====== JS ERROR CAUGHT ======
Unhandled Promise: TypeError: Failed to fetch
=============================
====== JS ERROR CAUGHT ======
Unhandled Promise: TypeError: Failed to fetch
=============================
====== JS ERROR CAUGHT ======
Unhandled Promise: TypeError: Failed to fetch
=============================
====== JS ERROR CAUGHT ======
Unhandled Promise: TypeError: Failed to fetch
=============================
====== JS ERROR CAUGHT ======
Unhandled Promise: TypeError: Failed to fetch
=============================
====== JS ERROR CAUGHT ======
Unhandled Promise: TypeError: Failed to fetch
=============================
====== JS ERROR CAUGHT ======
Unhandled Promise: TypeError: Failed to fetch
=============================
====== JS ERROR CAUGHT ======
Unhandled Promise: TypeError: Failed to fetch
=============================
====== JS ERROR CAUGHT ======
Unhandled Promise: TypeError: Failed to fetch
=============================
====== JS ERROR CAUGHT ======
Unhandled Promise: TypeError: Failed to fetch
=============================
====== JS ERROR CAUGHT ======
Unhandled Promise: TypeError: Failed to fetch
=============================
====== JS ERROR CAUGHT ======
Unhandled Promise: TypeError: Failed to fetch
=============================
====== JS ERROR CAUGHT ======
Unhandled Promise: TypeError: Failed to fetch
=============================
====== JS ERROR CAUGHT ======
Unhandled Promise: TypeError: Failed to fetch
=============================
====== JS ERROR CAUGHT ======
Unhandled Promise: TypeError: Failed to fetch
=============================
====== JS ERROR CAUGHT ======
Unhandled Promise: TypeError: Failed to fetch
=============================
====== JS ERROR CAUGHT ======
Unhandled Promise: TypeError: Failed to fetch
=============================
====== JS ERROR CAUGHT ======
Unhandled Promise: TypeError: Failed to fetch
=============================
====== JS ERROR CAUGHT ======
Unhandled Promise: TypeError: Failed to fetch
=============================
====== JS ERROR CAUGHT ======
Unhandled Promise: TypeError: Failed to fetch
=============================
====== JS ERROR CAUGHT ======
Unhandled Promise: TypeError: Failed to fetch
=============================
====== JS ERROR CAUGHT ======
Unhandled Promise: TypeError: Failed to fetch
=============================
====== JS ERROR CAUGHT ======
Unhandled Promise: TypeError: Failed to fetch
=============================
====== JS ERROR CAUGHT ======
Unhandled Promise: TypeError: Failed to fetch
=============================
====== JS ERROR CAUGHT ======
Unhandled Promise: TypeError: Failed to fetch
=============================
====== JS ERROR CAUGHT ======
Unhandled Promise: TypeError: Failed to fetch
=============================
====== JS ERROR CAUGHT ======
Unhandled Promise: TypeError: Failed to fetch
=============================
====== JS ERROR CAUGHT ======
Unhandled Promise: TypeError: Failed to fetch
=============================
====== JS ERROR CAUGHT ======
Unhandled Promise: TypeError: Failed to fetch
=============================
====== JS ERROR CAUGHT ======
Unhandled Promise: TypeError: Failed to fetch
=============================
====== JS ERROR CAUGHT ======
Unhandled Promise: TypeError: Failed to fetch
=============================
====== JS ERROR CAUGHT ======
Unhandled Promise: TypeError: Failed to fetch
=============================
====== JS ERROR CAUGHT ======
Unhandled Promise: TypeError: Failed to fetch
=============================
====== JS ERROR CAUGHT ======
Unhandled Promise: TypeError: Failed to fetch
=============================
====== JS ERROR CAUGHT ======
Unhandled Promise: TypeError: Failed to fetch
=============================
====== JS ERROR CAUGHT ======
Unhandled Promise: TypeError: Failed to fetch
=============================
====== JS ERROR CAUGHT ======
Unhandled Promise: TypeError: Failed to fetch
=============================
====== JS ERROR CAUGHT ======
Unhandled Promise: TypeError: Failed to fetch
=============================
====== JS ERROR CAUGHT ======
Unhandled Promise: TypeError: Failed to fetch
=============================
====== JS ERROR CAUGHT ======
Unhandled Promise: TypeError: Failed to fetch
=============================
====== JS ERROR CAUGHT ======
Unhandled Promise: TypeError: Failed to fetch
=============================
====== JS ERROR CAUGHT ======
Unhandled Promise: TypeError: Failed to fetch
=============================
====== JS ERROR CAUGHT ======
Unhandled Promise: TypeError: Failed to fetch
=============================
====== JS ERROR CAUGHT ======
Unhandled Promise: TypeError: Failed to fetch
=============================
====== JS ERROR CAUGHT ======
Unhandled Promise: TypeError: Failed to fetch
=============================
====== JS ERROR CAUGHT ======
Unhandled Promise: TypeError: Failed to fetch
=============================
====== JS ERROR CAUGHT ======
Unhandled Promise: TypeError: Failed to fetch
=============================
====== JS ERROR CAUGHT ======
Unhandled Promise: TypeError: Failed to fetch
=============================
====== JS ERROR CAUGHT ======
Unhandled Promise: TypeError: Failed to fetch
=============================
====== JS ERROR CAUGHT ======
Unhandled Promise: TypeError: Failed to fetch
=============================
====== JS ERROR CAUGHT ======
Unhandled Promise: TypeError: Failed to fetch
=============================
====== JS ERROR CAUGHT ======
Unhandled Promise: TypeError: Failed to fetch
=============================
====== JS ERROR CAUGHT ======
Unhandled Promise: TypeError: Failed to fetch
=============================
====== JS ERROR CAUGHT ======
Unhandled Promise: TypeError: Failed to fetch
=============================
====== JS ERROR CAUGHT ======
Unhandled Promise: TypeError: Failed to fetch
=============================
====== JS ERROR CAUGHT ======
Unhandled Promise: TypeError: Failed to fetch
=============================
====== JS ERROR CAUGHT ======
Unhandled Promise: TypeError: Failed to fetch
=============================
====== JS ERROR CAUGHT ======
Unhandled Promise: TypeError: Failed to fetch
=============================
====== JS ERROR CAUGHT ======
Unhandled Promise: TypeError: Failed to fetch
=============================
====== JS ERROR CAUGHT ======
Unhandled Promise: TypeError: Failed to fetch
=============================
====== JS ERROR CAUGHT ======
Unhandled Promise: TypeError: Failed to fetch
=============================
====== JS ERROR CAUGHT ======
Unhandled Promise: TypeError: Failed to fetch
=============================
====== JS ERROR CAUGHT ======
Unhandled Promise: TypeError: Failed to fetch
=============================
====== JS ERROR CAUGHT ======
Unhandled Promise: TypeError: Failed to fetch
=============================
====== JS ERROR CAUGHT ======
Unhandled Promise: TypeError: Failed to fetch
=============================
====== JS ERROR CAUGHT ======
Unhandled Promise: TypeError: Failed to fetch
=============================
====== JS ERROR CAUGHT ======
Unhandled Promise: TypeError: Failed to fetch
=============================
====== JS ERROR CAUGHT ======
Unhandled Promise: TypeError: Failed to fetch
=============================
====== JS ERROR CAUGHT ======
Unhandled Promise: TypeError: Failed to fetch
=============================
====== JS ERROR CAUGHT ======
Unhandled Promise: TypeError: Failed to fetch
=============================
====== JS ERROR CAUGHT ======
Unhandled Promise: TypeError: Failed to fetch
=============================
====== JS ERROR CAUGHT ======
Unhandled Promise: TypeError: Failed to fetch
=============================
====== JS ERROR CAUGHT ======
Unhandled Promise: TypeError: Failed to fetch
=============================
====== JS ERROR CAUGHT ======
Unhandled Promise: TypeError: Failed to fetch
=============================
====== JS ERROR CAUGHT ======
Unhandled Promise: TypeError: Failed to fetch
=============================
====== JS ERROR CAUGHT ======
Unhandled Promise: TypeError: Failed to fetch
=============================
====== JS ERROR CAUGHT ======
Unhandled Promise: TypeError: Failed to fetch
=============================
====== JS ERROR CAUGHT ======
Unhandled Promise: TypeError: Failed to fetch
=============================
====== JS ERROR CAUGHT ======
Unhandled Promise: TypeError: Failed to fetch
=============================
====== JS ERROR CAUGHT ======
Unhandled Promise: TypeError: Failed to fetch
=============================
====== JS ERROR CAUGHT ======
Unhandled Promise: TypeError: Failed to fetch
=============================
====== JS ERROR CAUGHT ======
Unhandled Promise: TypeError: Failed to fetch
=============================
====== JS ERROR CAUGHT ======
Unhandled Promise: TypeError: Failed to fetch
=============================
====== JS ERROR CAUGHT ======
Unhandled Promise: TypeError: Failed to fetch
=============================
====== JS ERROR CAUGHT ======
Unhandled Promise: TypeError: Failed to fetch
=============================
====== JS ERROR CAUGHT ======
Unhandled Promise: TypeError: Failed to fetch
=============================
====== JS ERROR CAUGHT ======
Unhandled Promise: TypeError: Failed to fetch
=============================
====== JS ERROR CAUGHT ======
Unhandled Promise: TypeError: Failed to fetch
=============================
====== JS ERROR CAUGHT ======
Unhandled Promise: TypeError: Failed to fetch
=============================
====== JS ERROR CAUGHT ======
Unhandled Promise: TypeError: Failed to fetch
=============================
====== JS ERROR CAUGHT ======
Unhandled Promise: TypeError: Failed to fetch
=============================
====== JS ERROR CAUGHT ======
Unhandled Promise: TypeError: Failed to fetch
=============================
====== JS ERROR CAUGHT ======
Unhandled Promise: TypeError: Failed to fetch
=============================
====== JS ERROR CAUGHT ======
Unhandled Promise: TypeError: Failed to fetch
=============================
====== JS ERROR CAUGHT ======
Unhandled Promise: TypeError: Failed to fetch
=============================
====== JS ERROR CAUGHT ======
Unhandled Promise: TypeError: Failed to fetch
=============================
====== JS ERROR CAUGHT ======
Unhandled Promise: TypeError: Failed to fetch
=============================
====== JS ERROR CAUGHT ======
Unhandled Promise: TypeError: Failed to fetch
=============================
====== JS ERROR CAUGHT ======
Unhandled Promise: TypeError: Failed to fetch
=============================
====== JS ERROR CAUGHT ======
Unhandled Promise: TypeError: Failed to fetch
=============================
====== JS ERROR CAUGHT ======
Unhandled Promise: TypeError: Failed to fetch
=============================
====== JS ERROR CAUGHT ======
Unhandled Promise: TypeError: Failed to fetch
=============================
====== JS ERROR CAUGHT ======
Unhandled Promise: TypeError: Failed to fetch
=============================
====== JS ERROR CAUGHT ======
Unhandled Promise: TypeError: Failed to fetch
=============================
====== JS ERROR CAUGHT ======
Unhandled Promise: TypeError: Failed to fetch
=============================
====== JS ERROR CAUGHT ======
Unhandled Promise: TypeError: Failed to fetch
=============================
====== JS ERROR CAUGHT ======
Unhandled Promise: TypeError: Failed to fetch
=============================
====== JS ERROR CAUGHT ======
Unhandled Promise: TypeError: Failed to fetch
=============================
====== JS ERROR CAUGHT ======
Unhandled Promise: TypeError: Failed to fetch
=============================
====== JS ERROR CAUGHT ======
Unhandled Promise: TypeError: Failed to fetch
=============================
====== JS ERROR CAUGHT ======
Unhandled Promise: TypeError: Failed to fetch
=============================
====== JS ERROR CAUGHT ======
Unhandled Promise: TypeError: Failed to fetch
=============================
====== JS ERROR CAUGHT ======
Unhandled Promise: TypeError: Failed to fetch
=============================
====== JS ERROR CAUGHT ======
Unhandled Promise: TypeError: Failed to fetch
=============================
====== JS ERROR CAUGHT ======
Unhandled Promise: TypeError: Failed to fetch
=============================
====== JS ERROR CAUGHT ======
Unhandled Promise: TypeError: Failed to fetch
=============================
====== JS ERROR CAUGHT ======
Unhandled Promise: TypeError: Failed to fetch
=============================
====== JS ERROR CAUGHT ======
Unhandled Promise: TypeError: Failed to fetch
=============================
====== JS ERROR CAUGHT ======
Unhandled Promise: TypeError: Failed to fetch
=============================
====== JS ERROR CAUGHT ======
Unhandled Promise: TypeError: Failed to fetch
=============================
====== JS ERROR CAUGHT ======
Unhandled Promise: TypeError: Failed to fetch
=============================
====== JS ERROR CAUGHT ======
Unhandled Promise: TypeError: Failed to fetch
=============================
====== JS ERROR CAUGHT ======
Unhandled Promise: TypeError: Failed to fetch
=============================
====== JS ERROR CAUGHT ======
Unhandled Promise: TypeError: Failed to fetch
=============================
====== JS ERROR CAUGHT ======
Unhandled Promise: TypeError: Failed to fetch
=============================
====== JS ERROR CAUGHT ======
Unhandled Promise: TypeError: Failed to fetch
=============================
====== JS ERROR CAUGHT ======
Unhandled Promise: TypeError: Failed to fetch
=============================
====== JS ERROR CAUGHT ======
Unhandled Promise: TypeError: Failed to fetch
=============================
====== JS ERROR CAUGHT ======
Unhandled Promise: TypeError: Failed to fetch
=============================
====== JS ERROR CAUGHT ======
Unhandled Promise: TypeError: Failed to fetch
=============================
====== JS ERROR CAUGHT ======
Unhandled Promise: TypeError: Failed to fetch
=============================
====== JS ERROR CAUGHT ======
Unhandled Promise: TypeError: Failed to fetch
=============================
====== JS ERROR CAUGHT ======
Unhandled Promise: TypeError: Failed to fetch
=============================
====== JS ERROR CAUGHT ======
Unhandled Promise: TypeError: Failed to fetch
=============================
====== JS ERROR CAUGHT ======
Unhandled Promise: TypeError: Failed to fetch
=============================
====== JS ERROR CAUGHT ======
Unhandled Promise: TypeError: Failed to fetch
=============================
====== JS ERROR CAUGHT ======
Unhandled Promise: TypeError: Failed to fetch
=============================
====== JS ERROR CAUGHT ======
Unhandled Promise: TypeError: Failed to fetch
=============================
====== JS ERROR CAUGHT ======
Unhandled Promise: TypeError: Failed to fetch
=============================
====== JS ERROR CAUGHT ======
Unhandled Promise: TypeError: Failed to fetch
=============================
====== JS ERROR CAUGHT ======
Unhandled Promise: TypeError: Failed to fetch
=============================
====== JS ERROR CAUGHT ======
Unhandled Promise: TypeError: Failed to fetch
=============================
====== JS ERROR CAUGHT ======
Unhandled Promise: TypeError: Failed to fetch
=============================
====== JS ERROR CAUGHT ======
Unhandled Promise: TypeError: Failed to fetch
=============================
====== JS ERROR CAUGHT ======
Unhandled Promise: TypeError: Failed to fetch
=============================
====== JS ERROR CAUGHT ======
Unhandled Promise: TypeError: Failed to fetch
=============================
====== JS ERROR CAUGHT ======
Unhandled Promise: TypeError: Failed to fetch
=============================
====== JS ERROR CAUGHT ======
Unhandled Promise: TypeError: Failed to fetch
=============================
====== JS ERROR CAUGHT ======
Unhandled Promise: TypeError: Failed to fetch
=============================
====== JS ERROR CAUGHT ======
Unhandled Promise: TypeError: Failed to fetch
=============================
====== JS ERROR CAUGHT ======
Unhandled Promise: TypeError: Failed to fetch
=============================
====== JS ERROR CAUGHT ======
Unhandled Promise: TypeError: Failed to fetch
=============================
====== JS ERROR CAUGHT ======
Unhandled Promise: TypeError: Failed to fetch
=============================
====== JS ERROR CAUGHT ======
Unhandled Promise: TypeError: Failed to fetch
=============================
====== JS ERROR CAUGHT ======
Unhandled Promise: TypeError: Failed to fetch
=============================
====== JS ERROR CAUGHT ======
Unhandled Promise: TypeError: Failed to fetch
=============================
====== JS ERROR CAUGHT ======
Unhandled Promise: TypeError: Failed to fetch
=============================
====== JS ERROR CAUGHT ======
Unhandled Promise: TypeError: Failed to fetch
=============================
====== JS ERROR CAUGHT ======
Unhandled Promise: TypeError: Failed to fetch
=============================
====== JS ERROR CAUGHT ======
Unhandled Promise: TypeError: Failed to fetch
=============================
====== JS ERROR CAUGHT ======
Unhandled Promise: TypeError: Failed to fetch
=============================
====== JS ERROR CAUGHT ======
Unhandled Promise: TypeError: Failed to fetch
=============================
====== JS ERROR CAUGHT ======
Unhandled Promise: TypeError: Failed to fetch
=============================
====== JS ERROR CAUGHT ======
Unhandled Promise: TypeError: Failed to fetch
=============================
====== JS ERROR CAUGHT ======
Unhandled Promise: TypeError: Failed to fetch
=============================
====== JS ERROR CAUGHT ======
Unhandled Promise: TypeError: Failed to fetch
=============================
====== JS ERROR CAUGHT ======
Unhandled Promise: TypeError: Failed to fetch
=============================
====== JS ERROR CAUGHT ======
Unhandled Promise: TypeError: Failed to fetch
=============================
====== JS ERROR CAUGHT ======
Unhandled Promise: TypeError: Failed to fetch
=============================
====== JS ERROR CAUGHT ======
Unhandled Promise: TypeError: Failed to fetch
=============================
====== JS ERROR CAUGHT ======
Unhandled Promise: TypeError: Failed to fetch
=============================
====== JS ERROR CAUGHT ======
Unhandled Promise: TypeError: Failed to fetch
=============================
====== JS ERROR CAUGHT ======
Unhandled Promise: TypeError: Failed to fetch
=============================
====== JS ERROR CAUGHT ======
Unhandled Promise: TypeError: Failed to fetch
=============================
====== JS ERROR CAUGHT ======
Unhandled Promise: TypeError: Failed to fetch
=============================
====== JS ERROR CAUGHT ======
Unhandled Promise: TypeError: Failed to fetch
=============================
====== JS ERROR CAUGHT ======
Unhandled Promise: TypeError: Failed to fetch
=============================
====== JS ERROR CAUGHT ======
Unhandled Promise: TypeError: Failed to fetch
=============================
====== JS ERROR CAUGHT ======
Unhandled Promise: TypeError: Failed to fetch
=============================
====== JS ERROR CAUGHT ======
Unhandled Promise: TypeError: Failed to fetch
=============================
====== JS ERROR CAUGHT ======
Unhandled Promise: TypeError: Failed to fetch
=============================
====== JS ERROR CAUGHT ======
Unhandled Promise: TypeError: Failed to fetch
=============================
====== JS ERROR CAUGHT ======
Unhandled Promise: TypeError: Failed to fetch
=============================
====== JS ERROR CAUGHT ======
Unhandled Promise: TypeError: Failed to fetch
=============================
====== JS ERROR CAUGHT ======
Unhandled Promise: TypeError: Failed to fetch
=============================
====== JS ERROR CAUGHT ======
Unhandled Promise: TypeError: Failed to fetch
=============================
====== JS ERROR CAUGHT ======
Unhandled Promise: TypeError: Failed to fetch
=============================
====== JS ERROR CAUGHT ======
Unhandled Promise: TypeError: Failed to fetch
=============================
====== JS ERROR CAUGHT ======
Unhandled Promise: TypeError: Failed to fetch
=============================
====== JS ERROR CAUGHT ======
Unhandled Promise: TypeError: Failed to fetch
=============================
====== JS ERROR CAUGHT ======
Unhandled Promise: TypeError: Failed to fetch
=============================
====== JS ERROR CAUGHT ======
Unhandled Promise: TypeError: Failed to fetch
=============================
====== JS ERROR CAUGHT ======
Unhandled Promise: TypeError: Failed to fetch
=============================
====== JS ERROR CAUGHT ======
Unhandled Promise: TypeError: Failed to fetch
=============================
====== JS ERROR CAUGHT ======
Unhandled Promise: TypeError: Failed to fetch
=============================
====== JS ERROR CAUGHT ======
Unhandled Promise: TypeError: Failed to fetch
=============================
====== JS ERROR CAUGHT ======
Unhandled Promise: TypeError: Failed to fetch
=============================
====== JS ERROR CAUGHT ======
Unhandled Promise: TypeError: Failed to fetch
=============================
====== JS ERROR CAUGHT ======
Unhandled Promise: TypeError: Failed to fetch
=============================
====== JS ERROR CAUGHT ======
Unhandled Promise: TypeError: Failed to fetch
=============================
====== JS ERROR CAUGHT ======
Unhandled Promise: TypeError: Failed to fetch
=============================
====== JS ERROR CAUGHT ======
Unhandled Promise: TypeError: Failed to fetch
=============================
====== JS ERROR CAUGHT ======
Unhandled Promise: TypeError: Failed to fetch
=============================
====== JS ERROR CAUGHT ======
Unhandled Promise: TypeError: Failed to fetch
=============================
====== JS ERROR CAUGHT ======
Unhandled Promise: TypeError: Failed to fetch
=============================
====== JS ERROR CAUGHT ======
Unhandled Promise: TypeError: Failed to fetch
=============================
====== JS ERROR CAUGHT ======
Unhandled Promise: TypeError: Failed to fetch
=============================
====== JS ERROR CAUGHT ======
Unhandled Promise: TypeError: Failed to fetch
=============================
====== JS ERROR CAUGHT ======
Unhandled Promise: TypeError: Failed to fetch
=============================
====== JS ERROR CAUGHT ======
Unhandled Promise: TypeError: Failed to fetch
=============================
====== JS ERROR CAUGHT ======
Unhandled Promise: TypeError: Failed to fetch
=============================
====== JS ERROR CAUGHT ======
Unhandled Promise: TypeError: Failed to fetch
=============================
====== JS ERROR CAUGHT ======
Unhandled Promise: TypeError: Failed to fetch
=============================
====== JS ERROR CAUGHT ======
Unhandled Promise: TypeError: Failed to fetch
=============================
====== JS ERROR CAUGHT ======
Unhandled Promise: TypeError: Failed to fetch
=============================
====== JS ERROR CAUGHT ======
Unhandled Promise: TypeError: Failed to fetch
=============================
====== JS ERROR CAUGHT ======
Unhandled Promise: TypeError: Failed to fetch
=============================
====== JS ERROR CAUGHT ======
Unhandled Promise: TypeError: Failed to fetch
=============================
====== JS ERROR CAUGHT ======
Unhandled Promise: TypeError: Failed to fetch
=============================
====== JS ERROR CAUGHT ======
Unhandled Promise: TypeError: Failed to fetch
=============================
====== JS ERROR CAUGHT ======
Unhandled Promise: TypeError: Failed to fetch
=============================
====== JS ERROR CAUGHT ======
Unhandled Promise: TypeError: Failed to fetch
=============================
====== JS ERROR CAUGHT ======
Unhandled Promise: TypeError: Failed to fetch
=============================
====== JS ERROR CAUGHT ======
Unhandled Promise: TypeError: Failed to fetch
=============================
====== JS ERROR CAUGHT ======
Unhandled Promise: TypeError: Failed to fetch
=============================
====== JS ERROR CAUGHT ======
Unhandled Promise: TypeError: Failed to fetch
=============================
====== JS ERROR CAUGHT ======
Unhandled Promise: TypeError: Failed to fetch
=============================
====== JS ERROR CAUGHT ======
Unhandled Promise: TypeError: Failed to fetch
=============================
====== JS ERROR CAUGHT ======
Unhandled Promise: TypeError: Failed to fetch
=============================
====== JS ERROR CAUGHT ======
Unhandled Promise: TypeError: Failed to fetch
=============================
====== JS ERROR CAUGHT ======
Unhandled Promise: TypeError: Failed to fetch
=============================
====== JS ERROR CAUGHT ======
Unhandled Promise: TypeError: Failed to fetch
=============================
====== JS ERROR CAUGHT ======
Unhandled Promise: TypeError: Failed to fetch
=============================
====== JS ERROR CAUGHT ======
Unhandled Promise: TypeError: Failed to fetch
=============================
====== JS ERROR CAUGHT ======
Unhandled Promise: TypeError: Failed to fetch
=============================
====== JS ERROR CAUGHT ======
Unhandled Promise: TypeError: Failed to fetch
=============================
====== JS ERROR CAUGHT ======
Unhandled Promise: TypeError: Failed to fetch
=============================
====== JS ERROR CAUGHT ======
Unhandled Promise: TypeError: Failed to fetch
=============================
====== JS ERROR CAUGHT ======
Unhandled Promise: TypeError: Failed to fetch
=============================
====== JS ERROR CAUGHT ======
Unhandled Promise: TypeError: Failed to fetch
=============================
====== JS ERROR CAUGHT ======
Unhandled Promise: TypeError: Failed to fetch
=============================
====== JS ERROR CAUGHT ======
Unhandled Promise: TypeError: Failed to fetch
=============================
====== JS ERROR CAUGHT ======
Unhandled Promise: TypeError: Failed to fetch
=============================
====== JS ERROR CAUGHT ======
Unhandled Promise: TypeError: Failed to fetch
=============================
====== JS ERROR CAUGHT ======
Unhandled Promise: TypeError: Failed to fetch
=============================
====== JS ERROR CAUGHT ======
Unhandled Promise: TypeError: Failed to fetch
=============================
====== JS ERROR CAUGHT ======
Unhandled Promise: TypeError: Failed to fetch
=============================
====== JS ERROR CAUGHT ======
Unhandled Promise: TypeError: Failed to fetch
=============================
====== JS ERROR CAUGHT ======
Unhandled Promise: TypeError: Failed to fetch
=============================
====== JS ERROR CAUGHT ======
Unhandled Promise: TypeError: Failed to fetch
=============================
====== JS ERROR CAUGHT ======
Unhandled Promise: TypeError: Failed to fetch
=============================
====== JS ERROR CAUGHT ======
Unhandled Promise: TypeError: Failed to fetch
=============================
====== JS ERROR CAUGHT ======
Unhandled Promise: TypeError: Failed to fetch
=============================
====== JS ERROR CAUGHT ======
Unhandled Promise: TypeError: Failed to fetch
=============================
====== JS ERROR CAUGHT ======
Unhandled Promise: TypeError: Failed to fetch
=============================
====== JS ERROR CAUGHT ======
Unhandled Promise: TypeError: Failed to fetch
=============================
====== JS ERROR CAUGHT ======
Unhandled Promise: TypeError: Failed to fetch
=============================
====== JS ERROR CAUGHT ======
Unhandled Promise: TypeError: Failed to fetch
=============================
====== JS ERROR CAUGHT ======
Unhandled Promise: TypeError: Failed to fetch
=============================
====== JS ERROR CAUGHT ======
Unhandled Promise: TypeError: Failed to fetch
=============================
====== JS ERROR CAUGHT ======
Unhandled Promise: TypeError: Failed to fetch
=============================
====== JS ERROR CAUGHT ======
Unhandled Promise: TypeError: Failed to fetch
=============================
====== JS ERROR CAUGHT ======
Unhandled Promise: TypeError: Failed to fetch
=============================
====== JS ERROR CAUGHT ======
Unhandled Promise: TypeError: Failed to fetch
=============================
====== JS ERROR CAUGHT ======
Unhandled Promise: TypeError: Failed to fetch
=============================
====== JS ERROR CAUGHT ======
Unhandled Promise: TypeError: Failed to fetch
=============================
====== JS ERROR CAUGHT ======
Unhandled Promise: TypeError: Failed to fetch
=============================
====== JS ERROR CAUGHT ======
Unhandled Promise: TypeError: Failed to fetch
=============================
====== JS ERROR CAUGHT ======
Unhandled Promise: TypeError: Failed to fetch
=============================
====== JS ERROR CAUGHT ======
Unhandled Promise: TypeError: Failed to fetch
=============================
====== JS ERROR CAUGHT ======
Unhandled Promise: TypeError: Failed to fetch
=============================
====== JS ERROR CAUGHT ======
Unhandled Promise: TypeError: Failed to fetch
=============================
====== JS ERROR CAUGHT ======
Unhandled Promise: TypeError: Failed to fetch
=============================
====== JS ERROR CAUGHT ======
Unhandled Promise: TypeError: Failed to fetch
=============================
====== JS ERROR CAUGHT ======
Unhandled Promise: TypeError: Failed to fetch
=============================
====== JS ERROR CAUGHT ======
Unhandled Promise: TypeError: Failed to fetch
=============================
====== JS ERROR CAUGHT ======
Unhandled Promise: TypeError: Failed to fetch
=============================
====== JS ERROR CAUGHT ======
Unhandled Promise: TypeError: Failed to fetch
=============================
====== JS ERROR CAUGHT ======
Unhandled Promise: TypeError: Failed to fetch
=============================
====== JS ERROR CAUGHT ======
Unhandled Promise: TypeError: Failed to fetch
=============================
====== JS ERROR CAUGHT ======
Unhandled Promise: TypeError: Failed to fetch
=============================
====== JS ERROR CAUGHT ======
Unhandled Promise: TypeError: Failed to fetch
=============================
====== JS ERROR CAUGHT ======
Unhandled Promise: TypeError: Failed to fetch
=============================
====== JS ERROR CAUGHT ======
Unhandled Promise: TypeError: Failed to fetch
=============================
====== JS ERROR CAUGHT ======
Unhandled Promise: TypeError: Failed to fetch
=============================
====== JS ERROR CAUGHT ======
Unhandled Promise: TypeError: Failed to fetch
=============================
====== JS ERROR CAUGHT ======
Unhandled Promise: TypeError: Failed to fetch
=============================
====== JS ERROR CAUGHT ======
Unhandled Promise: TypeError: Failed to fetch
=============================
====== JS ERROR CAUGHT ======
Unhandled Promise: TypeError: Failed to fetch
=============================
====== JS ERROR CAUGHT ======
Unhandled Promise: TypeError: Failed to fetch
=============================
====== JS ERROR CAUGHT ======
Unhandled Promise: TypeError: Failed to fetch
=============================
====== JS ERROR CAUGHT ======
Unhandled Promise: TypeError: Failed to fetch
=============================
====== JS ERROR CAUGHT ======
Unhandled Promise: TypeError: Failed to fetch
=============================
====== JS ERROR CAUGHT ======
Unhandled Promise: TypeError: Failed to fetch
=============================
====== JS ERROR CAUGHT ======
Unhandled Promise: TypeError: Failed to fetch
=============================
====== JS ERROR CAUGHT ======
Unhandled Promise: TypeError: Failed to fetch
=============================
====== JS ERROR CAUGHT ======
Unhandled Promise: TypeError: Failed to fetch
=============================
====== JS ERROR CAUGHT ======
Unhandled Promise: TypeError: Failed to fetch
=============================
====== JS ERROR CAUGHT ======
Unhandled Promise: TypeError: Failed to fetch
=============================
====== JS ERROR CAUGHT ======
Unhandled Promise: TypeError: Failed to fetch
=============================
====== JS ERROR CAUGHT ======
Unhandled Promise: TypeError: Failed to fetch
=============================
====== JS ERROR CAUGHT ======
Unhandled Promise: TypeError: Failed to fetch
=============================
====== JS ERROR CAUGHT ======
Unhandled Promise: TypeError: Failed to fetch
=============================
====== JS ERROR CAUGHT ======
Unhandled Promise: TypeError: Failed to fetch
=============================
====== JS ERROR CAUGHT ======
Unhandled Promise: TypeError: Failed to fetch
=============================
====== JS ERROR CAUGHT ======
Unhandled Promise: TypeError: Failed to fetch
=============================
====== JS ERROR CAUGHT ======
Unhandled Promise: TypeError: Failed to fetch
=============================
====== JS ERROR CAUGHT ======
Unhandled Promise: TypeError: Failed to fetch
=============================
====== JS ERROR CAUGHT ======
Unhandled Promise: TypeError: Failed to fetch
=============================
====== JS ERROR CAUGHT ======
Unhandled Promise: TypeError: Failed to fetch
=============================
====== JS ERROR CAUGHT ======
Unhandled Promise: TypeError: Failed to fetch
=============================
====== JS ERROR CAUGHT ======
Unhandled Promise: TypeError: Failed to fetch
=============================
====== JS ERROR CAUGHT ======
Unhandled Promise: TypeError: Failed to fetch
=============================
====== JS ERROR CAUGHT ======
Unhandled Promise: TypeError: Failed to fetch
=============================
====== JS ERROR CAUGHT ======
Unhandled Promise: TypeError: Failed to fetch
=============================
====== JS ERROR CAUGHT ======
Unhandled Promise: TypeError: Failed to fetch
=============================
====== JS ERROR CAUGHT ======
Unhandled Promise: TypeError: Failed to fetch
=============================
====== JS ERROR CAUGHT ======
Unhandled Promise: TypeError: Failed to fetch
=============================
====== JS ERROR CAUGHT ======
Unhandled Promise: TypeError: Failed to fetch
=============================
====== JS ERROR CAUGHT ======
Unhandled Promise: TypeError: Failed to fetch
=============================
====== JS ERROR CAUGHT ======
Unhandled Promise: TypeError: Failed to fetch
=============================
====== JS ERROR CAUGHT ======
Unhandled Promise: TypeError: Failed to fetch
=============================
====== JS ERROR CAUGHT ======
Unhandled Promise: TypeError: Failed to fetch
=============================
====== JS ERROR CAUGHT ======
Unhandled Promise: TypeError: Failed to fetch
=============================
====== JS ERROR CAUGHT ======
Unhandled Promise: TypeError: Failed to fetch
=============================
====== JS ERROR CAUGHT ======
Unhandled Promise: TypeError: Failed to fetch
=============================
====== JS ERROR CAUGHT ======
Unhandled Promise: TypeError: Failed to fetch
=============================
====== JS ERROR CAUGHT ======
Unhandled Promise: TypeError: Failed to fetch
=============================
====== JS ERROR CAUGHT ======
Unhandled Promise: TypeError: Failed to fetch
=============================
====== JS ERROR CAUGHT ======
Unhandled Promise: TypeError: Failed to fetch
=============================
====== JS ERROR CAUGHT ======
Unhandled Promise: TypeError: Failed to fetch
=============================
====== JS ERROR CAUGHT ======
Unhandled Promise: TypeError: Failed to fetch
=============================
====== JS ERROR CAUGHT ======
Unhandled Promise: TypeError: Failed to fetch
=============================
====== JS ERROR CAUGHT ======
Unhandled Promise: TypeError: Failed to fetch
=============================
====== JS ERROR CAUGHT ======
Unhandled Promise: TypeError: Failed to fetch
=============================
====== JS ERROR CAUGHT ======
Unhandled Promise: TypeError: Failed to fetch
=============================
====== JS ERROR CAUGHT ======
Unhandled Promise: TypeError: Failed to fetch
=============================
====== JS ERROR CAUGHT ======
Unhandled Promise: TypeError: Failed to fetch
=============================
====== JS ERROR CAUGHT ======
Unhandled Promise: TypeError: Failed to fetch
=============================
====== JS ERROR CAUGHT ======
Unhandled Promise: TypeError: Failed to fetch
=============================
====== JS ERROR CAUGHT ======
Unhandled Promise: TypeError: Failed to fetch
=============================
====== JS ERROR CAUGHT ======
Unhandled Promise: TypeError: Failed to fetch
=============================
====== JS ERROR CAUGHT ======
Unhandled Promise: TypeError: Failed to fetch
=============================
====== JS ERROR CAUGHT ======
Unhandled Promise: TypeError: Failed to fetch
=============================
====== JS ERROR CAUGHT ======
Unhandled Promise: TypeError: Failed to fetch
=============================
====== JS ERROR CAUGHT ======
Unhandled Promise: TypeError: Failed to fetch
=============================
====== JS ERROR CAUGHT ======
Unhandled Promise: TypeError: Failed to fetch
=============================
====== JS ERROR CAUGHT ======
Unhandled Promise: TypeError: Failed to fetch
=============================
====== JS ERROR CAUGHT ======
Unhandled Promise: TypeError: Failed to fetch
=============================
====== JS ERROR CAUGHT ======
Unhandled Promise: TypeError: Failed to fetch
=============================
====== JS ERROR CAUGHT ======
Unhandled Promise: TypeError: Failed to fetch
=============================
====== JS ERROR CAUGHT ======
Unhandled Promise: TypeError: Failed to fetch
=============================
====== JS ERROR CAUGHT ======
Unhandled Promise: TypeError: Failed to fetch
=============================
====== JS ERROR CAUGHT ======
Unhandled Promise: TypeError: Failed to fetch
=============================
====== JS ERROR CAUGHT ======
Unhandled Promise: TypeError: Failed to fetch
=============================
====== JS ERROR CAUGHT ======
Unhandled Promise: TypeError: Failed to fetch
=============================
====== JS ERROR CAUGHT ======
Unhandled Promise: TypeError: Failed to fetch
=============================
====== JS ERROR CAUGHT ======
Unhandled Promise: TypeError: Failed to fetch
=============================
====== JS ERROR CAUGHT ======
Unhandled Promise: TypeError: Failed to fetch
=============================
====== JS ERROR CAUGHT ======
Unhandled Promise: TypeError: Failed to fetch
=============================
====== JS ERROR CAUGHT ======
Unhandled Promise: TypeError: Failed to fetch
=============================
====== JS ERROR CAUGHT ======
Unhandled Promise: TypeError: Failed to fetch
=============================
====== JS ERROR CAUGHT ======
Unhandled Promise: TypeError: Failed to fetch
=============================
====== JS ERROR CAUGHT ======
Unhandled Promise: TypeError: Failed to fetch
=============================
====== JS ERROR CAUGHT ======
Unhandled Promise: TypeError: Failed to fetch
=============================
====== JS ERROR CAUGHT ======
Unhandled Promise: TypeError: Failed to fetch
=============================
====== JS ERROR CAUGHT ======
Unhandled Promise: TypeError: Failed to fetch
=============================
====== JS ERROR CAUGHT ======
Unhandled Promise: TypeError: Failed to fetch
=============================
====== JS ERROR CAUGHT ======
Unhandled Promise: TypeError: Failed to fetch
=============================
====== JS ERROR CAUGHT ======
Unhandled Promise: TypeError: Failed to fetch
=============================
====== JS ERROR CAUGHT ======
Unhandled Promise: TypeError: Failed to fetch
=============================
====== JS ERROR CAUGHT ======
Unhandled Promise: TypeError: Failed to fetch
=============================
====== JS ERROR CAUGHT ======
Unhandled Promise: TypeError: Failed to fetch
=============================
====== JS ERROR CAUGHT ======
Unhandled Promise: TypeError: Failed to fetch
=============================
====== JS ERROR CAUGHT ======
Unhandled Promise: TypeError: Failed to fetch
=============================
====== JS ERROR CAUGHT ======
Unhandled Promise: TypeError: Failed to fetch
=============================
====== JS ERROR CAUGHT ======
Unhandled Promise: TypeError: Failed to fetch
=============================
====== JS ERROR CAUGHT ======
Unhandled Promise: TypeError: Failed to fetch
=============================
====== JS ERROR CAUGHT ======
Unhandled Promise: TypeError: Failed to fetch
=============================
====== JS ERROR CAUGHT ======
Unhandled Promise: TypeError: Failed to fetch
=============================
====== JS ERROR CAUGHT ======
Unhandled Promise: TypeError: Failed to fetch
=============================
====== JS ERROR CAUGHT ======
Unhandled Promise: TypeError: Failed to fetch
=============================
====== JS ERROR CAUGHT ======
Unhandled Promise: TypeError: Failed to fetch
=============================
====== JS ERROR CAUGHT ======
Unhandled Promise: TypeError: Failed to fetch
=============================
====== JS ERROR CAUGHT ======
Unhandled Promise: TypeError: Failed to fetch
=============================
====== JS ERROR CAUGHT ======
Unhandled Promise: TypeError: Failed to fetch
=============================
====== JS ERROR CAUGHT ======
Unhandled Promise: TypeError: Failed to fetch
=============================
====== JS ERROR CAUGHT ======
Unhandled Promise: TypeError: Failed to fetch
=============================
====== JS ERROR CAUGHT ======
Unhandled Promise: TypeError: Failed to fetch
=============================
====== JS ERROR CAUGHT ======
Unhandled Promise: TypeError: Failed to fetch
=============================
====== JS ERROR CAUGHT ======
Unhandled Promise: TypeError: Failed to fetch
=============================
====== JS ERROR CAUGHT ======
Unhandled Promise: TypeError: Failed to fetch
=============================
====== JS ERROR CAUGHT ======
Unhandled Promise: TypeError: Failed to fetch
=============================
====== JS ERROR CAUGHT ======
Unhandled Promise: TypeError: Failed to fetch
=============================
====== JS ERROR CAUGHT ======
Unhandled Promise: TypeError: Failed to fetch
=============================
====== JS ERROR CAUGHT ======
Unhandled Promise: TypeError: Failed to fetch
=============================
====== JS ERROR CAUGHT ======
Unhandled Promise: TypeError: Failed to fetch
=============================
====== JS ERROR CAUGHT ======
Unhandled Promise: TypeError: Failed to fetch
=============================
====== JS ERROR CAUGHT ======
Unhandled Promise: TypeError: Failed to fetch
=============================
====== JS ERROR CAUGHT ======
Unhandled Promise: TypeError: Failed to fetch
=============================
====== JS ERROR CAUGHT ======
Unhandled Promise: TypeError: Failed to fetch
=============================
====== JS ERROR CAUGHT ======
Unhandled Promise: TypeError: Failed to fetch
=============================
====== JS ERROR CAUGHT ======
Unhandled Promise: TypeError: Failed to fetch
=============================
====== JS ERROR CAUGHT ======
Unhandled Promise: TypeError: Failed to fetch
=============================
====== JS ERROR CAUGHT ======
Unhandled Promise: TypeError: Failed to fetch
=============================
====== JS ERROR CAUGHT ======
Unhandled Promise: TypeError: Failed to fetch
=============================
====== JS ERROR CAUGHT ======
Unhandled Promise: TypeError: Failed to fetch
=============================
====== JS ERROR CAUGHT ======
Unhandled Promise: TypeError: Failed to fetch
=============================
====== JS ERROR CAUGHT ======
Unhandled Promise: TypeError: Failed to fetch
=============================
====== JS ERROR CAUGHT ======
Unhandled Promise: TypeError: Failed to fetch
=============================
====== JS ERROR CAUGHT ======
Unhandled Promise: TypeError: Failed to fetch
=============================
====== JS ERROR CAUGHT ======
Unhandled Promise: TypeError: Failed to fetch
=============================
====== JS ERROR CAUGHT ======
Unhandled Promise: TypeError: Failed to fetch
=============================
====== JS ERROR CAUGHT ======
Unhandled Promise: TypeError: Failed to fetch
=============================
====== JS ERROR CAUGHT ======
Unhandled Promise: TypeError: Failed to fetch
=============================
====== JS ERROR CAUGHT ======
Unhandled Promise: TypeError: Failed to fetch
=============================
====== JS ERROR CAUGHT ======
Unhandled Promise: TypeError: Failed to fetch
=============================
====== JS ERROR CAUGHT ======
Unhandled Promise: TypeError: Failed to fetch
=============================
====== JS ERROR CAUGHT ======
Unhandled Promise: TypeError: Failed to fetch
=============================
====== JS ERROR CAUGHT ======
Unhandled Promise: TypeError: Failed to fetch
=============================
====== JS ERROR CAUGHT ======
Unhandled Promise: TypeError: Failed to fetch
=============================
====== JS ERROR CAUGHT ======
Unhandled Promise: TypeError: Failed to fetch
=============================
====== JS ERROR CAUGHT ======
Unhandled Promise: TypeError: Failed to fetch
=============================
====== JS ERROR CAUGHT ======
Unhandled Promise: TypeError: Failed to fetch
=============================
====== JS ERROR CAUGHT ======
Unhandled Promise: TypeError: Failed to fetch
=============================
====== JS ERROR CAUGHT ======
Unhandled Promise: TypeError: Failed to fetch
=============================
====== JS ERROR CAUGHT ======
Unhandled Promise: TypeError: Failed to fetch
=============================
====== JS ERROR CAUGHT ======
Unhandled Promise: TypeError: Failed to fetch
=============================
====== JS ERROR CAUGHT ======
Unhandled Promise: TypeError: Failed to fetch
=============================
====== JS ERROR CAUGHT ======
Unhandled Promise: TypeError: Failed to fetch
=============================
====== JS ERROR CAUGHT ======
Unhandled Promise: TypeError: Failed to fetch
=============================
====== JS ERROR CAUGHT ======
Unhandled Promise: TypeError: Failed to fetch
=============================
====== JS ERROR CAUGHT ======
Unhandled Promise: TypeError: Failed to fetch
=============================
====== JS ERROR CAUGHT ======
Unhandled Promise: TypeError: Failed to fetch
=============================
====== JS ERROR CAUGHT ======
Unhandled Promise: TypeError: Failed to fetch
=============================
====== JS ERROR CAUGHT ======
Unhandled Promise: TypeError: Failed to fetch
=============================
====== JS ERROR CAUGHT ======
Unhandled Promise: TypeError: Failed to fetch
=============================
====== JS ERROR CAUGHT ======
Unhandled Promise: TypeError: Failed to fetch
=============================
====== JS ERROR CAUGHT ======
Unhandled Promise: TypeError: Failed to fetch
=============================
====== JS ERROR CAUGHT ======
Unhandled Promise: TypeError: Failed to fetch
=============================
====== JS ERROR CAUGHT ======
Unhandled Promise: TypeError: Failed to fetch
=============================
====== JS ERROR CAUGHT ======
Unhandled Promise: TypeError: Failed to fetch
=============================
====== JS ERROR CAUGHT ======
Unhandled Promise: TypeError: Failed to fetch
=============================
====== JS ERROR CAUGHT ======
Unhandled Promise: TypeError: Failed to fetch
=============================
====== JS ERROR CAUGHT ======
Unhandled Promise: TypeError: Failed to fetch
=============================
====== JS ERROR CAUGHT ======
Unhandled Promise: TypeError: Failed to fetch
=============================
====== JS ERROR CAUGHT ======
Unhandled Promise: TypeError: Failed to fetch
=============================
====== JS ERROR CAUGHT ======
Unhandled Promise: TypeError: Failed to fetch
=============================
====== JS ERROR CAUGHT ======
Unhandled Promise: TypeError: Failed to fetch
=============================
====== JS ERROR CAUGHT ======
Unhandled Promise: TypeError: Failed to fetch
=============================
====== JS ERROR CAUGHT ======
Unhandled Promise: TypeError: Failed to fetch
=============================
====== JS ERROR CAUGHT ======
Unhandled Promise: TypeError: Failed to fetch
=============================
====== JS ERROR CAUGHT ======
Unhandled Promise: TypeError: Failed to fetch
=============================
====== JS ERROR CAUGHT ======
Unhandled Promise: TypeError: Failed to fetch
=============================
====== JS ERROR CAUGHT ======
Unhandled Promise: TypeError: Failed to fetch
=============================
====== JS ERROR CAUGHT ======
Unhandled Promise: TypeError: Failed to fetch
=============================
====== JS ERROR CAUGHT ======
Unhandled Promise: TypeError: Failed to fetch
=============================
====== JS ERROR CAUGHT ======
Unhandled Promise: TypeError: Failed to fetch
=============================
====== JS ERROR CAUGHT ======
Unhandled Promise: TypeError: Failed to fetch
=============================
====== JS ERROR CAUGHT ======
Unhandled Promise: TypeError: Failed to fetch
=============================
====== JS ERROR CAUGHT ======
Unhandled Promise: TypeError: Failed to fetch
=============================
====== JS ERROR CAUGHT ======
Unhandled Promise: TypeError: Failed to fetch
=============================
====== JS ERROR CAUGHT ======
Unhandled Promise: TypeError: Failed to fetch
=============================
====== JS ERROR CAUGHT ======
Unhandled Promise: TypeError: Failed to fetch
=============================
====== JS ERROR CAUGHT ======
Unhandled Promise: TypeError: Failed to fetch
=============================
====== JS ERROR CAUGHT ======
Unhandled Promise: TypeError: Failed to fetch
=============================
====== JS ERROR CAUGHT ======
Unhandled Promise: TypeError: Failed to fetch
=============================
====== JS ERROR CAUGHT ======
Unhandled Promise: TypeError: Failed to fetch
=============================
====== JS ERROR CAUGHT ======
Unhandled Promise: TypeError: Failed to fetch
=============================
====== JS ERROR CAUGHT ======
Unhandled Promise: TypeError: Failed to fetch
=============================
====== JS ERROR CAUGHT ======
Unhandled Promise: TypeError: Failed to fetch
=============================
====== JS ERROR CAUGHT ======
Unhandled Promise: TypeError: Failed to fetch
=============================
====== JS ERROR CAUGHT ======
Unhandled Promise: TypeError: Failed to fetch
=============================
====== JS ERROR CAUGHT ======
Unhandled Promise: TypeError: Failed to fetch
=============================
====== JS ERROR CAUGHT ======
Unhandled Promise: TypeError: Failed to fetch
=============================
====== JS ERROR CAUGHT ======
Unhandled Promise: TypeError: Failed to fetch
=============================
====== JS ERROR CAUGHT ======
Unhandled Promise: TypeError: Failed to fetch
=============================
====== JS ERROR CAUGHT ======
Unhandled Promise: TypeError: Failed to fetch
=============================
====== JS ERROR CAUGHT ======
Unhandled Promise: TypeError: Failed to fetch
=============================
====== JS ERROR CAUGHT ======
Unhandled Promise: TypeError: Failed to fetch
=============================
====== JS ERROR CAUGHT ======
Unhandled Promise: TypeError: Failed to fetch
=============================
====== JS ERROR CAUGHT ======
Unhandled Promise: TypeError: Failed to fetch
=============================
====== JS ERROR CAUGHT ======
Unhandled Promise: TypeError: Failed to fetch
=============================
====== JS ERROR CAUGHT ======
Unhandled Promise: TypeError: Failed to fetch
=============================
====== JS ERROR CAUGHT ======
Unhandled Promise: TypeError: Failed to fetch
=============================
====== JS ERROR CAUGHT ======
Unhandled Promise: TypeError: Failed to fetch
=============================
====== JS ERROR CAUGHT ======
Unhandled Promise: TypeError: Failed to fetch
=============================
====== JS ERROR CAUGHT ======
Unhandled Promise: TypeError: Failed to fetch
=============================
====== JS ERROR CAUGHT ======
Unhandled Promise: TypeError: Failed to fetch
=============================
====== JS ERROR CAUGHT ======
Unhandled Promise: TypeError: Failed to fetch
=============================
====== JS ERROR CAUGHT ======
Unhandled Promise: TypeError: Failed to fetch
=============================
====== JS ERROR CAUGHT ======
Unhandled Promise: TypeError: Failed to fetch
=============================
====== JS ERROR CAUGHT ======
Unhandled Promise: TypeError: Failed to fetch
=============================
====== JS ERROR CAUGHT ======
Unhandled Promise: TypeError: Failed to fetch
=============================
====== JS ERROR CAUGHT ======
Unhandled Promise: TypeError: Failed to fetch
=============================
====== JS ERROR CAUGHT ======
Unhandled Promise: TypeError: Failed to fetch
=============================
====== JS ERROR CAUGHT ======
Unhandled Promise: TypeError: Failed to fetch
=============================
====== JS ERROR CAUGHT ======
Unhandled Promise: TypeError: Failed to fetch
=============================
====== JS ERROR CAUGHT ======
Unhandled Promise: TypeError: Failed to fetch
=============================
====== JS ERROR CAUGHT ======
Unhandled Promise: TypeError: Failed to fetch
=============================
====== JS ERROR CAUGHT ======
Unhandled Promise: TypeError: Failed to fetch
=============================
====== JS ERROR CAUGHT ======
Unhandled Promise: TypeError: Failed to fetch
=============================
====== JS ERROR CAUGHT ======
Unhandled Promise: TypeError: Failed to fetch
=============================
====== JS ERROR CAUGHT ======
Unhandled Promise: TypeError: Failed to fetch
=============================
====== JS ERROR CAUGHT ======
Unhandled Promise: TypeError: Failed to fetch
=============================
====== JS ERROR CAUGHT ======
Unhandled Promise: TypeError: Failed to fetch
=============================
====== JS ERROR CAUGHT ======
Unhandled Promise: TypeError: Failed to fetch
=============================
====== JS ERROR CAUGHT ======
Unhandled Promise: TypeError: Failed to fetch
=============================
====== JS ERROR CAUGHT ======
Unhandled Promise: TypeError: Failed to fetch
=============================
====== JS ERROR CAUGHT ======
Unhandled Promise: TypeError: Failed to fetch
=============================
====== JS ERROR CAUGHT ======
Unhandled Promise: TypeError: Failed to fetch
=============================
====== JS ERROR CAUGHT ======
Unhandled Promise: TypeError: Failed to fetch
=============================
====== JS ERROR CAUGHT ======
Unhandled Promise: TypeError: Failed to fetch
=============================
====== JS ERROR CAUGHT ======
Unhandled Promise: TypeError: Failed to fetch
=============================
====== JS ERROR CAUGHT ======
Unhandled Promise: TypeError: Failed to fetch
=============================
====== JS ERROR CAUGHT ======
Unhandled Promise: TypeError: Failed to fetch
=============================
====== JS ERROR CAUGHT ======
Unhandled Promise: TypeError: Failed to fetch
=============================
====== JS ERROR CAUGHT ======
Unhandled Promise: TypeError: Failed to fetch
=============================
====== JS ERROR CAUGHT ======
Unhandled Promise: TypeError: Failed to fetch
=============================
====== JS ERROR CAUGHT ======
Unhandled Promise: TypeError: Failed to fetch
=============================
====== JS ERROR CAUGHT ======
Unhandled Promise: TypeError: Failed to fetch
=============================
====== JS ERROR CAUGHT ======
Unhandled Promise: TypeError: Failed to fetch
=============================
====== JS ERROR CAUGHT ======
Unhandled Promise: TypeError: Failed to fetch
=============================
====== JS ERROR CAUGHT ======
Unhandled Promise: TypeError: Failed to fetch
=============================
====== JS ERROR CAUGHT ======
Unhandled Promise: TypeError: Failed to fetch
=============================
====== JS ERROR CAUGHT ======
Unhandled Promise: TypeError: Failed to fetch
=============================
====== JS ERROR CAUGHT ======
Unhandled Promise: TypeError: Failed to fetch
=============================
====== JS ERROR CAUGHT ======
Unhandled Promise: TypeError: Failed to fetch
=============================
====== JS ERROR CAUGHT ======
Unhandled Promise: TypeError: Failed to fetch
=============================
====== JS ERROR CAUGHT ======
Unhandled Promise: TypeError: Failed to fetch
=============================
====== JS ERROR CAUGHT ======
Unhandled Promise: TypeError: Failed to fetch
=============================
====== JS ERROR CAUGHT ======
Unhandled Promise: TypeError: Failed to fetch
=============================
====== JS ERROR CAUGHT ======
Unhandled Promise: TypeError: Failed to fetch
=============================
====== JS ERROR CAUGHT ======
Unhandled Promise: TypeError: Failed to fetch
=============================
====== JS ERROR CAUGHT ======
Unhandled Promise: TypeError: Failed to fetch
=============================
====== JS ERROR CAUGHT ======
Unhandled Promise: TypeError: Failed to fetch
=============================
====== JS ERROR CAUGHT ======
Unhandled Promise: TypeError: Failed to fetch
=============================
====== JS ERROR CAUGHT ======
Unhandled Promise: TypeError: Failed to fetch
=============================
====== JS ERROR CAUGHT ======
Unhandled Promise: TypeError: Failed to fetch
=============================
====== JS ERROR CAUGHT ======
Unhandled Promise: TypeError: Failed to fetch
=============================
====== JS ERROR CAUGHT ======
Unhandled Promise: TypeError: Failed to fetch
=============================
====== JS ERROR CAUGHT ======
Unhandled Promise: TypeError: Failed to fetch
=============================
====== JS ERROR CAUGHT ======
Unhandled Promise: TypeError: Failed to fetch
=============================
====== JS ERROR CAUGHT ======
Unhandled Promise: TypeError: Failed to fetch
=============================
====== JS ERROR CAUGHT ======
Unhandled Promise: TypeError: Failed to fetch
=============================
====== JS ERROR CAUGHT ======
Unhandled Promise: TypeError: Failed to fetch
=============================
====== JS ERROR CAUGHT ======
Unhandled Promise: TypeError: Failed to fetch
=============================
====== JS ERROR CAUGHT ======
Unhandled Promise: TypeError: Failed to fetch
=============================
====== JS ERROR CAUGHT ======
Unhandled Promise: TypeError: Failed to fetch
=============================
====== JS ERROR CAUGHT ======
Unhandled Promise: TypeError: Failed to fetch
=============================
====== JS ERROR CAUGHT ======
Unhandled Promise: TypeError: Failed to fetch
=============================
====== JS ERROR CAUGHT ======
Unhandled Promise: TypeError: Failed to fetch
=============================
====== JS ERROR CAUGHT ======
Unhandled Promise: TypeError: Failed to fetch
=============================
====== JS ERROR CAUGHT ======
Unhandled Promise: TypeError: Failed to fetch
=============================
====== JS ERROR CAUGHT ======
Unhandled Promise: TypeError: Failed to fetch
=============================
====== JS ERROR CAUGHT ======
Unhandled Promise: TypeError: Failed to fetch
=============================
====== JS ERROR CAUGHT ======
Unhandled Promise: TypeError: Failed to fetch
=============================
====== JS ERROR CAUGHT ======
Unhandled Promise: TypeError: Failed to fetch
=============================
====== JS ERROR CAUGHT ======
Unhandled Promise: TypeError: Failed to fetch
=============================
====== JS ERROR CAUGHT ======
Unhandled Promise: TypeError: Failed to fetch
=============================
====== JS ERROR CAUGHT ======
Unhandled Promise: TypeError: Failed to fetch
=============================
====== JS ERROR CAUGHT ======
Unhandled Promise: TypeError: Failed to fetch
=============================
====== JS ERROR CAUGHT ======
Unhandled Promise: TypeError: Failed to fetch
=============================
====== JS ERROR CAUGHT ======
Unhandled Promise: TypeError: Failed to fetch
=============================
====== JS ERROR CAUGHT ======
Unhandled Promise: TypeError: Failed to fetch
=============================
====== JS ERROR CAUGHT ======
Unhandled Promise: TypeError: Failed to fetch
=============================
====== JS ERROR CAUGHT ======
Unhandled Promise: TypeError: Failed to fetch
=============================
====== JS ERROR CAUGHT ======
Unhandled Promise: TypeError: Failed to fetch
=============================
====== JS ERROR CAUGHT ======
Unhandled Promise: TypeError: Failed to fetch
=============================
====== JS ERROR CAUGHT ======
Unhandled Promise: TypeError: Failed to fetch
=============================
====== JS ERROR CAUGHT ======
Unhandled Promise: TypeError: Failed to fetch
=============================
====== JS ERROR CAUGHT ======
Unhandled Promise: TypeError: Failed to fetch
=============================
====== JS ERROR CAUGHT ======
Unhandled Promise: TypeError: Failed to fetch
=============================
====== JS ERROR CAUGHT ======
Unhandled Promise: TypeError: Failed to fetch
=============================
====== JS ERROR CAUGHT ======
Unhandled Promise: TypeError: Failed to fetch
=============================
====== JS ERROR CAUGHT ======
Unhandled Promise: TypeError: Failed to fetch
=============================
====== JS ERROR CAUGHT ======
Unhandled Promise: TypeError: Failed to fetch
=============================
====== JS ERROR CAUGHT ======
Unhandled Promise: TypeError: Failed to fetch
=============================
====== JS ERROR CAUGHT ======
Unhandled Promise: TypeError: Failed to fetch
=============================
====== JS ERROR CAUGHT ======
Unhandled Promise: TypeError: Failed to fetch
=============================
====== JS ERROR CAUGHT ======
Unhandled Promise: TypeError: Failed to fetch
=============================
====== JS ERROR CAUGHT ======
Unhandled Promise: TypeError: Failed to fetch
=============================
====== JS ERROR CAUGHT ======
Unhandled Promise: TypeError: Failed to fetch
=============================
====== JS ERROR CAUGHT ======
Unhandled Promise: TypeError: Failed to fetch
=============================
====== JS ERROR CAUGHT ======
Unhandled Promise: TypeError: Failed to fetch
=============================
====== JS ERROR CAUGHT ======
Unhandled Promise: TypeError: Failed to fetch
=============================
====== JS ERROR CAUGHT ======
Unhandled Promise: TypeError: Failed to fetch
=============================
====== JS ERROR CAUGHT ======
Unhandled Promise: TypeError: Failed to fetch
=============================
====== JS ERROR CAUGHT ======
Unhandled Promise: TypeError: Failed to fetch
=============================
====== JS ERROR CAUGHT ======
Unhandled Promise: TypeError: Failed to fetch
=============================
====== JS ERROR CAUGHT ======
Unhandled Promise: TypeError: Failed to fetch
=============================
====== JS ERROR CAUGHT ======
Unhandled Promise: TypeError: Failed to fetch
=============================
====== JS ERROR CAUGHT ======
Unhandled Promise: TypeError: Failed to fetch
=============================
====== JS ERROR CAUGHT ======
Unhandled Promise: TypeError: Failed to fetch
=============================
====== JS ERROR CAUGHT ======
Unhandled Promise: TypeError: Failed to fetch
=============================
====== JS ERROR CAUGHT ======
Unhandled Promise: TypeError: Failed to fetch
=============================
====== JS ERROR CAUGHT ======
Unhandled Promise: TypeError: Failed to fetch
=============================
====== JS ERROR CAUGHT ======
Unhandled Promise: TypeError: Failed to fetch
=============================
====== JS ERROR CAUGHT ======
Unhandled Promise: TypeError: Failed to fetch
=============================
====== JS ERROR CAUGHT ======
Unhandled Promise: TypeError: Failed to fetch
=============================
====== JS ERROR CAUGHT ======
Unhandled Promise: TypeError: Failed to fetch
=============================
====== JS ERROR CAUGHT ======
Unhandled Promise: TypeError: Failed to fetch
=============================
====== JS ERROR CAUGHT ======
Unhandled Promise: TypeError: Failed to fetch
=============================
====== JS ERROR CAUGHT ======
Unhandled Promise: TypeError: Failed to fetch
=============================
====== JS ERROR CAUGHT ======
Unhandled Promise: TypeError: Failed to fetch
=============================
====== JS ERROR CAUGHT ======
Unhandled Promise: TypeError: Failed to fetch
=============================
====== JS ERROR CAUGHT ======
Unhandled Promise: TypeError: Failed to fetch
=============================
====== JS ERROR CAUGHT ======
Unhandled Promise: TypeError: Failed to fetch
=============================
====== JS ERROR CAUGHT ======
Unhandled Promise: TypeError: Failed to fetch
=============================
====== JS ERROR CAUGHT ======
Unhandled Promise: TypeError: Failed to fetch
=============================
====== JS ERROR CAUGHT ======
Unhandled Promise: TypeError: Failed to fetch
=============================
====== JS ERROR CAUGHT ======
Unhandled Promise: TypeError: Failed to fetch
=============================
====== JS ERROR CAUGHT ======
Unhandled Promise: TypeError: Failed to fetch
=============================
====== JS ERROR CAUGHT ======
Unhandled Promise: TypeError: Failed to fetch
=============================
====== JS ERROR CAUGHT ======
Unhandled Promise: TypeError: Failed to fetch
=============================
====== JS ERROR CAUGHT ======
Unhandled Promise: TypeError: Failed to fetch
=============================
====== JS ERROR CAUGHT ======
Unhandled Promise: TypeError: Failed to fetch
=============================
====== JS ERROR CAUGHT ======
Unhandled Promise: TypeError: Failed to fetch
=============================
====== JS ERROR CAUGHT ======
Unhandled Promise: TypeError: Failed to fetch
=============================
====== JS ERROR CAUGHT ======
Unhandled Promise: TypeError: Failed to fetch
=============================
====== JS ERROR CAUGHT ======
Unhandled Promise: TypeError: Failed to fetch
=============================
====== JS ERROR CAUGHT ======
Unhandled Promise: TypeError: Failed to fetch
=============================
====== JS ERROR CAUGHT ======
Unhandled Promise: TypeError: Failed to fetch
=============================
====== JS ERROR CAUGHT ======
Unhandled Promise: TypeError: Failed to fetch
=============================
====== JS ERROR CAUGHT ======
Unhandled Promise: TypeError: Failed to fetch
=============================
====== JS ERROR CAUGHT ======
Unhandled Promise: TypeError: Failed to fetch
=============================
====== JS ERROR CAUGHT ======
Unhandled Promise: TypeError: Failed to fetch
=============================
====== JS ERROR CAUGHT ======
Unhandled Promise: TypeError: Failed to fetch
=============================
====== JS ERROR CAUGHT ======
Unhandled Promise: TypeError: Failed to fetch
=============================
====== JS ERROR CAUGHT ======
Unhandled Promise: TypeError: Failed to fetch
=============================
====== JS ERROR CAUGHT ======
Unhandled Promise: TypeError: Failed to fetch
=============================
====== JS ERROR CAUGHT ======
Unhandled Promise: TypeError: Failed to fetch
=============================
====== JS ERROR CAUGHT ======
Unhandled Promise: TypeError: Failed to fetch
=============================
====== JS ERROR CAUGHT ======
Unhandled Promise: TypeError: Failed to fetch
=============================
====== JS ERROR CAUGHT ======
Unhandled Promise: TypeError: Failed to fetch
=============================
====== JS ERROR CAUGHT ======
Unhandled Promise: TypeError: Failed to fetch
=============================
====== JS ERROR CAUGHT ======
Unhandled Promise: TypeError: Failed to fetch
=============================
====== JS ERROR CAUGHT ======
Unhandled Promise: TypeError: Failed to fetch
=============================
====== JS ERROR CAUGHT ======
Unhandled Promise: TypeError: Failed to fetch
=============================
====== JS ERROR CAUGHT ======
Unhandled Promise: TypeError: Failed to fetch
=============================
====== JS ERROR CAUGHT ======
Unhandled Promise: TypeError: Failed to fetch
=============================
====== JS ERROR CAUGHT ======
Unhandled Promise: TypeError: Failed to fetch
=============================
====== JS ERROR CAUGHT ======
Unhandled Promise: TypeError: Failed to fetch
=============================
====== JS ERROR CAUGHT ======
Unhandled Promise: TypeError: Failed to fetch
=============================
====== JS ERROR CAUGHT ======
Unhandled Promise: TypeError: Failed to fetch
=============================
====== JS ERROR CAUGHT ======
Unhandled Promise: TypeError: Failed to fetch
=============================
====== JS ERROR CAUGHT ======
Unhandled Promise: TypeError: Failed to fetch
=============================
====== JS ERROR CAUGHT ======
Unhandled Promise: TypeError: Failed to fetch
=============================
====== JS ERROR CAUGHT ======
Unhandled Promise: TypeError: Failed to fetch
=============================
====== JS ERROR CAUGHT ======
Unhandled Promise: TypeError: Failed to fetch
=============================
====== JS ERROR CAUGHT ======
Unhandled Promise: TypeError: Failed to fetch
=============================
====== JS ERROR CAUGHT ======
Unhandled Promise: TypeError: Failed to fetch
=============================
====== JS ERROR CAUGHT ======
Unhandled Promise: TypeError: Failed to fetch
=============================
====== JS ERROR CAUGHT ======
Unhandled Promise: TypeError: Failed to fetch
=============================
====== JS ERROR CAUGHT ======
Unhandled Promise: TypeError: Failed to fetch
=============================
====== JS ERROR CAUGHT ======
Unhandled Promise: TypeError: Failed to fetch
=============================
====== JS ERROR CAUGHT ======
Unhandled Promise: TypeError: Failed to fetch
=============================
====== JS ERROR CAUGHT ======
Unhandled Promise: TypeError: Failed to fetch
=============================
====== JS ERROR CAUGHT ======
Unhandled Promise: TypeError: Failed to fetch
=============================
====== JS ERROR CAUGHT ======
Unhandled Promise: TypeError: Failed to fetch
=============================
====== JS ERROR CAUGHT ======
Unhandled Promise: TypeError: Failed to fetch
=============================
====== JS ERROR CAUGHT ======
Unhandled Promise: TypeError: Failed to fetch
=============================
====== JS ERROR CAUGHT ======
Unhandled Promise: TypeError: Failed to fetch
=============================
====== JS ERROR CAUGHT ======
Unhandled Promise: TypeError: Failed to fetch
=============================
====== JS ERROR CAUGHT ======
Unhandled Promise: TypeError: Failed to fetch
=============================
====== JS ERROR CAUGHT ======
Unhandled Promise: TypeError: Failed to fetch
=============================
====== JS ERROR CAUGHT ======
Unhandled Promise: TypeError: Failed to fetch
=============================
====== JS ERROR CAUGHT ======
Unhandled Promise: TypeError: Failed to fetch
=============================
====== JS ERROR CAUGHT ======
Unhandled Promise: TypeError: Failed to fetch
=============================
====== JS ERROR CAUGHT ======
Unhandled Promise: TypeError: Failed to fetch
=============================
====== JS ERROR CAUGHT ======
Unhandled Promise: TypeError: Failed to fetch
=============================
====== JS ERROR CAUGHT ======
Unhandled Promise: TypeError: Failed to fetch
=============================
====== JS ERROR CAUGHT ======
Unhandled Promise: TypeError: Failed to fetch
=============================
====== JS ERROR CAUGHT ======
Unhandled Promise: TypeError: Failed to fetch
=============================
====== JS ERROR CAUGHT ======
Unhandled Promise: TypeError: Failed to fetch
=============================
====== JS ERROR CAUGHT ======
Unhandled Promise: TypeError: Failed to fetch
=============================
====== JS ERROR CAUGHT ======
Unhandled Promise: TypeError: Failed to fetch
=============================
====== JS ERROR CAUGHT ======
Unhandled Promise: TypeError: Failed to fetch
=============================
====== JS ERROR CAUGHT ======
Unhandled Promise: TypeError: Failed to fetch
=============================
====== JS ERROR CAUGHT ======
Unhandled Promise: TypeError: Failed to fetch
=============================
====== JS ERROR CAUGHT ======
Unhandled Promise: TypeError: Failed to fetch
=============================
====== JS ERROR CAUGHT ======
Unhandled Promise: TypeError: Failed to fetch
=============================
====== JS ERROR CAUGHT ======
Unhandled Promise: TypeError: Failed to fetch
=============================
====== JS ERROR CAUGHT ======
Unhandled Promise: TypeError: Failed to fetch
=============================
====== JS ERROR CAUGHT ======
Unhandled Promise: TypeError: Failed to fetch
=============================
====== JS ERROR CAUGHT ======
Unhandled Promise: TypeError: Failed to fetch
=============================
====== JS ERROR CAUGHT ======
Unhandled Promise: TypeError: Failed to fetch
=============================
====== JS ERROR CAUGHT ======
Unhandled Promise: TypeError: Failed to fetch
=============================
====== JS ERROR CAUGHT ======
Unhandled Promise: TypeError: Failed to fetch
=============================
====== JS ERROR CAUGHT ======
Unhandled Promise: TypeError: Failed to fetch
=============================
====== JS ERROR CAUGHT ======
Unhandled Promise: TypeError: Failed to fetch
=============================
====== JS ERROR CAUGHT ======
Unhandled Promise: TypeError: Failed to fetch
=============================
====== JS ERROR CAUGHT ======
Unhandled Promise: TypeError: Failed to fetch
=============================
====== JS ERROR CAUGHT ======
Unhandled Promise: TypeError: Failed to fetch
=============================
====== JS ERROR CAUGHT ======
Unhandled Promise: TypeError: Failed to fetch
=============================
====== JS ERROR CAUGHT ======
Unhandled Promise: TypeError: Failed to fetch
=============================
====== JS ERROR CAUGHT ======
Unhandled Promise: TypeError: Failed to fetch
=============================
====== JS ERROR CAUGHT ======
Unhandled Promise: TypeError: Failed to fetch
=============================
====== JS ERROR CAUGHT ======
Unhandled Promise: TypeError: Failed to fetch
=============================
====== JS ERROR CAUGHT ======
Unhandled Promise: TypeError: Failed to fetch
=============================
====== JS ERROR CAUGHT ======
Unhandled Promise: TypeError: Failed to fetch
=============================
====== JS ERROR CAUGHT ======
Unhandled Promise: TypeError: Failed to fetch
=============================
====== JS ERROR CAUGHT ======
Unhandled Promise: TypeError: Failed to fetch
=============================
====== JS ERROR CAUGHT ======
Unhandled Promise: TypeError: Failed to fetch
=============================
====== JS ERROR CAUGHT ======
Unhandled Promise: TypeError: Failed to fetch
=============================
====== JS ERROR CAUGHT ======
Unhandled Promise: TypeError: Failed to fetch
=============================
====== JS ERROR CAUGHT ======
Unhandled Promise: TypeError: Failed to fetch
=============================
====== JS ERROR CAUGHT ======
Unhandled Promise: TypeError: Failed to fetch
=============================
====== JS ERROR CAUGHT ======
Unhandled Promise: TypeError: Failed to fetch
=============================
====== JS ERROR CAUGHT ======
Unhandled Promise: TypeError: Failed to fetch
=============================
====== JS ERROR CAUGHT ======
Unhandled Promise: TypeError: Failed to fetch
=============================
====== JS ERROR CAUGHT ======
Unhandled Promise: TypeError: Failed to fetch
=============================
====== JS ERROR CAUGHT ======
Unhandled Promise: TypeError: Failed to fetch
=============================
====== JS ERROR CAUGHT ======
Unhandled Promise: TypeError: Failed to fetch
=============================
====== JS ERROR CAUGHT ======
Unhandled Promise: TypeError: Failed to fetch
=============================
====== JS ERROR CAUGHT ======
Unhandled Promise: TypeError: Failed to fetch
=============================
====== JS ERROR CAUGHT ======
Unhandled Promise: TypeError: Failed to fetch
=============================
====== JS ERROR CAUGHT ======
Unhandled Promise: TypeError: Failed to fetch
=============================
====== JS ERROR CAUGHT ======
Unhandled Promise: TypeError: Failed to fetch
=============================
====== JS ERROR CAUGHT ======
Unhandled Promise: TypeError: Failed to fetch
=============================
====== JS ERROR CAUGHT ======
Unhandled Promise: TypeError: Failed to fetch
=============================
====== JS ERROR CAUGHT ======
Unhandled Promise: TypeError: Failed to fetch
=============================
====== JS ERROR CAUGHT ======
Unhandled Promise: TypeError: Failed to fetch
=============================
====== JS ERROR CAUGHT ======
Unhandled Promise: TypeError: Failed to fetch
=============================
====== JS ERROR CAUGHT ======
Unhandled Promise: TypeError: Failed to fetch
=============================
====== JS ERROR CAUGHT ======
Unhandled Promise: TypeError: Failed to fetch
=============================
====== JS ERROR CAUGHT ======
Unhandled Promise: TypeError: Failed to fetch
=============================
====== JS ERROR CAUGHT ======
Unhandled Promise: TypeError: Failed to fetch
=============================
====== JS ERROR CAUGHT ======
Unhandled Promise: TypeError: Failed to fetch
=============================
====== JS ERROR CAUGHT ======
Unhandled Promise: TypeError: Failed to fetch
=============================
====== JS ERROR CAUGHT ======
Unhandled Promise: TypeError: Failed to fetch
=============================
====== JS ERROR CAUGHT ======
Unhandled Promise: TypeError: Failed to fetch
=============================
====== JS ERROR CAUGHT ======
Unhandled Promise: TypeError: Failed to fetch
=============================
====== JS ERROR CAUGHT ======
Unhandled Promise: TypeError: Failed to fetch
=============================
====== JS ERROR CAUGHT ======
Unhandled Promise: TypeError: Failed to fetch
=============================
====== JS ERROR CAUGHT ======
Unhandled Promise: TypeError: Failed to fetch
=============================
====== JS ERROR CAUGHT ======
Unhandled Promise: TypeError: Failed to fetch
=============================
====== JS ERROR CAUGHT ======
Unhandled Promise: TypeError: Failed to fetch
=============================
====== JS ERROR CAUGHT ======
Unhandled Promise: TypeError: Failed to fetch
=============================
====== JS ERROR CAUGHT ======
Unhandled Promise: TypeError: Failed to fetch
=============================
====== JS ERROR CAUGHT ======
Unhandled Promise: TypeError: Failed to fetch
=============================
====== JS ERROR CAUGHT ======
Unhandled Promise: TypeError: Failed to fetch
=============================
====== JS ERROR CAUGHT ======
Unhandled Promise: TypeError: Failed to fetch
=============================
====== JS ERROR CAUGHT ======
Unhandled Promise: TypeError: Failed to fetch
=============================
====== JS ERROR CAUGHT ======
Unhandled Promise: TypeError: Failed to fetch
=============================
====== JS ERROR CAUGHT ======
Unhandled Promise: TypeError: Failed to fetch
=============================
====== JS ERROR CAUGHT ======
Unhandled Promise: TypeError: Failed to fetch
=============================
====== JS ERROR CAUGHT ======
Unhandled Promise: TypeError: Failed to fetch
=============================
====== JS ERROR CAUGHT ======
Unhandled Promise: TypeError: Failed to fetch
=============================
====== JS ERROR CAUGHT ======
Unhandled Promise: TypeError: Failed to fetch
=============================
====== JS ERROR CAUGHT ======
Unhandled Promise: TypeError: Failed to fetch
=============================
====== JS ERROR CAUGHT ======
Unhandled Promise: TypeError: Failed to fetch
=============================
====== JS ERROR CAUGHT ======
Unhandled Promise: TypeError: Failed to fetch
=============================
====== JS ERROR CAUGHT ======
Unhandled Promise: TypeError: Failed to fetch
=============================
====== JS ERROR CAUGHT ======
Unhandled Promise: TypeError: Failed to fetch
=============================
====== JS ERROR CAUGHT ======
Unhandled Promise: TypeError: Failed to fetch
=============================
====== JS ERROR CAUGHT ======
Unhandled Promise: TypeError: Failed to fetch
=============================
====== JS ERROR CAUGHT ======
Unhandled Promise: TypeError: Failed to fetch
=============================
====== JS ERROR CAUGHT ======
Unhandled Promise: TypeError: Failed to fetch
=============================
====== JS ERROR CAUGHT ======
Unhandled Promise: TypeError: Failed to fetch
=============================
====== JS ERROR CAUGHT ======
Unhandled Promise: TypeError: Failed to fetch
=============================
====== JS ERROR CAUGHT ======
Unhandled Promise: TypeError: Failed to fetch
=============================
====== JS ERROR CAUGHT ======
Unhandled Promise: TypeError: Failed to fetch
=============================
====== JS ERROR CAUGHT ======
Unhandled Promise: TypeError: Failed to fetch
=============================
====== JS ERROR CAUGHT ======
Unhandled Promise: TypeError: Failed to fetch
=============================
====== JS ERROR CAUGHT ======
Unhandled Promise: TypeError: Failed to fetch
=============================
====== JS ERROR CAUGHT ======
Unhandled Promise: TypeError: Failed to fetch
=============================
====== JS ERROR CAUGHT ======
Unhandled Promise: TypeError: Failed to fetch
=============================
====== JS ERROR CAUGHT ======
Unhandled Promise: TypeError: Failed to fetch
=============================
====== JS ERROR CAUGHT ======
Unhandled Promise: TypeError: Failed to fetch
=============================
====== JS ERROR CAUGHT ======
Unhandled Promise: TypeError: Failed to fetch
=============================
====== JS ERROR CAUGHT ======
Unhandled Promise: TypeError: Failed to fetch
=============================
====== JS ERROR CAUGHT ======
Unhandled Promise: TypeError: Failed to fetch
=============================
====== JS ERROR CAUGHT ======
Unhandled Promise: TypeError: Failed to fetch
=============================
====== JS ERROR CAUGHT ======
Unhandled Promise: TypeError: Failed to fetch
=============================
====== JS ERROR CAUGHT ======
Unhandled Promise: TypeError: Failed to fetch
=============================
====== JS ERROR CAUGHT ======
Unhandled Promise: TypeError: Failed to fetch
=============================
====== JS ERROR CAUGHT ======
Unhandled Promise: TypeError: Failed to fetch
=============================
====== JS ERROR CAUGHT ======
Unhandled Promise: TypeError: Failed to fetch
=============================
====== JS ERROR CAUGHT ======
Unhandled Promise: TypeError: Failed to fetch
=============================
====== JS ERROR CAUGHT ======
Unhandled Promise: TypeError: Failed to fetch
=============================
====== JS ERROR CAUGHT ======
Unhandled Promise: TypeError: Failed to fetch
=============================
====== JS ERROR CAUGHT ======
Unhandled Promise: TypeError: Failed to fetch
=============================
====== JS ERROR CAUGHT ======
Unhandled Promise: TypeError: Failed to fetch
=============================
====== JS ERROR CAUGHT ======
Unhandled Promise: TypeError: Failed to fetch
=============================
====== JS ERROR CAUGHT ======
Unhandled Promise: TypeError: Failed to fetch
=============================
====== JS ERROR CAUGHT ======
Unhandled Promise: TypeError: Failed to fetch
=============================
====== JS ERROR CAUGHT ======
Unhandled Promise: TypeError: Failed to fetch
=============================
====== JS ERROR CAUGHT ======
Unhandled Promise: TypeError: Failed to fetch
=============================
====== JS ERROR CAUGHT ======
Unhandled Promise: TypeError: Failed to fetch
=============================
====== JS ERROR CAUGHT ======
Unhandled Promise: TypeError: Failed to fetch
=============================
====== JS ERROR CAUGHT ======
Unhandled Promise: TypeError: Failed to fetch
=============================
====== JS ERROR CAUGHT ======
Unhandled Promise: TypeError: Failed to fetch
=============================
====== JS ERROR CAUGHT ======
Unhandled Promise: TypeError: Failed to fetch
=============================
====== JS ERROR CAUGHT ======
Unhandled Promise: TypeError: Failed to fetch
=============================
====== JS ERROR CAUGHT ======
Unhandled Promise: TypeError: Failed to fetch
=============================
====== JS ERROR CAUGHT ======
Unhandled Promise: TypeError: Failed to fetch
=============================
====== JS ERROR CAUGHT ======
Unhandled Promise: TypeError: Failed to fetch
=============================
====== JS ERROR CAUGHT ======
Unhandled Promise: TypeError: Failed to fetch
=============================
====== JS ERROR CAUGHT ======
Unhandled Promise: TypeError: Failed to fetch
=============================
====== JS ERROR CAUGHT ======
Unhandled Promise: TypeError: Failed to fetch
=============================
====== JS ERROR CAUGHT ======
Unhandled Promise: TypeError: Failed to fetch
=============================
====== JS ERROR CAUGHT ======
Unhandled Promise: TypeError: Failed to fetch
=============================
====== JS ERROR CAUGHT ======
Unhandled Promise: TypeError: Failed to fetch
=============================
====== JS ERROR CAUGHT ======
Unhandled Promise: TypeError: Failed to fetch
=============================
====== JS ERROR CAUGHT ======
Unhandled Promise: TypeError: Failed to fetch
=============================
====== JS ERROR CAUGHT ======
Unhandled Promise: TypeError: Failed to fetch
=============================
====== JS ERROR CAUGHT ======
Unhandled Promise: TypeError: Failed to fetch
=============================
====== JS ERROR CAUGHT ======
Unhandled Promise: TypeError: Failed to fetch
=============================
====== JS ERROR CAUGHT ======
Unhandled Promise: TypeError: Failed to fetch
=============================
====== JS ERROR CAUGHT ======
Unhandled Promise: TypeError: Failed to fetch
=============================
====== JS ERROR CAUGHT ======
Unhandled Promise: TypeError: Failed to fetch
=============================
====== JS ERROR CAUGHT ======
Unhandled Promise: TypeError: Failed to fetch
=============================
====== JS ERROR CAUGHT ======
Unhandled Promise: TypeError: Failed to fetch
=============================
====== JS ERROR CAUGHT ======
Unhandled Promise: TypeError: Failed to fetch
=============================
====== JS ERROR CAUGHT ======
Unhandled Promise: TypeError: Failed to fetch
=============================
====== JS ERROR CAUGHT ======
Unhandled Promise: TypeError: Failed to fetch
=============================
====== JS ERROR CAUGHT ======
Unhandled Promise: TypeError: Failed to fetch
=============================
====== JS ERROR CAUGHT ======
Unhandled Promise: TypeError: Failed to fetch
=============================
====== JS ERROR CAUGHT ======
Unhandled Promise: TypeError: Failed to fetch
=============================
====== JS ERROR CAUGHT ======
Unhandled Promise: TypeError: Failed to fetch
=============================
====== JS ERROR CAUGHT ======
Unhandled Promise: TypeError: Failed to fetch
=============================
====== JS ERROR CAUGHT ======
Unhandled Promise: TypeError: Failed to fetch
=============================
====== JS ERROR CAUGHT ======
Unhandled Promise: TypeError: Failed to fetch
=============================
====== JS ERROR CAUGHT ======
Unhandled Promise: TypeError: Failed to fetch
=============================
====== JS ERROR CAUGHT ======
Unhandled Promise: TypeError: Failed to fetch
=============================
====== JS ERROR CAUGHT ======
Unhandled Promise: TypeError: Failed to fetch
=============================
====== JS ERROR CAUGHT ======
Unhandled Promise: TypeError: Failed to fetch
=============================
====== JS ERROR CAUGHT ======
Unhandled Promise: TypeError: Failed to fetch
=============================
====== JS ERROR CAUGHT ======
Unhandled Promise: TypeError: Failed to fetch
=============================
====== JS ERROR CAUGHT ======
Unhandled Promise: TypeError: Failed to fetch
=============================
====== JS ERROR CAUGHT ======
Unhandled Promise: TypeError: Failed to fetch
=============================
====== JS ERROR CAUGHT ======
Unhandled Promise: TypeError: Failed to fetch
=============================
====== JS ERROR CAUGHT ======
Unhandled Promise: TypeError: Failed to fetch
=============================
====== JS ERROR CAUGHT ======
Unhandled Promise: TypeError: Failed to fetch
=============================
====== JS ERROR CAUGHT ======
Unhandled Promise: TypeError: Failed to fetch
=============================
====== JS ERROR CAUGHT ======
Unhandled Promise: TypeError: Failed to fetch
=============================
====== JS ERROR CAUGHT ======
Unhandled Promise: TypeError: Failed to fetch
=============================
====== JS ERROR CAUGHT ======
Unhandled Promise: TypeError: Failed to fetch
=============================
====== JS ERROR CAUGHT ======
Unhandled Promise: TypeError: Failed to fetch
=============================
====== JS ERROR CAUGHT ======
Unhandled Promise: TypeError: Failed to fetch
=============================
====== JS ERROR CAUGHT ======
Unhandled Promise: TypeError: Failed to fetch
=============================
====== JS ERROR CAUGHT ======
Unhandled Promise: TypeError: Failed to fetch
=============================
====== JS ERROR CAUGHT ======
Unhandled Promise: TypeError: Failed to fetch
=============================
====== JS ERROR CAUGHT ======
Unhandled Promise: TypeError: Failed to fetch
=============================
====== JS ERROR CAUGHT ======
Unhandled Promise: TypeError: Failed to fetch
=============================
====== JS ERROR CAUGHT ======
Unhandled Promise: TypeError: Failed to fetch
=============================
====== JS ERROR CAUGHT ======
Unhandled Promise: TypeError: Failed to fetch
=============================
====== JS ERROR CAUGHT ======
Unhandled Promise: TypeError: Failed to fetch
=============================
====== JS ERROR CAUGHT ======
Unhandled Promise: TypeError: Failed to fetch
=============================
====== JS ERROR CAUGHT ======
Unhandled Promise: TypeError: Failed to fetch
=============================
====== JS ERROR CAUGHT ======
Unhandled Promise: TypeError: Failed to fetch
=============================
====== JS ERROR CAUGHT ======
Unhandled Promise: TypeError: Failed to fetch
=============================
====== JS ERROR CAUGHT ======
Unhandled Promise: TypeError: Failed to fetch
=============================
====== JS ERROR CAUGHT ======
Unhandled Promise: TypeError: Failed to fetch
=============================
====== JS ERROR CAUGHT ======
Unhandled Promise: TypeError: Failed to fetch
=============================
====== JS ERROR CAUGHT ======
Unhandled Promise: TypeError: Failed to fetch
=============================
====== JS ERROR CAUGHT ======
Unhandled Promise: TypeError: Failed to fetch
=============================
====== JS ERROR CAUGHT ======
Unhandled Promise: TypeError: Failed to fetch
=============================
====== JS ERROR CAUGHT ======
Unhandled Promise: TypeError: Failed to fetch
=============================
====== JS ERROR CAUGHT ======
Unhandled Promise: TypeError: Failed to fetch
=============================
====== JS ERROR CAUGHT ======
Unhandled Promise: TypeError: Failed to fetch
=============================
====== JS ERROR CAUGHT ======
Unhandled Promise: TypeError: Failed to fetch
=============================
====== JS ERROR CAUGHT ======
Unhandled Promise: TypeError: Failed to fetch
=============================
====== JS ERROR CAUGHT ======
Unhandled Promise: TypeError: Failed to fetch
=============================
====== JS ERROR CAUGHT ======
Unhandled Promise: TypeError: Failed to fetch
=============================
====== JS ERROR CAUGHT ======
Unhandled Promise: TypeError: Failed to fetch
=============================
====== JS ERROR CAUGHT ======
Unhandled Promise: TypeError: Failed to fetch
=============================
====== JS ERROR CAUGHT ======
Unhandled Promise: TypeError: Failed to fetch
=============================
====== JS ERROR CAUGHT ======
Unhandled Promise: TypeError: Failed to fetch
=============================
====== JS ERROR CAUGHT ======
Unhandled Promise: TypeError: Failed to fetch
=============================
====== JS ERROR CAUGHT ======
Unhandled Promise: TypeError: Failed to fetch
=============================
====== JS ERROR CAUGHT ======
Unhandled Promise: TypeError: Failed to fetch
=============================
====== JS ERROR CAUGHT ======
Unhandled Promise: TypeError: Failed to fetch
=============================
====== JS ERROR CAUGHT ======
Unhandled Promise: TypeError: Failed to fetch
=============================
====== JS ERROR CAUGHT ======
Unhandled Promise: TypeError: Failed to fetch
=============================
====== JS ERROR CAUGHT ======
Unhandled Promise: TypeError: Failed to fetch
=============================
====== JS ERROR CAUGHT ======
Unhandled Promise: TypeError: Failed to fetch
=============================
====== JS ERROR CAUGHT ======
Unhandled Promise: TypeError: Failed to fetch
=============================
====== JS ERROR CAUGHT ======
Unhandled Promise: TypeError: Failed to fetch
=============================
====== JS ERROR CAUGHT ======
Unhandled Promise: TypeError: Failed to fetch
=============================
====== JS ERROR CAUGHT ======
Unhandled Promise: TypeError: Failed to fetch
=============================
====== JS ERROR CAUGHT ======
Unhandled Promise: TypeError: Failed to fetch
=============================
====== JS ERROR CAUGHT ======
Unhandled Promise: TypeError: Failed to fetch
=============================
====== JS ERROR CAUGHT ======
Unhandled Promise: TypeError: Failed to fetch
=============================
====== JS ERROR CAUGHT ======
Unhandled Promise: TypeError: Failed to fetch
=============================
====== JS ERROR CAUGHT ======
Unhandled Promise: TypeError: Failed to fetch
=============================
====== JS ERROR CAUGHT ======
Unhandled Promise: TypeError: Failed to fetch
=============================
====== JS ERROR CAUGHT ======
Unhandled Promise: TypeError: Failed to fetch
=============================
====== JS ERROR CAUGHT ======
Unhandled Promise: TypeError: Failed to fetch
=============================
====== JS ERROR CAUGHT ======
Unhandled Promise: TypeError: Failed to fetch
=============================
====== JS ERROR CAUGHT ======
Unhandled Promise: TypeError: Failed to fetch
=============================
====== JS ERROR CAUGHT ======
Unhandled Promise: TypeError: Failed to fetch
=============================
====== JS ERROR CAUGHT ======
Unhandled Promise: TypeError: Failed to fetch
=============================
====== JS ERROR CAUGHT ======
Unhandled Promise: TypeError: Failed to fetch
=============================
====== JS ERROR CAUGHT ======
Unhandled Promise: TypeError: Failed to fetch
=============================
====== JS ERROR CAUGHT ======
Unhandled Promise: TypeError: Failed to fetch
=============================
====== JS ERROR CAUGHT ======
Unhandled Promise: TypeError: Failed to fetch
=============================
====== JS ERROR CAUGHT ======
Unhandled Promise: TypeError: Failed to fetch
=============================
====== JS ERROR CAUGHT ======
Unhandled Promise: TypeError: Failed to fetch
=============================
====== JS ERROR CAUGHT ======
Unhandled Promise: TypeError: Failed to fetch
=============================
====== JS ERROR CAUGHT ======
Unhandled Promise: TypeError: Failed to fetch
=============================
====== JS ERROR CAUGHT ======
Unhandled Promise: TypeError: Failed to fetch
=============================
====== JS ERROR CAUGHT ======
Unhandled Promise: TypeError: Failed to fetch
=============================
====== JS ERROR CAUGHT ======
Unhandled Promise: TypeError: Failed to fetch
=============================
====== JS ERROR CAUGHT ======
Unhandled Promise: TypeError: Failed to fetch
=============================
====== JS ERROR CAUGHT ======
Unhandled Promise: TypeError: Failed to fetch
=============================
====== JS ERROR CAUGHT ======
Unhandled Promise: TypeError: Failed to fetch
=============================
====== JS ERROR CAUGHT ======
Unhandled Promise: TypeError: Failed to fetch
=============================
====== JS ERROR CAUGHT ======
Unhandled Promise: TypeError: Failed to fetch
=============================
====== JS ERROR CAUGHT ======
Unhandled Promise: TypeError: Failed to fetch
=============================
====== JS ERROR CAUGHT ======
Unhandled Promise: TypeError: Failed to fetch
=============================
====== JS ERROR CAUGHT ======
Unhandled Promise: TypeError: Failed to fetch
=============================
====== JS ERROR CAUGHT ======
Unhandled Promise: TypeError: Failed to fetch
=============================
====== JS ERROR CAUGHT ======
Unhandled Promise: TypeError: Failed to fetch
=============================
====== JS ERROR CAUGHT ======
Unhandled Promise: TypeError: Failed to fetch
=============================
====== JS ERROR CAUGHT ======
Unhandled Promise: TypeError: Failed to fetch
=============================
====== JS ERROR CAUGHT ======
Unhandled Promise: TypeError: Failed to fetch
=============================
====== JS ERROR CAUGHT ======
Unhandled Promise: TypeError: Failed to fetch
=============================
====== JS ERROR CAUGHT ======
Unhandled Promise: TypeError: Failed to fetch
=============================
====== JS ERROR CAUGHT ======
Unhandled Promise: TypeError: Failed to fetch
=============================
====== JS ERROR CAUGHT ======
Unhandled Promise: TypeError: Failed to fetch
=============================
====== JS ERROR CAUGHT ======
Unhandled Promise: TypeError: Failed to fetch
=============================
====== JS ERROR CAUGHT ======
Unhandled Promise: TypeError: Failed to fetch
=============================
====== JS ERROR CAUGHT ======
Unhandled Promise: TypeError: Failed to fetch
=============================
====== JS ERROR CAUGHT ======
Unhandled Promise: TypeError: Failed to fetch
=============================
====== JS ERROR CAUGHT ======
Unhandled Promise: TypeError: Failed to fetch
=============================
====== JS ERROR CAUGHT ======
Unhandled Promise: TypeError: Failed to fetch
=============================
====== JS ERROR CAUGHT ======
Unhandled Promise: TypeError: Failed to fetch
=============================
====== JS ERROR CAUGHT ======
Unhandled Promise: TypeError: Failed to fetch
=============================
====== JS ERROR CAUGHT ======
Unhandled Promise: TypeError: Failed to fetch
=============================
====== JS ERROR CAUGHT ======
Unhandled Promise: TypeError: Failed to fetch
=============================
====== JS ERROR CAUGHT ======
Unhandled Promise: TypeError: Failed to fetch
=============================
====== JS ERROR CAUGHT ======
Unhandled Promise: TypeError: Failed to fetch
=============================
====== JS ERROR CAUGHT ======
Unhandled Promise: TypeError: Failed to fetch
=============================
====== JS ERROR CAUGHT ======
Unhandled Promise: TypeError: Failed to fetch
=============================
====== JS ERROR CAUGHT ======
Unhandled Promise: TypeError: Failed to fetch
=============================
====== JS ERROR CAUGHT ======
Unhandled Promise: TypeError: Failed to fetch
=============================
====== JS ERROR CAUGHT ======
Unhandled Promise: TypeError: Failed to fetch
=============================
====== JS ERROR CAUGHT ======
Unhandled Promise: TypeError: Failed to fetch
=============================
====== JS ERROR CAUGHT ======
Unhandled Promise: TypeError: Failed to fetch
=============================
====== JS ERROR CAUGHT ======
Unhandled Promise: TypeError: Failed to fetch
=============================
====== JS ERROR CAUGHT ======
Unhandled Promise: TypeError: Failed to fetch
=============================
====== JS ERROR CAUGHT ======
Unhandled Promise: TypeError: Failed to fetch
=============================
====== JS ERROR CAUGHT ======
Unhandled Promise: TypeError: Failed to fetch
=============================
====== JS ERROR CAUGHT ======
Unhandled Promise: TypeError: Failed to fetch
=============================
====== JS ERROR CAUGHT ======
Unhandled Promise: TypeError: Failed to fetch
=============================
====== JS ERROR CAUGHT ======
Unhandled Promise: TypeError: Failed to fetch
=============================
====== JS ERROR CAUGHT ======
Unhandled Promise: TypeError: Failed to fetch
=============================
====== JS ERROR CAUGHT ======
Unhandled Promise: TypeError: Failed to fetch
=============================
====== JS ERROR CAUGHT ======
Unhandled Promise: TypeError: Failed to fetch
=============================
====== JS ERROR CAUGHT ======
Unhandled Promise: TypeError: Failed to fetch
=============================
====== JS ERROR CAUGHT ======
Unhandled Promise: TypeError: Failed to fetch
=============================
====== JS ERROR CAUGHT ======
Unhandled Promise: TypeError: Failed to fetch
=============================
====== JS ERROR CAUGHT ======
Unhandled Promise: TypeError: Failed to fetch
=============================
====== JS ERROR CAUGHT ======
Unhandled Promise: TypeError: Failed to fetch
=============================
====== JS ERROR CAUGHT ======
Unhandled Promise: TypeError: Failed to fetch
=============================
====== JS ERROR CAUGHT ======
Unhandled Promise: TypeError: Failed to fetch
=============================
====== JS ERROR CAUGHT ======
Unhandled Promise: TypeError: Failed to fetch
=============================
====== JS ERROR CAUGHT ======
Unhandled Promise: TypeError: Failed to fetch
=============================
====== JS ERROR CAUGHT ======
Unhandled Promise: TypeError: Failed to fetch
=============================
====== JS ERROR CAUGHT ======
Unhandled Promise: TypeError: Failed to fetch
=============================
====== JS ERROR CAUGHT ======
Unhandled Promise: TypeError: Failed to fetch
=============================
====== JS ERROR CAUGHT ======
Unhandled Promise: TypeError: Failed to fetch
=============================
====== JS ERROR CAUGHT ======
Unhandled Promise: TypeError: Failed to fetch
=============================
====== JS ERROR CAUGHT ======
Unhandled Promise: TypeError: Failed to fetch
=============================
====== JS ERROR CAUGHT ======
Unhandled Promise: TypeError: Failed to fetch
=============================
====== JS ERROR CAUGHT ======
Unhandled Promise: TypeError: Failed to fetch
=============================
====== JS ERROR CAUGHT ======
Unhandled Promise: TypeError: Failed to fetch
=============================
====== JS ERROR CAUGHT ======
Unhandled Promise: TypeError: Failed to fetch
=============================
====== JS ERROR CAUGHT ======
Unhandled Promise: TypeError: Failed to fetch
=============================
====== JS ERROR CAUGHT ======
Unhandled Promise: TypeError: Failed to fetch
=============================
====== JS ERROR CAUGHT ======
Unhandled Promise: TypeError: Failed to fetch
=============================
====== JS ERROR CAUGHT ======
Unhandled Promise: TypeError: Failed to fetch
=============================
====== JS ERROR CAUGHT ======
Unhandled Promise: TypeError: Failed to fetch
=============================
====== JS ERROR CAUGHT ======
Unhandled Promise: TypeError: Failed to fetch
=============================
====== JS ERROR CAUGHT ======
Unhandled Promise: TypeError: Failed to fetch
=============================
====== JS ERROR CAUGHT ======
Unhandled Promise: TypeError: Failed to fetch
=============================
====== JS ERROR CAUGHT ======
Unhandled Promise: TypeError: Failed to fetch
=============================
====== JS ERROR CAUGHT ======
Unhandled Promise: TypeError: Failed to fetch
=============================
====== JS ERROR CAUGHT ======
Unhandled Promise: TypeError: Failed to fetch
=============================
====== JS ERROR CAUGHT ======
Unhandled Promise: TypeError: Failed to fetch
=============================
====== JS ERROR CAUGHT ======
Unhandled Promise: TypeError: Failed to fetch
=============================
====== JS ERROR CAUGHT ======
Unhandled Promise: TypeError: Failed to fetch
=============================
====== JS ERROR CAUGHT ======
Unhandled Promise: TypeError: Failed to fetch
=============================
====== JS ERROR CAUGHT ======
Unhandled Promise: TypeError: Failed to fetch
=============================
====== JS ERROR CAUGHT ======
Unhandled Promise: TypeError: Failed to fetch
=============================
====== JS ERROR CAUGHT ======
Unhandled Promise: TypeError: Failed to fetch
=============================
====== JS ERROR CAUGHT ======
Unhandled Promise: TypeError: Failed to fetch
=============================
====== JS ERROR CAUGHT ======
Unhandled Promise: TypeError: Failed to fetch
=============================
====== JS ERROR CAUGHT ======
Unhandled Promise: TypeError: Failed to fetch
=============================
====== JS ERROR CAUGHT ======
Unhandled Promise: TypeError: Failed to fetch
=============================
====== JS ERROR CAUGHT ======
Unhandled Promise: TypeError: Failed to fetch
=============================
====== JS ERROR CAUGHT ======
Unhandled Promise: TypeError: Failed to fetch
=============================
====== JS ERROR CAUGHT ======
Unhandled Promise: TypeError: Failed to fetch
=============================
====== JS ERROR CAUGHT ======
Unhandled Promise: TypeError: Failed to fetch
=============================
====== JS ERROR CAUGHT ======
Unhandled Promise: TypeError: Failed to fetch
=============================
====== JS ERROR CAUGHT ======
Unhandled Promise: TypeError: Failed to fetch
=============================
====== JS ERROR CAUGHT ======
Unhandled Promise: TypeError: Failed to fetch
=============================
====== JS ERROR CAUGHT ======
Unhandled Promise: TypeError: Failed to fetch
=============================
====== JS ERROR CAUGHT ======
Unhandled Promise: TypeError: Failed to fetch
=============================
====== JS ERROR CAUGHT ======
Unhandled Promise: TypeError: Failed to fetch
=============================
====== JS ERROR CAUGHT ======
Unhandled Promise: TypeError: Failed to fetch
=============================
====== JS ERROR CAUGHT ======
Unhandled Promise: TypeError: Failed to fetch
=============================
====== JS ERROR CAUGHT ======
Unhandled Promise: TypeError: Failed to fetch
=============================
====== JS ERROR CAUGHT ======
Unhandled Promise: TypeError: Failed to fetch
=============================
====== JS ERROR CAUGHT ======
Unhandled Promise: TypeError: Failed to fetch
=============================
====== JS ERROR CAUGHT ======
Unhandled Promise: TypeError: Failed to fetch
=============================
====== JS ERROR CAUGHT ======
Unhandled Promise: TypeError: Failed to fetch
=============================
====== JS ERROR CAUGHT ======
Unhandled Promise: TypeError: Failed to fetch
=============================
====== JS ERROR CAUGHT ======
Unhandled Promise: TypeError: Failed to fetch
=============================
====== JS ERROR CAUGHT ======
Unhandled Promise: TypeError: Failed to fetch
=============================
====== JS ERROR CAUGHT ======
Unhandled Promise: TypeError: Failed to fetch
=============================
====== JS ERROR CAUGHT ======
Unhandled Promise: TypeError: Failed to fetch
=============================
====== JS ERROR CAUGHT ======
Unhandled Promise: TypeError: Failed to fetch
=============================
====== JS ERROR CAUGHT ======
Unhandled Promise: TypeError: Failed to fetch
=============================
====== JS ERROR CAUGHT ======
Unhandled Promise: TypeError: Failed to fetch
=============================
====== JS ERROR CAUGHT ======
Unhandled Promise: TypeError: Failed to fetch
=============================
====== JS ERROR CAUGHT ======
Unhandled Promise: TypeError: Failed to fetch
=============================
====== JS ERROR CAUGHT ======
Unhandled Promise: TypeError: Failed to fetch
=============================
====== JS ERROR CAUGHT ======
Unhandled Promise: TypeError: Failed to fetch
=============================
====== JS ERROR CAUGHT ======
Unhandled Promise: TypeError: Failed to fetch
=============================
====== JS ERROR CAUGHT ======
Unhandled Promise: TypeError: Failed to fetch
=============================
====== JS ERROR CAUGHT ======
Unhandled Promise: TypeError: Failed to fetch
=============================
====== JS ERROR CAUGHT ======
Unhandled Promise: TypeError: Failed to fetch
=============================
====== JS ERROR CAUGHT ======
Unhandled Promise: TypeError: Failed to fetch
=============================
====== JS ERROR CAUGHT ======
Unhandled Promise: TypeError: Failed to fetch
=============================
====== JS ERROR CAUGHT ======
Unhandled Promise: TypeError: Failed to fetch
=============================
====== JS ERROR CAUGHT ======
Unhandled Promise: TypeError: Failed to fetch
=============================
====== JS ERROR CAUGHT ======
Unhandled Promise: TypeError: Failed to fetch
=============================
====== JS ERROR CAUGHT ======
Unhandled Promise: TypeError: Failed to fetch
=============================
====== JS ERROR CAUGHT ======
Unhandled Promise: TypeError: Failed to fetch
=============================
====== JS ERROR CAUGHT ======
Unhandled Promise: TypeError: Failed to fetch
=============================
====== JS ERROR CAUGHT ======
Unhandled Promise: TypeError: Failed to fetch
=============================
====== JS ERROR CAUGHT ======
Unhandled Promise: TypeError: Failed to fetch
=============================
====== JS ERROR CAUGHT ======
Unhandled Promise: TypeError: Failed to fetch
=============================
====== JS ERROR CAUGHT ======
Unhandled Promise: TypeError: Failed to fetch
=============================
====== JS ERROR CAUGHT ======
Unhandled Promise: TypeError: Failed to fetch
=============================
====== JS ERROR CAUGHT ======
Unhandled Promise: TypeError: Failed to fetch
=============================
====== JS ERROR CAUGHT ======
Unhandled Promise: TypeError: Failed to fetch
=============================
====== JS ERROR CAUGHT ======
Unhandled Promise: TypeError: Failed to fetch
=============================
====== JS ERROR CAUGHT ======
Unhandled Promise: TypeError: Failed to fetch
=============================
====== JS ERROR CAUGHT ======
Unhandled Promise: TypeError: Failed to fetch
=============================
====== JS ERROR CAUGHT ======
Unhandled Promise: TypeError: Failed to fetch
=============================
====== JS ERROR CAUGHT ======
Unhandled Promise: TypeError: Failed to fetch
=============================
====== JS ERROR CAUGHT ======
Unhandled Promise: TypeError: Failed to fetch
=============================
====== JS ERROR CAUGHT ======
Unhandled Promise: TypeError: Failed to fetch
=============================
====== JS ERROR CAUGHT ======
Unhandled Promise: TypeError: Failed to fetch
=============================
====== JS ERROR CAUGHT ======
Unhandled Promise: TypeError: Failed to fetch
=============================
====== JS ERROR CAUGHT ======
Unhandled Promise: TypeError: Failed to fetch
=============================
====== JS ERROR CAUGHT ======
Unhandled Promise: TypeError: Failed to fetch
=============================
====== JS ERROR CAUGHT ======
Unhandled Promise: TypeError: Failed to fetch
=============================
====== JS ERROR CAUGHT ======
Unhandled Promise: TypeError: Failed to fetch
=============================
====== JS ERROR CAUGHT ======
Unhandled Promise: TypeError: Failed to fetch
=============================
====== JS ERROR CAUGHT ======
Unhandled Promise: TypeError: Failed to fetch
=============================
====== JS ERROR CAUGHT ======
Unhandled Promise: TypeError: Failed to fetch
=============================
====== JS ERROR CAUGHT ======
Unhandled Promise: TypeError: Failed to fetch
=============================
====== JS ERROR CAUGHT ======
Unhandled Promise: TypeError: Failed to fetch
=============================
====== JS ERROR CAUGHT ======
Unhandled Promise: TypeError: Failed to fetch
=============================
====== JS ERROR CAUGHT ======
Unhandled Promise: TypeError: Failed to fetch
=============================
====== JS ERROR CAUGHT ======
Unhandled Promise: TypeError: Failed to fetch
=============================
====== JS ERROR CAUGHT ======
Unhandled Promise: TypeError: Failed to fetch
=============================
====== JS ERROR CAUGHT ======
Unhandled Promise: TypeError: Failed to fetch
=============================
====== JS ERROR CAUGHT ======
Unhandled Promise: TypeError: Failed to fetch
=============================
====== JS ERROR CAUGHT ======
Unhandled Promise: TypeError: Failed to fetch
=============================
====== JS ERROR CAUGHT ======
Unhandled Promise: TypeError: Failed to fetch
=============================
====== JS ERROR CAUGHT ======
Unhandled Promise: TypeError: Failed to fetch
=============================
====== JS ERROR CAUGHT ======
Unhandled Promise: TypeError: Failed to fetch
=============================
====== JS ERROR CAUGHT ======
Unhandled Promise: TypeError: Failed to fetch
=============================
====== JS ERROR CAUGHT ======
Unhandled Promise: TypeError: Failed to fetch
=============================
====== JS ERROR CAUGHT ======
Unhandled Promise: TypeError: Failed to fetch
=============================
====== JS ERROR CAUGHT ======
Unhandled Promise: TypeError: Failed to fetch
=============================
====== JS ERROR CAUGHT ======
Unhandled Promise: TypeError: Failed to fetch
=============================
====== JS ERROR CAUGHT ======
Unhandled Promise: TypeError: Failed to fetch
=============================
====== JS ERROR CAUGHT ======
Unhandled Promise: TypeError: Failed to fetch
=============================
====== JS ERROR CAUGHT ======
Unhandled Promise: TypeError: Failed to fetch
=============================
====== JS ERROR CAUGHT ======
Unhandled Promise: TypeError: Failed to fetch
=============================
====== JS ERROR CAUGHT ======
Unhandled Promise: TypeError: Failed to fetch
=============================
====== JS ERROR CAUGHT ======
Unhandled Promise: TypeError: Failed to fetch
=============================
====== JS ERROR CAUGHT ======
Unhandled Promise: TypeError: Failed to fetch
=============================
====== JS ERROR CAUGHT ======
Unhandled Promise: TypeError: Failed to fetch
=============================
====== JS ERROR CAUGHT ======
Unhandled Promise: TypeError: Failed to fetch
=============================
====== JS ERROR CAUGHT ======
Unhandled Promise: TypeError: Failed to fetch
=============================
====== JS ERROR CAUGHT ======
Unhandled Promise: TypeError: Failed to fetch
=============================
====== JS ERROR CAUGHT ======
Unhandled Promise: TypeError: Failed to fetch
=============================
====== JS ERROR CAUGHT ======
Unhandled Promise: TypeError: Failed to fetch
=============================
====== JS ERROR CAUGHT ======
Unhandled Promise: TypeError: Failed to fetch
=============================
====== JS ERROR CAUGHT ======
Unhandled Promise: TypeError: Failed to fetch
=============================
====== JS ERROR CAUGHT ======
Unhandled Promise: TypeError: Failed to fetch
=============================
====== JS ERROR CAUGHT ======
Unhandled Promise: TypeError: Failed to fetch
=============================
====== JS ERROR CAUGHT ======
Unhandled Promise: TypeError: Failed to fetch
=============================
====== JS ERROR CAUGHT ======
Unhandled Promise: TypeError: Failed to fetch
=============================
====== JS ERROR CAUGHT ======
Unhandled Promise: TypeError: Failed to fetch
=============================
====== JS ERROR CAUGHT ======
Unhandled Promise: TypeError: Failed to fetch
=============================
====== JS ERROR CAUGHT ======
Unhandled Promise: TypeError: Failed to fetch
=============================
====== JS ERROR CAUGHT ======
Unhandled Promise: TypeError: Failed to fetch
=============================
====== JS ERROR CAUGHT ======
Unhandled Promise: TypeError: Failed to fetch
=============================
====== JS ERROR CAUGHT ======
Unhandled Promise: TypeError: Failed to fetch
=============================
====== JS ERROR CAUGHT ======
Unhandled Promise: TypeError: Failed to fetch
=============================
====== JS ERROR CAUGHT ======
Unhandled Promise: TypeError: Failed to fetch
=============================
====== JS ERROR CAUGHT ======
Unhandled Promise: TypeError: Failed to fetch
=============================
====== JS ERROR CAUGHT ======
Unhandled Promise: TypeError: Failed to fetch
=============================
====== JS ERROR CAUGHT ======
Unhandled Promise: TypeError: Failed to fetch
=============================
====== JS ERROR CAUGHT ======
Unhandled Promise: TypeError: Failed to fetch
=============================
====== JS ERROR CAUGHT ======
Unhandled Promise: TypeError: Failed to fetch
=============================
====== JS ERROR CAUGHT ======
Unhandled Promise: TypeError: Failed to fetch
=============================
====== JS ERROR CAUGHT ======
Unhandled Promise: TypeError: Failed to fetch
=============================
====== JS ERROR CAUGHT ======
Unhandled Promise: TypeError: Failed to fetch
=============================
====== JS ERROR CAUGHT ======
Unhandled Promise: TypeError: Failed to fetch
=============================
====== JS ERROR CAUGHT ======
Unhandled Promise: TypeError: Failed to fetch
=============================
====== JS ERROR CAUGHT ======
Unhandled Promise: TypeError: Failed to fetch
=============================
====== JS ERROR CAUGHT ======
Unhandled Promise: TypeError: Failed to fetch
=============================
====== JS ERROR CAUGHT ======
Unhandled Promise: TypeError: Failed to fetch
=============================
====== JS ERROR CAUGHT ======
Unhandled Promise: TypeError: Failed to fetch
=============================
====== JS ERROR CAUGHT ======
Unhandled Promise: TypeError: Failed to fetch
=============================
====== JS ERROR CAUGHT ======
Unhandled Promise: TypeError: Failed to fetch
=============================
====== JS ERROR CAUGHT ======
Unhandled Promise: TypeError: Failed to fetch
=============================
====== JS ERROR CAUGHT ======
Unhandled Promise: TypeError: Failed to fetch
=============================
====== JS ERROR CAUGHT ======
Unhandled Promise: TypeError: Failed to fetch
=============================
====== JS ERROR CAUGHT ======
Unhandled Promise: TypeError: Failed to fetch
=============================
====== JS ERROR CAUGHT ======
Unhandled Promise: TypeError: Failed to fetch
=============================
====== JS ERROR CAUGHT ======
Unhandled Promise: TypeError: Failed to fetch
=============================
====== JS ERROR CAUGHT ======
Unhandled Promise: TypeError: Failed to fetch
=============================
====== JS ERROR CAUGHT ======
Unhandled Promise: TypeError: Failed to fetch
=============================
====== JS ERROR CAUGHT ======
Unhandled Promise: TypeError: Failed to fetch
=============================
====== JS ERROR CAUGHT ======
Unhandled Promise: TypeError: Failed to fetch
=============================
====== JS ERROR CAUGHT ======
Unhandled Promise: TypeError: Failed to fetch
=============================
====== JS ERROR CAUGHT ======
Unhandled Promise: TypeError: Failed to fetch
=============================
====== JS ERROR CAUGHT ======
Unhandled Promise: TypeError: Failed to fetch
=============================
====== JS ERROR CAUGHT ======
Unhandled Promise: TypeError: Failed to fetch
=============================
====== JS ERROR CAUGHT ======
Unhandled Promise: TypeError: Failed to fetch
=============================
====== JS ERROR CAUGHT ======
Unhandled Promise: TypeError: Failed to fetch
=============================
====== JS ERROR CAUGHT ======
Unhandled Promise: TypeError: Failed to fetch
=============================
====== JS ERROR CAUGHT ======
Unhandled Promise: TypeError: Failed to fetch
=============================
====== JS ERROR CAUGHT ======
Unhandled Promise: TypeError: Failed to fetch
=============================
====== JS ERROR CAUGHT ======
Unhandled Promise: TypeError: Failed to fetch
=============================
====== JS ERROR CAUGHT ======
Unhandled Promise: TypeError: Failed to fetch
=============================
====== JS ERROR CAUGHT ======
Unhandled Promise: TypeError: Failed to fetch
=============================
====== JS ERROR CAUGHT ======
Unhandled Promise: TypeError: Failed to fetch
=============================
====== JS ERROR CAUGHT ======
Unhandled Promise: TypeError: Failed to fetch
=============================
====== JS ERROR CAUGHT ======
Unhandled Promise: TypeError: Failed to fetch
=============================
====== JS ERROR CAUGHT ======
Unhandled Promise: TypeError: Failed to fetch
=============================
====== JS ERROR CAUGHT ======
Unhandled Promise: TypeError: Failed to fetch
=============================
====== JS ERROR CAUGHT ======
Unhandled Promise: TypeError: Failed to fetch
=============================
====== JS ERROR CAUGHT ======
Unhandled Promise: TypeError: Failed to fetch
=============================
====== JS ERROR CAUGHT ======
Unhandled Promise: TypeError: Failed to fetch
=============================
====== JS ERROR CAUGHT ======
Unhandled Promise: TypeError: Failed to fetch
=============================
====== JS ERROR CAUGHT ======
Unhandled Promise: TypeError: Failed to fetch
=============================
====== JS ERROR CAUGHT ======
Unhandled Promise: TypeError: Failed to fetch
=============================
====== JS ERROR CAUGHT ======
Unhandled Promise: TypeError: Failed to fetch
=============================
====== JS ERROR CAUGHT ======
Unhandled Promise: TypeError: Failed to fetch
=============================
====== JS ERROR CAUGHT ======
Unhandled Promise: TypeError: Failed to fetch
=============================
====== JS ERROR CAUGHT ======
Unhandled Promise: TypeError: Failed to fetch
=============================
====== JS ERROR CAUGHT ======
Unhandled Promise: TypeError: Failed to fetch
=============================
====== JS ERROR CAUGHT ======
Unhandled Promise: TypeError: Failed to fetch
=============================
====== JS ERROR CAUGHT ======
Unhandled Promise: TypeError: Failed to fetch
=============================
====== JS ERROR CAUGHT ======
Unhandled Promise: TypeError: Failed to fetch
=============================
====== JS ERROR CAUGHT ======
Unhandled Promise: TypeError: Failed to fetch
=============================
====== JS ERROR CAUGHT ======
Unhandled Promise: TypeError: Failed to fetch
=============================
====== JS ERROR CAUGHT ======
Unhandled Promise: TypeError: Failed to fetch
=============================
====== JS ERROR CAUGHT ======
Unhandled Promise: TypeError: Failed to fetch
=============================
====== JS ERROR CAUGHT ======
Unhandled Promise: TypeError: Failed to fetch
=============================
====== JS ERROR CAUGHT ======
Unhandled Promise: TypeError: Failed to fetch
=============================
====== JS ERROR CAUGHT ======
Unhandled Promise: TypeError: Failed to fetch
=============================
====== JS ERROR CAUGHT ======
Unhandled Promise: TypeError: Failed to fetch
=============================
====== JS ERROR CAUGHT ======
Unhandled Promise: TypeError: Failed to fetch
=============================
====== JS ERROR CAUGHT ======
Unhandled Promise: TypeError: Failed to fetch
=============================
====== JS ERROR CAUGHT ======
Unhandled Promise: TypeError: Failed to fetch
=============================
====== JS ERROR CAUGHT ======
Unhandled Promise: TypeError: Failed to fetch
=============================
====== JS ERROR CAUGHT ======
Unhandled Promise: TypeError: Failed to fetch
=============================
====== JS ERROR CAUGHT ======
Unhandled Promise: TypeError: Failed to fetch
=============================
====== JS ERROR CAUGHT ======
Unhandled Promise: TypeError: Failed to fetch
=============================
====== JS ERROR CAUGHT ======
Unhandled Promise: TypeError: Failed to fetch
=============================
====== JS ERROR CAUGHT ======
Unhandled Promise: TypeError: Failed to fetch
=============================
====== JS ERROR CAUGHT ======
Unhandled Promise: TypeError: Failed to fetch
=============================
====== JS ERROR CAUGHT ======
Unhandled Promise: TypeError: Failed to fetch
=============================
====== JS ERROR CAUGHT ======
Unhandled Promise: TypeError: Failed to fetch
=============================
====== JS ERROR CAUGHT ======
Unhandled Promise: TypeError: Failed to fetch
=============================
====== JS ERROR CAUGHT ======
Unhandled Promise: TypeError: Failed to fetch
=============================
====== JS ERROR CAUGHT ======
Unhandled Promise: TypeError: Failed to fetch
=============================
====== JS ERROR CAUGHT ======
Unhandled Promise: TypeError: Failed to fetch
=============================
====== JS ERROR CAUGHT ======
Unhandled Promise: TypeError: Failed to fetch
=============================
====== JS ERROR CAUGHT ======
Unhandled Promise: TypeError: Failed to fetch
=============================
====== JS ERROR CAUGHT ======
Unhandled Promise: TypeError: Failed to fetch
=============================
====== JS ERROR CAUGHT ======
Unhandled Promise: TypeError: Failed to fetch
=============================
====== JS ERROR CAUGHT ======
Unhandled Promise: TypeError: Failed to fetch
=============================
====== JS ERROR CAUGHT ======
Unhandled Promise: TypeError: Failed to fetch
=============================
====== JS ERROR CAUGHT ======
Unhandled Promise: TypeError: Failed to fetch
=============================
====== JS ERROR CAUGHT ======
Unhandled Promise: TypeError: Failed to fetch
=============================
====== JS ERROR CAUGHT ======
Unhandled Promise: TypeError: Failed to fetch
=============================
====== JS ERROR CAUGHT ======
Unhandled Promise: TypeError: Failed to fetch
=============================
====== JS ERROR CAUGHT ======
Unhandled Promise: TypeError: Failed to fetch
=============================
====== JS ERROR CAUGHT ======
Unhandled Promise: TypeError: Failed to fetch
=============================
====== JS ERROR CAUGHT ======
Unhandled Promise: TypeError: Failed to fetch
=============================
====== JS ERROR CAUGHT ======
Unhandled Promise: TypeError: Failed to fetch
=============================
====== JS ERROR CAUGHT ======
Unhandled Promise: TypeError: Failed to fetch
=============================
====== JS ERROR CAUGHT ======
Unhandled Promise: TypeError: Failed to fetch
=============================
====== JS ERROR CAUGHT ======
Unhandled Promise: TypeError: Failed to fetch
=============================
====== JS ERROR CAUGHT ======
Unhandled Promise: TypeError: Failed to fetch
=============================
====== JS ERROR CAUGHT ======
Unhandled Promise: TypeError: Failed to fetch
=============================
====== JS ERROR CAUGHT ======
Unhandled Promise: TypeError: Failed to fetch
=============================
====== JS ERROR CAUGHT ======
Unhandled Promise: TypeError: Failed to fetch
=============================
====== JS ERROR CAUGHT ======
Unhandled Promise: TypeError: Failed to fetch
=============================
====== JS ERROR CAUGHT ======
Unhandled Promise: TypeError: Failed to fetch
=============================
====== JS ERROR CAUGHT ======
Unhandled Promise: TypeError: Failed to fetch
=============================
====== JS ERROR CAUGHT ======
Unhandled Promise: TypeError: Failed to fetch
=============================
====== JS ERROR CAUGHT ======
Unhandled Promise: TypeError: Failed to fetch
=============================
====== JS ERROR CAUGHT ======
Unhandled Promise: TypeError: Failed to fetch
=============================
====== JS ERROR CAUGHT ======
Unhandled Promise: TypeError: Failed to fetch
=============================
====== JS ERROR CAUGHT ======
Unhandled Promise: TypeError: Failed to fetch
=============================
====== JS ERROR CAUGHT ======
Unhandled Promise: TypeError: Failed to fetch
=============================
====== JS ERROR CAUGHT ======
Unhandled Promise: TypeError: Failed to fetch
=============================
====== JS ERROR CAUGHT ======
Unhandled Promise: TypeError: Failed to fetch
=============================
====== JS ERROR CAUGHT ======
Unhandled Promise: TypeError: Failed to fetch
=============================
====== JS ERROR CAUGHT ======
Unhandled Promise: TypeError: Failed to fetch
=============================
====== JS ERROR CAUGHT ======
Unhandled Promise: TypeError: Failed to fetch
=============================
====== JS ERROR CAUGHT ======
Unhandled Promise: TypeError: Failed to fetch
=============================
====== JS ERROR CAUGHT ======
Unhandled Promise: TypeError: Failed to fetch
=============================
====== JS ERROR CAUGHT ======
Unhandled Promise: TypeError: Failed to fetch
=============================
====== JS ERROR CAUGHT ======
Unhandled Promise: TypeError: Failed to fetch
=============================
====== JS ERROR CAUGHT ======
Unhandled Promise: TypeError: Failed to fetch
=============================
====== JS ERROR CAUGHT ======
Unhandled Promise: TypeError: Failed to fetch
=============================
====== JS ERROR CAUGHT ======
Unhandled Promise: TypeError: Failed to fetch
=============================
====== JS ERROR CAUGHT ======
Unhandled Promise: TypeError: Failed to fetch
=============================
====== JS ERROR CAUGHT ======
Unhandled Promise: TypeError: Failed to fetch
=============================
====== JS ERROR CAUGHT ======
Unhandled Promise: TypeError: Failed to fetch
=============================
====== JS ERROR CAUGHT ======
Unhandled Promise: TypeError: Failed to fetch
=============================
====== JS ERROR CAUGHT ======
Unhandled Promise: TypeError: Failed to fetch
=============================
====== JS ERROR CAUGHT ======
Unhandled Promise: TypeError: Failed to fetch
=============================
====== JS ERROR CAUGHT ======
Unhandled Promise: TypeError: Failed to fetch
=============================
====== JS ERROR CAUGHT ======
Unhandled Promise: TypeError: Failed to fetch
=============================
====== JS ERROR CAUGHT ======
Unhandled Promise: TypeError: Failed to fetch
=============================
====== JS ERROR CAUGHT ======
Unhandled Promise: TypeError: Failed to fetch
=============================
====== JS ERROR CAUGHT ======
Unhandled Promise: TypeError: Failed to fetch
=============================
====== JS ERROR CAUGHT ======
Unhandled Promise: TypeError: Failed to fetch
=============================
====== JS ERROR CAUGHT ======
Unhandled Promise: TypeError: Failed to fetch
=============================
====== JS ERROR CAUGHT ======
Unhandled Promise: TypeError: Failed to fetch
=============================
====== JS ERROR CAUGHT ======
Unhandled Promise: TypeError: Failed to fetch
=============================
====== JS ERROR CAUGHT ======
Unhandled Promise: TypeError: Failed to fetch
=============================
====== JS ERROR CAUGHT ======
Unhandled Promise: TypeError: Failed to fetch
=============================
====== JS ERROR CAUGHT ======
Unhandled Promise: TypeError: Failed to fetch
=============================
====== JS ERROR CAUGHT ======
Unhandled Promise: TypeError: Failed to fetch
=============================
====== JS ERROR CAUGHT ======
Unhandled Promise: TypeError: Failed to fetch
=============================
====== JS ERROR CAUGHT ======
Unhandled Promise: TypeError: Failed to fetch
=============================
====== JS ERROR CAUGHT ======
Unhandled Promise: TypeError: Failed to fetch
=============================
====== JS ERROR CAUGHT ======
Unhandled Promise: TypeError: Failed to fetch
=============================
====== JS ERROR CAUGHT ======
Unhandled Promise: TypeError: Failed to fetch
=============================
====== JS ERROR CAUGHT ======
Unhandled Promise: TypeError: Failed to fetch
=============================
====== JS ERROR CAUGHT ======
Unhandled Promise: TypeError: Failed to fetch
=============================
====== JS ERROR CAUGHT ======
Unhandled Promise: TypeError: Failed to fetch
=============================
====== JS ERROR CAUGHT ======
Unhandled Promise: TypeError: Failed to fetch
=============================
====== JS ERROR CAUGHT ======
Unhandled Promise: TypeError: Failed to fetch
=============================
====== JS ERROR CAUGHT ======
Unhandled Promise: TypeError: Failed to fetch
=============================
====== JS ERROR CAUGHT ======
Unhandled Promise: TypeError: Failed to fetch
=============================
====== JS ERROR CAUGHT ======
Unhandled Promise: TypeError: Failed to fetch
=============================
====== JS ERROR CAUGHT ======
Unhandled Promise: TypeError: Failed to fetch
=============================
====== JS ERROR CAUGHT ======
Unhandled Promise: TypeError: Failed to fetch
=============================
====== JS ERROR CAUGHT ======
Unhandled Promise: TypeError: Failed to fetch
=============================
====== JS ERROR CAUGHT ======
Unhandled Promise: TypeError: Failed to fetch
=============================
====== JS ERROR CAUGHT ======
Unhandled Promise: TypeError: Failed to fetch
=============================
====== JS ERROR CAUGHT ======
Unhandled Promise: TypeError: Failed to fetch
=============================
====== JS ERROR CAUGHT ======
Unhandled Promise: TypeError: Failed to fetch
=============================
====== JS ERROR CAUGHT ======
Unhandled Promise: TypeError: Failed to fetch
=============================
====== JS ERROR CAUGHT ======
Unhandled Promise: TypeError: Failed to fetch
=============================
====== JS ERROR CAUGHT ======
Unhandled Promise: TypeError: Failed to fetch
=============================
====== JS ERROR CAUGHT ======
Unhandled Promise: TypeError: Failed to fetch
=============================
====== JS ERROR CAUGHT ======
Unhandled Promise: TypeError: Failed to fetch
=============================
====== JS ERROR CAUGHT ======
Unhandled Promise: TypeError: Failed to fetch
=============================
====== JS ERROR CAUGHT ======
Unhandled Promise: TypeError: Failed to fetch
=============================
====== JS ERROR CAUGHT ======
Unhandled Promise: TypeError: Failed to fetch
=============================
====== JS ERROR CAUGHT ======
Unhandled Promise: TypeError: Failed to fetch
=============================
====== JS ERROR CAUGHT ======
Unhandled Promise: TypeError: Failed to fetch
=============================
====== JS ERROR CAUGHT ======
Unhandled Promise: TypeError: Failed to fetch
=============================
====== JS ERROR CAUGHT ======
Unhandled Promise: TypeError: Failed to fetch
=============================
====== JS ERROR CAUGHT ======
Unhandled Promise: TypeError: Failed to fetch
=============================
====== JS ERROR CAUGHT ======
Unhandled Promise: TypeError: Failed to fetch
=============================
====== JS ERROR CAUGHT ======
Unhandled Promise: TypeError: Failed to fetch
=============================
====== JS ERROR CAUGHT ======
Unhandled Promise: TypeError: Failed to fetch
=============================
====== JS ERROR CAUGHT ======
Unhandled Promise: TypeError: Failed to fetch
=============================
====== JS ERROR CAUGHT ======
Unhandled Promise: TypeError: Failed to fetch
=============================
====== JS ERROR CAUGHT ======
Unhandled Promise: TypeError: Failed to fetch
=============================
====== JS ERROR CAUGHT ======
Unhandled Promise: TypeError: Failed to fetch
=============================
====== JS ERROR CAUGHT ======
Unhandled Promise: TypeError: Failed to fetch
=============================
====== JS ERROR CAUGHT ======
Unhandled Promise: TypeError: Failed to fetch
=============================
====== JS ERROR CAUGHT ======
Unhandled Promise: TypeError: Failed to fetch
=============================
====== JS ERROR CAUGHT ======
Unhandled Promise: TypeError: Failed to fetch
=============================
====== JS ERROR CAUGHT ======
Unhandled Promise: TypeError: Failed to fetch
=============================
====== JS ERROR CAUGHT ======
Unhandled Promise: TypeError: Failed to fetch
=============================
====== JS ERROR CAUGHT ======
Unhandled Promise: TypeError: Failed to fetch
=============================
====== JS ERROR CAUGHT ======
Unhandled Promise: TypeError: Failed to fetch
=============================
====== JS ERROR CAUGHT ======
Unhandled Promise: TypeError: Failed to fetch
=============================
====== JS ERROR CAUGHT ======
Unhandled Promise: TypeError: Failed to fetch
=============================
====== JS ERROR CAUGHT ======
Unhandled Promise: TypeError: Failed to fetch
=============================
====== JS ERROR CAUGHT ======
Unhandled Promise: TypeError: Failed to fetch
=============================
====== JS ERROR CAUGHT ======
Unhandled Promise: TypeError: Failed to fetch
=============================
====== JS ERROR CAUGHT ======
Unhandled Promise: TypeError: Failed to fetch
=============================
====== JS ERROR CAUGHT ======
Unhandled Promise: TypeError: Failed to fetch
=============================
====== JS ERROR CAUGHT ======
Unhandled Promise: TypeError: Failed to fetch
=============================
====== JS ERROR CAUGHT ======
Unhandled Promise: TypeError: Failed to fetch
=============================
====== JS ERROR CAUGHT ======
Unhandled Promise: TypeError: Failed to fetch
=============================
====== JS ERROR CAUGHT ======
Unhandled Promise: TypeError: Failed to fetch
=============================
====== JS ERROR CAUGHT ======
Unhandled Promise: TypeError: Failed to fetch
=============================
====== JS ERROR CAUGHT ======
Unhandled Promise: TypeError: Failed to fetch
=============================
====== JS ERROR CAUGHT ======
Unhandled Promise: TypeError: Failed to fetch
=============================
====== JS ERROR CAUGHT ======
Unhandled Promise: TypeError: Failed to fetch
=============================
====== JS ERROR CAUGHT ======
Unhandled Promise: TypeError: Failed to fetch
=============================
====== JS ERROR CAUGHT ======
Unhandled Promise: TypeError: Failed to fetch
=============================
====== JS ERROR CAUGHT ======
Unhandled Promise: TypeError: Failed to fetch
=============================
====== JS ERROR CAUGHT ======
Unhandled Promise: TypeError: Failed to fetch
=============================
====== JS ERROR CAUGHT ======
Unhandled Promise: TypeError: Failed to fetch
=============================
====== JS ERROR CAUGHT ======
Unhandled Promise: TypeError: Failed to fetch
=============================
====== JS ERROR CAUGHT ======
Unhandled Promise: TypeError: Failed to fetch
=============================
====== JS ERROR CAUGHT ======
Unhandled Promise: TypeError: Failed to fetch
=============================
====== JS ERROR CAUGHT ======
Unhandled Promise: TypeError: Failed to fetch
=============================
====== JS ERROR CAUGHT ======
Unhandled Promise: TypeError: Failed to fetch
=============================
====== JS ERROR CAUGHT ======
Unhandled Promise: TypeError: Failed to fetch
=============================
====== JS ERROR CAUGHT ======
Unhandled Promise: TypeError: Failed to fetch
=============================
====== JS ERROR CAUGHT ======
Unhandled Promise: TypeError: Failed to fetch
=============================
====== JS ERROR CAUGHT ======
Unhandled Promise: TypeError: Failed to fetch
=============================
====== JS ERROR CAUGHT ======
Unhandled Promise: TypeError: Failed to fetch
=============================
====== JS ERROR CAUGHT ======
Unhandled Promise: TypeError: Failed to fetch
=============================
====== JS ERROR CAUGHT ======
Unhandled Promise: TypeError: Failed to fetch
=============================
====== JS ERROR CAUGHT ======
Unhandled Promise: TypeError: Failed to fetch
=============================
====== JS ERROR CAUGHT ======
Unhandled Promise: TypeError: Failed to fetch
=============================
====== JS ERROR CAUGHT ======
Unhandled Promise: TypeError: Failed to fetch
=============================
====== JS ERROR CAUGHT ======
Unhandled Promise: TypeError: Failed to fetch
=============================
====== JS ERROR CAUGHT ======
Unhandled Promise: TypeError: Failed to fetch
=============================
====== JS ERROR CAUGHT ======
Unhandled Promise: TypeError: Failed to fetch
=============================
====== JS ERROR CAUGHT ======
Unhandled Promise: TypeError: Failed to fetch
=============================
====== JS ERROR CAUGHT ======
Unhandled Promise: TypeError: Failed to fetch
=============================
====== JS ERROR CAUGHT ======
Unhandled Promise: TypeError: Failed to fetch
=============================
====== JS ERROR CAUGHT ======
Unhandled Promise: TypeError: Failed to fetch
=============================
====== JS ERROR CAUGHT ======
Unhandled Promise: TypeError: Failed to fetch
=============================
====== JS ERROR CAUGHT ======
Unhandled Promise: TypeError: Failed to fetch
=============================
====== JS ERROR CAUGHT ======
Unhandled Promise: TypeError: Failed to fetch
=============================
====== JS ERROR CAUGHT ======
Unhandled Promise: TypeError: Failed to fetch
=============================
====== JS ERROR CAUGHT ======
Unhandled Promise: TypeError: Failed to fetch
=============================
====== JS ERROR CAUGHT ======
Unhandled Promise: TypeError: Failed to fetch
=============================
====== JS ERROR CAUGHT ======
Unhandled Promise: TypeError: Failed to fetch
=============================
====== JS ERROR CAUGHT ======
Unhandled Promise: TypeError: Failed to fetch
=============================
====== JS ERROR CAUGHT ======
Unhandled Promise: TypeError: Failed to fetch
=============================
====== JS ERROR CAUGHT ======
Unhandled Promise: TypeError: Failed to fetch
=============================
====== JS ERROR CAUGHT ======
Unhandled Promise: TypeError: Failed to fetch
=============================
====== JS ERROR CAUGHT ======
Unhandled Promise: TypeError: Failed to fetch
=============================
====== JS ERROR CAUGHT ======
Unhandled Promise: TypeError: Failed to fetch
=============================
====== JS ERROR CAUGHT ======
Unhandled Promise: TypeError: Failed to fetch
=============================
====== JS ERROR CAUGHT ======
Unhandled Promise: TypeError: Failed to fetch
=============================
====== JS ERROR CAUGHT ======
Unhandled Promise: TypeError: Failed to fetch
=============================
====== JS ERROR CAUGHT ======
Unhandled Promise: TypeError: Failed to fetch
=============================
====== JS ERROR CAUGHT ======
Unhandled Promise: TypeError: Failed to fetch
=============================
====== JS ERROR CAUGHT ======
Unhandled Promise: TypeError: Failed to fetch
=============================
====== JS ERROR CAUGHT ======
Unhandled Promise: TypeError: Failed to fetch
=============================
====== JS ERROR CAUGHT ======
Unhandled Promise: TypeError: Failed to fetch
=============================
====== JS ERROR CAUGHT ======
Unhandled Promise: TypeError: Failed to fetch
=============================
====== JS ERROR CAUGHT ======
Unhandled Promise: TypeError: Failed to fetch
=============================
====== JS ERROR CAUGHT ======
Unhandled Promise: TypeError: Failed to fetch
=============================
====== JS ERROR CAUGHT ======
Unhandled Promise: TypeError: Failed to fetch
=============================
====== JS ERROR CAUGHT ======
Unhandled Promise: TypeError: Failed to fetch
=============================
====== JS ERROR CAUGHT ======
Unhandled Promise: TypeError: Failed to fetch
=============================
====== JS ERROR CAUGHT ======
Unhandled Promise: TypeError: Failed to fetch
=============================
====== JS ERROR CAUGHT ======
Unhandled Promise: TypeError: Failed to fetch
=============================
====== JS ERROR CAUGHT ======
Unhandled Promise: TypeError: Failed to fetch
=============================
====== JS ERROR CAUGHT ======
Unhandled Promise: TypeError: Failed to fetch
=============================
====== JS ERROR CAUGHT ======
Unhandled Promise: TypeError: Failed to fetch
=============================
====== JS ERROR CAUGHT ======
Unhandled Promise: TypeError: Failed to fetch
=============================
====== JS ERROR CAUGHT ======
Unhandled Promise: TypeError: Failed to fetch
=============================
====== JS ERROR CAUGHT ======
Unhandled Promise: TypeError: Failed to fetch
=============================
====== JS ERROR CAUGHT ======
Unhandled Promise: TypeError: Failed to fetch
=============================
====== JS ERROR CAUGHT ======
Unhandled Promise: TypeError: Failed to fetch
=============================
====== JS ERROR CAUGHT ======
Unhandled Promise: TypeError: Failed to fetch
=============================
====== JS ERROR CAUGHT ======
Unhandled Promise: TypeError: Failed to fetch
=============================
====== JS ERROR CAUGHT ======
Unhandled Promise: TypeError: Failed to fetch
=============================
====== JS ERROR CAUGHT ======
Unhandled Promise: TypeError: Failed to fetch
=============================
====== JS ERROR CAUGHT ======
Unhandled Promise: TypeError: Failed to fetch
=============================
====== JS ERROR CAUGHT ======
Unhandled Promise: TypeError: Failed to fetch
=============================
====== JS ERROR CAUGHT ======
Unhandled Promise: TypeError: Failed to fetch
=============================
====== JS ERROR CAUGHT ======
Unhandled Promise: TypeError: Failed to fetch
=============================
====== JS ERROR CAUGHT ======
Unhandled Promise: TypeError: Failed to fetch
=============================
====== JS ERROR CAUGHT ======
Unhandled Promise: TypeError: Failed to fetch
=============================
====== JS ERROR CAUGHT ======
Unhandled Promise: TypeError: Failed to fetch
=============================
====== JS ERROR CAUGHT ======
Unhandled Promise: TypeError: Failed to fetch
=============================
====== JS ERROR CAUGHT ======
Unhandled Promise: TypeError: Failed to fetch
=============================
====== JS ERROR CAUGHT ======
Unhandled Promise: TypeError: Failed to fetch
=============================
====== JS ERROR CAUGHT ======
Unhandled Promise: TypeError: Failed to fetch
=============================
====== JS ERROR CAUGHT ======
Unhandled Promise: TypeError: Failed to fetch
=============================
====== JS ERROR CAUGHT ======
Unhandled Promise: TypeError: Failed to fetch
=============================
====== JS ERROR CAUGHT ======
Unhandled Promise: TypeError: Failed to fetch
=============================
====== JS ERROR CAUGHT ======
Unhandled Promise: TypeError: Failed to fetch
=============================
====== JS ERROR CAUGHT ======
Unhandled Promise: TypeError: Failed to fetch
=============================
====== JS ERROR CAUGHT ======
Unhandled Promise: TypeError: Failed to fetch
=============================
====== JS ERROR CAUGHT ======
Unhandled Promise: TypeError: Failed to fetch
=============================
====== JS ERROR CAUGHT ======
Unhandled Promise: TypeError: Failed to fetch
=============================
====== JS ERROR CAUGHT ======
Unhandled Promise: TypeError: Failed to fetch
=============================
====== JS ERROR CAUGHT ======
Unhandled Promise: TypeError: Failed to fetch
=============================
====== JS ERROR CAUGHT ======
Unhandled Promise: TypeError: Failed to fetch
=============================
====== JS ERROR CAUGHT ======
Unhandled Promise: TypeError: Failed to fetch
=============================
====== JS ERROR CAUGHT ======
Unhandled Promise: TypeError: Failed to fetch
=============================
====== JS ERROR CAUGHT ======
Unhandled Promise: TypeError: Failed to fetch
=============================
====== JS ERROR CAUGHT ======
Unhandled Promise: TypeError: Failed to fetch
=============================
====== JS ERROR CAUGHT ======
Unhandled Promise: TypeError: Failed to fetch
=============================
====== JS ERROR CAUGHT ======
Unhandled Promise: TypeError: Failed to fetch
=============================
====== JS ERROR CAUGHT ======
Unhandled Promise: TypeError: Failed to fetch
=============================
====== JS ERROR CAUGHT ======
Unhandled Promise: TypeError: Failed to fetch
=============================
====== JS ERROR CAUGHT ======
Unhandled Promise: TypeError: Failed to fetch
=============================
====== JS ERROR CAUGHT ======
Unhandled Promise: TypeError: Failed to fetch
=============================
====== JS ERROR CAUGHT ======
Unhandled Promise: TypeError: Failed to fetch
=============================
====== JS ERROR CAUGHT ======
Unhandled Promise: TypeError: Failed to fetch
=============================
====== JS ERROR CAUGHT ======
Unhandled Promise: TypeError: Failed to fetch
=============================
====== JS ERROR CAUGHT ======
Unhandled Promise: TypeError: Failed to fetch
=============================
====== JS ERROR CAUGHT ======
Unhandled Promise: TypeError: Failed to fetch
=============================
====== JS ERROR CAUGHT ======
Unhandled Promise: TypeError: Failed to fetch
=============================
====== JS ERROR CAUGHT ======
Unhandled Promise: TypeError: Failed to fetch
=============================
====== JS ERROR CAUGHT ======
Unhandled Promise: TypeError: Failed to fetch
=============================
====== JS ERROR CAUGHT ======
Unhandled Promise: TypeError: Failed to fetch
=============================
====== JS ERROR CAUGHT ======
Unhandled Promise: TypeError: Failed to fetch
=============================
====== JS ERROR CAUGHT ======
Unhandled Promise: TypeError: Failed to fetch
=============================
====== JS ERROR CAUGHT ======
Unhandled Promise: TypeError: Failed to fetch
=============================
====== JS ERROR CAUGHT ======
Unhandled Promise: TypeError: Failed to fetch
=============================
====== JS ERROR CAUGHT ======
Unhandled Promise: TypeError: Failed to fetch
=============================
====== JS ERROR CAUGHT ======
Unhandled Promise: TypeError: Failed to fetch
=============================
====== JS ERROR CAUGHT ======
Unhandled Promise: TypeError: Failed to fetch
=============================
====== JS ERROR CAUGHT ======
Unhandled Promise: TypeError: Failed to fetch
=============================
====== JS ERROR CAUGHT ======
Unhandled Promise: TypeError: Failed to fetch
=============================
====== JS ERROR CAUGHT ======
Unhandled Promise: TypeError: Failed to fetch
=============================
====== JS ERROR CAUGHT ======
Unhandled Promise: TypeError: Failed to fetch
=============================
====== JS ERROR CAUGHT ======
Unhandled Promise: TypeError: Failed to fetch
=============================
====== JS ERROR CAUGHT ======
Unhandled Promise: TypeError: Failed to fetch
=============================
====== JS ERROR CAUGHT ======
Unhandled Promise: TypeError: Failed to fetch
=============================
====== JS ERROR CAUGHT ======
Unhandled Promise: TypeError: Failed to fetch
=============================
====== JS ERROR CAUGHT ======
Unhandled Promise: TypeError: Failed to fetch
=============================
====== JS ERROR CAUGHT ======
Unhandled Promise: TypeError: Failed to fetch
=============================
====== JS ERROR CAUGHT ======
Unhandled Promise: TypeError: Failed to fetch
=============================
====== JS ERROR CAUGHT ======
Unhandled Promise: TypeError: Failed to fetch
=============================
====== JS ERROR CAUGHT ======
Unhandled Promise: TypeError: Failed to fetch
=============================
====== JS ERROR CAUGHT ======
Unhandled Promise: TypeError: Failed to fetch
=============================
====== JS ERROR CAUGHT ======
Unhandled Promise: TypeError: Failed to fetch
=============================
====== JS ERROR CAUGHT ======
Unhandled Promise: TypeError: Failed to fetch
=============================
====== JS ERROR CAUGHT ======
Unhandled Promise: TypeError: Failed to fetch
=============================
====== JS ERROR CAUGHT ======
Unhandled Promise: TypeError: Failed to fetch
=============================
====== JS ERROR CAUGHT ======
Unhandled Promise: TypeError: Failed to fetch
=============================
====== JS ERROR CAUGHT ======
Unhandled Promise: TypeError: Failed to fetch
=============================
====== JS ERROR CAUGHT ======
Unhandled Promise: TypeError: Failed to fetch
=============================
====== JS ERROR CAUGHT ======
Unhandled Promise: TypeError: Failed to fetch
=============================
====== JS ERROR CAUGHT ======
Unhandled Promise: TypeError: Failed to fetch
=============================
====== JS ERROR CAUGHT ======
Unhandled Promise: TypeError: Failed to fetch
=============================
====== JS ERROR CAUGHT ======
Unhandled Promise: TypeError: Failed to fetch
=============================
====== JS ERROR CAUGHT ======
Unhandled Promise: TypeError: Failed to fetch
=============================
====== JS ERROR CAUGHT ======
Unhandled Promise: TypeError: Failed to fetch
=============================
====== JS ERROR CAUGHT ======
Unhandled Promise: TypeError: Failed to fetch
=============================
====== JS ERROR CAUGHT ======
Unhandled Promise: TypeError: Failed to fetch
=============================
====== JS ERROR CAUGHT ======
Unhandled Promise: TypeError: Failed to fetch
=============================
====== JS ERROR CAUGHT ======
Unhandled Promise: TypeError: Failed to fetch
=============================
====== JS ERROR CAUGHT ======
Unhandled Promise: TypeError: Failed to fetch
=============================
====== JS ERROR CAUGHT ======
Unhandled Promise: TypeError: Failed to fetch
=============================
====== JS ERROR CAUGHT ======
Unhandled Promise: TypeError: Failed to fetch
=============================
====== JS ERROR CAUGHT ======
Unhandled Promise: TypeError: Failed to fetch
=============================
====== JS ERROR CAUGHT ======
Unhandled Promise: TypeError: Failed to fetch
=============================
====== JS ERROR CAUGHT ======
Unhandled Promise: TypeError: Failed to fetch
=============================
====== JS ERROR CAUGHT ======
Unhandled Promise: TypeError: Failed to fetch
=============================
====== JS ERROR CAUGHT ======
Unhandled Promise: TypeError: Failed to fetch
=============================
====== JS ERROR CAUGHT ======
Unhandled Promise: TypeError: Failed to fetch
=============================
====== JS ERROR CAUGHT ======
Unhandled Promise: TypeError: Failed to fetch
=============================
====== JS ERROR CAUGHT ======
Unhandled Promise: TypeError: Failed to fetch
=============================
====== JS ERROR CAUGHT ======
Unhandled Promise: TypeError: Failed to fetch
=============================
====== JS ERROR CAUGHT ======
Unhandled Promise: TypeError: Failed to fetch
=============================
====== JS ERROR CAUGHT ======
Unhandled Promise: TypeError: Failed to fetch
=============================
====== JS ERROR CAUGHT ======
Unhandled Promise: TypeError: Failed to fetch
=============================
====== JS ERROR CAUGHT ======
Unhandled Promise: TypeError: Failed to fetch
=============================
====== JS ERROR CAUGHT ======
Unhandled Promise: TypeError: Failed to fetch
=============================
====== JS ERROR CAUGHT ======
Unhandled Promise: TypeError: Failed to fetch
=============================
====== JS ERROR CAUGHT ======
Unhandled Promise: TypeError: Failed to fetch
=============================
====== JS ERROR CAUGHT ======
Unhandled Promise: TypeError: Failed to fetch
=============================
====== JS ERROR CAUGHT ======
Unhandled Promise: TypeError: Failed to fetch
=============================
====== JS ERROR CAUGHT ======
Unhandled Promise: TypeError: Failed to fetch
=============================
====== JS ERROR CAUGHT ======
Unhandled Promise: TypeError: Failed to fetch
=============================
====== JS ERROR CAUGHT ======
Unhandled Promise: TypeError: Failed to fetch
=============================
====== JS ERROR CAUGHT ======
Unhandled Promise: TypeError: Failed to fetch
=============================
====== JS ERROR CAUGHT ======
Unhandled Promise: TypeError: Failed to fetch
=============================
====== JS ERROR CAUGHT ======
Unhandled Promise: TypeError: Failed to fetch
=============================
====== JS ERROR CAUGHT ======
Unhandled Promise: TypeError: Failed to fetch
=============================
====== JS ERROR CAUGHT ======
Unhandled Promise: TypeError: Failed to fetch
=============================
====== JS ERROR CAUGHT ======
Unhandled Promise: TypeError: Failed to fetch
=============================
====== JS ERROR CAUGHT ======
Unhandled Promise: TypeError: Failed to fetch
=============================
====== JS ERROR CAUGHT ======
Unhandled Promise: TypeError: Failed to fetch
=============================
====== JS ERROR CAUGHT ======
Unhandled Promise: TypeError: Failed to fetch
=============================
====== JS ERROR CAUGHT ======
Unhandled Promise: TypeError: Failed to fetch
=============================
====== JS ERROR CAUGHT ======
Unhandled Promise: TypeError: Failed to fetch
=============================
====== JS ERROR CAUGHT ======
Unhandled Promise: TypeError: Failed to fetch
=============================
====== JS ERROR CAUGHT ======
Unhandled Promise: TypeError: Failed to fetch
=============================
====== JS ERROR CAUGHT ======
Unhandled Promise: TypeError: Failed to fetch
=============================
====== JS ERROR CAUGHT ======
Unhandled Promise: TypeError: Failed to fetch
=============================
====== JS ERROR CAUGHT ======
Unhandled Promise: TypeError: Failed to fetch
=============================
====== JS ERROR CAUGHT ======
Unhandled Promise: TypeError: Failed to fetch
=============================
====== JS ERROR CAUGHT ======
Unhandled Promise: TypeError: Failed to fetch
=============================
====== JS ERROR CAUGHT ======
Unhandled Promise: TypeError: Failed to fetch
=============================
====== JS ERROR CAUGHT ======
Unhandled Promise: TypeError: Failed to fetch
=============================
====== JS ERROR CAUGHT ======
Unhandled Promise: TypeError: Failed to fetch
=============================
====== JS ERROR CAUGHT ======
Unhandled Promise: TypeError: Failed to fetch
=============================
====== JS ERROR CAUGHT ======
Unhandled Promise: TypeError: Failed to fetch
=============================
====== JS ERROR CAUGHT ======
Unhandled Promise: TypeError: Failed to fetch
=============================
====== JS ERROR CAUGHT ======
Unhandled Promise: TypeError: Failed to fetch
=============================
====== JS ERROR CAUGHT ======
Unhandled Promise: TypeError: Failed to fetch
=============================
====== JS ERROR CAUGHT ======
Unhandled Promise: TypeError: Failed to fetch
=============================
====== JS ERROR CAUGHT ======
Unhandled Promise: TypeError: Failed to fetch
=============================
====== JS ERROR CAUGHT ======
Unhandled Promise: TypeError: Failed to fetch
=============================
====== JS ERROR CAUGHT ======
Unhandled Promise: TypeError: Failed to fetch
=============================
====== JS ERROR CAUGHT ======
Unhandled Promise: TypeError: Failed to fetch
=============================
====== JS ERROR CAUGHT ======
Unhandled Promise: TypeError: Failed to fetch
=============================
====== JS ERROR CAUGHT ======
Unhandled Promise: TypeError: Failed to fetch
=============================
====== JS ERROR CAUGHT ======
Unhandled Promise: TypeError: Failed to fetch
=============================
====== JS ERROR CAUGHT ======
Unhandled Promise: TypeError: Failed to fetch
=============================
====== JS ERROR CAUGHT ======
Unhandled Promise: TypeError: Failed to fetch
=============================
====== JS ERROR CAUGHT ======
Unhandled Promise: TypeError: Failed to fetch
=============================
====== JS ERROR CAUGHT ======
Unhandled Promise: TypeError: Failed to fetch
=============================
====== JS ERROR CAUGHT ======
Unhandled Promise: TypeError: Failed to fetch
=============================
====== JS ERROR CAUGHT ======
Unhandled Promise: TypeError: Failed to fetch
=============================
====== JS ERROR CAUGHT ======
Unhandled Promise: TypeError: Failed to fetch
=============================
====== JS ERROR CAUGHT ======
Unhandled Promise: TypeError: Failed to fetch
=============================
====== JS ERROR CAUGHT ======
Unhandled Promise: TypeError: Failed to fetch
=============================
====== JS ERROR CAUGHT ======
Unhandled Promise: TypeError: Failed to fetch
=============================
====== JS ERROR CAUGHT ======
Unhandled Promise: TypeError: Failed to fetch
=============================
====== JS ERROR CAUGHT ======
Unhandled Promise: TypeError: Failed to fetch
=============================
====== JS ERROR CAUGHT ======
Unhandled Promise: TypeError: Failed to fetch
=============================
====== JS ERROR CAUGHT ======
Unhandled Promise: TypeError: Failed to fetch
=============================
====== JS ERROR CAUGHT ======
Unhandled Promise: TypeError: Failed to fetch
=============================
====== JS ERROR CAUGHT ======
Unhandled Promise: TypeError: Failed to fetch
=============================
====== JS ERROR CAUGHT ======
Unhandled Promise: TypeError: Failed to fetch
=============================
====== JS ERROR CAUGHT ======
Unhandled Promise: TypeError: Failed to fetch
=============================
====== JS ERROR CAUGHT ======
Unhandled Promise: TypeError: Failed to fetch
=============================
====== JS ERROR CAUGHT ======
Unhandled Promise: TypeError: Failed to fetch
=============================
====== JS ERROR CAUGHT ======
Unhandled Promise: TypeError: Failed to fetch
=============================
====== JS ERROR CAUGHT ======
Unhandled Promise: TypeError: Failed to fetch
=============================
====== JS ERROR CAUGHT ======
Unhandled Promise: TypeError: Failed to fetch
=============================
====== JS ERROR CAUGHT ======
Unhandled Promise: TypeError: Failed to fetch
=============================
====== JS ERROR CAUGHT ======
Unhandled Promise: TypeError: Failed to fetch
=============================
====== JS ERROR CAUGHT ======
Unhandled Promise: TypeError: Failed to fetch
=============================
====== JS ERROR CAUGHT ======
Unhandled Promise: TypeError: Failed to fetch
=============================
====== JS ERROR CAUGHT ======
Unhandled Promise: TypeError: Failed to fetch
=============================
====== JS ERROR CAUGHT ======
Unhandled Promise: TypeError: Failed to fetch
=============================
====== JS ERROR CAUGHT ======
Unhandled Promise: TypeError: Failed to fetch
=============================
====== JS ERROR CAUGHT ======
Unhandled Promise: TypeError: Failed to fetch
=============================
====== JS ERROR CAUGHT ======
Unhandled Promise: TypeError: Failed to fetch
=============================
====== JS ERROR CAUGHT ======
Unhandled Promise: TypeError: Failed to fetch
=============================
====== JS ERROR CAUGHT ======
Unhandled Promise: TypeError: Failed to fetch
=============================
====== JS ERROR CAUGHT ======
Unhandled Promise: TypeError: Failed to fetch
=============================
====== JS ERROR CAUGHT ======
Unhandled Promise: TypeError: Failed to fetch
=============================
====== JS ERROR CAUGHT ======
Unhandled Promise: TypeError: Failed to fetch
=============================
====== JS ERROR CAUGHT ======
Unhandled Promise: TypeError: Failed to fetch
=============================
====== JS ERROR CAUGHT ======
Unhandled Promise: TypeError: Failed to fetch
=============================
====== JS ERROR CAUGHT ======
Unhandled Promise: TypeError: Failed to fetch
=============================
====== JS ERROR CAUGHT ======
Unhandled Promise: TypeError: Failed to fetch
=============================
====== JS ERROR CAUGHT ======
Unhandled Promise: TypeError: Failed to fetch
=============================
====== JS ERROR CAUGHT ======
Unhandled Promise: TypeError: Failed to fetch
=============================
====== JS ERROR CAUGHT ======
Unhandled Promise: TypeError: Failed to fetch
=============================
====== JS ERROR CAUGHT ======
Unhandled Promise: TypeError: Failed to fetch
=============================
====== JS ERROR CAUGHT ======
Unhandled Promise: TypeError: Failed to fetch
=============================
====== JS ERROR CAUGHT ======
Unhandled Promise: TypeError: Failed to fetch
=============================
====== JS ERROR CAUGHT ======
Unhandled Promise: TypeError: Failed to fetch
=============================
====== JS ERROR CAUGHT ======
Unhandled Promise: TypeError: Failed to fetch
=============================
====== JS ERROR CAUGHT ======
Unhandled Promise: TypeError: Failed to fetch
=============================
====== JS ERROR CAUGHT ======
Unhandled Promise: TypeError: Failed to fetch
=============================
====== JS ERROR CAUGHT ======
Unhandled Promise: TypeError: Failed to fetch
=============================
====== JS ERROR CAUGHT ======
Unhandled Promise: TypeError: Failed to fetch
=============================
====== JS ERROR CAUGHT ======
Unhandled Promise: TypeError: Failed to fetch
=============================
====== JS ERROR CAUGHT ======
Unhandled Promise: TypeError: Failed to fetch
=============================
====== JS ERROR CAUGHT ======
Unhandled Promise: TypeError: Failed to fetch
=============================
====== JS ERROR CAUGHT ======
Unhandled Promise: TypeError: Failed to fetch
=============================
====== JS ERROR CAUGHT ======
Unhandled Promise: TypeError: Failed to fetch
=============================
====== JS ERROR CAUGHT ======
Unhandled Promise: TypeError: Failed to fetch
=============================
====== JS ERROR CAUGHT ======
Unhandled Promise: TypeError: Failed to fetch
=============================
====== JS ERROR CAUGHT ======
Unhandled Promise: TypeError: Failed to fetch
=============================
====== JS ERROR CAUGHT ======
Unhandled Promise: TypeError: Failed to fetch
=============================
====== JS ERROR CAUGHT ======
Unhandled Promise: TypeError: Failed to fetch
=============================
====== JS ERROR CAUGHT ======
Unhandled Promise: TypeError: Failed to fetch
=============================
====== JS ERROR CAUGHT ======
Unhandled Promise: TypeError: Failed to fetch
=============================
====== JS ERROR CAUGHT ======
Unhandled Promise: TypeError: Failed to fetch
=============================
====== JS ERROR CAUGHT ======
Unhandled Promise: TypeError: Failed to fetch
=============================
====== JS ERROR CAUGHT ======
Unhandled Promise: TypeError: Failed to fetch
=============================
====== JS ERROR CAUGHT ======
Unhandled Promise: TypeError: Failed to fetch
=============================
====== JS ERROR CAUGHT ======
Unhandled Promise: TypeError: Failed to fetch
=============================
====== JS ERROR CAUGHT ======
Unhandled Promise: TypeError: Failed to fetch
=============================
====== JS ERROR CAUGHT ======
Unhandled Promise: TypeError: Failed to fetch
=============================
====== JS ERROR CAUGHT ======
Unhandled Promise: TypeError: Failed to fetch
=============================
====== JS ERROR CAUGHT ======
Unhandled Promise: TypeError: Failed to fetch
=============================
====== JS ERROR CAUGHT ======
Unhandled Promise: TypeError: Failed to fetch
=============================
====== JS ERROR CAUGHT ======
Unhandled Promise: TypeError: Failed to fetch
=============================
====== JS ERROR CAUGHT ======
Unhandled Promise: TypeError: Failed to fetch
=============================
====== JS ERROR CAUGHT ======
Unhandled Promise: TypeError: Failed to fetch
=============================
====== JS ERROR CAUGHT ======
Unhandled Promise: TypeError: Failed to fetch
=============================
====== JS ERROR CAUGHT ======
Unhandled Promise: TypeError: Failed to fetch
=============================
====== JS ERROR CAUGHT ======
Unhandled Promise: TypeError: Failed to fetch
=============================
====== JS ERROR CAUGHT ======
Unhandled Promise: TypeError: Failed to fetch
=============================
====== JS ERROR CAUGHT ======
Unhandled Promise: TypeError: Failed to fetch
=============================
====== JS ERROR CAUGHT ======
Unhandled Promise: TypeError: Failed to fetch
=============================
====== JS ERROR CAUGHT ======
Unhandled Promise: TypeError: Failed to fetch
=============================
====== JS ERROR CAUGHT ======
Unhandled Promise: TypeError: Failed to fetch
=============================
====== JS ERROR CAUGHT ======
Unhandled Promise: TypeError: Failed to fetch
=============================
====== JS ERROR CAUGHT ======
Unhandled Promise: TypeError: Failed to fetch
=============================
====== JS ERROR CAUGHT ======
Unhandled Promise: TypeError: Failed to fetch
=============================
====== JS ERROR CAUGHT ======
Unhandled Promise: TypeError: Failed to fetch
=============================
====== JS ERROR CAUGHT ======
Unhandled Promise: TypeError: Failed to fetch
=============================
====== JS ERROR CAUGHT ======
Unhandled Promise: TypeError: Failed to fetch
=============================
====== JS ERROR CAUGHT ======
Unhandled Promise: TypeError: Failed to fetch
=============================
====== JS ERROR CAUGHT ======
Unhandled Promise: TypeError: Failed to fetch
=============================
====== JS ERROR CAUGHT ======
Unhandled Promise: TypeError: Failed to fetch
=============================
====== JS ERROR CAUGHT ======
Unhandled Promise: TypeError: Failed to fetch
=============================
====== JS ERROR CAUGHT ======
Unhandled Promise: TypeError: Failed to fetch
=============================
====== JS ERROR CAUGHT ======
Unhandled Promise: TypeError: Failed to fetch
=============================
====== JS ERROR CAUGHT ======
Unhandled Promise: TypeError: Failed to fetch
=============================
====== JS ERROR CAUGHT ======
Unhandled Promise: TypeError: Failed to fetch
=============================
====== JS ERROR CAUGHT ======
Unhandled Promise: TypeError: Failed to fetch
=============================
====== JS ERROR CAUGHT ======
Unhandled Promise: TypeError: Failed to fetch
=============================
====== JS ERROR CAUGHT ======
Unhandled Promise: TypeError: Failed to fetch
=============================
====== JS ERROR CAUGHT ======
Unhandled Promise: TypeError: Failed to fetch
=============================
====== JS ERROR CAUGHT ======
Unhandled Promise: TypeError: Failed to fetch
=============================
====== JS ERROR CAUGHT ======
Unhandled Promise: TypeError: Failed to fetch
=============================
====== JS ERROR CAUGHT ======
Unhandled Promise: TypeError: Failed to fetch
=============================
====== JS ERROR CAUGHT ======
Unhandled Promise: TypeError: Failed to fetch
=============================
====== JS ERROR CAUGHT ======
Unhandled Promise: TypeError: Failed to fetch
=============================
====== JS ERROR CAUGHT ======
Unhandled Promise: TypeError: Failed to fetch
=============================
====== JS ERROR CAUGHT ======
Unhandled Promise: TypeError: Failed to fetch
=============================
====== JS ERROR CAUGHT ======
Unhandled Promise: TypeError: Failed to fetch
=============================
====== JS ERROR CAUGHT ======
Unhandled Promise: TypeError: Failed to fetch
=============================
====== JS ERROR CAUGHT ======
Unhandled Promise: TypeError: Failed to fetch
=============================
====== JS ERROR CAUGHT ======
Unhandled Promise: TypeError: Failed to fetch
=============================
====== JS ERROR CAUGHT ======
Unhandled Promise: TypeError: Failed to fetch
=============================
====== JS ERROR CAUGHT ======
Unhandled Promise: TypeError: Failed to fetch
=============================
====== JS ERROR CAUGHT ======
Unhandled Promise: TypeError: Failed to fetch
=============================
====== JS ERROR CAUGHT ======
Unhandled Promise: TypeError: Failed to fetch
=============================
====== JS ERROR CAUGHT ======
Unhandled Promise: TypeError: Failed to fetch
=============================
====== JS ERROR CAUGHT ======
Unhandled Promise: TypeError: Failed to fetch
=============================
====== JS ERROR CAUGHT ======
Unhandled Promise: TypeError: Failed to fetch
=============================
====== JS ERROR CAUGHT ======
Unhandled Promise: TypeError: Failed to fetch
=============================
====== JS ERROR CAUGHT ======
Unhandled Promise: TypeError: Failed to fetch
=============================
====== JS ERROR CAUGHT ======
Unhandled Promise: TypeError: Failed to fetch
=============================
====== JS ERROR CAUGHT ======
Unhandled Promise: TypeError: Failed to fetch
=============================
====== JS ERROR CAUGHT ======
Unhandled Promise: TypeError: Failed to fetch
=============================
====== JS ERROR CAUGHT ======
Unhandled Promise: TypeError: Failed to fetch
=============================
====== JS ERROR CAUGHT ======
Unhandled Promise: TypeError: Failed to fetch
=============================
====== JS ERROR CAUGHT ======
Unhandled Promise: TypeError: Failed to fetch
=============================
====== JS ERROR CAUGHT ======
Unhandled Promise: TypeError: Failed to fetch
=============================
====== JS ERROR CAUGHT ======
Unhandled Promise: TypeError: Failed to fetch
=============================
====== JS ERROR CAUGHT ======
Unhandled Promise: TypeError: Failed to fetch
=============================
====== JS ERROR CAUGHT ======
Unhandled Promise: TypeError: Failed to fetch
=============================
====== JS ERROR CAUGHT ======
Unhandled Promise: TypeError: Failed to fetch
=============================
====== JS ERROR CAUGHT ======
Unhandled Promise: TypeError: Failed to fetch
=============================
====== JS ERROR CAUGHT ======
Unhandled Promise: TypeError: Failed to fetch
=============================
====== JS ERROR CAUGHT ======
Unhandled Promise: TypeError: Failed to fetch
=============================
====== JS ERROR CAUGHT ======
Unhandled Promise: TypeError: Failed to fetch
=============================
====== JS ERROR CAUGHT ======
Unhandled Promise: TypeError: Failed to fetch
=============================
====== JS ERROR CAUGHT ======
Unhandled Promise: TypeError: Failed to fetch
=============================
====== JS ERROR CAUGHT ======
Unhandled Promise: TypeError: Failed to fetch
=============================
====== JS ERROR CAUGHT ======
Unhandled Promise: TypeError: Failed to fetch
=============================
====== JS ERROR CAUGHT ======
Unhandled Promise: TypeError: Failed to fetch
=============================
====== JS ERROR CAUGHT ======
Unhandled Promise: TypeError: Failed to fetch
=============================
====== JS ERROR CAUGHT ======
Unhandled Promise: TypeError: Failed to fetch
=============================
====== JS ERROR CAUGHT ======
Unhandled Promise: TypeError: Failed to fetch
=============================
====== JS ERROR CAUGHT ======
Unhandled Promise: TypeError: Failed to fetch
=============================
====== JS ERROR CAUGHT ======
Unhandled Promise: TypeError: Failed to fetch
=============================
====== JS ERROR CAUGHT ======
Unhandled Promise: TypeError: Failed to fetch
=============================
====== JS ERROR CAUGHT ======
Unhandled Promise: TypeError: Failed to fetch
=============================
====== JS ERROR CAUGHT ======
Unhandled Promise: TypeError: Failed to fetch
=============================
====== JS ERROR CAUGHT ======
Unhandled Promise: TypeError: Failed to fetch
=============================
====== JS ERROR CAUGHT ======
Unhandled Promise: TypeError: Failed to fetch
=============================
====== JS ERROR CAUGHT ======
Unhandled Promise: TypeError: Failed to fetch
=============================
====== JS ERROR CAUGHT ======
Unhandled Promise: TypeError: Failed to fetch
=============================
====== JS ERROR CAUGHT ======
Unhandled Promise: TypeError: Failed to fetch
=============================
====== JS ERROR CAUGHT ======
Unhandled Promise: TypeError: Failed to fetch
=============================
====== JS ERROR CAUGHT ======
Unhandled Promise: TypeError: Failed to fetch
=============================
====== JS ERROR CAUGHT ======
Unhandled Promise: TypeError: Failed to fetch
=============================
====== JS ERROR CAUGHT ======
Unhandled Promise: TypeError: Failed to fetch
=============================
====== JS ERROR CAUGHT ======
Unhandled Promise: TypeError: Failed to fetch
=============================
====== JS ERROR CAUGHT ======
Unhandled Promise: TypeError: Failed to fetch
=============================
====== JS ERROR CAUGHT ======
Unhandled Promise: TypeError: Failed to fetch
=============================
====== JS ERROR CAUGHT ======
Unhandled Promise: TypeError: Failed to fetch
=============================
====== JS ERROR CAUGHT ======
Unhandled Promise: TypeError: Failed to fetch
=============================
====== JS ERROR CAUGHT ======
Unhandled Promise: TypeError: Failed to fetch
=============================
====== JS ERROR CAUGHT ======
Unhandled Promise: TypeError: Failed to fetch
=============================
====== JS ERROR CAUGHT ======
Unhandled Promise: TypeError: Failed to fetch
=============================
====== JS ERROR CAUGHT ======
Unhandled Promise: TypeError: Failed to fetch
=============================
====== JS ERROR CAUGHT ======
Unhandled Promise: TypeError: Failed to fetch
=============================
====== JS ERROR CAUGHT ======
Unhandled Promise: TypeError: Failed to fetch
=============================
====== JS ERROR CAUGHT ======
Unhandled Promise: TypeError: Failed to fetch
=============================
====== JS ERROR CAUGHT ======
Unhandled Promise: TypeError: Failed to fetch
=============================
====== JS ERROR CAUGHT ======
Unhandled Promise: TypeError: Failed to fetch
=============================
====== JS ERROR CAUGHT ======
Unhandled Promise: TypeError: Failed to fetch
=============================
====== JS ERROR CAUGHT ======
Unhandled Promise: TypeError: Failed to fetch
=============================
====== JS ERROR CAUGHT ======
Unhandled Promise: TypeError: Failed to fetch
=============================
====== JS ERROR CAUGHT ======
Unhandled Promise: TypeError: Failed to fetch
=============================
====== JS ERROR CAUGHT ======
Unhandled Promise: TypeError: Failed to fetch
=============================
====== JS ERROR CAUGHT ======
Unhandled Promise: TypeError: Failed to fetch
=============================
====== JS ERROR CAUGHT ======
Unhandled Promise: TypeError: Failed to fetch
=============================
====== JS ERROR CAUGHT ======
Unhandled Promise: TypeError: Failed to fetch
=============================
====== JS ERROR CAUGHT ======
Unhandled Promise: TypeError: Failed to fetch
=============================
====== JS ERROR CAUGHT ======
Unhandled Promise: TypeError: Failed to fetch
=============================
====== JS ERROR CAUGHT ======
Unhandled Promise: TypeError: Failed to fetch
=============================
====== JS ERROR CAUGHT ======
Unhandled Promise: TypeError: Failed to fetch
=============================
====== JS ERROR CAUGHT ======
Unhandled Promise: TypeError: Failed to fetch
=============================
====== JS ERROR CAUGHT ======
Unhandled Promise: TypeError: Failed to fetch
=============================
====== JS ERROR CAUGHT ======
Unhandled Promise: TypeError: Failed to fetch
=============================
====== JS ERROR CAUGHT ======
Unhandled Promise: TypeError: Failed to fetch
=============================
====== JS ERROR CAUGHT ======
Unhandled Promise: TypeError: Failed to fetch
=============================
====== JS ERROR CAUGHT ======
Unhandled Promise: TypeError: Failed to fetch
=============================
====== JS ERROR CAUGHT ======
Unhandled Promise: TypeError: Failed to fetch
=============================
====== JS ERROR CAUGHT ======
Unhandled Promise: TypeError: Failed to fetch
=============================
====== JS ERROR CAUGHT ======
Unhandled Promise: TypeError: Failed to fetch
=============================
====== JS ERROR CAUGHT ======
Unhandled Promise: TypeError: Failed to fetch
=============================
====== JS ERROR CAUGHT ======
Unhandled Promise: TypeError: Failed to fetch
=============================
====== JS ERROR CAUGHT ======
Unhandled Promise: TypeError: Failed to fetch
=============================
====== JS ERROR CAUGHT ======
Unhandled Promise: TypeError: Failed to fetch
=============================
====== JS ERROR CAUGHT ======
Unhandled Promise: TypeError: Failed to fetch
=============================
====== JS ERROR CAUGHT ======
Unhandled Promise: TypeError: Failed to fetch
=============================
====== JS ERROR CAUGHT ======
Unhandled Promise: TypeError: Failed to fetch
=============================
====== JS ERROR CAUGHT ======
Unhandled Promise: TypeError: Failed to fetch
=============================
====== JS ERROR CAUGHT ======
Unhandled Promise: TypeError: Failed to fetch
=============================
====== JS ERROR CAUGHT ======
Unhandled Promise: TypeError: Failed to fetch
=============================
====== JS ERROR CAUGHT ======
Unhandled Promise: TypeError: Failed to fetch
=============================
====== JS ERROR CAUGHT ======
Unhandled Promise: TypeError: Failed to fetch
=============================
====== JS ERROR CAUGHT ======
Unhandled Promise: TypeError: Failed to fetch
=============================
====== JS ERROR CAUGHT ======
Unhandled Promise: TypeError: Failed to fetch
=============================
====== JS ERROR CAUGHT ======
Unhandled Promise: TypeError: Failed to fetch
=============================
====== JS ERROR CAUGHT ======
Unhandled Promise: TypeError: Failed to fetch
=============================
====== JS ERROR CAUGHT ======
Unhandled Promise: TypeError: Failed to fetch
=============================
====== JS ERROR CAUGHT ======
Unhandled Promise: TypeError: Failed to fetch
=============================
====== JS ERROR CAUGHT ======
Unhandled Promise: TypeError: Failed to fetch
=============================
====== JS ERROR CAUGHT ======
Unhandled Promise: TypeError: Failed to fetch
=============================
====== JS ERROR CAUGHT ======
Unhandled Promise: TypeError: Failed to fetch
=============================
====== JS ERROR CAUGHT ======
Unhandled Promise: TypeError: Failed to fetch
=============================
====== JS ERROR CAUGHT ======
Unhandled Promise: TypeError: Failed to fetch
=============================
====== JS ERROR CAUGHT ======
Unhandled Promise: TypeError: Failed to fetch
=============================
====== JS ERROR CAUGHT ======
Unhandled Promise: TypeError: Failed to fetch
=============================
====== JS ERROR CAUGHT ======
Unhandled Promise: TypeError: Failed to fetch
=============================
====== JS ERROR CAUGHT ======
Unhandled Promise: TypeError: Failed to fetch
=============================
====== JS ERROR CAUGHT ======
Unhandled Promise: TypeError: Failed to fetch
=============================
====== JS ERROR CAUGHT ======
Unhandled Promise: TypeError: Failed to fetch
=============================
====== JS ERROR CAUGHT ======
Unhandled Promise: TypeError: Failed to fetch
=============================
====== JS ERROR CAUGHT ======
Unhandled Promise: TypeError: Failed to fetch
=============================
====== JS ERROR CAUGHT ======
Unhandled Promise: TypeError: Failed to fetch
=============================
====== JS ERROR CAUGHT ======
Unhandled Promise: TypeError: Failed to fetch
=============================
====== JS ERROR CAUGHT ======
Unhandled Promise: TypeError: Failed to fetch
=============================
====== JS ERROR CAUGHT ======
Unhandled Promise: TypeError: Failed to fetch
=============================
====== JS ERROR CAUGHT ======
Unhandled Promise: TypeError: Failed to fetch
=============================
====== JS ERROR CAUGHT ======
Unhandled Promise: TypeError: Failed to fetch
=============================
====== JS ERROR CAUGHT ======
Unhandled Promise: TypeError: Failed to fetch
=============================
====== JS ERROR CAUGHT ======
Unhandled Promise: TypeError: Failed to fetch
=============================
====== JS ERROR CAUGHT ======
Unhandled Promise: TypeError: Failed to fetch
=============================
====== JS ERROR CAUGHT ======
Unhandled Promise: TypeError: Failed to fetch
=============================
====== JS ERROR CAUGHT ======
Unhandled Promise: TypeError: Failed to fetch
=============================
====== JS ERROR CAUGHT ======
Unhandled Promise: TypeError: Failed to fetch
=============================
====== JS ERROR CAUGHT ======
Unhandled Promise: TypeError: Failed to fetch
=============================
====== JS ERROR CAUGHT ======
Unhandled Promise: TypeError: Failed to fetch
=============================
====== JS ERROR CAUGHT ======
Unhandled Promise: TypeError: Failed to fetch
=============================
====== JS ERROR CAUGHT ======
Unhandled Promise: TypeError: Failed to fetch
=============================
====== JS ERROR CAUGHT ======
Unhandled Promise: TypeError: Failed to fetch
=============================
====== JS ERROR CAUGHT ======
Unhandled Promise: TypeError: Failed to fetch
=============================
====== JS ERROR CAUGHT ======
Unhandled Promise: TypeError: Failed to fetch
=============================
====== JS ERROR CAUGHT ======
Unhandled Promise: TypeError: Failed to fetch
=============================
====== JS ERROR CAUGHT ======
Unhandled Promise: TypeError: Failed to fetch
=============================
====== JS ERROR CAUGHT ======
Unhandled Promise: TypeError: Failed to fetch
=============================
====== JS ERROR CAUGHT ======
Unhandled Promise: TypeError: Failed to fetch
=============================
====== JS ERROR CAUGHT ======
Unhandled Promise: TypeError: Failed to fetch
=============================
====== JS ERROR CAUGHT ======
Unhandled Promise: TypeError: Failed to fetch
=============================
====== JS ERROR CAUGHT ======
Unhandled Promise: TypeError: Failed to fetch
=============================
====== JS ERROR CAUGHT ======
Unhandled Promise: TypeError: Failed to fetch
=============================
====== JS ERROR CAUGHT ======
Unhandled Promise: TypeError: Failed to fetch
=============================
====== JS ERROR CAUGHT ======
Unhandled Promise: TypeError: Failed to fetch
=============================
====== JS ERROR CAUGHT ======
Unhandled Promise: TypeError: Failed to fetch
=============================
====== JS ERROR CAUGHT ======
Unhandled Promise: TypeError: Failed to fetch
=============================
====== JS ERROR CAUGHT ======
Unhandled Promise: TypeError: Failed to fetch
=============================
====== JS ERROR CAUGHT ======
Unhandled Promise: TypeError: Failed to fetch
=============================
====== JS ERROR CAUGHT ======
Unhandled Promise: TypeError: Failed to fetch
=============================
====== JS ERROR CAUGHT ======
Unhandled Promise: TypeError: Failed to fetch
=============================
====== JS ERROR CAUGHT ======
Unhandled Promise: TypeError: Failed to fetch
=============================
====== JS ERROR CAUGHT ======
Unhandled Promise: TypeError: Failed to fetch
=============================
====== JS ERROR CAUGHT ======
Unhandled Promise: TypeError: Failed to fetch
=============================
====== JS ERROR CAUGHT ======
Unhandled Promise: TypeError: Failed to fetch
=============================
====== JS ERROR CAUGHT ======
Unhandled Promise: TypeError: Failed to fetch
=============================
====== JS ERROR CAUGHT ======
Unhandled Promise: TypeError: Failed to fetch
=============================
====== JS ERROR CAUGHT ======
Unhandled Promise: TypeError: Failed to fetch
=============================
====== JS ERROR CAUGHT ======
Unhandled Promise: TypeError: Failed to fetch
=============================
====== JS ERROR CAUGHT ======
Unhandled Promise: TypeError: Failed to fetch
=============================
====== JS ERROR CAUGHT ======
Unhandled Promise: TypeError: Failed to fetch
=============================
====== JS ERROR CAUGHT ======
Unhandled Promise: TypeError: Failed to fetch
=============================
====== JS ERROR CAUGHT ======
Unhandled Promise: TypeError: Failed to fetch
=============================
====== JS ERROR CAUGHT ======
Unhandled Promise: TypeError: Failed to fetch
=============================
====== JS ERROR CAUGHT ======
Unhandled Promise: TypeError: Failed to fetch
=============================
====== JS ERROR CAUGHT ======
Unhandled Promise: TypeError: Failed to fetch
=============================
====== JS ERROR CAUGHT ======
Unhandled Promise: TypeError: Failed to fetch
=============================
====== JS ERROR CAUGHT ======
Unhandled Promise: TypeError: Failed to fetch
=============================
====== JS ERROR CAUGHT ======
Unhandled Promise: TypeError: Failed to fetch
=============================
====== JS ERROR CAUGHT ======
Unhandled Promise: TypeError: Failed to fetch
=============================
====== JS ERROR CAUGHT ======
Unhandled Promise: TypeError: Failed to fetch
=============================
====== JS ERROR CAUGHT ======
Unhandled Promise: TypeError: Failed to fetch
=============================
====== JS ERROR CAUGHT ======
Unhandled Promise: TypeError: Failed to fetch
=============================
====== JS ERROR CAUGHT ======
Unhandled Promise: TypeError: Failed to fetch
=============================
====== JS ERROR CAUGHT ======
Unhandled Promise: TypeError: Failed to fetch
=============================
====== JS ERROR CAUGHT ======
Unhandled Promise: TypeError: Failed to fetch
=============================
====== JS ERROR CAUGHT ======
Unhandled Promise: TypeError: Failed to fetch
=============================
====== JS ERROR CAUGHT ======
Unhandled Promise: TypeError: Failed to fetch
=============================
====== JS ERROR CAUGHT ======
Unhandled Promise: TypeError: Failed to fetch
=============================
====== JS ERROR CAUGHT ======
Unhandled Promise: TypeError: Failed to fetch
=============================
====== JS ERROR CAUGHT ======
Unhandled Promise: TypeError: Failed to fetch
=============================
====== JS ERROR CAUGHT ======
Unhandled Promise: TypeError: Failed to fetch
=============================
====== JS ERROR CAUGHT ======
Unhandled Promise: TypeError: Failed to fetch
=============================
====== JS ERROR CAUGHT ======
Unhandled Promise: TypeError: Failed to fetch
=============================
====== JS ERROR CAUGHT ======
Unhandled Promise: TypeError: Failed to fetch
=============================
====== JS ERROR CAUGHT ======
Unhandled Promise: TypeError: Failed to fetch
=============================
====== JS ERROR CAUGHT ======
Unhandled Promise: TypeError: Failed to fetch
=============================
====== JS ERROR CAUGHT ======
Unhandled Promise: TypeError: Failed to fetch
=============================
====== JS ERROR CAUGHT ======
Unhandled Promise: TypeError: Failed to fetch
=============================
====== JS ERROR CAUGHT ======
Unhandled Promise: TypeError: Failed to fetch
=============================
====== JS ERROR CAUGHT ======
Unhandled Promise: TypeError: Failed to fetch
=============================
====== JS ERROR CAUGHT ======
Unhandled Promise: TypeError: Failed to fetch
=============================
====== JS ERROR CAUGHT ======
Unhandled Promise: TypeError: Failed to fetch
=============================
====== JS ERROR CAUGHT ======
Unhandled Promise: TypeError: Failed to fetch
=============================
====== JS ERROR CAUGHT ======
Unhandled Promise: TypeError: Failed to fetch
=============================
====== JS ERROR CAUGHT ======
Unhandled Promise: TypeError: Failed to fetch
=============================
====== JS ERROR CAUGHT ======
Unhandled Promise: TypeError: Failed to fetch
=============================
====== JS ERROR CAUGHT ======
Unhandled Promise: TypeError: Failed to fetch
=============================
====== JS ERROR CAUGHT ======
Unhandled Promise: TypeError: Failed to fetch
=============================
====== JS ERROR CAUGHT ======
Unhandled Promise: TypeError: Failed to fetch
=============================
====== JS ERROR CAUGHT ======
Unhandled Promise: TypeError: Failed to fetch
=============================
====== JS ERROR CAUGHT ======
Unhandled Promise: TypeError: Failed to fetch
=============================
====== JS ERROR CAUGHT ======
Unhandled Promise: TypeError: Failed to fetch
=============================
====== JS ERROR CAUGHT ======
Unhandled Promise: TypeError: Failed to fetch
=============================
====== JS ERROR CAUGHT ======
Unhandled Promise: TypeError: Failed to fetch
=============================
====== JS ERROR CAUGHT ======
Unhandled Promise: TypeError: Failed to fetch
=============================
====== JS ERROR CAUGHT ======
Unhandled Promise: TypeError: Failed to fetch
=============================
====== JS ERROR CAUGHT ======
Unhandled Promise: TypeError: Failed to fetch
=============================
====== JS ERROR CAUGHT ======
Unhandled Promise: TypeError: Failed to fetch
=============================
====== JS ERROR CAUGHT ======
Unhandled Promise: TypeError: Failed to fetch
=============================
====== JS ERROR CAUGHT ======
Unhandled Promise: TypeError: Failed to fetch
=============================
====== JS ERROR CAUGHT ======
Unhandled Promise: TypeError: Failed to fetch
=============================
====== JS ERROR CAUGHT ======
Unhandled Promise: TypeError: Failed to fetch
=============================
====== JS ERROR CAUGHT ======
Unhandled Promise: TypeError: Failed to fetch
=============================
====== JS ERROR CAUGHT ======
Unhandled Promise: TypeError: Failed to fetch
=============================
====== JS ERROR CAUGHT ======
Unhandled Promise: TypeError: Failed to fetch
=============================
====== JS ERROR CAUGHT ======
Unhandled Promise: TypeError: Failed to fetch
=============================
====== JS ERROR CAUGHT ======
Unhandled Promise: TypeError: Failed to fetch
=============================
====== JS ERROR CAUGHT ======
Unhandled Promise: TypeError: Failed to fetch
=============================
====== JS ERROR CAUGHT ======
Unhandled Promise: TypeError: Failed to fetch
=============================
====== JS ERROR CAUGHT ======
Unhandled Promise: TypeError: Failed to fetch
=============================
====== JS ERROR CAUGHT ======
Unhandled Promise: TypeError: Failed to fetch
=============================
====== JS ERROR CAUGHT ======
Unhandled Promise: TypeError: Failed to fetch
=============================
====== JS ERROR CAUGHT ======
Unhandled Promise: TypeError: Failed to fetch
=============================
====== JS ERROR CAUGHT ======
Unhandled Promise: TypeError: Failed to fetch
=============================
====== JS ERROR CAUGHT ======
Unhandled Promise: TypeError: Failed to fetch
=============================
====== JS ERROR CAUGHT ======
Unhandled Promise: TypeError: Failed to fetch
=============================
====== JS ERROR CAUGHT ======
Unhandled Promise: TypeError: Failed to fetch
=============================
====== JS ERROR CAUGHT ======
Unhandled Promise: TypeError: Failed to fetch
=============================
====== JS ERROR CAUGHT ======
Unhandled Promise: TypeError: Failed to fetch
=============================
====== JS ERROR CAUGHT ======
Unhandled Promise: TypeError: Failed to fetch
=============================
====== JS ERROR CAUGHT ======
Unhandled Promise: TypeError: Failed to fetch
=============================
====== JS ERROR CAUGHT ======
Unhandled Promise: TypeError: Failed to fetch
=============================
====== JS ERROR CAUGHT ======
Unhandled Promise: TypeError: Failed to fetch
=============================
====== JS ERROR CAUGHT ======
Unhandled Promise: TypeError: Failed to fetch
=============================
====== JS ERROR CAUGHT ======
Unhandled Promise: TypeError: Failed to fetch
=============================
====== JS ERROR CAUGHT ======
Unhandled Promise: TypeError: Failed to fetch
=============================
====== JS ERROR CAUGHT ======
Unhandled Promise: TypeError: Failed to fetch
=============================
====== JS ERROR CAUGHT ======
Unhandled Promise: TypeError: Failed to fetch
=============================
====== JS ERROR CAUGHT ======
Unhandled Promise: TypeError: Failed to fetch
=============================
====== JS ERROR CAUGHT ======
Unhandled Promise: TypeError: Failed to fetch
=============================
====== JS ERROR CAUGHT ======
Unhandled Promise: TypeError: Failed to fetch
=============================
====== JS ERROR CAUGHT ======
Unhandled Promise: TypeError: Failed to fetch
=============================
====== JS ERROR CAUGHT ======
Unhandled Promise: TypeError: Failed to fetch
=============================
====== JS ERROR CAUGHT ======
Unhandled Promise: TypeError: Failed to fetch
=============================
====== JS ERROR CAUGHT ======
Unhandled Promise: TypeError: Failed to fetch
=============================
====== JS ERROR CAUGHT ======
Unhandled Promise: TypeError: Failed to fetch
=============================
====== JS ERROR CAUGHT ======
Unhandled Promise: TypeError: Failed to fetch
=============================
====== JS ERROR CAUGHT ======
Unhandled Promise: TypeError: Failed to fetch
=============================
====== JS ERROR CAUGHT ======
Unhandled Promise: TypeError: Failed to fetch
=============================
====== JS ERROR CAUGHT ======
Unhandled Promise: TypeError: Failed to fetch
=============================
====== JS ERROR CAUGHT ======
Unhandled Promise: TypeError: Failed to fetch
=============================
====== JS ERROR CAUGHT ======
Unhandled Promise: TypeError: Failed to fetch
=============================
====== JS ERROR CAUGHT ======
Unhandled Promise: TypeError: Failed to fetch
=============================
====== JS ERROR CAUGHT ======
Unhandled Promise: TypeError: Failed to fetch
=============================
====== JS ERROR CAUGHT ======
Unhandled Promise: TypeError: Failed to fetch
=============================
====== JS ERROR CAUGHT ======
Unhandled Promise: TypeError: Failed to fetch
=============================
====== JS ERROR CAUGHT ======
Unhandled Promise: TypeError: Failed to fetch
=============================
====== JS ERROR CAUGHT ======
Unhandled Promise: TypeError: Failed to fetch
=============================
====== JS ERROR CAUGHT ======
Unhandled Promise: TypeError: Failed to fetch
=============================
====== JS ERROR CAUGHT ======
Unhandled Promise: TypeError: Failed to fetch
=============================
====== JS ERROR CAUGHT ======
Unhandled Promise: TypeError: Failed to fetch
=============================
====== JS ERROR CAUGHT ======
Unhandled Promise: TypeError: Failed to fetch
=============================
====== JS ERROR CAUGHT ======
Unhandled Promise: TypeError: Failed to fetch
=============================
====== JS ERROR CAUGHT ======
Unhandled Promise: TypeError: Failed to fetch
=============================
====== JS ERROR CAUGHT ======
Unhandled Promise: TypeError: Failed to fetch
=============================
====== JS ERROR CAUGHT ======
Unhandled Promise: TypeError: Failed to fetch
=============================
====== JS ERROR CAUGHT ======
Unhandled Promise: TypeError: Failed to fetch
=============================
====== JS ERROR CAUGHT ======
Unhandled Promise: TypeError: Failed to fetch
=============================
====== JS ERROR CAUGHT ======
Unhandled Promise: TypeError: Failed to fetch
=============================
====== JS ERROR CAUGHT ======
Unhandled Promise: TypeError: Failed to fetch
=============================
====== JS ERROR CAUGHT ======
Unhandled Promise: TypeError: Failed to fetch
=============================
====== JS ERROR CAUGHT ======
Unhandled Promise: TypeError: Failed to fetch
=============================
====== JS ERROR CAUGHT ======
Unhandled Promise: TypeError: Failed to fetch
=============================
====== JS ERROR CAUGHT ======
Unhandled Promise: TypeError: Failed to fetch
=============================
====== JS ERROR CAUGHT ======
Unhandled Promise: TypeError: Failed to fetch
=============================
====== JS ERROR CAUGHT ======
Unhandled Promise: TypeError: Failed to fetch
=============================
====== JS ERROR CAUGHT ======
Unhandled Promise: TypeError: Failed to fetch
=============================
====== JS ERROR CAUGHT ======
Unhandled Promise: TypeError: Failed to fetch
=============================
====== JS ERROR CAUGHT ======
Unhandled Promise: TypeError: Failed to fetch
=============================
====== JS ERROR CAUGHT ======
Unhandled Promise: TypeError: Failed to fetch
=============================
====== JS ERROR CAUGHT ======
Unhandled Promise: TypeError: Failed to fetch
=============================
====== JS ERROR CAUGHT ======
Unhandled Promise: TypeError: Failed to fetch
=============================
====== JS ERROR CAUGHT ======
Unhandled Promise: TypeError: Failed to fetch
=============================
====== JS ERROR CAUGHT ======
Unhandled Promise: TypeError: Failed to fetch
=============================
====== JS ERROR CAUGHT ======
Unhandled Promise: TypeError: Failed to fetch
=============================
====== JS ERROR CAUGHT ======
Unhandled Promise: TypeError: Failed to fetch
=============================
====== JS ERROR CAUGHT ======
Unhandled Promise: TypeError: Failed to fetch
=============================
====== JS ERROR CAUGHT ======
Unhandled Promise: TypeError: Failed to fetch
=============================
====== JS ERROR CAUGHT ======
Unhandled Promise: TypeError: Failed to fetch
=============================
====== JS ERROR CAUGHT ======
Unhandled Promise: TypeError: Failed to fetch
=============================
====== JS ERROR CAUGHT ======
Unhandled Promise: TypeError: Failed to fetch
=============================
====== JS ERROR CAUGHT ======
Unhandled Promise: TypeError: Failed to fetch
=============================
====== JS ERROR CAUGHT ======
Unhandled Promise: TypeError: Failed to fetch
=============================
====== JS ERROR CAUGHT ======
Unhandled Promise: TypeError: Failed to fetch
=============================
====== JS ERROR CAUGHT ======
Unhandled Promise: TypeError: Failed to fetch
=============================
====== JS ERROR CAUGHT ======
Unhandled Promise: TypeError: Failed to fetch
=============================
====== JS ERROR CAUGHT ======
Unhandled Promise: TypeError: Failed to fetch
=============================
====== JS ERROR CAUGHT ======
Unhandled Promise: TypeError: Failed to fetch
=============================
====== JS ERROR CAUGHT ======
Unhandled Promise: TypeError: Failed to fetch
=============================
====== JS ERROR CAUGHT ======
Unhandled Promise: TypeError: Failed to fetch
=============================
====== JS ERROR CAUGHT ======
Unhandled Promise: TypeError: Failed to fetch
=============================
====== JS ERROR CAUGHT ======
Unhandled Promise: TypeError: Failed to fetch
=============================
====== JS ERROR CAUGHT ======
Unhandled Promise: TypeError: Failed to fetch
=============================
====== JS ERROR CAUGHT ======
Unhandled Promise: TypeError: Failed to fetch
=============================
====== JS ERROR CAUGHT ======
Unhandled Promise: TypeError: Failed to fetch
=============================
====== JS ERROR CAUGHT ======
Unhandled Promise: TypeError: Failed to fetch
=============================
====== JS ERROR CAUGHT ======
Unhandled Promise: TypeError: Failed to fetch
=============================
====== JS ERROR CAUGHT ======
Unhandled Promise: TypeError: Failed to fetch
=============================
====== JS ERROR CAUGHT ======
Unhandled Promise: TypeError: Failed to fetch
=============================
====== JS ERROR CAUGHT ======
Unhandled Promise: TypeError: Failed to fetch
=============================
====== JS ERROR CAUGHT ======
Unhandled Promise: TypeError: Failed to fetch
=============================
====== JS ERROR CAUGHT ======
Unhandled Promise: TypeError: Failed to fetch
=============================
====== JS ERROR CAUGHT ======
Unhandled Promise: TypeError: Failed to fetch
=============================
====== JS ERROR CAUGHT ======
Unhandled Promise: TypeError: Failed to fetch
=============================
====== JS ERROR CAUGHT ======
Unhandled Promise: TypeError: Failed to fetch
=============================
====== JS ERROR CAUGHT ======
Unhandled Promise: TypeError: Failed to fetch
=============================
====== JS ERROR CAUGHT ======
Unhandled Promise: TypeError: Failed to fetch
=============================
====== JS ERROR CAUGHT ======
Unhandled Promise: TypeError: Failed to fetch
=============================
====== JS ERROR CAUGHT ======
Unhandled Promise: TypeError: Failed to fetch
=============================
====== JS ERROR CAUGHT ======
Unhandled Promise: TypeError: Failed to fetch
=============================
====== JS ERROR CAUGHT ======
Unhandled Promise: TypeError: Failed to fetch
=============================
====== JS ERROR CAUGHT ======
Unhandled Promise: TypeError: Failed to fetch
=============================
====== JS ERROR CAUGHT ======
Unhandled Promise: TypeError: Failed to fetch
=============================
====== JS ERROR CAUGHT ======
Unhandled Promise: TypeError: Failed to fetch
=============================
====== JS ERROR CAUGHT ======
Unhandled Promise: TypeError: Failed to fetch
=============================
====== JS ERROR CAUGHT ======
Unhandled Promise: TypeError: Failed to fetch
=============================
====== JS ERROR CAUGHT ======
Unhandled Promise: TypeError: Failed to fetch
=============================
====== JS ERROR CAUGHT ======
Unhandled Promise: TypeError: Failed to fetch
=============================
====== JS ERROR CAUGHT ======
Unhandled Promise: TypeError: Failed to fetch
=============================
====== JS ERROR CAUGHT ======
Unhandled Promise: TypeError: Failed to fetch
=============================
====== JS ERROR CAUGHT ======
Unhandled Promise: TypeError: Failed to fetch
=============================
====== JS ERROR CAUGHT ======
Unhandled Promise: TypeError: Failed to fetch
=============================
====== JS ERROR CAUGHT ======
Unhandled Promise: TypeError: Failed to fetch
=============================
====== JS ERROR CAUGHT ======
Unhandled Promise: TypeError: Failed to fetch
=============================
====== JS ERROR CAUGHT ======
Unhandled Promise: TypeError: Failed to fetch
=============================
====== JS ERROR CAUGHT ======
Unhandled Promise: TypeError: Failed to fetch
=============================
====== JS ERROR CAUGHT ======
Unhandled Promise: TypeError: Failed to fetch
=============================
====== JS ERROR CAUGHT ======
Unhandled Promise: TypeError: Failed to fetch
=============================
====== JS ERROR CAUGHT ======
Unhandled Promise: TypeError: Failed to fetch
=============================
====== JS ERROR CAUGHT ======
Unhandled Promise: TypeError: Failed to fetch
=============================
====== JS ERROR CAUGHT ======
Unhandled Promise: TypeError: Failed to fetch
=============================
====== JS ERROR CAUGHT ======
Unhandled Promise: TypeError: Failed to fetch
=============================
====== JS ERROR CAUGHT ======
Unhandled Promise: TypeError: Failed to fetch
=============================
====== JS ERROR CAUGHT ======
Unhandled Promise: TypeError: Failed to fetch
=============================
====== JS ERROR CAUGHT ======
Unhandled Promise: TypeError: Failed to fetch
=============================
====== JS ERROR CAUGHT ======
Unhandled Promise: TypeError: Failed to fetch
=============================
====== JS ERROR CAUGHT ======
Unhandled Promise: TypeError: Failed to fetch
=============================
====== JS ERROR CAUGHT ======
Unhandled Promise: TypeError: Failed to fetch
=============================
====== JS ERROR CAUGHT ======
Unhandled Promise: TypeError: Failed to fetch
=============================
====== JS ERROR CAUGHT ======
Unhandled Promise: TypeError: Failed to fetch
=============================
====== JS ERROR CAUGHT ======
Unhandled Promise: TypeError: Failed to fetch
=============================
====== JS ERROR CAUGHT ======
Unhandled Promise: TypeError: Failed to fetch
=============================
====== JS ERROR CAUGHT ======
Unhandled Promise: TypeError: Failed to fetch
=============================
====== JS ERROR CAUGHT ======
Unhandled Promise: TypeError: Failed to fetch
=============================
====== JS ERROR CAUGHT ======
Unhandled Promise: TypeError: Failed to fetch
=============================
====== JS ERROR CAUGHT ======
Unhandled Promise: TypeError: Failed to fetch
=============================
====== JS ERROR CAUGHT ======
Unhandled Promise: TypeError: Failed to fetch
=============================
====== JS ERROR CAUGHT ======
Unhandled Promise: TypeError: Failed to fetch
=============================
====== JS ERROR CAUGHT ======
Unhandled Promise: TypeError: Failed to fetch
=============================
====== JS ERROR CAUGHT ======
Unhandled Promise: TypeError: Failed to fetch
=============================
====== JS ERROR CAUGHT ======
Unhandled Promise: TypeError: Failed to fetch
=============================
====== JS ERROR CAUGHT ======
Unhandled Promise: TypeError: Failed to fetch
=============================
====== JS ERROR CAUGHT ======
Unhandled Promise: TypeError: Failed to fetch
=============================
====== JS ERROR CAUGHT ======
Unhandled Promise: TypeError: Failed to fetch
=============================
====== JS ERROR CAUGHT ======
Unhandled Promise: TypeError: Failed to fetch
=============================
====== JS ERROR CAUGHT ======
Unhandled Promise: TypeError: Failed to fetch
=============================
====== JS ERROR CAUGHT ======
Unhandled Promise: TypeError: Failed to fetch
=============================
====== JS ERROR CAUGHT ======
Unhandled Promise: TypeError: Failed to fetch
=============================
====== JS ERROR CAUGHT ======
Unhandled Promise: TypeError: Failed to fetch
=============================
====== JS ERROR CAUGHT ======
Unhandled Promise: TypeError: Failed to fetch
=============================
====== JS ERROR CAUGHT ======
Unhandled Promise: TypeError: Failed to fetch
=============================
====== JS ERROR CAUGHT ======
Unhandled Promise: TypeError: Failed to fetch
=============================
====== JS ERROR CAUGHT ======
Unhandled Promise: TypeError: Failed to fetch
=============================
====== JS ERROR CAUGHT ======
Unhandled Promise: TypeError: Failed to fetch
=============================
====== JS ERROR CAUGHT ======
Unhandled Promise: TypeError: Failed to fetch
=============================
====== JS ERROR CAUGHT ======
Unhandled Promise: TypeError: Failed to fetch
=============================
====== JS ERROR CAUGHT ======
Unhandled Promise: TypeError: Failed to fetch
=============================
====== JS ERROR CAUGHT ======
Unhandled Promise: TypeError: Failed to fetch
=============================
====== JS ERROR CAUGHT ======
Unhandled Promise: TypeError: Failed to fetch
=============================
====== JS ERROR CAUGHT ======
Unhandled Promise: TypeError: Failed to fetch
=============================
====== JS ERROR CAUGHT ======
Unhandled Promise: TypeError: Failed to fetch
=============================
====== JS ERROR CAUGHT ======
Unhandled Promise: TypeError: Failed to fetch
=============================
====== JS ERROR CAUGHT ======
Unhandled Promise: TypeError: Failed to fetch
=============================
====== JS ERROR CAUGHT ======
Unhandled Promise: TypeError: Failed to fetch
=============================
====== JS ERROR CAUGHT ======
Unhandled Promise: TypeError: Failed to fetch
=============================
====== JS ERROR CAUGHT ======
Unhandled Promise: TypeError: Failed to fetch
=============================
====== JS ERROR CAUGHT ======
Unhandled Promise: TypeError: Failed to fetch
=============================
====== JS ERROR CAUGHT ======
Unhandled Promise: TypeError: Failed to fetch
=============================
====== JS ERROR CAUGHT ======
Unhandled Promise: TypeError: Failed to fetch
=============================
====== JS ERROR CAUGHT ======
Unhandled Promise: TypeError: Failed to fetch
=============================
====== JS ERROR CAUGHT ======
Unhandled Promise: TypeError: Failed to fetch
=============================
====== JS ERROR CAUGHT ======
Unhandled Promise: TypeError: Failed to fetch
=============================
====== JS ERROR CAUGHT ======
Unhandled Promise: TypeError: Failed to fetch
=============================
====== JS ERROR CAUGHT ======
Unhandled Promise: TypeError: Failed to fetch
=============================
====== JS ERROR CAUGHT ======
Unhandled Promise: TypeError: Failed to fetch
=============================
====== JS ERROR CAUGHT ======
Unhandled Promise: TypeError: Failed to fetch
=============================
====== JS ERROR CAUGHT ======
Unhandled Promise: TypeError: Failed to fetch
=============================
====== JS ERROR CAUGHT ======
Unhandled Promise: TypeError: Failed to fetch
=============================
====== JS ERROR CAUGHT ======
Unhandled Promise: TypeError: Failed to fetch
=============================
====== JS ERROR CAUGHT ======
Unhandled Promise: TypeError: Failed to fetch
=============================
====== JS ERROR CAUGHT ======
Unhandled Promise: TypeError: Failed to fetch
=============================
====== JS ERROR CAUGHT ======
Unhandled Promise: TypeError: Failed to fetch
=============================
====== JS ERROR CAUGHT ======
Unhandled Promise: TypeError: Failed to fetch
=============================
====== JS ERROR CAUGHT ======
Unhandled Promise: TypeError: Failed to fetch
=============================
====== JS ERROR CAUGHT ======
Unhandled Promise: TypeError: Failed to fetch
=============================
====== JS ERROR CAUGHT ======
Unhandled Promise: TypeError: Failed to fetch
=============================
====== JS ERROR CAUGHT ======
Unhandled Promise: TypeError: Failed to fetch
=============================
====== JS ERROR CAUGHT ======
Unhandled Promise: TypeError: Failed to fetch
=============================
====== JS ERROR CAUGHT ======
Unhandled Promise: TypeError: Failed to fetch
=============================
====== JS ERROR CAUGHT ======
Unhandled Promise: TypeError: Failed to fetch
=============================
====== JS ERROR CAUGHT ======
Unhandled Promise: TypeError: Failed to fetch
=============================
====== JS ERROR CAUGHT ======
Unhandled Promise: TypeError: Failed to fetch
=============================
====== JS ERROR CAUGHT ======
Unhandled Promise: TypeError: Failed to fetch
=============================
====== JS ERROR CAUGHT ======
Unhandled Promise: TypeError: Failed to fetch
=============================
====== JS ERROR CAUGHT ======
Unhandled Promise: TypeError: Failed to fetch
=============================
====== JS ERROR CAUGHT ======
Unhandled Promise: TypeError: Failed to fetch
=============================
====== JS ERROR CAUGHT ======
Unhandled Promise: TypeError: Failed to fetch
=============================
====== JS ERROR CAUGHT ======
Unhandled Promise: TypeError: Failed to fetch
=============================
====== JS ERROR CAUGHT ======
Unhandled Promise: TypeError: Failed to fetch
=============================
====== JS ERROR CAUGHT ======
Unhandled Promise: TypeError: Failed to fetch
=============================
====== JS ERROR CAUGHT ======
Unhandled Promise: TypeError: Failed to fetch
=============================
====== JS ERROR CAUGHT ======
Unhandled Promise: TypeError: Failed to fetch
=============================
====== JS ERROR CAUGHT ======
Unhandled Promise: TypeError: Failed to fetch
=============================
====== JS ERROR CAUGHT ======
Unhandled Promise: TypeError: Failed to fetch
=============================
====== JS ERROR CAUGHT ======
Unhandled Promise: TypeError: Failed to fetch
=============================
====== JS ERROR CAUGHT ======
Unhandled Promise: TypeError: Failed to fetch
=============================
====== JS ERROR CAUGHT ======
Unhandled Promise: TypeError: Failed to fetch
=============================
====== JS ERROR CAUGHT ======
Unhandled Promise: TypeError: Failed to fetch
=============================
====== JS ERROR CAUGHT ======
Unhandled Promise: TypeError: Failed to fetch
=============================
====== JS ERROR CAUGHT ======
Unhandled Promise: TypeError: Failed to fetch
=============================
====== JS ERROR CAUGHT ======
Unhandled Promise: TypeError: Failed to fetch
=============================
====== JS ERROR CAUGHT ======
Unhandled Promise: TypeError: Failed to fetch
=============================
====== JS ERROR CAUGHT ======
Unhandled Promise: TypeError: Failed to fetch
=============================
====== JS ERROR CAUGHT ======
Unhandled Promise: TypeError: Failed to fetch
=============================
====== JS ERROR CAUGHT ======
Unhandled Promise: TypeError: Failed to fetch
=============================
====== JS ERROR CAUGHT ======
Unhandled Promise: TypeError: Failed to fetch
=============================
====== JS ERROR CAUGHT ======
Unhandled Promise: TypeError: Failed to fetch
=============================
====== JS ERROR CAUGHT ======
Unhandled Promise: TypeError: Failed to fetch
=============================
====== JS ERROR CAUGHT ======
Unhandled Promise: TypeError: Failed to fetch
=============================
====== JS ERROR CAUGHT ======
Unhandled Promise: TypeError: Failed to fetch
=============================
====== JS ERROR CAUGHT ======
Unhandled Promise: TypeError: Failed to fetch
=============================
====== JS ERROR CAUGHT ======
Unhandled Promise: TypeError: Failed to fetch
=============================
====== JS ERROR CAUGHT ======
Unhandled Promise: TypeError: Failed to fetch
=============================
====== JS ERROR CAUGHT ======
Unhandled Promise: TypeError: Failed to fetch
=============================
====== JS ERROR CAUGHT ======
Unhandled Promise: TypeError: Failed to fetch
=============================
====== JS ERROR CAUGHT ======
Unhandled Promise: TypeError: Failed to fetch
=============================
====== JS ERROR CAUGHT ======
Unhandled Promise: TypeError: Failed to fetch
=============================
====== JS ERROR CAUGHT ======
Unhandled Promise: TypeError: Failed to fetch
=============================
====== JS ERROR CAUGHT ======
Unhandled Promise: TypeError: Failed to fetch
=============================
====== JS ERROR CAUGHT ======
Unhandled Promise: TypeError: Failed to fetch
=============================
====== JS ERROR CAUGHT ======
Unhandled Promise: TypeError: Failed to fetch
=============================
====== JS ERROR CAUGHT ======
Unhandled Promise: TypeError: Failed to fetch
=============================
====== JS ERROR CAUGHT ======
Unhandled Promise: TypeError: Failed to fetch
=============================
====== JS ERROR CAUGHT ======
Unhandled Promise: TypeError: Failed to fetch
=============================
====== JS ERROR CAUGHT ======
Unhandled Promise: TypeError: Failed to fetch
=============================
====== JS ERROR CAUGHT ======
Unhandled Promise: TypeError: Failed to fetch
=============================
====== JS ERROR CAUGHT ======
Unhandled Promise: TypeError: Failed to fetch
=============================
====== JS ERROR CAUGHT ======
Unhandled Promise: TypeError: Failed to fetch
=============================
====== JS ERROR CAUGHT ======
Unhandled Promise: TypeError: Failed to fetch
=============================
====== JS ERROR CAUGHT ======
Unhandled Promise: TypeError: Failed to fetch
=============================
====== JS ERROR CAUGHT ======
Unhandled Promise: TypeError: Failed to fetch
=============================
====== JS ERROR CAUGHT ======
Unhandled Promise: TypeError: Failed to fetch
=============================
====== JS ERROR CAUGHT ======
Unhandled Promise: TypeError: Failed to fetch
=============================
====== JS ERROR CAUGHT ======
Unhandled Promise: TypeError: Failed to fetch
=============================
====== JS ERROR CAUGHT ======
Unhandled Promise: TypeError: Failed to fetch
=============================
====== JS ERROR CAUGHT ======
Unhandled Promise: TypeError: Failed to fetch
=============================
====== JS ERROR CAUGHT ======
Unhandled Promise: TypeError: Failed to fetch
=============================
====== JS ERROR CAUGHT ======
Unhandled Promise: TypeError: Failed to fetch
=============================
====== JS ERROR CAUGHT ======
Unhandled Promise: TypeError: Failed to fetch
=============================
====== JS ERROR CAUGHT ======
Unhandled Promise: TypeError: Failed to fetch
=============================
====== JS ERROR CAUGHT ======
Unhandled Promise: TypeError: Failed to fetch
=============================
====== JS ERROR CAUGHT ======
Unhandled Promise: TypeError: Failed to fetch
=============================
====== JS ERROR CAUGHT ======
Unhandled Promise: TypeError: Failed to fetch
=============================
====== JS ERROR CAUGHT ======
Unhandled Promise: TypeError: Failed to fetch
=============================
====== JS ERROR CAUGHT ======
Unhandled Promise: TypeError: Failed to fetch
=============================
====== JS ERROR CAUGHT ======
Unhandled Promise: TypeError: Failed to fetch
=============================
====== JS ERROR CAUGHT ======
Unhandled Promise: TypeError: Failed to fetch
=============================
====== JS ERROR CAUGHT ======
Unhandled Promise: TypeError: Failed to fetch
=============================
====== JS ERROR CAUGHT ======
Unhandled Promise: TypeError: Failed to fetch
=============================
====== JS ERROR CAUGHT ======
Unhandled Promise: TypeError: Failed to fetch
=============================
====== JS ERROR CAUGHT ======
Unhandled Promise: TypeError: Failed to fetch
=============================
====== JS ERROR CAUGHT ======
Unhandled Promise: TypeError: Failed to fetch
=============================
====== JS ERROR CAUGHT ======
Unhandled Promise: TypeError: Failed to fetch
=============================
====== JS ERROR CAUGHT ======
Unhandled Promise: TypeError: Failed to fetch
=============================
====== JS ERROR CAUGHT ======
Unhandled Promise: TypeError: Failed to fetch
=============================
====== JS ERROR CAUGHT ======
Unhandled Promise: TypeError: Failed to fetch
=============================
====== JS ERROR CAUGHT ======
Unhandled Promise: TypeError: Failed to fetch
=============================
====== JS ERROR CAUGHT ======
Unhandled Promise: TypeError: Failed to fetch
=============================
====== JS ERROR CAUGHT ======
Unhandled Promise: TypeError: Failed to fetch
=============================
====== JS ERROR CAUGHT ======
Unhandled Promise: TypeError: Failed to fetch
=============================
====== JS ERROR CAUGHT ======
Unhandled Promise: TypeError: Failed to fetch
=============================
====== JS ERROR CAUGHT ======
Unhandled Promise: TypeError: Failed to fetch
=============================
====== JS ERROR CAUGHT ======
Unhandled Promise: TypeError: Failed to fetch
=============================
====== JS ERROR CAUGHT ======
Unhandled Promise: TypeError: Failed to fetch
=============================
====== JS ERROR CAUGHT ======
Unhandled Promise: TypeError: Failed to fetch
=============================
====== JS ERROR CAUGHT ======
Unhandled Promise: TypeError: Failed to fetch
=============================
====== JS ERROR CAUGHT ======
Unhandled Promise: TypeError: Failed to fetch
=============================
====== JS ERROR CAUGHT ======
Unhandled Promise: TypeError: Failed to fetch
=============================
====== JS ERROR CAUGHT ======
Unhandled Promise: TypeError: Failed to fetch
=============================
====== JS ERROR CAUGHT ======
Unhandled Promise: TypeError: Failed to fetch
=============================
====== JS ERROR CAUGHT ======
Unhandled Promise: TypeError: Failed to fetch
=============================
====== JS ERROR CAUGHT ======
Unhandled Promise: TypeError: Failed to fetch
=============================
====== JS ERROR CAUGHT ======
Unhandled Promise: TypeError: Failed to fetch
=============================
====== JS ERROR CAUGHT ======
Unhandled Promise: TypeError: Failed to fetch
=============================
====== JS ERROR CAUGHT ======
Unhandled Promise: TypeError: Failed to fetch
=============================
====== JS ERROR CAUGHT ======
Unhandled Promise: TypeError: Failed to fetch
=============================
====== JS ERROR CAUGHT ======
Unhandled Promise: TypeError: Failed to fetch
=============================
====== JS ERROR CAUGHT ======
Unhandled Promise: TypeError: Failed to fetch
=============================
====== JS ERROR CAUGHT ======
Unhandled Promise: TypeError: Failed to fetch
=============================
====== JS ERROR CAUGHT ======
Unhandled Promise: TypeError: Failed to fetch
=============================
====== JS ERROR CAUGHT ======
Unhandled Promise: TypeError: Failed to fetch
=============================
====== JS ERROR CAUGHT ======
Unhandled Promise: TypeError: Failed to fetch
=============================
====== JS ERROR CAUGHT ======
Unhandled Promise: TypeError: Failed to fetch
=============================
====== JS ERROR CAUGHT ======
Unhandled Promise: TypeError: Failed to fetch
=============================
====== JS ERROR CAUGHT ======
Unhandled Promise: TypeError: Failed to fetch
=============================
====== JS ERROR CAUGHT ======
Unhandled Promise: TypeError: Failed to fetch
=============================
====== JS ERROR CAUGHT ======
Unhandled Promise: TypeError: Failed to fetch
=============================
====== JS ERROR CAUGHT ======
Unhandled Promise: TypeError: Failed to fetch
=============================
====== JS ERROR CAUGHT ======
Unhandled Promise: TypeError: Failed to fetch
=============================
====== JS ERROR CAUGHT ======
Unhandled Promise: TypeError: Failed to fetch
=============================
====== JS ERROR CAUGHT ======
Unhandled Promise: TypeError: Failed to fetch
=============================
====== JS ERROR CAUGHT ======
Unhandled Promise: TypeError: Failed to fetch
=============================
====== JS ERROR CAUGHT ======
Unhandled Promise: TypeError: Failed to fetch
=============================
====== JS ERROR CAUGHT ======
Unhandled Promise: TypeError: Failed to fetch
=============================
====== JS ERROR CAUGHT ======
Unhandled Promise: TypeError: Failed to fetch
=============================
====== JS ERROR CAUGHT ======
Unhandled Promise: TypeError: Failed to fetch
=============================
====== JS ERROR CAUGHT ======
Unhandled Promise: TypeError: Failed to fetch
=============================
====== JS ERROR CAUGHT ======
Unhandled Promise: TypeError: Failed to fetch
=============================
====== JS ERROR CAUGHT ======
Unhandled Promise: TypeError: Failed to fetch
=============================
====== JS ERROR CAUGHT ======
Unhandled Promise: TypeError: Failed to fetch
=============================
====== JS ERROR CAUGHT ======
Unhandled Promise: TypeError: Failed to fetch
=============================
====== JS ERROR CAUGHT ======
Unhandled Promise: TypeError: Failed to fetch
=============================
====== JS ERROR CAUGHT ======
Unhandled Promise: TypeError: Failed to fetch
=============================
====== JS ERROR CAUGHT ======
Unhandled Promise: TypeError: Failed to fetch
=============================
====== JS ERROR CAUGHT ======
Unhandled Promise: TypeError: Failed to fetch
=============================
====== JS ERROR CAUGHT ======
Unhandled Promise: TypeError: Failed to fetch
=============================
====== JS ERROR CAUGHT ======
Unhandled Promise: TypeError: Failed to fetch
=============================
====== JS ERROR CAUGHT ======
Unhandled Promise: TypeError: Failed to fetch
=============================
====== JS ERROR CAUGHT ======
Unhandled Promise: TypeError: Failed to fetch
=============================
====== JS ERROR CAUGHT ======
Unhandled Promise: TypeError: Failed to fetch
=============================
====== JS ERROR CAUGHT ======
Unhandled Promise: TypeError: Failed to fetch
=============================
====== JS ERROR CAUGHT ======
Unhandled Promise: TypeError: Failed to fetch
=============================
====== JS ERROR CAUGHT ======
Unhandled Promise: TypeError: Failed to fetch
=============================
====== JS ERROR CAUGHT ======
Unhandled Promise: TypeError: Failed to fetch
=============================
====== JS ERROR CAUGHT ======
Unhandled Promise: TypeError: Failed to fetch
=============================
====== JS ERROR CAUGHT ======
Unhandled Promise: TypeError: Failed to fetch
=============================
====== JS ERROR CAUGHT ======
Unhandled Promise: TypeError: Failed to fetch
=============================
====== JS ERROR CAUGHT ======
Unhandled Promise: TypeError: Failed to fetch
=============================
====== JS ERROR CAUGHT ======
Unhandled Promise: TypeError: Failed to fetch
=============================
====== JS ERROR CAUGHT ======
Unhandled Promise: TypeError: Failed to fetch
=============================
====== JS ERROR CAUGHT ======
Unhandled Promise: TypeError: Failed to fetch
=============================
====== JS ERROR CAUGHT ======
Unhandled Promise: TypeError: Failed to fetch
=============================
====== JS ERROR CAUGHT ======
Unhandled Promise: TypeError: Failed to fetch
=============================
====== JS ERROR CAUGHT ======
Unhandled Promise: TypeError: Failed to fetch
=============================
====== JS ERROR CAUGHT ======
Unhandled Promise: TypeError: Failed to fetch
=============================
====== JS ERROR CAUGHT ======
Unhandled Promise: TypeError: Failed to fetch
=============================
====== JS ERROR CAUGHT ======
Unhandled Promise: TypeError: Failed to fetch
=============================
====== JS ERROR CAUGHT ======
Unhandled Promise: TypeError: Failed to fetch
=============================
====== JS ERROR CAUGHT ======
Unhandled Promise: TypeError: Failed to fetch
=============================
====== JS ERROR CAUGHT ======
Unhandled Promise: TypeError: Failed to fetch
=============================
====== JS ERROR CAUGHT ======
Unhandled Promise: TypeError: Failed to fetch
=============================
====== JS ERROR CAUGHT ======
Unhandled Promise: TypeError: Failed to fetch
=============================
====== JS ERROR CAUGHT ======
Unhandled Promise: TypeError: Failed to fetch
=============================
====== JS ERROR CAUGHT ======
Unhandled Promise: TypeError: Failed to fetch
=============================
====== JS ERROR CAUGHT ======
Unhandled Promise: TypeError: Failed to fetch
=============================
====== JS ERROR CAUGHT ======
Unhandled Promise: TypeError: Failed to fetch
=============================
====== JS ERROR CAUGHT ======
Unhandled Promise: TypeError: Failed to fetch
=============================
====== JS ERROR CAUGHT ======
Unhandled Promise: TypeError: Failed to fetch
=============================
====== JS ERROR CAUGHT ======
Unhandled Promise: TypeError: Failed to fetch
=============================
====== JS ERROR CAUGHT ======
Unhandled Promise: TypeError: Failed to fetch
=============================
====== JS ERROR CAUGHT ======
Unhandled Promise: TypeError: Failed to fetch
=============================
====== JS ERROR CAUGHT ======
Unhandled Promise: TypeError: Failed to fetch
=============================
====== JS ERROR CAUGHT ======
Unhandled Promise: TypeError: Failed to fetch
=============================
====== JS ERROR CAUGHT ======
Unhandled Promise: TypeError: Failed to fetch
=============================
====== JS ERROR CAUGHT ======
Unhandled Promise: TypeError: Failed to fetch
=============================
====== JS ERROR CAUGHT ======
Unhandled Promise: TypeError: Failed to fetch
=============================
====== JS ERROR CAUGHT ======
Unhandled Promise: TypeError: Failed to fetch
=============================
====== JS ERROR CAUGHT ======
Unhandled Promise: TypeError: Failed to fetch
=============================
====== JS ERROR CAUGHT ======
Unhandled Promise: TypeError: Failed to fetch
=============================
====== JS ERROR CAUGHT ======
Unhandled Promise: TypeError: Failed to fetch
=============================
====== JS ERROR CAUGHT ======
Unhandled Promise: TypeError: Failed to fetch
=============================
====== JS ERROR CAUGHT ======
Unhandled Promise: TypeError: Failed to fetch
=============================
====== JS ERROR CAUGHT ======
Unhandled Promise: TypeError: Failed to fetch
=============================
====== JS ERROR CAUGHT ======
Unhandled Promise: TypeError: Failed to fetch
=============================
====== JS ERROR CAUGHT ======
Unhandled Promise: TypeError: Failed to fetch
=============================
====== JS ERROR CAUGHT ======
Unhandled Promise: TypeError: Failed to fetch
=============================
====== JS ERROR CAUGHT ======
Unhandled Promise: TypeError: Failed to fetch
=============================
====== JS ERROR CAUGHT ======
Unhandled Promise: TypeError: Failed to fetch
=============================
====== JS ERROR CAUGHT ======
Unhandled Promise: TypeError: Failed to fetch
=============================
====== JS ERROR CAUGHT ======
Unhandled Promise: TypeError: Failed to fetch
=============================
====== JS ERROR CAUGHT ======
Unhandled Promise: TypeError: Failed to fetch
=============================
====== JS ERROR CAUGHT ======
Unhandled Promise: TypeError: Failed to fetch
=============================
====== JS ERROR CAUGHT ======
Unhandled Promise: TypeError: Failed to fetch
=============================
====== JS ERROR CAUGHT ======
Unhandled Promise: TypeError: Failed to fetch
=============================
====== JS ERROR CAUGHT ======
Unhandled Promise: TypeError: Failed to fetch
=============================
====== JS ERROR CAUGHT ======
Unhandled Promise: TypeError: Failed to fetch
=============================
====== JS ERROR CAUGHT ======
Unhandled Promise: TypeError: Failed to fetch
=============================
====== JS ERROR CAUGHT ======
Unhandled Promise: TypeError: Failed to fetch
=============================
====== JS ERROR CAUGHT ======
Unhandled Promise: TypeError: Failed to fetch
=============================
====== JS ERROR CAUGHT ======
Unhandled Promise: TypeError: Failed to fetch
=============================
====== JS ERROR CAUGHT ======
Unhandled Promise: TypeError: Failed to fetch
=============================
====== JS ERROR CAUGHT ======
Unhandled Promise: TypeError: Failed to fetch
=============================
====== JS ERROR CAUGHT ======
Unhandled Promise: TypeError: Failed to fetch
=============================
====== JS ERROR CAUGHT ======
Unhandled Promise: TypeError: Failed to fetch
=============================
====== JS ERROR CAUGHT ======
Unhandled Promise: TypeError: Failed to fetch
=============================
====== JS ERROR CAUGHT ======
Unhandled Promise: TypeError: Failed to fetch
=============================
====== JS ERROR CAUGHT ======
Unhandled Promise: TypeError: Failed to fetch
=============================
====== JS ERROR CAUGHT ======
Unhandled Promise: TypeError: Failed to fetch
=============================
====== JS ERROR CAUGHT ======
Unhandled Promise: TypeError: Failed to fetch
=============================
====== JS ERROR CAUGHT ======
Unhandled Promise: TypeError: Failed to fetch
=============================
====== JS ERROR CAUGHT ======
Unhandled Promise: TypeError: Failed to fetch
=============================
====== JS ERROR CAUGHT ======
Unhandled Promise: TypeError: Failed to fetch
=============================
====== JS ERROR CAUGHT ======
Unhandled Promise: TypeError: Failed to fetch
=============================
====== JS ERROR CAUGHT ======
Unhandled Promise: TypeError: Failed to fetch
=============================
====== JS ERROR CAUGHT ======
Unhandled Promise: TypeError: Failed to fetch
=============================
====== JS ERROR CAUGHT ======
Unhandled Promise: TypeError: Failed to fetch
=============================
====== JS ERROR CAUGHT ======
Unhandled Promise: TypeError: Failed to fetch
=============================
====== JS ERROR CAUGHT ======
Unhandled Promise: TypeError: Failed to fetch
=============================
====== JS ERROR CAUGHT ======
Unhandled Promise: TypeError: Failed to fetch
=============================
====== JS ERROR CAUGHT ======
Unhandled Promise: TypeError: Failed to fetch
=============================
====== JS ERROR CAUGHT ======
Unhandled Promise: TypeError: Failed to fetch
=============================
====== JS ERROR CAUGHT ======
Unhandled Promise: TypeError: Failed to fetch
=============================
====== JS ERROR CAUGHT ======
Unhandled Promise: TypeError: Failed to fetch
=============================
====== JS ERROR CAUGHT ======
Unhandled Promise: TypeError: Failed to fetch
=============================
====== JS ERROR CAUGHT ======
Unhandled Promise: TypeError: Failed to fetch
=============================
====== JS ERROR CAUGHT ======
Unhandled Promise: TypeError: Failed to fetch
=============================
====== JS ERROR CAUGHT ======
Unhandled Promise: TypeError: Failed to fetch
=============================
====== JS ERROR CAUGHT ======
Unhandled Promise: TypeError: Failed to fetch
=============================
====== JS ERROR CAUGHT ======
Unhandled Promise: TypeError: Failed to fetch
=============================
====== JS ERROR CAUGHT ======
Unhandled Promise: TypeError: Failed to fetch
=============================
====== JS ERROR CAUGHT ======
Unhandled Promise: TypeError: Failed to fetch
=============================
====== JS ERROR CAUGHT ======
Unhandled Promise: TypeError: Failed to fetch
=============================
====== JS ERROR CAUGHT ======
Unhandled Promise: TypeError: Failed to fetch
=============================
====== JS ERROR CAUGHT ======
Unhandled Promise: TypeError: Failed to fetch
=============================
====== JS ERROR CAUGHT ======
Unhandled Promise: TypeError: Failed to fetch
=============================
====== JS ERROR CAUGHT ======
Unhandled Promise: TypeError: Failed to fetch
=============================
====== JS ERROR CAUGHT ======
Unhandled Promise: TypeError: Failed to fetch
=============================
====== JS ERROR CAUGHT ======
Unhandled Promise: TypeError: Failed to fetch
=============================
====== JS ERROR CAUGHT ======
Unhandled Promise: TypeError: Failed to fetch
=============================
====== JS ERROR CAUGHT ======
Unhandled Promise: TypeError: Failed to fetch
=============================
====== JS ERROR CAUGHT ======
Unhandled Promise: TypeError: Failed to fetch
=============================
====== JS ERROR CAUGHT ======
Unhandled Promise: TypeError: Failed to fetch
=============================
====== JS ERROR CAUGHT ======
Unhandled Promise: TypeError: Failed to fetch
=============================
====== JS ERROR CAUGHT ======
Unhandled Promise: TypeError: Failed to fetch
=============================
====== JS ERROR CAUGHT ======
Unhandled Promise: TypeError: Failed to fetch
=============================
====== JS ERROR CAUGHT ======
Unhandled Promise: TypeError: Failed to fetch
=============================
====== JS ERROR CAUGHT ======
Unhandled Promise: TypeError: Failed to fetch
=============================
====== JS ERROR CAUGHT ======
Unhandled Promise: TypeError: Failed to fetch
=============================
====== JS ERROR CAUGHT ======
Unhandled Promise: TypeError: Failed to fetch
=============================
====== JS ERROR CAUGHT ======
Unhandled Promise: TypeError: Failed to fetch
=============================
====== JS ERROR CAUGHT ======
Unhandled Promise: TypeError: Failed to fetch
=============================
====== JS ERROR CAUGHT ======
Unhandled Promise: TypeError: Failed to fetch
=============================
====== JS ERROR CAUGHT ======
Unhandled Promise: TypeError: Failed to fetch
=============================
====== JS ERROR CAUGHT ======
Unhandled Promise: TypeError: Failed to fetch
=============================
====== JS ERROR CAUGHT ======
Unhandled Promise: TypeError: Failed to fetch
=============================
====== JS ERROR CAUGHT ======
Unhandled Promise: TypeError: Failed to fetch
=============================
====== JS ERROR CAUGHT ======
Unhandled Promise: TypeError: Failed to fetch
=============================
====== JS ERROR CAUGHT ======
Unhandled Promise: TypeError: Failed to fetch
=============================
====== JS ERROR CAUGHT ======
Unhandled Promise: TypeError: Failed to fetch
=============================
====== JS ERROR CAUGHT ======
Unhandled Promise: TypeError: Failed to fetch
=============================
====== JS ERROR CAUGHT ======
Unhandled Promise: TypeError: Failed to fetch
=============================
====== JS ERROR CAUGHT ======
Unhandled Promise: TypeError: Failed to fetch
=============================
====== JS ERROR CAUGHT ======
Unhandled Promise: TypeError: Failed to fetch
=============================
====== JS ERROR CAUGHT ======
Unhandled Promise: TypeError: Failed to fetch
=============================
====== JS ERROR CAUGHT ======
Unhandled Promise: TypeError: Failed to fetch
=============================
====== JS ERROR CAUGHT ======
Unhandled Promise: TypeError: Failed to fetch
=============================
====== JS ERROR CAUGHT ======
Unhandled Promise: TypeError: Failed to fetch
=============================
====== JS ERROR CAUGHT ======
Unhandled Promise: TypeError: Failed to fetch
=============================
====== JS ERROR CAUGHT ======
Unhandled Promise: TypeError: Failed to fetch
=============================
====== JS ERROR CAUGHT ======
Unhandled Promise: TypeError: Failed to fetch
=============================
====== JS ERROR CAUGHT ======
Unhandled Promise: TypeError: Failed to fetch
=============================
====== JS ERROR CAUGHT ======
Unhandled Promise: TypeError: Failed to fetch
=============================
====== JS ERROR CAUGHT ======
Unhandled Promise: TypeError: Failed to fetch
=============================
====== JS ERROR CAUGHT ======
Unhandled Promise: TypeError: Failed to fetch
=============================
====== JS ERROR CAUGHT ======
Unhandled Promise: TypeError: Failed to fetch
=============================
====== JS ERROR CAUGHT ======
Unhandled Promise: TypeError: Failed to fetch
=============================
====== JS ERROR CAUGHT ======
Unhandled Promise: TypeError: Failed to fetch
=============================
====== JS ERROR CAUGHT ======
Unhandled Promise: TypeError: Failed to fetch
=============================
====== JS ERROR CAUGHT ======
Unhandled Promise: TypeError: Failed to fetch
=============================
====== JS ERROR CAUGHT ======
Unhandled Promise: TypeError: Failed to fetch
=============================
====== JS ERROR CAUGHT ======
Unhandled Promise: TypeError: Failed to fetch
=============================
====== JS ERROR CAUGHT ======
Unhandled Promise: TypeError: Failed to fetch
=============================
====== JS ERROR CAUGHT ======
Unhandled Promise: TypeError: Failed to fetch
=============================
====== JS ERROR CAUGHT ======
Unhandled Promise: TypeError: Failed to fetch
=============================
====== JS ERROR CAUGHT ======
Unhandled Promise: TypeError: Failed to fetch
=============================
====== JS ERROR CAUGHT ======
Unhandled Promise: TypeError: Failed to fetch
=============================
====== JS ERROR CAUGHT ======
Unhandled Promise: TypeError: Failed to fetch
=============================
====== JS ERROR CAUGHT ======
Unhandled Promise: TypeError: Failed to fetch
=============================
====== JS ERROR CAUGHT ======
Unhandled Promise: TypeError: Failed to fetch
=============================
====== JS ERROR CAUGHT ======
Unhandled Promise: TypeError: Failed to fetch
=============================
====== JS ERROR CAUGHT ======
Unhandled Promise: TypeError: Failed to fetch
=============================
====== JS ERROR CAUGHT ======
Unhandled Promise: TypeError: Failed to fetch
=============================
====== JS ERROR CAUGHT ======
Unhandled Promise: TypeError: Failed to fetch
=============================
====== JS ERROR CAUGHT ======
Unhandled Promise: TypeError: Failed to fetch
=============================
====== JS ERROR CAUGHT ======
Unhandled Promise: TypeError: Failed to fetch
=============================
====== JS ERROR CAUGHT ======
Unhandled Promise: TypeError: Failed to fetch
=============================
====== JS ERROR CAUGHT ======
Unhandled Promise: TypeError: Failed to fetch
=============================
====== JS ERROR CAUGHT ======
Unhandled Promise: TypeError: Failed to fetch
=============================
====== JS ERROR CAUGHT ======
Unhandled Promise: TypeError: Failed to fetch
=============================
====== JS ERROR CAUGHT ======
Unhandled Promise: TypeError: Failed to fetch
=============================
====== JS ERROR CAUGHT ======
Unhandled Promise: TypeError: Failed to fetch
=============================
====== JS ERROR CAUGHT ======
Unhandled Promise: TypeError: Failed to fetch
=============================
====== JS ERROR CAUGHT ======
Unhandled Promise: TypeError: Failed to fetch
=============================
====== JS ERROR CAUGHT ======
Unhandled Promise: TypeError: Failed to fetch
=============================
====== JS ERROR CAUGHT ======
Unhandled Promise: TypeError: Failed to fetch
=============================
====== JS ERROR CAUGHT ======
Unhandled Promise: TypeError: Failed to fetch
=============================
====== JS ERROR CAUGHT ======
Unhandled Promise: TypeError: Failed to fetch
=============================
====== JS ERROR CAUGHT ======
Unhandled Promise: TypeError: Failed to fetch
=============================
====== JS ERROR CAUGHT ======
Unhandled Promise: TypeError: Failed to fetch
=============================
====== JS ERROR CAUGHT ======
Unhandled Promise: TypeError: Failed to fetch
=============================
====== JS ERROR CAUGHT ======
Unhandled Promise: TypeError: Failed to fetch
=============================
====== JS ERROR CAUGHT ======
Unhandled Promise: TypeError: Failed to fetch
=============================
====== JS ERROR CAUGHT ======
Unhandled Promise: TypeError: Failed to fetch
=============================
====== JS ERROR CAUGHT ======
Unhandled Promise: TypeError: Failed to fetch
=============================
====== JS ERROR CAUGHT ======
Unhandled Promise: TypeError: Failed to fetch
=============================
====== JS ERROR CAUGHT ======
Unhandled Promise: TypeError: Failed to fetch
=============================
====== JS ERROR CAUGHT ======
Unhandled Promise: TypeError: Failed to fetch
=============================
====== JS ERROR CAUGHT ======
Unhandled Promise: TypeError: Failed to fetch
=============================
====== JS ERROR CAUGHT ======
Unhandled Promise: TypeError: Failed to fetch
=============================
====== JS ERROR CAUGHT ======
Unhandled Promise: TypeError: Failed to fetch
=============================
====== JS ERROR CAUGHT ======
Unhandled Promise: TypeError: Failed to fetch
=============================
====== JS ERROR CAUGHT ======
Unhandled Promise: TypeError: Failed to fetch
=============================
====== JS ERROR CAUGHT ======
Unhandled Promise: TypeError: Failed to fetch
=============================
====== JS ERROR CAUGHT ======
Unhandled Promise: TypeError: Failed to fetch
=============================
====== JS ERROR CAUGHT ======
Unhandled Promise: TypeError: Failed to fetch
=============================
====== JS ERROR CAUGHT ======
Unhandled Promise: TypeError: Failed to fetch
=============================
====== JS ERROR CAUGHT ======
Unhandled Promise: TypeError: Failed to fetch
=============================
====== JS ERROR CAUGHT ======
Unhandled Promise: TypeError: Failed to fetch
=============================
====== JS ERROR CAUGHT ======
Unhandled Promise: TypeError: Failed to fetch
=============================
====== JS ERROR CAUGHT ======
Unhandled Promise: TypeError: Failed to fetch
=============================
====== JS ERROR CAUGHT ======
Unhandled Promise: TypeError: Failed to fetch
=============================
====== JS ERROR CAUGHT ======
Unhandled Promise: TypeError: Failed to fetch
=============================
====== JS ERROR CAUGHT ======
Unhandled Promise: TypeError: Failed to fetch
=============================
====== JS ERROR CAUGHT ======
Unhandled Promise: TypeError: Failed to fetch
=============================
====== JS ERROR CAUGHT ======
Unhandled Promise: TypeError: Failed to fetch
=============================
====== JS ERROR CAUGHT ======
Unhandled Promise: TypeError: Failed to fetch
=============================
====== JS ERROR CAUGHT ======
Unhandled Promise: TypeError: Failed to fetch
=============================
====== JS ERROR CAUGHT ======
Unhandled Promise: TypeError: Failed to fetch
=============================
====== JS ERROR CAUGHT ======
Unhandled Promise: TypeError: Failed to fetch
=============================
====== JS ERROR CAUGHT ======
Unhandled Promise: TypeError: Failed to fetch
=============================
====== JS ERROR CAUGHT ======
Unhandled Promise: TypeError: Failed to fetch
=============================
====== JS ERROR CAUGHT ======
Unhandled Promise: TypeError: Failed to fetch
=============================
====== JS ERROR CAUGHT ======
Unhandled Promise: TypeError: Failed to fetch
=============================
====== JS ERROR CAUGHT ======
Unhandled Promise: TypeError: Failed to fetch
=============================
====== JS ERROR CAUGHT ======
Unhandled Promise: TypeError: Failed to fetch
=============================
====== JS ERROR CAUGHT ======
Unhandled Promise: TypeError: Failed to fetch
=============================
====== JS ERROR CAUGHT ======
Unhandled Promise: TypeError: Failed to fetch
=============================
====== JS ERROR CAUGHT ======
Unhandled Promise: TypeError: Failed to fetch
=============================
====== JS ERROR CAUGHT ======
Unhandled Promise: TypeError: Failed to fetch
=============================
====== JS ERROR CAUGHT ======
Unhandled Promise: TypeError: Failed to fetch
=============================
====== JS ERROR CAUGHT ======
Unhandled Promise: TypeError: Failed to fetch
=============================
====== JS ERROR CAUGHT ======
Unhandled Promise: TypeError: Failed to fetch
=============================
====== JS ERROR CAUGHT ======
Unhandled Promise: TypeError: Failed to fetch
=============================
====== JS ERROR CAUGHT ======
Unhandled Promise: TypeError: Failed to fetch
=============================
====== JS ERROR CAUGHT ======
Unhandled Promise: TypeError: Failed to fetch
=============================
====== JS ERROR CAUGHT ======
Unhandled Promise: TypeError: Failed to fetch
=============================
====== JS ERROR CAUGHT ======
Unhandled Promise: TypeError: Failed to fetch
=============================
====== JS ERROR CAUGHT ======
Unhandled Promise: TypeError: Failed to fetch
=============================
====== JS ERROR CAUGHT ======
Unhandled Promise: TypeError: Failed to fetch
=============================
====== JS ERROR CAUGHT ======
Unhandled Promise: TypeError: Failed to fetch
=============================
====== JS ERROR CAUGHT ======
Unhandled Promise: TypeError: Failed to fetch
=============================
====== JS ERROR CAUGHT ======
Unhandled Promise: TypeError: Failed to fetch
=============================
====== JS ERROR CAUGHT ======
Unhandled Promise: TypeError: Failed to fetch
=============================
====== JS ERROR CAUGHT ======
Unhandled Promise: TypeError: Failed to fetch
=============================
====== JS ERROR CAUGHT ======
Unhandled Promise: TypeError: Failed to fetch
=============================
====== JS ERROR CAUGHT ======
Unhandled Promise: TypeError: Failed to fetch
=============================
====== JS ERROR CAUGHT ======
Unhandled Promise: TypeError: Failed to fetch
=============================
====== JS ERROR CAUGHT ======
Unhandled Promise: TypeError: Failed to fetch
=============================
====== JS ERROR CAUGHT ======
Unhandled Promise: TypeError: Failed to fetch
=============================
====== JS ERROR CAUGHT ======
Unhandled Promise: TypeError: Failed to fetch
=============================
====== JS ERROR CAUGHT ======
Unhandled Promise: TypeError: Failed to fetch
=============================
====== JS ERROR CAUGHT ======
Unhandled Promise: TypeError: Failed to fetch
=============================
====== JS ERROR CAUGHT ======
Unhandled Promise: TypeError: Failed to fetch
=============================
====== JS ERROR CAUGHT ======
Unhandled Promise: TypeError: Failed to fetch
=============================
====== JS ERROR CAUGHT ======
Unhandled Promise: TypeError: Failed to fetch
=============================
====== JS ERROR CAUGHT ======
Unhandled Promise: TypeError: Failed to fetch
=============================
====== JS ERROR CAUGHT ======
Unhandled Promise: TypeError: Failed to fetch
=============================
====== JS ERROR CAUGHT ======
Unhandled Promise: TypeError: Failed to fetch
=============================
====== JS ERROR CAUGHT ======
Unhandled Promise: TypeError: Failed to fetch
=============================
====== JS ERROR CAUGHT ======
Unhandled Promise: TypeError: Failed to fetch
=============================
====== JS ERROR CAUGHT ======
Unhandled Promise: TypeError: Failed to fetch
=============================
====== JS ERROR CAUGHT ======
Unhandled Promise: TypeError: Failed to fetch
=============================
====== JS ERROR CAUGHT ======
Unhandled Promise: TypeError: Failed to fetch
=============================
====== JS ERROR CAUGHT ======
Unhandled Promise: TypeError: Failed to fetch
=============================
====== JS ERROR CAUGHT ======
Unhandled Promise: TypeError: Failed to fetch
=============================
====== JS ERROR CAUGHT ======
Unhandled Promise: TypeError: Failed to fetch
=============================
====== JS ERROR CAUGHT ======
Unhandled Promise: TypeError: Failed to fetch
=============================
====== JS ERROR CAUGHT ======
Unhandled Promise: TypeError: Failed to fetch
=============================
====== JS ERROR CAUGHT ======
Unhandled Promise: TypeError: Failed to fetch
=============================
====== JS ERROR CAUGHT ======
Unhandled Promise: TypeError: Failed to fetch
=============================
====== JS ERROR CAUGHT ======
Unhandled Promise: TypeError: Failed to fetch
=============================
====== JS ERROR CAUGHT ======
Unhandled Promise: TypeError: Failed to fetch
=============================
====== JS ERROR CAUGHT ======
Unhandled Promise: TypeError: Failed to fetch
=============================
====== JS ERROR CAUGHT ======
Unhandled Promise: TypeError: Failed to fetch
=============================
====== JS ERROR CAUGHT ======
Unhandled Promise: TypeError: Failed to fetch
=============================
====== JS ERROR CAUGHT ======
Unhandled Promise: TypeError: Failed to fetch
=============================
====== JS ERROR CAUGHT ======
Unhandled Promise: TypeError: Failed to fetch
=============================
====== JS ERROR CAUGHT ======
Unhandled Promise: TypeError: Failed to fetch
=============================
====== JS ERROR CAUGHT ======
Unhandled Promise: TypeError: Failed to fetch
=============================
====== JS ERROR CAUGHT ======
Unhandled Promise: TypeError: Failed to fetch
=============================
====== JS ERROR CAUGHT ======
Unhandled Promise: TypeError: Failed to fetch
=============================
====== JS ERROR CAUGHT ======
Unhandled Promise: TypeError: Failed to fetch
=============================
====== JS ERROR CAUGHT ======
Unhandled Promise: TypeError: Failed to fetch
=============================
====== JS ERROR CAUGHT ======
Unhandled Promise: TypeError: Failed to fetch
=============================
====== JS ERROR CAUGHT ======
Unhandled Promise: TypeError: Failed to fetch
=============================
====== JS ERROR CAUGHT ======
Unhandled Promise: TypeError: Failed to fetch
=============================
====== JS ERROR CAUGHT ======
Unhandled Promise: TypeError: Failed to fetch
=============================
====== JS ERROR CAUGHT ======
Unhandled Promise: TypeError: Failed to fetch
=============================
====== JS ERROR CAUGHT ======
Unhandled Promise: TypeError: Failed to fetch
=============================
====== JS ERROR CAUGHT ======
Unhandled Promise: TypeError: Failed to fetch
=============================
====== JS ERROR CAUGHT ======
Unhandled Promise: TypeError: Failed to fetch
=============================
====== JS ERROR CAUGHT ======
Unhandled Promise: TypeError: Failed to fetch
=============================
====== JS ERROR CAUGHT ======
Unhandled Promise: TypeError: Failed to fetch
=============================
====== JS ERROR CAUGHT ======
Unhandled Promise: TypeError: Failed to fetch
=============================
====== JS ERROR CAUGHT ======
Unhandled Promise: TypeError: Failed to fetch
=============================
====== JS ERROR CAUGHT ======
Unhandled Promise: TypeError: Failed to fetch
=============================
====== JS ERROR CAUGHT ======
Unhandled Promise: TypeError: Failed to fetch
=============================
====== JS ERROR CAUGHT ======
Unhandled Promise: TypeError: Failed to fetch
=============================
====== JS ERROR CAUGHT ======
Unhandled Promise: TypeError: Failed to fetch
=============================
====== JS ERROR CAUGHT ======
Unhandled Promise: TypeError: Failed to fetch
=============================
====== JS ERROR CAUGHT ======
Unhandled Promise: TypeError: Failed to fetch
=============================
====== JS ERROR CAUGHT ======
Unhandled Promise: TypeError: Failed to fetch
=============================
====== JS ERROR CAUGHT ======
Unhandled Promise: TypeError: Failed to fetch
=============================
====== JS ERROR CAUGHT ======
Unhandled Promise: TypeError: Failed to fetch
=============================
====== JS ERROR CAUGHT ======
Unhandled Promise: TypeError: Failed to fetch
=============================
====== JS ERROR CAUGHT ======
Unhandled Promise: TypeError: Failed to fetch
=============================
====== JS ERROR CAUGHT ======
Unhandled Promise: TypeError: Failed to fetch
=============================
====== JS ERROR CAUGHT ======
Unhandled Promise: TypeError: Failed to fetch
=============================
====== JS ERROR CAUGHT ======
Unhandled Promise: TypeError: Failed to fetch
=============================
====== JS ERROR CAUGHT ======
Unhandled Promise: TypeError: Failed to fetch
=============================
====== JS ERROR CAUGHT ======
Unhandled Promise: TypeError: Failed to fetch
=============================
====== JS ERROR CAUGHT ======
Unhandled Promise: TypeError: Failed to fetch
=============================
====== JS ERROR CAUGHT ======
Unhandled Promise: TypeError: Failed to fetch
=============================
====== JS ERROR CAUGHT ======
Unhandled Promise: TypeError: Failed to fetch
=============================
====== JS ERROR CAUGHT ======
Unhandled Promise: TypeError: Failed to fetch
=============================
====== JS ERROR CAUGHT ======
Unhandled Promise: TypeError: Failed to fetch
=============================
====== JS ERROR CAUGHT ======
Unhandled Promise: TypeError: Failed to fetch
=============================
====== JS ERROR CAUGHT ======
Unhandled Promise: TypeError: Failed to fetch
=============================
====== JS ERROR CAUGHT ======
Unhandled Promise: TypeError: Failed to fetch
=============================
====== JS ERROR CAUGHT ======
Unhandled Promise: TypeError: Failed to fetch
=============================
====== JS ERROR CAUGHT ======
Unhandled Promise: TypeError: Failed to fetch
=============================
====== JS ERROR CAUGHT ======
Unhandled Promise: TypeError: Failed to fetch
=============================
====== JS ERROR CAUGHT ======
Unhandled Promise: TypeError: Failed to fetch
=============================
====== JS ERROR CAUGHT ======
Unhandled Promise: TypeError: Failed to fetch
=============================
====== JS ERROR CAUGHT ======
Unhandled Promise: TypeError: Failed to fetch
=============================
====== JS ERROR CAUGHT ======
Unhandled Promise: TypeError: Failed to fetch
=============================
====== JS ERROR CAUGHT ======
Unhandled Promise: TypeError: Failed to fetch
=============================
====== JS ERROR CAUGHT ======
Unhandled Promise: TypeError: Failed to fetch
=============================
====== JS ERROR CAUGHT ======
Unhandled Promise: TypeError: Failed to fetch
=============================
====== JS ERROR CAUGHT ======
Unhandled Promise: TypeError: Failed to fetch
=============================
====== JS ERROR CAUGHT ======
Unhandled Promise: TypeError: Failed to fetch
=============================
====== JS ERROR CAUGHT ======
Unhandled Promise: TypeError: Failed to fetch
=============================
====== JS ERROR CAUGHT ======
Unhandled Promise: TypeError: Failed to fetch
=============================
====== JS ERROR CAUGHT ======
Unhandled Promise: TypeError: Failed to fetch
=============================
====== JS ERROR CAUGHT ======
Unhandled Promise: TypeError: Failed to fetch
=============================
====== JS ERROR CAUGHT ======
Unhandled Promise: TypeError: Failed to fetch
=============================
====== JS ERROR CAUGHT ======
Unhandled Promise: TypeError: Failed to fetch
=============================
====== JS ERROR CAUGHT ======
Unhandled Promise: TypeError: Failed to fetch
=============================
====== JS ERROR CAUGHT ======
Unhandled Promise: TypeError: Failed to fetch
=============================
====== JS ERROR CAUGHT ======
Unhandled Promise: TypeError: Failed to fetch
=============================
====== JS ERROR CAUGHT ======
Unhandled Promise: TypeError: Failed to fetch
=============================
====== JS ERROR CAUGHT ======
Unhandled Promise: TypeError: Failed to fetch
=============================
====== JS ERROR CAUGHT ======
Unhandled Promise: TypeError: Failed to fetch
=============================
====== JS ERROR CAUGHT ======
Unhandled Promise: TypeError: Failed to fetch
=============================
====== JS ERROR CAUGHT ======
Unhandled Promise: TypeError: Failed to fetch
=============================
====== JS ERROR CAUGHT ======
Unhandled Promise: TypeError: Failed to fetch
=============================
====== JS ERROR CAUGHT ======
Unhandled Promise: TypeError: Failed to fetch
=============================
====== JS ERROR CAUGHT ======
Unhandled Promise: TypeError: Failed to fetch
=============================
====== JS ERROR CAUGHT ======
Unhandled Promise: TypeError: Failed to fetch
=============================
====== JS ERROR CAUGHT ======
Unhandled Promise: TypeError: Failed to fetch
=============================
====== JS ERROR CAUGHT ======
Unhandled Promise: TypeError: Failed to fetch
=============================
====== JS ERROR CAUGHT ======
Unhandled Promise: TypeError: Failed to fetch
=============================
====== JS ERROR CAUGHT ======
Unhandled Promise: TypeError: Failed to fetch
=============================
====== JS ERROR CAUGHT ======
Unhandled Promise: TypeError: Failed to fetch
=============================
====== JS ERROR CAUGHT ======
Unhandled Promise: TypeError: Failed to fetch
=============================
====== JS ERROR CAUGHT ======
Unhandled Promise: TypeError: Failed to fetch
=============================
====== JS ERROR CAUGHT ======
Unhandled Promise: TypeError: Failed to fetch
=============================
====== JS ERROR CAUGHT ======
Unhandled Promise: TypeError: Failed to fetch
=============================
====== JS ERROR CAUGHT ======
Unhandled Promise: TypeError: Failed to fetch
=============================
====== JS ERROR CAUGHT ======
Unhandled Promise: TypeError: Failed to fetch
=============================
====== JS ERROR CAUGHT ======
Unhandled Promise: TypeError: Failed to fetch
=============================
====== JS ERROR CAUGHT ======
Unhandled Promise: TypeError: Failed to fetch
=============================
====== JS ERROR CAUGHT ======
Unhandled Promise: TypeError: Failed to fetch
=============================
====== JS ERROR CAUGHT ======
Unhandled Promise: TypeError: Failed to fetch
=============================
====== JS ERROR CAUGHT ======
Unhandled Promise: TypeError: Failed to fetch
=============================
====== JS ERROR CAUGHT ======
Unhandled Promise: TypeError: Failed to fetch
=============================
====== JS ERROR CAUGHT ======
Unhandled Promise: TypeError: Failed to fetch
=============================
====== JS ERROR CAUGHT ======
Unhandled Promise: TypeError: Failed to fetch
=============================
====== JS ERROR CAUGHT ======
Unhandled Promise: TypeError: Failed to fetch
=============================
====== JS ERROR CAUGHT ======
Unhandled Promise: TypeError: Failed to fetch
=============================
====== JS ERROR CAUGHT ======
Unhandled Promise: TypeError: Failed to fetch
=============================
====== JS ERROR CAUGHT ======
Unhandled Promise: TypeError: Failed to fetch
=============================
====== JS ERROR CAUGHT ======
Unhandled Promise: TypeError: Failed to fetch
=============================
====== JS ERROR CAUGHT ======
Unhandled Promise: TypeError: Failed to fetch
=============================
====== JS ERROR CAUGHT ======
Unhandled Promise: TypeError: Failed to fetch
=============================
====== JS ERROR CAUGHT ======
Unhandled Promise: TypeError: Failed to fetch
=============================
====== JS ERROR CAUGHT ======
Unhandled Promise: TypeError: Failed to fetch
=============================
====== JS ERROR CAUGHT ======
Unhandled Promise: TypeError: Failed to fetch
=============================
====== JS ERROR CAUGHT ======
Unhandled Promise: TypeError: Failed to fetch
=============================
====== JS ERROR CAUGHT ======
Unhandled Promise: TypeError: Failed to fetch
=============================
====== JS ERROR CAUGHT ======
Unhandled Promise: TypeError: Failed to fetch
=============================
====== JS ERROR CAUGHT ======
Unhandled Promise: TypeError: Failed to fetch
=============================
====== JS ERROR CAUGHT ======
Unhandled Promise: TypeError: Failed to fetch
=============================
====== JS ERROR CAUGHT ======
Unhandled Promise: TypeError: Failed to fetch
=============================
====== JS ERROR CAUGHT ======
Unhandled Promise: TypeError: Failed to fetch
=============================
====== JS ERROR CAUGHT ======
Unhandled Promise: TypeError: Failed to fetch
=============================
====== JS ERROR CAUGHT ======
Unhandled Promise: TypeError: Failed to fetch
=============================
====== JS ERROR CAUGHT ======
Unhandled Promise: TypeError: Failed to fetch
=============================
====== JS ERROR CAUGHT ======
Unhandled Promise: TypeError: Failed to fetch
=============================
====== JS ERROR CAUGHT ======
Unhandled Promise: TypeError: Failed to fetch
=============================
====== JS ERROR CAUGHT ======
Unhandled Promise: TypeError: Failed to fetch
=============================
====== JS ERROR CAUGHT ======
Unhandled Promise: TypeError: Failed to fetch
=============================
====== JS ERROR CAUGHT ======
Unhandled Promise: TypeError: Failed to fetch
=============================
====== JS ERROR CAUGHT ======
Unhandled Promise: TypeError: Failed to fetch
=============================
====== JS ERROR CAUGHT ======
Unhandled Promise: TypeError: Failed to fetch
=============================
====== JS ERROR CAUGHT ======
Unhandled Promise: TypeError: Failed to fetch
=============================
====== JS ERROR CAUGHT ======
Unhandled Promise: TypeError: Failed to fetch
=============================
====== JS ERROR CAUGHT ======
Unhandled Promise: TypeError: Failed to fetch
=============================
====== JS ERROR CAUGHT ======
Unhandled Promise: TypeError: Failed to fetch
=============================
====== JS ERROR CAUGHT ======
Unhandled Promise: TypeError: Failed to fetch
=============================
====== JS ERROR CAUGHT ======
Unhandled Promise: TypeError: Failed to fetch
=============================
====== JS ERROR CAUGHT ======
Unhandled Promise: TypeError: Failed to fetch
=============================
====== JS ERROR CAUGHT ======
Unhandled Promise: TypeError: Failed to fetch
=============================
====== JS ERROR CAUGHT ======
Unhandled Promise: TypeError: Failed to fetch
=============================
====== JS ERROR CAUGHT ======
Unhandled Promise: TypeError: Failed to fetch
=============================
====== JS ERROR CAUGHT ======
Unhandled Promise: TypeError: Failed to fetch
=============================
====== JS ERROR CAUGHT ======
Unhandled Promise: TypeError: Failed to fetch
=============================
====== JS ERROR CAUGHT ======
Unhandled Promise: TypeError: Failed to fetch
=============================
====== JS ERROR CAUGHT ======
Unhandled Promise: TypeError: Failed to fetch
=============================
====== JS ERROR CAUGHT ======
Unhandled Promise: TypeError: Failed to fetch
=============================
====== JS ERROR CAUGHT ======
Unhandled Promise: TypeError: Failed to fetch
=============================
====== JS ERROR CAUGHT ======
Unhandled Promise: TypeError: Failed to fetch
=============================
====== JS ERROR CAUGHT ======
Unhandled Promise: TypeError: Failed to fetch
=============================
====== JS ERROR CAUGHT ======
Unhandled Promise: TypeError: Failed to fetch
=============================
====== JS ERROR CAUGHT ======
Unhandled Promise: TypeError: Failed to fetch
=============================
====== JS ERROR CAUGHT ======
Unhandled Promise: TypeError: Failed to fetch
=============================
====== JS ERROR CAUGHT ======
Unhandled Promise: TypeError: Failed to fetch
=============================
====== JS ERROR CAUGHT ======
Unhandled Promise: TypeError: Failed to fetch
=============================
====== JS ERROR CAUGHT ======
Unhandled Promise: TypeError: Failed to fetch
=============================
====== JS ERROR CAUGHT ======
Unhandled Promise: TypeError: Failed to fetch
=============================
====== JS ERROR CAUGHT ======
Unhandled Promise: TypeError: Failed to fetch
=============================
====== JS ERROR CAUGHT ======
Unhandled Promise: TypeError: Failed to fetch
=============================
====== JS ERROR CAUGHT ======
Unhandled Promise: TypeError: Failed to fetch
=============================
====== JS ERROR CAUGHT ======
Unhandled Promise: TypeError: Failed to fetch
=============================
====== JS ERROR CAUGHT ======
Unhandled Promise: TypeError: Failed to fetch
=============================
====== JS ERROR CAUGHT ======
Unhandled Promise: TypeError: Failed to fetch
=============================
====== JS ERROR CAUGHT ======
Unhandled Promise: TypeError: Failed to fetch
=============================
====== JS ERROR CAUGHT ======
Unhandled Promise: TypeError: Failed to fetch
=============================
====== JS ERROR CAUGHT ======
Unhandled Promise: TypeError: Failed to fetch
=============================
====== JS ERROR CAUGHT ======
Unhandled Promise: TypeError: Failed to fetch
=============================
====== JS ERROR CAUGHT ======
Unhandled Promise: TypeError: Failed to fetch
=============================
====== JS ERROR CAUGHT ======
Unhandled Promise: TypeError: Failed to fetch
=============================
====== JS ERROR CAUGHT ======
Unhandled Promise: TypeError: Failed to fetch
=============================
====== JS ERROR CAUGHT ======
Unhandled Promise: TypeError: Failed to fetch
=============================
====== JS ERROR CAUGHT ======
Unhandled Promise: TypeError: Failed to fetch
=============================
====== JS ERROR CAUGHT ======
Unhandled Promise: TypeError: Failed to fetch
=============================
====== JS ERROR CAUGHT ======
Unhandled Promise: TypeError: Failed to fetch
=============================
====== JS ERROR CAUGHT ======
Unhandled Promise: TypeError: Failed to fetch
=============================
====== JS ERROR CAUGHT ======
Unhandled Promise: TypeError: Failed to fetch
=============================
====== JS ERROR CAUGHT ======
Unhandled Promise: TypeError: Failed to fetch
=============================
====== JS ERROR CAUGHT ======
Unhandled Promise: TypeError: Failed to fetch
=============================
====== JS ERROR CAUGHT ======
Unhandled Promise: TypeError: Failed to fetch
=============================
====== JS ERROR CAUGHT ======
Unhandled Promise: TypeError: Failed to fetch
=============================
====== JS ERROR CAUGHT ======
Unhandled Promise: TypeError: Failed to fetch
=============================
====== JS ERROR CAUGHT ======
Unhandled Promise: TypeError: Failed to fetch
=============================
====== JS ERROR CAUGHT ======
Unhandled Promise: TypeError: Failed to fetch
=============================
====== JS ERROR CAUGHT ======
Unhandled Promise: TypeError: Failed to fetch
=============================
====== JS ERROR CAUGHT ======
Unhandled Promise: TypeError: Failed to fetch
=============================
====== JS ERROR CAUGHT ======
Unhandled Promise: TypeError: Failed to fetch
=============================
====== JS ERROR CAUGHT ======
Unhandled Promise: TypeError: Failed to fetch
=============================
====== JS ERROR CAUGHT ======
Unhandled Promise: TypeError: Failed to fetch
=============================
====== JS ERROR CAUGHT ======
Unhandled Promise: TypeError: Failed to fetch
=============================
====== JS ERROR CAUGHT ======
Unhandled Promise: TypeError: Failed to fetch
=============================
====== JS ERROR CAUGHT ======
Unhandled Promise: TypeError: Failed to fetch
=============================
====== JS ERROR CAUGHT ======
Unhandled Promise: TypeError: Failed to fetch
=============================
====== JS ERROR CAUGHT ======
Unhandled Promise: TypeError: Failed to fetch
=============================
====== JS ERROR CAUGHT ======
Unhandled Promise: TypeError: Failed to fetch
=============================
====== JS ERROR CAUGHT ======
Unhandled Promise: TypeError: Failed to fetch
=============================
====== JS ERROR CAUGHT ======
Unhandled Promise: TypeError: Failed to fetch
=============================
====== JS ERROR CAUGHT ======
Unhandled Promise: TypeError: Failed to fetch
=============================
====== JS ERROR CAUGHT ======
Unhandled Promise: TypeError: Failed to fetch
=============================
====== JS ERROR CAUGHT ======
Unhandled Promise: TypeError: Failed to fetch
=============================
====== JS ERROR CAUGHT ======
Unhandled Promise: TypeError: Failed to fetch
=============================
====== JS ERROR CAUGHT ======
Unhandled Promise: TypeError: Failed to fetch
=============================
====== JS ERROR CAUGHT ======
Unhandled Promise: TypeError: Failed to fetch
=============================
====== JS ERROR CAUGHT ======
Unhandled Promise: TypeError: Failed to fetch
=============================
====== JS ERROR CAUGHT ======
Unhandled Promise: TypeError: Failed to fetch
=============================
====== JS ERROR CAUGHT ======
Unhandled Promise: TypeError: Failed to fetch
=============================
====== JS ERROR CAUGHT ======
Unhandled Promise: TypeError: Failed to fetch
=============================
====== JS ERROR CAUGHT ======
Unhandled Promise: TypeError: Failed to fetch
=============================
====== JS ERROR CAUGHT ======
Unhandled Promise: TypeError: Failed to fetch
=============================
====== JS ERROR CAUGHT ======
Unhandled Promise: TypeError: Failed to fetch
=============================
====== JS ERROR CAUGHT ======
Unhandled Promise: TypeError: Failed to fetch
=============================
====== JS ERROR CAUGHT ======
Unhandled Promise: TypeError: Failed to fetch
=============================
====== JS ERROR CAUGHT ======
Unhandled Promise: TypeError: Failed to fetch
=============================
====== JS ERROR CAUGHT ======
Unhandled Promise: TypeError: Failed to fetch
=============================
====== JS ERROR CAUGHT ======
Unhandled Promise: TypeError: Failed to fetch
=============================
====== JS ERROR CAUGHT ======
Unhandled Promise: TypeError: Failed to fetch
=============================
====== JS ERROR CAUGHT ======
Unhandled Promise: TypeError: Failed to fetch
=============================
====== JS ERROR CAUGHT ======
Unhandled Promise: TypeError: Failed to fetch
=============================
====== JS ERROR CAUGHT ======
Unhandled Promise: TypeError: Failed to fetch
=============================
====== JS ERROR CAUGHT ======
Unhandled Promise: TypeError: Failed to fetch
=============================
====== JS ERROR CAUGHT ======
Unhandled Promise: TypeError: Failed to fetch
=============================
====== JS ERROR CAUGHT ======
Unhandled Promise: TypeError: Failed to fetch
=============================
====== JS ERROR CAUGHT ======
Unhandled Promise: TypeError: Failed to fetch
=============================
====== JS ERROR CAUGHT ======
Unhandled Promise: TypeError: Failed to fetch
=============================
====== JS ERROR CAUGHT ======
Unhandled Promise: TypeError: Failed to fetch
=============================
====== JS ERROR CAUGHT ======
Unhandled Promise: TypeError: Failed to fetch
=============================
====== JS ERROR CAUGHT ======
Unhandled Promise: TypeError: Failed to fetch
=============================
====== JS ERROR CAUGHT ======
Unhandled Promise: TypeError: Failed to fetch
=============================
====== JS ERROR CAUGHT ======
Unhandled Promise: TypeError: Failed to fetch
=============================
====== JS ERROR CAUGHT ======
Unhandled Promise: TypeError: Failed to fetch
=============================
====== JS ERROR CAUGHT ======
Unhandled Promise: TypeError: Failed to fetch
=============================
====== JS ERROR CAUGHT ======
Unhandled Promise: TypeError: Failed to fetch
=============================
====== JS ERROR CAUGHT ======
Unhandled Promise: TypeError: Failed to fetch
=============================
====== JS ERROR CAUGHT ======
Unhandled Promise: TypeError: Failed to fetch
=============================
====== JS ERROR CAUGHT ======
Unhandled Promise: TypeError: Failed to fetch
=============================
====== JS ERROR CAUGHT ======
Unhandled Promise: TypeError: Failed to fetch
=============================
====== JS ERROR CAUGHT ======
Unhandled Promise: TypeError: Failed to fetch
=============================
====== JS ERROR CAUGHT ======
Unhandled Promise: TypeError: Failed to fetch
=============================
====== JS ERROR CAUGHT ======
Unhandled Promise: TypeError: Failed to fetch
=============================
====== JS ERROR CAUGHT ======
Unhandled Promise: TypeError: Failed to fetch
=============================
====== JS ERROR CAUGHT ======
Unhandled Promise: TypeError: Failed to fetch
=============================
====== JS ERROR CAUGHT ======
Unhandled Promise: TypeError: Failed to fetch
=============================
====== JS ERROR CAUGHT ======
Unhandled Promise: TypeError: Failed to fetch
=============================
====== JS ERROR CAUGHT ======
Unhandled Promise: TypeError: Failed to fetch
=============================
====== JS ERROR CAUGHT ======
Unhandled Promise: TypeError: Failed to fetch
=============================
====== JS ERROR CAUGHT ======
Unhandled Promise: TypeError: Failed to fetch
=============================
====== JS ERROR CAUGHT ======
Unhandled Promise: TypeError: Failed to fetch
=============================
====== JS ERROR CAUGHT ======
Unhandled Promise: TypeError: Failed to fetch
=============================
====== JS ERROR CAUGHT ======
Unhandled Promise: TypeError: Failed to fetch
=============================
====== JS ERROR CAUGHT ======
Unhandled Promise: TypeError: Failed to fetch
=============================
====== JS ERROR CAUGHT ======
Unhandled Promise: TypeError: Failed to fetch
=============================
====== JS ERROR CAUGHT ======
Unhandled Promise: TypeError: Failed to fetch
=============================
====== JS ERROR CAUGHT ======
Unhandled Promise: TypeError: Failed to fetch
=============================
====== JS ERROR CAUGHT ======
Unhandled Promise: TypeError: Failed to fetch
=============================
====== JS ERROR CAUGHT ======
Unhandled Promise: TypeError: Failed to fetch
=============================
====== JS ERROR CAUGHT ======
Unhandled Promise: TypeError: Failed to fetch
=============================
====== JS ERROR CAUGHT ======
Unhandled Promise: TypeError: Failed to fetch
=============================
====== JS ERROR CAUGHT ======
Unhandled Promise: TypeError: Failed to fetch
=============================
====== JS ERROR CAUGHT ======
Unhandled Promise: TypeError: Failed to fetch
=============================
====== JS ERROR CAUGHT ======
Unhandled Promise: TypeError: Failed to fetch
=============================
====== JS ERROR CAUGHT ======
Unhandled Promise: TypeError: Failed to fetch
=============================
====== JS ERROR CAUGHT ======
Unhandled Promise: TypeError: Failed to fetch
=============================
====== JS ERROR CAUGHT ======
Unhandled Promise: TypeError: Failed to fetch
=============================
====== JS ERROR CAUGHT ======
Unhandled Promise: TypeError: Failed to fetch
=============================
====== JS ERROR CAUGHT ======
Unhandled Promise: TypeError: Failed to fetch
=============================
====== JS ERROR CAUGHT ======
Unhandled Promise: TypeError: Failed to fetch
=============================
====== JS ERROR CAUGHT ======
Unhandled Promise: TypeError: Failed to fetch
=============================
====== JS ERROR CAUGHT ======
Unhandled Promise: TypeError: Failed to fetch
=============================
====== JS ERROR CAUGHT ======
Unhandled Promise: TypeError: Failed to fetch
=============================
====== JS ERROR CAUGHT ======
Unhandled Promise: TypeError: Failed to fetch
=============================
====== JS ERROR CAUGHT ======
Unhandled Promise: TypeError: Failed to fetch
=============================
====== JS ERROR CAUGHT ======
Unhandled Promise: TypeError: Failed to fetch
=============================
====== JS ERROR CAUGHT ======
Unhandled Promise: TypeError: Failed to fetch
=============================
====== JS ERROR CAUGHT ======
Unhandled Promise: TypeError: Failed to fetch
=============================
====== JS ERROR CAUGHT ======
Unhandled Promise: TypeError: Failed to fetch
=============================
====== JS ERROR CAUGHT ======
Unhandled Promise: TypeError: Failed to fetch
=============================
====== JS ERROR CAUGHT ======
Unhandled Promise: TypeError: Failed to fetch
=============================
====== JS ERROR CAUGHT ======
Unhandled Promise: TypeError: Failed to fetch
=============================
====== JS ERROR CAUGHT ======
Unhandled Promise: TypeError: Failed to fetch
=============================
====== JS ERROR CAUGHT ======
Unhandled Promise: TypeError: Failed to fetch
=============================
====== JS ERROR CAUGHT ======
Unhandled Promise: TypeError: Failed to fetch
=============================
====== JS ERROR CAUGHT ======
Unhandled Promise: TypeError: Failed to fetch
=============================
====== JS ERROR CAUGHT ======
Unhandled Promise: TypeError: Failed to fetch
=============================
====== JS ERROR CAUGHT ======
Unhandled Promise: TypeError: Failed to fetch
=============================
====== JS ERROR CAUGHT ======
Unhandled Promise: TypeError: Failed to fetch
=============================
====== JS ERROR CAUGHT ======
Unhandled Promise: TypeError: Failed to fetch
=============================
====== JS ERROR CAUGHT ======
Unhandled Promise: TypeError: Failed to fetch
=============================
====== JS ERROR CAUGHT ======
Unhandled Promise: TypeError: Failed to fetch
=============================
====== JS ERROR CAUGHT ======
Unhandled Promise: TypeError: Failed to fetch
=============================
====== JS ERROR CAUGHT ======
Unhandled Promise: TypeError: Failed to fetch
=============================
====== JS ERROR CAUGHT ======
Unhandled Promise: TypeError: Failed to fetch
=============================
====== JS ERROR CAUGHT ======
Unhandled Promise: TypeError: Failed to fetch
=============================
====== JS ERROR CAUGHT ======
Unhandled Promise: TypeError: Failed to fetch
=============================
====== JS ERROR CAUGHT ======
Unhandled Promise: TypeError: Failed to fetch
=============================
====== JS ERROR CAUGHT ======
Unhandled Promise: TypeError: Failed to fetch
=============================
====== JS ERROR CAUGHT ======
Unhandled Promise: TypeError: Failed to fetch
=============================
====== JS ERROR CAUGHT ======
Unhandled Promise: TypeError: Failed to fetch
=============================
====== JS ERROR CAUGHT ======
Unhandled Promise: TypeError: Failed to fetch
=============================
====== JS ERROR CAUGHT ======
Unhandled Promise: TypeError: Failed to fetch
=============================
====== JS ERROR CAUGHT ======
Unhandled Promise: TypeError: Failed to fetch
=============================
====== JS ERROR CAUGHT ======
Unhandled Promise: TypeError: Failed to fetch
=============================
====== JS ERROR CAUGHT ======
Unhandled Promise: TypeError: Failed to fetch
=============================
====== JS ERROR CAUGHT ======
Unhandled Promise: TypeError: Failed to fetch
=============================
====== JS ERROR CAUGHT ======
Unhandled Promise: TypeError: Failed to fetch
=============================
====== JS ERROR CAUGHT ======
Unhandled Promise: TypeError: Failed to fetch
=============================
====== JS ERROR CAUGHT ======
Unhandled Promise: TypeError: Failed to fetch
=============================
====== JS ERROR CAUGHT ======
Unhandled Promise: TypeError: Failed to fetch
=============================
====== JS ERROR CAUGHT ======
Unhandled Promise: TypeError: Failed to fetch
=============================
====== JS ERROR CAUGHT ======
Unhandled Promise: TypeError: Failed to fetch
=============================
====== JS ERROR CAUGHT ======
Unhandled Promise: TypeError: Failed to fetch
=============================
====== JS ERROR CAUGHT ======
Unhandled Promise: TypeError: Failed to fetch
=============================
====== JS ERROR CAUGHT ======
Unhandled Promise: TypeError: Failed to fetch
=============================
====== JS ERROR CAUGHT ======
Unhandled Promise: TypeError: Failed to fetch
=============================
====== JS ERROR CAUGHT ======
Unhandled Promise: TypeError: Failed to fetch
=============================
====== JS ERROR CAUGHT ======
Unhandled Promise: TypeError: Failed to fetch
=============================
====== JS ERROR CAUGHT ======
Unhandled Promise: TypeError: Failed to fetch
=============================
====== JS ERROR CAUGHT ======
Unhandled Promise: TypeError: Failed to fetch
=============================
====== JS ERROR CAUGHT ======
Unhandled Promise: TypeError: Failed to fetch
=============================
====== JS ERROR CAUGHT ======
Unhandled Promise: TypeError: Failed to fetch
=============================
====== JS ERROR CAUGHT ======
Unhandled Promise: TypeError: Failed to fetch
=============================
====== JS ERROR CAUGHT ======
Unhandled Promise: TypeError: Failed to fetch
=============================
====== JS ERROR CAUGHT ======
Unhandled Promise: TypeError: Failed to fetch
=============================
====== JS ERROR CAUGHT ======
Unhandled Promise: TypeError: Failed to fetch
=============================
====== JS ERROR CAUGHT ======
Unhandled Promise: TypeError: Failed to fetch
=============================
====== JS ERROR CAUGHT ======
Unhandled Promise: TypeError: Failed to fetch
=============================
====== JS ERROR CAUGHT ======
Unhandled Promise: TypeError: Failed to fetch
=============================
====== JS ERROR CAUGHT ======
Unhandled Promise: TypeError: Failed to fetch
=============================
====== JS ERROR CAUGHT ======
Unhandled Promise: TypeError: Failed to fetch
=============================
====== JS ERROR CAUGHT ======
Unhandled Promise: TypeError: Failed to fetch
=============================
====== JS ERROR CAUGHT ======
Unhandled Promise: TypeError: Failed to fetch
=============================
====== JS ERROR CAUGHT ======
Unhandled Promise: TypeError: Failed to fetch
=============================
====== JS ERROR CAUGHT ======
Unhandled Promise: TypeError: Failed to fetch
=============================
====== JS ERROR CAUGHT ======
Unhandled Promise: TypeError: Failed to fetch
=============================
====== JS ERROR CAUGHT ======
Unhandled Promise: TypeError: Failed to fetch
=============================
====== JS ERROR CAUGHT ======
Unhandled Promise: TypeError: Failed to fetch
=============================
====== JS ERROR CAUGHT ======
Unhandled Promise: TypeError: Failed to fetch
=============================
====== JS ERROR CAUGHT ======
Unhandled Promise: TypeError: Failed to fetch
=============================
====== JS ERROR CAUGHT ======
Unhandled Promise: TypeError: Failed to fetch
=============================
====== JS ERROR CAUGHT ======
Unhandled Promise: TypeError: Failed to fetch
=============================
====== JS ERROR CAUGHT ======
Unhandled Promise: TypeError: Failed to fetch
=============================
====== JS ERROR CAUGHT ======
Unhandled Promise: TypeError: Failed to fetch
=============================
====== JS ERROR CAUGHT ======
Unhandled Promise: TypeError: Failed to fetch
=============================
====== JS ERROR CAUGHT ======
Unhandled Promise: TypeError: Failed to fetch
=============================
====== JS ERROR CAUGHT ======
Unhandled Promise: TypeError: Failed to fetch
=============================
====== JS ERROR CAUGHT ======
Unhandled Promise: TypeError: Failed to fetch
=============================
====== JS ERROR CAUGHT ======
Unhandled Promise: TypeError: Failed to fetch
=============================
====== JS ERROR CAUGHT ======
Unhandled Promise: TypeError: Failed to fetch
=============================
====== JS ERROR CAUGHT ======
Unhandled Promise: TypeError: Failed to fetch
=============================
====== JS ERROR CAUGHT ======
Unhandled Promise: TypeError: Failed to fetch
=============================
====== JS ERROR CAUGHT ======
Unhandled Promise: TypeError: Failed to fetch
=============================
====== JS ERROR CAUGHT ======
Unhandled Promise: TypeError: Failed to fetch
=============================
====== JS ERROR CAUGHT ======
Unhandled Promise: TypeError: Failed to fetch
=============================
====== JS ERROR CAUGHT ======
Unhandled Promise: TypeError: Failed to fetch
=============================
====== JS ERROR CAUGHT ======
Unhandled Promise: TypeError: Failed to fetch
=============================
====== JS ERROR CAUGHT ======
Unhandled Promise: TypeError: Failed to fetch
=============================
====== JS ERROR CAUGHT ======
Unhandled Promise: TypeError: Failed to fetch
=============================
====== JS ERROR CAUGHT ======
Unhandled Promise: TypeError: Failed to fetch
=============================
====== JS ERROR CAUGHT ======
Unhandled Promise: TypeError: Failed to fetch
=============================
====== JS ERROR CAUGHT ======
Unhandled Promise: TypeError: Failed to fetch
=============================
====== JS ERROR CAUGHT ======
Unhandled Promise: TypeError: Failed to fetch
=============================
====== JS ERROR CAUGHT ======
Unhandled Promise: TypeError: Failed to fetch
=============================
====== JS ERROR CAUGHT ======
Unhandled Promise: TypeError: Failed to fetch
=============================
====== JS ERROR CAUGHT ======
Unhandled Promise: TypeError: Failed to fetch
=============================
====== JS ERROR CAUGHT ======
Unhandled Promise: TypeError: Failed to fetch
=============================
====== JS ERROR CAUGHT ======
Unhandled Promise: TypeError: Failed to fetch
=============================
====== JS ERROR CAUGHT ======
Unhandled Promise: TypeError: Failed to fetch
=============================
====== JS ERROR CAUGHT ======
Unhandled Promise: TypeError: Failed to fetch
=============================
====== JS ERROR CAUGHT ======
Unhandled Promise: TypeError: Failed to fetch
=============================
====== JS ERROR CAUGHT ======
Unhandled Promise: TypeError: Failed to fetch
=============================
====== JS ERROR CAUGHT ======
Unhandled Promise: TypeError: Failed to fetch
=============================
====== JS ERROR CAUGHT ======
Unhandled Promise: TypeError: Failed to fetch
=============================
====== JS ERROR CAUGHT ======
Unhandled Promise: TypeError: Failed to fetch
=============================
====== JS ERROR CAUGHT ======
Unhandled Promise: TypeError: Failed to fetch
=============================
====== JS ERROR CAUGHT ======
Unhandled Promise: TypeError: Failed to fetch
=============================
====== JS ERROR CAUGHT ======
Unhandled Promise: TypeError: Failed to fetch
=============================
====== JS ERROR CAUGHT ======
Unhandled Promise: TypeError: Failed to fetch
=============================
====== JS ERROR CAUGHT ======
Unhandled Promise: TypeError: Failed to fetch
=============================
====== JS ERROR CAUGHT ======
Unhandled Promise: TypeError: Failed to fetch
=============================
====== JS ERROR CAUGHT ======
Unhandled Promise: TypeError: Failed to fetch
=============================
====== JS ERROR CAUGHT ======
Unhandled Promise: TypeError: Failed to fetch
=============================
====== JS ERROR CAUGHT ======
Unhandled Promise: TypeError: Failed to fetch
=============================
====== JS ERROR CAUGHT ======
Unhandled Promise: TypeError: Failed to fetch
=============================
====== JS ERROR CAUGHT ======
Unhandled Promise: TypeError: Failed to fetch
=============================
====== JS ERROR CAUGHT ======
Unhandled Promise: TypeError: Failed to fetch
=============================
====== JS ERROR CAUGHT ======
Unhandled Promise: TypeError: Failed to fetch
=============================
====== JS ERROR CAUGHT ======
Unhandled Promise: TypeError: Failed to fetch
=============================
====== JS ERROR CAUGHT ======
Unhandled Promise: TypeError: Failed to fetch
=============================
====== JS ERROR CAUGHT ======
Unhandled Promise: TypeError: Failed to fetch
=============================
====== JS ERROR CAUGHT ======
Unhandled Promise: TypeError: Failed to fetch
=============================
====== JS ERROR CAUGHT ======
Unhandled Promise: TypeError: Failed to fetch
=============================
====== JS ERROR CAUGHT ======
Unhandled Promise: TypeError: Failed to fetch
=============================
====== JS ERROR CAUGHT ======
Unhandled Promise: TypeError: Failed to fetch
=============================
====== JS ERROR CAUGHT ======
Unhandled Promise: TypeError: Failed to fetch
=============================
====== JS ERROR CAUGHT ======
Unhandled Promise: TypeError: Failed to fetch
=============================
====== JS ERROR CAUGHT ======
Unhandled Promise: TypeError: Failed to fetch
=============================
====== JS ERROR CAUGHT ======
Unhandled Promise: TypeError: Failed to fetch
=============================
====== JS ERROR CAUGHT ======
Unhandled Promise: TypeError: Failed to fetch
=============================
====== JS ERROR CAUGHT ======
Unhandled Promise: TypeError: Failed to fetch
=============================
====== JS ERROR CAUGHT ======
Unhandled Promise: TypeError: Failed to fetch
=============================
====== JS ERROR CAUGHT ======
Unhandled Promise: TypeError: Failed to fetch
=============================
====== JS ERROR CAUGHT ======
Unhandled Promise: TypeError: Failed to fetch
=============================
====== JS ERROR CAUGHT ======
Unhandled Promise: TypeError: Failed to fetch
=============================
====== JS ERROR CAUGHT ======
Unhandled Promise: TypeError: Failed to fetch
=============================
====== JS ERROR CAUGHT ======
Unhandled Promise: TypeError: Failed to fetch
=============================
====== JS ERROR CAUGHT ======
Unhandled Promise: TypeError: Failed to fetch
=============================
====== JS ERROR CAUGHT ======
Unhandled Promise: TypeError: Failed to fetch
=============================
====== JS ERROR CAUGHT ======
Unhandled Promise: TypeError: Failed to fetch
=============================
====== JS ERROR CAUGHT ======
Unhandled Promise: TypeError: Failed to fetch
=============================
====== JS ERROR CAUGHT ======
Unhandled Promise: TypeError: Failed to fetch
=============================
====== JS ERROR CAUGHT ======
Unhandled Promise: TypeError: Failed to fetch
=============================
====== JS ERROR CAUGHT ======
Unhandled Promise: TypeError: Failed to fetch
=============================
====== JS ERROR CAUGHT ======
Unhandled Promise: TypeError: Failed to fetch
=============================
====== JS ERROR CAUGHT ======
Unhandled Promise: TypeError: Failed to fetch
=============================
====== JS ERROR CAUGHT ======
Unhandled Promise: TypeError: Failed to fetch
=============================
====== JS ERROR CAUGHT ======
Unhandled Promise: TypeError: Failed to fetch
=============================
====== JS ERROR CAUGHT ======
Unhandled Promise: TypeError: Failed to fetch
=============================
====== JS ERROR CAUGHT ======
Unhandled Promise: TypeError: Failed to fetch
=============================
====== JS ERROR CAUGHT ======
Unhandled Promise: TypeError: Failed to fetch
=============================
====== JS ERROR CAUGHT ======
Unhandled Promise: TypeError: Failed to fetch
=============================
====== JS ERROR CAUGHT ======
Unhandled Promise: TypeError: Failed to fetch
=============================
====== JS ERROR CAUGHT ======
Unhandled Promise: TypeError: Failed to fetch
=============================
====== JS ERROR CAUGHT ======
Unhandled Promise: TypeError: Failed to fetch
=============================
====== JS ERROR CAUGHT ======
Unhandled Promise: TypeError: Failed to fetch
=============================
====== JS ERROR CAUGHT ======
Unhandled Promise: TypeError: Failed to fetch
=============================
====== JS ERROR CAUGHT ======
Unhandled Promise: TypeError: Failed to fetch
=============================
====== JS ERROR CAUGHT ======
Unhandled Promise: TypeError: Failed to fetch
=============================
====== JS ERROR CAUGHT ======
Unhandled Promise: TypeError: Failed to fetch
=============================
====== JS ERROR CAUGHT ======
Unhandled Promise: TypeError: Failed to fetch
=============================
====== JS ERROR CAUGHT ======
Unhandled Promise: TypeError: Failed to fetch
=============================
====== JS ERROR CAUGHT ======
Unhandled Promise: TypeError: Failed to fetch
=============================
====== JS ERROR CAUGHT ======
Unhandled Promise: TypeError: Failed to fetch
=============================
====== JS ERROR CAUGHT ======
Unhandled Promise: TypeError: Failed to fetch
=============================
====== JS ERROR CAUGHT ======
Unhandled Promise: TypeError: Failed to fetch
=============================
====== JS ERROR CAUGHT ======
Unhandled Promise: TypeError: Failed to fetch
=============================
====== JS ERROR CAUGHT ======
Unhandled Promise: TypeError: Failed to fetch
=============================
====== JS ERROR CAUGHT ======
Unhandled Promise: TypeError: Failed to fetch
=============================
====== JS ERROR CAUGHT ======
Unhandled Promise: TypeError: Failed to fetch
=============================
====== JS ERROR CAUGHT ======
Unhandled Promise: TypeError: Failed to fetch
=============================
====== JS ERROR CAUGHT ======
Unhandled Promise: TypeError: Failed to fetch
=============================
====== JS ERROR CAUGHT ======
Unhandled Promise: TypeError: Failed to fetch
=============================
====== JS ERROR CAUGHT ======
Unhandled Promise: TypeError: Failed to fetch
=============================
====== JS ERROR CAUGHT ======
Unhandled Promise: TypeError: Failed to fetch
=============================
====== JS ERROR CAUGHT ======
Unhandled Promise: TypeError: Failed to fetch
=============================
====== JS ERROR CAUGHT ======
Unhandled Promise: TypeError: Failed to fetch
=============================
====== JS ERROR CAUGHT ======
Unhandled Promise: TypeError: Failed to fetch
=============================
====== JS ERROR CAUGHT ======
Unhandled Promise: TypeError: Failed to fetch
=============================
====== JS ERROR CAUGHT ======
Unhandled Promise: TypeError: Failed to fetch
=============================
====== JS ERROR CAUGHT ======
Unhandled Promise: TypeError: Failed to fetch
=============================
====== JS ERROR CAUGHT ======
Unhandled Promise: TypeError: Failed to fetch
=============================
====== JS ERROR CAUGHT ======
Unhandled Promise: TypeError: Failed to fetch
=============================
====== JS ERROR CAUGHT ======
Unhandled Promise: TypeError: Failed to fetch
=============================
====== JS ERROR CAUGHT ======
Unhandled Promise: TypeError: Failed to fetch
=============================
====== JS ERROR CAUGHT ======
Unhandled Promise: TypeError: Failed to fetch
=============================
====== JS ERROR CAUGHT ======
Unhandled Promise: TypeError: Failed to fetch
=============================
====== JS ERROR CAUGHT ======
Unhandled Promise: TypeError: Failed to fetch
=============================
====== JS ERROR CAUGHT ======
Unhandled Promise: TypeError: Failed to fetch
=============================
====== JS ERROR CAUGHT ======
Unhandled Promise: TypeError: Failed to fetch
=============================
====== JS ERROR CAUGHT ======
Unhandled Promise: TypeError: Failed to fetch
=============================
====== JS ERROR CAUGHT ======
Unhandled Promise: TypeError: Failed to fetch
=============================
====== JS ERROR CAUGHT ======
Unhandled Promise: TypeError: Failed to fetch
=============================
====== JS ERROR CAUGHT ======
Unhandled Promise: TypeError: Failed to fetch
=============================
====== JS ERROR CAUGHT ======
Unhandled Promise: TypeError: Failed to fetch
=============================
====== JS ERROR CAUGHT ======
Unhandled Promise: TypeError: Failed to fetch
=============================
====== JS ERROR CAUGHT ======
Unhandled Promise: TypeError: Failed to fetch
=============================
====== JS ERROR CAUGHT ======
Unhandled Promise: TypeError: Failed to fetch
=============================
====== JS ERROR CAUGHT ======
Unhandled Promise: TypeError: Failed to fetch
=============================
====== JS ERROR CAUGHT ======
Unhandled Promise: TypeError: Failed to fetch
=============================
====== JS ERROR CAUGHT ======
Unhandled Promise: TypeError: Failed to fetch
=============================
====== JS ERROR CAUGHT ======
Unhandled Promise: TypeError: Failed to fetch
=============================
====== JS ERROR CAUGHT ======
Unhandled Promise: TypeError: Failed to fetch
=============================
====== JS ERROR CAUGHT ======
Unhandled Promise: TypeError: Failed to fetch
=============================
====== JS ERROR CAUGHT ======
Unhandled Promise: TypeError: Failed to fetch
=============================
====== JS ERROR CAUGHT ======
Unhandled Promise: TypeError: Failed to fetch
=============================
====== JS ERROR CAUGHT ======
Unhandled Promise: TypeError: Failed to fetch
=============================
====== JS ERROR CAUGHT ======
Unhandled Promise: TypeError: Failed to fetch
=============================
====== JS ERROR CAUGHT ======
Unhandled Promise: TypeError: Failed to fetch
=============================
====== JS ERROR CAUGHT ======
Unhandled Promise: TypeError: Failed to fetch
=============================
====== JS ERROR CAUGHT ======
Unhandled Promise: TypeError: Failed to fetch
=============================
====== JS ERROR CAUGHT ======
Unhandled Promise: TypeError: Failed to fetch
=============================
====== JS ERROR CAUGHT ======
Unhandled Promise: TypeError: Failed to fetch
=============================
====== JS ERROR CAUGHT ======
Unhandled Promise: TypeError: Failed to fetch
=============================
====== JS ERROR CAUGHT ======
Unhandled Promise: TypeError: Failed to fetch
=============================
====== JS ERROR CAUGHT ======
Unhandled Promise: TypeError: Failed to fetch
=============================
====== JS ERROR CAUGHT ======
Unhandled Promise: TypeError: Failed to fetch
=============================
====== JS ERROR CAUGHT ======
Unhandled Promise: TypeError: Failed to fetch
=============================
====== JS ERROR CAUGHT ======
Unhandled Promise: TypeError: Failed to fetch
=============================
====== JS ERROR CAUGHT ======
Unhandled Promise: TypeError: Failed to fetch
=============================
====== JS ERROR CAUGHT ======
Unhandled Promise: TypeError: Failed to fetch
=============================
====== JS ERROR CAUGHT ======
Unhandled Promise: TypeError: Failed to fetch
=============================
====== JS ERROR CAUGHT ======
Unhandled Promise: TypeError: Failed to fetch
=============================
====== JS ERROR CAUGHT ======
Unhandled Promise: TypeError: Failed to fetch
=============================
====== JS ERROR CAUGHT ======
Unhandled Promise: TypeError: Failed to fetch
=============================
====== JS ERROR CAUGHT ======
Unhandled Promise: TypeError: Failed to fetch
=============================
====== JS ERROR CAUGHT ======
Unhandled Promise: TypeError: Failed to fetch
=============================
====== JS ERROR CAUGHT ======
Unhandled Promise: TypeError: Failed to fetch
=============================
====== JS ERROR CAUGHT ======
Unhandled Promise: TypeError: Failed to fetch
=============================
====== JS ERROR CAUGHT ======
Unhandled Promise: TypeError: Failed to fetch
=============================
====== JS ERROR CAUGHT ======
Unhandled Promise: TypeError: Failed to fetch
=============================
====== JS ERROR CAUGHT ======
Unhandled Promise: TypeError: Failed to fetch
=============================
====== JS ERROR CAUGHT ======
Unhandled Promise: TypeError: Failed to fetch
=============================
====== JS ERROR CAUGHT ======
Unhandled Promise: TypeError: Failed to fetch
=============================
====== JS ERROR CAUGHT ======
Unhandled Promise: TypeError: Failed to fetch
=============================
====== JS ERROR CAUGHT ======
Unhandled Promise: TypeError: Failed to fetch
=============================
====== JS ERROR CAUGHT ======
Unhandled Promise: TypeError: Failed to fetch
=============================
====== JS ERROR CAUGHT ======
Unhandled Promise: TypeError: Failed to fetch
=============================
====== JS ERROR CAUGHT ======
Unhandled Promise: TypeError: Failed to fetch
=============================
====== JS ERROR CAUGHT ======
Unhandled Promise: TypeError: Failed to fetch
=============================
====== JS ERROR CAUGHT ======
Unhandled Promise: TypeError: Failed to fetch
=============================
====== JS ERROR CAUGHT ======
Unhandled Promise: TypeError: Failed to fetch
=============================
====== JS ERROR CAUGHT ======
Unhandled Promise: TypeError: Failed to fetch
=============================
====== JS ERROR CAUGHT ======
Unhandled Promise: TypeError: Failed to fetch
=============================
====== JS ERROR CAUGHT ======
Unhandled Promise: TypeError: Failed to fetch
=============================
====== JS ERROR CAUGHT ======
Unhandled Promise: TypeError: Failed to fetch
=============================
====== JS ERROR CAUGHT ======
Unhandled Promise: TypeError: Failed to fetch
=============================
====== JS ERROR CAUGHT ======
Unhandled Promise: TypeError: Failed to fetch
=============================
====== JS ERROR CAUGHT ======
Unhandled Promise: TypeError: Failed to fetch
=============================
====== JS ERROR CAUGHT ======
Unhandled Promise: TypeError: Failed to fetch
=============================
====== JS ERROR CAUGHT ======
Unhandled Promise: TypeError: Failed to fetch
=============================
====== JS ERROR CAUGHT ======
Unhandled Promise: TypeError: Failed to fetch
=============================
====== JS ERROR CAUGHT ======
Unhandled Promise: TypeError: Failed to fetch
=============================
====== JS ERROR CAUGHT ======
Unhandled Promise: TypeError: Failed to fetch
=============================
====== JS ERROR CAUGHT ======
Unhandled Promise: TypeError: Failed to fetch
=============================
====== JS ERROR CAUGHT ======
Unhandled Promise: TypeError: Failed to fetch
=============================
====== JS ERROR CAUGHT ======
Unhandled Promise: TypeError: Failed to fetch
=============================
====== JS ERROR CAUGHT ======
Unhandled Promise: TypeError: Failed to fetch
=============================
====== JS ERROR CAUGHT ======
Unhandled Promise: TypeError: Failed to fetch
=============================
====== JS ERROR CAUGHT ======
Unhandled Promise: TypeError: Failed to fetch
=============================
====== JS ERROR CAUGHT ======
Unhandled Promise: TypeError: Failed to fetch
=============================
====== JS ERROR CAUGHT ======
Unhandled Promise: TypeError: Failed to fetch
=============================
====== JS ERROR CAUGHT ======
Unhandled Promise: TypeError: Failed to fetch
=============================
====== JS ERROR CAUGHT ======
Unhandled Promise: TypeError: Failed to fetch
=============================
====== JS ERROR CAUGHT ======
Unhandled Promise: TypeError: Failed to fetch
=============================
====== JS ERROR CAUGHT ======
Unhandled Promise: TypeError: Failed to fetch
=============================
====== JS ERROR CAUGHT ======
Unhandled Promise: TypeError: Failed to fetch
=============================
====== JS ERROR CAUGHT ======
Unhandled Promise: TypeError: Failed to fetch
=============================
====== JS ERROR CAUGHT ======
Unhandled Promise: TypeError: Failed to fetch
=============================
====== JS ERROR CAUGHT ======
Unhandled Promise: TypeError: Failed to fetch
=============================
====== JS ERROR CAUGHT ======
Unhandled Promise: TypeError: Failed to fetch
=============================
====== JS ERROR CAUGHT ======
Unhandled Promise: TypeError: Failed to fetch
=============================
====== JS ERROR CAUGHT ======
Unhandled Promise: TypeError: Failed to fetch
=============================
====== JS ERROR CAUGHT ======
Unhandled Promise: TypeError: Failed to fetch
=============================
====== JS ERROR CAUGHT ======
Unhandled Promise: TypeError: Failed to fetch
=============================
====== JS ERROR CAUGHT ======
Unhandled Promise: TypeError: Failed to fetch
=============================
====== JS ERROR CAUGHT ======
Unhandled Promise: TypeError: Failed to fetch
=============================
====== JS ERROR CAUGHT ======
Unhandled Promise: TypeError: Failed to fetch
=============================
====== JS ERROR CAUGHT ======
Unhandled Promise: TypeError: Failed to fetch
=============================
====== JS ERROR CAUGHT ======
Unhandled Promise: TypeError: Failed to fetch
=============================
====== JS ERROR CAUGHT ======
Unhandled Promise: TypeError: Failed to fetch
=============================
====== JS ERROR CAUGHT ======
Unhandled Promise: TypeError: Failed to fetch
=============================
====== JS ERROR CAUGHT ======
Unhandled Promise: TypeError: Failed to fetch
=============================
====== JS ERROR CAUGHT ======
Unhandled Promise: TypeError: Failed to fetch
=============================
====== JS ERROR CAUGHT ======
Unhandled Promise: TypeError: Failed to fetch
=============================
====== JS ERROR CAUGHT ======
Unhandled Promise: TypeError: Failed to fetch
=============================
====== JS ERROR CAUGHT ======
Unhandled Promise: TypeError: Failed to fetch
=============================
====== JS ERROR CAUGHT ======
Unhandled Promise: TypeError: Failed to fetch
=============================
====== JS ERROR CAUGHT ======
Unhandled Promise: TypeError: Failed to fetch
=============================
====== JS ERROR CAUGHT ======
Unhandled Promise: TypeError: Failed to fetch
=============================
====== JS ERROR CAUGHT ======
Unhandled Promise: TypeError: Failed to fetch
=============================
====== JS ERROR CAUGHT ======
Unhandled Promise: TypeError: Failed to fetch
=============================
====== JS ERROR CAUGHT ======
Unhandled Promise: TypeError: Failed to fetch
=============================
====== JS ERROR CAUGHT ======
Unhandled Promise: TypeError: Failed to fetch
=============================
====== JS ERROR CAUGHT ======
Unhandled Promise: TypeError: Failed to fetch
=============================
====== JS ERROR CAUGHT ======
Unhandled Promise: TypeError: Failed to fetch
=============================
====== JS ERROR CAUGHT ======
Unhandled Promise: TypeError: Failed to fetch
=============================
====== JS ERROR CAUGHT ======
Unhandled Promise: TypeError: Failed to fetch
=============================
====== JS ERROR CAUGHT ======
Unhandled Promise: TypeError: Failed to fetch
=============================
====== JS ERROR CAUGHT ======
Unhandled Promise: TypeError: Failed to fetch
=============================
====== JS ERROR CAUGHT ======
Unhandled Promise: TypeError: Failed to fetch
=============================
====== JS ERROR CAUGHT ======
Unhandled Promise: TypeError: Failed to fetch
=============================
====== JS ERROR CAUGHT ======
Unhandled Promise: TypeError: Failed to fetch
=============================
====== JS ERROR CAUGHT ======
Unhandled Promise: TypeError: Failed to fetch
=============================
====== JS ERROR CAUGHT ======
Unhandled Promise: TypeError: Failed to fetch
=============================
====== JS ERROR CAUGHT ======
Unhandled Promise: TypeError: Failed to fetch
=============================
====== JS ERROR CAUGHT ======
Unhandled Promise: TypeError: Failed to fetch
=============================
====== JS ERROR CAUGHT ======
Unhandled Promise: TypeError: Failed to fetch
=============================
====== JS ERROR CAUGHT ======
Unhandled Promise: TypeError: Failed to fetch
=============================
====== JS ERROR CAUGHT ======
Unhandled Promise: TypeError: Failed to fetch
=============================
====== JS ERROR CAUGHT ======
Unhandled Promise: TypeError: Failed to fetch
=============================
====== JS ERROR CAUGHT ======
Unhandled Promise: TypeError: Failed to fetch
=============================
====== JS ERROR CAUGHT ======
Unhandled Promise: TypeError: Failed to fetch
=============================
====== JS ERROR CAUGHT ======
Unhandled Promise: TypeError: Failed to fetch
=============================
====== JS ERROR CAUGHT ======
Unhandled Promise: TypeError: Failed to fetch
=============================
====== JS ERROR CAUGHT ======
Unhandled Promise: TypeError: Failed to fetch
=============================
====== JS ERROR CAUGHT ======
Unhandled Promise: TypeError: Failed to fetch
=============================
====== JS ERROR CAUGHT ======
Unhandled Promise: TypeError: Failed to fetch
=============================
====== JS ERROR CAUGHT ======
Unhandled Promise: TypeError: Failed to fetch
=============================
====== JS ERROR CAUGHT ======
Unhandled Promise: TypeError: Failed to fetch
=============================
====== JS ERROR CAUGHT ======
Unhandled Promise: TypeError: Failed to fetch
=============================
====== JS ERROR CAUGHT ======
Unhandled Promise: TypeError: Failed to fetch
=============================
====== JS ERROR CAUGHT ======
Unhandled Promise: TypeError: Failed to fetch
=============================
====== JS ERROR CAUGHT ======
Unhandled Promise: TypeError: Failed to fetch
=============================
====== JS ERROR CAUGHT ======
Unhandled Promise: TypeError: Failed to fetch
=============================
====== JS ERROR CAUGHT ======
Unhandled Promise: TypeError: Failed to fetch
=============================
====== JS ERROR CAUGHT ======
Unhandled Promise: TypeError: Failed to fetch
=============================
====== JS ERROR CAUGHT ======
Unhandled Promise: TypeError: Failed to fetch
=============================
====== JS ERROR CAUGHT ======
Unhandled Promise: TypeError: Failed to fetch
=============================
====== JS ERROR CAUGHT ======
Unhandled Promise: TypeError: Failed to fetch
=============================
====== JS ERROR CAUGHT ======
Unhandled Promise: TypeError: Failed to fetch
=============================
====== JS ERROR CAUGHT ======
Unhandled Promise: TypeError: Failed to fetch
=============================
====== JS ERROR CAUGHT ======
Unhandled Promise: TypeError: Failed to fetch
=============================
====== JS ERROR CAUGHT ======
Unhandled Promise: TypeError: Failed to fetch
=============================
====== JS ERROR CAUGHT ======
Unhandled Promise: TypeError: Failed to fetch
=============================
====== JS ERROR CAUGHT ======
Unhandled Promise: TypeError: Failed to fetch
=============================
====== JS ERROR CAUGHT ======
Unhandled Promise: TypeError: Failed to fetch
=============================
====== JS ERROR CAUGHT ======
Unhandled Promise: TypeError: Failed to fetch
=============================
====== JS ERROR CAUGHT ======
Unhandled Promise: TypeError: Failed to fetch
=============================
====== JS ERROR CAUGHT ======
Unhandled Promise: TypeError: Failed to fetch
=============================
====== JS ERROR CAUGHT ======
Unhandled Promise: TypeError: Failed to fetch
=============================
====== JS ERROR CAUGHT ======
Unhandled Promise: TypeError: Failed to fetch
=============================
====== JS ERROR CAUGHT ======
Unhandled Promise: TypeError: Failed to fetch
=============================
====== JS ERROR CAUGHT ======
Unhandled Promise: TypeError: Failed to fetch
=============================
====== JS ERROR CAUGHT ======
Unhandled Promise: TypeError: Failed to fetch
=============================
====== JS ERROR CAUGHT ======
Unhandled Promise: TypeError: Failed to fetch
=============================
====== JS ERROR CAUGHT ======
Unhandled Promise: TypeError: Failed to fetch
=============================
====== JS ERROR CAUGHT ======
Unhandled Promise: TypeError: Failed to fetch
=============================
====== JS ERROR CAUGHT ======
Unhandled Promise: TypeError: Failed to fetch
=============================
====== JS ERROR CAUGHT ======
Unhandled Promise: TypeError: Failed to fetch
=============================
====== JS ERROR CAUGHT ======
Unhandled Promise: TypeError: Failed to fetch
=============================
====== JS ERROR CAUGHT ======
Unhandled Promise: TypeError: Failed to fetch
=============================
====== JS ERROR CAUGHT ======
Unhandled Promise: TypeError: Failed to fetch
=============================
====== JS ERROR CAUGHT ======
Unhandled Promise: TypeError: Failed to fetch
=============================
====== JS ERROR CAUGHT ======
Unhandled Promise: TypeError: Failed to fetch
=============================
====== JS ERROR CAUGHT ======
Unhandled Promise: TypeError: Failed to fetch
=============================
====== JS ERROR CAUGHT ======
Unhandled Promise: TypeError: Failed to fetch
=============================
====== JS ERROR CAUGHT ======
Unhandled Promise: TypeError: Failed to fetch
=============================
====== JS ERROR CAUGHT ======
Unhandled Promise: TypeError: Failed to fetch
=============================
====== JS ERROR CAUGHT ======
Unhandled Promise: TypeError: Failed to fetch
=============================
====== JS ERROR CAUGHT ======
Unhandled Promise: TypeError: Failed to fetch
=============================
====== JS ERROR CAUGHT ======
Unhandled Promise: TypeError: Failed to fetch
=============================
====== JS ERROR CAUGHT ======
Unhandled Promise: TypeError: Failed to fetch
=============================
====== JS ERROR CAUGHT ======
Unhandled Promise: TypeError: Failed to fetch
=============================
====== JS ERROR CAUGHT ======
Unhandled Promise: TypeError: Failed to fetch
=============================
====== JS ERROR CAUGHT ======
Unhandled Promise: TypeError: Failed to fetch
=============================
====== JS ERROR CAUGHT ======
Unhandled Promise: TypeError: Failed to fetch
=============================
====== JS ERROR CAUGHT ======
Unhandled Promise: TypeError: Failed to fetch
=============================
====== JS ERROR CAUGHT ======
Unhandled Promise: TypeError: Failed to fetch
=============================
====== JS ERROR CAUGHT ======
Unhandled Promise: TypeError: Failed to fetch
=============================
====== JS ERROR CAUGHT ======
Unhandled Promise: TypeError: Failed to fetch
=============================
====== JS ERROR CAUGHT ======
Unhandled Promise: TypeError: Failed to fetch
=============================
====== JS ERROR CAUGHT ======
Unhandled Promise: TypeError: Failed to fetch
=============================
====== JS ERROR CAUGHT ======
Unhandled Promise: TypeError: Failed to fetch
=============================
====== JS ERROR CAUGHT ======
Unhandled Promise: TypeError: Failed to fetch
=============================
====== JS ERROR CAUGHT ======
Unhandled Promise: TypeError: Failed to fetch
=============================
====== JS ERROR CAUGHT ======
Unhandled Promise: TypeError: Failed to fetch
=============================
====== JS ERROR CAUGHT ======
Unhandled Promise: TypeError: Failed to fetch
=============================
====== JS ERROR CAUGHT ======
Unhandled Promise: TypeError: Failed to fetch
=============================
====== JS ERROR CAUGHT ======
Unhandled Promise: TypeError: Failed to fetch
=============================
====== JS ERROR CAUGHT ======
Unhandled Promise: TypeError: Failed to fetch
=============================
====== JS ERROR CAUGHT ======
Unhandled Promise: TypeError: Failed to fetch
=============================
====== JS ERROR CAUGHT ======
Unhandled Promise: TypeError: Failed to fetch
=============================
====== JS ERROR CAUGHT ======
Unhandled Promise: TypeError: Failed to fetch
=============================
====== JS ERROR CAUGHT ======
Unhandled Promise: TypeError: Failed to fetch
=============================
====== JS ERROR CAUGHT ======
Unhandled Promise: TypeError: Failed to fetch
=============================
====== JS ERROR CAUGHT ======
Unhandled Promise: TypeError: Failed to fetch
=============================
====== JS ERROR CAUGHT ======
Unhandled Promise: TypeError: Failed to fetch
=============================
====== JS ERROR CAUGHT ======
Unhandled Promise: TypeError: Failed to fetch
=============================
====== JS ERROR CAUGHT ======
Unhandled Promise: TypeError: Failed to fetch
=============================
====== JS ERROR CAUGHT ======
Unhandled Promise: TypeError: Failed to fetch
=============================
====== JS ERROR CAUGHT ======
Unhandled Promise: TypeError: Failed to fetch
=============================
====== JS ERROR CAUGHT ======
Unhandled Promise: TypeError: Failed to fetch
=============================
====== JS ERROR CAUGHT ======
Unhandled Promise: TypeError: Failed to fetch
=============================
====== JS ERROR CAUGHT ======
Unhandled Promise: TypeError: Failed to fetch
=============================
====== JS ERROR CAUGHT ======
Unhandled Promise: TypeError: Failed to fetch
=============================
====== JS ERROR CAUGHT ======
Unhandled Promise: TypeError: Failed to fetch
=============================
====== JS ERROR CAUGHT ======
Unhandled Promise: TypeError: Failed to fetch
=============================
====== JS ERROR CAUGHT ======
Unhandled Promise: TypeError: Failed to fetch
=============================
====== JS ERROR CAUGHT ======
Unhandled Promise: TypeError: Failed to fetch
=============================
====== JS ERROR CAUGHT ======
Unhandled Promise: TypeError: Failed to fetch
=============================
====== JS ERROR CAUGHT ======
Unhandled Promise: TypeError: Failed to fetch
=============================
====== JS ERROR CAUGHT ======
Unhandled Promise: TypeError: Failed to fetch
=============================
====== JS ERROR CAUGHT ======
Unhandled Promise: TypeError: Failed to fetch
=============================
====== JS ERROR CAUGHT ======
Unhandled Promise: TypeError: Failed to fetch
=============================
====== JS ERROR CAUGHT ======
Unhandled Promise: TypeError: Failed to fetch
=============================
====== JS ERROR CAUGHT ======
Unhandled Promise: TypeError: Failed to fetch
=============================
====== JS ERROR CAUGHT ======
Unhandled Promise: TypeError: Failed to fetch
=============================
====== JS ERROR CAUGHT ======
Unhandled Promise: TypeError: Failed to fetch
=============================
====== JS ERROR CAUGHT ======
Unhandled Promise: TypeError: Failed to fetch
=============================
====== JS ERROR CAUGHT ======
Unhandled Promise: TypeError: Failed to fetch
=============================
====== JS ERROR CAUGHT ======
Unhandled Promise: TypeError: Failed to fetch
=============================
====== JS ERROR CAUGHT ======
Unhandled Promise: TypeError: Failed to fetch
=============================
====== JS ERROR CAUGHT ======
Unhandled Promise: TypeError: Failed to fetch
=============================
====== JS ERROR CAUGHT ======
Unhandled Promise: TypeError: Failed to fetch
=============================
====== JS ERROR CAUGHT ======
Unhandled Promise: TypeError: Failed to fetch
=============================
====== JS ERROR CAUGHT ======
Unhandled Promise: TypeError: Failed to fetch
=============================
====== JS ERROR CAUGHT ======
Unhandled Promise: TypeError: Failed to fetch
=============================
====== JS ERROR CAUGHT ======
Unhandled Promise: TypeError: Failed to fetch
=============================
====== JS ERROR CAUGHT ======
Unhandled Promise: TypeError: Failed to fetch
=============================
====== JS ERROR CAUGHT ======
Unhandled Promise: TypeError: Failed to fetch
=============================
====== JS ERROR CAUGHT ======
Unhandled Promise: TypeError: Failed to fetch
=============================
====== JS ERROR CAUGHT ======
Unhandled Promise: TypeError: Failed to fetch
=============================
====== JS ERROR CAUGHT ======
Unhandled Promise: TypeError: Failed to fetch
=============================
====== JS ERROR CAUGHT ======
Unhandled Promise: TypeError: Failed to fetch
=============================
====== JS ERROR CAUGHT ======
Unhandled Promise: TypeError: Failed to fetch
=============================
====== JS ERROR CAUGHT ======
Unhandled Promise: TypeError: Failed to fetch
=============================
====== JS ERROR CAUGHT ======
Unhandled Promise: TypeError: Failed to fetch
=============================
====== JS ERROR CAUGHT ======
Unhandled Promise: TypeError: Failed to fetch
=============================
====== JS ERROR CAUGHT ======
Unhandled Promise: TypeError: Failed to fetch
=============================
====== JS ERROR CAUGHT ======
Unhandled Promise: TypeError: Failed to fetch
=============================
====== JS ERROR CAUGHT ======
Unhandled Promise: TypeError: Failed to fetch
=============================
====== JS ERROR CAUGHT ======
Unhandled Promise: TypeError: Failed to fetch
=============================
====== JS ERROR CAUGHT ======
Unhandled Promise: TypeError: Failed to fetch
=============================
====== JS ERROR CAUGHT ======
Unhandled Promise: TypeError: Failed to fetch
=============================
====== JS ERROR CAUGHT ======
Unhandled Promise: TypeError: Failed to fetch
=============================
====== JS ERROR CAUGHT ======
Unhandled Promise: TypeError: Failed to fetch
=============================
====== JS ERROR CAUGHT ======
Unhandled Promise: TypeError: Failed to fetch
=============================
====== JS ERROR CAUGHT ======
Unhandled Promise: TypeError: Failed to fetch
=============================
====== JS ERROR CAUGHT ======
Unhandled Promise: TypeError: Failed to fetch
=============================
====== JS ERROR CAUGHT ======
Unhandled Promise: TypeError: Failed to fetch
=============================
====== JS ERROR CAUGHT ======
Unhandled Promise: TypeError: Failed to fetch
=============================
====== JS ERROR CAUGHT ======
Unhandled Promise: TypeError: Failed to fetch
=============================
====== JS ERROR CAUGHT ======
Unhandled Promise: TypeError: Failed to fetch
=============================
====== JS ERROR CAUGHT ======
Unhandled Promise: TypeError: Failed to fetch
=============================
====== JS ERROR CAUGHT ======
Unhandled Promise: TypeError: Failed to fetch
=============================
====== JS ERROR CAUGHT ======
Unhandled Promise: TypeError: Failed to fetch
=============================
====== JS ERROR CAUGHT ======
Unhandled Promise: TypeError: Failed to fetch
=============================
====== JS ERROR CAUGHT ======
Unhandled Promise: TypeError: Failed to fetch
=============================
====== JS ERROR CAUGHT ======
Unhandled Promise: TypeError: Failed to fetch
=============================
====== JS ERROR CAUGHT ======
Unhandled Promise: TypeError: Failed to fetch
=============================
====== JS ERROR CAUGHT ======
Unhandled Promise: TypeError: Failed to fetch
=============================
====== JS ERROR CAUGHT ======
Unhandled Promise: TypeError: Failed to fetch
=============================
====== JS ERROR CAUGHT ======
Unhandled Promise: TypeError: Failed to fetch
=============================
====== JS ERROR CAUGHT ======
Unhandled Promise: TypeError: Failed to fetch
=============================
====== JS ERROR CAUGHT ======
Unhandled Promise: TypeError: Failed to fetch
=============================
====== JS ERROR CAUGHT ======
Unhandled Promise: TypeError: Failed to fetch
=============================
====== JS ERROR CAUGHT ======
Unhandled Promise: TypeError: Failed to fetch
=============================
====== JS ERROR CAUGHT ======
Unhandled Promise: TypeError: Failed to fetch
=============================
====== JS ERROR CAUGHT ======
Unhandled Promise: TypeError: Failed to fetch
=============================
====== JS ERROR CAUGHT ======
Unhandled Promise: TypeError: Failed to fetch
=============================
====== JS ERROR CAUGHT ======
Unhandled Promise: TypeError: Failed to fetch
=============================
====== JS ERROR CAUGHT ======
Unhandled Promise: TypeError: Failed to fetch
=============================
====== JS ERROR CAUGHT ======
Unhandled Promise: TypeError: Failed to fetch
=============================
====== JS ERROR CAUGHT ======
Unhandled Promise: TypeError: Failed to fetch
=============================
====== JS ERROR CAUGHT ======
Unhandled Promise: TypeError: Failed to fetch
=============================
====== JS ERROR CAUGHT ======
Unhandled Promise: TypeError: Failed to fetch
=============================
====== JS ERROR CAUGHT ======
Unhandled Promise: TypeError: Failed to fetch
=============================
====== JS ERROR CAUGHT ======
Unhandled Promise: TypeError: Failed to fetch
=============================
====== JS ERROR CAUGHT ======
Unhandled Promise: TypeError: Failed to fetch
=============================
====== JS ERROR CAUGHT ======
Unhandled Promise: TypeError: Failed to fetch
=============================
====== JS ERROR CAUGHT ======
Unhandled Promise: TypeError: Failed to fetch
=============================
====== JS ERROR CAUGHT ======
Unhandled Promise: TypeError: Failed to fetch
=============================
====== JS ERROR CAUGHT ======
Unhandled Promise: TypeError: Failed to fetch
=============================
====== JS ERROR CAUGHT ======
Unhandled Promise: TypeError: Failed to fetch
=============================
====== JS ERROR CAUGHT ======
Unhandled Promise: TypeError: Failed to fetch
=============================
====== JS ERROR CAUGHT ======
Unhandled Promise: TypeError: Failed to fetch
=============================
====== JS ERROR CAUGHT ======
Unhandled Promise: TypeError: Failed to fetch
=============================
====== JS ERROR CAUGHT ======
Unhandled Promise: TypeError: Failed to fetch
=============================
====== JS ERROR CAUGHT ======
Unhandled Promise: TypeError: Failed to fetch
=============================
====== JS ERROR CAUGHT ======
Unhandled Promise: TypeError: Failed to fetch
=============================
====== JS ERROR CAUGHT ======
Unhandled Promise: TypeError: Failed to fetch
=============================
====== JS ERROR CAUGHT ======
Unhandled Promise: TypeError: Failed to fetch
=============================
====== JS ERROR CAUGHT ======
Unhandled Promise: TypeError: Failed to fetch
=============================
====== JS ERROR CAUGHT ======
Unhandled Promise: TypeError: Failed to fetch
=============================
====== JS ERROR CAUGHT ======
Unhandled Promise: TypeError: Failed to fetch
=============================
====== JS ERROR CAUGHT ======
Unhandled Promise: TypeError: Failed to fetch
=============================
====== JS ERROR CAUGHT ======
Unhandled Promise: TypeError: Failed to fetch
=============================
====== JS ERROR CAUGHT ======
Unhandled Promise: TypeError: Failed to fetch
=============================
====== JS ERROR CAUGHT ======
Unhandled Promise: TypeError: Failed to fetch
=============================
====== JS ERROR CAUGHT ======
Unhandled Promise: TypeError: Failed to fetch
=============================
====== JS ERROR CAUGHT ======
Unhandled Promise: TypeError: Failed to fetch
=============================
====== JS ERROR CAUGHT ======
Unhandled Promise: TypeError: Failed to fetch
=============================
====== JS ERROR CAUGHT ======
Unhandled Promise: TypeError: Failed to fetch
=============================
====== JS ERROR CAUGHT ======
Unhandled Promise: TypeError: Failed to fetch
=============================
====== JS ERROR CAUGHT ======
Unhandled Promise: TypeError: Failed to fetch
=============================
====== JS ERROR CAUGHT ======
Unhandled Promise: TypeError: Failed to fetch
=============================
====== JS ERROR CAUGHT ======
Unhandled Promise: TypeError: Failed to fetch
=============================
====== JS ERROR CAUGHT ======
Unhandled Promise: TypeError: Failed to fetch
=============================
====== JS ERROR CAUGHT ======
Unhandled Promise: TypeError: Failed to fetch
=============================
====== JS ERROR CAUGHT ======
Unhandled Promise: TypeError: Failed to fetch
=============================
====== JS ERROR CAUGHT ======
Unhandled Promise: TypeError: Failed to fetch
=============================
====== JS ERROR CAUGHT ======
Unhandled Promise: TypeError: Failed to fetch
=============================
====== JS ERROR CAUGHT ======
Unhandled Promise: TypeError: Failed to fetch
=============================
====== JS ERROR CAUGHT ======
Unhandled Promise: TypeError: Failed to fetch
=============================
====== JS ERROR CAUGHT ======
Unhandled Promise: TypeError: Failed to fetch
=============================
====== JS ERROR CAUGHT ======
Unhandled Promise: TypeError: Failed to fetch
=============================
====== JS ERROR CAUGHT ======
Unhandled Promise: TypeError: Failed to fetch
=============================
====== JS ERROR CAUGHT ======
Unhandled Promise: TypeError: Failed to fetch
=============================
====== JS ERROR CAUGHT ======
Unhandled Promise: TypeError: Failed to fetch
=============================
====== JS ERROR CAUGHT ======
Unhandled Promise: TypeError: Failed to fetch
=============================
====== JS ERROR CAUGHT ======
Unhandled Promise: TypeError: Failed to fetch
=============================
====== JS ERROR CAUGHT ======
Unhandled Promise: TypeError: Failed to fetch
=============================
====== JS ERROR CAUGHT ======
Unhandled Promise: TypeError: Failed to fetch
=============================
====== JS ERROR CAUGHT ======
Unhandled Promise: TypeError: Failed to fetch
=============================
====== JS ERROR CAUGHT ======
Unhandled Promise: TypeError: Failed to fetch
=============================
====== JS ERROR CAUGHT ======
Unhandled Promise: TypeError: Failed to fetch
=============================
====== JS ERROR CAUGHT ======
Unhandled Promise: TypeError: Failed to fetch
=============================
====== JS ERROR CAUGHT ======
Unhandled Promise: TypeError: Failed to fetch
=============================
====== JS ERROR CAUGHT ======
Unhandled Promise: TypeError: Failed to fetch
=============================
====== JS ERROR CAUGHT ======
Unhandled Promise: TypeError: Failed to fetch
=============================
====== JS ERROR CAUGHT ======
Unhandled Promise: TypeError: Failed to fetch
=============================
====== JS ERROR CAUGHT ======
Unhandled Promise: TypeError: Failed to fetch
=============================
====== JS ERROR CAUGHT ======
Unhandled Promise: TypeError: Failed to fetch
=============================
====== JS ERROR CAUGHT ======
Unhandled Promise: TypeError: Failed to fetch
=============================
====== JS ERROR CAUGHT ======
Unhandled Promise: TypeError: Failed to fetch
=============================
====== JS ERROR CAUGHT ======
Unhandled Promise: TypeError: Failed to fetch
=============================
====== JS ERROR CAUGHT ======
Unhandled Promise: TypeError: Failed to fetch
=============================
====== JS ERROR CAUGHT ======
Unhandled Promise: TypeError: Failed to fetch
=============================
====== JS ERROR CAUGHT ======
Unhandled Promise: TypeError: Failed to fetch
=============================
====== JS ERROR CAUGHT ======
Unhandled Promise: TypeError: Failed to fetch
=============================
====== JS ERROR CAUGHT ======
Unhandled Promise: TypeError: Failed to fetch
=============================
====== JS ERROR CAUGHT ======
Unhandled Promise: TypeError: Failed to fetch
=============================
====== JS ERROR CAUGHT ======
Unhandled Promise: TypeError: Failed to fetch
=============================
====== JS ERROR CAUGHT ======
Unhandled Promise: TypeError: Failed to fetch
=============================
====== JS ERROR CAUGHT ======
Unhandled Promise: TypeError: Failed to fetch
=============================
====== JS ERROR CAUGHT ======
Unhandled Promise: TypeError: Failed to fetch
=============================
====== JS ERROR CAUGHT ======
Unhandled Promise: TypeError: Failed to fetch
=============================
====== JS ERROR CAUGHT ======
Unhandled Promise: TypeError: Failed to fetch
=============================
====== JS ERROR CAUGHT ======
Unhandled Promise: TypeError: Failed to fetch
=============================
====== JS ERROR CAUGHT ======
Unhandled Promise: TypeError: Failed to fetch
=============================
====== JS ERROR CAUGHT ======
Unhandled Promise: TypeError: Failed to fetch
=============================
====== JS ERROR CAUGHT ======
Unhandled Promise: TypeError: Failed to fetch
=============================
====== JS ERROR CAUGHT ======
Unhandled Promise: TypeError: Failed to fetch
=============================
====== JS ERROR CAUGHT ======
Unhandled Promise: TypeError: Failed to fetch
=============================
====== JS ERROR CAUGHT ======
Unhandled Promise: TypeError: Failed to fetch
=============================
====== JS ERROR CAUGHT ======
Unhandled Promise: TypeError: Failed to fetch
=============================
====== JS ERROR CAUGHT ======
Unhandled Promise: TypeError: Failed to fetch
=============================
====== JS ERROR CAUGHT ======
Unhandled Promise: TypeError: Failed to fetch
=============================
====== JS ERROR CAUGHT ======
Unhandled Promise: TypeError: Failed to fetch
=============================
====== JS ERROR CAUGHT ======
Unhandled Promise: TypeError: Failed to fetch
=============================
====== JS ERROR CAUGHT ======
Unhandled Promise: TypeError: Failed to fetch
=============================
====== JS ERROR CAUGHT ======
Unhandled Promise: TypeError: Failed to fetch
=============================
====== JS ERROR CAUGHT ======
Unhandled Promise: TypeError: Failed to fetch
=============================
====== JS ERROR CAUGHT ======
Unhandled Promise: TypeError: Failed to fetch
=============================
====== JS ERROR CAUGHT ======
Unhandled Promise: TypeError: Failed to fetch
=============================
====== JS ERROR CAUGHT ======
Unhandled Promise: TypeError: Failed to fetch
=============================
====== JS ERROR CAUGHT ======
Unhandled Promise: TypeError: Failed to fetch
=============================
====== JS ERROR CAUGHT ======
Unhandled Promise: TypeError: Failed to fetch
=============================
====== JS ERROR CAUGHT ======
Unhandled Promise: TypeError: Failed to fetch
=============================
====== JS ERROR CAUGHT ======
Unhandled Promise: TypeError: Failed to fetch
=============================
====== JS ERROR CAUGHT ======
Unhandled Promise: TypeError: Failed to fetch
=============================
====== JS ERROR CAUGHT ======
Unhandled Promise: TypeError: Failed to fetch
=============================
====== JS ERROR CAUGHT ======
Unhandled Promise: TypeError: Failed to fetch
=============================
====== JS ERROR CAUGHT ======
Unhandled Promise: TypeError: Failed to fetch
=============================
====== JS ERROR CAUGHT ======
Unhandled Promise: TypeError: Failed to fetch
=============================
====== JS ERROR CAUGHT ======
Unhandled Promise: TypeError: Failed to fetch
=============================
====== JS ERROR CAUGHT ======
Unhandled Promise: TypeError: Failed to fetch
=============================
====== JS ERROR CAUGHT ======
Unhandled Promise: TypeError: Failed to fetch
=============================
====== JS ERROR CAUGHT ======
Unhandled Promise: TypeError: Failed to fetch
=============================
====== JS ERROR CAUGHT ======
Unhandled Promise: TypeError: Failed to fetch
=============================
====== JS ERROR CAUGHT ======
Unhandled Promise: TypeError: Failed to fetch
=============================
====== JS ERROR CAUGHT ======
Unhandled Promise: TypeError: Failed to fetch
=============================
====== JS ERROR CAUGHT ======
Unhandled Promise: TypeError: Failed to fetch
=============================
====== JS ERROR CAUGHT ======
Unhandled Promise: TypeError: Failed to fetch
=============================
====== JS ERROR CAUGHT ======
Unhandled Promise: TypeError: Failed to fetch
=============================
====== JS ERROR CAUGHT ======
Unhandled Promise: TypeError: Failed to fetch
=============================
====== JS ERROR CAUGHT ======
Unhandled Promise: TypeError: Failed to fetch
=============================
====== JS ERROR CAUGHT ======
Unhandled Promise: TypeError: Failed to fetch
=============================
====== JS ERROR CAUGHT ======
Unhandled Promise: TypeError: Failed to fetch
=============================
====== JS ERROR CAUGHT ======
Unhandled Promise: TypeError: Failed to fetch
=============================
====== JS ERROR CAUGHT ======
Unhandled Promise: TypeError: Failed to fetch
=============================
====== JS ERROR CAUGHT ======
Unhandled Promise: TypeError: Failed to fetch
=============================
====== JS ERROR CAUGHT ======
Unhandled Promise: TypeError: Failed to fetch
=============================
====== JS ERROR CAUGHT ======
Unhandled Promise: TypeError: Failed to fetch
=============================
====== JS ERROR CAUGHT ======
Unhandled Promise: TypeError: Failed to fetch
=============================
====== JS ERROR CAUGHT ======
Unhandled Promise: TypeError: Failed to fetch
=============================
====== JS ERROR CAUGHT ======
Unhandled Promise: TypeError: Failed to fetch
=============================
====== JS ERROR CAUGHT ======
Unhandled Promise: TypeError: Failed to fetch
=============================
====== JS ERROR CAUGHT ======
Unhandled Promise: TypeError: Failed to fetch
=============================
====== JS ERROR CAUGHT ======
Unhandled Promise: TypeError: Failed to fetch
=============================
====== JS ERROR CAUGHT ======
Unhandled Promise: TypeError: Failed to fetch
=============================
====== JS ERROR CAUGHT ======
Unhandled Promise: TypeError: Failed to fetch
=============================
====== JS ERROR CAUGHT ======
Unhandled Promise: TypeError: Failed to fetch
=============================
====== JS ERROR CAUGHT ======
Unhandled Promise: TypeError: Failed to fetch
=============================
====== JS ERROR CAUGHT ======
Unhandled Promise: TypeError: Failed to fetch
=============================
====== JS ERROR CAUGHT ======
Unhandled Promise: TypeError: Failed to fetch
=============================
====== JS ERROR CAUGHT ======
Unhandled Promise: TypeError: Failed to fetch
=============================
====== JS ERROR CAUGHT ======
Unhandled Promise: TypeError: Failed to fetch
=============================
====== JS ERROR CAUGHT ======
Unhandled Promise: TypeError: Failed to fetch
=============================
====== JS ERROR CAUGHT ======
Unhandled Promise: TypeError: Failed to fetch
=============================
====== JS ERROR CAUGHT ======
Unhandled Promise: TypeError: Failed to fetch
=============================
====== JS ERROR CAUGHT ======
Unhandled Promise: TypeError: Failed to fetch
=============================
====== JS ERROR CAUGHT ======
Unhandled Promise: TypeError: Failed to fetch
=============================
====== JS ERROR CAUGHT ======
Unhandled Promise: TypeError: Failed to fetch
=============================
====== JS ERROR CAUGHT ======
Unhandled Promise: TypeError: Failed to fetch
=============================
====== JS ERROR CAUGHT ======
Unhandled Promise: TypeError: Failed to fetch
=============================
====== JS ERROR CAUGHT ======
Unhandled Promise: TypeError: Failed to fetch
=============================
====== JS ERROR CAUGHT ======
Unhandled Promise: TypeError: Failed to fetch
=============================
====== JS ERROR CAUGHT ======
Unhandled Promise: TypeError: Failed to fetch
=============================
====== JS ERROR CAUGHT ======
Unhandled Promise: TypeError: Failed to fetch
=============================
====== JS ERROR CAUGHT ======
Unhandled Promise: TypeError: Failed to fetch
=============================
====== JS ERROR CAUGHT ======
Unhandled Promise: TypeError: Failed to fetch
=============================
====== JS ERROR CAUGHT ======
Unhandled Promise: TypeError: Failed to fetch
=============================
====== JS ERROR CAUGHT ======
Unhandled Promise: TypeError: Failed to fetch
=============================
====== JS ERROR CAUGHT ======
Unhandled Promise: TypeError: Failed to fetch
=============================
====== JS ERROR CAUGHT ======
Unhandled Promise: TypeError: Failed to fetch
=============================
====== JS ERROR CAUGHT ======
Unhandled Promise: TypeError: Failed to fetch
=============================
====== JS ERROR CAUGHT ======
Unhandled Promise: TypeError: Failed to fetch
=============================
====== JS ERROR CAUGHT ======
Unhandled Promise: TypeError: Failed to fetch
=============================
====== JS ERROR CAUGHT ======
Unhandled Promise: TypeError: Failed to fetch
=============================
====== JS ERROR CAUGHT ======
Unhandled Promise: TypeError: Failed to fetch
=============================
====== JS ERROR CAUGHT ======
Unhandled Promise: TypeError: Failed to fetch
=============================
====== JS ERROR CAUGHT ======
Unhandled Promise: TypeError: Failed to fetch
=============================
====== JS ERROR CAUGHT ======
Unhandled Promise: TypeError: Failed to fetch
=============================
====== JS ERROR CAUGHT ======
Unhandled Promise: TypeError: Failed to fetch
=============================
====== JS ERROR CAUGHT ======
Unhandled Promise: TypeError: Failed to fetch
=============================
====== JS ERROR CAUGHT ======
Unhandled Promise: TypeError: Failed to fetch
=============================
====== JS ERROR CAUGHT ======
Unhandled Promise: TypeError: Failed to fetch
=============================
====== JS ERROR CAUGHT ======
Unhandled Promise: TypeError: Failed to fetch
=============================
====== JS ERROR CAUGHT ======
Unhandled Promise: TypeError: Failed to fetch
=============================
====== JS ERROR CAUGHT ======
Unhandled Promise: TypeError: Failed to fetch
=============================
====== JS ERROR CAUGHT ======
Unhandled Promise: TypeError: Failed to fetch
=============================
====== JS ERROR CAUGHT ======
Unhandled Promise: TypeError: Failed to fetch
=============================
====== JS ERROR CAUGHT ======
Unhandled Promise: TypeError: Failed to fetch
=============================
====== JS ERROR CAUGHT ======
Unhandled Promise: TypeError: Failed to fetch
=============================
====== JS ERROR CAUGHT ======
Unhandled Promise: TypeError: Failed to fetch
=============================
====== JS ERROR CAUGHT ======
Unhandled Promise: TypeError: Failed to fetch
=============================
====== JS ERROR CAUGHT ======
Unhandled Promise: TypeError: Failed to fetch
=============================
====== JS ERROR CAUGHT ======
Unhandled Promise: TypeError: Failed to fetch
=============================
====== JS ERROR CAUGHT ======
Unhandled Promise: TypeError: Failed to fetch
=============================
====== JS ERROR CAUGHT ======
Unhandled Promise: TypeError: Failed to fetch
=============================
====== JS ERROR CAUGHT ======
Unhandled Promise: TypeError: Failed to fetch
=============================
====== JS ERROR CAUGHT ======
Unhandled Promise: TypeError: Failed to fetch
=============================
====== JS ERROR CAUGHT ======
Unhandled Promise: TypeError: Failed to fetch
=============================
====== JS ERROR CAUGHT ======
Unhandled Promise: TypeError: Failed to fetch
=============================
====== JS ERROR CAUGHT ======
Unhandled Promise: TypeError: Failed to fetch
=============================
====== JS ERROR CAUGHT ======
Unhandled Promise: TypeError: Failed to fetch
=============================
====== JS ERROR CAUGHT ======
Unhandled Promise: TypeError: Failed to fetch
=============================
====== JS ERROR CAUGHT ======
Unhandled Promise: TypeError: Failed to fetch
=============================
====== JS ERROR CAUGHT ======
Unhandled Promise: TypeError: Failed to fetch
=============================
====== JS ERROR CAUGHT ======
Unhandled Promise: TypeError: Failed to fetch
=============================
====== JS ERROR CAUGHT ======
Unhandled Promise: TypeError: Failed to fetch
=============================
====== JS ERROR CAUGHT ======
Unhandled Promise: TypeError: Failed to fetch
=============================
====== JS ERROR CAUGHT ======
Unhandled Promise: TypeError: Failed to fetch
=============================
====== JS ERROR CAUGHT ======
Unhandled Promise: TypeError: Failed to fetch
=============================
====== JS ERROR CAUGHT ======
Unhandled Promise: TypeError: Failed to fetch
=============================
====== JS ERROR CAUGHT ======
Unhandled Promise: TypeError: Failed to fetch
=============================
====== JS ERROR CAUGHT ======
Unhandled Promise: TypeError: Failed to fetch
=============================
====== JS ERROR CAUGHT ======
Unhandled Promise: TypeError: Failed to fetch
=============================
====== JS ERROR CAUGHT ======
Unhandled Promise: TypeError: Failed to fetch
=============================
====== JS ERROR CAUGHT ======
Unhandled Promise: TypeError: Failed to fetch
=============================
====== JS ERROR CAUGHT ======
Unhandled Promise: TypeError: Failed to fetch
=============================
====== JS ERROR CAUGHT ======
Unhandled Promise: TypeError: Failed to fetch
=============================
====== JS ERROR CAUGHT ======
Unhandled Promise: TypeError: Failed to fetch
=============================
====== JS ERROR CAUGHT ======
Unhandled Promise: TypeError: Failed to fetch
=============================
====== JS ERROR CAUGHT ======
Unhandled Promise: TypeError: Failed to fetch
=============================
====== JS ERROR CAUGHT ======
Unhandled Promise: TypeError: Failed to fetch
=============================
====== JS ERROR CAUGHT ======
Unhandled Promise: TypeError: Failed to fetch
=============================
====== JS ERROR CAUGHT ======
Unhandled Promise: TypeError: Failed to fetch
=============================
====== JS ERROR CAUGHT ======
Unhandled Promise: TypeError: Failed to fetch
=============================
====== JS ERROR CAUGHT ======
Unhandled Promise: TypeError: Failed to fetch
=============================
====== JS ERROR CAUGHT ======
Unhandled Promise: TypeError: Failed to fetch
=============================
====== JS ERROR CAUGHT ======
Unhandled Promise: TypeError: Failed to fetch
=============================
====== JS ERROR CAUGHT ======
Unhandled Promise: TypeError: Failed to fetch
=============================
====== JS ERROR CAUGHT ======
Unhandled Promise: TypeError: Failed to fetch
=============================
====== JS ERROR CAUGHT ======
Unhandled Promise: TypeError: Failed to fetch
=============================
====== JS ERROR CAUGHT ======
Unhandled Promise: TypeError: Failed to fetch
=============================
====== JS ERROR CAUGHT ======
Unhandled Promise: TypeError: Failed to fetch
=============================
====== JS ERROR CAUGHT ======
Unhandled Promise: TypeError: Failed to fetch
=============================
====== JS ERROR CAUGHT ======
Unhandled Promise: TypeError: Failed to fetch
=============================
====== JS ERROR CAUGHT ======
Unhandled Promise: TypeError: Failed to fetch
=============================
====== JS ERROR CAUGHT ======
Unhandled Promise: TypeError: Failed to fetch
=============================
====== JS ERROR CAUGHT ======
Unhandled Promise: TypeError: Failed to fetch
=============================
====== JS ERROR CAUGHT ======
Unhandled Promise: TypeError: Failed to fetch
=============================
====== JS ERROR CAUGHT ======
Unhandled Promise: TypeError: Failed to fetch
=============================
====== JS ERROR CAUGHT ======
Unhandled Promise: TypeError: Failed to fetch
=============================
====== JS ERROR CAUGHT ======
Unhandled Promise: TypeError: Failed to fetch
=============================
====== JS ERROR CAUGHT ======
Unhandled Promise: TypeError: Failed to fetch
=============================
====== JS ERROR CAUGHT ======
Unhandled Promise: TypeError: Failed to fetch
=============================
====== JS ERROR CAUGHT ======
Unhandled Promise: TypeError: Failed to fetch
=============================
====== JS ERROR CAUGHT ======
Unhandled Promise: TypeError: Failed to fetch
=============================
====== JS ERROR CAUGHT ======
Unhandled Promise: TypeError: Failed to fetch
=============================
====== JS ERROR CAUGHT ======
Unhandled Promise: TypeError: Failed to fetch
=============================
====== JS ERROR CAUGHT ======
Unhandled Promise: TypeError: Failed to fetch
=============================
====== JS ERROR CAUGHT ======
Unhandled Promise: TypeError: Failed to fetch
=============================
====== JS ERROR CAUGHT ======
Unhandled Promise: TypeError: Failed to fetch
=============================
====== JS ERROR CAUGHT ======
Unhandled Promise: TypeError: Failed to fetch
=============================
====== JS ERROR CAUGHT ======
Unhandled Promise: TypeError: Failed to fetch
=============================
====== JS ERROR CAUGHT ======
Unhandled Promise: TypeError: Failed to fetch
=============================
====== JS ERROR CAUGHT ======
Unhandled Promise: TypeError: Failed to fetch
=============================
====== JS ERROR CAUGHT ======
Unhandled Promise: TypeError: Failed to fetch
=============================
====== JS ERROR CAUGHT ======
Unhandled Promise: TypeError: Failed to fetch
=============================
====== JS ERROR CAUGHT ======
Unhandled Promise: TypeError: Failed to fetch
=============================
====== JS ERROR CAUGHT ======
Unhandled Promise: TypeError: Failed to fetch
=============================
====== JS ERROR CAUGHT ======
Unhandled Promise: TypeError: Failed to fetch
=============================
====== JS ERROR CAUGHT ======
Unhandled Promise: TypeError: Failed to fetch
=============================
====== JS ERROR CAUGHT ======
Unhandled Promise: TypeError: Failed to fetch
=============================
====== JS ERROR CAUGHT ======
Unhandled Promise: TypeError: Failed to fetch
=============================
====== JS ERROR CAUGHT ======
Unhandled Promise: TypeError: Failed to fetch
=============================
====== JS ERROR CAUGHT ======
Unhandled Promise: TypeError: Failed to fetch
=============================
====== JS ERROR CAUGHT ======
Unhandled Promise: TypeError: Failed to fetch
=============================
====== JS ERROR CAUGHT ======
Unhandled Promise: TypeError: Failed to fetch
=============================
====== JS ERROR CAUGHT ======
Unhandled Promise: TypeError: Failed to fetch
=============================
====== JS ERROR CAUGHT ======
Unhandled Promise: TypeError: Failed to fetch
=============================
====== JS ERROR CAUGHT ======
Unhandled Promise: TypeError: Failed to fetch
=============================
====== JS ERROR CAUGHT ======
Unhandled Promise: TypeError: Failed to fetch
=============================
====== JS ERROR CAUGHT ======
Unhandled Promise: TypeError: Failed to fetch
=============================
====== JS ERROR CAUGHT ======
Unhandled Promise: TypeError: Failed to fetch
=============================
====== JS ERROR CAUGHT ======
Unhandled Promise: TypeError: Failed to fetch
=============================
====== JS ERROR CAUGHT ======
Unhandled Promise: TypeError: Failed to fetch
=============================
====== JS ERROR CAUGHT ======
Unhandled Promise: TypeError: Failed to fetch
=============================
====== JS ERROR CAUGHT ======
Unhandled Promise: TypeError: Failed to fetch
=============================
====== JS ERROR CAUGHT ======
Unhandled Promise: TypeError: Failed to fetch
=============================
====== JS ERROR CAUGHT ======
Unhandled Promise: TypeError: Failed to fetch
=============================
====== JS ERROR CAUGHT ======
Unhandled Promise: TypeError: Failed to fetch
=============================
====== JS ERROR CAUGHT ======
Unhandled Promise: TypeError: Failed to fetch
=============================
====== JS ERROR CAUGHT ======
Unhandled Promise: TypeError: Failed to fetch
=============================
====== JS ERROR CAUGHT ======
Unhandled Promise: TypeError: Failed to fetch
=============================
====== JS ERROR CAUGHT ======
Unhandled Promise: TypeError: Failed to fetch
=============================
====== JS ERROR CAUGHT ======
Unhandled Promise: TypeError: Failed to fetch
=============================
====== JS ERROR CAUGHT ======
Unhandled Promise: TypeError: Failed to fetch
=============================
====== JS ERROR CAUGHT ======
Unhandled Promise: TypeError: Failed to fetch
=============================
====== JS ERROR CAUGHT ======
Unhandled Promise: TypeError: Failed to fetch
=============================
====== JS ERROR CAUGHT ======
Unhandled Promise: TypeError: Failed to fetch
=============================
====== JS ERROR CAUGHT ======
Unhandled Promise: TypeError: Failed to fetch
=============================
====== JS ERROR CAUGHT ======
Unhandled Promise: TypeError: Failed to fetch
=============================
====== JS ERROR CAUGHT ======
Unhandled Promise: TypeError: Failed to fetch
=============================
====== JS ERROR CAUGHT ======
Unhandled Promise: TypeError: Failed to fetch
=============================
====== JS ERROR CAUGHT ======
Unhandled Promise: TypeError: Failed to fetch
=============================
====== JS ERROR CAUGHT ======
Unhandled Promise: TypeError: Failed to fetch
=============================
====== JS ERROR CAUGHT ======
Unhandled Promise: TypeError: Failed to fetch
=============================
====== JS ERROR CAUGHT ======
Unhandled Promise: TypeError: Failed to fetch
=============================
====== JS ERROR CAUGHT ======
Unhandled Promise: TypeError: Failed to fetch
=============================
====== JS ERROR CAUGHT ======
Unhandled Promise: TypeError: Failed to fetch
=============================
====== JS ERROR CAUGHT ======
Unhandled Promise: TypeError: Failed to fetch
=============================
====== JS ERROR CAUGHT ======
Unhandled Promise: TypeError: Failed to fetch
=============================
====== JS ERROR CAUGHT ======
Unhandled Promise: TypeError: Failed to fetch
=============================
====== JS ERROR CAUGHT ======
Unhandled Promise: TypeError: Failed to fetch
=============================
====== JS ERROR CAUGHT ======
Unhandled Promise: TypeError: Failed to fetch
=============================
====== JS ERROR CAUGHT ======
Unhandled Promise: TypeError: Failed to fetch
=============================
====== JS ERROR CAUGHT ======
Unhandled Promise: TypeError: Failed to fetch
=============================
====== JS ERROR CAUGHT ======
Unhandled Promise: TypeError: Failed to fetch
=============================
====== JS ERROR CAUGHT ======
Unhandled Promise: TypeError: Failed to fetch
=============================
====== JS ERROR CAUGHT ======
Unhandled Promise: TypeError: Failed to fetch
=============================
====== JS ERROR CAUGHT ======
Unhandled Promise: TypeError: Failed to fetch
=============================
====== JS ERROR CAUGHT ======
Unhandled Promise: TypeError: Failed to fetch
=============================
====== JS ERROR CAUGHT ======
Unhandled Promise: TypeError: Failed to fetch
=============================
====== JS ERROR CAUGHT ======
Unhandled Promise: TypeError: Failed to fetch
=============================
====== JS ERROR CAUGHT ======
Unhandled Promise: TypeError: Failed to fetch
=============================
====== JS ERROR CAUGHT ======
Unhandled Promise: TypeError: Failed to fetch
=============================
====== JS ERROR CAUGHT ======
Unhandled Promise: TypeError: Failed to fetch
=============================
====== JS ERROR CAUGHT ======
Unhandled Promise: TypeError: Failed to fetch
=============================
====== JS ERROR CAUGHT ======
Unhandled Promise: TypeError: Failed to fetch
=============================
====== JS ERROR CAUGHT ======
Unhandled Promise: TypeError: Failed to fetch
=============================
====== JS ERROR CAUGHT ======
Unhandled Promise: TypeError: Failed to fetch
=============================
====== JS ERROR CAUGHT ======
Unhandled Promise: TypeError: Failed to fetch
=============================
====== JS ERROR CAUGHT ======
Unhandled Promise: TypeError: Failed to fetch
=============================
====== JS ERROR CAUGHT ======
Unhandled Promise: TypeError: Failed to fetch
=============================
====== JS ERROR CAUGHT ======
Unhandled Promise: TypeError: Failed to fetch
=============================
====== JS ERROR CAUGHT ======
Unhandled Promise: TypeError: Failed to fetch
=============================
====== JS ERROR CAUGHT ======
Unhandled Promise: TypeError: Failed to fetch
=============================
====== JS ERROR CAUGHT ======
Unhandled Promise: TypeError: Failed to fetch
=============================
====== JS ERROR CAUGHT ======
Unhandled Promise: TypeError: Failed to fetch
=============================
====== JS ERROR CAUGHT ======
Unhandled Promise: TypeError: Failed to fetch
=============================
====== JS ERROR CAUGHT ======
Unhandled Promise: TypeError: Failed to fetch
=============================
====== JS ERROR CAUGHT ======
Unhandled Promise: TypeError: Failed to fetch
=============================
====== JS ERROR CAUGHT ======
Unhandled Promise: TypeError: Failed to fetch
=============================
====== JS ERROR CAUGHT ======
Unhandled Promise: TypeError: Failed to fetch
=============================
====== JS ERROR CAUGHT ======
Unhandled Promise: TypeError: Failed to fetch
=============================
====== JS ERROR CAUGHT ======
Unhandled Promise: TypeError: Failed to fetch
=============================
====== JS ERROR CAUGHT ======
Unhandled Promise: TypeError: Failed to fetch
=============================
====== JS ERROR CAUGHT ======
Unhandled Promise: TypeError: Failed to fetch
=============================
====== JS ERROR CAUGHT ======
Unhandled Promise: TypeError: Failed to fetch
=============================
====== JS ERROR CAUGHT ======
Unhandled Promise: TypeError: Failed to fetch
=============================
====== JS ERROR CAUGHT ======
Unhandled Promise: TypeError: Failed to fetch
=============================
====== JS ERROR CAUGHT ======
Unhandled Promise: TypeError: Failed to fetch
=============================
====== JS ERROR CAUGHT ======
Unhandled Promise: TypeError: Failed to fetch
=============================
====== JS ERROR CAUGHT ======
Unhandled Promise: TypeError: Failed to fetch
=============================
====== JS ERROR CAUGHT ======
Unhandled Promise: TypeError: Failed to fetch
=============================
====== JS ERROR CAUGHT ======
Unhandled Promise: TypeError: Failed to fetch
=============================
====== JS ERROR CAUGHT ======
Unhandled Promise: TypeError: Failed to fetch
=============================
====== JS ERROR CAUGHT ======
Unhandled Promise: TypeError: Failed to fetch
=============================
====== JS ERROR CAUGHT ======
Unhandled Promise: TypeError: Failed to fetch
=============================
====== JS ERROR CAUGHT ======
Unhandled Promise: TypeError: Failed to fetch
=============================
====== JS ERROR CAUGHT ======
Unhandled Promise: TypeError: Failed to fetch
=============================
====== JS ERROR CAUGHT ======
Unhandled Promise: TypeError: Failed to fetch
=============================
====== JS ERROR CAUGHT ======
Unhandled Promise: TypeError: Failed to fetch
=============================
====== JS ERROR CAUGHT ======
Unhandled Promise: TypeError: Failed to fetch
=============================
====== JS ERROR CAUGHT ======
Unhandled Promise: TypeError: Failed to fetch
=============================
====== JS ERROR CAUGHT ======
Unhandled Promise: TypeError: Failed to fetch
=============================
====== JS ERROR CAUGHT ======
Unhandled Promise: TypeError: Failed to fetch
=============================
====== JS ERROR CAUGHT ======
Unhandled Promise: TypeError: Failed to fetch
=============================
====== JS ERROR CAUGHT ======
Unhandled Promise: TypeError: Failed to fetch
=============================
====== JS ERROR CAUGHT ======
Unhandled Promise: TypeError: Failed to fetch
=============================
====== JS ERROR CAUGHT ======
Unhandled Promise: TypeError: Failed to fetch
=============================
====== JS ERROR CAUGHT ======
Unhandled Promise: TypeError: Failed to fetch
=============================
====== JS ERROR CAUGHT ======
Unhandled Promise: TypeError: Failed to fetch
=============================
====== JS ERROR CAUGHT ======
Unhandled Promise: TypeError: Failed to fetch
=============================
====== JS ERROR CAUGHT ======
Unhandled Promise: TypeError: Failed to fetch
=============================
====== JS ERROR CAUGHT ======
Unhandled Promise: TypeError: Failed to fetch
=============================
====== JS ERROR CAUGHT ======
Unhandled Promise: TypeError: Failed to fetch
=============================
====== JS ERROR CAUGHT ======
Unhandled Promise: TypeError: Failed to fetch
=============================
====== JS ERROR CAUGHT ======
Unhandled Promise: TypeError: Failed to fetch
=============================
====== JS ERROR CAUGHT ======
Unhandled Promise: TypeError: Failed to fetch
=============================
====== JS ERROR CAUGHT ======
Unhandled Promise: TypeError: Failed to fetch
=============================
====== JS ERROR CAUGHT ======
Unhandled Promise: TypeError: Failed to fetch
=============================
====== JS ERROR CAUGHT ======
Unhandled Promise: TypeError: Failed to fetch
=============================
====== JS ERROR CAUGHT ======
Unhandled Promise: TypeError: Failed to fetch
=============================
====== JS ERROR CAUGHT ======
Unhandled Promise: TypeError: Failed to fetch
=============================
====== JS ERROR CAUGHT ======
Unhandled Promise: TypeError: Failed to fetch
=============================
====== JS ERROR CAUGHT ======
Unhandled Promise: TypeError: Failed to fetch
=============================
====== JS ERROR CAUGHT ======
Unhandled Promise: TypeError: Failed to fetch
=============================
====== JS ERROR CAUGHT ======
Unhandled Promise: TypeError: Failed to fetch
=============================
====== JS ERROR CAUGHT ======
Unhandled Promise: TypeError: Failed to fetch
=============================
====== JS ERROR CAUGHT ======
Unhandled Promise: TypeError: Failed to fetch
=============================
====== JS ERROR CAUGHT ======
Unhandled Promise: TypeError: Failed to fetch
=============================
====== JS ERROR CAUGHT ======
Unhandled Promise: TypeError: Failed to fetch
=============================
====== JS ERROR CAUGHT ======
Unhandled Promise: TypeError: Failed to fetch
=============================
====== JS ERROR CAUGHT ======
Unhandled Promise: TypeError: Failed to fetch
=============================
====== JS ERROR CAUGHT ======
Unhandled Promise: TypeError: Failed to fetch
=============================
====== JS ERROR CAUGHT ======
Unhandled Promise: TypeError: Failed to fetch
=============================
====== JS ERROR CAUGHT ======
Unhandled Promise: TypeError: Failed to fetch
=============================
====== JS ERROR CAUGHT ======
Unhandled Promise: TypeError: Failed to fetch
=============================
====== JS ERROR CAUGHT ======
Unhandled Promise: TypeError: Failed to fetch
=============================
====== JS ERROR CAUGHT ======
Unhandled Promise: TypeError: Failed to fetch
=============================
====== JS ERROR CAUGHT ======
Unhandled Promise: TypeError: Failed to fetch
=============================
====== JS ERROR CAUGHT ======
Unhandled Promise: TypeError: Failed to fetch
=============================
====== JS ERROR CAUGHT ======
Unhandled Promise: TypeError: Failed to fetch
=============================
====== JS ERROR CAUGHT ======
Unhandled Promise: TypeError: Failed to fetch
=============================
====== JS ERROR CAUGHT ======
Unhandled Promise: TypeError: Failed to fetch
=============================
====== JS ERROR CAUGHT ======
Unhandled Promise: TypeError: Failed to fetch
=============================
====== JS ERROR CAUGHT ======
Unhandled Promise: TypeError: Failed to fetch
=============================
====== JS ERROR CAUGHT ======
Unhandled Promise: TypeError: Failed to fetch
=============================
====== JS ERROR CAUGHT ======
Unhandled Promise: TypeError: Failed to fetch
=============================
====== JS ERROR CAUGHT ======
Unhandled Promise: TypeError: Failed to fetch
=============================
====== JS ERROR CAUGHT ======
Unhandled Promise: TypeError: Failed to fetch
=============================
====== JS ERROR CAUGHT ======
Unhandled Promise: TypeError: Failed to fetch
=============================
====== JS ERROR CAUGHT ======
Unhandled Promise: TypeError: Failed to fetch
=============================
====== JS ERROR CAUGHT ======
Unhandled Promise: TypeError: Failed to fetch
=============================
====== JS ERROR CAUGHT ======
Unhandled Promise: TypeError: Failed to fetch
=============================
====== JS ERROR CAUGHT ======
Unhandled Promise: TypeError: Failed to fetch
=============================
====== JS ERROR CAUGHT ======
Unhandled Promise: TypeError: Failed to fetch
=============================
====== JS ERROR CAUGHT ======
Unhandled Promise: TypeError: Failed to fetch
=============================
====== JS ERROR CAUGHT ======
Unhandled Promise: TypeError: Failed to fetch
=============================
====== JS ERROR CAUGHT ======
Unhandled Promise: TypeError: Failed to fetch
=============================
====== JS ERROR CAUGHT ======
Unhandled Promise: TypeError: Failed to fetch
=============================
====== JS ERROR CAUGHT ======
Unhandled Promise: TypeError: Failed to fetch
=============================
====== JS ERROR CAUGHT ======
Unhandled Promise: TypeError: Failed to fetch
=============================
====== JS ERROR CAUGHT ======
Unhandled Promise: TypeError: Failed to fetch
=============================
====== JS ERROR CAUGHT ======
Unhandled Promise: TypeError: Failed to fetch
=============================
====== JS ERROR CAUGHT ======
Unhandled Promise: TypeError: Failed to fetch
=============================
====== JS ERROR CAUGHT ======
Unhandled Promise: TypeError: Failed to fetch
=============================
====== JS ERROR CAUGHT ======
Unhandled Promise: TypeError: Failed to fetch
=============================
====== JS ERROR CAUGHT ======
Unhandled Promise: TypeError: Failed to fetch
=============================
====== JS ERROR CAUGHT ======
Unhandled Promise: TypeError: Failed to fetch
=============================
====== JS ERROR CAUGHT ======
Unhandled Promise: TypeError: Failed to fetch
=============================
====== JS ERROR CAUGHT ======
Unhandled Promise: TypeError: Failed to fetch
=============================
====== JS ERROR CAUGHT ======
Unhandled Promise: TypeError: Failed to fetch
=============================
====== JS ERROR CAUGHT ======
Unhandled Promise: TypeError: Failed to fetch
=============================
====== JS ERROR CAUGHT ======
Unhandled Promise: TypeError: Failed to fetch
=============================
====== JS ERROR CAUGHT ======
Unhandled Promise: TypeError: Failed to fetch
=============================
====== JS ERROR CAUGHT ======
Unhandled Promise: TypeError: Failed to fetch
=============================
====== JS ERROR CAUGHT ======
Unhandled Promise: TypeError: Failed to fetch
=============================
====== JS ERROR CAUGHT ======
Unhandled Promise: TypeError: Failed to fetch
=============================
====== JS ERROR CAUGHT ======
Unhandled Promise: TypeError: Failed to fetch
=============================
====== JS ERROR CAUGHT ======
Unhandled Promise: TypeError: Failed to fetch
=============================
====== JS ERROR CAUGHT ======
Unhandled Promise: TypeError: Failed to fetch
=============================
====== JS ERROR CAUGHT ======
Unhandled Promise: TypeError: Failed to fetch
=============================
====== JS ERROR CAUGHT ======
Unhandled Promise: TypeError: Failed to fetch
=============================
====== JS ERROR CAUGHT ======
Unhandled Promise: TypeError: Failed to fetch
=============================
====== JS ERROR CAUGHT ======
Unhandled Promise: TypeError: Failed to fetch
=============================
====== JS ERROR CAUGHT ======
Unhandled Promise: TypeError: Failed to fetch
=============================
====== JS ERROR CAUGHT ======
Unhandled Promise: TypeError: Failed to fetch
=============================
====== JS ERROR CAUGHT ======
Unhandled Promise: TypeError: Failed to fetch
=============================
====== JS ERROR CAUGHT ======
Unhandled Promise: TypeError: Failed to fetch
=============================
====== JS ERROR CAUGHT ======
Unhandled Promise: TypeError: Failed to fetch
=============================
====== JS ERROR CAUGHT ======
Unhandled Promise: TypeError: Failed to fetch
=============================
====== JS ERROR CAUGHT ======
Unhandled Promise: TypeError: Failed to fetch
=============================
====== JS ERROR CAUGHT ======
Unhandled Promise: TypeError: Failed to fetch
=============================
====== JS ERROR CAUGHT ======
Unhandled Promise: TypeError: Failed to fetch
=============================
====== JS ERROR CAUGHT ======
Unhandled Promise: TypeError: Failed to fetch
=============================
====== JS ERROR CAUGHT ======
Unhandled Promise: TypeError: Failed to fetch
=============================
====== JS ERROR CAUGHT ======
Unhandled Promise: TypeError: Failed to fetch
=============================
====== JS ERROR CAUGHT ======
Unhandled Promise: TypeError: Failed to fetch
=============================
====== JS ERROR CAUGHT ======
Unhandled Promise: TypeError: Failed to fetch
=============================
====== JS ERROR CAUGHT ======
Unhandled Promise: TypeError: Failed to fetch
=============================
====== JS ERROR CAUGHT ======
Unhandled Promise: TypeError: Failed to fetch
=============================
====== JS ERROR CAUGHT ======
Unhandled Promise: TypeError: Failed to fetch
=============================
====== JS ERROR CAUGHT ======
Unhandled Promise: TypeError: Failed to fetch
=============================
====== JS ERROR CAUGHT ======
Unhandled Promise: TypeError: Failed to fetch
=============================
====== JS ERROR CAUGHT ======
Unhandled Promise: TypeError: Failed to fetch
=============================
====== JS ERROR CAUGHT ======
Unhandled Promise: TypeError: Failed to fetch
=============================
====== JS ERROR CAUGHT ======
Unhandled Promise: TypeError: Failed to fetch
=============================
====== JS ERROR CAUGHT ======
Unhandled Promise: TypeError: Failed to fetch
=============================
====== JS ERROR CAUGHT ======
Unhandled Promise: TypeError: Failed to fetch
=============================
====== JS ERROR CAUGHT ======
Unhandled Promise: TypeError: Failed to fetch
=============================
====== JS ERROR CAUGHT ======
Unhandled Promise: TypeError: Failed to fetch
=============================
====== JS ERROR CAUGHT ======
Unhandled Promise: TypeError: Failed to fetch
=============================
====== JS ERROR CAUGHT ======
Unhandled Promise: TypeError: Failed to fetch
=============================
====== JS ERROR CAUGHT ======
Unhandled Promise: TypeError: Failed to fetch
=============================
====== JS ERROR CAUGHT ======
Unhandled Promise: TypeError: Failed to fetch
=============================
====== JS ERROR CAUGHT ======
Unhandled Promise: TypeError: Failed to fetch
=============================
====== JS ERROR CAUGHT ======
Unhandled Promise: TypeError: Failed to fetch
=============================
====== JS ERROR CAUGHT ======
Unhandled Promise: TypeError: Failed to fetch
=============================
====== JS ERROR CAUGHT ======
Unhandled Promise: TypeError: Failed to fetch
=============================
====== JS ERROR CAUGHT ======
Unhandled Promise: TypeError: Failed to fetch
=============================
====== JS ERROR CAUGHT ======
Unhandled Promise: TypeError: Failed to fetch
=============================
====== JS ERROR CAUGHT ======
Unhandled Promise: TypeError: Failed to fetch
=============================
====== JS ERROR CAUGHT ======
Unhandled Promise: TypeError: Failed to fetch
=============================
====== JS ERROR CAUGHT ======
Unhandled Promise: TypeError: Failed to fetch
=============================
====== JS ERROR CAUGHT ======
Unhandled Promise: TypeError: Failed to fetch
=============================
====== JS ERROR CAUGHT ======
Unhandled Promise: TypeError: Failed to fetch
=============================
====== JS ERROR CAUGHT ======
Unhandled Promise: TypeError: Failed to fetch
=============================
====== JS ERROR CAUGHT ======
Unhandled Promise: TypeError: Failed to fetch
=============================
====== JS ERROR CAUGHT ======
Unhandled Promise: TypeError: Failed to fetch
=============================
====== JS ERROR CAUGHT ======
Unhandled Promise: TypeError: Failed to fetch
=============================
====== JS ERROR CAUGHT ======
Unhandled Promise: TypeError: Failed to fetch
=============================
====== JS ERROR CAUGHT ======
Unhandled Promise: TypeError: Failed to fetch
=============================
====== JS ERROR CAUGHT ======
Unhandled Promise: TypeError: Failed to fetch
=============================
====== JS ERROR CAUGHT ======
Unhandled Promise: TypeError: Failed to fetch
=============================
====== JS ERROR CAUGHT ======
Unhandled Promise: TypeError: Failed to fetch
=============================
====== JS ERROR CAUGHT ======
Unhandled Promise: TypeError: Failed to fetch
=============================
====== JS ERROR CAUGHT ======
Unhandled Promise: TypeError: Failed to fetch
=============================
====== JS ERROR CAUGHT ======
Unhandled Promise: TypeError: Failed to fetch
=============================
====== JS ERROR CAUGHT ======
Unhandled Promise: TypeError: Failed to fetch
=============================
====== JS ERROR CAUGHT ======
Unhandled Promise: TypeError: Failed to fetch
=============================
====== JS ERROR CAUGHT ======
Unhandled Promise: TypeError: Failed to fetch
=============================
====== JS ERROR CAUGHT ======
Unhandled Promise: TypeError: Failed to fetch
=============================
====== JS ERROR CAUGHT ======
Unhandled Promise: TypeError: Failed to fetch
=============================
====== JS ERROR CAUGHT ======
Unhandled Promise: TypeError: Failed to fetch
=============================
====== JS ERROR CAUGHT ======
Unhandled Promise: TypeError: Failed to fetch
=============================
====== JS ERROR CAUGHT ======
Unhandled Promise: TypeError: Failed to fetch
=============================
====== JS ERROR CAUGHT ======
Unhandled Promise: TypeError: Failed to fetch
=============================
====== JS ERROR CAUGHT ======
Unhandled Promise: TypeError: Failed to fetch
=============================
====== JS ERROR CAUGHT ======
Unhandled Promise: TypeError: Failed to fetch
=============================
====== JS ERROR CAUGHT ======
Unhandled Promise: TypeError: Failed to fetch
=============================
====== JS ERROR CAUGHT ======
Unhandled Promise: TypeError: Failed to fetch
=============================
====== JS ERROR CAUGHT ======
Unhandled Promise: TypeError: Failed to fetch
=============================
====== JS ERROR CAUGHT ======
Unhandled Promise: TypeError: Failed to fetch
=============================
====== JS ERROR CAUGHT ======
Unhandled Promise: TypeError: Failed to fetch
=============================
====== JS ERROR CAUGHT ======
Unhandled Promise: TypeError: Failed to fetch
=============================
====== JS ERROR CAUGHT ======
Unhandled Promise: TypeError: Failed to fetch
=============================
====== JS ERROR CAUGHT ======
Unhandled Promise: TypeError: Failed to fetch
=============================
====== JS ERROR CAUGHT ======
Unhandled Promise: TypeError: Failed to fetch
=============================
====== JS ERROR CAUGHT ======
Unhandled Promise: TypeError: Failed to fetch
=============================
====== JS ERROR CAUGHT ======
Unhandled Promise: TypeError: Failed to fetch
=============================
====== JS ERROR CAUGHT ======
Unhandled Promise: TypeError: Failed to fetch
=============================
====== JS ERROR CAUGHT ======
Unhandled Promise: TypeError: Failed to fetch
=============================
====== JS ERROR CAUGHT ======
Unhandled Promise: TypeError: Failed to fetch
=============================
====== JS ERROR CAUGHT ======
Unhandled Promise: TypeError: Failed to fetch
=============================
====== JS ERROR CAUGHT ======
Unhandled Promise: TypeError: Failed to fetch
=============================
====== JS ERROR CAUGHT ======
Unhandled Promise: TypeError: Failed to fetch
=============================
====== JS ERROR CAUGHT ======
Unhandled Promise: TypeError: Failed to fetch
=============================
====== JS ERROR CAUGHT ======
Unhandled Promise: TypeError: Failed to fetch
=============================
====== JS ERROR CAUGHT ======
Unhandled Promise: TypeError: Failed to fetch
=============================
====== JS ERROR CAUGHT ======
Unhandled Promise: TypeError: Failed to fetch
=============================
====== JS ERROR CAUGHT ======
Unhandled Promise: TypeError: Failed to fetch
=============================
====== JS ERROR CAUGHT ======
Unhandled Promise: TypeError: Failed to fetch
=============================
====== JS ERROR CAUGHT ======
Unhandled Promise: TypeError: Failed to fetch
=============================
====== JS ERROR CAUGHT ======
Unhandled Promise: TypeError: Failed to fetch
=============================
====== JS ERROR CAUGHT ======
Unhandled Promise: TypeError: Failed to fetch
=============================
====== JS ERROR CAUGHT ======
Unhandled Promise: TypeError: Failed to fetch
=============================
====== JS ERROR CAUGHT ======
Unhandled Promise: TypeError: Failed to fetch
=============================
====== JS ERROR CAUGHT ======
Unhandled Promise: TypeError: Failed to fetch
=============================
====== JS ERROR CAUGHT ======
Unhandled Promise: TypeError: Failed to fetch
=============================
====== JS ERROR CAUGHT ======
Unhandled Promise: TypeError: Failed to fetch
=============================
====== JS ERROR CAUGHT ======
Unhandled Promise: TypeError: Failed to fetch
=============================
====== JS ERROR CAUGHT ======
Unhandled Promise: TypeError: Failed to fetch
=============================
====== JS ERROR CAUGHT ======
Unhandled Promise: TypeError: Failed to fetch
=============================
====== JS ERROR CAUGHT ======
Unhandled Promise: TypeError: Failed to fetch
=============================
====== JS ERROR CAUGHT ======
Unhandled Promise: TypeError: Failed to fetch
=============================
====== JS ERROR CAUGHT ======
Unhandled Promise: TypeError: Failed to fetch
=============================
====== JS ERROR CAUGHT ======
Unhandled Promise: TypeError: Failed to fetch
=============================
====== JS ERROR CAUGHT ======
Unhandled Promise: TypeError: Failed to fetch
=============================
====== JS ERROR CAUGHT ======
Unhandled Promise: TypeError: Failed to fetch
=============================
====== JS ERROR CAUGHT ======
Unhandled Promise: TypeError: Failed to fetch
=============================
====== JS ERROR CAUGHT ======
Unhandled Promise: TypeError: Failed to fetch
=============================
====== JS ERROR CAUGHT ======
Unhandled Promise: TypeError: Failed to fetch
=============================
====== JS ERROR CAUGHT ======
Unhandled Promise: TypeError: Failed to fetch
=============================
====== JS ERROR CAUGHT ======
Unhandled Promise: TypeError: Failed to fetch
=============================
====== JS ERROR CAUGHT ======
Unhandled Promise: TypeError: Failed to fetch
=============================
====== JS ERROR CAUGHT ======
Unhandled Promise: TypeError: Failed to fetch
=============================
====== JS ERROR CAUGHT ======
Unhandled Promise: TypeError: Failed to fetch
=============================
====== JS ERROR CAUGHT ======
Unhandled Promise: TypeError: Failed to fetch
=============================
====== JS ERROR CAUGHT ======
Unhandled Promise: TypeError: Failed to fetch
=============================
====== JS ERROR CAUGHT ======
Unhandled Promise: TypeError: Failed to fetch
=============================
====== JS ERROR CAUGHT ======
Unhandled Promise: TypeError: Failed to fetch
=============================
====== JS ERROR CAUGHT ======
Unhandled Promise: TypeError: Failed to fetch
=============================
====== JS ERROR CAUGHT ======
Unhandled Promise: TypeError: Failed to fetch
=============================
====== JS ERROR CAUGHT ======
Unhandled Promise: TypeError: Failed to fetch
=============================
====== JS ERROR CAUGHT ======
Unhandled Promise: TypeError: Failed to fetch
=============================
====== JS ERROR CAUGHT ======
Unhandled Promise: TypeError: Failed to fetch
=============================
====== JS ERROR CAUGHT ======
Unhandled Promise: TypeError: Failed to fetch
=============================
====== JS ERROR CAUGHT ======
Unhandled Promise: TypeError: Failed to fetch
=============================
====== JS ERROR CAUGHT ======
Unhandled Promise: TypeError: Failed to fetch
=============================
====== JS ERROR CAUGHT ======
Unhandled Promise: TypeError: Failed to fetch
=============================
====== JS ERROR CAUGHT ======
Unhandled Promise: TypeError: Failed to fetch
=============================
====== JS ERROR CAUGHT ======
Unhandled Promise: TypeError: Failed to fetch
=============================
====== JS ERROR CAUGHT ======
Unhandled Promise: TypeError: Failed to fetch
=============================
====== JS ERROR CAUGHT ======
Unhandled Promise: TypeError: Failed to fetch
=============================
====== JS ERROR CAUGHT ======
Unhandled Promise: TypeError: Failed to fetch
=============================
====== JS ERROR CAUGHT ======
Unhandled Promise: TypeError: Failed to fetch
=============================
====== JS ERROR CAUGHT ======
Unhandled Promise: TypeError: Failed to fetch
=============================
====== JS ERROR CAUGHT ======
Unhandled Promise: TypeError: Failed to fetch
=============================
====== JS ERROR CAUGHT ======
Unhandled Promise: TypeError: Failed to fetch
=============================
====== JS ERROR CAUGHT ======
Unhandled Promise: TypeError: Failed to fetch
=============================
====== JS ERROR CAUGHT ======
Unhandled Promise: TypeError: Failed to fetch
=============================
====== JS ERROR CAUGHT ======
Unhandled Promise: TypeError: Failed to fetch
=============================
====== JS ERROR CAUGHT ======
Unhandled Promise: TypeError: Failed to fetch
=============================
====== JS ERROR CAUGHT ======
Unhandled Promise: TypeError: Failed to fetch
=============================
====== JS ERROR CAUGHT ======
Unhandled Promise: TypeError: Failed to fetch
=============================
====== JS ERROR CAUGHT ======
Unhandled Promise: TypeError: Failed to fetch
=============================
====== JS ERROR CAUGHT ======
Unhandled Promise: TypeError: Failed to fetch
=============================
====== JS ERROR CAUGHT ======
Unhandled Promise: TypeError: Failed to fetch
=============================
====== JS ERROR CAUGHT ======
Unhandled Promise: TypeError: Failed to fetch
=============================
====== JS ERROR CAUGHT ======
Unhandled Promise: TypeError: Failed to fetch
=============================
====== JS ERROR CAUGHT ======
Unhandled Promise: TypeError: Failed to fetch
=============================
====== JS ERROR CAUGHT ======
Unhandled Promise: TypeError: Failed to fetch
=============================
====== JS ERROR CAUGHT ======
Unhandled Promise: TypeError: Failed to fetch
=============================
====== JS ERROR CAUGHT ======
Unhandled Promise: TypeError: Failed to fetch
=============================
====== JS ERROR CAUGHT ======
Unhandled Promise: TypeError: Failed to fetch
=============================
====== JS ERROR CAUGHT ======
Unhandled Promise: TypeError: Failed to fetch
=============================
====== JS ERROR CAUGHT ======
Unhandled Promise: TypeError: Failed to fetch
=============================
====== JS ERROR CAUGHT ======
Unhandled Promise: TypeError: Failed to fetch
=============================
====== JS ERROR CAUGHT ======
Unhandled Promise: TypeError: Failed to fetch
=============================
====== JS ERROR CAUGHT ======
Unhandled Promise: TypeError: Failed to fetch
=============================
====== JS ERROR CAUGHT ======
Unhandled Promise: TypeError: Failed to fetch
=============================
====== JS ERROR CAUGHT ======
Unhandled Promise: TypeError: Failed to fetch
=============================
====== JS ERROR CAUGHT ======
Unhandled Promise: TypeError: Failed to fetch
=============================
====== JS ERROR CAUGHT ======
Unhandled Promise: TypeError: Failed to fetch
=============================
====== JS ERROR CAUGHT ======
Unhandled Promise: TypeError: Failed to fetch
=============================
====== JS ERROR CAUGHT ======
Unhandled Promise: TypeError: Failed to fetch
=============================
====== JS ERROR CAUGHT ======
Unhandled Promise: TypeError: Failed to fetch
=============================
====== JS ERROR CAUGHT ======
Unhandled Promise: TypeError: Failed to fetch
=============================
====== JS ERROR CAUGHT ======
Unhandled Promise: TypeError: Failed to fetch
=============================
====== JS ERROR CAUGHT ======
Unhandled Promise: TypeError: Failed to fetch
=============================
====== JS ERROR CAUGHT ======
Unhandled Promise: TypeError: Failed to fetch
=============================
====== JS ERROR CAUGHT ======
Unhandled Promise: TypeError: Failed to fetch
=============================
====== JS ERROR CAUGHT ======
Unhandled Promise: TypeError: Failed to fetch
=============================
====== JS ERROR CAUGHT ======
Unhandled Promise: TypeError: Failed to fetch
=============================
====== JS ERROR CAUGHT ======
Unhandled Promise: TypeError: Failed to fetch
=============================
====== JS ERROR CAUGHT ======
Unhandled Promise: TypeError: Failed to fetch
=============================
====== JS ERROR CAUGHT ======
Unhandled Promise: TypeError: Failed to fetch
=============================
====== JS ERROR CAUGHT ======
Unhandled Promise: TypeError: Failed to fetch
=============================
====== JS ERROR CAUGHT ======
Unhandled Promise: TypeError: Failed to fetch
=============================
====== JS ERROR CAUGHT ======
Unhandled Promise: TypeError: Failed to fetch
=============================
====== JS ERROR CAUGHT ======
Unhandled Promise: TypeError: Failed to fetch
=============================
====== JS ERROR CAUGHT ======
Unhandled Promise: TypeError: Failed to fetch
=============================
====== JS ERROR CAUGHT ======
Unhandled Promise: TypeError: Failed to fetch
=============================
====== JS ERROR CAUGHT ======
Unhandled Promise: TypeError: Failed to fetch
=============================
====== JS ERROR CAUGHT ======
Unhandled Promise: TypeError: Failed to fetch
=============================
====== JS ERROR CAUGHT ======
Unhandled Promise: TypeError: Failed to fetch
=============================
====== JS ERROR CAUGHT ======
Unhandled Promise: TypeError: Failed to fetch
=============================
====== JS ERROR CAUGHT ======
Unhandled Promise: TypeError: Failed to fetch
=============================
====== JS ERROR CAUGHT ======
Unhandled Promise: TypeError: Failed to fetch
=============================
====== JS ERROR CAUGHT ======
Unhandled Promise: TypeError: Failed to fetch
=============================
====== JS ERROR CAUGHT ======
Unhandled Promise: TypeError: Failed to fetch
=============================
====== JS ERROR CAUGHT ======
Unhandled Promise: TypeError: Failed to fetch
=============================
====== JS ERROR CAUGHT ======
Unhandled Promise: TypeError: Failed to fetch
=============================
====== JS ERROR CAUGHT ======
Unhandled Promise: TypeError: Failed to fetch
=============================
====== JS ERROR CAUGHT ======
Unhandled Promise: TypeError: Failed to fetch
=============================
====== JS ERROR CAUGHT ======
Unhandled Promise: TypeError: Failed to fetch
=============================
====== JS ERROR CAUGHT ======
Unhandled Promise: TypeError: Failed to fetch
=============================
====== JS ERROR CAUGHT ======
Unhandled Promise: TypeError: Failed to fetch
=============================
====== JS ERROR CAUGHT ======
Unhandled Promise: TypeError: Failed to fetch
=============================
====== JS ERROR CAUGHT ======
Unhandled Promise: TypeError: Failed to fetch
=============================
====== JS ERROR CAUGHT ======
Unhandled Promise: TypeError: Failed to fetch
=============================
====== JS ERROR CAUGHT ======
Unhandled Promise: TypeError: Failed to fetch
=============================
====== JS ERROR CAUGHT ======
Unhandled Promise: TypeError: Failed to fetch
=============================
====== JS ERROR CAUGHT ======
Unhandled Promise: TypeError: Failed to fetch
=============================
====== JS ERROR CAUGHT ======
Unhandled Promise: TypeError: Failed to fetch
=============================
====== JS ERROR CAUGHT ======
Unhandled Promise: TypeError: Failed to fetch
=============================
====== JS ERROR CAUGHT ======
Unhandled Promise: TypeError: Failed to fetch
=============================
====== JS ERROR CAUGHT ======
Unhandled Promise: TypeError: Failed to fetch
=============================
====== JS ERROR CAUGHT ======
Unhandled Promise: TypeError: Failed to fetch
=============================
====== JS ERROR CAUGHT ======
Unhandled Promise: TypeError: Failed to fetch
=============================
====== JS ERROR CAUGHT ======
Unhandled Promise: TypeError: Failed to fetch
=============================
====== JS ERROR CAUGHT ======
Unhandled Promise: TypeError: Failed to fetch
=============================
====== JS ERROR CAUGHT ======
Unhandled Promise: TypeError: Failed to fetch
=============================
====== JS ERROR CAUGHT ======
Unhandled Promise: TypeError: Failed to fetch
=============================
====== JS ERROR CAUGHT ======
Unhandled Promise: TypeError: Failed to fetch
=============================
====== JS ERROR CAUGHT ======
Unhandled Promise: TypeError: Failed to fetch
=============================
====== JS ERROR CAUGHT ======
Unhandled Promise: TypeError: Failed to fetch
=============================
====== JS ERROR CAUGHT ======
Unhandled Promise: TypeError: Failed to fetch
=============================
====== JS ERROR CAUGHT ======
Unhandled Promise: TypeError: Failed to fetch
=============================
====== JS ERROR CAUGHT ======
Unhandled Promise: TypeError: Failed to fetch
=============================
====== JS ERROR CAUGHT ======
Unhandled Promise: TypeError: Failed to fetch
=============================
====== JS ERROR CAUGHT ======
Unhandled Promise: TypeError: Failed to fetch
=============================
====== JS ERROR CAUGHT ======
Unhandled Promise: TypeError: Failed to fetch
=============================
====== JS ERROR CAUGHT ======
Unhandled Promise: TypeError: Failed to fetch
=============================
====== JS ERROR CAUGHT ======
Unhandled Promise: TypeError: Failed to fetch
=============================
====== JS ERROR CAUGHT ======
Unhandled Promise: TypeError: Failed to fetch
=============================
====== JS ERROR CAUGHT ======
Unhandled Promise: TypeError: Failed to fetch
=============================
====== JS ERROR CAUGHT ======
Unhandled Promise: TypeError: Failed to fetch
=============================
====== JS ERROR CAUGHT ======
Unhandled Promise: TypeError: Failed to fetch
=============================
====== JS ERROR CAUGHT ======
Unhandled Promise: TypeError: Failed to fetch
=============================
====== JS ERROR CAUGHT ======
Unhandled Promise: TypeError: Failed to fetch
=============================
====== JS ERROR CAUGHT ======
Unhandled Promise: TypeError: Failed to fetch
=============================
====== JS ERROR CAUGHT ======
Unhandled Promise: TypeError: Failed to fetch
=============================
====== JS ERROR CAUGHT ======
Unhandled Promise: TypeError: Failed to fetch
=============================
====== JS ERROR CAUGHT ======
Unhandled Promise: TypeError: Failed to fetch
=============================
====== JS ERROR CAUGHT ======
Unhandled Promise: TypeError: Failed to fetch
=============================
====== JS ERROR CAUGHT ======
Unhandled Promise: TypeError: Failed to fetch
=============================
====== JS ERROR CAUGHT ======
Unhandled Promise: TypeError: Failed to fetch
=============================
====== JS ERROR CAUGHT ======
Unhandled Promise: TypeError: Failed to fetch
=============================
====== JS ERROR CAUGHT ======
Unhandled Promise: TypeError: Failed to fetch
=============================
====== JS ERROR CAUGHT ======
Unhandled Promise: TypeError: Failed to fetch
=============================
====== JS ERROR CAUGHT ======
Unhandled Promise: TypeError: Failed to fetch
=============================
====== JS ERROR CAUGHT ======
Unhandled Promise: TypeError: Failed to fetch
=============================
====== JS ERROR CAUGHT ======
Unhandled Promise: TypeError: Failed to fetch
=============================
====== JS ERROR CAUGHT ======
Unhandled Promise: TypeError: Failed to fetch
=============================
====== JS ERROR CAUGHT ======
Unhandled Promise: TypeError: Failed to fetch
=============================
====== JS ERROR CAUGHT ======
Unhandled Promise: TypeError: Failed to fetch
=============================
====== JS ERROR CAUGHT ======
Unhandled Promise: TypeError: Failed to fetch
=============================
====== JS ERROR CAUGHT ======
Unhandled Promise: TypeError: Failed to fetch
=============================
====== JS ERROR CAUGHT ======
Unhandled Promise: TypeError: Failed to fetch
=============================
====== JS ERROR CAUGHT ======
Unhandled Promise: TypeError: Failed to fetch
=============================
====== JS ERROR CAUGHT ======
Unhandled Promise: TypeError: Failed to fetch
=============================
====== JS ERROR CAUGHT ======
Unhandled Promise: TypeError: Failed to fetch
=============================
====== JS ERROR CAUGHT ======
Unhandled Promise: TypeError: Failed to fetch
=============================
====== JS ERROR CAUGHT ======
Unhandled Promise: TypeError: Failed to fetch
=============================
====== JS ERROR CAUGHT ======
Unhandled Promise: TypeError: Failed to fetch
=============================
====== JS ERROR CAUGHT ======
Unhandled Promise: TypeError: Failed to fetch
=============================
====== JS ERROR CAUGHT ======
Unhandled Promise: TypeError: Failed to fetch
=============================
====== JS ERROR CAUGHT ======
Unhandled Promise: TypeError: Failed to fetch
=============================
====== JS ERROR CAUGHT ======
Unhandled Promise: TypeError: Failed to fetch
=============================
====== JS ERROR CAUGHT ======
Unhandled Promise: TypeError: Failed to fetch
=============================
====== JS ERROR CAUGHT ======
Unhandled Promise: TypeError: Failed to fetch
=============================
====== JS ERROR CAUGHT ======
Unhandled Promise: TypeError: Failed to fetch
=============================
====== JS ERROR CAUGHT ======
Unhandled Promise: TypeError: Failed to fetch
=============================
====== JS ERROR CAUGHT ======
Unhandled Promise: TypeError: Failed to fetch
=============================
====== JS ERROR CAUGHT ======
Unhandled Promise: TypeError: Failed to fetch
=============================
====== JS ERROR CAUGHT ======
Unhandled Promise: TypeError: Failed to fetch
=============================
====== JS ERROR CAUGHT ======
Unhandled Promise: TypeError: Failed to fetch
=============================
====== JS ERROR CAUGHT ======
Unhandled Promise: TypeError: Failed to fetch
=============================
====== JS ERROR CAUGHT ======
Unhandled Promise: TypeError: Failed to fetch
=============================
====== JS ERROR CAUGHT ======
Unhandled Promise: TypeError: Failed to fetch
=============================
====== JS ERROR CAUGHT ======
Unhandled Promise: TypeError: Failed to fetch
=============================
====== JS ERROR CAUGHT ======
Unhandled Promise: TypeError: Failed to fetch
=============================
====== JS ERROR CAUGHT ======
Unhandled Promise: TypeError: Failed to fetch
=============================
====== JS ERROR CAUGHT ======
Unhandled Promise: TypeError: Failed to fetch
=============================
====== JS ERROR CAUGHT ======
Unhandled Promise: TypeError: Failed to fetch
=============================
====== JS ERROR CAUGHT ======
Unhandled Promise: TypeError: Failed to fetch
=============================
====== JS ERROR CAUGHT ======
Unhandled Promise: TypeError: Failed to fetch
=============================
====== JS ERROR CAUGHT ======
Unhandled Promise: TypeError: Failed to fetch
=============================
====== JS ERROR CAUGHT ======
Unhandled Promise: TypeError: Failed to fetch
=============================
====== JS ERROR CAUGHT ======
Unhandled Promise: TypeError: Failed to fetch
=============================
====== JS ERROR CAUGHT ======
Unhandled Promise: TypeError: Failed to fetch
=============================
====== JS ERROR CAUGHT ======
Unhandled Promise: TypeError: Failed to fetch
=============================
====== JS ERROR CAUGHT ======
Unhandled Promise: TypeError: Failed to fetch
=============================
====== JS ERROR CAUGHT ======
Unhandled Promise: TypeError: Failed to fetch
=============================
====== JS ERROR CAUGHT ======
Unhandled Promise: TypeError: Failed to fetch
=============================
====== JS ERROR CAUGHT ======
Unhandled Promise: TypeError: Failed to fetch
=============================
====== JS ERROR CAUGHT ======
Unhandled Promise: TypeError: Failed to fetch
=============================
====== JS ERROR CAUGHT ======
Unhandled Promise: TypeError: Failed to fetch
=============================
====== JS ERROR CAUGHT ======
Unhandled Promise: TypeError: Failed to fetch
=============================
====== JS ERROR CAUGHT ======
Unhandled Promise: TypeError: Failed to fetch
=============================
====== JS ERROR CAUGHT ======
Unhandled Promise: TypeError: Failed to fetch
=============================
====== JS ERROR CAUGHT ======
Unhandled Promise: TypeError: Failed to fetch
=============================
====== JS ERROR CAUGHT ======
Unhandled Promise: TypeError: Failed to fetch
=============================
====== JS ERROR CAUGHT ======
Unhandled Promise: TypeError: Failed to fetch
=============================
====== JS ERROR CAUGHT ======
Unhandled Promise: TypeError: Failed to fetch
=============================
====== JS ERROR CAUGHT ======
Unhandled Promise: TypeError: Failed to fetch
=============================
====== JS ERROR CAUGHT ======
Unhandled Promise: TypeError: Failed to fetch
=============================
====== JS ERROR CAUGHT ======
Unhandled Promise: TypeError: Failed to fetch
=============================
====== JS ERROR CAUGHT ======
Unhandled Promise: TypeError: Failed to fetch
=============================
====== JS ERROR CAUGHT ======
Unhandled Promise: TypeError: Failed to fetch
=============================
====== JS ERROR CAUGHT ======
Unhandled Promise: TypeError: Failed to fetch
=============================
====== JS ERROR CAUGHT ======
Unhandled Promise: TypeError: Failed to fetch
=============================
====== JS ERROR CAUGHT ======
Unhandled Promise: TypeError: Failed to fetch
=============================
====== JS ERROR CAUGHT ======
Unhandled Promise: TypeError: Failed to fetch
=============================
====== JS ERROR CAUGHT ======
Unhandled Promise: TypeError: Failed to fetch
=============================
====== JS ERROR CAUGHT ======
Unhandled Promise: TypeError: Failed to fetch
=============================
====== JS ERROR CAUGHT ======
Unhandled Promise: TypeError: Failed to fetch
=============================
====== JS ERROR CAUGHT ======
Unhandled Promise: TypeError: Failed to fetch
=============================
====== JS ERROR CAUGHT ======
Unhandled Promise: TypeError: Failed to fetch
=============================
====== JS ERROR CAUGHT ======
Unhandled Promise: TypeError: Failed to fetch
=============================
====== JS ERROR CAUGHT ======
Unhandled Promise: TypeError: Failed to fetch
=============================
====== JS ERROR CAUGHT ======
Unhandled Promise: TypeError: Failed to fetch
=============================
====== JS ERROR CAUGHT ======
Unhandled Promise: TypeError: Failed to fetch
=============================
====== JS ERROR CAUGHT ======
Unhandled Promise: TypeError: Failed to fetch
=============================
====== JS ERROR CAUGHT ======
Unhandled Promise: TypeError: Failed to fetch
=============================
====== JS ERROR CAUGHT ======
Unhandled Promise: TypeError: Failed to fetch
=============================
====== JS ERROR CAUGHT ======
Unhandled Promise: TypeError: Failed to fetch
=============================
====== JS ERROR CAUGHT ======
Unhandled Promise: TypeError: Failed to fetch
=============================
====== JS ERROR CAUGHT ======
Unhandled Promise: TypeError: Failed to fetch
=============================
====== JS ERROR CAUGHT ======
Unhandled Promise: TypeError: Failed to fetch
=============================
====== JS ERROR CAUGHT ======
Unhandled Promise: TypeError: Failed to fetch
=============================
====== JS ERROR CAUGHT ======
Unhandled Promise: TypeError: Failed to fetch
=============================
====== JS ERROR CAUGHT ======
Unhandled Promise: TypeError: Failed to fetch
=============================
====== JS ERROR CAUGHT ======
Unhandled Promise: TypeError: Failed to fetch
=============================
====== JS ERROR CAUGHT ======
Unhandled Promise: TypeError: Failed to fetch
=============================
====== JS ERROR CAUGHT ======
Unhandled Promise: TypeError: Failed to fetch
=============================
====== JS ERROR CAUGHT ======
Unhandled Promise: TypeError: Failed to fetch
=============================
====== JS ERROR CAUGHT ======
Unhandled Promise: TypeError: Failed to fetch
=============================
====== JS ERROR CAUGHT ======
Unhandled Promise: TypeError: Failed to fetch
=============================
====== JS ERROR CAUGHT ======
Unhandled Promise: TypeError: Failed to fetch
=============================
====== JS ERROR CAUGHT ======
Unhandled Promise: TypeError: Failed to fetch
=============================
====== JS ERROR CAUGHT ======
Unhandled Promise: TypeError: Failed to fetch
=============================
====== JS ERROR CAUGHT ======
Unhandled Promise: TypeError: Failed to fetch
=============================
====== JS ERROR CAUGHT ======
Unhandled Promise: TypeError: Failed to fetch
=============================
====== JS ERROR CAUGHT ======
Unhandled Promise: TypeError: Failed to fetch
=============================
====== JS ERROR CAUGHT ======
Unhandled Promise: TypeError: Failed to fetch
=============================
====== JS ERROR CAUGHT ======
Unhandled Promise: TypeError: Failed to fetch
=============================
====== JS ERROR CAUGHT ======
Unhandled Promise: TypeError: Failed to fetch
=============================
====== JS ERROR CAUGHT ======
Unhandled Promise: TypeError: Failed to fetch
=============================
====== JS ERROR CAUGHT ======
Unhandled Promise: TypeError: Failed to fetch
=============================
====== JS ERROR CAUGHT ======
Unhandled Promise: TypeError: Failed to fetch
=============================
====== JS ERROR CAUGHT ======
Unhandled Promise: TypeError: Failed to fetch
=============================
====== JS ERROR CAUGHT ======
Unhandled Promise: TypeError: Failed to fetch
=============================
====== JS ERROR CAUGHT ======
Unhandled Promise: TypeError: Failed to fetch
=============================
====== JS ERROR CAUGHT ======
Unhandled Promise: TypeError: Failed to fetch
=============================
====== JS ERROR CAUGHT ======
Unhandled Promise: TypeError: Failed to fetch
=============================
====== JS ERROR CAUGHT ======
Unhandled Promise: TypeError: Failed to fetch
=============================
====== JS ERROR CAUGHT ======
Unhandled Promise: TypeError: Failed to fetch
=============================
====== JS ERROR CAUGHT ======
Unhandled Promise: TypeError: Failed to fetch
=============================
====== JS ERROR CAUGHT ======
Unhandled Promise: TypeError: Failed to fetch
=============================
====== JS ERROR CAUGHT ======
Unhandled Promise: TypeError: Failed to fetch
=============================
====== JS ERROR CAUGHT ======
Unhandled Promise: TypeError: Failed to fetch
=============================
====== JS ERROR CAUGHT ======
Unhandled Promise: TypeError: Failed to fetch
=============================
====== JS ERROR CAUGHT ======
Unhandled Promise: TypeError: Failed to fetch
=============================
====== JS ERROR CAUGHT ======
Unhandled Promise: TypeError: Failed to fetch
=============================
====== JS ERROR CAUGHT ======
Unhandled Promise: TypeError: Failed to fetch
=============================
====== JS ERROR CAUGHT ======
Unhandled Promise: TypeError: Failed to fetch
=============================
====== JS ERROR CAUGHT ======
Unhandled Promise: TypeError: Failed to fetch
=============================
====== JS ERROR CAUGHT ======
Unhandled Promise: TypeError: Failed to fetch
=============================
====== JS ERROR CAUGHT ======
Unhandled Promise: TypeError: Failed to fetch
=============================
====== JS ERROR CAUGHT ======
Unhandled Promise: TypeError: Failed to fetch
=============================
====== JS ERROR CAUGHT ======
Unhandled Promise: TypeError: Failed to fetch
=============================
====== JS ERROR CAUGHT ======
Unhandled Promise: TypeError: Failed to fetch
=============================
====== JS ERROR CAUGHT ======
Unhandled Promise: TypeError: Failed to fetch
=============================
====== JS ERROR CAUGHT ======
Unhandled Promise: TypeError: Failed to fetch
=============================
====== JS ERROR CAUGHT ======
Unhandled Promise: TypeError: Failed to fetch
=============================
====== JS ERROR CAUGHT ======
Unhandled Promise: TypeError: Failed to fetch
=============================
====== JS ERROR CAUGHT ======
Unhandled Promise: TypeError: Failed to fetch
=============================
====== JS ERROR CAUGHT ======
Unhandled Promise: TypeError: Failed to fetch
=============================
====== JS ERROR CAUGHT ======
Unhandled Promise: TypeError: Failed to fetch
=============================
====== JS ERROR CAUGHT ======
Unhandled Promise: TypeError: Failed to fetch
=============================
====== JS ERROR CAUGHT ======
Unhandled Promise: TypeError: Failed to fetch
=============================
====== JS ERROR CAUGHT ======
Unhandled Promise: TypeError: Failed to fetch
=============================
====== JS ERROR CAUGHT ======
Unhandled Promise: TypeError: Failed to fetch
=============================
====== JS ERROR CAUGHT ======
Unhandled Promise: TypeError: Failed to fetch
=============================
====== JS ERROR CAUGHT ======
Unhandled Promise: TypeError: Failed to fetch
=============================
====== JS ERROR CAUGHT ======
Unhandled Promise: TypeError: Failed to fetch
=============================
====== JS ERROR CAUGHT ======
Unhandled Promise: TypeError: Failed to fetch
=============================
====== JS ERROR CAUGHT ======
Unhandled Promise: TypeError: Failed to fetch
=============================
====== JS ERROR CAUGHT ======
Unhandled Promise: TypeError: Failed to fetch
=============================
====== JS ERROR CAUGHT ======
Unhandled Promise: TypeError: Failed to fetch
=============================
====== JS ERROR CAUGHT ======
Unhandled Promise: TypeError: Failed to fetch
=============================
====== JS ERROR CAUGHT ======
Unhandled Promise: TypeError: Failed to fetch
=============================
====== JS ERROR CAUGHT ======
Unhandled Promise: TypeError: Failed to fetch
=============================
====== JS ERROR CAUGHT ======
Unhandled Promise: TypeError: Failed to fetch
=============================
====== JS ERROR CAUGHT ======
Unhandled Promise: TypeError: Failed to fetch
=============================
====== JS ERROR CAUGHT ======
Unhandled Promise: TypeError: Failed to fetch
=============================
====== JS ERROR CAUGHT ======
Unhandled Promise: TypeError: Failed to fetch
=============================
====== JS ERROR CAUGHT ======
Unhandled Promise: TypeError: Failed to fetch
=============================
====== JS ERROR CAUGHT ======
Unhandled Promise: TypeError: Failed to fetch
=============================
====== JS ERROR CAUGHT ======
Unhandled Promise: TypeError: Failed to fetch
=============================
====== JS ERROR CAUGHT ======
Unhandled Promise: TypeError: Failed to fetch
=============================
====== JS ERROR CAUGHT ======
Unhandled Promise: TypeError: Failed to fetch
=============================
====== JS ERROR CAUGHT ======
Unhandled Promise: TypeError: Failed to fetch
=============================
====== JS ERROR CAUGHT ======
Unhandled Promise: TypeError: Failed to fetch
=============================
====== JS ERROR CAUGHT ======
Unhandled Promise: TypeError: Failed to fetch
=============================
====== JS ERROR CAUGHT ======
Unhandled Promise: TypeError: Failed to fetch
=============================
====== JS ERROR CAUGHT ======
Unhandled Promise: TypeError: Failed to fetch
=============================
====== JS ERROR CAUGHT ======
Unhandled Promise: TypeError: Failed to fetch
=============================
====== JS ERROR CAUGHT ======
Unhandled Promise: TypeError: Failed to fetch
=============================
====== JS ERROR CAUGHT ======
Unhandled Promise: TypeError: Failed to fetch
=============================
====== JS ERROR CAUGHT ======
Unhandled Promise: TypeError: Failed to fetch
=============================
====== JS ERROR CAUGHT ======
Unhandled Promise: TypeError: Failed to fetch
=============================
====== JS ERROR CAUGHT ======
Unhandled Promise: TypeError: Failed to fetch
=============================
====== JS ERROR CAUGHT ======
Unhandled Promise: TypeError: Failed to fetch
=============================
====== JS ERROR CAUGHT ======
Unhandled Promise: TypeError: Failed to fetch
=============================
====== JS ERROR CAUGHT ======
Unhandled Promise: TypeError: Failed to fetch
=============================
====== JS ERROR CAUGHT ======
Unhandled Promise: TypeError: Failed to fetch
=============================
====== JS ERROR CAUGHT ======
Unhandled Promise: TypeError: Failed to fetch
=============================
====== JS ERROR CAUGHT ======
Unhandled Promise: TypeError: Failed to fetch
=============================
====== JS ERROR CAUGHT ======
Unhandled Promise: TypeError: Failed to fetch
=============================
====== JS ERROR CAUGHT ======
Unhandled Promise: TypeError: Failed to fetch
=============================
====== JS ERROR CAUGHT ======
Unhandled Promise: TypeError: Failed to fetch
=============================
====== JS ERROR CAUGHT ======
Unhandled Promise: TypeError: Failed to fetch
=============================
====== JS ERROR CAUGHT ======
Unhandled Promise: TypeError: Failed to fetch
=============================
====== JS ERROR CAUGHT ======
Unhandled Promise: TypeError: Failed to fetch
=============================
====== JS ERROR CAUGHT ======
Unhandled Promise: TypeError: Failed to fetch
=============================
====== JS ERROR CAUGHT ======
Unhandled Promise: TypeError: Failed to fetch
=============================
====== JS ERROR CAUGHT ======
Unhandled Promise: TypeError: Failed to fetch
=============================
====== JS ERROR CAUGHT ======
Unhandled Promise: TypeError: Failed to fetch
=============================
====== JS ERROR CAUGHT ======
Unhandled Promise: TypeError: Failed to fetch
=============================
====== JS ERROR CAUGHT ======
Unhandled Promise: TypeError: Failed to fetch
=============================
====== JS ERROR CAUGHT ======
Unhandled Promise: TypeError: Failed to fetch
=============================
====== JS ERROR CAUGHT ======
Unhandled Promise: TypeError: Failed to fetch
=============================
====== JS ERROR CAUGHT ======
Unhandled Promise: TypeError: Failed to fetch
=============================
====== JS ERROR CAUGHT ======
Unhandled Promise: TypeError: Failed to fetch
=============================
====== JS ERROR CAUGHT ======
Unhandled Promise: TypeError: Failed to fetch
=============================
====== JS ERROR CAUGHT ======
Unhandled Promise: TypeError: Failed to fetch
=============================
====== JS ERROR CAUGHT ======
Unhandled Promise: TypeError: Failed to fetch
=============================
====== JS ERROR CAUGHT ======
Unhandled Promise: TypeError: Failed to fetch
=============================
====== JS ERROR CAUGHT ======
Unhandled Promise: TypeError: Failed to fetch
=============================
====== JS ERROR CAUGHT ======
Unhandled Promise: TypeError: Failed to fetch
=============================
====== JS ERROR CAUGHT ======
Unhandled Promise: TypeError: Failed to fetch
=============================
====== JS ERROR CAUGHT ======
Unhandled Promise: TypeError: Failed to fetch
=============================
====== JS ERROR CAUGHT ======
Unhandled Promise: TypeError: Failed to fetch
=============================
====== JS ERROR CAUGHT ======
Unhandled Promise: TypeError: Failed to fetch
=============================
====== JS ERROR CAUGHT ======
Unhandled Promise: TypeError: Failed to fetch
=============================
====== JS ERROR CAUGHT ======
Unhandled Promise: TypeError: Failed to fetch
=============================
====== JS ERROR CAUGHT ======
Unhandled Promise: TypeError: Failed to fetch
=============================
====== JS ERROR CAUGHT ======
Unhandled Promise: TypeError: Failed to fetch
=============================
====== JS ERROR CAUGHT ======
Unhandled Promise: TypeError: Failed to fetch
=============================
====== JS ERROR CAUGHT ======
Unhandled Promise: TypeError: Failed to fetch
=============================
====== JS ERROR CAUGHT ======
Unhandled Promise: TypeError: Failed to fetch
=============================
====== JS ERROR CAUGHT ======
Unhandled Promise: TypeError: Failed to fetch
=============================
====== JS ERROR CAUGHT ======
Unhandled Promise: TypeError: Failed to fetch
=============================
====== JS ERROR CAUGHT ======
Unhandled Promise: TypeError: Failed to fetch
=============================
====== JS ERROR CAUGHT ======
Unhandled Promise: TypeError: Failed to fetch
=============================
====== JS ERROR CAUGHT ======
Unhandled Promise: TypeError: Failed to fetch
=============================
====== JS ERROR CAUGHT ======
Unhandled Promise: TypeError: Failed to fetch
=============================
====== JS ERROR CAUGHT ======
Unhandled Promise: TypeError: Failed to fetch
=============================
====== JS ERROR CAUGHT ======
Unhandled Promise: TypeError: Failed to fetch
=============================
====== JS ERROR CAUGHT ======
Unhandled Promise: TypeError: Failed to fetch
=============================
====== JS ERROR CAUGHT ======
Unhandled Promise: TypeError: Failed to fetch
=============================
====== JS ERROR CAUGHT ======
Unhandled Promise: TypeError: Failed to fetch
=============================
====== JS ERROR CAUGHT ======
Unhandled Promise: TypeError: Failed to fetch
=============================
====== JS ERROR CAUGHT ======
Unhandled Promise: TypeError: Failed to fetch
=============================
====== JS ERROR CAUGHT ======
Unhandled Promise: TypeError: Failed to fetch
=============================
====== JS ERROR CAUGHT ======
Unhandled Promise: TypeError: Failed to fetch
=============================
====== JS ERROR CAUGHT ======
Unhandled Promise: TypeError: Failed to fetch
=============================
====== JS ERROR CAUGHT ======
Unhandled Promise: TypeError: Failed to fetch
=============================
====== JS ERROR CAUGHT ======
Unhandled Promise: TypeError: Failed to fetch
=============================
====== JS ERROR CAUGHT ======
Unhandled Promise: TypeError: Failed to fetch
=============================
====== JS ERROR CAUGHT ======
Unhandled Promise: TypeError: Failed to fetch
=============================
====== JS ERROR CAUGHT ======
Unhandled Promise: TypeError: Failed to fetch
=============================
====== JS ERROR CAUGHT ======
Unhandled Promise: TypeError: Failed to fetch
=============================
====== JS ERROR CAUGHT ======
Unhandled Promise: TypeError: Failed to fetch
=============================
====== JS ERROR CAUGHT ======
Unhandled Promise: TypeError: Failed to fetch
=============================
====== JS ERROR CAUGHT ======
Unhandled Promise: TypeError: Failed to fetch
=============================
====== JS ERROR CAUGHT ======
Unhandled Promise: TypeError: Failed to fetch
=============================
====== JS ERROR CAUGHT ======
Unhandled Promise: TypeError: Failed to fetch
=============================
====== JS ERROR CAUGHT ======
Unhandled Promise: TypeError: Failed to fetch
=============================
====== JS ERROR CAUGHT ======
Unhandled Promise: TypeError: Failed to fetch
=============================
====== JS ERROR CAUGHT ======
Unhandled Promise: TypeError: Failed to fetch
=============================
====== JS ERROR CAUGHT ======
Unhandled Promise: TypeError: Failed to fetch
=============================
====== JS ERROR CAUGHT ======
Unhandled Promise: TypeError: Failed to fetch
=============================
====== JS ERROR CAUGHT ======
Unhandled Promise: TypeError: Failed to fetch
=============================
====== JS ERROR CAUGHT ======
Unhandled Promise: TypeError: Failed to fetch
=============================
====== JS ERROR CAUGHT ======
Unhandled Promise: TypeError: Failed to fetch
=============================
====== JS ERROR CAUGHT ======
Unhandled Promise: TypeError: Failed to fetch
=============================
====== JS ERROR CAUGHT ======
Unhandled Promise: TypeError: Failed to fetch
=============================
====== JS ERROR CAUGHT ======
Unhandled Promise: TypeError: Failed to fetch
=============================
====== JS ERROR CAUGHT ======
Unhandled Promise: TypeError: Failed to fetch
=============================
====== JS ERROR CAUGHT ======
Unhandled Promise: TypeError: Failed to fetch
=============================
====== JS ERROR CAUGHT ======
Unhandled Promise: TypeError: Failed to fetch
=============================
====== JS ERROR CAUGHT ======
Unhandled Promise: TypeError: Failed to fetch
=============================
====== JS ERROR CAUGHT ======
Unhandled Promise: TypeError: Failed to fetch
=============================
====== JS ERROR CAUGHT ======
Unhandled Promise: TypeError: Failed to fetch
=============================
====== JS ERROR CAUGHT ======
Unhandled Promise: TypeError: Failed to fetch
=============================
====== JS ERROR CAUGHT ======
Unhandled Promise: TypeError: Failed to fetch
=============================
====== JS ERROR CAUGHT ======
Unhandled Promise: TypeError: Failed to fetch
=============================
====== JS ERROR CAUGHT ======
Unhandled Promise: TypeError: Failed to fetch
=============================
====== JS ERROR CAUGHT ======
Unhandled Promise: TypeError: Failed to fetch
=============================
====== JS ERROR CAUGHT ======
Unhandled Promise: TypeError: Failed to fetch
=============================
====== JS ERROR CAUGHT ======
Unhandled Promise: TypeError: Failed to fetch
=============================
====== JS ERROR CAUGHT ======
Unhandled Promise: TypeError: Failed to fetch
=============================
====== JS ERROR CAUGHT ======
Unhandled Promise: TypeError: Failed to fetch
=============================
====== JS ERROR CAUGHT ======
Unhandled Promise: TypeError: Failed to fetch
=============================
====== JS ERROR CAUGHT ======
Unhandled Promise: TypeError: Failed to fetch
=============================
====== JS ERROR CAUGHT ======
Unhandled Promise: TypeError: Failed to fetch
=============================
====== JS ERROR CAUGHT ======
Unhandled Promise: TypeError: Failed to fetch
=============================
====== JS ERROR CAUGHT ======
Unhandled Promise: TypeError: Failed to fetch
=============================
====== JS ERROR CAUGHT ======
Unhandled Promise: TypeError: Failed to fetch
=============================
====== JS ERROR CAUGHT ======
Unhandled Promise: TypeError: Failed to fetch
=============================
====== JS ERROR CAUGHT ======
Unhandled Promise: TypeError: Failed to fetch
=============================
====== JS ERROR CAUGHT ======
Unhandled Promise: TypeError: Failed to fetch
=============================
====== JS ERROR CAUGHT ======
Unhandled Promise: TypeError: Failed to fetch
=============================
====== JS ERROR CAUGHT ======
Unhandled Promise: TypeError: Failed to fetch
=============================
====== JS ERROR CAUGHT ======
Unhandled Promise: TypeError: Failed to fetch
=============================
====== JS ERROR CAUGHT ======
Unhandled Promise: TypeError: Failed to fetch
=============================
====== JS ERROR CAUGHT ======
Unhandled Promise: TypeError: Failed to fetch
=============================
====== JS ERROR CAUGHT ======
Unhandled Promise: TypeError: Failed to fetch
=============================
====== JS ERROR CAUGHT ======
Unhandled Promise: TypeError: Failed to fetch
=============================
====== JS ERROR CAUGHT ======
Unhandled Promise: TypeError: Failed to fetch
=============================
====== JS ERROR CAUGHT ======
Unhandled Promise: TypeError: Failed to fetch
=============================
====== JS ERROR CAUGHT ======
Unhandled Promise: TypeError: Failed to fetch
=============================
====== JS ERROR CAUGHT ======
Unhandled Promise: TypeError: Failed to fetch
=============================
====== JS ERROR CAUGHT ======
Unhandled Promise: TypeError: Failed to fetch
=============================
====== JS ERROR CAUGHT ======
Unhandled Promise: TypeError: Failed to fetch
=============================
====== JS ERROR CAUGHT ======
Unhandled Promise: TypeError: Failed to fetch
=============================
====== JS ERROR CAUGHT ======
Unhandled Promise: TypeError: Failed to fetch
=============================
====== JS ERROR CAUGHT ======
Unhandled Promise: TypeError: Failed to fetch
=============================
====== JS ERROR CAUGHT ======
Unhandled Promise: TypeError: Failed to fetch
=============================
====== JS ERROR CAUGHT ======
Unhandled Promise: TypeError: Failed to fetch
=============================
====== JS ERROR CAUGHT ======
Unhandled Promise: TypeError: Failed to fetch
=============================
====== JS ERROR CAUGHT ======
Unhandled Promise: TypeError: Failed to fetch
=============================
====== JS ERROR CAUGHT ======
Unhandled Promise: TypeError: Failed to fetch
=============================
====== JS ERROR CAUGHT ======
Unhandled Promise: TypeError: Failed to fetch
=============================
====== JS ERROR CAUGHT ======
Unhandled Promise: TypeError: Failed to fetch
=============================
====== JS ERROR CAUGHT ======
Unhandled Promise: TypeError: Failed to fetch
=============================
====== JS ERROR CAUGHT ======
Unhandled Promise: TypeError: Failed to fetch
=============================
====== JS ERROR CAUGHT ======
Unhandled Promise: TypeError: Failed to fetch
=============================
====== JS ERROR CAUGHT ======
Unhandled Promise: TypeError: Failed to fetch
=============================
====== JS ERROR CAUGHT ======
Unhandled Promise: TypeError: Failed to fetch
=============================
====== JS ERROR CAUGHT ======
Unhandled Promise: TypeError: Failed to fetch
=============================
====== JS ERROR CAUGHT ======
Unhandled Promise: TypeError: Failed to fetch
=============================
====== JS ERROR CAUGHT ======
Unhandled Promise: TypeError: Failed to fetch
=============================
====== JS ERROR CAUGHT ======
Unhandled Promise: TypeError: Failed to fetch
=============================
====== JS ERROR CAUGHT ======
Unhandled Promise: TypeError: Failed to fetch
=============================
====== JS ERROR CAUGHT ======
Unhandled Promise: TypeError: Failed to fetch
=============================
====== JS ERROR CAUGHT ======
Unhandled Promise: TypeError: Failed to fetch
=============================
====== JS ERROR CAUGHT ======
Unhandled Promise: TypeError: Failed to fetch
=============================
====== JS ERROR CAUGHT ======
Unhandled Promise: TypeError: Failed to fetch
=============================
====== JS ERROR CAUGHT ======
Unhandled Promise: TypeError: Failed to fetch
=============================
====== JS ERROR CAUGHT ======
Unhandled Promise: TypeError: Failed to fetch
=============================
====== JS ERROR CAUGHT ======
Unhandled Promise: TypeError: Failed to fetch
=============================
====== JS ERROR CAUGHT ======
Unhandled Promise: TypeError: Failed to fetch
=============================
====== JS ERROR CAUGHT ======
Unhandled Promise: TypeError: Failed to fetch
=============================
====== JS ERROR CAUGHT ======
Unhandled Promise: TypeError: Failed to fetch
=============================
====== JS ERROR CAUGHT ======
Unhandled Promise: TypeError: Failed to fetch
=============================
====== JS ERROR CAUGHT ======
Unhandled Promise: TypeError: Failed to fetch
=============================
====== JS ERROR CAUGHT ======
Unhandled Promise: TypeError: Failed to fetch
=============================
====== JS ERROR CAUGHT ======
Unhandled Promise: TypeError: Failed to fetch
=============================
====== JS ERROR CAUGHT ======
Unhandled Promise: TypeError: Failed to fetch
=============================
====== JS ERROR CAUGHT ======
Unhandled Promise: TypeError: Failed to fetch
=============================
====== JS ERROR CAUGHT ======
Unhandled Promise: TypeError: Failed to fetch
=============================
====== JS ERROR CAUGHT ======
Unhandled Promise: TypeError: Failed to fetch
=============================
====== JS ERROR CAUGHT ======
Unhandled Promise: TypeError: Failed to fetch
=============================
====== JS ERROR CAUGHT ======
Unhandled Promise: TypeError: Failed to fetch
=============================
====== JS ERROR CAUGHT ======
Unhandled Promise: TypeError: Failed to fetch
=============================
====== JS ERROR CAUGHT ======
Unhandled Promise: TypeError: Failed to fetch
=============================
====== JS ERROR CAUGHT ======
Unhandled Promise: TypeError: Failed to fetch
=============================
====== JS ERROR CAUGHT ======
Unhandled Promise: TypeError: Failed to fetch
=============================
====== JS ERROR CAUGHT ======
Unhandled Promise: TypeError: Failed to fetch
=============================
====== JS ERROR CAUGHT ======
Unhandled Promise: TypeError: Failed to fetch
=============================
====== JS ERROR CAUGHT ======
Unhandled Promise: TypeError: Failed to fetch
=============================
====== JS ERROR CAUGHT ======
Unhandled Promise: TypeError: Failed to fetch
=============================
====== JS ERROR CAUGHT ======
Unhandled Promise: TypeError: Failed to fetch
=============================
====== JS ERROR CAUGHT ======
Unhandled Promise: TypeError: Failed to fetch
=============================
====== JS ERROR CAUGHT ======
Unhandled Promise: TypeError: Failed to fetch
=============================
====== JS ERROR CAUGHT ======
Unhandled Promise: TypeError: Failed to fetch
=============================
====== JS ERROR CAUGHT ======
Unhandled Promise: TypeError: Failed to fetch
=============================
====== JS ERROR CAUGHT ======
Unhandled Promise: TypeError: Failed to fetch
=============================
====== JS ERROR CAUGHT ======
Unhandled Promise: TypeError: Failed to fetch
=============================
====== JS ERROR CAUGHT ======
Unhandled Promise: TypeError: Failed to fetch
=============================
====== JS ERROR CAUGHT ======
Unhandled Promise: TypeError: Failed to fetch
=============================
====== JS ERROR CAUGHT ======
Unhandled Promise: TypeError: Failed to fetch
=============================
====== JS ERROR CAUGHT ======
Unhandled Promise: TypeError: Failed to fetch
=============================
====== JS ERROR CAUGHT ======
Unhandled Promise: TypeError: Failed to fetch
=============================
====== JS ERROR CAUGHT ======
Unhandled Promise: TypeError: Failed to fetch
=============================
====== JS ERROR CAUGHT ======
Unhandled Promise: TypeError: Failed to fetch
=============================
====== JS ERROR CAUGHT ======
Unhandled Promise: TypeError: Failed to fetch
=============================
====== JS ERROR CAUGHT ======
Unhandled Promise: TypeError: Failed to fetch
=============================
====== JS ERROR CAUGHT ======
Unhandled Promise: TypeError: Failed to fetch
=============================
====== JS ERROR CAUGHT ======
Unhandled Promise: TypeError: Failed to fetch
=============================
====== JS ERROR CAUGHT ======
Unhandled Promise: TypeError: Failed to fetch
=============================
====== JS ERROR CAUGHT ======
Unhandled Promise: TypeError: Failed to fetch
=============================
====== JS ERROR CAUGHT ======
Unhandled Promise: TypeError: Failed to fetch
=============================
====== JS ERROR CAUGHT ======
Unhandled Promise: TypeError: Failed to fetch
=============================
====== JS ERROR CAUGHT ======
Unhandled Promise: TypeError: Failed to fetch
=============================
====== JS ERROR CAUGHT ======
Unhandled Promise: TypeError: Failed to fetch
=============================
====== JS ERROR CAUGHT ======
Unhandled Promise: TypeError: Failed to fetch
=============================
====== JS ERROR CAUGHT ======
Unhandled Promise: TypeError: Failed to fetch
=============================
====== JS ERROR CAUGHT ======
Unhandled Promise: TypeError: Failed to fetch
=============================
====== JS ERROR CAUGHT ======
Unhandled Promise: TypeError: Failed to fetch
=============================
====== JS ERROR CAUGHT ======
Unhandled Promise: TypeError: Failed to fetch
=============================
====== JS ERROR CAUGHT ======
Unhandled Promise: TypeError: Failed to fetch
=============================
====== JS ERROR CAUGHT ======
Unhandled Promise: TypeError: Failed to fetch
=============================
====== JS ERROR CAUGHT ======
Unhandled Promise: TypeError: Failed to fetch
=============================
====== JS ERROR CAUGHT ======
Unhandled Promise: TypeError: Failed to fetch
=============================
====== JS ERROR CAUGHT ======
Unhandled Promise: TypeError: Failed to fetch
=============================
====== JS ERROR CAUGHT ======
Unhandled Promise: TypeError: Failed to fetch
=============================
====== JS ERROR CAUGHT ======
Unhandled Promise: TypeError: Failed to fetch
=============================
====== JS ERROR CAUGHT ======
Unhandled Promise: TypeError: Failed to fetch
=============================
====== JS ERROR CAUGHT ======
Unhandled Promise: TypeError: Failed to fetch
=============================
====== JS ERROR CAUGHT ======
Unhandled Promise: TypeError: Failed to fetch
=============================
====== JS ERROR CAUGHT ======
Unhandled Promise: TypeError: Failed to fetch
=============================
====== JS ERROR CAUGHT ======
Unhandled Promise: TypeError: Failed to fetch
=============================
====== JS ERROR CAUGHT ======
Unhandled Promise: TypeError: Failed to fetch
=============================
====== JS ERROR CAUGHT ======
Unhandled Promise: TypeError: Failed to fetch
=============================
====== JS ERROR CAUGHT ======
Unhandled Promise: TypeError: Failed to fetch
=============================
====== JS ERROR CAUGHT ======
Unhandled Promise: TypeError: Failed to fetch
=============================
====== JS ERROR CAUGHT ======
Unhandled Promise: TypeError: Failed to fetch
=============================
====== JS ERROR CAUGHT ======
Unhandled Promise: TypeError: Failed to fetch
=============================
====== JS ERROR CAUGHT ======
Unhandled Promise: TypeError: Failed to fetch
=============================
====== JS ERROR CAUGHT ======
Unhandled Promise: TypeError: Failed to fetch
=============================
====== JS ERROR CAUGHT ======
Unhandled Promise: TypeError: Failed to fetch
=============================
====== JS ERROR CAUGHT ======
Unhandled Promise: TypeError: Failed to fetch
=============================
====== JS ERROR CAUGHT ======
Unhandled Promise: TypeError: Failed to fetch
=============================
====== JS ERROR CAUGHT ======
Unhandled Promise: TypeError: Failed to fetch
=============================
====== JS ERROR CAUGHT ======
Unhandled Promise: TypeError: Failed to fetch
=============================
====== JS ERROR CAUGHT ======
Unhandled Promise: TypeError: Failed to fetch
=============================
====== JS ERROR CAUGHT ======
Unhandled Promise: TypeError: Failed to fetch
=============================
====== JS ERROR CAUGHT ======
Unhandled Promise: TypeError: Failed to fetch
=============================
====== JS ERROR CAUGHT ======
Unhandled Promise: TypeError: Failed to fetch
=============================
====== JS ERROR CAUGHT ======
Unhandled Promise: TypeError: Failed to fetch
=============================
====== JS ERROR CAUGHT ======
Unhandled Promise: TypeError: Failed to fetch
=============================
====== JS ERROR CAUGHT ======
Unhandled Promise: TypeError: Failed to fetch
=============================
====== JS ERROR CAUGHT ======
Unhandled Promise: TypeError: Failed to fetch
=============================
====== JS ERROR CAUGHT ======
Unhandled Promise: TypeError: Failed to fetch
=============================
====== JS ERROR CAUGHT ======
Unhandled Promise: TypeError: Failed to fetch
=============================
====== JS ERROR CAUGHT ======
Unhandled Promise: TypeError: Failed to fetch
=============================
====== JS ERROR CAUGHT ======
Unhandled Promise: TypeError: Failed to fetch
=============================
====== JS ERROR CAUGHT ======
Unhandled Promise: TypeError: Failed to fetch
=============================
====== JS ERROR CAUGHT ======
Unhandled Promise: TypeError: Failed to fetch
=============================
====== JS ERROR CAUGHT ======
Unhandled Promise: TypeError: Failed to fetch
=============================
====== JS ERROR CAUGHT ======
Unhandled Promise: TypeError: Failed to fetch
=============================
====== JS ERROR CAUGHT ======
Unhandled Promise: TypeError: Failed to fetch
=============================
====== JS ERROR CAUGHT ======
Unhandled Promise: TypeError: Failed to fetch
=============================
====== JS ERROR CAUGHT ======
Unhandled Promise: TypeError: Failed to fetch
=============================
====== JS ERROR CAUGHT ======
Unhandled Promise: TypeError: Failed to fetch
=============================
====== JS ERROR CAUGHT ======
Unhandled Promise: TypeError: Failed to fetch
=============================
====== JS ERROR CAUGHT ======
Unhandled Promise: TypeError: Failed to fetch
=============================
====== JS ERROR CAUGHT ======
Unhandled Promise: TypeError: Failed to fetch
=============================
====== JS ERROR CAUGHT ======
Unhandled Promise: TypeError: Failed to fetch
=============================
====== JS ERROR CAUGHT ======
Unhandled Promise: TypeError: Failed to fetch
=============================
====== JS ERROR CAUGHT ======
Unhandled Promise: TypeError: Failed to fetch
=============================
====== JS ERROR CAUGHT ======
Unhandled Promise: TypeError: Failed to fetch
=============================
====== JS ERROR CAUGHT ======
Unhandled Promise: TypeError: Failed to fetch
=============================
====== JS ERROR CAUGHT ======
Unhandled Promise: TypeError: Failed to fetch
=============================
====== JS ERROR CAUGHT ======
Unhandled Promise: TypeError: Failed to fetch
=============================
====== JS ERROR CAUGHT ======
Unhandled Promise: TypeError: Failed to fetch
=============================
====== JS ERROR CAUGHT ======
Unhandled Promise: TypeError: Failed to fetch
=============================
====== JS ERROR CAUGHT ======
Unhandled Promise: TypeError: Failed to fetch
=============================
====== JS ERROR CAUGHT ======
Unhandled Promise: TypeError: Failed to fetch
=============================
====== JS ERROR CAUGHT ======
Unhandled Promise: TypeError: Failed to fetch
=============================
====== JS ERROR CAUGHT ======
Unhandled Promise: TypeError: Failed to fetch
=============================
====== JS ERROR CAUGHT ======
Unhandled Promise: TypeError: Failed to fetch
=============================
====== JS ERROR CAUGHT ======
Unhandled Promise: TypeError: Failed to fetch
=============================
====== JS ERROR CAUGHT ======
Unhandled Promise: TypeError: Failed to fetch
=============================
====== JS ERROR CAUGHT ======
Unhandled Promise: TypeError: Failed to fetch
=============================
====== JS ERROR CAUGHT ======
Unhandled Promise: TypeError: Failed to fetch
=============================
====== JS ERROR CAUGHT ======
Unhandled Promise: TypeError: Failed to fetch
=============================
====== JS ERROR CAUGHT ======
Unhandled Promise: TypeError: Failed to fetch
=============================
====== JS ERROR CAUGHT ======
Unhandled Promise: TypeError: Failed to fetch
=============================
====== JS ERROR CAUGHT ======
Unhandled Promise: TypeError: Failed to fetch
=============================
====== JS ERROR CAUGHT ======
Unhandled Promise: TypeError: Failed to fetch
=============================
====== JS ERROR CAUGHT ======
Unhandled Promise: TypeError: Failed to fetch
=============================
====== JS ERROR CAUGHT ======
Unhandled Promise: TypeError: Failed to fetch
=============================
====== JS ERROR CAUGHT ======
Unhandled Promise: TypeError: Failed to fetch
=============================
====== JS ERROR CAUGHT ======
Unhandled Promise: TypeError: Failed to fetch
=============================
====== JS ERROR CAUGHT ======
Unhandled Promise: TypeError: Failed to fetch
=============================
====== JS ERROR CAUGHT ======
Unhandled Promise: TypeError: Failed to fetch
=============================
====== JS ERROR CAUGHT ======
Unhandled Promise: TypeError: Failed to fetch
=============================
====== JS ERROR CAUGHT ======
Unhandled Promise: TypeError: Failed to fetch
=============================
====== JS ERROR CAUGHT ======
Unhandled Promise: TypeError: Failed to fetch
=============================
====== JS ERROR CAUGHT ======
Unhandled Promise: TypeError: Failed to fetch
=============================
====== JS ERROR CAUGHT ======
Unhandled Promise: TypeError: Failed to fetch
=============================
====== JS ERROR CAUGHT ======
Unhandled Promise: TypeError: Failed to fetch
=============================
====== JS ERROR CAUGHT ======
Unhandled Promise: TypeError: Failed to fetch
=============================
====== JS ERROR CAUGHT ======
Unhandled Promise: TypeError: Failed to fetch
=============================
====== JS ERROR CAUGHT ======
Unhandled Promise: TypeError: Failed to fetch
=============================
====== JS ERROR CAUGHT ======
Unhandled Promise: TypeError: Failed to fetch
=============================
====== JS ERROR CAUGHT ======
Unhandled Promise: TypeError: Failed to fetch
=============================
====== JS ERROR CAUGHT ======
Unhandled Promise: TypeError: Failed to fetch
=============================
====== JS ERROR CAUGHT ======
Unhandled Promise: TypeError: Failed to fetch
=============================
====== JS ERROR CAUGHT ======
Unhandled Promise: TypeError: Failed to fetch
=============================
====== JS ERROR CAUGHT ======
Unhandled Promise: TypeError: Failed to fetch
=============================
====== JS ERROR CAUGHT ======
Unhandled Promise: TypeError: Failed to fetch
=============================
====== JS ERROR CAUGHT ======
Unhandled Promise: TypeError: Failed to fetch
=============================
====== JS ERROR CAUGHT ======
Unhandled Promise: TypeError: Failed to fetch
=============================
====== JS ERROR CAUGHT ======
Unhandled Promise: TypeError: Failed to fetch
=============================
====== JS ERROR CAUGHT ======
Unhandled Promise: TypeError: Failed to fetch
=============================
====== JS ERROR CAUGHT ======
Unhandled Promise: TypeError: Failed to fetch
=============================
====== JS ERROR CAUGHT ======
Unhandled Promise: TypeError: Failed to fetch
=============================
====== JS ERROR CAUGHT ======
Unhandled Promise: TypeError: Failed to fetch
=============================
====== JS ERROR CAUGHT ======
Unhandled Promise: TypeError: Failed to fetch
=============================
====== JS ERROR CAUGHT ======
Unhandled Promise: TypeError: Failed to fetch
=============================
====== JS ERROR CAUGHT ======
Unhandled Promise: TypeError: Failed to fetch
=============================
====== JS ERROR CAUGHT ======
Unhandled Promise: TypeError: Failed to fetch
=============================
====== JS ERROR CAUGHT ======
Unhandled Promise: TypeError: Failed to fetch
=============================
====== JS ERROR CAUGHT ======
Unhandled Promise: TypeError: Failed to fetch
=============================
====== JS ERROR CAUGHT ======
Unhandled Promise: TypeError: Failed to fetch
=============================
====== JS ERROR CAUGHT ======
Unhandled Promise: TypeError: Failed to fetch
=============================
====== JS ERROR CAUGHT ======
Unhandled Promise: TypeError: Failed to fetch
=============================
====== JS ERROR CAUGHT ======
Unhandled Promise: TypeError: Failed to fetch
=============================
====== JS ERROR CAUGHT ======
Unhandled Promise: TypeError: Failed to fetch
=============================
====== JS ERROR CAUGHT ======
Unhandled Promise: TypeError: Failed to fetch
=============================
====== JS ERROR CAUGHT ======
Unhandled Promise: TypeError: Failed to fetch
=============================
====== JS ERROR CAUGHT ======
Unhandled Promise: TypeError: Failed to fetch
=============================
====== JS ERROR CAUGHT ======
Unhandled Promise: TypeError: Failed to fetch
=============================
====== JS ERROR CAUGHT ======
Unhandled Promise: TypeError: Failed to fetch
=============================
====== JS ERROR CAUGHT ======
Unhandled Promise: TypeError: Failed to fetch
=============================
====== JS ERROR CAUGHT ======
Unhandled Promise: TypeError: Failed to fetch
=============================
====== JS ERROR CAUGHT ======
Unhandled Promise: TypeError: Failed to fetch
=============================
====== JS ERROR CAUGHT ======
Unhandled Promise: TypeError: Failed to fetch
=============================
====== JS ERROR CAUGHT ======
Unhandled Promise: TypeError: Failed to fetch
=============================
====== JS ERROR CAUGHT ======
Unhandled Promise: TypeError: Failed to fetch
=============================
====== JS ERROR CAUGHT ======
Unhandled Promise: TypeError: Failed to fetch
=============================
====== JS ERROR CAUGHT ======
Unhandled Promise: TypeError: Failed to fetch
=============================
====== JS ERROR CAUGHT ======
Unhandled Promise: TypeError: Failed to fetch
=============================
====== JS ERROR CAUGHT ======
Unhandled Promise: TypeError: Failed to fetch
=============================
====== JS ERROR CAUGHT ======
Unhandled Promise: TypeError: Failed to fetch
=============================
====== JS ERROR CAUGHT ======
Unhandled Promise: TypeError: Failed to fetch
=============================
====== JS ERROR CAUGHT ======
Unhandled Promise: TypeError: Failed to fetch
=============================
====== JS ERROR CAUGHT ======
Unhandled Promise: TypeError: Failed to fetch
=============================
====== JS ERROR CAUGHT ======
Unhandled Promise: TypeError: Failed to fetch
=============================
====== JS ERROR CAUGHT ======
Unhandled Promise: TypeError: Failed to fetch
=============================
====== JS ERROR CAUGHT ======
Unhandled Promise: TypeError: Failed to fetch
=============================
====== JS ERROR CAUGHT ======
Unhandled Promise: TypeError: Failed to fetch
=============================
====== JS ERROR CAUGHT ======
Unhandled Promise: TypeError: Failed to fetch
=============================
====== JS ERROR CAUGHT ======
Unhandled Promise: TypeError: Failed to fetch
=============================
====== JS ERROR CAUGHT ======
Unhandled Promise: TypeError: Failed to fetch
=============================
====== JS ERROR CAUGHT ======
Unhandled Promise: TypeError: Failed to fetch
=============================
====== JS ERROR CAUGHT ======
Unhandled Promise: TypeError: Failed to fetch
=============================
====== JS ERROR CAUGHT ======
Unhandled Promise: TypeError: Failed to fetch
=============================
====== JS ERROR CAUGHT ======
Unhandled Promise: TypeError: Failed to fetch
=============================
====== JS ERROR CAUGHT ======
Unhandled Promise: TypeError: Failed to fetch
=============================
====== JS ERROR CAUGHT ======
Unhandled Promise: TypeError: Failed to fetch
=============================
====== JS ERROR CAUGHT ======
Unhandled Promise: TypeError: Failed to fetch
=============================
====== JS ERROR CAUGHT ======
Unhandled Promise: TypeError: Failed to fetch
=============================
====== JS ERROR CAUGHT ======
Unhandled Promise: TypeError: Failed to fetch
=============================
====== JS ERROR CAUGHT ======
Unhandled Promise: TypeError: Failed to fetch
=============================
====== JS ERROR CAUGHT ======
Unhandled Promise: TypeError: Failed to fetch
=============================
====== JS ERROR CAUGHT ======
Unhandled Promise: TypeError: Failed to fetch
=============================
====== JS ERROR CAUGHT ======
Unhandled Promise: TypeError: Failed to fetch
=============================
====== JS ERROR CAUGHT ======
Unhandled Promise: TypeError: Failed to fetch
=============================
====== JS ERROR CAUGHT ======
Unhandled Promise: TypeError: Failed to fetch
=============================
====== JS ERROR CAUGHT ======
Unhandled Promise: TypeError: Failed to fetch
=============================
====== JS ERROR CAUGHT ======
Unhandled Promise: TypeError: Failed to fetch
=============================
====== JS ERROR CAUGHT ======
Unhandled Promise: TypeError: Failed to fetch
=============================
====== JS ERROR CAUGHT ======
Unhandled Promise: TypeError: Failed to fetch
=============================
====== JS ERROR CAUGHT ======
Unhandled Promise: TypeError: Failed to fetch
=============================
====== JS ERROR CAUGHT ======
Unhandled Promise: TypeError: Failed to fetch
=============================
====== JS ERROR CAUGHT ======
Unhandled Promise: TypeError: Failed to fetch
=============================
====== JS ERROR CAUGHT ======
Unhandled Promise: TypeError: Failed to fetch
=============================
====== JS ERROR CAUGHT ======
Unhandled Promise: TypeError: Failed to fetch
=============================
====== JS ERROR CAUGHT ======
Unhandled Promise: TypeError: Failed to fetch
=============================
====== JS ERROR CAUGHT ======
Unhandled Promise: TypeError: Failed to fetch
=============================
====== JS ERROR CAUGHT ======
Unhandled Promise: TypeError: Failed to fetch
=============================
====== JS ERROR CAUGHT ======
Unhandled Promise: TypeError: Failed to fetch
=============================
====== JS ERROR CAUGHT ======
Unhandled Promise: TypeError: Failed to fetch
=============================
====== JS ERROR CAUGHT ======
Unhandled Promise: TypeError: Failed to fetch
=============================
====== JS ERROR CAUGHT ======
Unhandled Promise: TypeError: Failed to fetch
=============================
====== JS ERROR CAUGHT ======
Unhandled Promise: TypeError: Failed to fetch
=============================
====== JS ERROR CAUGHT ======
Unhandled Promise: TypeError: Failed to fetch
=============================
====== JS ERROR CAUGHT ======
Unhandled Promise: TypeError: Failed to fetch
=============================
====== JS ERROR CAUGHT ======
Unhandled Promise: TypeError: Failed to fetch
=============================
====== JS ERROR CAUGHT ======
Unhandled Promise: TypeError: Failed to fetch
=============================
====== JS ERROR CAUGHT ======
Unhandled Promise: TypeError: Failed to fetch
=============================
====== JS ERROR CAUGHT ======
Unhandled Promise: TypeError: Failed to fetch
=============================
====== JS ERROR CAUGHT ======
Unhandled Promise: TypeError: Failed to fetch
=============================
====== JS ERROR CAUGHT ======
Unhandled Promise: TypeError: Failed to fetch
=============================
====== JS ERROR CAUGHT ======
Unhandled Promise: TypeError: Failed to fetch
=============================
====== JS ERROR CAUGHT ======
Unhandled Promise: TypeError: Failed to fetch
=============================
====== JS ERROR CAUGHT ======
Unhandled Promise: TypeError: Failed to fetch
=============================
====== JS ERROR CAUGHT ======
Unhandled Promise: TypeError: Failed to fetch
=============================
====== JS ERROR CAUGHT ======
Unhandled Promise: TypeError: Failed to fetch
=============================
====== JS ERROR CAUGHT ======
Unhandled Promise: TypeError: Failed to fetch
=============================
====== JS ERROR CAUGHT ======
Unhandled Promise: TypeError: Failed to fetch
=============================
====== JS ERROR CAUGHT ======
Unhandled Promise: TypeError: Failed to fetch
=============================
====== JS ERROR CAUGHT ======
Unhandled Promise: TypeError: Failed to fetch
=============================
====== JS ERROR CAUGHT ======
Unhandled Promise: TypeError: Failed to fetch
=============================
====== JS ERROR CAUGHT ======
Unhandled Promise: TypeError: Failed to fetch
=============================
====== JS ERROR CAUGHT ======
Unhandled Promise: TypeError: Failed to fetch
=============================
====== JS ERROR CAUGHT ======
Unhandled Promise: TypeError: Failed to fetch
=============================
====== JS ERROR CAUGHT ======
Unhandled Promise: TypeError: Failed to fetch
=============================
====== JS ERROR CAUGHT ======
Unhandled Promise: TypeError: Failed to fetch
=============================
====== JS ERROR CAUGHT ======
Unhandled Promise: TypeError: Failed to fetch
=============================
====== JS ERROR CAUGHT ======
Unhandled Promise: TypeError: Failed to fetch
=============================
====== JS ERROR CAUGHT ======
Unhandled Promise: TypeError: Failed to fetch
=============================
====== JS ERROR CAUGHT ======
Unhandled Promise: TypeError: Failed to fetch
=============================
====== JS ERROR CAUGHT ======
Unhandled Promise: TypeError: Failed to fetch
=============================
====== JS ERROR CAUGHT ======
Unhandled Promise: TypeError: Failed to fetch
=============================
====== JS ERROR CAUGHT ======
Unhandled Promise: TypeError: Failed to fetch
=============================
====== JS ERROR CAUGHT ======
Unhandled Promise: TypeError: Failed to fetch
=============================
====== JS ERROR CAUGHT ======
Unhandled Promise: TypeError: Failed to fetch
=============================
====== JS ERROR CAUGHT ======
Unhandled Promise: TypeError: Failed to fetch
=============================
====== JS ERROR CAUGHT ======
Unhandled Promise: TypeError: Failed to fetch
=============================
====== JS ERROR CAUGHT ======
Unhandled Promise: TypeError: Failed to fetch
=============================
====== JS ERROR CAUGHT ======
Unhandled Promise: TypeError: Failed to fetch
=============================
====== JS ERROR CAUGHT ======
Unhandled Promise: TypeError: Failed to fetch
=============================
====== JS ERROR CAUGHT ======
Unhandled Promise: TypeError: Failed to fetch
=============================
====== JS ERROR CAUGHT ======
Unhandled Promise: TypeError: Failed to fetch
=============================
====== JS ERROR CAUGHT ======
Unhandled Promise: TypeError: Failed to fetch
=============================
====== JS ERROR CAUGHT ======
Unhandled Promise: TypeError: Failed to fetch
=============================
====== JS ERROR CAUGHT ======
Unhandled Promise: TypeError: Failed to fetch
=============================
====== JS ERROR CAUGHT ======
Unhandled Promise: TypeError: Failed to fetch
=============================
====== JS ERROR CAUGHT ======
Unhandled Promise: TypeError: Failed to fetch
=============================
====== JS ERROR CAUGHT ======
Unhandled Promise: TypeError: Failed to fetch
=============================
====== JS ERROR CAUGHT ======
Unhandled Promise: TypeError: Failed to fetch
=============================
====== JS ERROR CAUGHT ======
Unhandled Promise: TypeError: Failed to fetch
=============================
====== JS ERROR CAUGHT ======
Unhandled Promise: TypeError: Failed to fetch
=============================
====== JS ERROR CAUGHT ======
Unhandled Promise: TypeError: Failed to fetch
=============================
====== JS ERROR CAUGHT ======
Unhandled Promise: TypeError: Failed to fetch
=============================
====== JS ERROR CAUGHT ======
Unhandled Promise: TypeError: Failed to fetch
=============================
====== JS ERROR CAUGHT ======
Unhandled Promise: TypeError: Failed to fetch
=============================
====== JS ERROR CAUGHT ======
Unhandled Promise: TypeError: Failed to fetch
=============================
====== JS ERROR CAUGHT ======
Unhandled Promise: TypeError: Failed to fetch
=============================
====== JS ERROR CAUGHT ======
Unhandled Promise: TypeError: Failed to fetch
=============================
====== JS ERROR CAUGHT ======
Unhandled Promise: TypeError: Failed to fetch
=============================
====== JS ERROR CAUGHT ======
Unhandled Promise: TypeError: Failed to fetch
=============================
====== JS ERROR CAUGHT ======
Unhandled Promise: TypeError: Failed to fetch
=============================
====== JS ERROR CAUGHT ======
Unhandled Promise: TypeError: Failed to fetch
=============================
====== JS ERROR CAUGHT ======
Unhandled Promise: TypeError: Failed to fetch
=============================
====== JS ERROR CAUGHT ======
Unhandled Promise: TypeError: Failed to fetch
=============================
====== JS ERROR CAUGHT ======
Unhandled Promise: TypeError: Failed to fetch
=============================
====== JS ERROR CAUGHT ======
Unhandled Promise: TypeError: Failed to fetch
=============================
====== JS ERROR CAUGHT ======
Unhandled Promise: TypeError: Failed to fetch
=============================
====== JS ERROR CAUGHT ======
Unhandled Promise: TypeError: Failed to fetch
=============================
====== JS ERROR CAUGHT ======
Unhandled Promise: TypeError: Failed to fetch
=============================
====== JS ERROR CAUGHT ======
Unhandled Promise: TypeError: Failed to fetch
=============================
====== JS ERROR CAUGHT ======
Unhandled Promise: TypeError: Failed to fetch
=============================
====== JS ERROR CAUGHT ======
Unhandled Promise: TypeError: Failed to fetch
=============================
====== JS ERROR CAUGHT ======
Unhandled Promise: TypeError: Failed to fetch
=============================
====== JS ERROR CAUGHT ======
Unhandled Promise: TypeError: Failed to fetch
=============================
====== JS ERROR CAUGHT ======
Unhandled Promise: TypeError: Failed to fetch
=============================
====== JS ERROR CAUGHT ======
Unhandled Promise: TypeError: Failed to fetch
=============================
====== JS ERROR CAUGHT ======
Unhandled Promise: TypeError: Failed to fetch
=============================
====== JS ERROR CAUGHT ======
Unhandled Promise: TypeError: Failed to fetch
=============================
====== JS ERROR CAUGHT ======
Unhandled Promise: TypeError: Failed to fetch
=============================
====== JS ERROR CAUGHT ======
Unhandled Promise: TypeError: Failed to fetch
=============================
====== JS ERROR CAUGHT ======
Unhandled Promise: TypeError: Failed to fetch
=============================
====== JS ERROR CAUGHT ======
Unhandled Promise: TypeError: Failed to fetch
=============================
====== JS ERROR CAUGHT ======
Unhandled Promise: TypeError: Failed to fetch
=============================
====== JS ERROR CAUGHT ======
Unhandled Promise: TypeError: Failed to fetch
=============================
====== JS ERROR CAUGHT ======
Unhandled Promise: TypeError: Failed to fetch
=============================
====== JS ERROR CAUGHT ======
Unhandled Promise: TypeError: Failed to fetch
=============================
====== JS ERROR CAUGHT ======
Unhandled Promise: TypeError: Failed to fetch
=============================
====== JS ERROR CAUGHT ======
Unhandled Promise: TypeError: Failed to fetch
=============================
====== JS ERROR CAUGHT ======
Unhandled Promise: TypeError: Failed to fetch
=============================
====== JS ERROR CAUGHT ======
Unhandled Promise: TypeError: Failed to fetch
=============================
====== JS ERROR CAUGHT ======
Unhandled Promise: TypeError: Failed to fetch
=============================
====== JS ERROR CAUGHT ======
Unhandled Promise: TypeError: Failed to fetch
=============================
====== JS ERROR CAUGHT ======
Unhandled Promise: TypeError: Failed to fetch
=============================
====== JS ERROR CAUGHT ======
Unhandled Promise: TypeError: Failed to fetch
=============================
====== JS ERROR CAUGHT ======
Unhandled Promise: TypeError: Failed to fetch
=============================
====== JS ERROR CAUGHT ======
Unhandled Promise: TypeError: Failed to fetch
=============================
====== JS ERROR CAUGHT ======
Unhandled Promise: TypeError: Failed to fetch
=============================
====== JS ERROR CAUGHT ======
Unhandled Promise: TypeError: Failed to fetch
=============================
====== JS ERROR CAUGHT ======
Unhandled Promise: TypeError: Failed to fetch
=============================
====== JS ERROR CAUGHT ======
Unhandled Promise: TypeError: Failed to fetch
=============================
====== JS ERROR CAUGHT ======
Unhandled Promise: TypeError: Failed to fetch
=============================
====== JS ERROR CAUGHT ======
Unhandled Promise: TypeError: Failed to fetch
=============================
====== JS ERROR CAUGHT ======
Unhandled Promise: TypeError: Failed to fetch
=============================
====== JS ERROR CAUGHT ======
Unhandled Promise: TypeError: Failed to fetch
=============================
====== JS ERROR CAUGHT ======
Unhandled Promise: TypeError: Failed to fetch
=============================
====== JS ERROR CAUGHT ======
Unhandled Promise: TypeError: Failed to fetch
=============================
====== JS ERROR CAUGHT ======
Unhandled Promise: TypeError: Failed to fetch
=============================
====== JS ERROR CAUGHT ======
Unhandled Promise: TypeError: Failed to fetch
=============================
====== JS ERROR CAUGHT ======
Unhandled Promise: TypeError: Failed to fetch
=============================
====== JS ERROR CAUGHT ======
Unhandled Promise: TypeError: Failed to fetch
=============================
====== JS ERROR CAUGHT ======
Unhandled Promise: TypeError: Failed to fetch
=============================
====== JS ERROR CAUGHT ======
Unhandled Promise: TypeError: Failed to fetch
=============================
====== JS ERROR CAUGHT ======
Unhandled Promise: TypeError: Failed to fetch
=============================
====== JS ERROR CAUGHT ======
Unhandled Promise: TypeError: Failed to fetch
=============================
====== JS ERROR CAUGHT ======
Unhandled Promise: TypeError: Failed to fetch
=============================
====== JS ERROR CAUGHT ======
Unhandled Promise: TypeError: Failed to fetch
=============================
====== JS ERROR CAUGHT ======
Unhandled Promise: TypeError: Failed to fetch
=============================
====== JS ERROR CAUGHT ======
Unhandled Promise: TypeError: Failed to fetch
=============================
====== JS ERROR CAUGHT ======
Unhandled Promise: TypeError: Failed to fetch
=============================
====== JS ERROR CAUGHT ======
Unhandled Promise: TypeError: Failed to fetch
=============================
====== JS ERROR CAUGHT ======
Unhandled Promise: TypeError: Failed to fetch
=============================
====== JS ERROR CAUGHT ======
Unhandled Promise: TypeError: Failed to fetch
=============================
====== JS ERROR CAUGHT ======
Unhandled Promise: TypeError: Failed to fetch
=============================
====== JS ERROR CAUGHT ======
Unhandled Promise: TypeError: Failed to fetch
=============================
====== JS ERROR CAUGHT ======
Unhandled Promise: TypeError: Failed to fetch
=============================
====== JS ERROR CAUGHT ======
Unhandled Promise: TypeError: Failed to fetch
=============================
====== JS ERROR CAUGHT ======
Unhandled Promise: TypeError: Failed to fetch
=============================
====== JS ERROR CAUGHT ======
Unhandled Promise: TypeError: Failed to fetch
=============================
====== JS ERROR CAUGHT ======
Unhandled Promise: TypeError: Failed to fetch
=============================
====== JS ERROR CAUGHT ======
Unhandled Promise: TypeError: Failed to fetch
=============================
====== JS ERROR CAUGHT ======
Unhandled Promise: TypeError: Failed to fetch
=============================
====== JS ERROR CAUGHT ======
Unhandled Promise: TypeError: Failed to fetch
=============================
====== JS ERROR CAUGHT ======
Unhandled Promise: TypeError: Failed to fetch
=============================
====== JS ERROR CAUGHT ======
Unhandled Promise: TypeError: Failed to fetch
=============================
====== JS ERROR CAUGHT ======
Unhandled Promise: TypeError: Failed to fetch
=============================
====== JS ERROR CAUGHT ======
Unhandled Promise: TypeError: Failed to fetch
=============================
====== JS ERROR CAUGHT ======
Unhandled Promise: TypeError: Failed to fetch
=============================
====== JS ERROR CAUGHT ======
Unhandled Promise: TypeError: Failed to fetch
=============================
====== JS ERROR CAUGHT ======
Unhandled Promise: TypeError: Failed to fetch
=============================
====== JS ERROR CAUGHT ======
Unhandled Promise: TypeError: Failed to fetch
=============================
====== JS ERROR CAUGHT ======
Unhandled Promise: TypeError: Failed to fetch
=============================
====== JS ERROR CAUGHT ======
Unhandled Promise: TypeError: Failed to fetch
=============================
====== JS ERROR CAUGHT ======
Unhandled Promise: TypeError: Failed to fetch
=============================
====== JS ERROR CAUGHT ======
Unhandled Promise: TypeError: Failed to fetch
=============================
====== JS ERROR CAUGHT ======
Unhandled Promise: TypeError: Failed to fetch
=============================
====== JS ERROR CAUGHT ======
Unhandled Promise: TypeError: Failed to fetch
=============================
====== JS ERROR CAUGHT ======
Unhandled Promise: TypeError: Failed to fetch
=============================
====== JS ERROR CAUGHT ======
Unhandled Promise: TypeError: Failed to fetch
=============================
====== JS ERROR CAUGHT ======
Unhandled Promise: TypeError: Failed to fetch
=============================
====== JS ERROR CAUGHT ======
Unhandled Promise: TypeError: Failed to fetch
=============================
====== JS ERROR CAUGHT ======
Unhandled Promise: TypeError: Failed to fetch
=============================
====== JS ERROR CAUGHT ======
Unhandled Promise: TypeError: Failed to fetch
=============================
====== JS ERROR CAUGHT ======
Unhandled Promise: TypeError: Failed to fetch
=============================
====== JS ERROR CAUGHT ======
Unhandled Promise: TypeError: Failed to fetch
=============================
====== JS ERROR CAUGHT ======
Unhandled Promise: TypeError: Failed to fetch
=============================
====== JS ERROR CAUGHT ======
Unhandled Promise: TypeError: Failed to fetch
=============================
====== JS ERROR CAUGHT ======
Unhandled Promise: TypeError: Failed to fetch
=============================
====== JS ERROR CAUGHT ======
Unhandled Promise: TypeError: Failed to fetch
=============================
====== JS ERROR CAUGHT ======
Unhandled Promise: TypeError: Failed to fetch
=============================
====== JS ERROR CAUGHT ======
Unhandled Promise: TypeError: Failed to fetch
=============================
====== JS ERROR CAUGHT ======
Unhandled Promise: TypeError: Failed to fetch
=============================
====== JS ERROR CAUGHT ======
Unhandled Promise: TypeError: Failed to fetch
=============================
====== JS ERROR CAUGHT ======
Unhandled Promise: TypeError: Failed to fetch
=============================
====== JS ERROR CAUGHT ======
Unhandled Promise: TypeError: Failed to fetch
=============================
====== JS ERROR CAUGHT ======
Unhandled Promise: TypeError: Failed to fetch
=============================
====== JS ERROR CAUGHT ======
Unhandled Promise: TypeError: Failed to fetch
=============================
====== JS ERROR CAUGHT ======
Unhandled Promise: TypeError: Failed to fetch
=============================
====== JS ERROR CAUGHT ======
Unhandled Promise: TypeError: Failed to fetch
=============================
====== JS ERROR CAUGHT ======
Unhandled Promise: TypeError: Failed to fetch
=============================
====== JS ERROR CAUGHT ======
Unhandled Promise: TypeError: Failed to fetch
=============================
====== JS ERROR CAUGHT ======
Unhandled Promise: TypeError: Failed to fetch
=============================
====== JS ERROR CAUGHT ======
Unhandled Promise: TypeError: Failed to fetch
=============================
====== JS ERROR CAUGHT ======
Unhandled Promise: TypeError: Failed to fetch
=============================
====== JS ERROR CAUGHT ======
Unhandled Promise: TypeError: Failed to fetch
=============================
====== JS ERROR CAUGHT ======
Unhandled Promise: TypeError: Failed to fetch
=============================
====== JS ERROR CAUGHT ======
Unhandled Promise: TypeError: Failed to fetch
=============================
====== JS ERROR CAUGHT ======
Unhandled Promise: TypeError: Failed to fetch
=============================
====== JS ERROR CAUGHT ======
Unhandled Promise: TypeError: Failed to fetch
=============================
====== JS ERROR CAUGHT ======
Unhandled Promise: TypeError: Failed to fetch
=============================
====== JS ERROR CAUGHT ======
Unhandled Promise: TypeError: Failed to fetch
=============================
====== JS ERROR CAUGHT ======
Unhandled Promise: TypeError: Failed to fetch
=============================
====== JS ERROR CAUGHT ======
Unhandled Promise: TypeError: Failed to fetch
=============================
====== JS ERROR CAUGHT ======
Unhandled Promise: TypeError: Failed to fetch
=============================
====== JS ERROR CAUGHT ======
Unhandled Promise: TypeError: Failed to fetch
=============================
====== JS ERROR CAUGHT ======
Unhandled Promise: TypeError: Failed to fetch
=============================
====== JS ERROR CAUGHT ======
Unhandled Promise: TypeError: Failed to fetch
=============================
====== JS ERROR CAUGHT ======
Unhandled Promise: TypeError: Failed to fetch
=============================
====== JS ERROR CAUGHT ======
Unhandled Promise: TypeError: Failed to fetch
=============================
====== JS ERROR CAUGHT ======
Unhandled Promise: TypeError: Failed to fetch
=============================
====== JS ERROR CAUGHT ======
Unhandled Promise: TypeError: Failed to fetch
=============================
====== JS ERROR CAUGHT ======
Unhandled Promise: TypeError: Failed to fetch
=============================
====== JS ERROR CAUGHT ======
Unhandled Promise: TypeError: Failed to fetch
=============================
====== JS ERROR CAUGHT ======
Unhandled Promise: TypeError: Failed to fetch
=============================
====== JS ERROR CAUGHT ======
Unhandled Promise: TypeError: Failed to fetch
=============================
====== JS ERROR CAUGHT ======
Unhandled Promise: TypeError: Failed to fetch
=============================
====== JS ERROR CAUGHT ======
Unhandled Promise: TypeError: Failed to fetch
=============================
====== JS ERROR CAUGHT ======
Unhandled Promise: TypeError: Failed to fetch
=============================
====== JS ERROR CAUGHT ======
Unhandled Promise: TypeError: Failed to fetch
=============================
====== JS ERROR CAUGHT ======
Unhandled Promise: TypeError: Failed to fetch
=============================
====== JS ERROR CAUGHT ======
Unhandled Promise: TypeError: Failed to fetch
=============================
====== JS ERROR CAUGHT ======
Unhandled Promise: TypeError: Failed to fetch
=============================
====== JS ERROR CAUGHT ======
Unhandled Promise: TypeError: Failed to fetch
=============================
====== JS ERROR CAUGHT ======
Unhandled Promise: TypeError: Failed to fetch
=============================
====== JS ERROR CAUGHT ======
Unhandled Promise: TypeError: Failed to fetch
=============================
====== JS ERROR CAUGHT ======
Unhandled Promise: TypeError: Failed to fetch
=============================
====== JS ERROR CAUGHT ======
Unhandled Promise: TypeError: Failed to fetch
=============================
====== JS ERROR CAUGHT ======
Unhandled Promise: TypeError: Failed to fetch
=============================
====== JS ERROR CAUGHT ======
Unhandled Promise: TypeError: Failed to fetch
=============================
====== JS ERROR CAUGHT ======
Unhandled Promise: TypeError: Failed to fetch
=============================
====== JS ERROR CAUGHT ======
Unhandled Promise: TypeError: Failed to fetch
=============================
====== JS ERROR CAUGHT ======
Unhandled Promise: TypeError: Failed to fetch
=============================
====== JS ERROR CAUGHT ======
Unhandled Promise: TypeError: Failed to fetch
=============================
====== JS ERROR CAUGHT ======
Unhandled Promise: TypeError: Failed to fetch
=============================
====== JS ERROR CAUGHT ======
Unhandled Promise: TypeError: Failed to fetch
=============================
====== JS ERROR CAUGHT ======
Unhandled Promise: TypeError: Failed to fetch
=============================
====== JS ERROR CAUGHT ======
Unhandled Promise: TypeError: Failed to fetch
=============================
====== JS ERROR CAUGHT ======
Unhandled Promise: TypeError: Failed to fetch
=============================
====== JS ERROR CAUGHT ======
Unhandled Promise: TypeError: Failed to fetch
=============================
====== JS ERROR CAUGHT ======
Unhandled Promise: TypeError: Failed to fetch
=============================
====== JS ERROR CAUGHT ======
Unhandled Promise: TypeError: Failed to fetch
=============================
====== JS ERROR CAUGHT ======
Unhandled Promise: TypeError: Failed to fetch
=============================
====== JS ERROR CAUGHT ======
Unhandled Promise: TypeError: Failed to fetch
=============================
====== JS ERROR CAUGHT ======
Unhandled Promise: TypeError: Failed to fetch
=============================
====== JS ERROR CAUGHT ======
Unhandled Promise: TypeError: Failed to fetch
=============================
====== JS ERROR CAUGHT ======
Unhandled Promise: TypeError: Failed to fetch
=============================
====== JS ERROR CAUGHT ======
Unhandled Promise: TypeError: Failed to fetch
=============================
====== JS ERROR CAUGHT ======
Unhandled Promise: TypeError: Failed to fetch
=============================
====== JS ERROR CAUGHT ======
Unhandled Promise: TypeError: Failed to fetch
=============================
====== JS ERROR CAUGHT ======
Unhandled Promise: TypeError: Failed to fetch
=============================
====== JS ERROR CAUGHT ======
Unhandled Promise: TypeError: Failed to fetch
=============================
====== JS ERROR CAUGHT ======
Unhandled Promise: TypeError: Failed to fetch
=============================
====== JS ERROR CAUGHT ======
Unhandled Promise: TypeError: Failed to fetch
=============================
====== JS ERROR CAUGHT ======
Unhandled Promise: TypeError: Failed to fetch
=============================
====== JS ERROR CAUGHT ======
Unhandled Promise: TypeError: Failed to fetch
=============================
====== JS ERROR CAUGHT ======
Unhandled Promise: TypeError: Failed to fetch
=============================
====== JS ERROR CAUGHT ======
Unhandled Promise: TypeError: Failed to fetch
=============================
====== JS ERROR CAUGHT ======
Unhandled Promise: TypeError: Failed to fetch
=============================
====== JS ERROR CAUGHT ======
Unhandled Promise: TypeError: Failed to fetch
=============================
====== JS ERROR CAUGHT ======
Unhandled Promise: TypeError: Failed to fetch
=============================
====== JS ERROR CAUGHT ======
Unhandled Promise: TypeError: Failed to fetch
=============================
====== JS ERROR CAUGHT ======
Unhandled Promise: TypeError: Failed to fetch
=============================
====== JS ERROR CAUGHT ======
Unhandled Promise: TypeError: Failed to fetch
=============================
====== JS ERROR CAUGHT ======
Unhandled Promise: TypeError: Failed to fetch
=============================
====== JS ERROR CAUGHT ======
Unhandled Promise: TypeError: Failed to fetch
=============================
====== JS ERROR CAUGHT ======
Unhandled Promise: TypeError: Failed to fetch
=============================
====== JS ERROR CAUGHT ======
Unhandled Promise: TypeError: Failed to fetch
=============================
====== JS ERROR CAUGHT ======
Unhandled Promise: TypeError: Failed to fetch
=============================
====== JS ERROR CAUGHT ======
Unhandled Promise: TypeError: Failed to fetch
=============================
====== JS ERROR CAUGHT ======
Unhandled Promise: TypeError: Failed to fetch
=============================
====== JS ERROR CAUGHT ======
Unhandled Promise: TypeError: Failed to fetch
=============================
====== JS ERROR CAUGHT ======
Unhandled Promise: TypeError: Failed to fetch
=============================
====== JS ERROR CAUGHT ======
Unhandled Promise: TypeError: Failed to fetch
=============================
====== JS ERROR CAUGHT ======
Unhandled Promise: TypeError: Failed to fetch
=============================
====== JS ERROR CAUGHT ======
Unhandled Promise: TypeError: Failed to fetch
=============================
====== JS ERROR CAUGHT ======
Unhandled Promise: TypeError: Failed to fetch
=============================
====== JS ERROR CAUGHT ======
Unhandled Promise: TypeError: Failed to fetch
=============================
====== JS ERROR CAUGHT ======
Unhandled Promise: TypeError: Failed to fetch
=============================
====== JS ERROR CAUGHT ======
Unhandled Promise: TypeError: Failed to fetch
=============================
====== JS ERROR CAUGHT ======
Unhandled Promise: TypeError: Failed to fetch
=============================
====== JS ERROR CAUGHT ======
Unhandled Promise: TypeError: Failed to fetch
=============================
====== JS ERROR CAUGHT ======
Unhandled Promise: TypeError: Failed to fetch
=============================
====== JS ERROR CAUGHT ======
Unhandled Promise: TypeError: Failed to fetch
=============================
====== JS ERROR CAUGHT ======
Unhandled Promise: TypeError: Failed to fetch
=============================
====== JS ERROR CAUGHT ======
Unhandled Promise: TypeError: Failed to fetch
=============================
====== JS ERROR CAUGHT ======
Unhandled Promise: TypeError: Failed to fetch
=============================
====== JS ERROR CAUGHT ======
Unhandled Promise: TypeError: Failed to fetch
=============================
====== JS ERROR CAUGHT ======
Unhandled Promise: TypeError: Failed to fetch
=============================
====== JS ERROR CAUGHT ======
Unhandled Promise: TypeError: Failed to fetch
=============================
====== JS ERROR CAUGHT ======
Unhandled Promise: TypeError: Failed to fetch
=============================
====== JS ERROR CAUGHT ======
Unhandled Promise: TypeError: Failed to fetch
=============================
====== JS ERROR CAUGHT ======
Unhandled Promise: TypeError: Failed to fetch
=============================
====== JS ERROR CAUGHT ======
Unhandled Promise: TypeError: Failed to fetch
=============================
====== JS ERROR CAUGHT ======
Unhandled Promise: TypeError: Failed to fetch
=============================
====== JS ERROR CAUGHT ======
Unhandled Promise: TypeError: Failed to fetch
=============================
====== JS ERROR CAUGHT ======
Unhandled Promise: TypeError: Failed to fetch
=============================
====== JS ERROR CAUGHT ======
Unhandled Promise: TypeError: Failed to fetch
=============================
====== JS ERROR CAUGHT ======
Unhandled Promise: TypeError: Failed to fetch
=============================
====== JS ERROR CAUGHT ======
Unhandled Promise: TypeError: Failed to fetch
=============================
====== JS ERROR CAUGHT ======
Unhandled Promise: TypeError: Failed to fetch
=============================
====== JS ERROR CAUGHT ======
Unhandled Promise: TypeError: Failed to fetch
=============================
====== JS ERROR CAUGHT ======
Unhandled Promise: TypeError: Failed to fetch
=============================
====== JS ERROR CAUGHT ======
Unhandled Promise: TypeError: Failed to fetch
=============================
====== JS ERROR CAUGHT ======
Unhandled Promise: TypeError: Failed to fetch
=============================
====== JS ERROR CAUGHT ======
Unhandled Promise: TypeError: Failed to fetch
=============================
====== JS ERROR CAUGHT ======
Unhandled Promise: TypeError: Failed to fetch
=============================
====== JS ERROR CAUGHT ======
Unhandled Promise: TypeError: Failed to fetch
=============================
====== JS ERROR CAUGHT ======
Unhandled Promise: TypeError: Failed to fetch
=============================
====== JS ERROR CAUGHT ======
Unhandled Promise: TypeError: Failed to fetch
=============================
====== JS ERROR CAUGHT ======
Unhandled Promise: TypeError: Failed to fetch
=============================
====== JS ERROR CAUGHT ======
Unhandled Promise: TypeError: Failed to fetch
=============================
====== JS ERROR CAUGHT ======
Unhandled Promise: TypeError: Failed to fetch
=============================
====== JS ERROR CAUGHT ======
Unhandled Promise: TypeError: Failed to fetch
=============================
====== JS ERROR CAUGHT ======
Unhandled Promise: TypeError: Failed to fetch
=============================
====== JS ERROR CAUGHT ======
Unhandled Promise: TypeError: Failed to fetch
=============================
====== JS ERROR CAUGHT ======
Unhandled Promise: TypeError: Failed to fetch
=============================
====== JS ERROR CAUGHT ======
Unhandled Promise: TypeError: Failed to fetch
=============================
====== JS ERROR CAUGHT ======
Unhandled Promise: TypeError: Failed to fetch
=============================
====== JS ERROR CAUGHT ======
Unhandled Promise: TypeError: Failed to fetch
=============================
====== JS ERROR CAUGHT ======
Unhandled Promise: TypeError: Failed to fetch
=============================
====== JS ERROR CAUGHT ======
Unhandled Promise: TypeError: Failed to fetch
=============================
====== JS ERROR CAUGHT ======
Unhandled Promise: TypeError: Failed to fetch
=============================
====== JS ERROR CAUGHT ======
Unhandled Promise: TypeError: Failed to fetch
=============================
====== JS ERROR CAUGHT ======
Unhandled Promise: TypeError: Failed to fetch
=============================
====== JS ERROR CAUGHT ======
Unhandled Promise: TypeError: Failed to fetch
=============================
====== JS ERROR CAUGHT ======
Unhandled Promise: TypeError: Failed to fetch
=============================
====== JS ERROR CAUGHT ======
Unhandled Promise: TypeError: Failed to fetch
=============================
====== JS ERROR CAUGHT ======
Unhandled Promise: TypeError: Failed to fetch
=============================
====== JS ERROR CAUGHT ======
Unhandled Promise: TypeError: Failed to fetch
=============================
====== JS ERROR CAUGHT ======
Unhandled Promise: TypeError: Failed to fetch
=============================
====== JS ERROR CAUGHT ======
Unhandled Promise: TypeError: Failed to fetch
=============================
====== JS ERROR CAUGHT ======
Unhandled Promise: TypeError: Failed to fetch
=============================
====== JS ERROR CAUGHT ======
Unhandled Promise: TypeError: Failed to fetch
=============================
====== JS ERROR CAUGHT ======
Unhandled Promise: TypeError: Failed to fetch
=============================
====== JS ERROR CAUGHT ======
Unhandled Promise: TypeError: Failed to fetch
=============================
====== JS ERROR CAUGHT ======
Unhandled Promise: TypeError: Failed to fetch
=============================
====== JS ERROR CAUGHT ======
Unhandled Promise: TypeError: Failed to fetch
=============================
====== JS ERROR CAUGHT ======
Unhandled Promise: TypeError: Failed to fetch
=============================
====== JS ERROR CAUGHT ======
Unhandled Promise: TypeError: Failed to fetch
=============================
====== JS ERROR CAUGHT ======
Unhandled Promise: TypeError: Failed to fetch
=============================
====== JS ERROR CAUGHT ======
Unhandled Promise: TypeError: Failed to fetch
=============================
====== JS ERROR CAUGHT ======
Unhandled Promise: TypeError: Failed to fetch
=============================
====== JS ERROR CAUGHT ======
Unhandled Promise: TypeError: Failed to fetch
=============================
====== JS ERROR CAUGHT ======
Unhandled Promise: TypeError: Failed to fetch
=============================
====== JS ERROR CAUGHT ======
Unhandled Promise: TypeError: Failed to fetch
=============================
====== JS ERROR CAUGHT ======
Unhandled Promise: TypeError: Failed to fetch
=============================
====== JS ERROR CAUGHT ======
Unhandled Promise: TypeError: Failed to fetch
=============================
====== JS ERROR CAUGHT ======
Unhandled Promise: TypeError: Failed to fetch
=============================
====== JS ERROR CAUGHT ======
Unhandled Promise: TypeError: Failed to fetch
=============================
====== JS ERROR CAUGHT ======
Unhandled Promise: TypeError: Failed to fetch
=============================
====== JS ERROR CAUGHT ======
Unhandled Promise: TypeError: Failed to fetch
=============================
====== JS ERROR CAUGHT ======
Unhandled Promise: TypeError: Failed to fetch
=============================
====== JS ERROR CAUGHT ======
Unhandled Promise: TypeError: Failed to fetch
=============================
====== JS ERROR CAUGHT ======
Unhandled Promise: TypeError: Failed to fetch
=============================
====== JS ERROR CAUGHT ======
Unhandled Promise: TypeError: Failed to fetch
=============================
====== JS ERROR CAUGHT ======
Unhandled Promise: TypeError: Failed to fetch
=============================
====== JS ERROR CAUGHT ======
Unhandled Promise: TypeError: Failed to fetch
=============================
====== JS ERROR CAUGHT ======
Unhandled Promise: TypeError: Failed to fetch
=============================
====== JS ERROR CAUGHT ======
Unhandled Promise: TypeError: Failed to fetch
=============================
====== JS ERROR CAUGHT ======
Unhandled Promise: TypeError: Failed to fetch
=============================
====== JS ERROR CAUGHT ======
Unhandled Promise: TypeError: Failed to fetch
=============================
====== JS ERROR CAUGHT ======
Unhandled Promise: TypeError: Failed to fetch
=============================
====== JS ERROR CAUGHT ======
Unhandled Promise: TypeError: Failed to fetch
=============================
====== JS ERROR CAUGHT ======
Unhandled Promise: TypeError: Failed to fetch
=============================
====== JS ERROR CAUGHT ======
Unhandled Promise: TypeError: Failed to fetch
=============================
====== JS ERROR CAUGHT ======
Unhandled Promise: TypeError: Failed to fetch
=============================
====== JS ERROR CAUGHT ======
Unhandled Promise: TypeError: Failed to fetch
=============================
====== JS ERROR CAUGHT ======
Unhandled Promise: TypeError: Failed to fetch
=============================
====== JS ERROR CAUGHT ======
Unhandled Promise: TypeError: Failed to fetch
=============================
====== JS ERROR CAUGHT ======
Unhandled Promise: TypeError: Failed to fetch
=============================
====== JS ERROR CAUGHT ======
Unhandled Promise: TypeError: Failed to fetch
=============================
====== JS ERROR CAUGHT ======
Unhandled Promise: TypeError: Failed to fetch
=============================
====== JS ERROR CAUGHT ======
Unhandled Promise: TypeError: Failed to fetch
=============================
====== JS ERROR CAUGHT ======
Unhandled Promise: TypeError: Failed to fetch
=============================
====== JS ERROR CAUGHT ======
Unhandled Promise: TypeError: Failed to fetch
=============================
====== JS ERROR CAUGHT ======
Unhandled Promise: TypeError: Failed to fetch
=============================
====== JS ERROR CAUGHT ======
Unhandled Promise: TypeError: Failed to fetch
=============================
====== JS ERROR CAUGHT ======
Unhandled Promise: TypeError: Failed to fetch
=============================
====== JS ERROR CAUGHT ======
Unhandled Promise: TypeError: Failed to fetch
=============================
====== JS ERROR CAUGHT ======
Unhandled Promise: TypeError: Failed to fetch
=============================
====== JS ERROR CAUGHT ======
Unhandled Promise: TypeError: Failed to fetch
=============================
====== JS ERROR CAUGHT ======
Unhandled Promise: TypeError: Failed to fetch
=============================
====== JS ERROR CAUGHT ======
Unhandled Promise: TypeError: Failed to fetch
=============================
====== JS ERROR CAUGHT ======
Unhandled Promise: TypeError: Failed to fetch
=============================
====== JS ERROR CAUGHT ======
Unhandled Promise: TypeError: Failed to fetch
=============================
====== JS ERROR CAUGHT ======
Unhandled Promise: TypeError: Failed to fetch
=============================
====== JS ERROR CAUGHT ======
Unhandled Promise: TypeError: Failed to fetch
=============================
====== JS ERROR CAUGHT ======
Unhandled Promise: TypeError: Failed to fetch
=============================
====== JS ERROR CAUGHT ======
Unhandled Promise: TypeError: Failed to fetch
=============================
====== JS ERROR CAUGHT ======
Unhandled Promise: TypeError: Failed to fetch
=============================
====== JS ERROR CAUGHT ======
Unhandled Promise: TypeError: Failed to fetch
=============================
====== JS ERROR CAUGHT ======
Unhandled Promise: TypeError: Failed to fetch
=============================
====== JS ERROR CAUGHT ======
Unhandled Promise: TypeError: Failed to fetch
=============================
====== JS ERROR CAUGHT ======
Unhandled Promise: TypeError: Failed to fetch
=============================
====== JS ERROR CAUGHT ======
Unhandled Promise: TypeError: Failed to fetch
=============================
====== JS ERROR CAUGHT ======
Unhandled Promise: TypeError: Failed to fetch
=============================
====== JS ERROR CAUGHT ======
Unhandled Promise: TypeError: Failed to fetch
=============================
====== JS ERROR CAUGHT ======
Unhandled Promise: TypeError: Failed to fetch
=============================
====== JS ERROR CAUGHT ======
Unhandled Promise: TypeError: Failed to fetch
=============================
====== JS ERROR CAUGHT ======
Unhandled Promise: TypeError: Failed to fetch
=============================
====== JS ERROR CAUGHT ======
Unhandled Promise: TypeError: Failed to fetch
=============================
====== JS ERROR CAUGHT ======
Unhandled Promise: TypeError: Failed to fetch
=============================
====== JS ERROR CAUGHT ======
Unhandled Promise: TypeError: Failed to fetch
=============================
====== JS ERROR CAUGHT ======
Unhandled Promise: TypeError: Failed to fetch
=============================
====== JS ERROR CAUGHT ======
Unhandled Promise: TypeError: Failed to fetch
=============================
====== JS ERROR CAUGHT ======
Unhandled Promise: TypeError: Failed to fetch
=============================
====== JS ERROR CAUGHT ======
Unhandled Promise: TypeError: Failed to fetch
=============================
====== JS ERROR CAUGHT ======
Unhandled Promise: TypeError: Failed to fetch
=============================
====== JS ERROR CAUGHT ======
Unhandled Promise: TypeError: Failed to fetch
=============================
====== JS ERROR CAUGHT ======
Unhandled Promise: TypeError: Failed to fetch
=============================
====== JS ERROR CAUGHT ======
Unhandled Promise: TypeError: Failed to fetch
=============================
====== JS ERROR CAUGHT ======
Unhandled Promise: TypeError: Failed to fetch
=============================
====== JS ERROR CAUGHT ======
Unhandled Promise: TypeError: Failed to fetch
=============================
====== JS ERROR CAUGHT ======
Unhandled Promise: TypeError: Failed to fetch
=============================
====== JS ERROR CAUGHT ======
Unhandled Promise: TypeError: Failed to fetch
=============================
====== JS ERROR CAUGHT ======
Unhandled Promise: TypeError: Failed to fetch
=============================
====== JS ERROR CAUGHT ======
Unhandled Promise: TypeError: Failed to fetch
=============================
====== JS ERROR CAUGHT ======
Unhandled Promise: TypeError: Failed to fetch
=============================
====== JS ERROR CAUGHT ======
Unhandled Promise: TypeError: Failed to fetch
=============================
====== JS ERROR CAUGHT ======
Unhandled Promise: TypeError: Failed to fetch
=============================
====== JS ERROR CAUGHT ======
Unhandled Promise: TypeError: Failed to fetch
=============================
====== JS ERROR CAUGHT ======
Unhandled Promise: TypeError: Failed to fetch
=============================
====== JS ERROR CAUGHT ======
Unhandled Promise: TypeError: Failed to fetch
=============================
====== JS ERROR CAUGHT ======
Unhandled Promise: TypeError: Failed to fetch
=============================
====== JS ERROR CAUGHT ======
Unhandled Promise: TypeError: Failed to fetch
=============================
====== JS ERROR CAUGHT ======
Unhandled Promise: TypeError: Failed to fetch
=============================
====== JS ERROR CAUGHT ======
Unhandled Promise: TypeError: Failed to fetch
=============================
====== JS ERROR CAUGHT ======
Unhandled Promise: TypeError: Failed to fetch
=============================
====== JS ERROR CAUGHT ======
Unhandled Promise: TypeError: Failed to fetch
=============================
====== JS ERROR CAUGHT ======
Unhandled Promise: TypeError: Failed to fetch
=============================
====== JS ERROR CAUGHT ======
Unhandled Promise: TypeError: Failed to fetch
=============================
====== JS ERROR CAUGHT ======
Unhandled Promise: TypeError: Failed to fetch
=============================
====== JS ERROR CAUGHT ======
Unhandled Promise: TypeError: Failed to fetch
=============================
====== JS ERROR CAUGHT ======
Unhandled Promise: TypeError: Failed to fetch
=============================
====== JS ERROR CAUGHT ======
Unhandled Promise: TypeError: Failed to fetch
=============================
====== JS ERROR CAUGHT ======
Unhandled Promise: TypeError: Failed to fetch
=============================
====== JS ERROR CAUGHT ======
Unhandled Promise: TypeError: Failed to fetch
=============================
====== JS ERROR CAUGHT ======
Unhandled Promise: TypeError: Failed to fetch
=============================
====== JS ERROR CAUGHT ======
Unhandled Promise: TypeError: Failed to fetch
=============================
====== JS ERROR CAUGHT ======
Unhandled Promise: TypeError: Failed to fetch
=============================
====== JS ERROR CAUGHT ======
Unhandled Promise: TypeError: Failed to fetch
=============================
====== JS ERROR CAUGHT ======
Unhandled Promise: TypeError: Failed to fetch
=============================
====== JS ERROR CAUGHT ======
Unhandled Promise: TypeError: Failed to fetch
=============================
====== JS ERROR CAUGHT ======
Unhandled Promise: TypeError: Failed to fetch
=============================
====== JS ERROR CAUGHT ======
Unhandled Promise: TypeError: Failed to fetch
=============================
====== JS ERROR CAUGHT ======
Unhandled Promise: TypeError: Failed to fetch
=============================
====== JS ERROR CAUGHT ======
Unhandled Promise: TypeError: Failed to fetch
=============================
====== JS ERROR CAUGHT ======
Unhandled Promise: TypeError: Failed to fetch
=============================
====== JS ERROR CAUGHT ======
Unhandled Promise: TypeError: Failed to fetch
=============================
====== JS ERROR CAUGHT ======
Unhandled Promise: TypeError: Failed to fetch
=============================
====== JS ERROR CAUGHT ======
Unhandled Promise: TypeError: Failed to fetch
=============================
====== JS ERROR CAUGHT ======
Unhandled Promise: TypeError: Failed to fetch
=============================
====== JS ERROR CAUGHT ======
Unhandled Promise: TypeError: Failed to fetch
=============================
====== JS ERROR CAUGHT ======
Unhandled Promise: TypeError: Failed to fetch
=============================
====== JS ERROR CAUGHT ======
Unhandled Promise: TypeError: Failed to fetch
=============================
====== JS ERROR CAUGHT ======
Unhandled Promise: TypeError: Failed to fetch
=============================
====== JS ERROR CAUGHT ======
Unhandled Promise: TypeError: Failed to fetch
=============================
====== JS ERROR CAUGHT ======
Unhandled Promise: TypeError: Failed to fetch
=============================
====== JS ERROR CAUGHT ======
Unhandled Promise: TypeError: Failed to fetch
=============================
====== JS ERROR CAUGHT ======
Unhandled Promise: TypeError: Failed to fetch
=============================
====== JS ERROR CAUGHT ======
Unhandled Promise: TypeError: Failed to fetch
=============================
====== JS ERROR CAUGHT ======
Unhandled Promise: TypeError: Failed to fetch
=============================
====== JS ERROR CAUGHT ======
Unhandled Promise: TypeError: Failed to fetch
=============================
====== JS ERROR CAUGHT ======
Unhandled Promise: TypeError: Failed to fetch
=============================
====== JS ERROR CAUGHT ======
Unhandled Promise: TypeError: Failed to fetch
=============================
====== JS ERROR CAUGHT ======
Unhandled Promise: TypeError: Failed to fetch
=============================
====== JS ERROR CAUGHT ======
Unhandled Promise: TypeError: Failed to fetch
=============================
====== JS ERROR CAUGHT ======
Unhandled Promise: TypeError: Failed to fetch
=============================
====== JS ERROR CAUGHT ======
Unhandled Promise: TypeError: Failed to fetch
=============================
====== JS ERROR CAUGHT ======
Unhandled Promise: TypeError: Failed to fetch
=============================
====== JS ERROR CAUGHT ======
Unhandled Promise: TypeError: Failed to fetch
=============================
====== JS ERROR CAUGHT ======
Unhandled Promise: TypeError: Failed to fetch
=============================
====== JS ERROR CAUGHT ======
Unhandled Promise: TypeError: Failed to fetch
=============================
====== JS ERROR CAUGHT ======
Unhandled Promise: TypeError: Failed to fetch
=============================
====== JS ERROR CAUGHT ======
Unhandled Promise: TypeError: Failed to fetch
=============================
====== JS ERROR CAUGHT ======
Unhandled Promise: TypeError: Failed to fetch
=============================
====== JS ERROR CAUGHT ======
Unhandled Promise: TypeError: Failed to fetch
=============================
====== JS ERROR CAUGHT ======
Unhandled Promise: TypeError: Failed to fetch
=============================
====== JS ERROR CAUGHT ======
Unhandled Promise: TypeError: Failed to fetch
=============================
====== JS ERROR CAUGHT ======
Unhandled Promise: TypeError: Failed to fetch
=============================
====== JS ERROR CAUGHT ======
Unhandled Promise: TypeError: Failed to fetch
=============================
====== JS ERROR CAUGHT ======
Unhandled Promise: TypeError: Failed to fetch
=============================
====== JS ERROR CAUGHT ======
Unhandled Promise: TypeError: Failed to fetch
=============================
====== JS ERROR CAUGHT ======
Unhandled Promise: TypeError: Failed to fetch
=============================
====== JS ERROR CAUGHT ======
Unhandled Promise: TypeError: Failed to fetch
=============================
====== JS ERROR CAUGHT ======
Unhandled Promise: TypeError: Failed to fetch
=============================
====== JS ERROR CAUGHT ======
Unhandled Promise: TypeError: Failed to fetch
=============================
====== JS ERROR CAUGHT ======
Unhandled Promise: TypeError: Failed to fetch
=============================
====== JS ERROR CAUGHT ======
Unhandled Promise: TypeError: Failed to fetch
=============================
====== JS ERROR CAUGHT ======
Unhandled Promise: TypeError: Failed to fetch
=============================
====== JS ERROR CAUGHT ======
Unhandled Promise: TypeError: Failed to fetch
=============================
====== JS ERROR CAUGHT ======
Unhandled Promise: TypeError: Failed to fetch
=============================
====== JS ERROR CAUGHT ======
Unhandled Promise: TypeError: Failed to fetch
=============================
====== JS ERROR CAUGHT ======
Unhandled Promise: TypeError: Failed to fetch
=============================
====== JS ERROR CAUGHT ======
Unhandled Promise: TypeError: Failed to fetch
=============================
====== JS ERROR CAUGHT ======
Unhandled Promise: TypeError: Failed to fetch
=============================
====== JS ERROR CAUGHT ======
Unhandled Promise: TypeError: Failed to fetch
=============================
====== JS ERROR CAUGHT ======
Unhandled Promise: TypeError: Failed to fetch
=============================
====== JS ERROR CAUGHT ======
Unhandled Promise: TypeError: Failed to fetch
=============================
====== JS ERROR CAUGHT ======
Unhandled Promise: TypeError: Failed to fetch
=============================
====== JS ERROR CAUGHT ======
Unhandled Promise: TypeError: Failed to fetch
=============================
====== JS ERROR CAUGHT ======
Unhandled Promise: TypeError: Failed to fetch
=============================
====== JS ERROR CAUGHT ======
Unhandled Promise: TypeError: Failed to fetch
=============================
====== JS ERROR CAUGHT ======
Unhandled Promise: TypeError: Failed to fetch
=============================
====== JS ERROR CAUGHT ======
Unhandled Promise: TypeError: Failed to fetch
=============================
====== JS ERROR CAUGHT ======
Unhandled Promise: TypeError: Failed to fetch
=============================
====== JS ERROR CAUGHT ======
Unhandled Promise: TypeError: Failed to fetch
=============================
====== JS ERROR CAUGHT ======
Unhandled Promise: TypeError: Failed to fetch
=============================
====== JS ERROR CAUGHT ======
Unhandled Promise: TypeError: Failed to fetch
=============================
====== JS ERROR CAUGHT ======
Unhandled Promise: TypeError: Failed to fetch
=============================
====== JS ERROR CAUGHT ======
Unhandled Promise: TypeError: Failed to fetch
=============================
====== JS ERROR CAUGHT ======
Unhandled Promise: TypeError: Failed to fetch
=============================
====== JS ERROR CAUGHT ======
Unhandled Promise: TypeError: Failed to fetch
=============================
====== JS ERROR CAUGHT ======
Unhandled Promise: TypeError: Failed to fetch
=============================
====== JS ERROR CAUGHT ======
Unhandled Promise: TypeError: Failed to fetch
=============================
====== JS ERROR CAUGHT ======
Unhandled Promise: TypeError: Failed to fetch
=============================
====== JS ERROR CAUGHT ======
Unhandled Promise: TypeError: Failed to fetch
=============================
====== JS ERROR CAUGHT ======
Unhandled Promise: TypeError: Failed to fetch
=============================
====== JS ERROR CAUGHT ======
Unhandled Promise: TypeError: Failed to fetch
=============================
====== JS ERROR CAUGHT ======
Unhandled Promise: TypeError: Failed to fetch
=============================
====== JS ERROR CAUGHT ======
Unhandled Promise: TypeError: Failed to fetch
=============================
====== JS ERROR CAUGHT ======
Unhandled Promise: TypeError: Failed to fetch
=============================
====== JS ERROR CAUGHT ======
Unhandled Promise: TypeError: Failed to fetch
=============================
====== JS ERROR CAUGHT ======
Unhandled Promise: TypeError: Failed to fetch
=============================
====== JS ERROR CAUGHT ======
Unhandled Promise: TypeError: Failed to fetch
=============================
====== JS ERROR CAUGHT ======
Unhandled Promise: TypeError: Failed to fetch
=============================
====== JS ERROR CAUGHT ======
Unhandled Promise: TypeError: Failed to fetch
=============================
====== JS ERROR CAUGHT ======
Unhandled Promise: TypeError: Failed to fetch
=============================
====== JS ERROR CAUGHT ======
Unhandled Promise: TypeError: Failed to fetch
=============================
====== JS ERROR CAUGHT ======
Unhandled Promise: TypeError: Failed to fetch
=============================
====== JS ERROR CAUGHT ======
Unhandled Promise: TypeError: Failed to fetch
=============================
====== JS ERROR CAUGHT ======
Unhandled Promise: TypeError: Failed to fetch
=============================
====== JS ERROR CAUGHT ======
Unhandled Promise: TypeError: Failed to fetch
=============================
====== JS ERROR CAUGHT ======
Unhandled Promise: TypeError: Failed to fetch
=============================
====== JS ERROR CAUGHT ======
Unhandled Promise: TypeError: Failed to fetch
=============================
====== JS ERROR CAUGHT ======
Unhandled Promise: TypeError: Failed to fetch
=============================
====== JS ERROR CAUGHT ======
Unhandled Promise: TypeError: Failed to fetch
=============================
====== JS ERROR CAUGHT ======
Unhandled Promise: TypeError: Failed to fetch
=============================
====== JS ERROR CAUGHT ======
Unhandled Promise: TypeError: Failed to fetch
=============================
====== JS ERROR CAUGHT ======
Unhandled Promise: TypeError: Failed to fetch
=============================
====== JS ERROR CAUGHT ======
Unhandled Promise: TypeError: Failed to fetch
=============================
====== JS ERROR CAUGHT ======
Unhandled Promise: TypeError: Failed to fetch
=============================
====== JS ERROR CAUGHT ======
Unhandled Promise: TypeError: Failed to fetch
=============================
====== JS ERROR CAUGHT ======
Unhandled Promise: TypeError: Failed to fetch
=============================
====== JS ERROR CAUGHT ======
Unhandled Promise: TypeError: Failed to fetch
=============================
====== JS ERROR CAUGHT ======
Unhandled Promise: TypeError: Failed to fetch
=============================
====== JS ERROR CAUGHT ======
Unhandled Promise: TypeError: Failed to fetch
=============================
====== JS ERROR CAUGHT ======
Unhandled Promise: TypeError: Failed to fetch
=============================
====== JS ERROR CAUGHT ======
Unhandled Promise: TypeError: Failed to fetch
=============================
====== JS ERROR CAUGHT ======
Unhandled Promise: TypeError: Failed to fetch
=============================
====== JS ERROR CAUGHT ======
Unhandled Promise: TypeError: Failed to fetch
=============================
====== JS ERROR CAUGHT ======
Unhandled Promise: TypeError: Failed to fetch
=============================
====== JS ERROR CAUGHT ======
Unhandled Promise: TypeError: Failed to fetch
=============================
====== JS ERROR CAUGHT ======
Unhandled Promise: TypeError: Failed to fetch
=============================
====== JS ERROR CAUGHT ======
Unhandled Promise: TypeError: Failed to fetch
=============================
====== JS ERROR CAUGHT ======
Unhandled Promise: TypeError: Failed to fetch
=============================
====== JS ERROR CAUGHT ======
Unhandled Promise: TypeError: Failed to fetch
=============================
====== JS ERROR CAUGHT ======
Unhandled Promise: TypeError: Failed to fetch
=============================
====== JS ERROR CAUGHT ======
Unhandled Promise: TypeError: Failed to fetch
=============================
====== JS ERROR CAUGHT ======
Unhandled Promise: TypeError: Failed to fetch
=============================
====== JS ERROR CAUGHT ======
Unhandled Promise: TypeError: Failed to fetch
=============================
====== JS ERROR CAUGHT ======
Unhandled Promise: TypeError: Failed to fetch
=============================
====== JS ERROR CAUGHT ======
Unhandled Promise: TypeError: Failed to fetch
=============================
====== JS ERROR CAUGHT ======
Unhandled Promise: TypeError: Failed to fetch
=============================
====== JS ERROR CAUGHT ======
Unhandled Promise: TypeError: Failed to fetch
=============================
====== JS ERROR CAUGHT ======
Unhandled Promise: TypeError: Failed to fetch
=============================
====== JS ERROR CAUGHT ======
Unhandled Promise: TypeError: Failed to fetch
=============================
====== JS ERROR CAUGHT ======
Unhandled Promise: TypeError: Failed to fetch
=============================
====== JS ERROR CAUGHT ======
Unhandled Promise: TypeError: Failed to fetch
=============================
====== JS ERROR CAUGHT ======
Unhandled Promise: TypeError: Failed to fetch
=============================
====== JS ERROR CAUGHT ======
Unhandled Promise: TypeError: Failed to fetch
=============================
====== JS ERROR CAUGHT ======
Unhandled Promise: TypeError: Failed to fetch
=============================
====== JS ERROR CAUGHT ======
Unhandled Promise: TypeError: Failed to fetch
=============================
====== JS ERROR CAUGHT ======
Unhandled Promise: TypeError: Failed to fetch
=============================
====== JS ERROR CAUGHT ======
Unhandled Promise: TypeError: Failed to fetch
=============================
====== JS ERROR CAUGHT ======
Unhandled Promise: TypeError: Failed to fetch
=============================
====== JS ERROR CAUGHT ======
Unhandled Promise: TypeError: Failed to fetch
=============================
====== JS ERROR CAUGHT ======
Unhandled Promise: TypeError: Failed to fetch
=============================
====== JS ERROR CAUGHT ======
Unhandled Promise: TypeError: Failed to fetch
=============================
====== JS ERROR CAUGHT ======
Unhandled Promise: TypeError: Failed to fetch
=============================
====== JS ERROR CAUGHT ======
Unhandled Promise: TypeError: Failed to fetch
=============================
====== JS ERROR CAUGHT ======
Unhandled Promise: TypeError: Failed to fetch
=============================
====== JS ERROR CAUGHT ======
Unhandled Promise: TypeError: Failed to fetch
=============================
====== JS ERROR CAUGHT ======
Unhandled Promise: TypeError: Failed to fetch
=============================
====== JS ERROR CAUGHT ======
Unhandled Promise: TypeError: Failed to fetch
=============================
====== JS ERROR CAUGHT ======
Unhandled Promise: TypeError: Failed to fetch
=============================
====== JS ERROR CAUGHT ======
Unhandled Promise: TypeError: Failed to fetch
=============================
====== JS ERROR CAUGHT ======
Unhandled Promise: TypeError: Failed to fetch
=============================
====== JS ERROR CAUGHT ======
Unhandled Promise: TypeError: Failed to fetch
=============================
====== JS ERROR CAUGHT ======
Unhandled Promise: TypeError: Failed to fetch
=============================
====== JS ERROR CAUGHT ======
Unhandled Promise: TypeError: Failed to fetch
=============================
====== JS ERROR CAUGHT ======
Unhandled Promise: TypeError: Failed to fetch
=============================
====== JS ERROR CAUGHT ======
Unhandled Promise: TypeError: Failed to fetch
=============================
====== JS ERROR CAUGHT ======
Unhandled Promise: TypeError: Failed to fetch
=============================
====== JS ERROR CAUGHT ======
Unhandled Promise: TypeError: Failed to fetch
=============================
====== JS ERROR CAUGHT ======
Unhandled Promise: TypeError: Failed to fetch
=============================
====== JS ERROR CAUGHT ======
Unhandled Promise: TypeError: Failed to fetch
=============================
====== JS ERROR CAUGHT ======
Unhandled Promise: TypeError: Failed to fetch
=============================
====== JS ERROR CAUGHT ======
Unhandled Promise: TypeError: Failed to fetch
=============================
====== JS ERROR CAUGHT ======
Unhandled Promise: TypeError: Failed to fetch
=============================
====== JS ERROR CAUGHT ======
Unhandled Promise: TypeError: Failed to fetch
=============================
====== JS ERROR CAUGHT ======
Unhandled Promise: TypeError: Failed to fetch
=============================
====== JS ERROR CAUGHT ======
Unhandled Promise: TypeError: Failed to fetch
=============================
====== JS ERROR CAUGHT ======
Unhandled Promise: TypeError: Failed to fetch
=============================
====== JS ERROR CAUGHT ======
Unhandled Promise: TypeError: Failed to fetch
=============================
====== JS ERROR CAUGHT ======
Unhandled Promise: TypeError: Failed to fetch
=============================
====== JS ERROR CAUGHT ======
Unhandled Promise: TypeError: Failed to fetch
=============================
====== JS ERROR CAUGHT ======
Unhandled Promise: TypeError: Failed to fetch
=============================
====== JS ERROR CAUGHT ======
Unhandled Promise: TypeError: Failed to fetch
=============================
====== JS ERROR CAUGHT ======
Unhandled Promise: TypeError: Failed to fetch
=============================
====== JS ERROR CAUGHT ======
Unhandled Promise: TypeError: Failed to fetch
=============================
====== JS ERROR CAUGHT ======
Unhandled Promise: TypeError: Failed to fetch
=============================
====== JS ERROR CAUGHT ======
Unhandled Promise: TypeError: Failed to fetch
=============================
====== JS ERROR CAUGHT ======
Unhandled Promise: TypeError: Failed to fetch
=============================
====== JS ERROR CAUGHT ======
Unhandled Promise: TypeError: Failed to fetch
=============================
====== JS ERROR CAUGHT ======
Unhandled Promise: TypeError: Failed to fetch
=============================
====== JS ERROR CAUGHT ======
Unhandled Promise: TypeError: Failed to fetch
=============================
====== JS ERROR CAUGHT ======
Unhandled Promise: TypeError: Failed to fetch
=============================
====== JS ERROR CAUGHT ======
Unhandled Promise: TypeError: Failed to fetch
=============================
====== JS ERROR CAUGHT ======
Unhandled Promise: TypeError: Failed to fetch
=============================
====== JS ERROR CAUGHT ======
Unhandled Promise: TypeError: Failed to fetch
=============================
====== JS ERROR CAUGHT ======
Unhandled Promise: TypeError: Failed to fetch
=============================
====== JS ERROR CAUGHT ======
Unhandled Promise: TypeError: Failed to fetch
=============================
====== JS ERROR CAUGHT ======
Unhandled Promise: TypeError: Failed to fetch
=============================
====== JS ERROR CAUGHT ======
Unhandled Promise: TypeError: Failed to fetch
=============================
====== JS ERROR CAUGHT ======
Unhandled Promise: TypeError: Failed to fetch
=============================
====== JS ERROR CAUGHT ======
Unhandled Promise: TypeError: Failed to fetch
=============================
====== JS ERROR CAUGHT ======
Unhandled Promise: TypeError: Failed to fetch
=============================
====== JS ERROR CAUGHT ======
Unhandled Promise: TypeError: Failed to fetch
=============================
====== JS ERROR CAUGHT ======
Unhandled Promise: TypeError: Failed to fetch
=============================
====== JS ERROR CAUGHT ======
Unhandled Promise: TypeError: Failed to fetch
=============================
====== JS ERROR CAUGHT ======
Unhandled Promise: TypeError: Failed to fetch
=============================
====== JS ERROR CAUGHT ======
Unhandled Promise: TypeError: Failed to fetch
=============================
====== JS ERROR CAUGHT ======
Unhandled Promise: TypeError: Failed to fetch
=============================
====== JS ERROR CAUGHT ======
Unhandled Promise: TypeError: Failed to fetch
=============================
====== JS ERROR CAUGHT ======
Unhandled Promise: TypeError: Failed to fetch
=============================
====== JS ERROR CAUGHT ======
Unhandled Promise: TypeError: Failed to fetch
=============================
====== JS ERROR CAUGHT ======
Unhandled Promise: TypeError: Failed to fetch
=============================
====== JS ERROR CAUGHT ======
Unhandled Promise: TypeError: Failed to fetch
=============================
====== JS ERROR CAUGHT ======
Unhandled Promise: TypeError: Failed to fetch
=============================
====== JS ERROR CAUGHT ======
Unhandled Promise: TypeError: Failed to fetch
=============================
====== JS ERROR CAUGHT ======
Unhandled Promise: TypeError: Failed to fetch
=============================
====== JS ERROR CAUGHT ======
Unhandled Promise: TypeError: Failed to fetch
=============================
====== JS ERROR CAUGHT ======
Unhandled Promise: TypeError: Failed to fetch
=============================
====== JS ERROR CAUGHT ======
Unhandled Promise: TypeError: Failed to fetch
=============================
====== JS ERROR CAUGHT ======
Unhandled Promise: TypeError: Failed to fetch
=============================
====== JS ERROR CAUGHT ======
Unhandled Promise: TypeError: Failed to fetch
=============================
====== JS ERROR CAUGHT ======
Unhandled Promise: TypeError: Failed to fetch
=============================
====== JS ERROR CAUGHT ======
Unhandled Promise: TypeError: Failed to fetch
=============================
====== JS ERROR CAUGHT ======
Unhandled Promise: TypeError: Failed to fetch
=============================
====== JS ERROR CAUGHT ======
Unhandled Promise: TypeError: Failed to fetch
=============================
====== JS ERROR CAUGHT ======
Unhandled Promise: TypeError: Failed to fetch
=============================
====== JS ERROR CAUGHT ======
Unhandled Promise: TypeError: Failed to fetch
=============================
====== JS ERROR CAUGHT ======
Unhandled Promise: TypeError: Failed to fetch
=============================
====== JS ERROR CAUGHT ======
Unhandled Promise: TypeError: Failed to fetch
=============================
====== JS ERROR CAUGHT ======
Unhandled Promise: TypeError: Failed to fetch
=============================
====== JS ERROR CAUGHT ======
Unhandled Promise: TypeError: Failed to fetch
=============================
====== JS ERROR CAUGHT ======
Unhandled Promise: TypeError: Failed to fetch
=============================
====== JS ERROR CAUGHT ======
Unhandled Promise: TypeError: Failed to fetch
=============================
====== JS ERROR CAUGHT ======
Unhandled Promise: TypeError: Failed to fetch
=============================
====== JS ERROR CAUGHT ======
Unhandled Promise: TypeError: Failed to fetch
=============================
====== JS ERROR CAUGHT ======
Unhandled Promise: TypeError: Failed to fetch
=============================
====== JS ERROR CAUGHT ======
Unhandled Promise: TypeError: Failed to fetch
=============================
====== JS ERROR CAUGHT ======
Unhandled Promise: TypeError: Failed to fetch
=============================
====== JS ERROR CAUGHT ======
Unhandled Promise: TypeError: Failed to fetch
=============================
====== JS ERROR CAUGHT ======
Unhandled Promise: TypeError: Failed to fetch
=============================
====== JS ERROR CAUGHT ======
Unhandled Promise: TypeError: Failed to fetch
=============================
====== JS ERROR CAUGHT ======
Unhandled Promise: TypeError: Failed to fetch
=============================
====== JS ERROR CAUGHT ======
Unhandled Promise: TypeError: Failed to fetch
=============================
====== JS ERROR CAUGHT ======
Unhandled Promise: TypeError: Failed to fetch
=============================
====== JS ERROR CAUGHT ======
Unhandled Promise: TypeError: Failed to fetch
=============================
====== JS ERROR CAUGHT ======
Unhandled Promise: TypeError: Failed to fetch
=============================
====== JS ERROR CAUGHT ======
Unhandled Promise: TypeError: Failed to fetch
=============================
====== JS ERROR CAUGHT ======
Unhandled Promise: TypeError: Failed to fetch
=============================
====== JS ERROR CAUGHT ======
Unhandled Promise: TypeError: Failed to fetch
=============================
====== JS ERROR CAUGHT ======
Unhandled Promise: TypeError: Failed to fetch
=============================
====== JS ERROR CAUGHT ======
Unhandled Promise: TypeError: Failed to fetch
=============================
====== JS ERROR CAUGHT ======
Unhandled Promise: TypeError: Failed to fetch
=============================
====== JS ERROR CAUGHT ======
Unhandled Promise: TypeError: Failed to fetch
=============================
====== JS ERROR CAUGHT ======
Unhandled Promise: TypeError: Failed to fetch
=============================
====== JS ERROR CAUGHT ======
Unhandled Promise: TypeError: Failed to fetch
=============================
====== JS ERROR CAUGHT ======
Unhandled Promise: TypeError: Failed to fetch
=============================
====== JS ERROR CAUGHT ======
Unhandled Promise: TypeError: Failed to fetch
=============================
====== JS ERROR CAUGHT ======
Unhandled Promise: TypeError: Failed to fetch
=============================
====== JS ERROR CAUGHT ======
Unhandled Promise: TypeError: Failed to fetch
=============================
====== JS ERROR CAUGHT ======
Unhandled Promise: TypeError: Failed to fetch
=============================
====== JS ERROR CAUGHT ======
Unhandled Promise: TypeError: Failed to fetch
=============================
====== JS ERROR CAUGHT ======
Unhandled Promise: TypeError: Failed to fetch
=============================
====== JS ERROR CAUGHT ======
Unhandled Promise: TypeError: Failed to fetch
=============================
====== JS ERROR CAUGHT ======
Unhandled Promise: TypeError: Failed to fetch
=============================
====== JS ERROR CAUGHT ======
Unhandled Promise: TypeError: Failed to fetch
=============================
====== JS ERROR CAUGHT ======
Unhandled Promise: TypeError: Failed to fetch
=============================
====== JS ERROR CAUGHT ======
Unhandled Promise: TypeError: Failed to fetch
=============================
====== JS ERROR CAUGHT ======
Unhandled Promise: TypeError: Failed to fetch
=============================
====== JS ERROR CAUGHT ======
Unhandled Promise: TypeError: Failed to fetch
=============================
====== JS ERROR CAUGHT ======
Unhandled Promise: TypeError: Failed to fetch
=============================
====== JS ERROR CAUGHT ======
Unhandled Promise: TypeError: Failed to fetch
=============================
====== JS ERROR CAUGHT ======
Unhandled Promise: TypeError: Failed to fetch
=============================
====== JS ERROR CAUGHT ======
Unhandled Promise: TypeError: Failed to fetch
=============================
====== JS ERROR CAUGHT ======
Unhandled Promise: TypeError: Failed to fetch
=============================
====== JS ERROR CAUGHT ======
Unhandled Promise: TypeError: Failed to fetch
=============================
====== JS ERROR CAUGHT ======
Unhandled Promise: TypeError: Failed to fetch
=============================
====== JS ERROR CAUGHT ======
Unhandled Promise: TypeError: Failed to fetch
=============================
====== JS ERROR CAUGHT ======
Unhandled Promise: TypeError: Failed to fetch
=============================
====== JS ERROR CAUGHT ======
Unhandled Promise: TypeError: Failed to fetch
=============================
====== JS ERROR CAUGHT ======
Unhandled Promise: TypeError: Failed to fetch
=============================
====== JS ERROR CAUGHT ======
Unhandled Promise: TypeError: Failed to fetch
=============================
====== JS ERROR CAUGHT ======
Unhandled Promise: TypeError: Failed to fetch
=============================
====== JS ERROR CAUGHT ======
Unhandled Promise: TypeError: Failed to fetch
=============================
====== JS ERROR CAUGHT ======
Unhandled Promise: TypeError: Failed to fetch
=============================
====== JS ERROR CAUGHT ======
Unhandled Promise: TypeError: Failed to fetch
=============================
====== JS ERROR CAUGHT ======
Unhandled Promise: TypeError: Failed to fetch
=============================
====== JS ERROR CAUGHT ======
Unhandled Promise: TypeError: Failed to fetch
=============================
====== JS ERROR CAUGHT ======
Unhandled Promise: TypeError: Failed to fetch
=============================
====== JS ERROR CAUGHT ======
Unhandled Promise: TypeError: Failed to fetch
=============================
====== JS ERROR CAUGHT ======
Unhandled Promise: TypeError: Failed to fetch
=============================
====== JS ERROR CAUGHT ======
Unhandled Promise: TypeError: Failed to fetch
=============================
====== JS ERROR CAUGHT ======
Unhandled Promise: TypeError: Failed to fetch
=============================
====== JS ERROR CAUGHT ======
Unhandled Promise: TypeError: Failed to fetch
=============================
====== JS ERROR CAUGHT ======
Unhandled Promise: TypeError: Failed to fetch
=============================
====== JS ERROR CAUGHT ======
Unhandled Promise: TypeError: Failed to fetch
=============================
====== JS ERROR CAUGHT ======
Unhandled Promise: TypeError: Failed to fetch
=============================
====== JS ERROR CAUGHT ======
Unhandled Promise: TypeError: Failed to fetch
=============================
====== JS ERROR CAUGHT ======
Unhandled Promise: TypeError: Failed to fetch
=============================
====== JS ERROR CAUGHT ======
Unhandled Promise: TypeError: Failed to fetch
=============================
====== JS ERROR CAUGHT ======
Unhandled Promise: TypeError: Failed to fetch
=============================
====== JS ERROR CAUGHT ======
Unhandled Promise: TypeError: Failed to fetch
=============================
====== JS ERROR CAUGHT ======
Unhandled Promise: TypeError: Failed to fetch
=============================
====== JS ERROR CAUGHT ======
Unhandled Promise: TypeError: Failed to fetch
=============================
====== JS ERROR CAUGHT ======
Unhandled Promise: TypeError: Failed to fetch
=============================
====== JS ERROR CAUGHT ======
Unhandled Promise: TypeError: Failed to fetch
=============================
====== JS ERROR CAUGHT ======
Unhandled Promise: TypeError: Failed to fetch
=============================
====== JS ERROR CAUGHT ======
Unhandled Promise: TypeError: Failed to fetch
=============================
====== JS ERROR CAUGHT ======
Unhandled Promise: TypeError: Failed to fetch
=============================
====== JS ERROR CAUGHT ======
Unhandled Promise: TypeError: Failed to fetch
=============================
====== JS ERROR CAUGHT ======
Unhandled Promise: TypeError: Failed to fetch
=============================
====== JS ERROR CAUGHT ======
Unhandled Promise: TypeError: Failed to fetch
=============================
====== JS ERROR CAUGHT ======
Unhandled Promise: TypeError: Failed to fetch
=============================
====== JS ERROR CAUGHT ======
Unhandled Promise: TypeError: Failed to fetch
=============================
====== JS ERROR CAUGHT ======
Unhandled Promise: TypeError: Failed to fetch
=============================
====== JS ERROR CAUGHT ======
Unhandled Promise: TypeError: Failed to fetch
=============================
====== JS ERROR CAUGHT ======
Unhandled Promise: TypeError: Failed to fetch
=============================
====== JS ERROR CAUGHT ======
Unhandled Promise: TypeError: Failed to fetch
=============================
====== JS ERROR CAUGHT ======
Unhandled Promise: TypeError: Failed to fetch
=============================
====== JS ERROR CAUGHT ======
Unhandled Promise: TypeError: Failed to fetch
=============================
====== JS ERROR CAUGHT ======
Unhandled Promise: TypeError: Failed to fetch
=============================
====== JS ERROR CAUGHT ======
Unhandled Promise: TypeError: Failed to fetch
=============================
====== JS ERROR CAUGHT ======
Unhandled Promise: TypeError: Failed to fetch
=============================
====== JS ERROR CAUGHT ======
Unhandled Promise: TypeError: Failed to fetch
=============================
====== JS ERROR CAUGHT ======
Unhandled Promise: TypeError: Failed to fetch
=============================
====== JS ERROR CAUGHT ======
Unhandled Promise: TypeError: Failed to fetch
=============================
====== JS ERROR CAUGHT ======
Unhandled Promise: TypeError: Failed to fetch
=============================
====== JS ERROR CAUGHT ======
Unhandled Promise: TypeError: Failed to fetch
=============================
====== JS ERROR CAUGHT ======
Unhandled Promise: TypeError: Failed to fetch
=============================
====== JS ERROR CAUGHT ======
Unhandled Promise: TypeError: Failed to fetch
=============================
====== JS ERROR CAUGHT ======
Unhandled Promise: TypeError: Failed to fetch
=============================
====== JS ERROR CAUGHT ======
Unhandled Promise: TypeError: Failed to fetch
=============================
====== JS ERROR CAUGHT ======
Unhandled Promise: TypeError: Failed to fetch
=============================
====== JS ERROR CAUGHT ======
Unhandled Promise: TypeError: Failed to fetch
=============================
====== JS ERROR CAUGHT ======
Unhandled Promise: TypeError: Failed to fetch
=============================
====== JS ERROR CAUGHT ======
Unhandled Promise: TypeError: Failed to fetch
=============================
====== JS ERROR CAUGHT ======
Unhandled Promise: TypeError: Failed to fetch
=============================
====== JS ERROR CAUGHT ======
Unhandled Promise: TypeError: Failed to fetch
=============================
====== JS ERROR CAUGHT ======
Unhandled Promise: TypeError: Failed to fetch
=============================
====== JS ERROR CAUGHT ======
Unhandled Promise: TypeError: Failed to fetch
=============================
====== JS ERROR CAUGHT ======
Unhandled Promise: TypeError: Failed to fetch
=============================
====== JS ERROR CAUGHT ======
Unhandled Promise: TypeError: Failed to fetch
=============================
====== JS ERROR CAUGHT ======
Unhandled Promise: TypeError: Failed to fetch
=============================
====== JS ERROR CAUGHT ======
Unhandled Promise: TypeError: Failed to fetch
=============================
====== JS ERROR CAUGHT ======
Unhandled Promise: TypeError: Failed to fetch
=============================
====== JS ERROR CAUGHT ======
Unhandled Promise: TypeError: Failed to fetch
=============================
====== JS ERROR CAUGHT ======
Unhandled Promise: TypeError: Failed to fetch
=============================
====== JS ERROR CAUGHT ======
Unhandled Promise: TypeError: Failed to fetch
=============================
====== JS ERROR CAUGHT ======
Unhandled Promise: TypeError: Failed to fetch
=============================
====== JS ERROR CAUGHT ======
Unhandled Promise: TypeError: Failed to fetch
=============================
====== JS ERROR CAUGHT ======
Unhandled Promise: TypeError: Failed to fetch
=============================
====== JS ERROR CAUGHT ======
Unhandled Promise: TypeError: Failed to fetch
=============================
====== JS ERROR CAUGHT ======
Unhandled Promise: TypeError: Failed to fetch
=============================
====== JS ERROR CAUGHT ======
Unhandled Promise: TypeError: Failed to fetch
=============================
====== JS ERROR CAUGHT ======
Unhandled Promise: TypeError: Failed to fetch
=============================
====== JS ERROR CAUGHT ======
Unhandled Promise: TypeError: Failed to fetch
=============================
====== JS ERROR CAUGHT ======
Unhandled Promise: TypeError: Failed to fetch
=============================
====== JS ERROR CAUGHT ======
Unhandled Promise: TypeError: Failed to fetch
=============================
====== JS ERROR CAUGHT ======
Unhandled Promise: TypeError: Failed to fetch
=============================
====== JS ERROR CAUGHT ======
Unhandled Promise: TypeError: Failed to fetch
=============================
====== JS ERROR CAUGHT ======
Unhandled Promise: TypeError: Failed to fetch
=============================
====== JS ERROR CAUGHT ======
Unhandled Promise: TypeError: Failed to fetch
=============================
====== JS ERROR CAUGHT ======
Unhandled Promise: TypeError: Failed to fetch
=============================
====== JS ERROR CAUGHT ======
Unhandled Promise: TypeError: Failed to fetch
=============================
====== JS ERROR CAUGHT ======
Unhandled Promise: TypeError: Failed to fetch
=============================
====== JS ERROR CAUGHT ======
Unhandled Promise: TypeError: Failed to fetch
=============================
====== JS ERROR CAUGHT ======
Unhandled Promise: TypeError: Failed to fetch
=============================
====== JS ERROR CAUGHT ======
Unhandled Promise: TypeError: Failed to fetch
=============================
====== JS ERROR CAUGHT ======
Unhandled Promise: TypeError: Failed to fetch
=============================
====== JS ERROR CAUGHT ======
Unhandled Promise: TypeError: Failed to fetch
=============================
====== JS ERROR CAUGHT ======
Unhandled Promise: TypeError: Failed to fetch
=============================
====== JS ERROR CAUGHT ======
Unhandled Promise: TypeError: Failed to fetch
=============================
====== JS ERROR CAUGHT ======
Unhandled Promise: TypeError: Failed to fetch
=============================
====== JS ERROR CAUGHT ======
Unhandled Promise: TypeError: Failed to fetch
=============================
====== JS ERROR CAUGHT ======
Unhandled Promise: TypeError: Failed to fetch
=============================
====== JS ERROR CAUGHT ======
Unhandled Promise: TypeError: Failed to fetch
=============================
====== JS ERROR CAUGHT ======
Unhandled Promise: TypeError: Failed to fetch
=============================
====== JS ERROR CAUGHT ======
Unhandled Promise: TypeError: Failed to fetch
=============================
====== JS ERROR CAUGHT ======
Unhandled Promise: TypeError: Failed to fetch
=============================
====== JS ERROR CAUGHT ======
Unhandled Promise: TypeError: Failed to fetch
=============================
====== JS ERROR CAUGHT ======
Unhandled Promise: TypeError: Failed to fetch
=============================
====== JS ERROR CAUGHT ======
Unhandled Promise: TypeError: Failed to fetch
=============================
====== JS ERROR CAUGHT ======
Unhandled Promise: TypeError: Failed to fetch
=============================
====== JS ERROR CAUGHT ======
Unhandled Promise: TypeError: Failed to fetch
=============================
====== JS ERROR CAUGHT ======
Unhandled Promise: TypeError: Failed to fetch
=============================
====== JS ERROR CAUGHT ======
Unhandled Promise: TypeError: Failed to fetch
=============================
====== JS ERROR CAUGHT ======
Unhandled Promise: TypeError: Failed to fetch
=============================
====== JS ERROR CAUGHT ======
Unhandled Promise: TypeError: Failed to fetch
=============================
====== JS ERROR CAUGHT ======
Unhandled Promise: TypeError: Failed to fetch
=============================
====== JS ERROR CAUGHT ======
Unhandled Promise: TypeError: Failed to fetch
=============================
====== JS ERROR CAUGHT ======
Unhandled Promise: TypeError: Failed to fetch
=============================
====== JS ERROR CAUGHT ======
Unhandled Promise: TypeError: Failed to fetch
=============================
====== JS ERROR CAUGHT ======
Unhandled Promise: TypeError: Failed to fetch
=============================
====== JS ERROR CAUGHT ======
Unhandled Promise: TypeError: Failed to fetch
=============================
====== JS ERROR CAUGHT ======
Unhandled Promise: TypeError: Failed to fetch
=============================
====== JS ERROR CAUGHT ======
Unhandled Promise: TypeError: Failed to fetch
=============================
====== JS ERROR CAUGHT ======
Unhandled Promise: TypeError: Failed to fetch
=============================
====== JS ERROR CAUGHT ======
Unhandled Promise: TypeError: Failed to fetch
=============================
====== JS ERROR CAUGHT ======
Unhandled Promise: TypeError: Failed to fetch
=============================
====== JS ERROR CAUGHT ======
Unhandled Promise: TypeError: Failed to fetch
=============================
====== JS ERROR CAUGHT ======
Unhandled Promise: TypeError: Failed to fetch
=============================
====== JS ERROR CAUGHT ======
Unhandled Promise: TypeError: Failed to fetch
=============================
====== JS ERROR CAUGHT ======
Unhandled Promise: TypeError: Failed to fetch
=============================
====== JS ERROR CAUGHT ======
Unhandled Promise: TypeError: Failed to fetch
=============================
====== JS ERROR CAUGHT ======
Unhandled Promise: TypeError: Failed to fetch
=============================
====== JS ERROR CAUGHT ======
Unhandled Promise: TypeError: Failed to fetch
=============================
====== JS ERROR CAUGHT ======
Unhandled Promise: TypeError: Failed to fetch
=============================
====== JS ERROR CAUGHT ======
Unhandled Promise: TypeError: Failed to fetch
=============================
====== JS ERROR CAUGHT ======
Unhandled Promise: TypeError: Failed to fetch
=============================
====== JS ERROR CAUGHT ======
Unhandled Promise: TypeError: Failed to fetch
=============================
====== JS ERROR CAUGHT ======
Unhandled Promise: TypeError: Failed to fetch
=============================
====== JS ERROR CAUGHT ======
Unhandled Promise: TypeError: Failed to fetch
=============================
====== JS ERROR CAUGHT ======
Unhandled Promise: TypeError: Failed to fetch
=============================
====== JS ERROR CAUGHT ======
Unhandled Promise: TypeError: Failed to fetch
=============================
====== JS ERROR CAUGHT ======
Unhandled Promise: TypeError: Failed to fetch
=============================
====== JS ERROR CAUGHT ======
Unhandled Promise: TypeError: Failed to fetch
=============================
====== JS ERROR CAUGHT ======
Unhandled Promise: TypeError: Failed to fetch
=============================
====== JS ERROR CAUGHT ======
Unhandled Promise: TypeError: Failed to fetch
=============================
====== JS ERROR CAUGHT ======
Unhandled Promise: TypeError: Failed to fetch
=============================
====== JS ERROR CAUGHT ======
Unhandled Promise: TypeError: Failed to fetch
=============================
====== JS ERROR CAUGHT ======
Unhandled Promise: TypeError: Failed to fetch
=============================
====== JS ERROR CAUGHT ======
Unhandled Promise: TypeError: Failed to fetch
=============================
====== JS ERROR CAUGHT ======
Unhandled Promise: TypeError: Failed to fetch
=============================
====== JS ERROR CAUGHT ======
Unhandled Promise: TypeError: Failed to fetch
=============================
====== JS ERROR CAUGHT ======
Unhandled Promise: TypeError: Failed to fetch
=============================
====== JS ERROR CAUGHT ======
Unhandled Promise: TypeError: Failed to fetch
=============================
====== JS ERROR CAUGHT ======
Unhandled Promise: TypeError: Failed to fetch
=============================
====== JS ERROR CAUGHT ======
Unhandled Promise: TypeError: Failed to fetch
=============================
====== JS ERROR CAUGHT ======
Unhandled Promise: TypeError: Failed to fetch
=============================
====== JS ERROR CAUGHT ======
Unhandled Promise: TypeError: Failed to fetch
=============================
====== JS ERROR CAUGHT ======
Unhandled Promise: TypeError: Failed to fetch
=============================
====== JS ERROR CAUGHT ======
Unhandled Promise: TypeError: Failed to fetch
=============================
====== JS ERROR CAUGHT ======
Unhandled Promise: TypeError: Failed to fetch
=============================
====== JS ERROR CAUGHT ======
Unhandled Promise: TypeError: Failed to fetch
=============================
====== JS ERROR CAUGHT ======
Unhandled Promise: TypeError: Failed to fetch
=============================
====== JS ERROR CAUGHT ======
Unhandled Promise: TypeError: Failed to fetch
=============================
====== JS ERROR CAUGHT ======
Unhandled Promise: TypeError: Failed to fetch
=============================
====== JS ERROR CAUGHT ======
Unhandled Promise: TypeError: Failed to fetch
=============================
====== JS ERROR CAUGHT ======
Unhandled Promise: TypeError: Failed to fetch
=============================
====== JS ERROR CAUGHT ======
Unhandled Promise: TypeError: Failed to fetch
=============================
====== JS ERROR CAUGHT ======
Unhandled Promise: TypeError: Failed to fetch
=============================
====== JS ERROR CAUGHT ======
Unhandled Promise: TypeError: Failed to fetch
=============================
====== JS ERROR CAUGHT ======
Unhandled Promise: TypeError: Failed to fetch
=============================
====== JS ERROR CAUGHT ======
Unhandled Promise: TypeError: Failed to fetch
=============================
====== JS ERROR CAUGHT ======
Unhandled Promise: TypeError: Failed to fetch
=============================
====== JS ERROR CAUGHT ======
Unhandled Promise: TypeError: Failed to fetch
=============================
====== JS ERROR CAUGHT ======
Unhandled Promise: TypeError: Failed to fetch
=============================
====== JS ERROR CAUGHT ======
Unhandled Promise: TypeError: Failed to fetch
=============================
====== JS ERROR CAUGHT ======
Unhandled Promise: TypeError: Failed to fetch
=============================
====== JS ERROR CAUGHT ======
Unhandled Promise: TypeError: Failed to fetch
=============================
====== JS ERROR CAUGHT ======
Unhandled Promise: TypeError: Failed to fetch
=============================
====== JS ERROR CAUGHT ======
Unhandled Promise: TypeError: Failed to fetch
=============================
====== JS ERROR CAUGHT ======
Unhandled Promise: TypeError: Failed to fetch
=============================
====== JS ERROR CAUGHT ======
Unhandled Promise: TypeError: Failed to fetch
=============================
====== JS ERROR CAUGHT ======
Unhandled Promise: TypeError: Failed to fetch
=============================
====== JS ERROR CAUGHT ======
Unhandled Promise: TypeError: Failed to fetch
=============================
====== JS ERROR CAUGHT ======
Unhandled Promise: TypeError: Failed to fetch
=============================
====== JS ERROR CAUGHT ======
Unhandled Promise: TypeError: Failed to fetch
=============================
====== JS ERROR CAUGHT ======
Unhandled Promise: TypeError: Failed to fetch
=============================
====== JS ERROR CAUGHT ======
Unhandled Promise: TypeError: Failed to fetch
=============================
====== JS ERROR CAUGHT ======
Unhandled Promise: TypeError: Failed to fetch
=============================
====== JS ERROR CAUGHT ======
Unhandled Promise: TypeError: Failed to fetch
=============================
====== JS ERROR CAUGHT ======
Unhandled Promise: TypeError: Failed to fetch
=============================
====== JS ERROR CAUGHT ======
Unhandled Promise: TypeError: Failed to fetch
=============================
====== JS ERROR CAUGHT ======
Unhandled Promise: TypeError: Failed to fetch
=============================
====== JS ERROR CAUGHT ======
Unhandled Promise: TypeError: Failed to fetch
=============================
====== JS ERROR CAUGHT ======
Unhandled Promise: TypeError: Failed to fetch
=============================
====== JS ERROR CAUGHT ======
Unhandled Promise: TypeError: Failed to fetch
=============================
====== JS ERROR CAUGHT ======
Unhandled Promise: TypeError: Failed to fetch
=============================
====== JS ERROR CAUGHT ======
Unhandled Promise: TypeError: Failed to fetch
=============================
====== JS ERROR CAUGHT ======
Unhandled Promise: TypeError: Failed to fetch
=============================
====== JS ERROR CAUGHT ======
Unhandled Promise: TypeError: Failed to fetch
=============================
====== JS ERROR CAUGHT ======
Unhandled Promise: TypeError: Failed to fetch
=============================
====== JS ERROR CAUGHT ======
Unhandled Promise: TypeError: Failed to fetch
=============================
====== JS ERROR CAUGHT ======
Unhandled Promise: TypeError: Failed to fetch
=============================
====== JS ERROR CAUGHT ======
Unhandled Promise: TypeError: Failed to fetch
=============================
====== JS ERROR CAUGHT ======
Unhandled Promise: TypeError: Failed to fetch
=============================
====== JS ERROR CAUGHT ======
Unhandled Promise: TypeError: Failed to fetch
=============================
====== JS ERROR CAUGHT ======
Unhandled Promise: TypeError: Failed to fetch
=============================
====== JS ERROR CAUGHT ======
Unhandled Promise: TypeError: Failed to fetch
=============================
====== JS ERROR CAUGHT ======
Unhandled Promise: TypeError: Failed to fetch
=============================
====== JS ERROR CAUGHT ======
Unhandled Promise: TypeError: Failed to fetch
=============================
====== JS ERROR CAUGHT ======
Unhandled Promise: TypeError: Failed to fetch
=============================
====== JS ERROR CAUGHT ======
Unhandled Promise: TypeError: Failed to fetch
=============================
====== JS ERROR CAUGHT ======
Unhandled Promise: TypeError: Failed to fetch
=============================
====== JS ERROR CAUGHT ======
Unhandled Promise: TypeError: Failed to fetch
=============================
====== JS ERROR CAUGHT ======
Unhandled Promise: TypeError: Failed to fetch
=============================
====== JS ERROR CAUGHT ======
Unhandled Promise: TypeError: Failed to fetch
=============================
====== JS ERROR CAUGHT ======
Unhandled Promise: TypeError: Failed to fetch
=============================
====== JS ERROR CAUGHT ======
Unhandled Promise: TypeError: Failed to fetch
=============================
====== JS ERROR CAUGHT ======
Unhandled Promise: TypeError: Failed to fetch
=============================
====== JS ERROR CAUGHT ======
Unhandled Promise: TypeError: Failed to fetch
=============================
====== JS ERROR CAUGHT ======
Unhandled Promise: TypeError: Failed to fetch
=============================
====== JS ERROR CAUGHT ======
Unhandled Promise: TypeError: Failed to fetch
=============================
====== JS ERROR CAUGHT ======
Unhandled Promise: TypeError: Failed to fetch
=============================
====== JS ERROR CAUGHT ======
Unhandled Promise: TypeError: Failed to fetch
=============================
====== JS ERROR CAUGHT ======
Unhandled Promise: TypeError: Failed to fetch
=============================
====== JS ERROR CAUGHT ======
Unhandled Promise: TypeError: Failed to fetch
=============================
====== JS ERROR CAUGHT ======
Unhandled Promise: TypeError: Failed to fetch
=============================
====== JS ERROR CAUGHT ======
Unhandled Promise: TypeError: Failed to fetch
=============================
====== JS ERROR CAUGHT ======
Unhandled Promise: TypeError: Failed to fetch
=============================
====== JS ERROR CAUGHT ======
Unhandled Promise: TypeError: Failed to fetch
=============================
====== JS ERROR CAUGHT ======
Unhandled Promise: TypeError: Failed to fetch
=============================
====== JS ERROR CAUGHT ======
Unhandled Promise: TypeError: Failed to fetch
=============================
====== JS ERROR CAUGHT ======
Unhandled Promise: TypeError: Failed to fetch
=============================
====== JS ERROR CAUGHT ======
Unhandled Promise: TypeError: Failed to fetch
=============================
====== JS ERROR CAUGHT ======
Unhandled Promise: TypeError: Failed to fetch
=============================
====== JS ERROR CAUGHT ======
Unhandled Promise: TypeError: Failed to fetch
=============================
====== JS ERROR CAUGHT ======
Unhandled Promise: TypeError: Failed to fetch
=============================
====== JS ERROR CAUGHT ======
Unhandled Promise: TypeError: Failed to fetch
=============================
====== JS ERROR CAUGHT ======
Unhandled Promise: TypeError: Failed to fetch
=============================
====== JS ERROR CAUGHT ======
Unhandled Promise: TypeError: Failed to fetch
=============================
====== JS ERROR CAUGHT ======
Unhandled Promise: TypeError: Failed to fetch
=============================
====== JS ERROR CAUGHT ======
Unhandled Promise: TypeError: Failed to fetch
=============================
====== JS ERROR CAUGHT ======
Unhandled Promise: TypeError: Failed to fetch
=============================
====== JS ERROR CAUGHT ======
Unhandled Promise: TypeError: Failed to fetch
=============================
====== JS ERROR CAUGHT ======
Unhandled Promise: TypeError: Failed to fetch
=============================
====== JS ERROR CAUGHT ======
Unhandled Promise: TypeError: Failed to fetch
=============================
====== JS ERROR CAUGHT ======
Unhandled Promise: TypeError: Failed to fetch
=============================
====== JS ERROR CAUGHT ======
Unhandled Promise: TypeError: Failed to fetch
=============================
====== JS ERROR CAUGHT ======
Unhandled Promise: TypeError: Failed to fetch
=============================
====== JS ERROR CAUGHT ======
Unhandled Promise: TypeError: Failed to fetch
=============================
====== JS ERROR CAUGHT ======
Unhandled Promise: TypeError: Failed to fetch
=============================
====== JS ERROR CAUGHT ======
Unhandled Promise: TypeError: Failed to fetch
=============================
====== JS ERROR CAUGHT ======
Unhandled Promise: TypeError: Failed to fetch
=============================
====== JS ERROR CAUGHT ======
Unhandled Promise: TypeError: Failed to fetch
=============================
====== JS ERROR CAUGHT ======
Unhandled Promise: TypeError: Failed to fetch
=============================
====== JS ERROR CAUGHT ======
Unhandled Promise: TypeError: Failed to fetch
=============================
====== JS ERROR CAUGHT ======
Unhandled Promise: TypeError: Failed to fetch
=============================
====== JS ERROR CAUGHT ======
Unhandled Promise: TypeError: Failed to fetch
=============================
====== JS ERROR CAUGHT ======
Unhandled Promise: TypeError: Failed to fetch
=============================
====== JS ERROR CAUGHT ======
Unhandled Promise: TypeError: Failed to fetch
=============================
====== JS ERROR CAUGHT ======
Unhandled Promise: TypeError: Failed to fetch
=============================
====== JS ERROR CAUGHT ======
Unhandled Promise: TypeError: Failed to fetch
=============================
====== JS ERROR CAUGHT ======
Unhandled Promise: TypeError: Failed to fetch
=============================
====== JS ERROR CAUGHT ======
Unhandled Promise: TypeError: Failed to fetch
=============================
====== JS ERROR CAUGHT ======
Unhandled Promise: TypeError: Failed to fetch
=============================
====== JS ERROR CAUGHT ======
Unhandled Promise: TypeError: Failed to fetch
=============================
====== JS ERROR CAUGHT ======
Unhandled Promise: TypeError: Failed to fetch
=============================
====== JS ERROR CAUGHT ======
Unhandled Promise: TypeError: Failed to fetch
=============================
====== JS ERROR CAUGHT ======
Unhandled Promise: TypeError: Failed to fetch
=============================
====== JS ERROR CAUGHT ======
Unhandled Promise: TypeError: Failed to fetch
=============================
====== JS ERROR CAUGHT ======
Unhandled Promise: TypeError: Failed to fetch
=============================
====== JS ERROR CAUGHT ======
Unhandled Promise: TypeError: Failed to fetch
=============================
====== JS ERROR CAUGHT ======
Unhandled Promise: TypeError: Failed to fetch
=============================
====== JS ERROR CAUGHT ======
Unhandled Promise: TypeError: Failed to fetch
=============================
====== JS ERROR CAUGHT ======
Unhandled Promise: TypeError: Failed to fetch
=============================
====== JS ERROR CAUGHT ======
Unhandled Promise: TypeError: Failed to fetch
=============================
====== JS ERROR CAUGHT ======
Unhandled Promise: TypeError: Failed to fetch
=============================
====== JS ERROR CAUGHT ======
Unhandled Promise: TypeError: Failed to fetch
=============================
====== JS ERROR CAUGHT ======
Unhandled Promise: TypeError: Failed to fetch
=============================
====== JS ERROR CAUGHT ======
Unhandled Promise: TypeError: Failed to fetch
=============================
====== JS ERROR CAUGHT ======
Unhandled Promise: TypeError: Failed to fetch
=============================
====== JS ERROR CAUGHT ======
Unhandled Promise: TypeError: Failed to fetch
=============================
====== JS ERROR CAUGHT ======
Unhandled Promise: TypeError: Failed to fetch
=============================
====== JS ERROR CAUGHT ======
Unhandled Promise: TypeError: Failed to fetch
=============================
====== JS ERROR CAUGHT ======
Unhandled Promise: TypeError: Failed to fetch
=============================
====== JS ERROR CAUGHT ======
Unhandled Promise: TypeError: Failed to fetch
=============================
====== JS ERROR CAUGHT ======
Unhandled Promise: TypeError: Failed to fetch
=============================
====== JS ERROR CAUGHT ======
Unhandled Promise: TypeError: Failed to fetch
=============================
====== JS ERROR CAUGHT ======
Unhandled Promise: TypeError: Failed to fetch
=============================
====== JS ERROR CAUGHT ======
Unhandled Promise: TypeError: Failed to fetch
=============================
====== JS ERROR CAUGHT ======
Unhandled Promise: TypeError: Failed to fetch
=============================
====== JS ERROR CAUGHT ======
Unhandled Promise: TypeError: Failed to fetch
=============================
====== JS ERROR CAUGHT ======
Unhandled Promise: TypeError: Failed to fetch
=============================
====== JS ERROR CAUGHT ======
Unhandled Promise: TypeError: Failed to fetch
=============================
====== JS ERROR CAUGHT ======
Unhandled Promise: TypeError: Failed to fetch
=============================
====== JS ERROR CAUGHT ======
Unhandled Promise: TypeError: Failed to fetch
=============================
====== JS ERROR CAUGHT ======
Unhandled Promise: TypeError: Failed to fetch
=============================
====== JS ERROR CAUGHT ======
Unhandled Promise: TypeError: Failed to fetch
=============================
====== JS ERROR CAUGHT ======
Unhandled Promise: TypeError: Failed to fetch
=============================
====== JS ERROR CAUGHT ======
Unhandled Promise: TypeError: Failed to fetch
=============================
====== JS ERROR CAUGHT ======
Unhandled Promise: TypeError: Failed to fetch
=============================
====== JS ERROR CAUGHT ======
Unhandled Promise: TypeError: Failed to fetch
=============================
====== JS ERROR CAUGHT ======
Unhandled Promise: TypeError: Failed to fetch
=============================
====== JS ERROR CAUGHT ======
Unhandled Promise: TypeError: Failed to fetch
=============================
====== JS ERROR CAUGHT ======
Unhandled Promise: TypeError: Failed to fetch
=============================
====== JS ERROR CAUGHT ======
Unhandled Promise: TypeError: Failed to fetch
=============================
====== JS ERROR CAUGHT ======
Unhandled Promise: TypeError: Failed to fetch
=============================
====== JS ERROR CAUGHT ======
Unhandled Promise: TypeError: Failed to fetch
=============================
====== JS ERROR CAUGHT ======
Unhandled Promise: TypeError: Failed to fetch
=============================
====== JS ERROR CAUGHT ======
Unhandled Promise: TypeError: Failed to fetch
=============================
====== JS ERROR CAUGHT ======
Unhandled Promise: TypeError: Failed to fetch
=============================
====== JS ERROR CAUGHT ======
Unhandled Promise: TypeError: Failed to fetch
=============================
====== JS ERROR CAUGHT ======
Unhandled Promise: TypeError: Failed to fetch
=============================
====== JS ERROR CAUGHT ======
Unhandled Promise: TypeError: Failed to fetch
=============================
====== JS ERROR CAUGHT ======
Unhandled Promise: TypeError: Failed to fetch
=============================
====== JS ERROR CAUGHT ======
Unhandled Promise: TypeError: Failed to fetch
=============================
====== JS ERROR CAUGHT ======
Unhandled Promise: TypeError: Failed to fetch
=============================
====== JS ERROR CAUGHT ======
Unhandled Promise: TypeError: Failed to fetch
=============================
====== JS ERROR CAUGHT ======
Unhandled Promise: TypeError: Failed to fetch
=============================
====== JS ERROR CAUGHT ======
Unhandled Promise: TypeError: Failed to fetch
=============================
====== JS ERROR CAUGHT ======
Unhandled Promise: TypeError: Failed to fetch
=============================
====== JS ERROR CAUGHT ======
Unhandled Promise: TypeError: Failed to fetch
=============================
====== JS ERROR CAUGHT ======
Unhandled Promise: TypeError: Failed to fetch
=============================
====== JS ERROR CAUGHT ======
Unhandled Promise: TypeError: Failed to fetch
=============================
====== JS ERROR CAUGHT ======
Unhandled Promise: TypeError: Failed to fetch
=============================
====== JS ERROR CAUGHT ======
Unhandled Promise: TypeError: Failed to fetch
=============================
====== JS ERROR CAUGHT ======
Unhandled Promise: TypeError: Failed to fetch
=============================
====== JS ERROR CAUGHT ======
Unhandled Promise: TypeError: Failed to fetch
=============================
====== JS ERROR CAUGHT ======
Unhandled Promise: TypeError: Failed to fetch
=============================
====== JS ERROR CAUGHT ======
Unhandled Promise: TypeError: Failed to fetch
=============================
====== JS ERROR CAUGHT ======
Unhandled Promise: TypeError: Failed to fetch
=============================
====== JS ERROR CAUGHT ======
Unhandled Promise: TypeError: Failed to fetch
=============================
====== JS ERROR CAUGHT ======
Unhandled Promise: TypeError: Failed to fetch
=============================
====== JS ERROR CAUGHT ======
Unhandled Promise: TypeError: Failed to fetch
=============================
====== JS ERROR CAUGHT ======
Unhandled Promise: TypeError: Failed to fetch
=============================
====== JS ERROR CAUGHT ======
Unhandled Promise: TypeError: Failed to fetch
=============================
====== JS ERROR CAUGHT ======
Unhandled Promise: TypeError: Failed to fetch
=============================
====== JS ERROR CAUGHT ======
Unhandled Promise: TypeError: Failed to fetch
=============================
====== JS ERROR CAUGHT ======
Unhandled Promise: TypeError: Failed to fetch
=============================
====== JS ERROR CAUGHT ======
Unhandled Promise: TypeError: Failed to fetch
=============================
====== JS ERROR CAUGHT ======
Unhandled Promise: TypeError: Failed to fetch
=============================
====== JS ERROR CAUGHT ======
Unhandled Promise: TypeError: Failed to fetch
=============================
====== JS ERROR CAUGHT ======
Unhandled Promise: TypeError: Failed to fetch
=============================
====== JS ERROR CAUGHT ======
Unhandled Promise: TypeError: Failed to fetch
=============================
====== JS ERROR CAUGHT ======
Unhandled Promise: TypeError: Failed to fetch
=============================
====== JS ERROR CAUGHT ======
Unhandled Promise: TypeError: Failed to fetch
=============================
====== JS ERROR CAUGHT ======
Unhandled Promise: TypeError: Failed to fetch
=============================
====== JS ERROR CAUGHT ======
Unhandled Promise: TypeError: Failed to fetch
=============================
====== JS ERROR CAUGHT ======
Unhandled Promise: TypeError: Failed to fetch
=============================
====== JS ERROR CAUGHT ======
Unhandled Promise: TypeError: Failed to fetch
=============================
====== JS ERROR CAUGHT ======
Unhandled Promise: TypeError: Failed to fetch
=============================
====== JS ERROR CAUGHT ======
Unhandled Promise: TypeError: Failed to fetch
=============================
====== JS ERROR CAUGHT ======
Unhandled Promise: TypeError: Failed to fetch
=============================
====== JS ERROR CAUGHT ======
Unhandled Promise: TypeError: Failed to fetch
=============================
====== JS ERROR CAUGHT ======
Unhandled Promise: TypeError: Failed to fetch
=============================
====== JS ERROR CAUGHT ======
Unhandled Promise: TypeError: Failed to fetch
=============================
====== JS ERROR CAUGHT ======
Unhandled Promise: TypeError: Failed to fetch
=============================
====== JS ERROR CAUGHT ======
Unhandled Promise: TypeError: Failed to fetch
=============================
====== JS ERROR CAUGHT ======
Unhandled Promise: TypeError: Failed to fetch
=============================
====== JS ERROR CAUGHT ======
Unhandled Promise: TypeError: Failed to fetch
=============================
====== JS ERROR CAUGHT ======
Unhandled Promise: TypeError: Failed to fetch
=============================
====== JS ERROR CAUGHT ======
Unhandled Promise: TypeError: Failed to fetch
=============================
====== JS ERROR CAUGHT ======
Unhandled Promise: TypeError: Failed to fetch
=============================
====== JS ERROR CAUGHT ======
Unhandled Promise: TypeError: Failed to fetch
=============================
====== JS ERROR CAUGHT ======
Unhandled Promise: TypeError: Failed to fetch
=============================
====== JS ERROR CAUGHT ======
Unhandled Promise: TypeError: Failed to fetch
=============================
====== JS ERROR CAUGHT ======
Unhandled Promise: TypeError: Failed to fetch
=============================
====== JS ERROR CAUGHT ======
Unhandled Promise: TypeError: Failed to fetch
=============================
====== JS ERROR CAUGHT ======
Unhandled Promise: TypeError: Failed to fetch
=============================
====== JS ERROR CAUGHT ======
Unhandled Promise: TypeError: Failed to fetch
=============================
====== JS ERROR CAUGHT ======
Unhandled Promise: TypeError: Failed to fetch
=============================
====== JS ERROR CAUGHT ======
Unhandled Promise: TypeError: Failed to fetch
=============================
====== JS ERROR CAUGHT ======
Unhandled Promise: TypeError: Failed to fetch
=============================
====== JS ERROR CAUGHT ======
Unhandled Promise: TypeError: Failed to fetch
=============================
====== JS ERROR CAUGHT ======
Unhandled Promise: TypeError: Failed to fetch
=============================
====== JS ERROR CAUGHT ======
Unhandled Promise: TypeError: Failed to fetch
=============================
====== JS ERROR CAUGHT ======
Unhandled Promise: TypeError: Failed to fetch
=============================
====== JS ERROR CAUGHT ======
Unhandled Promise: TypeError: Failed to fetch
=============================
====== JS ERROR CAUGHT ======
Unhandled Promise: TypeError: Failed to fetch
=============================
====== JS ERROR CAUGHT ======
Unhandled Promise: TypeError: Failed to fetch
=============================
====== JS ERROR CAUGHT ======
Unhandled Promise: TypeError: Failed to fetch
=============================
====== JS ERROR CAUGHT ======
Unhandled Promise: TypeError: Failed to fetch
=============================
====== JS ERROR CAUGHT ======
Unhandled Promise: TypeError: Failed to fetch
=============================
====== JS ERROR CAUGHT ======
Unhandled Promise: TypeError: Failed to fetch
=============================
====== JS ERROR CAUGHT ======
Unhandled Promise: TypeError: Failed to fetch
=============================
====== JS ERROR CAUGHT ======
Unhandled Promise: TypeError: Failed to fetch
=============================
====== JS ERROR CAUGHT ======
Unhandled Promise: TypeError: Failed to fetch
=============================
====== JS ERROR CAUGHT ======
Unhandled Promise: TypeError: Failed to fetch
=============================
====== JS ERROR CAUGHT ======
Unhandled Promise: TypeError: Failed to fetch
=============================
====== JS ERROR CAUGHT ======
Unhandled Promise: TypeError: Failed to fetch
=============================
====== JS ERROR CAUGHT ======
Unhandled Promise: TypeError: Failed to fetch
=============================
====== JS ERROR CAUGHT ======
Unhandled Promise: TypeError: Failed to fetch
=============================
====== JS ERROR CAUGHT ======
Unhandled Promise: TypeError: Failed to fetch
=============================
====== JS ERROR CAUGHT ======
Unhandled Promise: TypeError: Failed to fetch
=============================
====== JS ERROR CAUGHT ======
Unhandled Promise: TypeError: Failed to fetch
=============================
====== JS ERROR CAUGHT ======
Unhandled Promise: TypeError: Failed to fetch
=============================
====== JS ERROR CAUGHT ======
Unhandled Promise: TypeError: Failed to fetch
=============================
====== JS ERROR CAUGHT ======
Unhandled Promise: TypeError: Failed to fetch
=============================
====== JS ERROR CAUGHT ======
Unhandled Promise: TypeError: Failed to fetch
=============================
====== JS ERROR CAUGHT ======
Unhandled Promise: TypeError: Failed to fetch
=============================
====== JS ERROR CAUGHT ======
Unhandled Promise: TypeError: Failed to fetch
=============================
====== JS ERROR CAUGHT ======
Unhandled Promise: TypeError: Failed to fetch
=============================
====== JS ERROR CAUGHT ======
Unhandled Promise: TypeError: Failed to fetch
=============================
====== JS ERROR CAUGHT ======
Unhandled Promise: TypeError: Failed to fetch
=============================
====== JS ERROR CAUGHT ======
Unhandled Promise: TypeError: Failed to fetch
=============================
====== JS ERROR CAUGHT ======
Unhandled Promise: TypeError: Failed to fetch
=============================
====== JS ERROR CAUGHT ======
Unhandled Promise: TypeError: Failed to fetch
=============================
====== JS ERROR CAUGHT ======
Unhandled Promise: TypeError: Failed to fetch
=============================
====== JS ERROR CAUGHT ======
Unhandled Promise: TypeError: Failed to fetch
=============================
====== JS ERROR CAUGHT ======
Unhandled Promise: TypeError: Failed to fetch
=============================
====== JS ERROR CAUGHT ======
Unhandled Promise: TypeError: Failed to fetch
=============================
====== JS ERROR CAUGHT ======
Unhandled Promise: TypeError: Failed to fetch
=============================
====== JS ERROR CAUGHT ======
Unhandled Promise: TypeError: Failed to fetch
=============================
====== JS ERROR CAUGHT ======
Unhandled Promise: TypeError: Failed to fetch
=============================
====== JS ERROR CAUGHT ======
Unhandled Promise: TypeError: Failed to fetch
=============================
====== JS ERROR CAUGHT ======
Unhandled Promise: TypeError: Failed to fetch
=============================
====== JS ERROR CAUGHT ======
Unhandled Promise: TypeError: Failed to fetch
=============================
====== JS ERROR CAUGHT ======
Unhandled Promise: TypeError: Failed to fetch
=============================
====== JS ERROR CAUGHT ======
Unhandled Promise: TypeError: Failed to fetch
=============================
====== JS ERROR CAUGHT ======
Unhandled Promise: TypeError: Failed to fetch
=============================
====== JS ERROR CAUGHT ======
Unhandled Promise: TypeError: Failed to fetch
=============================
====== JS ERROR CAUGHT ======
Unhandled Promise: TypeError: Failed to fetch
=============================
====== JS ERROR CAUGHT ======
Unhandled Promise: TypeError: Failed to fetch
=============================
====== JS ERROR CAUGHT ======
Unhandled Promise: TypeError: Failed to fetch
=============================
====== JS ERROR CAUGHT ======
Unhandled Promise: TypeError: Failed to fetch
=============================
====== JS ERROR CAUGHT ======
Unhandled Promise: TypeError: Failed to fetch
=============================
====== JS ERROR CAUGHT ======
Unhandled Promise: TypeError: Failed to fetch
=============================
====== JS ERROR CAUGHT ======
Unhandled Promise: TypeError: Failed to fetch
=============================
====== JS ERROR CAUGHT ======
Unhandled Promise: TypeError: Failed to fetch
=============================
====== JS ERROR CAUGHT ======
Unhandled Promise: TypeError: Failed to fetch
=============================
====== JS ERROR CAUGHT ======
Unhandled Promise: TypeError: Failed to fetch
=============================
====== JS ERROR CAUGHT ======
Unhandled Promise: TypeError: Failed to fetch
=============================
====== JS ERROR CAUGHT ======
Unhandled Promise: TypeError: Failed to fetch
=============================
====== JS ERROR CAUGHT ======
Unhandled Promise: TypeError: Failed to fetch
=============================
====== JS ERROR CAUGHT ======
Unhandled Promise: TypeError: Failed to fetch
=============================
====== JS ERROR CAUGHT ======
Unhandled Promise: TypeError: Failed to fetch
=============================
====== JS ERROR CAUGHT ======
Unhandled Promise: TypeError: Failed to fetch
=============================
====== JS ERROR CAUGHT ======
Unhandled Promise: TypeError: Failed to fetch
=============================
====== JS ERROR CAUGHT ======
Unhandled Promise: TypeError: Failed to fetch
=============================
====== JS ERROR CAUGHT ======
Unhandled Promise: TypeError: Failed to fetch
=============================
====== JS ERROR CAUGHT ======
Unhandled Promise: TypeError: Failed to fetch
=============================
====== JS ERROR CAUGHT ======
Unhandled Promise: TypeError: Failed to fetch
=============================
====== JS ERROR CAUGHT ======
Unhandled Promise: TypeError: Failed to fetch
=============================
====== JS ERROR CAUGHT ======
Unhandled Promise: TypeError: Failed to fetch
=============================
====== JS ERROR CAUGHT ======
Unhandled Promise: TypeError: Failed to fetch
=============================
====== JS ERROR CAUGHT ======
Unhandled Promise: TypeError: Failed to fetch
=============================
====== JS ERROR CAUGHT ======
Unhandled Promise: TypeError: Failed to fetch
=============================
====== JS ERROR CAUGHT ======
Unhandled Promise: TypeError: Failed to fetch
=============================
====== JS ERROR CAUGHT ======
Unhandled Promise: TypeError: Failed to fetch
=============================
====== JS ERROR CAUGHT ======
Unhandled Promise: TypeError: Failed to fetch
=============================
====== JS ERROR CAUGHT ======
Unhandled Promise: TypeError: Failed to fetch
=============================
====== JS ERROR CAUGHT ======
Unhandled Promise: TypeError: Failed to fetch
=============================
====== JS ERROR CAUGHT ======
Unhandled Promise: TypeError: Failed to fetch
=============================
====== JS ERROR CAUGHT ======
Unhandled Promise: TypeError: Failed to fetch
=============================
====== JS ERROR CAUGHT ======
Unhandled Promise: TypeError: Failed to fetch
=============================
====== JS ERROR CAUGHT ======
Unhandled Promise: TypeError: Failed to fetch
=============================
====== JS ERROR CAUGHT ======
Unhandled Promise: TypeError: Failed to fetch
=============================
====== JS ERROR CAUGHT ======
Unhandled Promise: TypeError: Failed to fetch
=============================
====== JS ERROR CAUGHT ======
Unhandled Promise: TypeError: Failed to fetch
=============================
====== JS ERROR CAUGHT ======
Unhandled Promise: TypeError: Failed to fetch
=============================
====== JS ERROR CAUGHT ======
Unhandled Promise: TypeError: Failed to fetch
=============================
====== JS ERROR CAUGHT ======
Unhandled Promise: TypeError: Failed to fetch
=============================
====== JS ERROR CAUGHT ======
Unhandled Promise: TypeError: Failed to fetch
=============================
====== JS ERROR CAUGHT ======
Unhandled Promise: TypeError: Failed to fetch
=============================
====== JS ERROR CAUGHT ======
Unhandled Promise: TypeError: Failed to fetch
=============================
====== JS ERROR CAUGHT ======
Unhandled Promise: TypeError: Failed to fetch
=============================
====== JS ERROR CAUGHT ======
Unhandled Promise: TypeError: Failed to fetch
=============================
====== JS ERROR CAUGHT ======
Unhandled Promise: TypeError: Failed to fetch
=============================
====== JS ERROR CAUGHT ======
Unhandled Promise: TypeError: Failed to fetch
=============================
====== JS ERROR CAUGHT ======
Unhandled Promise: TypeError: Failed to fetch
=============================
====== JS ERROR CAUGHT ======
Unhandled Promise: TypeError: Failed to fetch
=============================
====== JS ERROR CAUGHT ======
Unhandled Promise: TypeError: Failed to fetch
=============================
====== JS ERROR CAUGHT ======
Unhandled Promise: TypeError: Failed to fetch
=============================
====== JS ERROR CAUGHT ======
Unhandled Promise: TypeError: Failed to fetch
=============================
====== JS ERROR CAUGHT ======
Unhandled Promise: TypeError: Failed to fetch
=============================
====== JS ERROR CAUGHT ======
Unhandled Promise: TypeError: Failed to fetch
=============================
====== JS ERROR CAUGHT ======
Unhandled Promise: TypeError: Failed to fetch
=============================
====== JS ERROR CAUGHT ======
Unhandled Promise: TypeError: Failed to fetch
=============================
====== JS ERROR CAUGHT ======
Unhandled Promise: TypeError: Failed to fetch
=============================
====== JS ERROR CAUGHT ======
Unhandled Promise: TypeError: Failed to fetch
=============================
====== JS ERROR CAUGHT ======
Unhandled Promise: TypeError: Failed to fetch
=============================
====== JS ERROR CAUGHT ======
Unhandled Promise: TypeError: Failed to fetch
=============================
====== JS ERROR CAUGHT ======
Unhandled Promise: TypeError: Failed to fetch
=============================
====== JS ERROR CAUGHT ======
Unhandled Promise: TypeError: Failed to fetch
=============================
====== JS ERROR CAUGHT ======
Unhandled Promise: TypeError: Failed to fetch
=============================
====== JS ERROR CAUGHT ======
Unhandled Promise: TypeError: Failed to fetch
=============================
====== JS ERROR CAUGHT ======
Unhandled Promise: TypeError: Failed to fetch
=============================
====== JS ERROR CAUGHT ======
Unhandled Promise: TypeError: Failed to fetch
=============================
====== JS ERROR CAUGHT ======
Unhandled Promise: TypeError: Failed to fetch
=============================
====== JS ERROR CAUGHT ======
Unhandled Promise: TypeError: Failed to fetch
=============================
====== JS ERROR CAUGHT ======
Unhandled Promise: TypeError: Failed to fetch
=============================
====== JS ERROR CAUGHT ======
Unhandled Promise: TypeError: Failed to fetch
=============================
====== JS ERROR CAUGHT ======
Unhandled Promise: TypeError: Failed to fetch
=============================
====== JS ERROR CAUGHT ======
Unhandled Promise: TypeError: Failed to fetch
=============================
====== JS ERROR CAUGHT ======
Unhandled Promise: TypeError: Failed to fetch
=============================
====== JS ERROR CAUGHT ======
Unhandled Promise: TypeError: Failed to fetch
=============================
====== JS ERROR CAUGHT ======
Unhandled Promise: TypeError: Failed to fetch
=============================
====== JS ERROR CAUGHT ======
Unhandled Promise: TypeError: Failed to fetch
=============================
====== JS ERROR CAUGHT ======
Unhandled Promise: TypeError: Failed to fetch
=============================
====== JS ERROR CAUGHT ======
Unhandled Promise: TypeError: Failed to fetch
=============================
====== JS ERROR CAUGHT ======
Unhandled Promise: TypeError: Failed to fetch
=============================
====== JS ERROR CAUGHT ======
Unhandled Promise: TypeError: Failed to fetch
=============================
====== JS ERROR CAUGHT ======
Unhandled Promise: TypeError: Failed to fetch
=============================
====== JS ERROR CAUGHT ======
Unhandled Promise: TypeError: Failed to fetch
=============================
====== JS ERROR CAUGHT ======
Unhandled Promise: TypeError: Failed to fetch
=============================
====== JS ERROR CAUGHT ======
Unhandled Promise: TypeError: Failed to fetch
=============================
====== JS ERROR CAUGHT ======
Unhandled Promise: TypeError: Failed to fetch
=============================
====== JS ERROR CAUGHT ======
Unhandled Promise: TypeError: Failed to fetch
=============================
====== JS ERROR CAUGHT ======
Unhandled Promise: TypeError: Failed to fetch
=============================
====== JS ERROR CAUGHT ======
Unhandled Promise: TypeError: Failed to fetch
=============================
====== JS ERROR CAUGHT ======
Unhandled Promise: TypeError: Failed to fetch
=============================
====== JS ERROR CAUGHT ======
Unhandled Promise: TypeError: Failed to fetch
=============================
====== JS ERROR CAUGHT ======
Unhandled Promise: TypeError: Failed to fetch
=============================
====== JS ERROR CAUGHT ======
Unhandled Promise: TypeError: Failed to fetch
=============================
====== JS ERROR CAUGHT ======
Unhandled Promise: TypeError: Failed to fetch
=============================
====== JS ERROR CAUGHT ======
Unhandled Promise: TypeError: Failed to fetch
=============================
====== JS ERROR CAUGHT ======
Unhandled Promise: TypeError: Failed to fetch
=============================
====== JS ERROR CAUGHT ======
Unhandled Promise: TypeError: Failed to fetch
=============================
====== JS ERROR CAUGHT ======
Unhandled Promise: TypeError: Failed to fetch
=============================
====== JS ERROR CAUGHT ======
Unhandled Promise: TypeError: Failed to fetch
=============================
====== JS ERROR CAUGHT ======
Unhandled Promise: TypeError: Failed to fetch
=============================
====== JS ERROR CAUGHT ======
Unhandled Promise: TypeError: Failed to fetch
=============================
====== JS ERROR CAUGHT ======
Unhandled Promise: TypeError: Failed to fetch
=============================
====== JS ERROR CAUGHT ======
Unhandled Promise: TypeError: Failed to fetch
=============================
====== JS ERROR CAUGHT ======
Unhandled Promise: TypeError: Failed to fetch
=============================
====== JS ERROR CAUGHT ======
Unhandled Promise: TypeError: Failed to fetch
=============================
====== JS ERROR CAUGHT ======
Unhandled Promise: TypeError: Failed to fetch
=============================
====== JS ERROR CAUGHT ======
Unhandled Promise: TypeError: Failed to fetch
=============================
====== JS ERROR CAUGHT ======
Unhandled Promise: TypeError: Failed to fetch
=============================
====== JS ERROR CAUGHT ======
Unhandled Promise: TypeError: Failed to fetch
=============================
====== JS ERROR CAUGHT ======
Unhandled Promise: TypeError: Failed to fetch
=============================
====== JS ERROR CAUGHT ======
Unhandled Promise: TypeError: Failed to fetch
=============================
====== JS ERROR CAUGHT ======
Unhandled Promise: TypeError: Failed to fetch
=============================
====== JS ERROR CAUGHT ======
Unhandled Promise: TypeError: Failed to fetch
=============================
====== JS ERROR CAUGHT ======
Unhandled Promise: TypeError: Failed to fetch
=============================
====== JS ERROR CAUGHT ======
Unhandled Promise: TypeError: Failed to fetch
=============================
====== JS ERROR CAUGHT ======
Unhandled Promise: TypeError: Failed to fetch
=============================
====== JS ERROR CAUGHT ======
Unhandled Promise: TypeError: Failed to fetch
=============================
====== JS ERROR CAUGHT ======
Unhandled Promise: TypeError: Failed to fetch
=============================
====== JS ERROR CAUGHT ======
Unhandled Promise: TypeError: Failed to fetch
=============================
====== JS ERROR CAUGHT ======
Unhandled Promise: TypeError: Failed to fetch
=============================
====== JS ERROR CAUGHT ======
Unhandled Promise: TypeError: Failed to fetch
=============================
====== JS ERROR CAUGHT ======
Unhandled Promise: TypeError: Failed to fetch
=============================
====== JS ERROR CAUGHT ======
Unhandled Promise: TypeError: Failed to fetch
=============================
====== JS ERROR CAUGHT ======
Unhandled Promise: TypeError: Failed to fetch
=============================
====== JS ERROR CAUGHT ======
Unhandled Promise: TypeError: Failed to fetch
=============================
====== JS ERROR CAUGHT ======
Unhandled Promise: TypeError: Failed to fetch
=============================
====== JS ERROR CAUGHT ======
Unhandled Promise: TypeError: Failed to fetch
=============================
====== JS ERROR CAUGHT ======
Unhandled Promise: TypeError: Failed to fetch
=============================
====== JS ERROR CAUGHT ======
Unhandled Promise: TypeError: Failed to fetch
=============================
====== JS ERROR CAUGHT ======
Unhandled Promise: TypeError: Failed to fetch
=============================
====== JS ERROR CAUGHT ======
Unhandled Promise: TypeError: Failed to fetch
=============================
====== JS ERROR CAUGHT ======
Unhandled Promise: TypeError: Failed to fetch
=============================
====== JS ERROR CAUGHT ======
Unhandled Promise: TypeError: Failed to fetch
=============================
====== JS ERROR CAUGHT ======
Unhandled Promise: TypeError: Failed to fetch
=============================
====== JS ERROR CAUGHT ======
Unhandled Promise: TypeError: Failed to fetch
=============================
====== JS ERROR CAUGHT ======
Unhandled Promise: TypeError: Failed to fetch
=============================
====== JS ERROR CAUGHT ======
Unhandled Promise: TypeError: Failed to fetch
=============================
====== JS ERROR CAUGHT ======
Unhandled Promise: TypeError: Failed to fetch
=============================
====== JS ERROR CAUGHT ======
Unhandled Promise: TypeError: Failed to fetch
=============================
====== JS ERROR CAUGHT ======
Unhandled Promise: TypeError: Failed to fetch
=============================
====== JS ERROR CAUGHT ======
Unhandled Promise: TypeError: Failed to fetch
=============================
====== JS ERROR CAUGHT ======
Unhandled Promise: TypeError: Failed to fetch
=============================
====== JS ERROR CAUGHT ======
Unhandled Promise: TypeError: Failed to fetch
=============================
====== JS ERROR CAUGHT ======
Unhandled Promise: TypeError: Failed to fetch
=============================
====== JS ERROR CAUGHT ======
Unhandled Promise: TypeError: Failed to fetch
=============================
====== JS ERROR CAUGHT ======
Unhandled Promise: TypeError: Failed to fetch
=============================
====== JS ERROR CAUGHT ======
Unhandled Promise: TypeError: Failed to fetch
=============================
====== JS ERROR CAUGHT ======
Unhandled Promise: TypeError: Failed to fetch
=============================
====== JS ERROR CAUGHT ======
Unhandled Promise: TypeError: Failed to fetch
=============================
====== JS ERROR CAUGHT ======
Unhandled Promise: TypeError: Failed to fetch
=============================
====== JS ERROR CAUGHT ======
Unhandled Promise: TypeError: Failed to fetch
=============================
====== JS ERROR CAUGHT ======
Unhandled Promise: TypeError: Failed to fetch
=============================
====== JS ERROR CAUGHT ======
Unhandled Promise: TypeError: Failed to fetch
=============================
====== JS ERROR CAUGHT ======
Unhandled Promise: TypeError: Failed to fetch
=============================
====== JS ERROR CAUGHT ======
Unhandled Promise: TypeError: Failed to fetch
=============================
====== JS ERROR CAUGHT ======
Unhandled Promise: TypeError: Failed to fetch
=============================
====== JS ERROR CAUGHT ======
Unhandled Promise: TypeError: Failed to fetch
=============================
====== JS ERROR CAUGHT ======
Unhandled Promise: TypeError: Failed to fetch
=============================
====== JS ERROR CAUGHT ======
Unhandled Promise: TypeError: Failed to fetch
=============================
====== JS ERROR CAUGHT ======
Unhandled Promise: TypeError: Failed to fetch
=============================
====== JS ERROR CAUGHT ======
Unhandled Promise: TypeError: Failed to fetch
=============================
====== JS ERROR CAUGHT ======
Unhandled Promise: TypeError: Failed to fetch
=============================
====== JS ERROR CAUGHT ======
Unhandled Promise: TypeError: Failed to fetch
=============================
====== JS ERROR CAUGHT ======
Unhandled Promise: TypeError: Failed to fetch
=============================
====== JS ERROR CAUGHT ======
Unhandled Promise: TypeError: Failed to fetch
=============================
====== JS ERROR CAUGHT ======
Unhandled Promise: TypeError: Failed to fetch
=============================
====== JS ERROR CAUGHT ======
Unhandled Promise: TypeError: Failed to fetch
=============================
====== JS ERROR CAUGHT ======
Unhandled Promise: TypeError: Failed to fetch
=============================
====== JS ERROR CAUGHT ======
Unhandled Promise: TypeError: Failed to fetch
=============================
====== JS ERROR CAUGHT ======
Unhandled Promise: TypeError: Failed to fetch
=============================
====== JS ERROR CAUGHT ======
Unhandled Promise: TypeError: Failed to fetch
=============================
====== JS ERROR CAUGHT ======
Unhandled Promise: TypeError: Failed to fetch
=============================
====== JS ERROR CAUGHT ======
Unhandled Promise: TypeError: Failed to fetch
=============================
====== JS ERROR CAUGHT ======
Unhandled Promise: TypeError: Failed to fetch
=============================
====== JS ERROR CAUGHT ======
Unhandled Promise: TypeError: Failed to fetch
=============================
====== JS ERROR CAUGHT ======
Unhandled Promise: TypeError: Failed to fetch
=============================
====== JS ERROR CAUGHT ======
Unhandled Promise: TypeError: Failed to fetch
=============================
====== JS ERROR CAUGHT ======
Unhandled Promise: TypeError: Failed to fetch
=============================
====== JS ERROR CAUGHT ======
Unhandled Promise: TypeError: Failed to fetch
=============================
====== JS ERROR CAUGHT ======
Unhandled Promise: TypeError: Failed to fetch
=============================
====== JS ERROR CAUGHT ======
Unhandled Promise: TypeError: Failed to fetch
=============================
====== JS ERROR CAUGHT ======
Unhandled Promise: TypeError: Failed to fetch
=============================
====== JS ERROR CAUGHT ======
Unhandled Promise: TypeError: Failed to fetch
=============================
====== JS ERROR CAUGHT ======
Unhandled Promise: TypeError: Failed to fetch
=============================
====== JS ERROR CAUGHT ======
Unhandled Promise: TypeError: Failed to fetch
=============================
====== JS ERROR CAUGHT ======
Unhandled Promise: TypeError: Failed to fetch
=============================
====== JS ERROR CAUGHT ======
Unhandled Promise: TypeError: Failed to fetch
=============================
====== JS ERROR CAUGHT ======
Unhandled Promise: TypeError: Failed to fetch
=============================
====== JS ERROR CAUGHT ======
Unhandled Promise: TypeError: Failed to fetch
=============================
====== JS ERROR CAUGHT ======
Unhandled Promise: TypeError: Failed to fetch
=============================
====== JS ERROR CAUGHT ======
Unhandled Promise: TypeError: Failed to fetch
=============================
====== JS ERROR CAUGHT ======
Unhandled Promise: TypeError: Failed to fetch
=============================
====== JS ERROR CAUGHT ======
Unhandled Promise: TypeError: Failed to fetch
=============================
====== JS ERROR CAUGHT ======
Unhandled Promise: TypeError: Failed to fetch
=============================
====== JS ERROR CAUGHT ======
Unhandled Promise: TypeError: Failed to fetch
=============================
====== JS ERROR CAUGHT ======
Unhandled Promise: TypeError: Failed to fetch
=============================
====== JS ERROR CAUGHT ======
Unhandled Promise: TypeError: Failed to fetch
=============================
====== JS ERROR CAUGHT ======
Unhandled Promise: TypeError: Failed to fetch
=============================
====== JS ERROR CAUGHT ======
Unhandled Promise: TypeError: Failed to fetch
=============================
====== JS ERROR CAUGHT ======
Unhandled Promise: TypeError: Failed to fetch
=============================
====== JS ERROR CAUGHT ======
Unhandled Promise: TypeError: Failed to fetch
=============================
====== JS ERROR CAUGHT ======
Unhandled Promise: TypeError: Failed to fetch
=============================
====== JS ERROR CAUGHT ======
Unhandled Promise: TypeError: Failed to fetch
=============================
====== JS ERROR CAUGHT ======
Unhandled Promise: TypeError: Failed to fetch
=============================
====== JS ERROR CAUGHT ======
Unhandled Promise: TypeError: Failed to fetch
=============================
====== JS ERROR CAUGHT ======
Unhandled Promise: TypeError: Failed to fetch
=============================
====== JS ERROR CAUGHT ======
Unhandled Promise: TypeError: Failed to fetch
=============================
====== JS ERROR CAUGHT ======
Unhandled Promise: TypeError: Failed to fetch
=============================
====== JS ERROR CAUGHT ======
Unhandled Promise: TypeError: Failed to fetch
=============================
====== JS ERROR CAUGHT ======
Unhandled Promise: TypeError: Failed to fetch
=============================
====== JS ERROR CAUGHT ======
Unhandled Promise: TypeError: Failed to fetch
=============================
====== JS ERROR CAUGHT ======
Unhandled Promise: TypeError: Failed to fetch
=============================
====== JS ERROR CAUGHT ======
Unhandled Promise: TypeError: Failed to fetch
=============================
====== JS ERROR CAUGHT ======
Unhandled Promise: TypeError: Failed to fetch
=============================
====== JS ERROR CAUGHT ======
Unhandled Promise: TypeError: Failed to fetch
=============================
====== JS ERROR CAUGHT ======
Unhandled Promise: TypeError: Failed to fetch
=============================
====== JS ERROR CAUGHT ======
Unhandled Promise: TypeError: Failed to fetch
=============================
====== JS ERROR CAUGHT ======
Unhandled Promise: TypeError: Failed to fetch
=============================
====== JS ERROR CAUGHT ======
Unhandled Promise: TypeError: Failed to fetch
=============================
====== JS ERROR CAUGHT ======
Unhandled Promise: TypeError: Failed to fetch
=============================
====== JS ERROR CAUGHT ======
Unhandled Promise: TypeError: Failed to fetch
=============================
====== JS ERROR CAUGHT ======
Unhandled Promise: TypeError: Failed to fetch
=============================
====== JS ERROR CAUGHT ======
Unhandled Promise: TypeError: Failed to fetch
=============================
====== JS ERROR CAUGHT ======
Unhandled Promise: TypeError: Failed to fetch
=============================
====== JS ERROR CAUGHT ======
Unhandled Promise: TypeError: Failed to fetch
=============================
====== JS ERROR CAUGHT ======
Unhandled Promise: TypeError: Failed to fetch
=============================
====== JS ERROR CAUGHT ======
Unhandled Promise: TypeError: Failed to fetch
=============================
====== JS ERROR CAUGHT ======
Unhandled Promise: TypeError: Failed to fetch
=============================
====== JS ERROR CAUGHT ======
Unhandled Promise: TypeError: Failed to fetch
=============================
====== JS ERROR CAUGHT ======
Unhandled Promise: TypeError: Failed to fetch
=============================
====== JS ERROR CAUGHT ======
Unhandled Promise: TypeError: Failed to fetch
=============================
====== JS ERROR CAUGHT ======
Unhandled Promise: TypeError: Failed to fetch
=============================
====== JS ERROR CAUGHT ======
Unhandled Promise: TypeError: Failed to fetch
=============================
====== JS ERROR CAUGHT ======
Unhandled Promise: TypeError: Failed to fetch
=============================
====== JS ERROR CAUGHT ======
Unhandled Promise: TypeError: Failed to fetch
=============================
====== JS ERROR CAUGHT ======
Unhandled Promise: TypeError: Failed to fetch
=============================
====== JS ERROR CAUGHT ======
Unhandled Promise: TypeError: Failed to fetch
=============================
====== JS ERROR CAUGHT ======
Unhandled Promise: TypeError: Failed to fetch
=============================
====== JS ERROR CAUGHT ======
Unhandled Promise: TypeError: Failed to fetch
=============================
====== JS ERROR CAUGHT ======
Unhandled Promise: TypeError: Failed to fetch
=============================
====== JS ERROR CAUGHT ======
Unhandled Promise: TypeError: Failed to fetch
=============================
====== JS ERROR CAUGHT ======
Unhandled Promise: TypeError: Failed to fetch
=============================
====== JS ERROR CAUGHT ======
Unhandled Promise: TypeError: Failed to fetch
=============================
====== JS ERROR CAUGHT ======
Unhandled Promise: TypeError: Failed to fetch
=============================
====== JS ERROR CAUGHT ======
Unhandled Promise: TypeError: Failed to fetch
=============================
====== JS ERROR CAUGHT ======
Unhandled Promise: TypeError: Failed to fetch
=============================
====== JS ERROR CAUGHT ======
Unhandled Promise: TypeError: Failed to fetch
=============================
====== JS ERROR CAUGHT ======
Unhandled Promise: TypeError: Failed to fetch
=============================
====== JS ERROR CAUGHT ======
Unhandled Promise: TypeError: Failed to fetch
=============================
====== JS ERROR CAUGHT ======
Unhandled Promise: TypeError: Failed to fetch
=============================
====== JS ERROR CAUGHT ======
Unhandled Promise: TypeError: Failed to fetch
=============================
====== JS ERROR CAUGHT ======
Unhandled Promise: TypeError: Failed to fetch
=============================
====== JS ERROR CAUGHT ======
Unhandled Promise: TypeError: Failed to fetch
=============================
====== JS ERROR CAUGHT ======
Unhandled Promise: TypeError: Failed to fetch
=============================
====== JS ERROR CAUGHT ======
Unhandled Promise: TypeError: Failed to fetch
=============================
====== JS ERROR CAUGHT ======
Unhandled Promise: TypeError: Failed to fetch
=============================
====== JS ERROR CAUGHT ======
Unhandled Promise: TypeError: Failed to fetch
=============================
====== JS ERROR CAUGHT ======
Unhandled Promise: TypeError: Failed to fetch
=============================
====== JS ERROR CAUGHT ======
Unhandled Promise: TypeError: Failed to fetch
=============================
====== JS ERROR CAUGHT ======
Unhandled Promise: TypeError: Failed to fetch
=============================
====== JS ERROR CAUGHT ======
Unhandled Promise: TypeError: Failed to fetch
=============================
====== JS ERROR CAUGHT ======
Unhandled Promise: TypeError: Failed to fetch
=============================
====== JS ERROR CAUGHT ======
Unhandled Promise: TypeError: Failed to fetch
=============================
====== JS ERROR CAUGHT ======
Unhandled Promise: TypeError: Failed to fetch
=============================
====== JS ERROR CAUGHT ======
Unhandled Promise: TypeError: Failed to fetch
=============================
====== JS ERROR CAUGHT ======
Unhandled Promise: TypeError: Failed to fetch
=============================
====== JS ERROR CAUGHT ======
Unhandled Promise: TypeError: Failed to fetch
=============================
====== JS ERROR CAUGHT ======
Unhandled Promise: TypeError: Failed to fetch
=============================
====== JS ERROR CAUGHT ======
Unhandled Promise: TypeError: Failed to fetch
=============================
====== JS ERROR CAUGHT ======
Unhandled Promise: TypeError: Failed to fetch
=============================
====== JS ERROR CAUGHT ======
Unhandled Promise: TypeError: Failed to fetch
=============================
====== JS ERROR CAUGHT ======
Unhandled Promise: TypeError: Failed to fetch
=============================
====== JS ERROR CAUGHT ======
Unhandled Promise: TypeError: Failed to fetch
=============================
====== JS ERROR CAUGHT ======
Unhandled Promise: TypeError: Failed to fetch
=============================
====== JS ERROR CAUGHT ======
Unhandled Promise: TypeError: Failed to fetch
=============================
====== JS ERROR CAUGHT ======
Unhandled Promise: TypeError: Failed to fetch
=============================
====== JS ERROR CAUGHT ======
Unhandled Promise: TypeError: Failed to fetch
=============================
====== JS ERROR CAUGHT ======
Unhandled Promise: TypeError: Failed to fetch
=============================
====== JS ERROR CAUGHT ======
Unhandled Promise: TypeError: Failed to fetch
=============================
====== JS ERROR CAUGHT ======
Unhandled Promise: TypeError: Failed to fetch
=============================
====== JS ERROR CAUGHT ======
Unhandled Promise: TypeError: Failed to fetch
=============================
====== JS ERROR CAUGHT ======
Unhandled Promise: TypeError: Failed to fetch
=============================
====== JS ERROR CAUGHT ======
Unhandled Promise: TypeError: Failed to fetch
=============================
====== JS ERROR CAUGHT ======
Unhandled Promise: TypeError: Failed to fetch
=============================
====== JS ERROR CAUGHT ======
Unhandled Promise: TypeError: Failed to fetch
=============================
====== JS ERROR CAUGHT ======
Unhandled Promise: TypeError: Failed to fetch
=============================
====== JS ERROR CAUGHT ======
Unhandled Promise: TypeError: Failed to fetch
=============================
====== JS ERROR CAUGHT ======
Unhandled Promise: TypeError: Failed to fetch
=============================
====== JS ERROR CAUGHT ======
Unhandled Promise: TypeError: Failed to fetch
=============================
====== JS ERROR CAUGHT ======
Unhandled Promise: TypeError: Failed to fetch
=============================
====== JS ERROR CAUGHT ======
Unhandled Promise: TypeError: Failed to fetch
=============================
====== JS ERROR CAUGHT ======
Unhandled Promise: TypeError: Failed to fetch
=============================
====== JS ERROR CAUGHT ======
Unhandled Promise: TypeError: Failed to fetch
=============================
====== JS ERROR CAUGHT ======
Unhandled Promise: TypeError: Failed to fetch
=============================
====== JS ERROR CAUGHT ======
Unhandled Promise: TypeError: Failed to fetch
=============================
====== JS ERROR CAUGHT ======
Unhandled Promise: TypeError: Failed to fetch
=============================
====== JS ERROR CAUGHT ======
Unhandled Promise: TypeError: Failed to fetch
=============================
====== JS ERROR CAUGHT ======
Unhandled Promise: TypeError: Failed to fetch
=============================
====== JS ERROR CAUGHT ======
Unhandled Promise: TypeError: Failed to fetch
=============================
====== JS ERROR CAUGHT ======
Unhandled Promise: TypeError: Failed to fetch
=============================
====== JS ERROR CAUGHT ======
Unhandled Promise: TypeError: Failed to fetch
=============================
====== JS ERROR CAUGHT ======
Unhandled Promise: TypeError: Failed to fetch
=============================
====== JS ERROR CAUGHT ======
Unhandled Promise: TypeError: Failed to fetch
=============================
====== JS ERROR CAUGHT ======
Unhandled Promise: TypeError: Failed to fetch
=============================
====== JS ERROR CAUGHT ======
Unhandled Promise: TypeError: Failed to fetch
=============================
====== JS ERROR CAUGHT ======
Unhandled Promise: TypeError: Failed to fetch
=============================
====== JS ERROR CAUGHT ======
Unhandled Promise: TypeError: Failed to fetch
=============================
====== JS ERROR CAUGHT ======
Unhandled Promise: TypeError: Failed to fetch
=============================
====== JS ERROR CAUGHT ======
Unhandled Promise: TypeError: Failed to fetch
=============================
====== JS ERROR CAUGHT ======
Unhandled Promise: TypeError: Failed to fetch
=============================
====== JS ERROR CAUGHT ======
Unhandled Promise: TypeError: Failed to fetch
=============================
====== JS ERROR CAUGHT ======
Unhandled Promise: TypeError: Failed to fetch
=============================
====== JS ERROR CAUGHT ======
Unhandled Promise: TypeError: Failed to fetch
=============================
====== JS ERROR CAUGHT ======
Unhandled Promise: TypeError: Failed to fetch
=============================
====== JS ERROR CAUGHT ======
Unhandled Promise: TypeError: Failed to fetch
=============================
====== JS ERROR CAUGHT ======
Unhandled Promise: TypeError: Failed to fetch
=============================
====== JS ERROR CAUGHT ======
Unhandled Promise: TypeError: Failed to fetch
=============================
====== JS ERROR CAUGHT ======
Unhandled Promise: TypeError: Failed to fetch
=============================
====== JS ERROR CAUGHT ======
Unhandled Promise: TypeError: Failed to fetch
=============================
====== JS ERROR CAUGHT ======
Unhandled Promise: TypeError: Failed to fetch
=============================
====== JS ERROR CAUGHT ======
Unhandled Promise: TypeError: Failed to fetch
=============================
====== JS ERROR CAUGHT ======
Unhandled Promise: TypeError: Failed to fetch
=============================
====== JS ERROR CAUGHT ======
Unhandled Promise: TypeError: Failed to fetch
=============================
====== JS ERROR CAUGHT ======
Unhandled Promise: TypeError: Failed to fetch
=============================
====== JS ERROR CAUGHT ======
Unhandled Promise: TypeError: Failed to fetch
=============================
====== JS ERROR CAUGHT ======
Unhandled Promise: TypeError: Failed to fetch
=============================
====== JS ERROR CAUGHT ======
Unhandled Promise: TypeError: Failed to fetch
=============================
====== JS ERROR CAUGHT ======
Unhandled Promise: TypeError: Failed to fetch
=============================
====== JS ERROR CAUGHT ======
Unhandled Promise: TypeError: Failed to fetch
=============================
====== JS ERROR CAUGHT ======
Unhandled Promise: TypeError: Failed to fetch
=============================
====== JS ERROR CAUGHT ======
Unhandled Promise: TypeError: Failed to fetch
=============================
====== JS ERROR CAUGHT ======
Unhandled Promise: TypeError: Failed to fetch
=============================
====== JS ERROR CAUGHT ======
Unhandled Promise: TypeError: Failed to fetch
=============================
====== JS ERROR CAUGHT ======
Unhandled Promise: TypeError: Failed to fetch
=============================
====== JS ERROR CAUGHT ======
Unhandled Promise: TypeError: Failed to fetch
=============================
====== JS ERROR CAUGHT ======
Unhandled Promise: TypeError: Failed to fetch
=============================
====== JS ERROR CAUGHT ======
Unhandled Promise: TypeError: Failed to fetch
=============================
====== JS ERROR CAUGHT ======
Unhandled Promise: TypeError: Failed to fetch
=============================
====== JS ERROR CAUGHT ======
Unhandled Promise: TypeError: Failed to fetch
=============================
====== JS ERROR CAUGHT ======
Unhandled Promise: TypeError: Failed to fetch
=============================
====== JS ERROR CAUGHT ======
Unhandled Promise: TypeError: Failed to fetch
=============================
====== JS ERROR CAUGHT ======
Unhandled Promise: TypeError: Failed to fetch
=============================
====== JS ERROR CAUGHT ======
Unhandled Promise: TypeError: Failed to fetch
=============================
====== JS ERROR CAUGHT ======
Unhandled Promise: TypeError: Failed to fetch
=============================
====== JS ERROR CAUGHT ======
Unhandled Promise: TypeError: Failed to fetch
=============================
====== JS ERROR CAUGHT ======
Unhandled Promise: TypeError: Failed to fetch
=============================
====== JS ERROR CAUGHT ======
Unhandled Promise: TypeError: Failed to fetch
=============================
====== JS ERROR CAUGHT ======
Unhandled Promise: TypeError: Failed to fetch
=============================
====== JS ERROR CAUGHT ======
Unhandled Promise: TypeError: Failed to fetch
=============================
====== JS ERROR CAUGHT ======
Unhandled Promise: TypeError: Failed to fetch
=============================
====== JS ERROR CAUGHT ======
Unhandled Promise: TypeError: Failed to fetch
=============================
====== JS ERROR CAUGHT ======
Unhandled Promise: TypeError: Failed to fetch
=============================
====== JS ERROR CAUGHT ======
Unhandled Promise: TypeError: Failed to fetch
=============================
====== JS ERROR CAUGHT ======
Unhandled Promise: TypeError: Failed to fetch
=============================
====== JS ERROR CAUGHT ======
Unhandled Promise: TypeError: Failed to fetch
=============================
====== JS ERROR CAUGHT ======
Unhandled Promise: TypeError: Failed to fetch
=============================
====== JS ERROR CAUGHT ======
Unhandled Promise: TypeError: Failed to fetch
=============================
====== JS ERROR CAUGHT ======
Unhandled Promise: TypeError: Failed to fetch
=============================
====== JS ERROR CAUGHT ======
Unhandled Promise: TypeError: Failed to fetch
=============================
====== JS ERROR CAUGHT ======
Unhandled Promise: TypeError: Failed to fetch
=============================
====== JS ERROR CAUGHT ======
Unhandled Promise: TypeError: Failed to fetch
=============================
====== JS ERROR CAUGHT ======
Unhandled Promise: TypeError: Failed to fetch
=============================
====== JS ERROR CAUGHT ======
Unhandled Promise: TypeError: Failed to fetch
=============================
====== JS ERROR CAUGHT ======
Unhandled Promise: TypeError: Failed to fetch
=============================
====== JS ERROR CAUGHT ======
Unhandled Promise: TypeError: Failed to fetch
=============================
====== JS ERROR CAUGHT ======
Unhandled Promise: TypeError: Failed to fetch
=============================
====== JS ERROR CAUGHT ======
Unhandled Promise: TypeError: Failed to fetch
=============================
====== JS ERROR CAUGHT ======
Unhandled Promise: TypeError: Failed to fetch
=============================
====== JS ERROR CAUGHT ======
Unhandled Promise: TypeError: Failed to fetch
=============================
====== JS ERROR CAUGHT ======
Unhandled Promise: TypeError: Failed to fetch
=============================
====== JS ERROR CAUGHT ======
Unhandled Promise: TypeError: Failed to fetch
=============================
====== JS ERROR CAUGHT ======
Unhandled Promise: TypeError: Failed to fetch
=============================
====== JS ERROR CAUGHT ======
Unhandled Promise: TypeError: Failed to fetch
=============================
====== JS ERROR CAUGHT ======
Unhandled Promise: TypeError: Failed to fetch
=============================
====== JS ERROR CAUGHT ======
Unhandled Promise: TypeError: Failed to fetch
=============================
====== JS ERROR CAUGHT ======
Unhandled Promise: TypeError: Failed to fetch
=============================
====== JS ERROR CAUGHT ======
Unhandled Promise: TypeError: Failed to fetch
=============================
====== JS ERROR CAUGHT ======
Unhandled Promise: TypeError: Failed to fetch
=============================
====== JS ERROR CAUGHT ======
Unhandled Promise: TypeError: Failed to fetch
=============================
====== JS ERROR CAUGHT ======
Unhandled Promise: TypeError: Failed to fetch
=============================
====== JS ERROR CAUGHT ======
Unhandled Promise: TypeError: Failed to fetch
=============================
====== JS ERROR CAUGHT ======
Unhandled Promise: TypeError: Failed to fetch
=============================
====== JS ERROR CAUGHT ======
Unhandled Promise: TypeError: Failed to fetch
=============================
====== JS ERROR CAUGHT ======
Unhandled Promise: TypeError: Failed to fetch
=============================
====== JS ERROR CAUGHT ======
Unhandled Promise: TypeError: Failed to fetch
=============================
====== JS ERROR CAUGHT ======
Unhandled Promise: TypeError: Failed to fetch
=============================
====== JS ERROR CAUGHT ======
Unhandled Promise: TypeError: Failed to fetch
=============================
====== JS ERROR CAUGHT ======
Unhandled Promise: TypeError: Failed to fetch
=============================
====== JS ERROR CAUGHT ======
Unhandled Promise: TypeError: Failed to fetch
=============================
====== JS ERROR CAUGHT ======
Unhandled Promise: TypeError: Failed to fetch
=============================
====== JS ERROR CAUGHT ======
Unhandled Promise: TypeError: Failed to fetch
=============================
====== JS ERROR CAUGHT ======
Unhandled Promise: TypeError: Failed to fetch
=============================
====== JS ERROR CAUGHT ======
Unhandled Promise: TypeError: Failed to fetch
=============================
====== JS ERROR CAUGHT ======
Unhandled Promise: TypeError: Failed to fetch
=============================
====== JS ERROR CAUGHT ======
Unhandled Promise: TypeError: Failed to fetch
=============================
====== JS ERROR CAUGHT ======
Unhandled Promise: TypeError: Failed to fetch
=============================
====== JS ERROR CAUGHT ======
Unhandled Promise: TypeError: Failed to fetch
=============================
====== JS ERROR CAUGHT ======
Unhandled Promise: TypeError: Failed to fetch
=============================
====== JS ERROR CAUGHT ======
Unhandled Promise: TypeError: Failed to fetch
=============================
====== JS ERROR CAUGHT ======
Unhandled Promise: TypeError: Failed to fetch
=============================
====== JS ERROR CAUGHT ======
Unhandled Promise: TypeError: Failed to fetch
=============================
====== JS ERROR CAUGHT ======
Unhandled Promise: TypeError: Failed to fetch
=============================
====== JS ERROR CAUGHT ======
Unhandled Promise: TypeError: Failed to fetch
=============================
====== JS ERROR CAUGHT ======
Unhandled Promise: TypeError: Failed to fetch
=============================
====== JS ERROR CAUGHT ======
Unhandled Promise: TypeError: Failed to fetch
=============================
====== JS ERROR CAUGHT ======
Unhandled Promise: TypeError: Failed to fetch
=============================
====== JS ERROR CAUGHT ======
Unhandled Promise: TypeError: Failed to fetch
=============================
====== JS ERROR CAUGHT ======
Unhandled Promise: TypeError: Failed to fetch
=============================
====== JS ERROR CAUGHT ======
Unhandled Promise: TypeError: Failed to fetch
=============================
====== JS ERROR CAUGHT ======
Unhandled Promise: TypeError: Failed to fetch
=============================
====== JS ERROR CAUGHT ======
Unhandled Promise: TypeError: Failed to fetch
=============================
====== JS ERROR CAUGHT ======
Unhandled Promise: TypeError: Failed to fetch
=============================
====== JS ERROR CAUGHT ======
Unhandled Promise: TypeError: Failed to fetch
=============================
====== JS ERROR CAUGHT ======
Unhandled Promise: TypeError: Failed to fetch
=============================
====== JS ERROR CAUGHT ======
Unhandled Promise: TypeError: Failed to fetch
=============================
====== JS ERROR CAUGHT ======
Unhandled Promise: TypeError: Failed to fetch
=============================
====== JS ERROR CAUGHT ======
Unhandled Promise: TypeError: Failed to fetch
=============================
====== JS ERROR CAUGHT ======
Unhandled Promise: TypeError: Failed to fetch
=============================
====== JS ERROR CAUGHT ======
Unhandled Promise: TypeError: Failed to fetch
=============================
====== JS ERROR CAUGHT ======
Unhandled Promise: TypeError: Failed to fetch
=============================
====== JS ERROR CAUGHT ======
Unhandled Promise: TypeError: Failed to fetch
=============================
====== JS ERROR CAUGHT ======
Unhandled Promise: TypeError: Failed to fetch
=============================
====== JS ERROR CAUGHT ======
Unhandled Promise: TypeError: Failed to fetch
=============================
====== JS ERROR CAUGHT ======
Unhandled Promise: TypeError: Failed to fetch
=============================
====== JS ERROR CAUGHT ======
Unhandled Promise: TypeError: Failed to fetch
=============================
====== JS ERROR CAUGHT ======
Unhandled Promise: TypeError: Failed to fetch
=============================
====== JS ERROR CAUGHT ======
Unhandled Promise: TypeError: Failed to fetch
=============================
====== JS ERROR CAUGHT ======
Unhandled Promise: TypeError: Failed to fetch
=============================
====== JS ERROR CAUGHT ======
Unhandled Promise: TypeError: Failed to fetch
=============================
====== JS ERROR CAUGHT ======
Unhandled Promise: TypeError: Failed to fetch
=============================
====== JS ERROR CAUGHT ======
Unhandled Promise: TypeError: Failed to fetch
=============================
====== JS ERROR CAUGHT ======
Unhandled Promise: TypeError: Failed to fetch
=============================
====== JS ERROR CAUGHT ======
Unhandled Promise: TypeError: Failed to fetch
=============================
====== JS ERROR CAUGHT ======
Unhandled Promise: TypeError: Failed to fetch
=============================
====== JS ERROR CAUGHT ======
Unhandled Promise: TypeError: Failed to fetch
=============================
====== JS ERROR CAUGHT ======
Unhandled Promise: TypeError: Failed to fetch
=============================
====== JS ERROR CAUGHT ======
Unhandled Promise: TypeError: Failed to fetch
=============================
====== JS ERROR CAUGHT ======
Unhandled Promise: TypeError: Failed to fetch
=============================
====== JS ERROR CAUGHT ======
Unhandled Promise: TypeError: Failed to fetch
=============================
====== JS ERROR CAUGHT ======
Unhandled Promise: TypeError: Failed to fetch
=============================
====== JS ERROR CAUGHT ======
Unhandled Promise: TypeError: Failed to fetch
=============================
====== JS ERROR CAUGHT ======
Unhandled Promise: TypeError: Failed to fetch
=============================
====== JS ERROR CAUGHT ======
Unhandled Promise: TypeError: Failed to fetch
=============================
====== JS ERROR CAUGHT ======
Unhandled Promise: TypeError: Failed to fetch
=============================
====== JS ERROR CAUGHT ======
Unhandled Promise: TypeError: Failed to fetch
=============================
====== JS ERROR CAUGHT ======
Unhandled Promise: TypeError: Failed to fetch
=============================
====== JS ERROR CAUGHT ======
Unhandled Promise: TypeError: Failed to fetch
=============================
====== JS ERROR CAUGHT ======
Unhandled Promise: TypeError: Failed to fetch
=============================
====== JS ERROR CAUGHT ======
Unhandled Promise: TypeError: Failed to fetch
=============================
====== JS ERROR CAUGHT ======
Unhandled Promise: TypeError: Failed to fetch
=============================
====== JS ERROR CAUGHT ======
Unhandled Promise: TypeError: Failed to fetch
=============================
====== JS ERROR CAUGHT ======
Unhandled Promise: TypeError: Failed to fetch
=============================
====== JS ERROR CAUGHT ======
Unhandled Promise: TypeError: Failed to fetch
=============================
====== JS ERROR CAUGHT ======
Unhandled Promise: TypeError: Failed to fetch
=============================
====== JS ERROR CAUGHT ======
Unhandled Promise: TypeError: Failed to fetch
=============================
====== JS ERROR CAUGHT ======
Unhandled Promise: TypeError: Failed to fetch
=============================
====== JS ERROR CAUGHT ======
Unhandled Promise: TypeError: Failed to fetch
=============================
====== JS ERROR CAUGHT ======
Unhandled Promise: TypeError: Failed to fetch
=============================
====== JS ERROR CAUGHT ======
Unhandled Promise: TypeError: Failed to fetch
=============================
====== JS ERROR CAUGHT ======
Unhandled Promise: TypeError: Failed to fetch
=============================
====== JS ERROR CAUGHT ======
Unhandled Promise: TypeError: Failed to fetch
=============================
====== JS ERROR CAUGHT ======
Unhandled Promise: TypeError: Failed to fetch
=============================
====== JS ERROR CAUGHT ======
Unhandled Promise: TypeError: Failed to fetch
=============================
====== JS ERROR CAUGHT ======
Unhandled Promise: TypeError: Failed to fetch
=============================
====== JS ERROR CAUGHT ======
Unhandled Promise: TypeError: Failed to fetch
=============================
====== JS ERROR CAUGHT ======
Unhandled Promise: TypeError: Failed to fetch
=============================
====== JS ERROR CAUGHT ======
Unhandled Promise: TypeError: Failed to fetch
=============================
====== JS ERROR CAUGHT ======
Unhandled Promise: TypeError: Failed to fetch
=============================
====== JS ERROR CAUGHT ======
Unhandled Promise: TypeError: Failed to fetch
=============================
====== JS ERROR CAUGHT ======
Unhandled Promise: TypeError: Failed to fetch
=============================
====== JS ERROR CAUGHT ======
Unhandled Promise: TypeError: Failed to fetch
=============================
====== JS ERROR CAUGHT ======
Unhandled Promise: TypeError: Failed to fetch
=============================
====== JS ERROR CAUGHT ======
Unhandled Promise: TypeError: Failed to fetch
=============================
====== JS ERROR CAUGHT ======
Unhandled Promise: TypeError: Failed to fetch
=============================
====== JS ERROR CAUGHT ======
Unhandled Promise: TypeError: Failed to fetch
=============================
====== JS ERROR CAUGHT ======
Unhandled Promise: TypeError: Failed to fetch
=============================
====== JS ERROR CAUGHT ======
Unhandled Promise: TypeError: Failed to fetch
=============================
====== JS ERROR CAUGHT ======
Unhandled Promise: TypeError: Failed to fetch
=============================
====== JS ERROR CAUGHT ======
Unhandled Promise: TypeError: Failed to fetch
=============================
====== JS ERROR CAUGHT ======
Unhandled Promise: TypeError: Failed to fetch
=============================
====== JS ERROR CAUGHT ======
Unhandled Promise: TypeError: Failed to fetch
=============================
====== JS ERROR CAUGHT ======
Unhandled Promise: TypeError: Failed to fetch
=============================
====== JS ERROR CAUGHT ======
Unhandled Promise: TypeError: Failed to fetch
=============================
====== JS ERROR CAUGHT ======
Unhandled Promise: TypeError: Failed to fetch
=============================
====== JS ERROR CAUGHT ======
Unhandled Promise: TypeError: Failed to fetch
=============================
====== JS ERROR CAUGHT ======
Unhandled Promise: TypeError: Failed to fetch
=============================
====== JS ERROR CAUGHT ======
Unhandled Promise: TypeError: Failed to fetch
=============================
====== JS ERROR CAUGHT ======
Unhandled Promise: TypeError: Failed to fetch
=============================
====== JS ERROR CAUGHT ======
Unhandled Promise: TypeError: Failed to fetch
=============================
====== JS ERROR CAUGHT ======
Unhandled Promise: TypeError: Failed to fetch
=============================
====== JS ERROR CAUGHT ======
Unhandled Promise: TypeError: Failed to fetch
=============================
====== JS ERROR CAUGHT ======
Unhandled Promise: TypeError: Failed to fetch
=============================
====== JS ERROR CAUGHT ======
Unhandled Promise: TypeError: Failed to fetch
=============================
====== JS ERROR CAUGHT ======
Unhandled Promise: TypeError: Failed to fetch
=============================
====== JS ERROR CAUGHT ======
Unhandled Promise: TypeError: Failed to fetch
=============================
====== JS ERROR CAUGHT ======
Unhandled Promise: TypeError: Failed to fetch
=============================
====== JS ERROR CAUGHT ======
Unhandled Promise: TypeError: Failed to fetch
=============================
====== JS ERROR CAUGHT ======
Unhandled Promise: TypeError: Failed to fetch
=============================
====== JS ERROR CAUGHT ======
Unhandled Promise: TypeError: Failed to fetch
=============================
====== JS ERROR CAUGHT ======
Unhandled Promise: TypeError: Failed to fetch
=============================
====== JS ERROR CAUGHT ======
Unhandled Promise: TypeError: Failed to fetch
=============================
====== JS ERROR CAUGHT ======
Unhandled Promise: TypeError: Failed to fetch
=============================
====== JS ERROR CAUGHT ======
Unhandled Promise: TypeError: Failed to fetch
=============================
====== JS ERROR CAUGHT ======
Unhandled Promise: TypeError: Failed to fetch
=============================
====== JS ERROR CAUGHT ======
Unhandled Promise: TypeError: Failed to fetch
=============================
====== JS ERROR CAUGHT ======
Unhandled Promise: TypeError: Failed to fetch
=============================
====== JS ERROR CAUGHT ======
Unhandled Promise: TypeError: Failed to fetch
=============================
====== JS ERROR CAUGHT ======
Unhandled Promise: TypeError: Failed to fetch
=============================
====== JS ERROR CAUGHT ======
Unhandled Promise: TypeError: Failed to fetch
=============================
====== JS ERROR CAUGHT ======
Unhandled Promise: TypeError: Failed to fetch
=============================
====== JS ERROR CAUGHT ======
Unhandled Promise: TypeError: Failed to fetch
=============================
====== JS ERROR CAUGHT ======
Unhandled Promise: TypeError: Failed to fetch
=============================
====== JS ERROR CAUGHT ======
Unhandled Promise: TypeError: Failed to fetch
=============================
====== JS ERROR CAUGHT ======
Unhandled Promise: TypeError: Failed to fetch
=============================
====== JS ERROR CAUGHT ======
Unhandled Promise: TypeError: Failed to fetch
=============================
====== JS ERROR CAUGHT ======
Unhandled Promise: TypeError: Failed to fetch
=============================
====== JS ERROR CAUGHT ======
Unhandled Promise: TypeError: Failed to fetch
=============================
====== JS ERROR CAUGHT ======
Unhandled Promise: TypeError: Failed to fetch
=============================
====== JS ERROR CAUGHT ======
Unhandled Promise: TypeError: Failed to fetch
=============================
====== JS ERROR CAUGHT ======
Unhandled Promise: TypeError: Failed to fetch
=============================
====== JS ERROR CAUGHT ======
Unhandled Promise: TypeError: Failed to fetch
=============================
====== JS ERROR CAUGHT ======
Unhandled Promise: TypeError: Failed to fetch
=============================
====== JS ERROR CAUGHT ======
Unhandled Promise: TypeError: Failed to fetch
=============================
====== JS ERROR CAUGHT ======
Unhandled Promise: TypeError: Failed to fetch
=============================
====== JS ERROR CAUGHT ======
Unhandled Promise: TypeError: Failed to fetch
=============================
====== JS ERROR CAUGHT ======
Unhandled Promise: TypeError: Failed to fetch
=============================
====== JS ERROR CAUGHT ======
Unhandled Promise: TypeError: Failed to fetch
=============================
====== JS ERROR CAUGHT ======
Unhandled Promise: TypeError: Failed to fetch
=============================
====== JS ERROR CAUGHT ======
Unhandled Promise: TypeError: Failed to fetch
=============================
====== JS ERROR CAUGHT ======
Unhandled Promise: TypeError: Failed to fetch
=============================
====== JS ERROR CAUGHT ======
Unhandled Promise: TypeError: Failed to fetch
=============================
====== JS ERROR CAUGHT ======
Unhandled Promise: TypeError: Failed to fetch
=============================
====== JS ERROR CAUGHT ======
Unhandled Promise: TypeError: Failed to fetch
=============================
====== JS ERROR CAUGHT ======
Unhandled Promise: TypeError: Failed to fetch
=============================
====== JS ERROR CAUGHT ======
Unhandled Promise: TypeError: Failed to fetch
=============================
====== JS ERROR CAUGHT ======
Unhandled Promise: TypeError: Failed to fetch
=============================
====== JS ERROR CAUGHT ======
Unhandled Promise: TypeError: Failed to fetch
=============================
====== JS ERROR CAUGHT ======
Unhandled Promise: TypeError: Failed to fetch
=============================
====== JS ERROR CAUGHT ======
Unhandled Promise: TypeError: Failed to fetch
=============================
====== JS ERROR CAUGHT ======
Unhandled Promise: TypeError: Failed to fetch
=============================
====== JS ERROR CAUGHT ======
Unhandled Promise: TypeError: Failed to fetch
=============================
====== JS ERROR CAUGHT ======
Unhandled Promise: TypeError: Failed to fetch
=============================
====== JS ERROR CAUGHT ======
Unhandled Promise: TypeError: Failed to fetch
=============================
====== JS ERROR CAUGHT ======
Unhandled Promise: TypeError: Failed to fetch
=============================
====== JS ERROR CAUGHT ======
Unhandled Promise: TypeError: Failed to fetch
=============================
====== JS ERROR CAUGHT ======
Unhandled Promise: TypeError: Failed to fetch
=============================
====== JS ERROR CAUGHT ======
Unhandled Promise: TypeError: Failed to fetch
=============================
====== JS ERROR CAUGHT ======
Unhandled Promise: TypeError: Failed to fetch
=============================
====== JS ERROR CAUGHT ======
Unhandled Promise: TypeError: Failed to fetch
=============================
====== JS ERROR CAUGHT ======
Unhandled Promise: TypeError: Failed to fetch
=============================
====== JS ERROR CAUGHT ======
Unhandled Promise: TypeError: Failed to fetch
=============================
====== JS ERROR CAUGHT ======
Unhandled Promise: TypeError: Failed to fetch
=============================
====== JS ERROR CAUGHT ======
Unhandled Promise: TypeError: Failed to fetch
=============================
====== JS ERROR CAUGHT ======
Unhandled Promise: TypeError: Failed to fetch
=============================
====== JS ERROR CAUGHT ======
Unhandled Promise: TypeError: Failed to fetch
=============================
====== JS ERROR CAUGHT ======
Unhandled Promise: TypeError: Failed to fetch
=============================
====== JS ERROR CAUGHT ======
Unhandled Promise: TypeError: Failed to fetch
=============================
====== JS ERROR CAUGHT ======
Unhandled Promise: TypeError: Failed to fetch
=============================
====== JS ERROR CAUGHT ======
Unhandled Promise: TypeError: Failed to fetch
=============================
====== JS ERROR CAUGHT ======
Unhandled Promise: TypeError: Failed to fetch
=============================
====== JS ERROR CAUGHT ======
Unhandled Promise: TypeError: Failed to fetch
=============================
====== JS ERROR CAUGHT ======
Unhandled Promise: TypeError: Failed to fetch
=============================
====== JS ERROR CAUGHT ======
Unhandled Promise: TypeError: Failed to fetch
=============================
====== JS ERROR CAUGHT ======
Unhandled Promise: TypeError: Failed to fetch
=============================
====== JS ERROR CAUGHT ======
Unhandled Promise: TypeError: Failed to fetch
=============================
====== JS ERROR CAUGHT ======
Unhandled Promise: TypeError: Failed to fetch
=============================
====== JS ERROR CAUGHT ======
Unhandled Promise: TypeError: Failed to fetch
=============================
====== JS ERROR CAUGHT ======
Unhandled Promise: TypeError: Failed to fetch
=============================
====== JS ERROR CAUGHT ======
Unhandled Promise: TypeError: Failed to fetch
=============================
====== JS ERROR CAUGHT ======
Unhandled Promise: TypeError: Failed to fetch
=============================
====== JS ERROR CAUGHT ======
Unhandled Promise: TypeError: Failed to fetch
=============================
====== JS ERROR CAUGHT ======
Unhandled Promise: TypeError: Failed to fetch
=============================
====== JS ERROR CAUGHT ======
Unhandled Promise: TypeError: Failed to fetch
=============================
====== JS ERROR CAUGHT ======
Unhandled Promise: TypeError: Failed to fetch
=============================
====== JS ERROR CAUGHT ======
Unhandled Promise: TypeError: Failed to fetch
=============================
====== JS ERROR CAUGHT ======
Unhandled Promise: TypeError: Failed to fetch
=============================
====== JS ERROR CAUGHT ======
Unhandled Promise: TypeError: Failed to fetch
=============================
====== JS ERROR CAUGHT ======
Unhandled Promise: TypeError: Failed to fetch
=============================
====== JS ERROR CAUGHT ======
Unhandled Promise: TypeError: Failed to fetch
=============================
====== JS ERROR CAUGHT ======
Unhandled Promise: TypeError: Failed to fetch
=============================
====== JS ERROR CAUGHT ======
Unhandled Promise: TypeError: Failed to fetch
=============================
====== JS ERROR CAUGHT ======
Unhandled Promise: TypeError: Failed to fetch
=============================
====== JS ERROR CAUGHT ======
Unhandled Promise: TypeError: Failed to fetch
=============================
====== JS ERROR CAUGHT ======
Unhandled Promise: TypeError: Failed to fetch
=============================
====== JS ERROR CAUGHT ======
Unhandled Promise: TypeError: Failed to fetch
=============================
====== JS ERROR CAUGHT ======
Unhandled Promise: TypeError: Failed to fetch
=============================
====== JS ERROR CAUGHT ======
Unhandled Promise: TypeError: Failed to fetch
=============================
====== JS ERROR CAUGHT ======
Unhandled Promise: TypeError: Failed to fetch
=============================
====== JS ERROR CAUGHT ======
Unhandled Promise: TypeError: Failed to fetch
=============================
====== JS ERROR CAUGHT ======
Unhandled Promise: TypeError: Failed to fetch
=============================
====== JS ERROR CAUGHT ======
Unhandled Promise: TypeError: Failed to fetch
=============================
====== JS ERROR CAUGHT ======
Unhandled Promise: TypeError: Failed to fetch
=============================
====== JS ERROR CAUGHT ======
Unhandled Promise: TypeError: Failed to fetch
=============================
====== JS ERROR CAUGHT ======
Unhandled Promise: TypeError: Failed to fetch
=============================
====== JS ERROR CAUGHT ======
Unhandled Promise: TypeError: Failed to fetch
=============================
====== JS ERROR CAUGHT ======
Unhandled Promise: TypeError: Failed to fetch
=============================
====== JS ERROR CAUGHT ======
Unhandled Promise: TypeError: Failed to fetch
=============================
====== JS ERROR CAUGHT ======
Unhandled Promise: TypeError: Failed to fetch
=============================
====== JS ERROR CAUGHT ======
Unhandled Promise: TypeError: Failed to fetch
=============================
====== JS ERROR CAUGHT ======
Unhandled Promise: TypeError: Failed to fetch
=============================
====== JS ERROR CAUGHT ======
Unhandled Promise: TypeError: Failed to fetch
=============================
====== JS ERROR CAUGHT ======
Unhandled Promise: TypeError: Failed to fetch
=============================
====== JS ERROR CAUGHT ======
Unhandled Promise: TypeError: Failed to fetch
=============================
====== JS ERROR CAUGHT ======
Unhandled Promise: TypeError: Failed to fetch
=============================
====== JS ERROR CAUGHT ======
Unhandled Promise: TypeError: Failed to fetch
=============================
====== JS ERROR CAUGHT ======
Unhandled Promise: TypeError: Failed to fetch
=============================
====== JS ERROR CAUGHT ======
Unhandled Promise: TypeError: Failed to fetch
=============================
====== JS ERROR CAUGHT ======
Unhandled Promise: TypeError: Failed to fetch
=============================
====== JS ERROR CAUGHT ======
Unhandled Promise: TypeError: Failed to fetch
=============================
====== JS ERROR CAUGHT ======
Unhandled Promise: TypeError: Failed to fetch
=============================
====== JS ERROR CAUGHT ======
Unhandled Promise: TypeError: Failed to fetch
=============================
====== JS ERROR CAUGHT ======
Unhandled Promise: TypeError: Failed to fetch
=============================
====== JS ERROR CAUGHT ======
Unhandled Promise: TypeError: Failed to fetch
=============================
====== JS ERROR CAUGHT ======
Unhandled Promise: TypeError: Failed to fetch
=============================
====== JS ERROR CAUGHT ======
Unhandled Promise: TypeError: Failed to fetch
=============================
====== JS ERROR CAUGHT ======
Unhandled Promise: TypeError: Failed to fetch
=============================
====== JS ERROR CAUGHT ======
Unhandled Promise: TypeError: Failed to fetch
=============================
====== JS ERROR CAUGHT ======
Unhandled Promise: TypeError: Failed to fetch
=============================
====== JS ERROR CAUGHT ======
Unhandled Promise: TypeError: Failed to fetch
=============================
====== JS ERROR CAUGHT ======
Unhandled Promise: TypeError: Failed to fetch
=============================
====== JS ERROR CAUGHT ======
Unhandled Promise: TypeError: Failed to fetch
=============================
====== JS ERROR CAUGHT ======
Unhandled Promise: TypeError: Failed to fetch
=============================
====== JS ERROR CAUGHT ======
Unhandled Promise: TypeError: Failed to fetch
=============================
====== JS ERROR CAUGHT ======
Unhandled Promise: TypeError: Failed to fetch
=============================
====== JS ERROR CAUGHT ======
Unhandled Promise: TypeError: Failed to fetch
=============================
====== JS ERROR CAUGHT ======
Unhandled Promise: TypeError: Failed to fetch
=============================
====== JS ERROR CAUGHT ======
Unhandled Promise: TypeError: Failed to fetch
=============================
====== JS ERROR CAUGHT ======
Unhandled Promise: TypeError: Failed to fetch
=============================
====== JS ERROR CAUGHT ======
Unhandled Promise: TypeError: Failed to fetch
=============================
====== JS ERROR CAUGHT ======
Unhandled Promise: TypeError: Failed to fetch
=============================
====== JS ERROR CAUGHT ======
Unhandled Promise: TypeError: Failed to fetch
=============================
====== JS ERROR CAUGHT ======
Unhandled Promise: TypeError: Failed to fetch
=============================
====== JS ERROR CAUGHT ======
Unhandled Promise: TypeError: Failed to fetch
=============================
====== JS ERROR CAUGHT ======
Unhandled Promise: TypeError: Failed to fetch
=============================
====== JS ERROR CAUGHT ======
Unhandled Promise: TypeError: Failed to fetch
=============================
====== JS ERROR CAUGHT ======
Unhandled Promise: TypeError: Failed to fetch
=============================
====== JS ERROR CAUGHT ======
Unhandled Promise: TypeError: Failed to fetch
=============================
====== JS ERROR CAUGHT ======
Unhandled Promise: TypeError: Failed to fetch
=============================
====== JS ERROR CAUGHT ======
Unhandled Promise: TypeError: Failed to fetch
=============================
====== JS ERROR CAUGHT ======
Unhandled Promise: TypeError: Failed to fetch
=============================
====== JS ERROR CAUGHT ======
Unhandled Promise: TypeError: Failed to fetch
=============================
====== JS ERROR CAUGHT ======
Unhandled Promise: TypeError: Failed to fetch
=============================
====== JS ERROR CAUGHT ======
Unhandled Promise: TypeError: Failed to fetch
=============================
====== JS ERROR CAUGHT ======
Unhandled Promise: TypeError: Failed to fetch
=============================
====== JS ERROR CAUGHT ======
Unhandled Promise: TypeError: Failed to fetch
=============================
====== JS ERROR CAUGHT ======
Unhandled Promise: TypeError: Failed to fetch
=============================
====== JS ERROR CAUGHT ======
Unhandled Promise: TypeError: Failed to fetch
=============================
====== JS ERROR CAUGHT ======
Unhandled Promise: TypeError: Failed to fetch
=============================
====== JS ERROR CAUGHT ======
Unhandled Promise: TypeError: Failed to fetch
=============================
====== JS ERROR CAUGHT ======
Unhandled Promise: TypeError: Failed to fetch
=============================
====== JS ERROR CAUGHT ======
Unhandled Promise: TypeError: Failed to fetch
=============================
====== JS ERROR CAUGHT ======
Unhandled Promise: TypeError: Failed to fetch
=============================
====== JS ERROR CAUGHT ======
Unhandled Promise: TypeError: Failed to fetch
=============================
====== JS ERROR CAUGHT ======
Unhandled Promise: TypeError: Failed to fetch
=============================
====== JS ERROR CAUGHT ======
Unhandled Promise: TypeError: Failed to fetch
=============================
====== JS ERROR CAUGHT ======
Unhandled Promise: TypeError: Failed to fetch
=============================
====== JS ERROR CAUGHT ======
Unhandled Promise: TypeError: Failed to fetch
=============================
====== JS ERROR CAUGHT ======
Unhandled Promise: TypeError: Failed to fetch
=============================
====== JS ERROR CAUGHT ======
Unhandled Promise: TypeError: Failed to fetch
=============================
====== JS ERROR CAUGHT ======
Unhandled Promise: TypeError: Failed to fetch
=============================
====== JS ERROR CAUGHT ======
Unhandled Promise: TypeError: Failed to fetch
=============================
====== JS ERROR CAUGHT ======
Unhandled Promise: TypeError: Failed to fetch
=============================
====== JS ERROR CAUGHT ======
Unhandled Promise: TypeError: Failed to fetch
=============================
====== JS ERROR CAUGHT ======
Unhandled Promise: TypeError: Failed to fetch
=============================
====== JS ERROR CAUGHT ======
Unhandled Promise: TypeError: Failed to fetch
=============================
====== JS ERROR CAUGHT ======
Unhandled Promise: TypeError: Failed to fetch
=============================
====== JS ERROR CAUGHT ======
Unhandled Promise: TypeError: Failed to fetch
=============================
====== JS ERROR CAUGHT ======
Unhandled Promise: TypeError: Failed to fetch
=============================
====== JS ERROR CAUGHT ======
Unhandled Promise: TypeError: Failed to fetch
=============================
====== JS ERROR CAUGHT ======
Unhandled Promise: TypeError: Failed to fetch
=============================
====== JS ERROR CAUGHT ======
Unhandled Promise: TypeError: Failed to fetch
=============================
====== JS ERROR CAUGHT ======
Unhandled Promise: TypeError: Failed to fetch
=============================
====== JS ERROR CAUGHT ======
Unhandled Promise: TypeError: Failed to fetch
=============================
====== JS ERROR CAUGHT ======
Unhandled Promise: TypeError: Failed to fetch
=============================
====== JS ERROR CAUGHT ======
Unhandled Promise: TypeError: Failed to fetch
=============================
====== JS ERROR CAUGHT ======
Unhandled Promise: TypeError: Failed to fetch
=============================
====== JS ERROR CAUGHT ======
Unhandled Promise: TypeError: Failed to fetch
=============================
====== JS ERROR CAUGHT ======
Unhandled Promise: TypeError: Failed to fetch
=============================
====== JS ERROR CAUGHT ======
Unhandled Promise: TypeError: Failed to fetch
=============================
====== JS ERROR CAUGHT ======
Unhandled Promise: TypeError: Failed to fetch
=============================
====== JS ERROR CAUGHT ======
Unhandled Promise: TypeError: Failed to fetch
=============================
====== JS ERROR CAUGHT ======
Unhandled Promise: TypeError: Failed to fetch
=============================
====== JS ERROR CAUGHT ======
Unhandled Promise: TypeError: Failed to fetch
=============================
====== JS ERROR CAUGHT ======
Unhandled Promise: TypeError: Failed to fetch
=============================
====== JS ERROR CAUGHT ======
Unhandled Promise: TypeError: Failed to fetch
=============================
====== JS ERROR CAUGHT ======
Unhandled Promise: TypeError: Failed to fetch
=============================
====== JS ERROR CAUGHT ======
Unhandled Promise: TypeError: Failed to fetch
=============================
====== JS ERROR CAUGHT ======
Unhandled Promise: TypeError: Failed to fetch
=============================
====== JS ERROR CAUGHT ======
Unhandled Promise: TypeError: Failed to fetch
=============================
====== JS ERROR CAUGHT ======
Unhandled Promise: TypeError: Failed to fetch
=============================
====== JS ERROR CAUGHT ======
Unhandled Promise: TypeError: Failed to fetch
=============================
====== JS ERROR CAUGHT ======
Unhandled Promise: TypeError: Failed to fetch
=============================
====== JS ERROR CAUGHT ======
Unhandled Promise: TypeError: Failed to fetch
=============================
====== JS ERROR CAUGHT ======
Unhandled Promise: TypeError: Failed to fetch
=============================
====== JS ERROR CAUGHT ======
Unhandled Promise: TypeError: Failed to fetch
=============================
====== JS ERROR CAUGHT ======
Unhandled Promise: TypeError: Failed to fetch
=============================
====== JS ERROR CAUGHT ======
Unhandled Promise: TypeError: Failed to fetch
=============================
====== JS ERROR CAUGHT ======
Unhandled Promise: TypeError: Failed to fetch
=============================
====== JS ERROR CAUGHT ======
Unhandled Promise: TypeError: Failed to fetch
=============================
====== JS ERROR CAUGHT ======
Unhandled Promise: TypeError: Failed to fetch
=============================
====== JS ERROR CAUGHT ======
Unhandled Promise: TypeError: Failed to fetch
=============================
====== JS ERROR CAUGHT ======
Unhandled Promise: TypeError: Failed to fetch
=============================
====== JS ERROR CAUGHT ======
Unhandled Promise: TypeError: Failed to fetch
=============================
====== JS ERROR CAUGHT ======
Unhandled Promise: TypeError: Failed to fetch
=============================
====== JS ERROR CAUGHT ======
Unhandled Promise: TypeError: Failed to fetch
=============================
====== JS ERROR CAUGHT ======
Unhandled Promise: TypeError: Failed to fetch
=============================
====== JS ERROR CAUGHT ======
Unhandled Promise: TypeError: Failed to fetch
=============================
====== JS ERROR CAUGHT ======
Unhandled Promise: TypeError: Failed to fetch
=============================
====== JS ERROR CAUGHT ======
Unhandled Promise: TypeError: Failed to fetch
=============================
====== JS ERROR CAUGHT ======
Unhandled Promise: TypeError: Failed to fetch
=============================
====== JS ERROR CAUGHT ======
Unhandled Promise: TypeError: Failed to fetch
=============================
====== JS ERROR CAUGHT ======
Unhandled Promise: TypeError: Failed to fetch
=============================
====== JS ERROR CAUGHT ======
Unhandled Promise: TypeError: Failed to fetch
=============================
====== JS ERROR CAUGHT ======
Unhandled Promise: TypeError: Failed to fetch
=============================
====== JS ERROR CAUGHT ======
Unhandled Promise: TypeError: Failed to fetch
=============================
====== JS ERROR CAUGHT ======
Unhandled Promise: TypeError: Failed to fetch
=============================
====== JS ERROR CAUGHT ======
Unhandled Promise: TypeError: Failed to fetch
=============================
====== JS ERROR CAUGHT ======
Unhandled Promise: TypeError: Failed to fetch
=============================
====== JS ERROR CAUGHT ======
Unhandled Promise: TypeError: Failed to fetch
=============================
====== JS ERROR CAUGHT ======
Unhandled Promise: TypeError: Failed to fetch
=============================
====== JS ERROR CAUGHT ======
Unhandled Promise: TypeError: Failed to fetch
=============================
====== JS ERROR CAUGHT ======
Unhandled Promise: TypeError: Failed to fetch
=============================
====== JS ERROR CAUGHT ======
Unhandled Promise: TypeError: Failed to fetch
=============================
====== JS ERROR CAUGHT ======
Unhandled Promise: TypeError: Failed to fetch
=============================
====== JS ERROR CAUGHT ======
Unhandled Promise: TypeError: Failed to fetch
=============================
====== JS ERROR CAUGHT ======
Unhandled Promise: TypeError: Failed to fetch
=============================
====== JS ERROR CAUGHT ======
Unhandled Promise: TypeError: Failed to fetch
=============================
====== JS ERROR CAUGHT ======
Unhandled Promise: TypeError: Failed to fetch
=============================
====== JS ERROR CAUGHT ======
Unhandled Promise: TypeError: Failed to fetch
=============================
====== JS ERROR CAUGHT ======
Unhandled Promise: TypeError: Failed to fetch
=============================
====== JS ERROR CAUGHT ======
Unhandled Promise: TypeError: Failed to fetch
=============================
====== JS ERROR CAUGHT ======
Unhandled Promise: TypeError: Failed to fetch
=============================
====== JS ERROR CAUGHT ======
Unhandled Promise: TypeError: Failed to fetch
=============================
====== JS ERROR CAUGHT ======
Unhandled Promise: TypeError: Failed to fetch
=============================
====== JS ERROR CAUGHT ======
Unhandled Promise: TypeError: Failed to fetch
=============================
====== JS ERROR CAUGHT ======
Unhandled Promise: TypeError: Failed to fetch
=============================
====== JS ERROR CAUGHT ======
Unhandled Promise: TypeError: Failed to fetch
=============================
====== JS ERROR CAUGHT ======
Unhandled Promise: TypeError: Failed to fetch
=============================
====== JS ERROR CAUGHT ======
Unhandled Promise: TypeError: Failed to fetch
=============================
====== JS ERROR CAUGHT ======
Unhandled Promise: TypeError: Failed to fetch
=============================
====== JS ERROR CAUGHT ======
Unhandled Promise: TypeError: Failed to fetch
=============================
====== JS ERROR CAUGHT ======
Unhandled Promise: TypeError: Failed to fetch
=============================
====== JS ERROR CAUGHT ======
Unhandled Promise: TypeError: Failed to fetch
=============================
====== JS ERROR CAUGHT ======
Unhandled Promise: TypeError: Failed to fetch
=============================
====== JS ERROR CAUGHT ======
Unhandled Promise: TypeError: Failed to fetch
=============================
====== JS ERROR CAUGHT ======
Unhandled Promise: TypeError: Failed to fetch
=============================
====== JS ERROR CAUGHT ======
Unhandled Promise: TypeError: Failed to fetch
=============================
====== JS ERROR CAUGHT ======
Unhandled Promise: TypeError: Failed to fetch
=============================
====== JS ERROR CAUGHT ======
Unhandled Promise: TypeError: Failed to fetch
=============================
====== JS ERROR CAUGHT ======
Unhandled Promise: TypeError: Failed to fetch
=============================
====== JS ERROR CAUGHT ======
Unhandled Promise: TypeError: Failed to fetch
=============================
====== JS ERROR CAUGHT ======
Unhandled Promise: TypeError: Failed to fetch
=============================
====== JS ERROR CAUGHT ======
Unhandled Promise: TypeError: Failed to fetch
=============================
====== JS ERROR CAUGHT ======
Unhandled Promise: TypeError: Failed to fetch
=============================
====== JS ERROR CAUGHT ======
Unhandled Promise: TypeError: Failed to fetch
=============================
====== JS ERROR CAUGHT ======
Unhandled Promise: TypeError: Failed to fetch
=============================
====== JS ERROR CAUGHT ======
Unhandled Promise: TypeError: Failed to fetch
=============================
====== JS ERROR CAUGHT ======
Unhandled Promise: TypeError: Failed to fetch
=============================
====== JS ERROR CAUGHT ======
Unhandled Promise: TypeError: Failed to fetch
=============================
====== JS ERROR CAUGHT ======
Unhandled Promise: TypeError: Failed to fetch
=============================
====== JS ERROR CAUGHT ======
Unhandled Promise: TypeError: Failed to fetch
=============================
====== JS ERROR CAUGHT ======
Unhandled Promise: TypeError: Failed to fetch
=============================
====== JS ERROR CAUGHT ======
Unhandled Promise: TypeError: Failed to fetch
=============================
====== JS ERROR CAUGHT ======
Unhandled Promise: TypeError: Failed to fetch
=============================
====== JS ERROR CAUGHT ======
Unhandled Promise: TypeError: Failed to fetch
=============================
====== JS ERROR CAUGHT ======
Unhandled Promise: TypeError: Failed to fetch
=============================
====== JS ERROR CAUGHT ======
Unhandled Promise: TypeError: Failed to fetch
=============================
====== JS ERROR CAUGHT ======
Unhandled Promise: TypeError: Failed to fetch
=============================
====== JS ERROR CAUGHT ======
Unhandled Promise: TypeError: Failed to fetch
=============================
====== JS ERROR CAUGHT ======
Unhandled Promise: TypeError: Failed to fetch
=============================
====== JS ERROR CAUGHT ======
Unhandled Promise: TypeError: Failed to fetch
=============================
====== JS ERROR CAUGHT ======
Unhandled Promise: TypeError: Failed to fetch
=============================
====== JS ERROR CAUGHT ======
Unhandled Promise: TypeError: Failed to fetch
=============================
====== JS ERROR CAUGHT ======
Unhandled Promise: TypeError: Failed to fetch
=============================
====== JS ERROR CAUGHT ======
Unhandled Promise: TypeError: Failed to fetch
=============================
====== JS ERROR CAUGHT ======
Unhandled Promise: TypeError: Failed to fetch
=============================
====== JS ERROR CAUGHT ======
Unhandled Promise: TypeError: Failed to fetch
=============================
====== JS ERROR CAUGHT ======
Unhandled Promise: TypeError: Failed to fetch
=============================
====== JS ERROR CAUGHT ======
Unhandled Promise: TypeError: Failed to fetch
=============================
====== JS ERROR CAUGHT ======
Unhandled Promise: TypeError: Failed to fetch
=============================
====== JS ERROR CAUGHT ======
Unhandled Promise: TypeError: Failed to fetch
=============================
====== JS ERROR CAUGHT ======
Unhandled Promise: TypeError: Failed to fetch
=============================
====== JS ERROR CAUGHT ======
Unhandled Promise: TypeError: Failed to fetch
=============================
====== JS ERROR CAUGHT ======
Unhandled Promise: TypeError: Failed to fetch
=============================
====== JS ERROR CAUGHT ======
Unhandled Promise: TypeError: Failed to fetch
=============================
====== JS ERROR CAUGHT ======
Unhandled Promise: TypeError: Failed to fetch
=============================
====== JS ERROR CAUGHT ======
Unhandled Promise: TypeError: Failed to fetch
=============================
====== JS ERROR CAUGHT ======
Unhandled Promise: TypeError: Failed to fetch
=============================
====== JS ERROR CAUGHT ======
Unhandled Promise: TypeError: Failed to fetch
=============================
====== JS ERROR CAUGHT ======
Unhandled Promise: TypeError: Failed to fetch
=============================
====== JS ERROR CAUGHT ======
Unhandled Promise: TypeError: Failed to fetch
=============================
====== JS ERROR CAUGHT ======
Unhandled Promise: TypeError: Failed to fetch
=============================
====== JS ERROR CAUGHT ======
Unhandled Promise: TypeError: Failed to fetch
=============================
====== JS ERROR CAUGHT ======
Unhandled Promise: TypeError: Failed to fetch
=============================
====== JS ERROR CAUGHT ======
Unhandled Promise: TypeError: Failed to fetch
=============================
====== JS ERROR CAUGHT ======
Unhandled Promise: TypeError: Failed to fetch
=============================
====== JS ERROR CAUGHT ======
Unhandled Promise: TypeError: Failed to fetch
=============================
====== JS ERROR CAUGHT ======
Unhandled Promise: TypeError: Failed to fetch
=============================
====== JS ERROR CAUGHT ======
Unhandled Promise: TypeError: Failed to fetch
=============================
====== JS ERROR CAUGHT ======
Unhandled Promise: TypeError: Failed to fetch
=============================
====== JS ERROR CAUGHT ======
Unhandled Promise: TypeError: Failed to fetch
=============================
====== JS ERROR CAUGHT ======
Unhandled Promise: TypeError: Failed to fetch
=============================
====== JS ERROR CAUGHT ======
Unhandled Promise: TypeError: Failed to fetch
=============================
====== JS ERROR CAUGHT ======
Unhandled Promise: TypeError: Failed to fetch
=============================
====== JS ERROR CAUGHT ======
Unhandled Promise: TypeError: Failed to fetch
=============================
====== JS ERROR CAUGHT ======
Unhandled Promise: TypeError: Failed to fetch
=============================
====== JS ERROR CAUGHT ======
Unhandled Promise: TypeError: Failed to fetch
=============================
====== JS ERROR CAUGHT ======
Unhandled Promise: TypeError: Failed to fetch
=============================
====== JS ERROR CAUGHT ======
Unhandled Promise: TypeError: Failed to fetch
=============================
====== JS ERROR CAUGHT ======
Unhandled Promise: TypeError: Failed to fetch
=============================
====== JS ERROR CAUGHT ======
Unhandled Promise: TypeError: Failed to fetch
=============================
====== JS ERROR CAUGHT ======
Unhandled Promise: TypeError: Failed to fetch
=============================
====== JS ERROR CAUGHT ======
Unhandled Promise: TypeError: Failed to fetch
=============================
====== JS ERROR CAUGHT ======
Unhandled Promise: TypeError: Failed to fetch
=============================
====== JS ERROR CAUGHT ======
Unhandled Promise: TypeError: Failed to fetch
=============================
====== JS ERROR CAUGHT ======
Unhandled Promise: TypeError: Failed to fetch
=============================
====== JS ERROR CAUGHT ======
Unhandled Promise: TypeError: Failed to fetch
=============================
====== JS ERROR CAUGHT ======
Unhandled Promise: TypeError: Failed to fetch
=============================
====== JS ERROR CAUGHT ======
Unhandled Promise: TypeError: Failed to fetch
=============================
====== JS ERROR CAUGHT ======
Unhandled Promise: TypeError: Failed to fetch
=============================
====== JS ERROR CAUGHT ======
Unhandled Promise: TypeError: Failed to fetch
=============================
====== JS ERROR CAUGHT ======
Unhandled Promise: TypeError: Failed to fetch
=============================
====== JS ERROR CAUGHT ======
Unhandled Promise: TypeError: Failed to fetch
=============================
====== JS ERROR CAUGHT ======
Unhandled Promise: TypeError: Failed to fetch
=============================
====== JS ERROR CAUGHT ======
Unhandled Promise: TypeError: Failed to fetch
=============================
====== JS ERROR CAUGHT ======
Unhandled Promise: TypeError: Failed to fetch
=============================
====== JS ERROR CAUGHT ======
Unhandled Promise: TypeError: Failed to fetch
=============================
====== JS ERROR CAUGHT ======
Unhandled Promise: TypeError: Failed to fetch
=============================
====== JS ERROR CAUGHT ======
Unhandled Promise: TypeError: Failed to fetch
=============================
====== JS ERROR CAUGHT ======
Unhandled Promise: TypeError: Failed to fetch
=============================
====== JS ERROR CAUGHT ======
Unhandled Promise: TypeError: Failed to fetch
=============================
====== JS ERROR CAUGHT ======
Unhandled Promise: TypeError: Failed to fetch
=============================
====== JS ERROR CAUGHT ======
Unhandled Promise: TypeError: Failed to fetch
=============================
====== JS ERROR CAUGHT ======
Unhandled Promise: TypeError: Failed to fetch
=============================
====== JS ERROR CAUGHT ======
Unhandled Promise: TypeError: Failed to fetch
=============================
====== JS ERROR CAUGHT ======
Unhandled Promise: TypeError: Failed to fetch
=============================
====== JS ERROR CAUGHT ======
Unhandled Promise: TypeError: Failed to fetch
=============================
====== JS ERROR CAUGHT ======
Unhandled Promise: TypeError: Failed to fetch
=============================
====== JS ERROR CAUGHT ======
Unhandled Promise: TypeError: Failed to fetch
=============================
====== JS ERROR CAUGHT ======
Unhandled Promise: TypeError: Failed to fetch
=============================
====== JS ERROR CAUGHT ======
Unhandled Promise: TypeError: Failed to fetch
=============================
====== JS ERROR CAUGHT ======
Unhandled Promise: TypeError: Failed to fetch
=============================
====== JS ERROR CAUGHT ======
Unhandled Promise: TypeError: Failed to fetch
=============================
====== JS ERROR CAUGHT ======
Unhandled Promise: TypeError: Failed to fetch
=============================
====== JS ERROR CAUGHT ======
Unhandled Promise: TypeError: Failed to fetch
=============================
====== JS ERROR CAUGHT ======
Unhandled Promise: TypeError: Failed to fetch
=============================
====== JS ERROR CAUGHT ======
Unhandled Promise: TypeError: Failed to fetch
=============================
====== JS ERROR CAUGHT ======
Unhandled Promise: TypeError: Failed to fetch
=============================
====== JS ERROR CAUGHT ======
Unhandled Promise: TypeError: Failed to fetch
=============================
====== JS ERROR CAUGHT ======
Unhandled Promise: TypeError: Failed to fetch
=============================
====== JS ERROR CAUGHT ======
Unhandled Promise: TypeError: Failed to fetch
=============================
====== JS ERROR CAUGHT ======
Unhandled Promise: TypeError: Failed to fetch
=============================
====== JS ERROR CAUGHT ======
Unhandled Promise: TypeError: Failed to fetch
=============================
====== JS ERROR CAUGHT ======
Unhandled Promise: TypeError: Failed to fetch
=============================
====== JS ERROR CAUGHT ======
Unhandled Promise: TypeError: Failed to fetch
=============================
====== JS ERROR CAUGHT ======
Unhandled Promise: TypeError: Failed to fetch
=============================
====== JS ERROR CAUGHT ======
Unhandled Promise: TypeError: Failed to fetch
=============================
====== JS ERROR CAUGHT ======
Unhandled Promise: TypeError: Failed to fetch
=============================
====== JS ERROR CAUGHT ======
Unhandled Promise: TypeError: Failed to fetch
=============================
====== JS ERROR CAUGHT ======
Unhandled Promise: TypeError: Failed to fetch
=============================
====== JS ERROR CAUGHT ======
Unhandled Promise: TypeError: Failed to fetch
=============================
====== JS ERROR CAUGHT ======
Unhandled Promise: TypeError: Failed to fetch
=============================
====== JS ERROR CAUGHT ======
Unhandled Promise: TypeError: Failed to fetch
=============================
====== JS ERROR CAUGHT ======
Unhandled Promise: TypeError: Failed to fetch
=============================
====== JS ERROR CAUGHT ======
Unhandled Promise: TypeError: Failed to fetch
=============================
====== JS ERROR CAUGHT ======
Unhandled Promise: TypeError: Failed to fetch
=============================
====== JS ERROR CAUGHT ======
Unhandled Promise: TypeError: Failed to fetch
=============================
====== JS ERROR CAUGHT ======
Unhandled Promise: TypeError: Failed to fetch
=============================
====== JS ERROR CAUGHT ======
Unhandled Promise: TypeError: Failed to fetch
=============================
====== JS ERROR CAUGHT ======
Unhandled Promise: TypeError: Failed to fetch
=============================
====== JS ERROR CAUGHT ======
Unhandled Promise: TypeError: Failed to fetch
=============================
====== JS ERROR CAUGHT ======
Unhandled Promise: TypeError: Failed to fetch
=============================
====== JS ERROR CAUGHT ======
Unhandled Promise: TypeError: Failed to fetch
=============================
====== JS ERROR CAUGHT ======
Unhandled Promise: TypeError: Failed to fetch
=============================
====== JS ERROR CAUGHT ======
Unhandled Promise: TypeError: Failed to fetch
=============================
====== JS ERROR CAUGHT ======
Unhandled Promise: TypeError: Failed to fetch
=============================
====== JS ERROR CAUGHT ======
Unhandled Promise: TypeError: Failed to fetch
=============================
====== JS ERROR CAUGHT ======
Unhandled Promise: TypeError: Failed to fetch
=============================
====== JS ERROR CAUGHT ======
Unhandled Promise: TypeError: Failed to fetch
=============================
====== JS ERROR CAUGHT ======
Unhandled Promise: TypeError: Failed to fetch
=============================
====== JS ERROR CAUGHT ======
Unhandled Promise: TypeError: Failed to fetch
=============================
====== JS ERROR CAUGHT ======
Unhandled Promise: TypeError: Failed to fetch
=============================
====== JS ERROR CAUGHT ======
Unhandled Promise: TypeError: Failed to fetch
=============================
====== JS ERROR CAUGHT ======
Unhandled Promise: TypeError: Failed to fetch
=============================
====== JS ERROR CAUGHT ======
Unhandled Promise: TypeError: Failed to fetch
=============================
====== JS ERROR CAUGHT ======
Unhandled Promise: TypeError: Failed to fetch
=============================
====== JS ERROR CAUGHT ======
Unhandled Promise: TypeError: Failed to fetch
=============================
====== JS ERROR CAUGHT ======
Unhandled Promise: TypeError: Failed to fetch
=============================
====== JS ERROR CAUGHT ======
Unhandled Promise: TypeError: Failed to fetch
=============================
====== JS ERROR CAUGHT ======
Unhandled Promise: TypeError: Failed to fetch
=============================
====== JS ERROR CAUGHT ======
Unhandled Promise: TypeError: Failed to fetch
=============================
====== JS ERROR CAUGHT ======
Unhandled Promise: TypeError: Failed to fetch
=============================
====== JS ERROR CAUGHT ======
Unhandled Promise: TypeError: Failed to fetch
=============================
====== JS ERROR CAUGHT ======
Unhandled Promise: TypeError: Failed to fetch
=============================
====== JS ERROR CAUGHT ======
Unhandled Promise: TypeError: Failed to fetch
=============================
====== JS ERROR CAUGHT ======
Unhandled Promise: TypeError: Failed to fetch
=============================
====== JS ERROR CAUGHT ======
Unhandled Promise: TypeError: Failed to fetch
=============================
====== JS ERROR CAUGHT ======
Unhandled Promise: TypeError: Failed to fetch
=============================
====== JS ERROR CAUGHT ======
Unhandled Promise: TypeError: Failed to fetch
=============================
====== JS ERROR CAUGHT ======
Unhandled Promise: TypeError: Failed to fetch
=============================
====== JS ERROR CAUGHT ======
Unhandled Promise: TypeError: Failed to fetch
=============================
====== JS ERROR CAUGHT ======
Unhandled Promise: TypeError: Failed to fetch
=============================
====== JS ERROR CAUGHT ======
Unhandled Promise: TypeError: Failed to fetch
=============================
====== JS ERROR CAUGHT ======
Unhandled Promise: TypeError: Failed to fetch
=============================
====== JS ERROR CAUGHT ======
Unhandled Promise: TypeError: Failed to fetch
=============================
====== JS ERROR CAUGHT ======
Unhandled Promise: TypeError: Failed to fetch
=============================
====== JS ERROR CAUGHT ======
Unhandled Promise: TypeError: Failed to fetch
=============================
====== JS ERROR CAUGHT ======
Unhandled Promise: TypeError: Failed to fetch
=============================
====== JS ERROR CAUGHT ======
Unhandled Promise: TypeError: Failed to fetch
=============================
====== JS ERROR CAUGHT ======
Unhandled Promise: TypeError: Failed to fetch
=============================
====== JS ERROR CAUGHT ======
Unhandled Promise: TypeError: Failed to fetch
=============================
====== JS ERROR CAUGHT ======
Unhandled Promise: TypeError: Failed to fetch
=============================
====== JS ERROR CAUGHT ======
Unhandled Promise: TypeError: Failed to fetch
=============================
====== JS ERROR CAUGHT ======
Unhandled Promise: TypeError: Failed to fetch
=============================
====== JS ERROR CAUGHT ======
Unhandled Promise: TypeError: Failed to fetch
=============================
====== JS ERROR CAUGHT ======
Unhandled Promise: TypeError: Failed to fetch
=============================
====== JS ERROR CAUGHT ======
Unhandled Promise: TypeError: Failed to fetch
=============================
====== JS ERROR CAUGHT ======
Unhandled Promise: TypeError: Failed to fetch
=============================
====== JS ERROR CAUGHT ======
Unhandled Promise: TypeError: Failed to fetch
=============================
====== JS ERROR CAUGHT ======
Unhandled Promise: TypeError: Failed to fetch
=============================
====== JS ERROR CAUGHT ======
Unhandled Promise: TypeError: Failed to fetch
=============================
====== JS ERROR CAUGHT ======
Unhandled Promise: TypeError: Failed to fetch
=============================
====== JS ERROR CAUGHT ======
Unhandled Promise: TypeError: Failed to fetch
=============================
====== JS ERROR CAUGHT ======
Unhandled Promise: TypeError: Failed to fetch
=============================
====== JS ERROR CAUGHT ======
Unhandled Promise: TypeError: Failed to fetch
=============================
====== JS ERROR CAUGHT ======
Unhandled Promise: TypeError: Failed to fetch
=============================
====== JS ERROR CAUGHT ======
Unhandled Promise: TypeError: Failed to fetch
=============================
====== JS ERROR CAUGHT ======
Unhandled Promise: TypeError: Failed to fetch
=============================
====== JS ERROR CAUGHT ======
Unhandled Promise: TypeError: Failed to fetch
=============================
====== JS ERROR CAUGHT ======
Unhandled Promise: TypeError: Failed to fetch
=============================
====== JS ERROR CAUGHT ======
Unhandled Promise: TypeError: Failed to fetch
=============================
====== JS ERROR CAUGHT ======
Unhandled Promise: TypeError: Failed to fetch
=============================
====== JS ERROR CAUGHT ======
Unhandled Promise: TypeError: Failed to fetch
=============================
====== JS ERROR CAUGHT ======
Unhandled Promise: TypeError: Failed to fetch
=============================
====== JS ERROR CAUGHT ======
Unhandled Promise: TypeError: Failed to fetch
=============================
====== JS ERROR CAUGHT ======
Unhandled Promise: TypeError: Failed to fetch
=============================
====== JS ERROR CAUGHT ======
Unhandled Promise: TypeError: Failed to fetch
=============================
====== JS ERROR CAUGHT ======
Unhandled Promise: TypeError: Failed to fetch
=============================
====== JS ERROR CAUGHT ======
Unhandled Promise: TypeError: Failed to fetch
=============================
====== JS ERROR CAUGHT ======
Unhandled Promise: TypeError: Failed to fetch
=============================
====== JS ERROR CAUGHT ======
Unhandled Promise: TypeError: Failed to fetch
=============================
====== JS ERROR CAUGHT ======
Unhandled Promise: TypeError: Failed to fetch
=============================
====== JS ERROR CAUGHT ======
Unhandled Promise: TypeError: Failed to fetch
=============================
====== JS ERROR CAUGHT ======
Unhandled Promise: TypeError: Failed to fetch
=============================
====== JS ERROR CAUGHT ======
Unhandled Promise: TypeError: Failed to fetch
=============================
====== JS ERROR CAUGHT ======
Unhandled Promise: TypeError: Failed to fetch
=============================
====== JS ERROR CAUGHT ======
Unhandled Promise: TypeError: Failed to fetch
=============================
====== JS ERROR CAUGHT ======
Unhandled Promise: TypeError: Failed to fetch
=============================
====== JS ERROR CAUGHT ======
Unhandled Promise: TypeError: Failed to fetch
=============================
====== JS ERROR CAUGHT ======
Unhandled Promise: TypeError: Failed to fetch
=============================
====== JS ERROR CAUGHT ======
Unhandled Promise: TypeError: Failed to fetch
=============================
====== JS ERROR CAUGHT ======
Unhandled Promise: TypeError: Failed to fetch
=============================
====== JS ERROR CAUGHT ======
Unhandled Promise: TypeError: Failed to fetch
=============================
====== JS ERROR CAUGHT ======
Unhandled Promise: TypeError: Failed to fetch
=============================
====== JS ERROR CAUGHT ======
Unhandled Promise: TypeError: Failed to fetch
=============================
====== JS ERROR CAUGHT ======
Unhandled Promise: TypeError: Failed to fetch
=============================
====== JS ERROR CAUGHT ======
Unhandled Promise: TypeError: Failed to fetch
=============================
====== JS ERROR CAUGHT ======
Unhandled Promise: TypeError: Failed to fetch
=============================
====== JS ERROR CAUGHT ======
Unhandled Promise: TypeError: Failed to fetch
=============================
====== JS ERROR CAUGHT ======
Unhandled Promise: TypeError: Failed to fetch
=============================
====== JS ERROR CAUGHT ======
Unhandled Promise: TypeError: Failed to fetch
=============================
====== JS ERROR CAUGHT ======
Unhandled Promise: TypeError: Failed to fetch
=============================
====== JS ERROR CAUGHT ======
Unhandled Promise: TypeError: Failed to fetch
=============================
====== JS ERROR CAUGHT ======
Unhandled Promise: TypeError: Failed to fetch
=============================
====== JS ERROR CAUGHT ======
Unhandled Promise: TypeError: Failed to fetch
=============================
====== JS ERROR CAUGHT ======
Unhandled Promise: TypeError: Failed to fetch
=============================
====== JS ERROR CAUGHT ======
Unhandled Promise: TypeError: Failed to fetch
=============================
====== JS ERROR CAUGHT ======
Unhandled Promise: TypeError: Failed to fetch
=============================
====== JS ERROR CAUGHT ======
Unhandled Promise: TypeError: Failed to fetch
=============================
====== JS ERROR CAUGHT ======
Unhandled Promise: TypeError: Failed to fetch
=============================
====== JS ERROR CAUGHT ======
Unhandled Promise: TypeError: Failed to fetch
=============================
====== JS ERROR CAUGHT ======
Unhandled Promise: TypeError: Failed to fetch
=============================
====== JS ERROR CAUGHT ======
Unhandled Promise: TypeError: Failed to fetch
=============================
====== JS ERROR CAUGHT ======
Unhandled Promise: TypeError: Failed to fetch
=============================
====== JS ERROR CAUGHT ======
Unhandled Promise: TypeError: Failed to fetch
=============================
====== JS ERROR CAUGHT ======
Unhandled Promise: TypeError: Failed to fetch
=============================
====== JS ERROR CAUGHT ======
Unhandled Promise: TypeError: Failed to fetch
=============================
====== JS ERROR CAUGHT ======
Unhandled Promise: TypeError: Failed to fetch
=============================
====== JS ERROR CAUGHT ======
Unhandled Promise: TypeError: Failed to fetch
=============================
====== JS ERROR CAUGHT ======
Unhandled Promise: TypeError: Failed to fetch
=============================
====== JS ERROR CAUGHT ======
Unhandled Promise: TypeError: Failed to fetch
=============================
====== JS ERROR CAUGHT ======
Unhandled Promise: TypeError: Failed to fetch
=============================
====== JS ERROR CAUGHT ======
Unhandled Promise: TypeError: Failed to fetch
=============================
====== JS ERROR CAUGHT ======
Unhandled Promise: TypeError: Failed to fetch
=============================
====== JS ERROR CAUGHT ======
Unhandled Promise: TypeError: Failed to fetch
=============================
====== JS ERROR CAUGHT ======
Unhandled Promise: TypeError: Failed to fetch
=============================
====== JS ERROR CAUGHT ======
Unhandled Promise: TypeError: Failed to fetch
=============================
====== JS ERROR CAUGHT ======
Unhandled Promise: TypeError: Failed to fetch
=============================
====== JS ERROR CAUGHT ======
Unhandled Promise: TypeError: Failed to fetch
=============================
====== JS ERROR CAUGHT ======
Unhandled Promise: TypeError: Failed to fetch
=============================
====== JS ERROR CAUGHT ======
Unhandled Promise: TypeError: Failed to fetch
=============================
====== JS ERROR CAUGHT ======
Unhandled Promise: TypeError: Failed to fetch
=============================
====== JS ERROR CAUGHT ======
Unhandled Promise: TypeError: Failed to fetch
=============================
====== JS ERROR CAUGHT ======
Unhandled Promise: TypeError: Failed to fetch
=============================
====== JS ERROR CAUGHT ======
Unhandled Promise: TypeError: Failed to fetch
=============================
====== JS ERROR CAUGHT ======
Unhandled Promise: TypeError: Failed to fetch
=============================
====== JS ERROR CAUGHT ======
Unhandled Promise: TypeError: Failed to fetch
=============================
====== JS ERROR CAUGHT ======
Unhandled Promise: TypeError: Failed to fetch
=============================
====== JS ERROR CAUGHT ======
Unhandled Promise: TypeError: Failed to fetch
=============================
====== JS ERROR CAUGHT ======
Unhandled Promise: TypeError: Failed to fetch
=============================
====== JS ERROR CAUGHT ======
Unhandled Promise: TypeError: Failed to fetch
=============================
====== JS ERROR CAUGHT ======
Unhandled Promise: TypeError: Failed to fetch
=============================
====== JS ERROR CAUGHT ======
Unhandled Promise: TypeError: Failed to fetch
=============================
====== JS ERROR CAUGHT ======
Unhandled Promise: TypeError: Failed to fetch
=============================
====== JS ERROR CAUGHT ======
Unhandled Promise: TypeError: Failed to fetch
=============================
====== JS ERROR CAUGHT ======
Unhandled Promise: TypeError: Failed to fetch
=============================
====== JS ERROR CAUGHT ======
Unhandled Promise: TypeError: Failed to fetch
=============================
====== JS ERROR CAUGHT ======
Unhandled Promise: TypeError: Failed to fetch
=============================
====== JS ERROR CAUGHT ======
Unhandled Promise: TypeError: Failed to fetch
=============================
====== JS ERROR CAUGHT ======
Unhandled Promise: TypeError: Failed to fetch
=============================
====== JS ERROR CAUGHT ======
Unhandled Promise: TypeError: Failed to fetch
=============================
====== JS ERROR CAUGHT ======
Unhandled Promise: TypeError: Failed to fetch
=============================
====== JS ERROR CAUGHT ======
Unhandled Promise: TypeError: Failed to fetch
=============================
====== JS ERROR CAUGHT ======
Unhandled Promise: TypeError: Failed to fetch
=============================
====== JS ERROR CAUGHT ======
Unhandled Promise: TypeError: Failed to fetch
=============================
====== JS ERROR CAUGHT ======
Unhandled Promise: TypeError: Failed to fetch
=============================
====== JS ERROR CAUGHT ======
Unhandled Promise: TypeError: Failed to fetch
=============================
====== JS ERROR CAUGHT ======
Unhandled Promise: TypeError: Failed to fetch
=============================
====== JS ERROR CAUGHT ======
Unhandled Promise: TypeError: Failed to fetch
=============================
====== JS ERROR CAUGHT ======
Unhandled Promise: TypeError: Failed to fetch
=============================
====== JS ERROR CAUGHT ======
Unhandled Promise: TypeError: Failed to fetch
=============================
====== JS ERROR CAUGHT ======
Unhandled Promise: TypeError: Failed to fetch
=============================
====== JS ERROR CAUGHT ======
Unhandled Promise: TypeError: Failed to fetch
=============================
====== JS ERROR CAUGHT ======
Unhandled Promise: TypeError: Failed to fetch
=============================
====== JS ERROR CAUGHT ======
Unhandled Promise: TypeError: Failed to fetch
=============================
====== JS ERROR CAUGHT ======
Unhandled Promise: TypeError: Failed to fetch
=============================
====== JS ERROR CAUGHT ======
Unhandled Promise: TypeError: Failed to fetch
=============================
====== JS ERROR CAUGHT ======
Unhandled Promise: TypeError: Failed to fetch
=============================
====== JS ERROR CAUGHT ======
Unhandled Promise: TypeError: Failed to fetch
=============================
====== JS ERROR CAUGHT ======
Unhandled Promise: TypeError: Failed to fetch
=============================
====== JS ERROR CAUGHT ======
Unhandled Promise: TypeError: Failed to fetch
=============================
====== JS ERROR CAUGHT ======
Unhandled Promise: TypeError: Failed to fetch
=============================
====== JS ERROR CAUGHT ======
Unhandled Promise: TypeError: Failed to fetch
=============================
====== JS ERROR CAUGHT ======
Unhandled Promise: TypeError: Failed to fetch
=============================
====== JS ERROR CAUGHT ======
Unhandled Promise: TypeError: Failed to fetch
=============================
====== JS ERROR CAUGHT ======
Unhandled Promise: TypeError: Failed to fetch
=============================
====== JS ERROR CAUGHT ======
Unhandled Promise: TypeError: Failed to fetch
=============================
====== JS ERROR CAUGHT ======
Unhandled Promise: TypeError: Failed to fetch
=============================
====== JS ERROR CAUGHT ======
Unhandled Promise: TypeError: Failed to fetch
=============================
====== JS ERROR CAUGHT ======
Unhandled Promise: TypeError: Failed to fetch
=============================
====== JS ERROR CAUGHT ======
Unhandled Promise: TypeError: Failed to fetch
=============================
====== JS ERROR CAUGHT ======
Unhandled Promise: TypeError: Failed to fetch
=============================
====== JS ERROR CAUGHT ======
Unhandled Promise: TypeError: Failed to fetch
=============================
====== JS ERROR CAUGHT ======
Unhandled Promise: TypeError: Failed to fetch
=============================
====== JS ERROR CAUGHT ======
Unhandled Promise: TypeError: Failed to fetch
=============================
====== JS ERROR CAUGHT ======
Unhandled Promise: TypeError: Failed to fetch
=============================
====== JS ERROR CAUGHT ======
Unhandled Promise: TypeError: Failed to fetch
=============================
====== JS ERROR CAUGHT ======
Unhandled Promise: TypeError: Failed to fetch
=============================
====== JS ERROR CAUGHT ======
Unhandled Promise: TypeError: Failed to fetch
=============================
====== JS ERROR CAUGHT ======
Unhandled Promise: TypeError: Failed to fetch
=============================
====== JS ERROR CAUGHT ======
Unhandled Promise: TypeError: Failed to fetch
=============================
====== JS ERROR CAUGHT ======
Unhandled Promise: TypeError: Failed to fetch
=============================
====== JS ERROR CAUGHT ======
Unhandled Promise: TypeError: Failed to fetch
=============================
====== JS ERROR CAUGHT ======
Unhandled Promise: TypeError: Failed to fetch
=============================
====== JS ERROR CAUGHT ======
Unhandled Promise: TypeError: Failed to fetch
=============================
====== JS ERROR CAUGHT ======
Unhandled Promise: TypeError: Failed to fetch
=============================
====== JS ERROR CAUGHT ======
Unhandled Promise: TypeError: Failed to fetch
=============================
====== JS ERROR CAUGHT ======
Unhandled Promise: TypeError: Failed to fetch
=============================
====== JS ERROR CAUGHT ======
Unhandled Promise: TypeError: Failed to fetch
=============================
====== JS ERROR CAUGHT ======
Unhandled Promise: TypeError: Failed to fetch
=============================
====== JS ERROR CAUGHT ======
Unhandled Promise: TypeError: Failed to fetch
=============================
====== JS ERROR CAUGHT ======
Unhandled Promise: TypeError: Failed to fetch
=============================
====== JS ERROR CAUGHT ======
Unhandled Promise: TypeError: Failed to fetch
=============================
====== JS ERROR CAUGHT ======
Unhandled Promise: TypeError: Failed to fetch
=============================
====== JS ERROR CAUGHT ======
Unhandled Promise: TypeError: Failed to fetch
=============================
====== JS ERROR CAUGHT ======
Unhandled Promise: TypeError: Failed to fetch
=============================
====== JS ERROR CAUGHT ======
Unhandled Promise: TypeError: Failed to fetch
=============================
====== JS ERROR CAUGHT ======
Unhandled Promise: TypeError: Failed to fetch
=============================
====== JS ERROR CAUGHT ======
Unhandled Promise: TypeError: Failed to fetch
=============================
====== JS ERROR CAUGHT ======
Unhandled Promise: TypeError: Failed to fetch
=============================
====== JS ERROR CAUGHT ======
Unhandled Promise: TypeError: Failed to fetch
=============================
====== JS ERROR CAUGHT ======
Unhandled Promise: TypeError: Failed to fetch
=============================
====== JS ERROR CAUGHT ======
Unhandled Promise: TypeError: Failed to fetch
=============================
====== JS ERROR CAUGHT ======
Unhandled Promise: TypeError: Failed to fetch
=============================
====== JS ERROR CAUGHT ======
Unhandled Promise: TypeError: Failed to fetch
=============================
====== JS ERROR CAUGHT ======
Unhandled Promise: TypeError: Failed to fetch
=============================
====== JS ERROR CAUGHT ======
Unhandled Promise: TypeError: Failed to fetch
=============================
====== JS ERROR CAUGHT ======
Unhandled Promise: TypeError: Failed to fetch
=============================
====== JS ERROR CAUGHT ======
Unhandled Promise: TypeError: Failed to fetch
=============================
====== JS ERROR CAUGHT ======
Unhandled Promise: TypeError: Failed to fetch
=============================
====== JS ERROR CAUGHT ======
Unhandled Promise: TypeError: Failed to fetch
=============================
====== JS ERROR CAUGHT ======
Unhandled Promise: TypeError: Failed to fetch
=============================
====== JS ERROR CAUGHT ======
Unhandled Promise: TypeError: Failed to fetch
=============================
====== JS ERROR CAUGHT ======
Unhandled Promise: TypeError: Failed to fetch
=============================
====== JS ERROR CAUGHT ======
Unhandled Promise: TypeError: Failed to fetch
=============================
====== JS ERROR CAUGHT ======
Unhandled Promise: TypeError: Failed to fetch
=============================
====== JS ERROR CAUGHT ======
Unhandled Promise: TypeError: Failed to fetch
=============================
====== JS ERROR CAUGHT ======
Unhandled Promise: TypeError: Failed to fetch
=============================
====== JS ERROR CAUGHT ======
Unhandled Promise: TypeError: Failed to fetch
=============================
====== JS ERROR CAUGHT ======
Unhandled Promise: TypeError: Failed to fetch
=============================
====== JS ERROR CAUGHT ======
Unhandled Promise: TypeError: Failed to fetch
=============================
====== JS ERROR CAUGHT ======
Unhandled Promise: TypeError: Failed to fetch
=============================
====== JS ERROR CAUGHT ======
Unhandled Promise: TypeError: Failed to fetch
=============================
====== JS ERROR CAUGHT ======
Unhandled Promise: TypeError: Failed to fetch
=============================
====== JS ERROR CAUGHT ======
Unhandled Promise: TypeError: Failed to fetch
=============================
====== JS ERROR CAUGHT ======
Unhandled Promise: TypeError: Failed to fetch
=============================
====== JS ERROR CAUGHT ======
Unhandled Promise: TypeError: Failed to fetch
=============================
====== JS ERROR CAUGHT ======
Unhandled Promise: TypeError: Failed to fetch
=============================
====== JS ERROR CAUGHT ======
Unhandled Promise: TypeError: Failed to fetch
=============================
====== JS ERROR CAUGHT ======
Unhandled Promise: TypeError: Failed to fetch
=============================
====== JS ERROR CAUGHT ======
Unhandled Promise: TypeError: Failed to fetch
=============================
====== JS ERROR CAUGHT ======
Unhandled Promise: TypeError: Failed to fetch
=============================
====== JS ERROR CAUGHT ======
Unhandled Promise: TypeError: Failed to fetch
=============================
====== JS ERROR CAUGHT ======
Unhandled Promise: TypeError: Failed to fetch
=============================
====== JS ERROR CAUGHT ======
Unhandled Promise: TypeError: Failed to fetch
=============================
====== JS ERROR CAUGHT ======
Unhandled Promise: TypeError: Failed to fetch
=============================
====== JS ERROR CAUGHT ======
Unhandled Promise: TypeError: Failed to fetch
=============================
====== JS ERROR CAUGHT ======
Unhandled Promise: TypeError: Failed to fetch
=============================
====== JS ERROR CAUGHT ======
Unhandled Promise: TypeError: Failed to fetch
=============================
====== JS ERROR CAUGHT ======
Unhandled Promise: TypeError: Failed to fetch
=============================
====== JS ERROR CAUGHT ======
Unhandled Promise: TypeError: Failed to fetch
=============================
====== JS ERROR CAUGHT ======
Unhandled Promise: TypeError: Failed to fetch
=============================
====== JS ERROR CAUGHT ======
Unhandled Promise: TypeError: Failed to fetch
=============================
====== JS ERROR CAUGHT ======
Unhandled Promise: TypeError: Failed to fetch
=============================
====== JS ERROR CAUGHT ======
Unhandled Promise: TypeError: Failed to fetch
=============================
====== JS ERROR CAUGHT ======
Unhandled Promise: TypeError: Failed to fetch
=============================
====== JS ERROR CAUGHT ======
Unhandled Promise: TypeError: Failed to fetch
=============================
====== JS ERROR CAUGHT ======
Unhandled Promise: TypeError: Failed to fetch
=============================
====== JS ERROR CAUGHT ======
Unhandled Promise: TypeError: Failed to fetch
=============================
====== JS ERROR CAUGHT ======
Unhandled Promise: TypeError: Failed to fetch
=============================
====== JS ERROR CAUGHT ======
Unhandled Promise: TypeError: Failed to fetch
=============================
====== JS ERROR CAUGHT ======
Unhandled Promise: TypeError: Failed to fetch
=============================
====== JS ERROR CAUGHT ======
Unhandled Promise: TypeError: Failed to fetch
=============================
====== JS ERROR CAUGHT ======
Unhandled Promise: TypeError: Failed to fetch
=============================
====== JS ERROR CAUGHT ======
Unhandled Promise: TypeError: Failed to fetch
=============================
====== JS ERROR CAUGHT ======
Unhandled Promise: TypeError: Failed to fetch
=============================
====== JS ERROR CAUGHT ======
Unhandled Promise: TypeError: Failed to fetch
=============================
====== JS ERROR CAUGHT ======
Unhandled Promise: TypeError: Failed to fetch
=============================
====== JS ERROR CAUGHT ======
Unhandled Promise: TypeError: Failed to fetch
=============================
====== JS ERROR CAUGHT ======
Unhandled Promise: TypeError: Failed to fetch
=============================
====== JS ERROR CAUGHT ======
Unhandled Promise: TypeError: Failed to fetch
=============================
====== JS ERROR CAUGHT ======
Unhandled Promise: TypeError: Failed to fetch
=============================
====== JS ERROR CAUGHT ======
Unhandled Promise: TypeError: Failed to fetch
=============================
====== JS ERROR CAUGHT ======
Unhandled Promise: TypeError: Failed to fetch
=============================
====== JS ERROR CAUGHT ======
Unhandled Promise: TypeError: Failed to fetch
=============================
====== JS ERROR CAUGHT ======
Unhandled Promise: TypeError: Failed to fetch
=============================
====== JS ERROR CAUGHT ======
Unhandled Promise: TypeError: Failed to fetch
=============================
====== JS ERROR CAUGHT ======
Unhandled Promise: TypeError: Failed to fetch
=============================
====== JS ERROR CAUGHT ======
Unhandled Promise: TypeError: Failed to fetch
=============================
====== JS ERROR CAUGHT ======
Unhandled Promise: TypeError: Failed to fetch
=============================
====== JS ERROR CAUGHT ======
Unhandled Promise: TypeError: Failed to fetch
=============================
====== JS ERROR CAUGHT ======
Unhandled Promise: TypeError: Failed to fetch
=============================
====== JS ERROR CAUGHT ======
Unhandled Promise: TypeError: Failed to fetch
=============================
====== JS ERROR CAUGHT ======
Unhandled Promise: TypeError: Failed to fetch
=============================
====== JS ERROR CAUGHT ======
Unhandled Promise: TypeError: Failed to fetch
=============================
====== JS ERROR CAUGHT ======
Unhandled Promise: TypeError: Failed to fetch
=============================
====== JS ERROR CAUGHT ======
Unhandled Promise: TypeError: Failed to fetch
=============================
====== JS ERROR CAUGHT ======
Unhandled Promise: TypeError: Failed to fetch
=============================
====== JS ERROR CAUGHT ======
Unhandled Promise: TypeError: Failed to fetch
=============================
====== JS ERROR CAUGHT ======
Unhandled Promise: TypeError: Failed to fetch
=============================
====== JS ERROR CAUGHT ======
Unhandled Promise: TypeError: Failed to fetch
=============================
====== JS ERROR CAUGHT ======
Unhandled Promise: TypeError: Failed to fetch
=============================
====== JS ERROR CAUGHT ======
Unhandled Promise: TypeError: Failed to fetch
=============================
====== JS ERROR CAUGHT ======
Unhandled Promise: TypeError: Failed to fetch
=============================
====== JS ERROR CAUGHT ======
Unhandled Promise: TypeError: Failed to fetch
=============================
====== JS ERROR CAUGHT ======
Unhandled Promise: TypeError: Failed to fetch
=============================
====== JS ERROR CAUGHT ======
Unhandled Promise: TypeError: Failed to fetch
=============================
====== JS ERROR CAUGHT ======
Unhandled Promise: TypeError: Failed to fetch
=============================
====== JS ERROR CAUGHT ======
Unhandled Promise: TypeError: Failed to fetch
=============================
====== JS ERROR CAUGHT ======
Unhandled Promise: TypeError: Failed to fetch
=============================
====== JS ERROR CAUGHT ======
Unhandled Promise: TypeError: Failed to fetch
=============================
====== JS ERROR CAUGHT ======
Unhandled Promise: TypeError: Failed to fetch
=============================
====== JS ERROR CAUGHT ======
Unhandled Promise: TypeError: Failed to fetch
=============================
====== JS ERROR CAUGHT ======
Unhandled Promise: TypeError: Failed to fetch
=============================
====== JS ERROR CAUGHT ======
Unhandled Promise: TypeError: Failed to fetch
=============================
====== JS ERROR CAUGHT ======
Unhandled Promise: TypeError: Failed to fetch
=============================
====== JS ERROR CAUGHT ======
Unhandled Promise: TypeError: Failed to fetch
=============================
====== JS ERROR CAUGHT ======
Unhandled Promise: TypeError: Failed to fetch
=============================
====== JS ERROR CAUGHT ======
Unhandled Promise: TypeError: Failed to fetch
=============================
====== JS ERROR CAUGHT ======
Unhandled Promise: TypeError: Failed to fetch
=============================
====== JS ERROR CAUGHT ======
Unhandled Promise: TypeError: Failed to fetch
=============================
====== JS ERROR CAUGHT ======
Unhandled Promise: TypeError: Failed to fetch
=============================
====== JS ERROR CAUGHT ======
Unhandled Promise: TypeError: Failed to fetch
=============================
====== JS ERROR CAUGHT ======
Unhandled Promise: TypeError: Failed to fetch
=============================
====== JS ERROR CAUGHT ======
Unhandled Promise: TypeError: Failed to fetch
=============================
====== JS ERROR CAUGHT ======
Unhandled Promise: TypeError: Failed to fetch
=============================
====== JS ERROR CAUGHT ======
Unhandled Promise: TypeError: Failed to fetch
=============================
====== JS ERROR CAUGHT ======
Unhandled Promise: TypeError: Failed to fetch
=============================
====== JS ERROR CAUGHT ======
Unhandled Promise: TypeError: Failed to fetch
=============================
====== JS ERROR CAUGHT ======
Unhandled Promise: TypeError: Failed to fetch
=============================
====== JS ERROR CAUGHT ======
Unhandled Promise: TypeError: Failed to fetch
=============================
====== JS ERROR CAUGHT ======
Unhandled Promise: TypeError: Failed to fetch
=============================
====== JS ERROR CAUGHT ======
Unhandled Promise: TypeError: Failed to fetch
=============================
====== JS ERROR CAUGHT ======
Unhandled Promise: TypeError: Failed to fetch
=============================
====== JS ERROR CAUGHT ======
Unhandled Promise: TypeError: Failed to fetch
=============================
====== JS ERROR CAUGHT ======
Unhandled Promise: TypeError: Failed to fetch
=============================
====== JS ERROR CAUGHT ======
Unhandled Promise: TypeError: Failed to fetch
=============================
====== JS ERROR CAUGHT ======
Unhandled Promise: TypeError: Failed to fetch
=============================
====== JS ERROR CAUGHT ======
Unhandled Promise: TypeError: Failed to fetch
=============================
====== JS ERROR CAUGHT ======
Unhandled Promise: TypeError: Failed to fetch
=============================
====== JS ERROR CAUGHT ======
Unhandled Promise: TypeError: Failed to fetch
=============================
====== JS ERROR CAUGHT ======
Unhandled Promise: TypeError: Failed to fetch
=============================
====== JS ERROR CAUGHT ======
Unhandled Promise: TypeError: Failed to fetch
=============================
====== JS ERROR CAUGHT ======
Unhandled Promise: TypeError: Failed to fetch
=============================
====== JS ERROR CAUGHT ======
Unhandled Promise: TypeError: Failed to fetch
=============================
====== JS ERROR CAUGHT ======
Unhandled Promise: TypeError: Failed to fetch
=============================
====== JS ERROR CAUGHT ======
Unhandled Promise: TypeError: Failed to fetch
=============================
====== JS ERROR CAUGHT ======
Unhandled Promise: TypeError: Failed to fetch
=============================
====== JS ERROR CAUGHT ======
Unhandled Promise: TypeError: Failed to fetch
=============================
====== JS ERROR CAUGHT ======
Unhandled Promise: TypeError: Failed to fetch
=============================
====== JS ERROR CAUGHT ======
Unhandled Promise: TypeError: Failed to fetch
=============================
====== JS ERROR CAUGHT ======
Unhandled Promise: TypeError: Failed to fetch
=============================
====== JS ERROR CAUGHT ======
Unhandled Promise: TypeError: Failed to fetch
=============================
====== JS ERROR CAUGHT ======
Unhandled Promise: TypeError: Failed to fetch
=============================
====== JS ERROR CAUGHT ======
Unhandled Promise: TypeError: Failed to fetch
=============================
====== JS ERROR CAUGHT ======
Unhandled Promise: TypeError: Failed to fetch
=============================
====== JS ERROR CAUGHT ======
Unhandled Promise: TypeError: Failed to fetch
=============================
====== JS ERROR CAUGHT ======
Unhandled Promise: TypeError: Failed to fetch
=============================
====== JS ERROR CAUGHT ======
Unhandled Promise: TypeError: Failed to fetch
=============================
====== JS ERROR CAUGHT ======
Unhandled Promise: TypeError: Failed to fetch
=============================
====== JS ERROR CAUGHT ======
Unhandled Promise: TypeError: Failed to fetch
=============================
====== JS ERROR CAUGHT ======
Unhandled Promise: TypeError: Failed to fetch
=============================
====== JS ERROR CAUGHT ======
Unhandled Promise: TypeError: Failed to fetch
=============================
====== JS ERROR CAUGHT ======
Unhandled Promise: TypeError: Failed to fetch
=============================
====== JS ERROR CAUGHT ======
Unhandled Promise: TypeError: Failed to fetch
=============================
====== JS ERROR CAUGHT ======
Unhandled Promise: TypeError: Failed to fetch
=============================
====== JS ERROR CAUGHT ======
Unhandled Promise: TypeError: Failed to fetch
=============================
====== JS ERROR CAUGHT ======
Unhandled Promise: TypeError: Failed to fetch
=============================
====== JS ERROR CAUGHT ======
Unhandled Promise: TypeError: Failed to fetch
=============================
====== JS ERROR CAUGHT ======
Unhandled Promise: TypeError: Failed to fetch
=============================
====== JS ERROR CAUGHT ======
Unhandled Promise: TypeError: Failed to fetch
=============================
====== JS ERROR CAUGHT ======
Unhandled Promise: TypeError: Failed to fetch
=============================
====== JS ERROR CAUGHT ======
Unhandled Promise: TypeError: Failed to fetch
=============================
====== JS ERROR CAUGHT ======
Unhandled Promise: TypeError: Failed to fetch
=============================
====== JS ERROR CAUGHT ======
Unhandled Promise: TypeError: Failed to fetch
=============================
====== JS ERROR CAUGHT ======
Unhandled Promise: TypeError: Failed to fetch
=============================
====== JS ERROR CAUGHT ======
Unhandled Promise: TypeError: Failed to fetch
=============================
====== JS ERROR CAUGHT ======
Unhandled Promise: TypeError: Failed to fetch
=============================
====== JS ERROR CAUGHT ======
Unhandled Promise: TypeError: Failed to fetch
=============================
====== JS ERROR CAUGHT ======
Unhandled Promise: TypeError: Failed to fetch
=============================
====== JS ERROR CAUGHT ======
Unhandled Promise: TypeError: Failed to fetch
=============================
====== JS ERROR CAUGHT ======
Unhandled Promise: TypeError: Failed to fetch
=============================
====== JS ERROR CAUGHT ======
Unhandled Promise: TypeError: Failed to fetch
=============================
====== JS ERROR CAUGHT ======
Unhandled Promise: TypeError: Failed to fetch
=============================
====== JS ERROR CAUGHT ======
Unhandled Promise: TypeError: Failed to fetch
=============================
====== JS ERROR CAUGHT ======
Unhandled Promise: TypeError: Failed to fetch
=============================
====== JS ERROR CAUGHT ======
Unhandled Promise: TypeError: Failed to fetch
=============================
====== JS ERROR CAUGHT ======
Unhandled Promise: TypeError: Failed to fetch
=============================
====== JS ERROR CAUGHT ======
Unhandled Promise: TypeError: Failed to fetch
=============================
====== JS ERROR CAUGHT ======
Unhandled Promise: TypeError: Failed to fetch
=============================
====== JS ERROR CAUGHT ======
Unhandled Promise: TypeError: Failed to fetch
=============================
====== JS ERROR CAUGHT ======
Unhandled Promise: TypeError: Failed to fetch
=============================
====== JS ERROR CAUGHT ======
Unhandled Promise: TypeError: Failed to fetch
=============================
====== JS ERROR CAUGHT ======
Unhandled Promise: TypeError: Failed to fetch
=============================
====== JS ERROR CAUGHT ======
Unhandled Promise: TypeError: Failed to fetch
=============================
====== JS ERROR CAUGHT ======
Unhandled Promise: TypeError: Failed to fetch
=============================
====== JS ERROR CAUGHT ======
Unhandled Promise: TypeError: Failed to fetch
=============================
====== JS ERROR CAUGHT ======
Unhandled Promise: TypeError: Failed to fetch
=============================
====== JS ERROR CAUGHT ======
Unhandled Promise: TypeError: Failed to fetch
=============================
====== JS ERROR CAUGHT ======
Unhandled Promise: TypeError: Failed to fetch
=============================
====== JS ERROR CAUGHT ======
Unhandled Promise: TypeError: Failed to fetch
=============================
====== JS ERROR CAUGHT ======
Unhandled Promise: TypeError: Failed to fetch
=============================
====== JS ERROR CAUGHT ======
Unhandled Promise: TypeError: Failed to fetch
=============================
====== JS ERROR CAUGHT ======
Unhandled Promise: TypeError: Failed to fetch
=============================
====== JS ERROR CAUGHT ======
Unhandled Promise: TypeError: Failed to fetch
=============================
====== JS ERROR CAUGHT ======
Unhandled Promise: TypeError: Failed to fetch
=============================
====== JS ERROR CAUGHT ======
Unhandled Promise: TypeError: Failed to fetch
=============================
====== JS ERROR CAUGHT ======
Unhandled Promise: TypeError: Failed to fetch
=============================
====== JS ERROR CAUGHT ======
Unhandled Promise: TypeError: Failed to fetch
=============================
====== JS ERROR CAUGHT ======
Unhandled Promise: TypeError: Failed to fetch
=============================
====== JS ERROR CAUGHT ======
Unhandled Promise: TypeError: Failed to fetch
=============================
====== JS ERROR CAUGHT ======
Unhandled Promise: TypeError: Failed to fetch
=============================
====== JS ERROR CAUGHT ======
Unhandled Promise: TypeError: Failed to fetch
=============================
====== JS ERROR CAUGHT ======
Unhandled Promise: TypeError: Failed to fetch
=============================
====== JS ERROR CAUGHT ======
Unhandled Promise: TypeError: Failed to fetch
=============================
====== JS ERROR CAUGHT ======
Unhandled Promise: TypeError: Failed to fetch
=============================
====== JS ERROR CAUGHT ======
Unhandled Promise: TypeError: Failed to fetch
=============================
====== JS ERROR CAUGHT ======
Unhandled Promise: TypeError: Failed to fetch
=============================
====== JS ERROR CAUGHT ======
Unhandled Promise: TypeError: Failed to fetch
=============================
====== JS ERROR CAUGHT ======
Unhandled Promise: TypeError: Failed to fetch
=============================
====== JS ERROR CAUGHT ======
Unhandled Promise: TypeError: Failed to fetch
=============================
====== JS ERROR CAUGHT ======
Unhandled Promise: TypeError: Failed to fetch
=============================
====== JS ERROR CAUGHT ======
Unhandled Promise: TypeError: Failed to fetch
=============================
====== JS ERROR CAUGHT ======
Unhandled Promise: TypeError: Failed to fetch
=============================
====== JS ERROR CAUGHT ======
Unhandled Promise: TypeError: Failed to fetch
=============================
====== JS ERROR CAUGHT ======
Unhandled Promise: TypeError: Failed to fetch
=============================
====== JS ERROR CAUGHT ======
Unhandled Promise: TypeError: Failed to fetch
=============================
====== JS ERROR CAUGHT ======
Unhandled Promise: TypeError: Failed to fetch
=============================
====== JS ERROR CAUGHT ======
Unhandled Promise: TypeError: Failed to fetch
=============================
====== JS ERROR CAUGHT ======
Unhandled Promise: TypeError: Failed to fetch
=============================
====== JS ERROR CAUGHT ======
Unhandled Promise: TypeError: Failed to fetch
=============================
====== JS ERROR CAUGHT ======
Unhandled Promise: TypeError: Failed to fetch
=============================
====== JS ERROR CAUGHT ======
Unhandled Promise: TypeError: Failed to fetch
=============================
====== JS ERROR CAUGHT ======
Unhandled Promise: TypeError: Failed to fetch
=============================
====== JS ERROR CAUGHT ======
Unhandled Promise: TypeError: Failed to fetch
=============================
====== JS ERROR CAUGHT ======
Unhandled Promise: TypeError: Failed to fetch
=============================
====== JS ERROR CAUGHT ======
Unhandled Promise: TypeError: Failed to fetch
=============================
====== JS ERROR CAUGHT ======
Unhandled Promise: TypeError: Failed to fetch
=============================
====== JS ERROR CAUGHT ======
Unhandled Promise: TypeError: Failed to fetch
=============================
====== JS ERROR CAUGHT ======
Unhandled Promise: TypeError: Failed to fetch
=============================
====== JS ERROR CAUGHT ======
Unhandled Promise: TypeError: Failed to fetch
=============================
====== JS ERROR CAUGHT ======
Unhandled Promise: TypeError: Failed to fetch
=============================
====== JS ERROR CAUGHT ======
Unhandled Promise: TypeError: Failed to fetch
=============================
====== JS ERROR CAUGHT ======
Unhandled Promise: TypeError: Failed to fetch
=============================
====== JS ERROR CAUGHT ======
Unhandled Promise: TypeError: Failed to fetch
=============================
====== JS ERROR CAUGHT ======
Unhandled Promise: TypeError: Failed to fetch
=============================
====== JS ERROR CAUGHT ======
Unhandled Promise: TypeError: Failed to fetch
=============================
====== JS ERROR CAUGHT ======
Unhandled Promise: TypeError: Failed to fetch
=============================
====== JS ERROR CAUGHT ======
Unhandled Promise: TypeError: Failed to fetch
=============================
====== JS ERROR CAUGHT ======
Unhandled Promise: TypeError: Failed to fetch
=============================
====== JS ERROR CAUGHT ======
Unhandled Promise: TypeError: Failed to fetch
=============================
====== JS ERROR CAUGHT ======
Unhandled Promise: TypeError: Failed to fetch
=============================
====== JS ERROR CAUGHT ======
Unhandled Promise: TypeError: Failed to fetch
=============================
====== JS ERROR CAUGHT ======
Unhandled Promise: TypeError: Failed to fetch
=============================
====== JS ERROR CAUGHT ======
Unhandled Promise: TypeError: Failed to fetch
=============================
====== JS ERROR CAUGHT ======
Unhandled Promise: TypeError: Failed to fetch
=============================
====== JS ERROR CAUGHT ======
Unhandled Promise: TypeError: Failed to fetch
=============================
====== JS ERROR CAUGHT ======
Unhandled Promise: TypeError: Failed to fetch
=============================
====== JS ERROR CAUGHT ======
Unhandled Promise: TypeError: Failed to fetch
=============================
====== JS ERROR CAUGHT ======
Unhandled Promise: TypeError: Failed to fetch
=============================
====== JS ERROR CAUGHT ======
Unhandled Promise: TypeError: Failed to fetch
=============================
====== JS ERROR CAUGHT ======
Unhandled Promise: TypeError: Failed to fetch
=============================
====== JS ERROR CAUGHT ======
Unhandled Promise: TypeError: Failed to fetch
=============================
====== JS ERROR CAUGHT ======
Unhandled Promise: TypeError: Failed to fetch
=============================
====== JS ERROR CAUGHT ======
Unhandled Promise: TypeError: Failed to fetch
=============================
====== JS ERROR CAUGHT ======
Unhandled Promise: TypeError: Failed to fetch
=============================
====== JS ERROR CAUGHT ======
Unhandled Promise: TypeError: Failed to fetch
=============================
====== JS ERROR CAUGHT ======
Unhandled Promise: TypeError: Failed to fetch
=============================
====== JS ERROR CAUGHT ======
Unhandled Promise: TypeError: Failed to fetch
=============================
====== JS ERROR CAUGHT ======
Unhandled Promise: TypeError: Failed to fetch
=============================
====== JS ERROR CAUGHT ======
Unhandled Promise: TypeError: Failed to fetch
=============================
====== JS ERROR CAUGHT ======
Unhandled Promise: TypeError: Failed to fetch
=============================
====== JS ERROR CAUGHT ======
Unhandled Promise: TypeError: Failed to fetch
=============================
====== JS ERROR CAUGHT ======
Unhandled Promise: TypeError: Failed to fetch
=============================
====== JS ERROR CAUGHT ======
Unhandled Promise: TypeError: Failed to fetch
=============================
====== JS ERROR CAUGHT ======
Unhandled Promise: TypeError: Failed to fetch
=============================
====== JS ERROR CAUGHT ======
Unhandled Promise: TypeError: Failed to fetch
=============================
====== JS ERROR CAUGHT ======
Unhandled Promise: TypeError: Failed to fetch
=============================
====== JS ERROR CAUGHT ======
Unhandled Promise: TypeError: Failed to fetch
=============================
====== JS ERROR CAUGHT ======
Unhandled Promise: TypeError: Failed to fetch
=============================
====== JS ERROR CAUGHT ======
Unhandled Promise: TypeError: Failed to fetch
=============================
====== JS ERROR CAUGHT ======
Unhandled Promise: TypeError: Failed to fetch
=============================
====== JS ERROR CAUGHT ======
Unhandled Promise: TypeError: Failed to fetch
=============================
====== JS ERROR CAUGHT ======
Unhandled Promise: TypeError: Failed to fetch
=============================
====== JS ERROR CAUGHT ======
Unhandled Promise: TypeError: Failed to fetch
=============================
====== JS ERROR CAUGHT ======
Unhandled Promise: TypeError: Failed to fetch
=============================
====== JS ERROR CAUGHT ======
Unhandled Promise: TypeError: Failed to fetch
=============================
====== JS ERROR CAUGHT ======
Unhandled Promise: TypeError: Failed to fetch
=============================
====== JS ERROR CAUGHT ======
Unhandled Promise: TypeError: Failed to fetch
=============================
====== JS ERROR CAUGHT ======
Unhandled Promise: TypeError: Failed to fetch
=============================
====== JS ERROR CAUGHT ======
Unhandled Promise: TypeError: Failed to fetch
=============================
====== JS ERROR CAUGHT ======
Unhandled Promise: TypeError: Failed to fetch
=============================
====== JS ERROR CAUGHT ======
Unhandled Promise: TypeError: Failed to fetch
=============================
====== JS ERROR CAUGHT ======
Unhandled Promise: TypeError: Failed to fetch
=============================
====== JS ERROR CAUGHT ======
Unhandled Promise: TypeError: Failed to fetch
=============================
====== JS ERROR CAUGHT ======
Unhandled Promise: TypeError: Failed to fetch
=============================
====== JS ERROR CAUGHT ======
Unhandled Promise: TypeError: Failed to fetch
=============================
====== JS ERROR CAUGHT ======
Unhandled Promise: TypeError: Failed to fetch
=============================
====== JS ERROR CAUGHT ======
Unhandled Promise: TypeError: Failed to fetch
=============================
====== JS ERROR CAUGHT ======
Unhandled Promise: TypeError: Failed to fetch
=============================
====== JS ERROR CAUGHT ======
Unhandled Promise: TypeError: Failed to fetch
=============================
====== JS ERROR CAUGHT ======
Unhandled Promise: TypeError: Failed to fetch
=============================
====== JS ERROR CAUGHT ======
Unhandled Promise: TypeError: Failed to fetch
=============================
====== JS ERROR CAUGHT ======
Unhandled Promise: TypeError: Failed to fetch
=============================
====== JS ERROR CAUGHT ======
Unhandled Promise: TypeError: Failed to fetch
=============================
====== JS ERROR CAUGHT ======
Unhandled Promise: TypeError: Failed to fetch
=============================
====== JS ERROR CAUGHT ======
Unhandled Promise: TypeError: Failed to fetch
=============================
====== JS ERROR CAUGHT ======
Unhandled Promise: TypeError: Failed to fetch
=============================
====== JS ERROR CAUGHT ======
Unhandled Promise: TypeError: Failed to fetch
=============================
====== JS ERROR CAUGHT ======
Unhandled Promise: TypeError: Failed to fetch
=============================
====== JS ERROR CAUGHT ======
Unhandled Promise: TypeError: Failed to fetch
=============================
====== JS ERROR CAUGHT ======
Unhandled Promise: TypeError: Failed to fetch
=============================
====== JS ERROR CAUGHT ======
Unhandled Promise: TypeError: Failed to fetch
=============================
====== JS ERROR CAUGHT ======
Unhandled Promise: TypeError: Failed to fetch
=============================
====== JS ERROR CAUGHT ======
Unhandled Promise: TypeError: Failed to fetch
=============================
====== JS ERROR CAUGHT ======
Unhandled Promise: TypeError: Failed to fetch
=============================
====== JS ERROR CAUGHT ======
Unhandled Promise: TypeError: Failed to fetch
=============================
====== JS ERROR CAUGHT ======
Unhandled Promise: TypeError: Failed to fetch
=============================
====== JS ERROR CAUGHT ======
Unhandled Promise: TypeError: Failed to fetch
=============================
====== JS ERROR CAUGHT ======
Unhandled Promise: TypeError: Failed to fetch
=============================
====== JS ERROR CAUGHT ======
Unhandled Promise: TypeError: Failed to fetch
=============================
====== JS ERROR CAUGHT ======
Unhandled Promise: TypeError: Failed to fetch
=============================
====== JS ERROR CAUGHT ======
Unhandled Promise: TypeError: Failed to fetch
=============================
====== JS ERROR CAUGHT ======
Unhandled Promise: TypeError: Failed to fetch
=============================
====== JS ERROR CAUGHT ======
Unhandled Promise: TypeError: Failed to fetch
=============================
====== JS ERROR CAUGHT ======
Unhandled Promise: TypeError: Failed to fetch
=============================
====== JS ERROR CAUGHT ======
Unhandled Promise: TypeError: Failed to fetch
=============================
====== JS ERROR CAUGHT ======
Unhandled Promise: TypeError: Failed to fetch
=============================
====== JS ERROR CAUGHT ======
Unhandled Promise: TypeError: Failed to fetch
=============================
====== JS ERROR CAUGHT ======
Unhandled Promise: TypeError: Failed to fetch
=============================
====== JS ERROR CAUGHT ======
Unhandled Promise: TypeError: Failed to fetch
=============================
====== JS ERROR CAUGHT ======
Unhandled Promise: TypeError: Failed to fetch
=============================
====== JS ERROR CAUGHT ======
Unhandled Promise: TypeError: Failed to fetch
=============================
====== JS ERROR CAUGHT ======
Unhandled Promise: TypeError: Failed to fetch
=============================
====== JS ERROR CAUGHT ======
Unhandled Promise: TypeError: Failed to fetch
=============================
====== JS ERROR CAUGHT ======
Unhandled Promise: TypeError: Failed to fetch
=============================
====== JS ERROR CAUGHT ======
Unhandled Promise: TypeError: Failed to fetch
=============================
====== JS ERROR CAUGHT ======
Unhandled Promise: TypeError: Failed to fetch
=============================
====== JS ERROR CAUGHT ======
Unhandled Promise: TypeError: Failed to fetch
=============================
====== JS ERROR CAUGHT ======
Unhandled Promise: TypeError: Failed to fetch
=============================
====== JS ERROR CAUGHT ======
Unhandled Promise: TypeError: Failed to fetch
=============================
====== JS ERROR CAUGHT ======
Unhandled Promise: TypeError: Failed to fetch
=============================
====== JS ERROR CAUGHT ======
Unhandled Promise: TypeError: Failed to fetch
=============================
====== JS ERROR CAUGHT ======
Unhandled Promise: TypeError: Failed to fetch
=============================
====== JS ERROR CAUGHT ======
Unhandled Promise: TypeError: Failed to fetch
=============================
====== JS ERROR CAUGHT ======
Unhandled Promise: TypeError: Failed to fetch
=============================
====== JS ERROR CAUGHT ======
Unhandled Promise: TypeError: Failed to fetch
=============================
====== JS ERROR CAUGHT ======
Unhandled Promise: TypeError: Failed to fetch
=============================
====== JS ERROR CAUGHT ======
Unhandled Promise: TypeError: Failed to fetch
=============================
====== JS ERROR CAUGHT ======
Unhandled Promise: TypeError: Failed to fetch
=============================
====== JS ERROR CAUGHT ======
Unhandled Promise: TypeError: Failed to fetch
=============================
====== JS ERROR CAUGHT ======
Unhandled Promise: TypeError: Failed to fetch
=============================
====== JS ERROR CAUGHT ======
Unhandled Promise: TypeError: Failed to fetch
=============================
====== JS ERROR CAUGHT ======
Unhandled Promise: TypeError: Failed to fetch
=============================
====== JS ERROR CAUGHT ======
Unhandled Promise: TypeError: Failed to fetch
=============================
====== JS ERROR CAUGHT ======
Unhandled Promise: TypeError: Failed to fetch
=============================
====== JS ERROR CAUGHT ======
Unhandled Promise: TypeError: Failed to fetch
=============================
====== JS ERROR CAUGHT ======
Unhandled Promise: TypeError: Failed to fetch
=============================
====== JS ERROR CAUGHT ======
Unhandled Promise: TypeError: Failed to fetch
=============================
====== JS ERROR CAUGHT ======
Unhandled Promise: TypeError: Failed to fetch
=============================
====== JS ERROR CAUGHT ======
Unhandled Promise: TypeError: Failed to fetch
=============================
====== JS ERROR CAUGHT ======
Unhandled Promise: TypeError: Failed to fetch
=============================
====== JS ERROR CAUGHT ======
Unhandled Promise: TypeError: Failed to fetch
=============================
====== JS ERROR CAUGHT ======
Unhandled Promise: TypeError: Failed to fetch
=============================
====== JS ERROR CAUGHT ======
Unhandled Promise: TypeError: Failed to fetch
=============================
====== JS ERROR CAUGHT ======
Unhandled Promise: TypeError: Failed to fetch
=============================
====== JS ERROR CAUGHT ======
Unhandled Promise: TypeError: Failed to fetch
=============================
====== JS ERROR CAUGHT ======
Unhandled Promise: TypeError: Failed to fetch
=============================
====== JS ERROR CAUGHT ======
Unhandled Promise: TypeError: Failed to fetch
=============================
====== JS ERROR CAUGHT ======
Unhandled Promise: TypeError: Failed to fetch
=============================
====== JS ERROR CAUGHT ======
Unhandled Promise: TypeError: Failed to fetch
=============================
====== JS ERROR CAUGHT ======
Unhandled Promise: TypeError: Failed to fetch
=============================
====== JS ERROR CAUGHT ======
Unhandled Promise: TypeError: Failed to fetch
=============================
====== JS ERROR CAUGHT ======
Unhandled Promise: TypeError: Failed to fetch
=============================
====== JS ERROR CAUGHT ======
Unhandled Promise: TypeError: Failed to fetch
=============================
====== JS ERROR CAUGHT ======
Unhandled Promise: TypeError: Failed to fetch
=============================
====== JS ERROR CAUGHT ======
Unhandled Promise: TypeError: Failed to fetch
=============================
====== JS ERROR CAUGHT ======
Unhandled Promise: TypeError: Failed to fetch
=============================
====== JS ERROR CAUGHT ======
Unhandled Promise: TypeError: Failed to fetch
=============================
====== JS ERROR CAUGHT ======
Unhandled Promise: TypeError: Failed to fetch
=============================
====== JS ERROR CAUGHT ======
Unhandled Promise: TypeError: Failed to fetch
=============================
====== JS ERROR CAUGHT ======
Unhandled Promise: TypeError: Failed to fetch
=============================
====== JS ERROR CAUGHT ======
Unhandled Promise: TypeError: Failed to fetch
=============================
====== JS ERROR CAUGHT ======
Unhandled Promise: TypeError: Failed to fetch
=============================
====== JS ERROR CAUGHT ======
Unhandled Promise: TypeError: Failed to fetch
=============================
====== JS ERROR CAUGHT ======
Unhandled Promise: TypeError: Failed to fetch
=============================
====== JS ERROR CAUGHT ======
Unhandled Promise: TypeError: Failed to fetch
=============================
====== JS ERROR CAUGHT ======
Unhandled Promise: TypeError: Failed to fetch
=============================
====== JS ERROR CAUGHT ======
Unhandled Promise: TypeError: Failed to fetch
=============================
====== JS ERROR CAUGHT ======
Unhandled Promise: TypeError: Failed to fetch
=============================
====== JS ERROR CAUGHT ======
Unhandled Promise: TypeError: Failed to fetch
=============================
====== JS ERROR CAUGHT ======
Unhandled Promise: TypeError: Failed to fetch
=============================
====== JS ERROR CAUGHT ======
Unhandled Promise: TypeError: Failed to fetch
=============================
====== JS ERROR CAUGHT ======
Unhandled Promise: TypeError: Failed to fetch
=============================
====== JS ERROR CAUGHT ======
Unhandled Promise: TypeError: Failed to fetch
=============================
====== JS ERROR CAUGHT ======
Unhandled Promise: TypeError: Failed to fetch
=============================
====== JS ERROR CAUGHT ======
Unhandled Promise: TypeError: Failed to fetch
=============================
====== JS ERROR CAUGHT ======
Unhandled Promise: TypeError: Failed to fetch
=============================
====== JS ERROR CAUGHT ======
Unhandled Promise: TypeError: Failed to fetch
=============================
====== JS ERROR CAUGHT ======
Unhandled Promise: TypeError: Failed to fetch
=============================
====== JS ERROR CAUGHT ======
Unhandled Promise: TypeError: Failed to fetch
=============================
====== JS ERROR CAUGHT ======
Unhandled Promise: TypeError: Failed to fetch
=============================
====== JS ERROR CAUGHT ======
Unhandled Promise: TypeError: Failed to fetch
=============================
====== JS ERROR CAUGHT ======
Unhandled Promise: TypeError: Failed to fetch
=============================
====== JS ERROR CAUGHT ======
Unhandled Promise: TypeError: Failed to fetch
=============================
====== JS ERROR CAUGHT ======
Unhandled Promise: TypeError: Failed to fetch
=============================
====== JS ERROR CAUGHT ======
Unhandled Promise: TypeError: Failed to fetch
=============================
====== JS ERROR CAUGHT ======
Unhandled Promise: TypeError: Failed to fetch
=============================
====== JS ERROR CAUGHT ======
Unhandled Promise: TypeError: Failed to fetch
=============================
====== JS ERROR CAUGHT ======
Unhandled Promise: TypeError: Failed to fetch
=============================
====== JS ERROR CAUGHT ======
Unhandled Promise: TypeError: Failed to fetch
=============================
====== JS ERROR CAUGHT ======
Unhandled Promise: TypeError: Failed to fetch
=============================
====== JS ERROR CAUGHT ======
Unhandled Promise: TypeError: Failed to fetch
=============================
====== JS ERROR CAUGHT ======
Unhandled Promise: TypeError: Failed to fetch
=============================
====== JS ERROR CAUGHT ======
Unhandled Promise: TypeError: Failed to fetch
=============================
====== JS ERROR CAUGHT ======
Unhandled Promise: TypeError: Failed to fetch
=============================
====== JS ERROR CAUGHT ======
Unhandled Promise: TypeError: Failed to fetch
=============================
====== JS ERROR CAUGHT ======
Unhandled Promise: TypeError: Failed to fetch
=============================
====== JS ERROR CAUGHT ======
Unhandled Promise: TypeError: Failed to fetch
=============================
====== JS ERROR CAUGHT ======
Unhandled Promise: TypeError: Failed to fetch
=============================
====== JS ERROR CAUGHT ======
Unhandled Promise: TypeError: Failed to fetch
=============================
====== JS ERROR CAUGHT ======
Unhandled Promise: TypeError: Failed to fetch
=============================
====== JS ERROR CAUGHT ======
Unhandled Promise: TypeError: Failed to fetch
=============================
====== JS ERROR CAUGHT ======
Unhandled Promise: TypeError: Failed to fetch
=============================
====== JS ERROR CAUGHT ======
Unhandled Promise: TypeError: Failed to fetch
=============================
====== JS ERROR CAUGHT ======
Unhandled Promise: TypeError: Failed to fetch
=============================
====== JS ERROR CAUGHT ======
Unhandled Promise: TypeError: Failed to fetch
=============================
====== JS ERROR CAUGHT ======
Unhandled Promise: TypeError: Failed to fetch
=============================
====== JS ERROR CAUGHT ======
Unhandled Promise: TypeError: Failed to fetch
=============================
====== JS ERROR CAUGHT ======
Unhandled Promise: TypeError: Failed to fetch
=============================
====== JS ERROR CAUGHT ======
Unhandled Promise: TypeError: Failed to fetch
=============================
====== JS ERROR CAUGHT ======
Unhandled Promise: TypeError: Failed to fetch
=============================
====== JS ERROR CAUGHT ======
Unhandled Promise: TypeError: Failed to fetch
=============================
====== JS ERROR CAUGHT ======
Unhandled Promise: TypeError: Failed to fetch
=============================
====== JS ERROR CAUGHT ======
Unhandled Promise: TypeError: Failed to fetch
=============================
====== JS ERROR CAUGHT ======
Unhandled Promise: TypeError: Failed to fetch
=============================
====== JS ERROR CAUGHT ======
Unhandled Promise: TypeError: Failed to fetch
=============================
====== JS ERROR CAUGHT ======
Unhandled Promise: TypeError: Failed to fetch
=============================
====== JS ERROR CAUGHT ======
Unhandled Promise: TypeError: Failed to fetch
=============================
====== JS ERROR CAUGHT ======
Unhandled Promise: TypeError: Failed to fetch
=============================
====== JS ERROR CAUGHT ======
Unhandled Promise: TypeError: Failed to fetch
=============================
====== JS ERROR CAUGHT ======
Unhandled Promise: TypeError: Failed to fetch
=============================
====== JS ERROR CAUGHT ======
Unhandled Promise: TypeError: Failed to fetch
=============================
====== JS ERROR CAUGHT ======
Unhandled Promise: TypeError: Failed to fetch
=============================
====== JS ERROR CAUGHT ======
Unhandled Promise: TypeError: Failed to fetch
=============================
====== JS ERROR CAUGHT ======
Unhandled Promise: TypeError: Failed to fetch
=============================
====== JS ERROR CAUGHT ======
Unhandled Promise: TypeError: Failed to fetch
=============================
====== JS ERROR CAUGHT ======
Unhandled Promise: TypeError: Failed to fetch
=============================
====== JS ERROR CAUGHT ======
Unhandled Promise: TypeError: Failed to fetch
=============================
====== JS ERROR CAUGHT ======
Unhandled Promise: TypeError: Failed to fetch
=============================
====== JS ERROR CAUGHT ======
Unhandled Promise: TypeError: Failed to fetch
=============================
====== JS ERROR CAUGHT ======
Unhandled Promise: TypeError: Failed to fetch
=============================
====== JS ERROR CAUGHT ======
Unhandled Promise: TypeError: Failed to fetch
=============================
====== JS ERROR CAUGHT ======
Unhandled Promise: TypeError: Failed to fetch
=============================
====== JS ERROR CAUGHT ======
Unhandled Promise: TypeError: Failed to fetch
=============================
====== JS ERROR CAUGHT ======
Unhandled Promise: TypeError: Failed to fetch
=============================
====== JS ERROR CAUGHT ======
Unhandled Promise: TypeError: Failed to fetch
=============================
====== JS ERROR CAUGHT ======
Unhandled Promise: TypeError: Failed to fetch
=============================
====== JS ERROR CAUGHT ======
Unhandled Promise: TypeError: Failed to fetch
=============================
====== JS ERROR CAUGHT ======
Unhandled Promise: TypeError: Failed to fetch
=============================
====== JS ERROR CAUGHT ======
Unhandled Promise: TypeError: Failed to fetch
=============================
====== JS ERROR CAUGHT ======
Unhandled Promise: TypeError: Failed to fetch
=============================
====== JS ERROR CAUGHT ======
Unhandled Promise: TypeError: Failed to fetch
=============================
====== JS ERROR CAUGHT ======
Unhandled Promise: TypeError: Failed to fetch
=============================
====== JS ERROR CAUGHT ======
Unhandled Promise: TypeError: Failed to fetch
=============================
====== JS ERROR CAUGHT ======
Unhandled Promise: TypeError: Failed to fetch
=============================
====== JS ERROR CAUGHT ======
Unhandled Promise: TypeError: Failed to fetch
=============================
====== JS ERROR CAUGHT ======
Unhandled Promise: TypeError: Failed to fetch
=============================
====== JS ERROR CAUGHT ======
Unhandled Promise: TypeError: Failed to fetch
=============================
====== JS ERROR CAUGHT ======
Unhandled Promise: TypeError: Failed to fetch
=============================
====== JS ERROR CAUGHT ======
Unhandled Promise: TypeError: Failed to fetch
=============================
====== JS ERROR CAUGHT ======
Unhandled Promise: TypeError: Failed to fetch
=============================
====== JS ERROR CAUGHT ======
Unhandled Promise: TypeError: Failed to fetch
=============================
====== JS ERROR CAUGHT ======
Unhandled Promise: TypeError: Failed to fetch
=============================
====== JS ERROR CAUGHT ======
Unhandled Promise: TypeError: Failed to fetch
=============================
====== JS ERROR CAUGHT ======
Unhandled Promise: TypeError: Failed to fetch
=============================
====== JS ERROR CAUGHT ======
Unhandled Promise: TypeError: Failed to fetch
=============================
====== JS ERROR CAUGHT ======
Unhandled Promise: TypeError: Failed to fetch
=============================
====== JS ERROR CAUGHT ======
Unhandled Promise: TypeError: Failed to fetch
=============================
====== JS ERROR CAUGHT ======
Unhandled Promise: TypeError: Failed to fetch
=============================
====== JS ERROR CAUGHT ======
Unhandled Promise: TypeError: Failed to fetch
=============================
====== JS ERROR CAUGHT ======
Unhandled Promise: TypeError: Failed to fetch
=============================
====== JS ERROR CAUGHT ======
Unhandled Promise: TypeError: Failed to fetch
=============================
====== JS ERROR CAUGHT ======
Unhandled Promise: TypeError: Failed to fetch
=============================
====== JS ERROR CAUGHT ======
Unhandled Promise: TypeError: Failed to fetch
=============================
====== JS ERROR CAUGHT ======
Unhandled Promise: TypeError: Failed to fetch
=============================
====== JS ERROR CAUGHT ======
Unhandled Promise: TypeError: Failed to fetch
=============================
====== JS ERROR CAUGHT ======
Unhandled Promise: TypeError: Failed to fetch
=============================
====== JS ERROR CAUGHT ======
Unhandled Promise: TypeError: Failed to fetch
=============================
====== JS ERROR CAUGHT ======
Unhandled Promise: TypeError: Failed to fetch
=============================
====== JS ERROR CAUGHT ======
Unhandled Promise: TypeError: Failed to fetch
=============================
====== JS ERROR CAUGHT ======
Unhandled Promise: TypeError: Failed to fetch
=============================
====== JS ERROR CAUGHT ======
Unhandled Promise: TypeError: Failed to fetch
=============================
====== JS ERROR CAUGHT ======
Unhandled Promise: TypeError: Failed to fetch
=============================
====== JS ERROR CAUGHT ======
Unhandled Promise: TypeError: Failed to fetch
=============================
====== JS ERROR CAUGHT ======
Unhandled Promise: TypeError: Failed to fetch
=============================
====== JS ERROR CAUGHT ======
Unhandled Promise: TypeError: Failed to fetch
=============================
====== JS ERROR CAUGHT ======
Unhandled Promise: TypeError: Failed to fetch
=============================
====== JS ERROR CAUGHT ======
Unhandled Promise: TypeError: Failed to fetch
=============================
====== JS ERROR CAUGHT ======
Unhandled Promise: TypeError: Failed to fetch
=============================
====== JS ERROR CAUGHT ======
Unhandled Promise: TypeError: Failed to fetch
=============================
====== JS ERROR CAUGHT ======
Unhandled Promise: TypeError: Failed to fetch
=============================
====== JS ERROR CAUGHT ======
Unhandled Promise: TypeError: Failed to fetch
=============================
====== JS ERROR CAUGHT ======
Unhandled Promise: TypeError: Failed to fetch
=============================
====== JS ERROR CAUGHT ======
Unhandled Promise: TypeError: Failed to fetch
=============================
====== JS ERROR CAUGHT ======
Unhandled Promise: TypeError: Failed to fetch
=============================
====== JS ERROR CAUGHT ======
Unhandled Promise: TypeError: Failed to fetch
=============================
====== JS ERROR CAUGHT ======
Unhandled Promise: TypeError: Failed to fetch
=============================
====== JS ERROR CAUGHT ======
Unhandled Promise: TypeError: Failed to fetch
=============================
====== JS ERROR CAUGHT ======
Unhandled Promise: TypeError: Failed to fetch
=============================
====== JS ERROR CAUGHT ======
Unhandled Promise: TypeError: Failed to fetch
=============================
====== JS ERROR CAUGHT ======
Unhandled Promise: TypeError: Failed to fetch
=============================
====== JS ERROR CAUGHT ======
Unhandled Promise: TypeError: Failed to fetch
=============================
====== JS ERROR CAUGHT ======
Unhandled Promise: TypeError: Failed to fetch
=============================
====== JS ERROR CAUGHT ======
Unhandled Promise: TypeError: Failed to fetch
=============================
====== JS ERROR CAUGHT ======
Unhandled Promise: TypeError: Failed to fetch
=============================
====== JS ERROR CAUGHT ======
Unhandled Promise: TypeError: Failed to fetch
=============================
====== JS ERROR CAUGHT ======
Unhandled Promise: TypeError: Failed to fetch
=============================
====== JS ERROR CAUGHT ======
Unhandled Promise: TypeError: Failed to fetch
=============================
====== JS ERROR CAUGHT ======
Unhandled Promise: TypeError: Failed to fetch
=============================
====== JS ERROR CAUGHT ======
Unhandled Promise: TypeError: Failed to fetch
=============================
====== JS ERROR CAUGHT ======
Unhandled Promise: TypeError: Failed to fetch
=============================
====== JS ERROR CAUGHT ======
Unhandled Promise: TypeError: Failed to fetch
=============================
====== JS ERROR CAUGHT ======
Unhandled Promise: TypeError: Failed to fetch
=============================
====== JS ERROR CAUGHT ======
Unhandled Promise: TypeError: Failed to fetch
=============================
====== JS ERROR CAUGHT ======
Unhandled Promise: TypeError: Failed to fetch
=============================
====== JS ERROR CAUGHT ======
Unhandled Promise: TypeError: Failed to fetch
=============================
====== JS ERROR CAUGHT ======
Unhandled Promise: TypeError: Failed to fetch
=============================
====== JS ERROR CAUGHT ======
Unhandled Promise: TypeError: Failed to fetch
=============================
====== JS ERROR CAUGHT ======
Unhandled Promise: TypeError: Failed to fetch
=============================
====== JS ERROR CAUGHT ======
Unhandled Promise: TypeError: Failed to fetch
=============================
====== JS ERROR CAUGHT ======
Unhandled Promise: TypeError: Failed to fetch
=============================
====== JS ERROR CAUGHT ======
Unhandled Promise: TypeError: Failed to fetch
=============================
====== JS ERROR CAUGHT ======
Unhandled Promise: TypeError: Failed to fetch
=============================
====== JS ERROR CAUGHT ======
Unhandled Promise: TypeError: Failed to fetch
=============================
====== JS ERROR CAUGHT ======
Unhandled Promise: TypeError: Failed to fetch
=============================
====== JS ERROR CAUGHT ======
Unhandled Promise: TypeError: Failed to fetch
=============================
====== JS ERROR CAUGHT ======
Unhandled Promise: TypeError: Failed to fetch
=============================
====== JS ERROR CAUGHT ======
Unhandled Promise: TypeError: Failed to fetch
=============================
====== JS ERROR CAUGHT ======
Unhandled Promise: TypeError: Failed to fetch
=============================
====== JS ERROR CAUGHT ======
Unhandled Promise: TypeError: Failed to fetch
=============================
====== JS ERROR CAUGHT ======
Unhandled Promise: TypeError: Failed to fetch
=============================
====== JS ERROR CAUGHT ======
Unhandled Promise: TypeError: Failed to fetch
=============================
====== JS ERROR CAUGHT ======
Unhandled Promise: TypeError: Failed to fetch
=============================
====== JS ERROR CAUGHT ======
Unhandled Promise: TypeError: Failed to fetch
=============================
====== JS ERROR CAUGHT ======
Unhandled Promise: TypeError: Failed to fetch
=============================
====== JS ERROR CAUGHT ======
Unhandled Promise: TypeError: Failed to fetch
=============================
====== JS ERROR CAUGHT ======
Unhandled Promise: TypeError: Failed to fetch
=============================
====== JS ERROR CAUGHT ======
Unhandled Promise: TypeError: Failed to fetch
=============================
====== JS ERROR CAUGHT ======
Unhandled Promise: TypeError: Failed to fetch
=============================
====== JS ERROR CAUGHT ======
Unhandled Promise: TypeError: Failed to fetch
=============================
====== JS ERROR CAUGHT ======
Unhandled Promise: TypeError: Failed to fetch
=============================
====== JS ERROR CAUGHT ======
Unhandled Promise: TypeError: Failed to fetch
=============================
====== JS ERROR CAUGHT ======
Unhandled Promise: TypeError: Failed to fetch
=============================
====== JS ERROR CAUGHT ======
Unhandled Promise: TypeError: Failed to fetch
=============================
====== JS ERROR CAUGHT ======
Unhandled Promise: TypeError: Failed to fetch
=============================
====== JS ERROR CAUGHT ======
Unhandled Promise: TypeError: Failed to fetch
=============================
====== JS ERROR CAUGHT ======
Unhandled Promise: TypeError: Failed to fetch
=============================
====== JS ERROR CAUGHT ======
Unhandled Promise: TypeError: Failed to fetch
=============================
====== JS ERROR CAUGHT ======
Unhandled Promise: TypeError: Failed to fetch
=============================
====== JS ERROR CAUGHT ======
Unhandled Promise: TypeError: Failed to fetch
=============================
====== JS ERROR CAUGHT ======
Unhandled Promise: TypeError: Failed to fetch
=============================
====== JS ERROR CAUGHT ======
Unhandled Promise: TypeError: Failed to fetch
=============================
====== JS ERROR CAUGHT ======
Unhandled Promise: TypeError: Failed to fetch
=============================
====== JS ERROR CAUGHT ======
Unhandled Promise: TypeError: Failed to fetch
=============================
====== JS ERROR CAUGHT ======
Unhandled Promise: TypeError: Failed to fetch
=============================
====== JS ERROR CAUGHT ======
Unhandled Promise: TypeError: Failed to fetch
=============================
====== JS ERROR CAUGHT ======
Unhandled Promise: TypeError: Failed to fetch
=============================
====== JS ERROR CAUGHT ======
Unhandled Promise: TypeError: Failed to fetch
=============================
====== JS ERROR CAUGHT ======
Unhandled Promise: TypeError: Failed to fetch
=============================
====== JS ERROR CAUGHT ======
Unhandled Promise: TypeError: Failed to fetch
=============================
====== JS ERROR CAUGHT ======
Unhandled Promise: TypeError: Failed to fetch
=============================
====== JS ERROR CAUGHT ======
Unhandled Promise: TypeError: Failed to fetch
=============================
====== JS ERROR CAUGHT ======
Unhandled Promise: TypeError: Failed to fetch
=============================
====== JS ERROR CAUGHT ======
Unhandled Promise: TypeError: Failed to fetch
=============================
====== JS ERROR CAUGHT ======
Unhandled Promise: TypeError: Failed to fetch
=============================
====== JS ERROR CAUGHT ======
Unhandled Promise: TypeError: Failed to fetch
=============================
====== JS ERROR CAUGHT ======
Unhandled Promise: TypeError: Failed to fetch
=============================
====== JS ERROR CAUGHT ======
Unhandled Promise: TypeError: Failed to fetch
=============================
====== JS ERROR CAUGHT ======
Unhandled Promise: TypeError: Failed to fetch
=============================
====== JS ERROR CAUGHT ======
Unhandled Promise: TypeError: Failed to fetch
=============================
====== JS ERROR CAUGHT ======
Unhandled Promise: TypeError: Failed to fetch
=============================
====== JS ERROR CAUGHT ======
Unhandled Promise: TypeError: Failed to fetch
=============================
====== JS ERROR CAUGHT ======
Unhandled Promise: TypeError: Failed to fetch
=============================
====== JS ERROR CAUGHT ======
Unhandled Promise: TypeError: Failed to fetch
=============================
====== JS ERROR CAUGHT ======
Unhandled Promise: TypeError: Failed to fetch
=============================
====== JS ERROR CAUGHT ======
Unhandled Promise: TypeError: Failed to fetch
=============================
====== JS ERROR CAUGHT ======
Unhandled Promise: TypeError: Failed to fetch
=============================
====== JS ERROR CAUGHT ======
Unhandled Promise: TypeError: Failed to fetch
=============================
====== JS ERROR CAUGHT ======
Unhandled Promise: TypeError: Failed to fetch
=============================
====== JS ERROR CAUGHT ======
Unhandled Promise: TypeError: Failed to fetch
=============================
====== JS ERROR CAUGHT ======
Unhandled Promise: TypeError: Failed to fetch
=============================
====== JS ERROR CAUGHT ======
Unhandled Promise: TypeError: Failed to fetch
=============================
====== JS ERROR CAUGHT ======
Unhandled Promise: TypeError: Failed to fetch
=============================
====== JS ERROR CAUGHT ======
Unhandled Promise: TypeError: Failed to fetch
=============================
====== JS ERROR CAUGHT ======
Unhandled Promise: TypeError: Failed to fetch
=============================
====== JS ERROR CAUGHT ======
Unhandled Promise: TypeError: Failed to fetch
=============================
====== JS ERROR CAUGHT ======
Unhandled Promise: TypeError: Failed to fetch
=============================
====== JS ERROR CAUGHT ======
Unhandled Promise: TypeError: Failed to fetch
=============================
====== JS ERROR CAUGHT ======
Unhandled Promise: TypeError: Failed to fetch
=============================
====== JS ERROR CAUGHT ======
Unhandled Promise: TypeError: Failed to fetch
=============================
====== JS ERROR CAUGHT ======
Unhandled Promise: TypeError: Failed to fetch
=============================
====== JS ERROR CAUGHT ======
Unhandled Promise: TypeError: Failed to fetch
=============================
====== JS ERROR CAUGHT ======
Unhandled Promise: TypeError: Failed to fetch
=============================
====== JS ERROR CAUGHT ======
Unhandled Promise: TypeError: Failed to fetch
=============================
====== JS ERROR CAUGHT ======
Unhandled Promise: TypeError: Failed to fetch
=============================
====== JS ERROR CAUGHT ======
Unhandled Promise: TypeError: Failed to fetch
=============================
====== JS ERROR CAUGHT ======
Unhandled Promise: TypeError: Failed to fetch
=============================
====== JS ERROR CAUGHT ======
Unhandled Promise: TypeError: Failed to fetch
=============================
====== JS ERROR CAUGHT ======
Unhandled Promise: TypeError: Failed to fetch
=============================
====== JS ERROR CAUGHT ======
Unhandled Promise: TypeError: Failed to fetch
=============================
====== JS ERROR CAUGHT ======
Unhandled Promise: TypeError: Failed to fetch
=============================
====== JS ERROR CAUGHT ======
Unhandled Promise: TypeError: Failed to fetch
=============================
====== JS ERROR CAUGHT ======
Unhandled Promise: TypeError: Failed to fetch
=============================
====== JS ERROR CAUGHT ======
Unhandled Promise: TypeError: Failed to fetch
=============================
====== JS ERROR CAUGHT ======
Unhandled Promise: TypeError: Failed to fetch
=============================
====== JS ERROR CAUGHT ======
Unhandled Promise: TypeError: Failed to fetch
=============================
====== JS ERROR CAUGHT ======
Unhandled Promise: TypeError: Failed to fetch
=============================
====== JS ERROR CAUGHT ======
Unhandled Promise: TypeError: Failed to fetch
=============================
====== JS ERROR CAUGHT ======
Unhandled Promise: TypeError: Failed to fetch
=============================
====== JS ERROR CAUGHT ======
Unhandled Promise: TypeError: Failed to fetch
=============================
====== JS ERROR CAUGHT ======
Unhandled Promise: TypeError: Failed to fetch
=============================
====== JS ERROR CAUGHT ======
Unhandled Promise: TypeError: Failed to fetch
=============================
====== JS ERROR CAUGHT ======
Unhandled Promise: TypeError: Failed to fetch
=============================
====== JS ERROR CAUGHT ======
Unhandled Promise: TypeError: Failed to fetch
=============================
====== JS ERROR CAUGHT ======
Unhandled Promise: TypeError: Failed to fetch
=============================
====== JS ERROR CAUGHT ======
Unhandled Promise: TypeError: Failed to fetch
=============================
====== JS ERROR CAUGHT ======
Unhandled Promise: TypeError: Failed to fetch
=============================
====== JS ERROR CAUGHT ======
Unhandled Promise: TypeError: Failed to fetch
=============================
====== JS ERROR CAUGHT ======
Unhandled Promise: TypeError: Failed to fetch
=============================
====== JS ERROR CAUGHT ======
Unhandled Promise: TypeError: Failed to fetch
=============================
====== JS ERROR CAUGHT ======
Unhandled Promise: TypeError: Failed to fetch
=============================
====== JS ERROR CAUGHT ======
Unhandled Promise: TypeError: Failed to fetch
=============================
====== JS ERROR CAUGHT ======
Unhandled Promise: TypeError: Failed to fetch
=============================
====== JS ERROR CAUGHT ======
Unhandled Promise: TypeError: Failed to fetch
=============================
====== JS ERROR CAUGHT ======
Unhandled Promise: TypeError: Failed to fetch
=============================
====== JS ERROR CAUGHT ======
Unhandled Promise: TypeError: Failed to fetch
=============================
====== JS ERROR CAUGHT ======
Unhandled Promise: TypeError: Failed to fetch
=============================
====== JS ERROR CAUGHT ======
Unhandled Promise: TypeError: Failed to fetch
=============================
====== JS ERROR CAUGHT ======
Unhandled Promise: TypeError: Failed to fetch
=============================
====== JS ERROR CAUGHT ======
Unhandled Promise: TypeError: Failed to fetch
=============================
====== JS ERROR CAUGHT ======
Unhandled Promise: TypeError: Failed to fetch
=============================
====== JS ERROR CAUGHT ======
Unhandled Promise: TypeError: Failed to fetch
=============================
====== JS ERROR CAUGHT ======
Unhandled Promise: TypeError: Failed to fetch
=============================
====== JS ERROR CAUGHT ======
Unhandled Promise: TypeError: Failed to fetch
=============================
====== JS ERROR CAUGHT ======
Unhandled Promise: TypeError: Failed to fetch
=============================
====== JS ERROR CAUGHT ======
Unhandled Promise: TypeError: Failed to fetch
=============================
====== JS ERROR CAUGHT ======
Unhandled Promise: TypeError: Failed to fetch
=============================
====== JS ERROR CAUGHT ======
Unhandled Promise: TypeError: Failed to fetch
=============================
====== JS ERROR CAUGHT ======
Unhandled Promise: TypeError: Failed to fetch
=============================
====== JS ERROR CAUGHT ======
Unhandled Promise: TypeError: Failed to fetch
=============================
====== JS ERROR CAUGHT ======
Unhandled Promise: TypeError: Failed to fetch
=============================
====== JS ERROR CAUGHT ======
Unhandled Promise: TypeError: Failed to fetch
=============================
====== JS ERROR CAUGHT ======
Unhandled Promise: TypeError: Failed to fetch
=============================
====== JS ERROR CAUGHT ======
Unhandled Promise: TypeError: Failed to fetch
=============================
====== JS ERROR CAUGHT ======
Unhandled Promise: TypeError: Failed to fetch
=============================
====== JS ERROR CAUGHT ======
Unhandled Promise: TypeError: Failed to fetch
=============================
====== JS ERROR CAUGHT ======
Unhandled Promise: TypeError: Failed to fetch
=============================
====== JS ERROR CAUGHT ======
Unhandled Promise: TypeError: Failed to fetch
=============================
====== JS ERROR CAUGHT ======
Unhandled Promise: TypeError: Failed to fetch
=============================
====== JS ERROR CAUGHT ======
Unhandled Promise: TypeError: Failed to fetch
=============================
====== JS ERROR CAUGHT ======
Unhandled Promise: TypeError: Failed to fetch
=============================
====== JS ERROR CAUGHT ======
Unhandled Promise: TypeError: Failed to fetch
=============================
====== JS ERROR CAUGHT ======
Unhandled Promise: TypeError: Failed to fetch
=============================
====== JS ERROR CAUGHT ======
Unhandled Promise: TypeError: Failed to fetch
=============================
====== JS ERROR CAUGHT ======
Unhandled Promise: TypeError: Failed to fetch
=============================
====== JS ERROR CAUGHT ======
Unhandled Promise: TypeError: Failed to fetch
=============================
====== JS ERROR CAUGHT ======
Unhandled Promise: TypeError: Failed to fetch
=============================
====== JS ERROR CAUGHT ======
Unhandled Promise: TypeError: Failed to fetch
=============================
====== JS ERROR CAUGHT ======
Unhandled Promise: TypeError: Failed to fetch
=============================
====== JS ERROR CAUGHT ======
Unhandled Promise: TypeError: Failed to fetch
=============================
====== JS ERROR CAUGHT ======
Unhandled Promise: TypeError: Failed to fetch
=============================
====== JS ERROR CAUGHT ======
Unhandled Promise: TypeError: Failed to fetch
=============================
====== JS ERROR CAUGHT ======
Unhandled Promise: TypeError: Failed to fetch
=============================
====== JS ERROR CAUGHT ======
Unhandled Promise: TypeError: Failed to fetch
=============================
====== JS ERROR CAUGHT ======
Unhandled Promise: TypeError: Failed to fetch
=============================
====== JS ERROR CAUGHT ======
Unhandled Promise: TypeError: Failed to fetch
=============================
====== JS ERROR CAUGHT ======
Unhandled Promise: TypeError: Failed to fetch
=============================
====== JS ERROR CAUGHT ======
Unhandled Promise: TypeError: Failed to fetch
=============================
====== JS ERROR CAUGHT ======
Unhandled Promise: TypeError: Failed to fetch
=============================
====== JS ERROR CAUGHT ======
Unhandled Promise: TypeError: Failed to fetch
=============================
====== JS ERROR CAUGHT ======
Unhandled Promise: TypeError: Failed to fetch
=============================
====== JS ERROR CAUGHT ======
Unhandled Promise: TypeError: Failed to fetch
=============================
====== JS ERROR CAUGHT ======
Unhandled Promise: TypeError: Failed to fetch
=============================
====== JS ERROR CAUGHT ======
Unhandled Promise: TypeError: Failed to fetch
=============================
====== JS ERROR CAUGHT ======
Unhandled Promise: TypeError: Failed to fetch
=============================
====== JS ERROR CAUGHT ======
Unhandled Promise: TypeError: Failed to fetch
=============================
====== JS ERROR CAUGHT ======
Unhandled Promise: TypeError: Failed to fetch
=============================
====== JS ERROR CAUGHT ======
Unhandled Promise: TypeError: Failed to fetch
=============================
====== JS ERROR CAUGHT ======
Unhandled Promise: TypeError: Failed to fetch
=============================
====== JS ERROR CAUGHT ======
Unhandled Promise: TypeError: Failed to fetch
=============================
====== JS ERROR CAUGHT ======
Unhandled Promise: TypeError: Failed to fetch
=============================
====== JS ERROR CAUGHT ======
Unhandled Promise: TypeError: Failed to fetch
=============================
====== JS ERROR CAUGHT ======
Unhandled Promise: TypeError: Failed to fetch
=============================
====== JS ERROR CAUGHT ======
Unhandled Promise: TypeError: Failed to fetch
=============================
====== JS ERROR CAUGHT ======
Unhandled Promise: TypeError: Failed to fetch
=============================
====== JS ERROR CAUGHT ======
Unhandled Promise: TypeError: Failed to fetch
=============================
====== JS ERROR CAUGHT ======
Unhandled Promise: TypeError: Failed to fetch
=============================
====== JS ERROR CAUGHT ======
Unhandled Promise: TypeError: Failed to fetch
=============================
====== JS ERROR CAUGHT ======
Unhandled Promise: TypeError: Failed to fetch
=============================
====== JS ERROR CAUGHT ======
Unhandled Promise: TypeError: Failed to fetch
=============================
====== JS ERROR CAUGHT ======
Unhandled Promise: TypeError: Failed to fetch
=============================
====== JS ERROR CAUGHT ======
Unhandled Promise: TypeError: Failed to fetch
=============================
====== JS ERROR CAUGHT ======
Unhandled Promise: TypeError: Failed to fetch
=============================
====== JS ERROR CAUGHT ======
Unhandled Promise: TypeError: Failed to fetch
=============================
====== JS ERROR CAUGHT ======
Unhandled Promise: TypeError: Failed to fetch
=============================
====== JS ERROR CAUGHT ======
Unhandled Promise: TypeError: Failed to fetch
=============================
====== JS ERROR CAUGHT ======
Unhandled Promise: TypeError: Failed to fetch
=============================
====== JS ERROR CAUGHT ======
Unhandled Promise: TypeError: Failed to fetch
=============================
====== JS ERROR CAUGHT ======
Unhandled Promise: TypeError: Failed to fetch
=============================
====== JS ERROR CAUGHT ======
Unhandled Promise: TypeError: Failed to fetch
=============================
====== JS ERROR CAUGHT ======
Unhandled Promise: TypeError: Failed to fetch
=============================
====== JS ERROR CAUGHT ======
Unhandled Promise: TypeError: Failed to fetch
=============================
====== JS ERROR CAUGHT ======
Unhandled Promise: TypeError: Failed to fetch
=============================
====== JS ERROR CAUGHT ======
Unhandled Promise: TypeError: Failed to fetch
=============================
====== JS ERROR CAUGHT ======
Unhandled Promise: TypeError: Failed to fetch
=============================
====== JS ERROR CAUGHT ======
Unhandled Promise: TypeError: Failed to fetch
=============================
====== JS ERROR CAUGHT ======
Unhandled Promise: TypeError: Failed to fetch
=============================
====== JS ERROR CAUGHT ======
Unhandled Promise: TypeError: Failed to fetch
=============================
====== JS ERROR CAUGHT ======
Unhandled Promise: TypeError: Failed to fetch
=============================
====== JS ERROR CAUGHT ======
Unhandled Promise: TypeError: Failed to fetch
=============================
====== JS ERROR CAUGHT ======
Unhandled Promise: TypeError: Failed to fetch
=============================
====== JS ERROR CAUGHT ======
Unhandled Promise: TypeError: Failed to fetch
=============================
====== JS ERROR CAUGHT ======
Unhandled Promise: TypeError: Failed to fetch
=============================
====== JS ERROR CAUGHT ======
Unhandled Promise: TypeError: Failed to fetch
=============================
====== JS ERROR CAUGHT ======
Unhandled Promise: TypeError: Failed to fetch
=============================
====== JS ERROR CAUGHT ======
Unhandled Promise: TypeError: Failed to fetch
=============================
====== JS ERROR CAUGHT ======
Unhandled Promise: TypeError: Failed to fetch
=============================
====== JS ERROR CAUGHT ======
Unhandled Promise: TypeError: Failed to fetch
=============================
====== JS ERROR CAUGHT ======
Unhandled Promise: TypeError: Failed to fetch
=============================
====== JS ERROR CAUGHT ======
Unhandled Promise: TypeError: Failed to fetch
=============================
====== JS ERROR CAUGHT ======
Unhandled Promise: TypeError: Failed to fetch
=============================
====== JS ERROR CAUGHT ======
Unhandled Promise: TypeError: Failed to fetch
=============================
====== JS ERROR CAUGHT ======
Unhandled Promise: TypeError: Failed to fetch
=============================
====== JS ERROR CAUGHT ======
Unhandled Promise: TypeError: Failed to fetch
=============================
====== JS ERROR CAUGHT ======
Unhandled Promise: TypeError: Failed to fetch
=============================
====== JS ERROR CAUGHT ======
Unhandled Promise: TypeError: Failed to fetch
=============================
====== JS ERROR CAUGHT ======
Unhandled Promise: TypeError: Failed to fetch
=============================
====== JS ERROR CAUGHT ======
Unhandled Promise: TypeError: Failed to fetch
=============================
====== JS ERROR CAUGHT ======
Unhandled Promise: TypeError: Failed to fetch
=============================
====== JS ERROR CAUGHT ======
Unhandled Promise: TypeError: Failed to fetch
=============================
====== JS ERROR CAUGHT ======
Unhandled Promise: TypeError: Failed to fetch
=============================
====== JS ERROR CAUGHT ======
Unhandled Promise: TypeError: Failed to fetch
=============================
====== JS ERROR CAUGHT ======
Unhandled Promise: TypeError: Failed to fetch
=============================
====== JS ERROR CAUGHT ======
Unhandled Promise: TypeError: Failed to fetch
=============================
====== JS ERROR CAUGHT ======
Unhandled Promise: TypeError: Failed to fetch
=============================
====== JS ERROR CAUGHT ======
Unhandled Promise: TypeError: Failed to fetch
=============================
====== JS ERROR CAUGHT ======
Unhandled Promise: TypeError: Failed to fetch
=============================
====== JS ERROR CAUGHT ======
Unhandled Promise: TypeError: Failed to fetch
=============================
====== JS ERROR CAUGHT ======
Unhandled Promise: TypeError: Failed to fetch
=============================
====== JS ERROR CAUGHT ======
Unhandled Promise: TypeError: Failed to fetch
=============================
====== JS ERROR CAUGHT ======
Unhandled Promise: TypeError: Failed to fetch
=============================
====== JS ERROR CAUGHT ======
Unhandled Promise: TypeError: Failed to fetch
=============================
====== JS ERROR CAUGHT ======
Unhandled Promise: TypeError: Failed to fetch
=============================
====== JS ERROR CAUGHT ======
Unhandled Promise: TypeError: Failed to fetch
=============================
====== JS ERROR CAUGHT ======
Unhandled Promise: TypeError: Failed to fetch
=============================
====== JS ERROR CAUGHT ======
Unhandled Promise: TypeError: Failed to fetch
=============================
====== JS ERROR CAUGHT ======
Unhandled Promise: TypeError: Failed to fetch
=============================
====== JS ERROR CAUGHT ======
Unhandled Promise: TypeError: Failed to fetch
=============================
====== JS ERROR CAUGHT ======
Unhandled Promise: TypeError: Failed to fetch
=============================
====== JS ERROR CAUGHT ======
Unhandled Promise: TypeError: Failed to fetch
=============================
====== JS ERROR CAUGHT ======
Unhandled Promise: TypeError: Failed to fetch
=============================
====== JS ERROR CAUGHT ======
Unhandled Promise: TypeError: Failed to fetch
=============================
====== JS ERROR CAUGHT ======
Unhandled Promise: TypeError: Failed to fetch
=============================
====== JS ERROR CAUGHT ======
Unhandled Promise: TypeError: Failed to fetch
=============================
====== JS ERROR CAUGHT ======
Unhandled Promise: TypeError: Failed to fetch
=============================
====== JS ERROR CAUGHT ======
Unhandled Promise: TypeError: Failed to fetch
=============================
====== JS ERROR CAUGHT ======
Unhandled Promise: TypeError: Failed to fetch
=============================
====== JS ERROR CAUGHT ======
Unhandled Promise: TypeError: Failed to fetch
=============================
====== JS ERROR CAUGHT ======
Unhandled Promise: TypeError: Failed to fetch
=============================
====== JS ERROR CAUGHT ======
Unhandled Promise: TypeError: Failed to fetch
=============================
====== JS ERROR CAUGHT ======
Unhandled Promise: TypeError: Failed to fetch
=============================
====== JS ERROR CAUGHT ======
Unhandled Promise: TypeError: Failed to fetch
=============================
====== JS ERROR CAUGHT ======
Unhandled Promise: TypeError: Failed to fetch
=============================
====== JS ERROR CAUGHT ======
Unhandled Promise: TypeError: Failed to fetch
=============================
====== JS ERROR CAUGHT ======
Unhandled Promise: TypeError: Failed to fetch
=============================
====== JS ERROR CAUGHT ======
Unhandled Promise: TypeError: Failed to fetch
=============================
====== JS ERROR CAUGHT ======
Unhandled Promise: TypeError: Failed to fetch
=============================
====== JS ERROR CAUGHT ======
Unhandled Promise: TypeError: Failed to fetch
=============================
====== JS ERROR CAUGHT ======
Unhandled Promise: TypeError: Failed to fetch
=============================
====== JS ERROR CAUGHT ======
Unhandled Promise: TypeError: Failed to fetch
=============================
====== JS ERROR CAUGHT ======
Unhandled Promise: TypeError: Failed to fetch
=============================
====== JS ERROR CAUGHT ======
Unhandled Promise: TypeError: Failed to fetch
=============================
====== JS ERROR CAUGHT ======
Unhandled Promise: TypeError: Failed to fetch
=============================
====== JS ERROR CAUGHT ======
Unhandled Promise: TypeError: Failed to fetch
=============================
====== JS ERROR CAUGHT ======
Unhandled Promise: TypeError: Failed to fetch
=============================
====== JS ERROR CAUGHT ======
Unhandled Promise: TypeError: Failed to fetch
=============================
====== JS ERROR CAUGHT ======
Unhandled Promise: TypeError: Failed to fetch
=============================
====== JS ERROR CAUGHT ======
Unhandled Promise: TypeError: Failed to fetch
=============================
====== JS ERROR CAUGHT ======
Unhandled Promise: TypeError: Failed to fetch
=============================
====== JS ERROR CAUGHT ======
Unhandled Promise: TypeError: Failed to fetch
=============================
====== JS ERROR CAUGHT ======
Unhandled Promise: TypeError: Failed to fetch
=============================
====== JS ERROR CAUGHT ======
Unhandled Promise: TypeError: Failed to fetch
=============================
====== JS ERROR CAUGHT ======
Unhandled Promise: TypeError: Failed to fetch
=============================
====== JS ERROR CAUGHT ======
Unhandled Promise: TypeError: Failed to fetch
=============================
====== JS ERROR CAUGHT ======
Unhandled Promise: TypeError: Failed to fetch
=============================
====== JS ERROR CAUGHT ======
Unhandled Promise: TypeError: Failed to fetch
=============================
====== JS ERROR CAUGHT ======
Unhandled Promise: TypeError: Failed to fetch
=============================
====== JS ERROR CAUGHT ======
Unhandled Promise: TypeError: Failed to fetch
=============================
====== JS ERROR CAUGHT ======
Unhandled Promise: TypeError: Failed to fetch
=============================
====== JS ERROR CAUGHT ======
Unhandled Promise: TypeError: Failed to fetch
=============================
====== JS ERROR CAUGHT ======
Unhandled Promise: TypeError: Failed to fetch
=============================
====== JS ERROR CAUGHT ======
Unhandled Promise: TypeError: Failed to fetch
=============================
====== JS ERROR CAUGHT ======
Unhandled Promise: TypeError: Failed to fetch
=============================
====== JS ERROR CAUGHT ======
Unhandled Promise: TypeError: Failed to fetch
=============================
====== JS ERROR CAUGHT ======
Unhandled Promise: TypeError: Failed to fetch
=============================
====== JS ERROR CAUGHT ======
Unhandled Promise: TypeError: Failed to fetch
=============================
====== JS ERROR CAUGHT ======
Unhandled Promise: TypeError: Failed to fetch
=============================
====== JS ERROR CAUGHT ======
Unhandled Promise: TypeError: Failed to fetch
=============================
====== JS ERROR CAUGHT ======
Unhandled Promise: TypeError: Failed to fetch
=============================
====== JS ERROR CAUGHT ======
Unhandled Promise: TypeError: Failed to fetch
=============================
====== JS ERROR CAUGHT ======
Unhandled Promise: TypeError: Failed to fetch
=============================
====== JS ERROR CAUGHT ======
Unhandled Promise: TypeError: Failed to fetch
=============================
====== JS ERROR CAUGHT ======
Unhandled Promise: TypeError: Failed to fetch
=============================
====== JS ERROR CAUGHT ======
Unhandled Promise: TypeError: Failed to fetch
=============================
====== JS ERROR CAUGHT ======
Unhandled Promise: TypeError: Failed to fetch
=============================
====== JS ERROR CAUGHT ======
Unhandled Promise: TypeError: Failed to fetch
=============================
====== JS ERROR CAUGHT ======
Unhandled Promise: TypeError: Failed to fetch
=============================
====== JS ERROR CAUGHT ======
Unhandled Promise: TypeError: Failed to fetch
=============================
====== JS ERROR CAUGHT ======
Unhandled Promise: TypeError: Failed to fetch
=============================
====== JS ERROR CAUGHT ======
Unhandled Promise: TypeError: Failed to fetch
=============================
====== JS ERROR CAUGHT ======
Unhandled Promise: TypeError: Failed to fetch
=============================
====== JS ERROR CAUGHT ======
Unhandled Promise: TypeError: Failed to fetch
=============================
====== JS ERROR CAUGHT ======
Unhandled Promise: TypeError: Failed to fetch
=============================
====== JS ERROR CAUGHT ======
Unhandled Promise: TypeError: Failed to fetch
=============================
====== JS ERROR CAUGHT ======
Unhandled Promise: TypeError: Failed to fetch
=============================
====== JS ERROR CAUGHT ======
Unhandled Promise: TypeError: Failed to fetch
=============================
====== JS ERROR CAUGHT ======
Unhandled Promise: TypeError: Failed to fetch
=============================
====== JS ERROR CAUGHT ======
Unhandled Promise: TypeError: Failed to fetch
=============================
====== JS ERROR CAUGHT ======
Unhandled Promise: TypeError: Failed to fetch
=============================
====== JS ERROR CAUGHT ======
Unhandled Promise: TypeError: Failed to fetch
=============================
====== JS ERROR CAUGHT ======
Unhandled Promise: TypeError: Failed to fetch
=============================
====== JS ERROR CAUGHT ======
Unhandled Promise: TypeError: Failed to fetch
=============================
====== JS ERROR CAUGHT ======
Unhandled Promise: TypeError: Failed to fetch
=============================
====== JS ERROR CAUGHT ======
Unhandled Promise: TypeError: Failed to fetch
=============================
====== JS ERROR CAUGHT ======
Unhandled Promise: TypeError: Failed to fetch
=============================
====== JS ERROR CAUGHT ======
Unhandled Promise: TypeError: Failed to fetch
=============================
====== JS ERROR CAUGHT ======
Unhandled Promise: TypeError: Failed to fetch
=============================
====== JS ERROR CAUGHT ======
Unhandled Promise: TypeError: Failed to fetch
=============================
====== JS ERROR CAUGHT ======
Unhandled Promise: TypeError: Failed to fetch
=============================
====== JS ERROR CAUGHT ======
Unhandled Promise: TypeError: Failed to fetch
=============================
====== JS ERROR CAUGHT ======
Unhandled Promise: TypeError: Failed to fetch
=============================
====== JS ERROR CAUGHT ======
Unhandled Promise: TypeError: Failed to fetch
=============================
====== JS ERROR CAUGHT ======
Unhandled Promise: TypeError: Failed to fetch
=============================
====== JS ERROR CAUGHT ======
Unhandled Promise: TypeError: Failed to fetch
=============================
====== JS ERROR CAUGHT ======
Unhandled Promise: TypeError: Failed to fetch
=============================
====== JS ERROR CAUGHT ======
Unhandled Promise: TypeError: Failed to fetch
=============================
====== JS ERROR CAUGHT ======
Unhandled Promise: TypeError: Failed to fetch
=============================
====== JS ERROR CAUGHT ======
Unhandled Promise: TypeError: Failed to fetch
=============================
====== JS ERROR CAUGHT ======
Unhandled Promise: TypeError: Failed to fetch
=============================
====== JS ERROR CAUGHT ======
Unhandled Promise: TypeError: Failed to fetch
=============================
====== JS ERROR CAUGHT ======
Unhandled Promise: TypeError: Failed to fetch
=============================
====== JS ERROR CAUGHT ======
Unhandled Promise: TypeError: Failed to fetch
=============================
====== JS ERROR CAUGHT ======
Unhandled Promise: TypeError: Failed to fetch
=============================
====== JS ERROR CAUGHT ======
Unhandled Promise: TypeError: Failed to fetch
=============================
====== JS ERROR CAUGHT ======
Unhandled Promise: TypeError: Failed to fetch
=============================
====== JS ERROR CAUGHT ======
Unhandled Promise: TypeError: Failed to fetch
=============================
====== JS ERROR CAUGHT ======
Unhandled Promise: TypeError: Failed to fetch
=============================
====== JS ERROR CAUGHT ======
Unhandled Promise: TypeError: Failed to fetch
=============================
====== JS ERROR CAUGHT ======
Unhandled Promise: TypeError: Failed to fetch
=============================
====== JS ERROR CAUGHT ======
Unhandled Promise: TypeError: Failed to fetch
=============================
====== JS ERROR CAUGHT ======
Unhandled Promise: TypeError: Failed to fetch
=============================
====== JS ERROR CAUGHT ======
Unhandled Promise: TypeError: Failed to fetch
=============================
====== JS ERROR CAUGHT ======
Unhandled Promise: TypeError: Failed to fetch
=============================
====== JS ERROR CAUGHT ======
Unhandled Promise: TypeError: Failed to fetch
=============================
====== JS ERROR CAUGHT ======
Unhandled Promise: TypeError: Failed to fetch
=============================
====== JS ERROR CAUGHT ======
Unhandled Promise: TypeError: Failed to fetch
=============================
====== JS ERROR CAUGHT ======
Unhandled Promise: TypeError: Failed to fetch
=============================
====== JS ERROR CAUGHT ======
Unhandled Promise: TypeError: Failed to fetch
=============================
====== JS ERROR CAUGHT ======
Unhandled Promise: TypeError: Failed to fetch
=============================
====== JS ERROR CAUGHT ======
Unhandled Promise: TypeError: Failed to fetch
=============================
====== JS ERROR CAUGHT ======
Unhandled Promise: TypeError: Failed to fetch
=============================
====== JS ERROR CAUGHT ======
Unhandled Promise: TypeError: Failed to fetch
=============================
====== JS ERROR CAUGHT ======
Unhandled Promise: TypeError: Failed to fetch
=============================
====== JS ERROR CAUGHT ======
Unhandled Promise: TypeError: Failed to fetch
=============================
====== JS ERROR CAUGHT ======
Unhandled Promise: TypeError: Failed to fetch
=============================
====== JS ERROR CAUGHT ======
Unhandled Promise: TypeError: Failed to fetch
=============================
====== JS ERROR CAUGHT ======
Unhandled Promise: TypeError: Failed to fetch
=============================
====== JS ERROR CAUGHT ======
Unhandled Promise: TypeError: Failed to fetch
=============================
====== JS ERROR CAUGHT ======
Unhandled Promise: TypeError: Failed to fetch
=============================
====== JS ERROR CAUGHT ======
Unhandled Promise: TypeError: Failed to fetch
=============================
====== JS ERROR CAUGHT ======
Unhandled Promise: TypeError: Failed to fetch
=============================
====== JS ERROR CAUGHT ======
Unhandled Promise: TypeError: Failed to fetch
=============================
====== JS ERROR CAUGHT ======
Unhandled Promise: TypeError: Failed to fetch
=============================
====== JS ERROR CAUGHT ======
Unhandled Promise: TypeError: Failed to fetch
=============================
====== JS ERROR CAUGHT ======
Unhandled Promise: TypeError: Failed to fetch
=============================
====== JS ERROR CAUGHT ======
Unhandled Promise: TypeError: Failed to fetch
=============================
====== JS ERROR CAUGHT ======
Unhandled Promise: TypeError: Failed to fetch
=============================
====== JS ERROR CAUGHT ======
Unhandled Promise: TypeError: Failed to fetch
=============================
====== JS ERROR CAUGHT ======
Unhandled Promise: TypeError: Failed to fetch
=============================
====== JS ERROR CAUGHT ======
Unhandled Promise: TypeError: Failed to fetch
=============================
====== JS ERROR CAUGHT ======
Unhandled Promise: TypeError: Failed to fetch
=============================
====== JS ERROR CAUGHT ======
Unhandled Promise: TypeError: Failed to fetch
=============================
====== JS ERROR CAUGHT ======
Unhandled Promise: TypeError: Failed to fetch
=============================
====== JS ERROR CAUGHT ======
Unhandled Promise: TypeError: Failed to fetch
=============================
====== JS ERROR CAUGHT ======
Unhandled Promise: TypeError: Failed to fetch
=============================
====== JS ERROR CAUGHT ======
Unhandled Promise: TypeError: Failed to fetch
=============================
====== JS ERROR CAUGHT ======
Unhandled Promise: TypeError: Failed to fetch
=============================
====== JS ERROR CAUGHT ======
Unhandled Promise: TypeError: Failed to fetch
=============================
====== JS ERROR CAUGHT ======
Unhandled Promise: TypeError: Failed to fetch
=============================
====== JS ERROR CAUGHT ======
Unhandled Promise: TypeError: Failed to fetch
=============================
====== JS ERROR CAUGHT ======
Unhandled Promise: TypeError: Failed to fetch
=============================
====== JS ERROR CAUGHT ======
Unhandled Promise: TypeError: Failed to fetch
=============================
====== JS ERROR CAUGHT ======
Unhandled Promise: TypeError: Failed to fetch
=============================
====== JS ERROR CAUGHT ======
Unhandled Promise: TypeError: Failed to fetch
=============================
====== JS ERROR CAUGHT ======
Unhandled Promise: TypeError: Failed to fetch
=============================
====== JS ERROR CAUGHT ======
Unhandled Promise: TypeError: Failed to fetch
=============================
====== JS ERROR CAUGHT ======
Unhandled Promise: TypeError: Failed to fetch
=============================
====== JS ERROR CAUGHT ======
Unhandled Promise: TypeError: Failed to fetch
=============================
====== JS ERROR CAUGHT ======
Unhandled Promise: TypeError: Failed to fetch
=============================
====== JS ERROR CAUGHT ======
Unhandled Promise: TypeError: Failed to fetch
=============================
====== JS ERROR CAUGHT ======
Unhandled Promise: TypeError: Failed to fetch
=============================
====== JS ERROR CAUGHT ======
Unhandled Promise: TypeError: Failed to fetch
=============================
====== JS ERROR CAUGHT ======
Unhandled Promise: TypeError: Failed to fetch
=============================
====== JS ERROR CAUGHT ======
Unhandled Promise: TypeError: Failed to fetch
=============================
====== JS ERROR CAUGHT ======
Unhandled Promise: TypeError: Failed to fetch
=============================
====== JS ERROR CAUGHT ======
Unhandled Promise: TypeError: Failed to fetch
=============================
====== JS ERROR CAUGHT ======
Unhandled Promise: TypeError: Failed to fetch
=============================
====== JS ERROR CAUGHT ======
Unhandled Promise: TypeError: Failed to fetch
=============================
====== JS ERROR CAUGHT ======
Unhandled Promise: TypeError: Failed to fetch
=============================
====== JS ERROR CAUGHT ======
Unhandled Promise: TypeError: Failed to fetch
=============================
====== JS ERROR CAUGHT ======
Unhandled Promise: TypeError: Failed to fetch
=============================
====== JS ERROR CAUGHT ======
Unhandled Promise: TypeError: Failed to fetch
=============================
====== JS ERROR CAUGHT ======
Unhandled Promise: TypeError: Failed to fetch
=============================
====== JS ERROR CAUGHT ======
Unhandled Promise: TypeError: Failed to fetch
=============================
====== JS ERROR CAUGHT ======
Unhandled Promise: TypeError: Failed to fetch
=============================
====== JS ERROR CAUGHT ======
Unhandled Promise: TypeError: Failed to fetch
=============================
====== JS ERROR CAUGHT ======
Unhandled Promise: TypeError: Failed to fetch
=============================
====== JS ERROR CAUGHT ======
Unhandled Promise: TypeError: Failed to fetch
=============================
====== JS ERROR CAUGHT ======
Unhandled Promise: TypeError: Failed to fetch
=============================
====== JS ERROR CAUGHT ======
Unhandled Promise: TypeError: Failed to fetch
=============================
====== JS ERROR CAUGHT ======
Unhandled Promise: TypeError: Failed to fetch
=============================
====== JS ERROR CAUGHT ======
Unhandled Promise: TypeError: Failed to fetch
=============================
====== JS ERROR CAUGHT ======
Unhandled Promise: TypeError: Failed to fetch
=============================
====== JS ERROR CAUGHT ======
Unhandled Promise: TypeError: Failed to fetch
=============================
====== JS ERROR CAUGHT ======
Unhandled Promise: TypeError: Failed to fetch
=============================
====== JS ERROR CAUGHT ======
Unhandled Promise: TypeError: Failed to fetch
=============================
====== JS ERROR CAUGHT ======
Unhandled Promise: TypeError: Failed to fetch
=============================
====== JS ERROR CAUGHT ======
Unhandled Promise: TypeError: Failed to fetch
=============================
====== JS ERROR CAUGHT ======
Unhandled Promise: TypeError: Failed to fetch
=============================
====== JS ERROR CAUGHT ======
Unhandled Promise: TypeError: Failed to fetch
=============================
====== JS ERROR CAUGHT ======
Unhandled Promise: TypeError: Failed to fetch
=============================
====== JS ERROR CAUGHT ======
Unhandled Promise: TypeError: Failed to fetch
=============================
====== JS ERROR CAUGHT ======
Unhandled Promise: TypeError: Failed to fetch
=============================
====== JS ERROR CAUGHT ======
Unhandled Promise: TypeError: Failed to fetch
=============================
====== JS ERROR CAUGHT ======
Unhandled Promise: TypeError: Failed to fetch
=============================
====== JS ERROR CAUGHT ======
Unhandled Promise: TypeError: Failed to fetch
=============================
====== JS ERROR CAUGHT ======
Unhandled Promise: TypeError: Failed to fetch
=============================
====== JS ERROR CAUGHT ======
Unhandled Promise: TypeError: Failed to fetch
=============================
====== JS ERROR CAUGHT ======
Unhandled Promise: TypeError: Failed to fetch
=============================
====== JS ERROR CAUGHT ======
Unhandled Promise: TypeError: Failed to fetch
=============================
====== JS ERROR CAUGHT ======
Unhandled Promise: TypeError: Failed to fetch
=============================
====== JS ERROR CAUGHT ======
Unhandled Promise: TypeError: Failed to fetch
=============================
====== JS ERROR CAUGHT ======
Unhandled Promise: TypeError: Failed to fetch
=============================
====== JS ERROR CAUGHT ======
Unhandled Promise: TypeError: Failed to fetch
=============================
====== JS ERROR CAUGHT ======
Unhandled Promise: TypeError: Failed to fetch
=============================
====== JS ERROR CAUGHT ======
Unhandled Promise: TypeError: Failed to fetch
=============================
====== JS ERROR CAUGHT ======
Unhandled Promise: TypeError: Failed to fetch
=============================
====== JS ERROR CAUGHT ======
Unhandled Promise: TypeError: Failed to fetch
=============================
====== JS ERROR CAUGHT ======
Unhandled Promise: TypeError: Failed to fetch
=============================
====== JS ERROR CAUGHT ======
Unhandled Promise: TypeError: Failed to fetch
=============================
====== JS ERROR CAUGHT ======
Unhandled Promise: TypeError: Failed to fetch
=============================
====== JS ERROR CAUGHT ======
Unhandled Promise: TypeError: Failed to fetch
=============================
====== JS ERROR CAUGHT ======
Unhandled Promise: TypeError: Failed to fetch
=============================
====== JS ERROR CAUGHT ======
Unhandled Promise: TypeError: Failed to fetch
=============================
====== JS ERROR CAUGHT ======
Unhandled Promise: TypeError: Failed to fetch
=============================
====== JS ERROR CAUGHT ======
Unhandled Promise: TypeError: Failed to fetch
=============================
====== JS ERROR CAUGHT ======
Unhandled Promise: TypeError: Failed to fetch
=============================
====== JS ERROR CAUGHT ======
Unhandled Promise: TypeError: Failed to fetch
=============================
====== JS ERROR CAUGHT ======
Unhandled Promise: TypeError: Failed to fetch
=============================
====== JS ERROR CAUGHT ======
Unhandled Promise: TypeError: Failed to fetch
=============================
====== JS ERROR CAUGHT ======
Unhandled Promise: TypeError: Failed to fetch
=============================
====== JS ERROR CAUGHT ======
Unhandled Promise: TypeError: Failed to fetch
=============================
====== JS ERROR CAUGHT ======
Unhandled Promise: TypeError: Failed to fetch
=============================
====== JS ERROR CAUGHT ======
Unhandled Promise: TypeError: Failed to fetch
=============================
====== JS ERROR CAUGHT ======
Unhandled Promise: TypeError: Failed to fetch
=============================
====== JS ERROR CAUGHT ======
Unhandled Promise: TypeError: Failed to fetch
=============================
====== JS ERROR CAUGHT ======
Unhandled Promise: TypeError: Failed to fetch
=============================
====== JS ERROR CAUGHT ======
Unhandled Promise: TypeError: Failed to fetch
=============================
====== JS ERROR CAUGHT ======
Unhandled Promise: TypeError: Failed to fetch
=============================
====== JS ERROR CAUGHT ======
Unhandled Promise: TypeError: Failed to fetch
=============================
====== JS ERROR CAUGHT ======
Unhandled Promise: TypeError: Failed to fetch
=============================
====== JS ERROR CAUGHT ======
Unhandled Promise: TypeError: Failed to fetch
=============================
====== JS ERROR CAUGHT ======
Unhandled Promise: TypeError: Failed to fetch
=============================
====== JS ERROR CAUGHT ======
Unhandled Promise: TypeError: Failed to fetch
=============================
====== JS ERROR CAUGHT ======
Unhandled Promise: TypeError: Failed to fetch
=============================
====== JS ERROR CAUGHT ======
Unhandled Promise: TypeError: Failed to fetch
=============================
====== JS ERROR CAUGHT ======
Unhandled Promise: TypeError: Failed to fetch
=============================
====== JS ERROR CAUGHT ======
Unhandled Promise: TypeError: Failed to fetch
=============================
====== JS ERROR CAUGHT ======
Unhandled Promise: TypeError: Failed to fetch
=============================
====== JS ERROR CAUGHT ======
Unhandled Promise: TypeError: Failed to fetch
=============================
====== JS ERROR CAUGHT ======
Unhandled Promise: TypeError: Failed to fetch
=============================
====== JS ERROR CAUGHT ======
Unhandled Promise: TypeError: Failed to fetch
=============================
====== JS ERROR CAUGHT ======
Unhandled Promise: TypeError: Failed to fetch
=============================
====== JS ERROR CAUGHT ======
Unhandled Promise: TypeError: Failed to fetch
=============================
====== JS ERROR CAUGHT ======
Unhandled Promise: TypeError: Failed to fetch
=============================
====== JS ERROR CAUGHT ======
Unhandled Promise: TypeError: Failed to fetch
=============================
====== JS ERROR CAUGHT ======
Unhandled Promise: TypeError: Failed to fetch
=============================
====== JS ERROR CAUGHT ======
Unhandled Promise: TypeError: Failed to fetch
=============================
====== JS ERROR CAUGHT ======
Unhandled Promise: TypeError: Failed to fetch
=============================
====== JS ERROR CAUGHT ======
Unhandled Promise: TypeError: Failed to fetch
=============================
====== JS ERROR CAUGHT ======
Unhandled Promise: TypeError: Failed to fetch
=============================
====== JS ERROR CAUGHT ======
Unhandled Promise: TypeError: Failed to fetch
=============================
====== JS ERROR CAUGHT ======
Unhandled Promise: TypeError: Failed to fetch
=============================
====== JS ERROR CAUGHT ======
Unhandled Promise: TypeError: Failed to fetch
=============================
====== JS ERROR CAUGHT ======
Unhandled Promise: TypeError: Failed to fetch
=============================
====== JS ERROR CAUGHT ======
Unhandled Promise: TypeError: Failed to fetch
=============================
====== JS ERROR CAUGHT ======
Unhandled Promise: TypeError: Failed to fetch
=============================
====== JS ERROR CAUGHT ======
Unhandled Promise: TypeError: Failed to fetch
=============================
====== JS ERROR CAUGHT ======
Unhandled Promise: TypeError: Failed to fetch
=============================
====== JS ERROR CAUGHT ======
Unhandled Promise: TypeError: Failed to fetch
=============================
====== JS ERROR CAUGHT ======
Unhandled Promise: TypeError: Failed to fetch
=============================
====== JS ERROR CAUGHT ======
Unhandled Promise: TypeError: Failed to fetch
=============================
====== JS ERROR CAUGHT ======
Unhandled Promise: TypeError: Failed to fetch
=============================
====== JS ERROR CAUGHT ======
Unhandled Promise: TypeError: Failed to fetch
=============================
====== JS ERROR CAUGHT ======
Unhandled Promise: TypeError: Failed to fetch
=============================
====== JS ERROR CAUGHT ======
Unhandled Promise: TypeError: Failed to fetch
=============================
====== JS ERROR CAUGHT ======
Unhandled Promise: TypeError: Failed to fetch
=============================
====== JS ERROR CAUGHT ======
Unhandled Promise: TypeError: Failed to fetch
=============================
====== JS ERROR CAUGHT ======
Unhandled Promise: TypeError: Failed to fetch
=============================
====== JS ERROR CAUGHT ======
Unhandled Promise: TypeError: Failed to fetch
=============================
====== JS ERROR CAUGHT ======
Unhandled Promise: TypeError: Failed to fetch
=============================
====== JS ERROR CAUGHT ======
Unhandled Promise: TypeError: Failed to fetch
=============================
====== JS ERROR CAUGHT ======
Unhandled Promise: TypeError: Failed to fetch
=============================
====== JS ERROR CAUGHT ======
Unhandled Promise: TypeError: Failed to fetch
=============================
====== JS ERROR CAUGHT ======
Unhandled Promise: TypeError: Failed to fetch
=============================
====== JS ERROR CAUGHT ======
Unhandled Promise: TypeError: Failed to fetch
=============================
====== JS ERROR CAUGHT ======
Unhandled Promise: TypeError: Failed to fetch
=============================
====== JS ERROR CAUGHT ======
Unhandled Promise: TypeError: Failed to fetch
=============================
====== JS ERROR CAUGHT ======
Unhandled Promise: TypeError: Failed to fetch
=============================
====== JS ERROR CAUGHT ======
Unhandled Promise: TypeError: Failed to fetch
=============================
====== JS ERROR CAUGHT ======
Unhandled Promise: TypeError: Failed to fetch
=============================
====== JS ERROR CAUGHT ======
Unhandled Promise: TypeError: Failed to fetch
=============================
====== JS ERROR CAUGHT ======
Unhandled Promise: TypeError: Failed to fetch
=============================
====== JS ERROR CAUGHT ======
Unhandled Promise: TypeError: Failed to fetch
=============================
====== JS ERROR CAUGHT ======
Unhandled Promise: TypeError: Failed to fetch
=============================
====== JS ERROR CAUGHT ======
Unhandled Promise: TypeError: Failed to fetch
=============================
====== JS ERROR CAUGHT ======
Unhandled Promise: TypeError: Failed to fetch
=============================
====== JS ERROR CAUGHT ======
Unhandled Promise: TypeError: Failed to fetch
=============================
====== JS ERROR CAUGHT ======
Unhandled Promise: TypeError: Failed to fetch
=============================
====== JS ERROR CAUGHT ======
Unhandled Promise: TypeError: Failed to fetch
=============================
====== JS ERROR CAUGHT ======
Unhandled Promise: TypeError: Failed to fetch
=============================
====== JS ERROR CAUGHT ======
Unhandled Promise: TypeError: Failed to fetch
=============================
====== JS ERROR CAUGHT ======
Unhandled Promise: TypeError: Failed to fetch
=============================
====== JS ERROR CAUGHT ======
Unhandled Promise: TypeError: Failed to fetch
=============================
====== JS ERROR CAUGHT ======
Unhandled Promise: TypeError: Failed to fetch
=============================
====== JS ERROR CAUGHT ======
Unhandled Promise: TypeError: Failed to fetch
=============================
====== JS ERROR CAUGHT ======
Unhandled Promise: TypeError: Failed to fetch
=============================
====== JS ERROR CAUGHT ======
Unhandled Promise: TypeError: Failed to fetch
=============================
====== JS ERROR CAUGHT ======
Unhandled Promise: TypeError: Failed to fetch
=============================
====== JS ERROR CAUGHT ======
Unhandled Promise: TypeError: Failed to fetch
=============================
====== JS ERROR CAUGHT ======
Unhandled Promise: TypeError: Failed to fetch
=============================
====== JS ERROR CAUGHT ======
Unhandled Promise: TypeError: Failed to fetch
=============================
====== JS ERROR CAUGHT ======
Unhandled Promise: TypeError: Failed to fetch
=============================
====== JS ERROR CAUGHT ======
Unhandled Promise: TypeError: Failed to fetch
=============================
====== JS ERROR CAUGHT ======
Unhandled Promise: TypeError: Failed to fetch
=============================
====== JS ERROR CAUGHT ======
Unhandled Promise: TypeError: Failed to fetch
=============================
====== JS ERROR CAUGHT ======
Unhandled Promise: TypeError: Failed to fetch
=============================
====== JS ERROR CAUGHT ======
Unhandled Promise: TypeError: Failed to fetch
=============================
====== JS ERROR CAUGHT ======
Unhandled Promise: TypeError: Failed to fetch
=============================
====== JS ERROR CAUGHT ======
Unhandled Promise: TypeError: Failed to fetch
=============================
====== JS ERROR CAUGHT ======
Unhandled Promise: TypeError: Failed to fetch
=============================
====== JS ERROR CAUGHT ======
Unhandled Promise: TypeError: Failed to fetch
=============================
====== JS ERROR CAUGHT ======
Unhandled Promise: TypeError: Failed to fetch
=============================
====== JS ERROR CAUGHT ======
Unhandled Promise: TypeError: Failed to fetch
=============================
====== JS ERROR CAUGHT ======
Unhandled Promise: TypeError: Failed to fetch
=============================
====== JS ERROR CAUGHT ======
Unhandled Promise: TypeError: Failed to fetch
=============================
====== JS ERROR CAUGHT ======
Unhandled Promise: TypeError: Failed to fetch
=============================
====== JS ERROR CAUGHT ======
Unhandled Promise: TypeError: Failed to fetch
=============================
====== JS ERROR CAUGHT ======
Unhandled Promise: TypeError: Failed to fetch
=============================
====== JS ERROR CAUGHT ======
Unhandled Promise: TypeError: Failed to fetch
=============================
====== JS ERROR CAUGHT ======
Unhandled Promise: TypeError: Failed to fetch
=============================
====== JS ERROR CAUGHT ======
Unhandled Promise: TypeError: Failed to fetch
=============================
====== JS ERROR CAUGHT ======
Unhandled Promise: TypeError: Failed to fetch
=============================
====== JS ERROR CAUGHT ======
Unhandled Promise: TypeError: Failed to fetch
=============================
====== JS ERROR CAUGHT ======
Unhandled Promise: TypeError: Failed to fetch
=============================
====== JS ERROR CAUGHT ======
Unhandled Promise: TypeError: Failed to fetch
=============================
====== JS ERROR CAUGHT ======
Unhandled Promise: TypeError: Failed to fetch
=============================
====== JS ERROR CAUGHT ======
Unhandled Promise: TypeError: Failed to fetch
=============================
====== JS ERROR CAUGHT ======
Unhandled Promise: TypeError: Failed to fetch
=============================
====== JS ERROR CAUGHT ======
Unhandled Promise: TypeError: Failed to fetch
=============================
====== JS ERROR CAUGHT ======
Unhandled Promise: TypeError: Failed to fetch
=============================
====== JS ERROR CAUGHT ======
Unhandled Promise: TypeError: Failed to fetch
=============================
====== JS ERROR CAUGHT ======
Unhandled Promise: TypeError: Failed to fetch
=============================
====== JS ERROR CAUGHT ======
Unhandled Promise: TypeError: Failed to fetch
=============================
====== JS ERROR CAUGHT ======
Unhandled Promise: TypeError: Failed to fetch
=============================
====== JS ERROR CAUGHT ======
Unhandled Promise: TypeError: Failed to fetch
=============================
====== JS ERROR CAUGHT ======
Unhandled Promise: TypeError: Failed to fetch
=============================
====== JS ERROR CAUGHT ======
Unhandled Promise: TypeError: Failed to fetch
=============================
====== JS ERROR CAUGHT ======
Unhandled Promise: TypeError: Failed to fetch
=============================
====== JS ERROR CAUGHT ======
Unhandled Promise: TypeError: Failed to fetch
=============================
====== JS ERROR CAUGHT ======
Unhandled Promise: TypeError: Failed to fetch
=============================
====== JS ERROR CAUGHT ======
Unhandled Promise: TypeError: Failed to fetch
=============================
====== JS ERROR CAUGHT ======
Unhandled Promise: TypeError: Failed to fetch
=============================
====== JS ERROR CAUGHT ======
Unhandled Promise: TypeError: Failed to fetch
=============================
====== JS ERROR CAUGHT ======
Unhandled Promise: TypeError: Failed to fetch
=============================
====== JS ERROR CAUGHT ======
Unhandled Promise: TypeError: Failed to fetch
=============================
====== JS ERROR CAUGHT ======
Unhandled Promise: TypeError: Failed to fetch
=============================
====== JS ERROR CAUGHT ======
Unhandled Promise: TypeError: Failed to fetch
=============================
====== JS ERROR CAUGHT ======
Unhandled Promise: TypeError: Failed to fetch
=============================
====== JS ERROR CAUGHT ======
Unhandled Promise: TypeError: Failed to fetch
=============================
====== JS ERROR CAUGHT ======
Unhandled Promise: TypeError: Failed to fetch
=============================
====== JS ERROR CAUGHT ======
Unhandled Promise: TypeError: Failed to fetch
=============================
====== JS ERROR CAUGHT ======
Unhandled Promise: TypeError: Failed to fetch
=============================
====== JS ERROR CAUGHT ======
Unhandled Promise: TypeError: Failed to fetch
=============================
====== JS ERROR CAUGHT ======
Unhandled Promise: TypeError: Failed to fetch
=============================
====== JS ERROR CAUGHT ======
Unhandled Promise: TypeError: Failed to fetch
=============================
====== JS ERROR CAUGHT ======
Unhandled Promise: TypeError: Failed to fetch
=============================
====== JS ERROR CAUGHT ======
Unhandled Promise: TypeError: Failed to fetch
=============================
====== JS ERROR CAUGHT ======
Unhandled Promise: TypeError: Failed to fetch
=============================
====== JS ERROR CAUGHT ======
Unhandled Promise: TypeError: Failed to fetch
=============================
====== JS ERROR CAUGHT ======
Unhandled Promise: TypeError: Failed to fetch
=============================
====== JS ERROR CAUGHT ======
Unhandled Promise: TypeError: Failed to fetch
=============================
====== JS ERROR CAUGHT ======
Unhandled Promise: TypeError: Failed to fetch
=============================
====== JS ERROR CAUGHT ======
Unhandled Promise: TypeError: Failed to fetch
=============================
====== JS ERROR CAUGHT ======
Unhandled Promise: TypeError: Failed to fetch
=============================
====== JS ERROR CAUGHT ======
Unhandled Promise: TypeError: Failed to fetch
=============================
====== JS ERROR CAUGHT ======
Unhandled Promise: TypeError: Failed to fetch
=============================
====== JS ERROR CAUGHT ======
Unhandled Promise: TypeError: Failed to fetch
=============================
====== JS ERROR CAUGHT ======
Unhandled Promise: TypeError: Failed to fetch
=============================
====== JS ERROR CAUGHT ======
Unhandled Promise: TypeError: Failed to fetch
=============================
====== JS ERROR CAUGHT ======
Unhandled Promise: TypeError: Failed to fetch
=============================
====== JS ERROR CAUGHT ======
Unhandled Promise: TypeError: Failed to fetch
=============================
====== JS ERROR CAUGHT ======
Unhandled Promise: TypeError: Failed to fetch
=============================
====== JS ERROR CAUGHT ======
Unhandled Promise: TypeError: Failed to fetch
=============================
====== JS ERROR CAUGHT ======
Unhandled Promise: TypeError: Failed to fetch
=============================
====== JS ERROR CAUGHT ======
Unhandled Promise: TypeError: Failed to fetch
=============================
====== JS ERROR CAUGHT ======
Unhandled Promise: TypeError: Failed to fetch
=============================
====== JS ERROR CAUGHT ======
Unhandled Promise: TypeError: Failed to fetch
=============================
====== JS ERROR CAUGHT ======
Unhandled Promise: TypeError: Failed to fetch
=============================
====== JS ERROR CAUGHT ======
Unhandled Promise: TypeError: Failed to fetch
=============================
====== JS ERROR CAUGHT ======
Unhandled Promise: TypeError: Failed to fetch
=============================
====== JS ERROR CAUGHT ======
Unhandled Promise: TypeError: Failed to fetch
=============================
====== JS ERROR CAUGHT ======
Unhandled Promise: TypeError: Failed to fetch
=============================
====== JS ERROR CAUGHT ======
Unhandled Promise: TypeError: Failed to fetch
=============================
====== JS ERROR CAUGHT ======
Unhandled Promise: TypeError: Failed to fetch
=============================
====== JS ERROR CAUGHT ======
Unhandled Promise: TypeError: Failed to fetch
=============================
====== JS ERROR CAUGHT ======
Unhandled Promise: TypeError: Failed to fetch
=============================
====== JS ERROR CAUGHT ======
Unhandled Promise: TypeError: Failed to fetch
=============================
====== JS ERROR CAUGHT ======
Unhandled Promise: TypeError: Failed to fetch
=============================
====== JS ERROR CAUGHT ======
Unhandled Promise: TypeError: Failed to fetch
=============================
====== JS ERROR CAUGHT ======
Unhandled Promise: TypeError: Failed to fetch
=============================
====== JS ERROR CAUGHT ======
Unhandled Promise: TypeError: Failed to fetch
=============================
====== JS ERROR CAUGHT ======
Unhandled Promise: TypeError: Failed to fetch
=============================
====== JS ERROR CAUGHT ======
Unhandled Promise: TypeError: Failed to fetch
=============================
====== JS ERROR CAUGHT ======
Unhandled Promise: TypeError: Failed to fetch
=============================
====== JS ERROR CAUGHT ======
Unhandled Promise: TypeError: Failed to fetch
=============================
====== JS ERROR CAUGHT ======
Unhandled Promise: TypeError: Failed to fetch
=============================
====== JS ERROR CAUGHT ======
Unhandled Promise: TypeError: Failed to fetch
=============================
====== JS ERROR CAUGHT ======
Unhandled Promise: TypeError: Failed to fetch
=============================
====== JS ERROR CAUGHT ======
Unhandled Promise: TypeError: Failed to fetch
=============================
====== JS ERROR CAUGHT ======
Unhandled Promise: TypeError: Failed to fetch
=============================
====== JS ERROR CAUGHT ======
Unhandled Promise: TypeError: Failed to fetch
=============================
====== JS ERROR CAUGHT ======
Unhandled Promise: TypeError: Failed to fetch
=============================
====== JS ERROR CAUGHT ======
Unhandled Promise: TypeError: Failed to fetch
=============================
====== JS ERROR CAUGHT ======
Unhandled Promise: TypeError: Failed to fetch
=============================
====== JS ERROR CAUGHT ======
Unhandled Promise: TypeError: Failed to fetch
=============================
====== JS ERROR CAUGHT ======
Unhandled Promise: TypeError: Failed to fetch
=============================
====== JS ERROR CAUGHT ======
Unhandled Promise: TypeError: Failed to fetch
=============================
====== JS ERROR CAUGHT ======
Unhandled Promise: TypeError: Failed to fetch
=============================
====== JS ERROR CAUGHT ======
Unhandled Promise: TypeError: Failed to fetch
=============================
====== JS ERROR CAUGHT ======
Unhandled Promise: TypeError: Failed to fetch
=============================
====== JS ERROR CAUGHT ======
Unhandled Promise: TypeError: Failed to fetch
=============================
====== JS ERROR CAUGHT ======
Unhandled Promise: TypeError: Failed to fetch
=============================
====== JS ERROR CAUGHT ======
Unhandled Promise: TypeError: Failed to fetch
=============================
====== JS ERROR CAUGHT ======
Unhandled Promise: TypeError: Failed to fetch
=============================
====== JS ERROR CAUGHT ======
Unhandled Promise: TypeError: Failed to fetch
=============================
====== JS ERROR CAUGHT ======
Unhandled Promise: TypeError: Failed to fetch
=============================
====== JS ERROR CAUGHT ======
Unhandled Promise: TypeError: Failed to fetch
=============================
====== JS ERROR CAUGHT ======
Unhandled Promise: TypeError: Failed to fetch
=============================
====== JS ERROR CAUGHT ======
Unhandled Promise: TypeError: Failed to fetch
=============================
====== JS ERROR CAUGHT ======
Unhandled Promise: TypeError: Failed to fetch
=============================
====== JS ERROR CAUGHT ======
Unhandled Promise: TypeError: Failed to fetch
=============================
====== JS ERROR CAUGHT ======
Unhandled Promise: TypeError: Failed to fetch
=============================
====== JS ERROR CAUGHT ======
Unhandled Promise: TypeError: Failed to fetch
=============================
====== JS ERROR CAUGHT ======
Unhandled Promise: TypeError: Failed to fetch
=============================
====== JS ERROR CAUGHT ======
Unhandled Promise: TypeError: Failed to fetch
=============================
====== JS ERROR CAUGHT ======
Unhandled Promise: TypeError: Failed to fetch
=============================
====== JS ERROR CAUGHT ======
Unhandled Promise: TypeError: Failed to fetch
=============================
====== JS ERROR CAUGHT ======
Unhandled Promise: TypeError: Failed to fetch
=============================
====== JS ERROR CAUGHT ======
Unhandled Promise: TypeError: Failed to fetch
=============================
====== JS ERROR CAUGHT ======
Unhandled Promise: TypeError: Failed to fetch
=============================
====== JS ERROR CAUGHT ======
Unhandled Promise: TypeError: Failed to fetch
=============================
====== JS ERROR CAUGHT ======
Unhandled Promise: TypeError: Failed to fetch
=============================
====== JS ERROR CAUGHT ======
Unhandled Promise: TypeError: Failed to fetch
=============================
====== JS ERROR CAUGHT ======
Unhandled Promise: TypeError: Failed to fetch
=============================
====== JS ERROR CAUGHT ======
Unhandled Promise: TypeError: Failed to fetch
=============================
====== JS ERROR CAUGHT ======
Unhandled Promise: TypeError: Failed to fetch
=============================
====== JS ERROR CAUGHT ======
Unhandled Promise: TypeError: Failed to fetch
=============================
====== JS ERROR CAUGHT ======
Unhandled Promise: TypeError: Failed to fetch
=============================
====== JS ERROR CAUGHT ======
Unhandled Promise: TypeError: Failed to fetch
=============================
====== JS ERROR CAUGHT ======
Unhandled Promise: TypeError: Failed to fetch
=============================
====== JS ERROR CAUGHT ======
Unhandled Promise: TypeError: Failed to fetch
=============================
====== JS ERROR CAUGHT ======
Unhandled Promise: TypeError: Failed to fetch
=============================
====== JS ERROR CAUGHT ======
Unhandled Promise: TypeError: Failed to fetch
=============================
====== JS ERROR CAUGHT ======
Unhandled Promise: TypeError: Failed to fetch
=============================
====== JS ERROR CAUGHT ======
Unhandled Promise: TypeError: Failed to fetch
=============================
====== JS ERROR CAUGHT ======
Unhandled Promise: TypeError: Failed to fetch
=============================
====== JS ERROR CAUGHT ======
Unhandled Promise: TypeError: Failed to fetch
=============================
====== JS ERROR CAUGHT ======
Unhandled Promise: TypeError: Failed to fetch
=============================
====== JS ERROR CAUGHT ======
Unhandled Promise: TypeError: Failed to fetch
=============================
====== JS ERROR CAUGHT ======
Unhandled Promise: TypeError: Failed to fetch
=============================
====== JS ERROR CAUGHT ======
Unhandled Promise: TypeError: Failed to fetch
=============================
====== JS ERROR CAUGHT ======
Unhandled Promise: TypeError: Failed to fetch
=============================
====== JS ERROR CAUGHT ======
Unhandled Promise: TypeError: Failed to fetch
=============================
====== JS ERROR CAUGHT ======
Unhandled Promise: TypeError: Failed to fetch
=============================
====== JS ERROR CAUGHT ======
Unhandled Promise: TypeError: Failed to fetch
=============================
====== JS ERROR CAUGHT ======
Unhandled Promise: TypeError: Failed to fetch
=============================
====== JS ERROR CAUGHT ======
Unhandled Promise: TypeError: Failed to fetch
=============================
====== JS ERROR CAUGHT ======
Unhandled Promise: TypeError: Failed to fetch
=============================
====== JS ERROR CAUGHT ======
Unhandled Promise: TypeError: Failed to fetch
=============================
====== JS ERROR CAUGHT ======
Unhandled Promise: TypeError: Failed to fetch
=============================
====== JS ERROR CAUGHT ======
Unhandled Promise: TypeError: Failed to fetch
=============================
====== JS ERROR CAUGHT ======
Unhandled Promise: TypeError: Failed to fetch
=============================
====== JS ERROR CAUGHT ======
Unhandled Promise: TypeError: Failed to fetch
=============================
====== JS ERROR CAUGHT ======
Unhandled Promise: TypeError: Failed to fetch
=============================
====== JS ERROR CAUGHT ======
Unhandled Promise: TypeError: Failed to fetch
=============================
====== JS ERROR CAUGHT ======
Unhandled Promise: TypeError: Failed to fetch
=============================
====== JS ERROR CAUGHT ======
Unhandled Promise: TypeError: Failed to fetch
=============================
====== JS ERROR CAUGHT ======
Unhandled Promise: TypeError: Failed to fetch
=============================
====== JS ERROR CAUGHT ======
Unhandled Promise: TypeError: Failed to fetch
=============================
====== JS ERROR CAUGHT ======
Unhandled Promise: TypeError: Failed to fetch
=============================
====== JS ERROR CAUGHT ======
Unhandled Promise: TypeError: Failed to fetch
=============================
====== JS ERROR CAUGHT ======
Unhandled Promise: TypeError: Failed to fetch
=============================
====== JS ERROR CAUGHT ======
Unhandled Promise: TypeError: Failed to fetch
=============================
====== JS ERROR CAUGHT ======
Unhandled Promise: TypeError: Failed to fetch
=============================
====== JS ERROR CAUGHT ======
Unhandled Promise: TypeError: Failed to fetch
=============================
====== JS ERROR CAUGHT ======
Unhandled Promise: TypeError: Failed to fetch
=============================
====== JS ERROR CAUGHT ======
Unhandled Promise: TypeError: Failed to fetch
=============================
====== JS ERROR CAUGHT ======
Unhandled Promise: TypeError: Failed to fetch
=============================
====== JS ERROR CAUGHT ======
Unhandled Promise: TypeError: Failed to fetch
=============================
====== JS ERROR CAUGHT ======
Unhandled Promise: TypeError: Failed to fetch
=============================
====== JS ERROR CAUGHT ======
Unhandled Promise: TypeError: Failed to fetch
=============================
====== JS ERROR CAUGHT ======
Unhandled Promise: TypeError: Failed to fetch
=============================
====== JS ERROR CAUGHT ======
Unhandled Promise: TypeError: Failed to fetch
=============================
====== JS ERROR CAUGHT ======
Unhandled Promise: TypeError: Failed to fetch
=============================
====== JS ERROR CAUGHT ======
Unhandled Promise: TypeError: Failed to fetch
=============================
====== JS ERROR CAUGHT ======
Unhandled Promise: TypeError: Failed to fetch
=============================
====== JS ERROR CAUGHT ======
Unhandled Promise: TypeError: Failed to fetch
=============================
====== JS ERROR CAUGHT ======
Unhandled Promise: TypeError: Failed to fetch
=============================
====== JS ERROR CAUGHT ======
Unhandled Promise: TypeError: Failed to fetch
=============================
====== JS ERROR CAUGHT ======
Unhandled Promise: TypeError: Failed to fetch
=============================
====== JS ERROR CAUGHT ======
Unhandled Promise: TypeError: Failed to fetch
=============================
====== JS ERROR CAUGHT ======
Unhandled Promise: TypeError: Failed to fetch
=============================
====== JS ERROR CAUGHT ======
Unhandled Promise: TypeError: Failed to fetch
=============================
====== JS ERROR CAUGHT ======
Unhandled Promise: TypeError: Failed to fetch
=============================
====== JS ERROR CAUGHT ======
Unhandled Promise: TypeError: Failed to fetch
=============================
====== JS ERROR CAUGHT ======
Unhandled Promise: TypeError: Failed to fetch
=============================
====== JS ERROR CAUGHT ======
Unhandled Promise: TypeError: Failed to fetch
=============================
====== JS ERROR CAUGHT ======
Unhandled Promise: TypeError: Failed to fetch
=============================
====== JS ERROR CAUGHT ======
Unhandled Promise: TypeError: Failed to fetch
=============================
====== JS ERROR CAUGHT ======
Unhandled Promise: TypeError: Failed to fetch
=============================
====== JS ERROR CAUGHT ======
Unhandled Promise: TypeError: Failed to fetch
=============================
====== JS ERROR CAUGHT ======
Unhandled Promise: TypeError: Failed to fetch
=============================
====== JS ERROR CAUGHT ======
Unhandled Promise: TypeError: Failed to fetch
=============================
====== JS ERROR CAUGHT ======
Unhandled Promise: TypeError: Failed to fetch
=============================
====== JS ERROR CAUGHT ======
Unhandled Promise: TypeError: Failed to fetch
=============================
====== JS ERROR CAUGHT ======
Unhandled Promise: TypeError: Failed to fetch
=============================
====== JS ERROR CAUGHT ======
Unhandled Promise: TypeError: Failed to fetch
=============================
====== JS ERROR CAUGHT ======
Unhandled Promise: TypeError: Failed to fetch
=============================
====== JS ERROR CAUGHT ======
Unhandled Promise: TypeError: Failed to fetch
=============================
====== JS ERROR CAUGHT ======
Unhandled Promise: TypeError: Failed to fetch
=============================
====== JS ERROR CAUGHT ======
Unhandled Promise: TypeError: Failed to fetch
=============================
====== JS ERROR CAUGHT ======
Unhandled Promise: TypeError: Failed to fetch
=============================
====== JS ERROR CAUGHT ======
Unhandled Promise: TypeError: Failed to fetch
=============================
====== JS ERROR CAUGHT ======
Unhandled Promise: TypeError: Failed to fetch
=============================
====== JS ERROR CAUGHT ======
Unhandled Promise: TypeError: Failed to fetch
=============================
====== JS ERROR CAUGHT ======
Unhandled Promise: TypeError: Failed to fetch
=============================
====== JS ERROR CAUGHT ======
Unhandled Promise: TypeError: Failed to fetch
=============================
====== JS ERROR CAUGHT ======
Unhandled Promise: TypeError: Failed to fetch
=============================
====== JS ERROR CAUGHT ======
Unhandled Promise: TypeError: Failed to fetch
=============================
====== JS ERROR CAUGHT ======
Unhandled Promise: TypeError: Failed to fetch
=============================
====== JS ERROR CAUGHT ======
Unhandled Promise: TypeError: Failed to fetch
=============================
====== JS ERROR CAUGHT ======
Unhandled Promise: TypeError: Failed to fetch
=============================
====== JS ERROR CAUGHT ======
Unhandled Promise: TypeError: Failed to fetch
=============================
====== JS ERROR CAUGHT ======
Unhandled Promise: TypeError: Failed to fetch
=============================
====== JS ERROR CAUGHT ======
Unhandled Promise: TypeError: Failed to fetch
=============================
====== JS ERROR CAUGHT ======
Unhandled Promise: TypeError: Failed to fetch
=============================
====== JS ERROR CAUGHT ======
Unhandled Promise: TypeError: Failed to fetch
=============================
====== JS ERROR CAUGHT ======
Unhandled Promise: TypeError: Failed to fetch
=============================
====== JS ERROR CAUGHT ======
Unhandled Promise: TypeError: Failed to fetch
=============================
====== JS ERROR CAUGHT ======
Unhandled Promise: TypeError: Failed to fetch
=============================
====== JS ERROR CAUGHT ======
Unhandled Promise: TypeError: Failed to fetch
=============================
====== JS ERROR CAUGHT ======
Unhandled Promise: TypeError: Failed to fetch
=============================
====== JS ERROR CAUGHT ======
Unhandled Promise: TypeError: Failed to fetch
=============================
====== JS ERROR CAUGHT ======
Unhandled Promise: TypeError: Failed to fetch
=============================
====== JS ERROR CAUGHT ======
Unhandled Promise: TypeError: Failed to fetch
=============================
====== JS ERROR CAUGHT ======
Unhandled Promise: TypeError: Failed to fetch
=============================
====== JS ERROR CAUGHT ======
Unhandled Promise: TypeError: Failed to fetch
=============================
====== JS ERROR CAUGHT ======
Unhandled Promise: TypeError: Failed to fetch
=============================
====== JS ERROR CAUGHT ======
Unhandled Promise: TypeError: Failed to fetch
=============================
====== JS ERROR CAUGHT ======
Unhandled Promise: TypeError: Failed to fetch
=============================
====== JS ERROR CAUGHT ======
Unhandled Promise: TypeError: Failed to fetch
=============================
====== JS ERROR CAUGHT ======
Unhandled Promise: TypeError: Failed to fetch
=============================
====== JS ERROR CAUGHT ======
Unhandled Promise: TypeError: Failed to fetch
=============================
====== JS ERROR CAUGHT ======
Unhandled Promise: TypeError: Failed to fetch
=============================
====== JS ERROR CAUGHT ======
Unhandled Promise: TypeError: Failed to fetch
=============================
====== JS ERROR CAUGHT ======
Unhandled Promise: TypeError: Failed to fetch
=============================
====== JS ERROR CAUGHT ======
Unhandled Promise: TypeError: Failed to fetch
=============================
====== JS ERROR CAUGHT ======
Unhandled Promise: TypeError: Failed to fetch
=============================
====== JS ERROR CAUGHT ======
Unhandled Promise: TypeError: Failed to fetch
=============================
====== JS ERROR CAUGHT ======
Unhandled Promise: TypeError: Failed to fetch
=============================
====== JS ERROR CAUGHT ======
Unhandled Promise: TypeError: Failed to fetch
=============================
====== JS ERROR CAUGHT ======
Unhandled Promise: TypeError: Failed to fetch
=============================
====== JS ERROR CAUGHT ======
Unhandled Promise: TypeError: Failed to fetch
=============================
====== JS ERROR CAUGHT ======
Unhandled Promise: TypeError: Failed to fetch
=============================
====== JS ERROR CAUGHT ======
Unhandled Promise: TypeError: Failed to fetch
=============================
====== JS ERROR CAUGHT ======
Unhandled Promise: TypeError: Failed to fetch
=============================
====== JS ERROR CAUGHT ======
Unhandled Promise: TypeError: Failed to fetch
=============================
====== JS ERROR CAUGHT ======
Unhandled Promise: TypeError: Failed to fetch
=============================
====== JS ERROR CAUGHT ======
Unhandled Promise: TypeError: Failed to fetch
=============================
====== JS ERROR CAUGHT ======
Unhandled Promise: TypeError: Failed to fetch
=============================
====== JS ERROR CAUGHT ======
Unhandled Promise: TypeError: Failed to fetch
=============================
====== JS ERROR CAUGHT ======
Unhandled Promise: TypeError: Failed to fetch
=============================
====== JS ERROR CAUGHT ======
Unhandled Promise: TypeError: Failed to fetch
=============================
====== JS ERROR CAUGHT ======
Unhandled Promise: TypeError: Failed to fetch
=============================
====== JS ERROR CAUGHT ======
Unhandled Promise: TypeError: Failed to fetch
=============================
====== JS ERROR CAUGHT ======
Unhandled Promise: TypeError: Failed to fetch
=============================
====== JS ERROR CAUGHT ======
Unhandled Promise: TypeError: Failed to fetch
=============================
====== JS ERROR CAUGHT ======
Unhandled Promise: TypeError: Failed to fetch
=============================
====== JS ERROR CAUGHT ======
Unhandled Promise: TypeError: Failed to fetch
=============================
====== JS ERROR CAUGHT ======
Unhandled Promise: TypeError: Failed to fetch
=============================
====== JS ERROR CAUGHT ======
Unhandled Promise: TypeError: Failed to fetch
=============================
====== JS ERROR CAUGHT ======
Unhandled Promise: TypeError: Failed to fetch
=============================
====== JS ERROR CAUGHT ======
Unhandled Promise: TypeError: Failed to fetch
=============================
====== JS ERROR CAUGHT ======
Unhandled Promise: TypeError: Failed to fetch
=============================
====== JS ERROR CAUGHT ======
Unhandled Promise: TypeError: Failed to fetch
=============================
====== JS ERROR CAUGHT ======
Unhandled Promise: TypeError: Failed to fetch
=============================
====== JS ERROR CAUGHT ======
Unhandled Promise: TypeError: Failed to fetch
=============================
====== JS ERROR CAUGHT ======
Unhandled Promise: TypeError: Failed to fetch
=============================
====== JS ERROR CAUGHT ======
Unhandled Promise: TypeError: Failed to fetch
=============================
====== JS ERROR CAUGHT ======
Unhandled Promise: TypeError: Failed to fetch
=============================
====== JS ERROR CAUGHT ======
Unhandled Promise: TypeError: Failed to fetch
=============================
====== JS ERROR CAUGHT ======
Unhandled Promise: TypeError: Failed to fetch
=============================
====== JS ERROR CAUGHT ======
Unhandled Promise: TypeError: Failed to fetch
=============================
====== JS ERROR CAUGHT ======
Unhandled Promise: TypeError: Failed to fetch
=============================
====== JS ERROR CAUGHT ======
Unhandled Promise: TypeError: Failed to fetch
=============================
====== JS ERROR CAUGHT ======
Unhandled Promise: TypeError: Failed to fetch
=============================
====== JS ERROR CAUGHT ======
Unhandled Promise: TypeError: Failed to fetch
=============================
====== JS ERROR CAUGHT ======
Unhandled Promise: TypeError: Failed to fetch
=============================
====== JS ERROR CAUGHT ======
Unhandled Promise: TypeError: Failed to fetch
=============================
====== JS ERROR CAUGHT ======
Unhandled Promise: TypeError: Failed to fetch
=============================
====== JS ERROR CAUGHT ======
Unhandled Promise: TypeError: Failed to fetch
=============================
====== JS ERROR CAUGHT ======
Unhandled Promise: TypeError: Failed to fetch
=============================
====== JS ERROR CAUGHT ======
Unhandled Promise: TypeError: Failed to fetch
=============================
====== JS ERROR CAUGHT ======
Unhandled Promise: TypeError: Failed to fetch
=============================
====== JS ERROR CAUGHT ======
Unhandled Promise: TypeError: Failed to fetch
=============================
====== JS ERROR CAUGHT ======
Unhandled Promise: TypeError: Failed to fetch
=============================
====== JS ERROR CAUGHT ======
Unhandled Promise: TypeError: Failed to fetch
=============================
====== JS ERROR CAUGHT ======
Unhandled Promise: TypeError: Failed to fetch
=============================
====== JS ERROR CAUGHT ======
Unhandled Promise: TypeError: Failed to fetch
=============================
====== JS ERROR CAUGHT ======
Unhandled Promise: TypeError: Failed to fetch
=============================
====== JS ERROR CAUGHT ======
Unhandled Promise: TypeError: Failed to fetch
=============================
====== JS ERROR CAUGHT ======
Unhandled Promise: TypeError: Failed to fetch
=============================
====== JS ERROR CAUGHT ======
Unhandled Promise: TypeError: Failed to fetch
=============================
====== JS ERROR CAUGHT ======
Unhandled Promise: TypeError: Failed to fetch
=============================
====== JS ERROR CAUGHT ======
Unhandled Promise: TypeError: Failed to fetch
=============================
====== JS ERROR CAUGHT ======
Unhandled Promise: TypeError: Failed to fetch
=============================
====== JS ERROR CAUGHT ======
Unhandled Promise: TypeError: Failed to fetch
=============================
====== JS ERROR CAUGHT ======
Unhandled Promise: TypeError: Failed to fetch
=============================
====== JS ERROR CAUGHT ======
Unhandled Promise: TypeError: Failed to fetch
=============================
====== JS ERROR CAUGHT ======
Unhandled Promise: TypeError: Failed to fetch
=============================
====== JS ERROR CAUGHT ======
Unhandled Promise: TypeError: Failed to fetch
=============================
====== JS ERROR CAUGHT ======
Unhandled Promise: TypeError: Failed to fetch
=============================
====== JS ERROR CAUGHT ======
Unhandled Promise: TypeError: Failed to fetch
=============================
====== JS ERROR CAUGHT ======
Unhandled Promise: TypeError: Failed to fetch
=============================
====== JS ERROR CAUGHT ======
Unhandled Promise: TypeError: Failed to fetch
=============================
====== JS ERROR CAUGHT ======
Unhandled Promise: TypeError: Failed to fetch
=============================
====== JS ERROR CAUGHT ======
Unhandled Promise: TypeError: Failed to fetch
=============================
====== JS ERROR CAUGHT ======
Unhandled Promise: TypeError: Failed to fetch
=============================
====== JS ERROR CAUGHT ======
Unhandled Promise: TypeError: Failed to fetch
=============================
====== JS ERROR CAUGHT ======
Unhandled Promise: TypeError: Failed to fetch
=============================
====== JS ERROR CAUGHT ======
Unhandled Promise: TypeError: Failed to fetch
=============================
====== JS ERROR CAUGHT ======
Unhandled Promise: TypeError: Failed to fetch
=============================
====== JS ERROR CAUGHT ======
Unhandled Promise: TypeError: Failed to fetch
=============================
====== JS ERROR CAUGHT ======
Unhandled Promise: TypeError: Failed to fetch
=============================
====== JS ERROR CAUGHT ======
Unhandled Promise: TypeError: Failed to fetch
=============================
====== JS ERROR CAUGHT ======
Unhandled Promise: TypeError: Failed to fetch
=============================
====== JS ERROR CAUGHT ======
Unhandled Promise: TypeError: Failed to fetch
=============================
====== JS ERROR CAUGHT ======
Unhandled Promise: TypeError: Failed to fetch
=============================
====== JS ERROR CAUGHT ======
Unhandled Promise: TypeError: Failed to fetch
=============================
====== JS ERROR CAUGHT ======
Unhandled Promise: TypeError: Failed to fetch
=============================
====== JS ERROR CAUGHT ======
Unhandled Promise: TypeError: Failed to fetch
=============================
====== JS ERROR CAUGHT ======
Unhandled Promise: TypeError: Failed to fetch
=============================
====== JS ERROR CAUGHT ======
Unhandled Promise: TypeError: Failed to fetch
=============================
====== JS ERROR CAUGHT ======
Unhandled Promise: TypeError: Failed to fetch
=============================
====== JS ERROR CAUGHT ======
Unhandled Promise: TypeError: Failed to fetch
=============================
====== JS ERROR CAUGHT ======
Unhandled Promise: TypeError: Failed to fetch
=============================
====== JS ERROR CAUGHT ======
Unhandled Promise: TypeError: Failed to fetch
=============================
====== JS ERROR CAUGHT ======
Unhandled Promise: TypeError: Failed to fetch
=============================
====== JS ERROR CAUGHT ======
Unhandled Promise: TypeError: Failed to fetch
=============================
====== JS ERROR CAUGHT ======
Unhandled Promise: TypeError: Failed to fetch
=============================
====== JS ERROR CAUGHT ======
Unhandled Promise: TypeError: Failed to fetch
=============================
====== JS ERROR CAUGHT ======
Unhandled Promise: TypeError: Failed to fetch
=============================
====== JS ERROR CAUGHT ======
Unhandled Promise: TypeError: Failed to fetch
=============================
====== JS ERROR CAUGHT ======
Unhandled Promise: TypeError: Failed to fetch
=============================
====== JS ERROR CAUGHT ======
Unhandled Promise: TypeError: Failed to fetch
=============================
====== JS ERROR CAUGHT ======
Unhandled Promise: TypeError: Failed to fetch
=============================
====== JS ERROR CAUGHT ======
Unhandled Promise: TypeError: Failed to fetch
=============================
====== JS ERROR CAUGHT ======
Unhandled Promise: TypeError: Failed to fetch
=============================
====== JS ERROR CAUGHT ======
Unhandled Promise: TypeError: Failed to fetch
=============================
====== JS ERROR CAUGHT ======
Unhandled Promise: TypeError: Failed to fetch
=============================
====== JS ERROR CAUGHT ======
Unhandled Promise: TypeError: Failed to fetch
=============================
====== JS ERROR CAUGHT ======
Unhandled Promise: TypeError: Failed to fetch
=============================
====== JS ERROR CAUGHT ======
Unhandled Promise: TypeError: Failed to fetch
=============================
====== JS ERROR CAUGHT ======
Unhandled Promise: TypeError: Failed to fetch
=============================
====== JS ERROR CAUGHT ======
Unhandled Promise: TypeError: Failed to fetch
=============================
====== JS ERROR CAUGHT ======
Unhandled Promise: TypeError: Failed to fetch
=============================
====== JS ERROR CAUGHT ======
Unhandled Promise: TypeError: Failed to fetch
=============================
====== JS ERROR CAUGHT ======
Unhandled Promise: TypeError: Failed to fetch
=============================
====== JS ERROR CAUGHT ======
Unhandled Promise: TypeError: Failed to fetch
=============================
====== JS ERROR CAUGHT ======
Unhandled Promise: TypeError: Failed to fetch
=============================
====== JS ERROR CAUGHT ======
Unhandled Promise: TypeError: Failed to fetch
=============================
====== JS ERROR CAUGHT ======
Unhandled Promise: TypeError: Failed to fetch
=============================
====== JS ERROR CAUGHT ======
Unhandled Promise: TypeError: Failed to fetch
=============================
====== JS ERROR CAUGHT ======
Unhandled Promise: TypeError: Failed to fetch
=============================
====== JS ERROR CAUGHT ======
Unhandled Promise: TypeError: Failed to fetch
=============================
====== JS ERROR CAUGHT ======
Unhandled Promise: TypeError: Failed to fetch
=============================
====== JS ERROR CAUGHT ======
Unhandled Promise: TypeError: Failed to fetch
=============================
====== JS ERROR CAUGHT ======
Unhandled Promise: TypeError: Failed to fetch
=============================
====== JS ERROR CAUGHT ======
Unhandled Promise: TypeError: Failed to fetch
=============================
====== JS ERROR CAUGHT ======
Unhandled Promise: TypeError: Failed to fetch
=============================
====== JS ERROR CAUGHT ======
Unhandled Promise: TypeError: Failed to fetch
=============================
====== JS ERROR CAUGHT ======
Unhandled Promise: TypeError: Failed to fetch
=============================
====== JS ERROR CAUGHT ======
Unhandled Promise: TypeError: Failed to fetch
=============================
====== JS ERROR CAUGHT ======
Unhandled Promise: TypeError: Failed to fetch
=============================
====== JS ERROR CAUGHT ======
Unhandled Promise: TypeError: Failed to fetch
=============================
====== JS ERROR CAUGHT ======
Unhandled Promise: TypeError: Failed to fetch
=============================
====== JS ERROR CAUGHT ======
Unhandled Promise: TypeError: Failed to fetch
=============================
====== JS ERROR CAUGHT ======
Unhandled Promise: TypeError: Failed to fetch
=============================
====== JS ERROR CAUGHT ======
Unhandled Promise: TypeError: Failed to fetch
=============================
====== JS ERROR CAUGHT ======
Unhandled Promise: TypeError: Failed to fetch
=============================
====== JS ERROR CAUGHT ======
Unhandled Promise: TypeError: Failed to fetch
=============================
====== JS ERROR CAUGHT ======
Unhandled Promise: TypeError: Failed to fetch
=============================
====== JS ERROR CAUGHT ======
Unhandled Promise: TypeError: Failed to fetch
=============================
====== JS ERROR CAUGHT ======
Unhandled Promise: TypeError: Failed to fetch
=============================
====== JS ERROR CAUGHT ======
Unhandled Promise: TypeError: Failed to fetch
=============================
====== JS ERROR CAUGHT ======
Unhandled Promise: TypeError: Failed to fetch
=============================
====== JS ERROR CAUGHT ======
Unhandled Promise: TypeError: Failed to fetch
=============================
====== JS ERROR CAUGHT ======
Unhandled Promise: TypeError: Failed to fetch
=============================
====== JS ERROR CAUGHT ======
Unhandled Promise: TypeError: Failed to fetch
=============================
====== JS ERROR CAUGHT ======
Unhandled Promise: TypeError: Failed to fetch
=============================
====== JS ERROR CAUGHT ======
Unhandled Promise: TypeError: Failed to fetch
=============================
====== JS ERROR CAUGHT ======
Unhandled Promise: TypeError: Failed to fetch
=============================
====== JS ERROR CAUGHT ======
Unhandled Promise: TypeError: Failed to fetch
=============================
====== JS ERROR CAUGHT ======
Unhandled Promise: TypeError: Failed to fetch
=============================
====== JS ERROR CAUGHT ======
Unhandled Promise: TypeError: Failed to fetch
=============================
====== JS ERROR CAUGHT ======
Unhandled Promise: TypeError: Failed to fetch
=============================
====== JS ERROR CAUGHT ======
Unhandled Promise: TypeError: Failed to fetch
=============================
====== JS ERROR CAUGHT ======
Unhandled Promise: TypeError: Failed to fetch
=============================
====== JS ERROR CAUGHT ======
Unhandled Promise: TypeError: Failed to fetch
=============================
====== JS ERROR CAUGHT ======
Unhandled Promise: TypeError: Failed to fetch
=============================
====== JS ERROR CAUGHT ======
Unhandled Promise: TypeError: Failed to fetch
=============================
====== JS ERROR CAUGHT ======
Unhandled Promise: TypeError: Failed to fetch
=============================
====== JS ERROR CAUGHT ======
Unhandled Promise: TypeError: Failed to fetch
=============================
====== JS ERROR CAUGHT ======
Unhandled Promise: TypeError: Failed to fetch
=============================
====== JS ERROR CAUGHT ======
Unhandled Promise: TypeError: Failed to fetch
=============================
====== JS ERROR CAUGHT ======
Unhandled Promise: TypeError: Failed to fetch
=============================
====== JS ERROR CAUGHT ======
Unhandled Promise: TypeError: Failed to fetch
=============================
====== JS ERROR CAUGHT ======
Unhandled Promise: TypeError: Failed to fetch
=============================
====== JS ERROR CAUGHT ======
Unhandled Promise: TypeError: Failed to fetch
=============================
====== JS ERROR CAUGHT ======
Unhandled Promise: TypeError: Failed to fetch
=============================
====== JS ERROR CAUGHT ======
Unhandled Promise: TypeError: Failed to fetch
=============================
====== JS ERROR CAUGHT ======
Unhandled Promise: TypeError: Failed to fetch
=============================
====== JS ERROR CAUGHT ======
Unhandled Promise: TypeError: Failed to fetch
=============================
====== JS ERROR CAUGHT ======
Unhandled Promise: TypeError: Failed to fetch
=============================
====== JS ERROR CAUGHT ======
Unhandled Promise: TypeError: Failed to fetch
=============================
====== JS ERROR CAUGHT ======
Unhandled Promise: TypeError: Failed to fetch
=============================
====== JS ERROR CAUGHT ======
Unhandled Promise: TypeError: Failed to fetch
=============================
====== JS ERROR CAUGHT ======
Unhandled Promise: TypeError: Failed to fetch
=============================
====== JS ERROR CAUGHT ======
Unhandled Promise: TypeError: Failed to fetch
=============================
====== JS ERROR CAUGHT ======
Unhandled Promise: TypeError: Failed to fetch
=============================
====== JS ERROR CAUGHT ======
Unhandled Promise: TypeError: Failed to fetch
=============================
====== JS ERROR CAUGHT ======
Unhandled Promise: TypeError: Failed to fetch
=============================
====== JS ERROR CAUGHT ======
Unhandled Promise: TypeError: Failed to fetch
=============================
====== JS ERROR CAUGHT ======
Unhandled Promise: TypeError: Failed to fetch
=============================
====== JS ERROR CAUGHT ======
Unhandled Promise: TypeError: Failed to fetch
=============================
====== JS ERROR CAUGHT ======
Unhandled Promise: TypeError: Failed to fetch
=============================
====== JS ERROR CAUGHT ======
Unhandled Promise: TypeError: Failed to fetch
=============================
====== JS ERROR CAUGHT ======
Unhandled Promise: TypeError: Failed to fetch
=============================
====== JS ERROR CAUGHT ======
Unhandled Promise: TypeError: Failed to fetch
=============================
====== JS ERROR CAUGHT ======
Unhandled Promise: TypeError: Failed to fetch
=============================
====== JS ERROR CAUGHT ======
Unhandled Promise: TypeError: Failed to fetch
=============================
====== JS ERROR CAUGHT ======
Unhandled Promise: TypeError: Failed to fetch
=============================
====== JS ERROR CAUGHT ======
Unhandled Promise: TypeError: Failed to fetch
=============================
====== JS ERROR CAUGHT ======
Unhandled Promise: TypeError: Failed to fetch
=============================
====== JS ERROR CAUGHT ======
Unhandled Promise: TypeError: Failed to fetch
=============================
====== JS ERROR CAUGHT ======
Unhandled Promise: TypeError: Failed to fetch
=============================
====== JS ERROR CAUGHT ======
Unhandled Promise: TypeError: Failed to fetch
=============================
====== JS ERROR CAUGHT ======
Unhandled Promise: TypeError: Failed to fetch
=============================
====== JS ERROR CAUGHT ======
Unhandled Promise: TypeError: Failed to fetch
=============================
====== JS ERROR CAUGHT ======
Unhandled Promise: TypeError: Failed to fetch
=============================
====== JS ERROR CAUGHT ======
Unhandled Promise: TypeError: Failed to fetch
=============================
====== JS ERROR CAUGHT ======
Unhandled Promise: TypeError: Failed to fetch
=============================
====== JS ERROR CAUGHT ======
Unhandled Promise: TypeError: Failed to fetch
=============================
====== JS ERROR CAUGHT ======
Unhandled Promise: TypeError: Failed to fetch
=============================
====== JS ERROR CAUGHT ======
Unhandled Promise: TypeError: Failed to fetch
=============================
====== JS ERROR CAUGHT ======
Unhandled Promise: TypeError: Failed to fetch
=============================
====== JS ERROR CAUGHT ======
Unhandled Promise: TypeError: Failed to fetch
=============================
====== JS ERROR CAUGHT ======
Unhandled Promise: TypeError: Failed to fetch
=============================
====== JS ERROR CAUGHT ======
Unhandled Promise: TypeError: Failed to fetch
=============================
====== JS ERROR CAUGHT ======
Unhandled Promise: TypeError: Failed to fetch
=============================
====== JS ERROR CAUGHT ======
Unhandled Promise: TypeError: Failed to fetch
=============================
====== JS ERROR CAUGHT ======
Unhandled Promise: TypeError: Failed to fetch
=============================
====== JS ERROR CAUGHT ======
Unhandled Promise: TypeError: Failed to fetch
=============================
====== JS ERROR CAUGHT ======
Unhandled Promise: TypeError: Failed to fetch
=============================
====== JS ERROR CAUGHT ======
Unhandled Promise: TypeError: Failed to fetch
=============================
====== JS ERROR CAUGHT ======
Unhandled Promise: TypeError: Failed to fetch
=============================
====== JS ERROR CAUGHT ======
Unhandled Promise: TypeError: Failed to fetch
=============================
====== JS ERROR CAUGHT ======
Unhandled Promise: TypeError: Failed to fetch
=============================
====== JS ERROR CAUGHT ======
Unhandled Promise: TypeError: Failed to fetch
=============================
====== JS ERROR CAUGHT ======
Unhandled Promise: TypeError: Failed to fetch
=============================
====== JS ERROR CAUGHT ======
Unhandled Promise: TypeError: Failed to fetch
=============================
====== JS ERROR CAUGHT ======
Unhandled Promise: TypeError: Failed to fetch
=============================
====== JS ERROR CAUGHT ======
Unhandled Promise: TypeError: Failed to fetch
=============================
====== JS ERROR CAUGHT ======
Unhandled Promise: TypeError: Failed to fetch
=============================
====== JS ERROR CAUGHT ======
Unhandled Promise: TypeError: Failed to fetch
=============================
====== JS ERROR CAUGHT ======
Unhandled Promise: TypeError: Failed to fetch
=============================
====== JS ERROR CAUGHT ======
Unhandled Promise: TypeError: Failed to fetch
=============================
====== JS ERROR CAUGHT ======
Unhandled Promise: TypeError: Failed to fetch
=============================
====== JS ERROR CAUGHT ======
Unhandled Promise: TypeError: Failed to fetch
=============================
====== JS ERROR CAUGHT ======
Unhandled Promise: TypeError: Failed to fetch
=============================
====== JS ERROR CAUGHT ======
Unhandled Promise: TypeError: Failed to fetch
=============================
====== JS ERROR CAUGHT ======
Unhandled Promise: TypeError: Failed to fetch
=============================
====== JS ERROR CAUGHT ======
Unhandled Promise: TypeError: Failed to fetch
=============================
====== JS ERROR CAUGHT ======
Unhandled Promise: TypeError: Failed to fetch
=============================
====== JS ERROR CAUGHT ======
Unhandled Promise: TypeError: Failed to fetch
=============================
====== JS ERROR CAUGHT ======
Unhandled Promise: TypeError: Failed to fetch
=============================
====== JS ERROR CAUGHT ======
Unhandled Promise: TypeError: Failed to fetch
=============================
====== JS ERROR CAUGHT ======
Unhandled Promise: TypeError: Failed to fetch
=============================
====== JS ERROR CAUGHT ======
Unhandled Promise: TypeError: Failed to fetch
=============================
====== JS ERROR CAUGHT ======
Unhandled Promise: TypeError: Failed to fetch
=============================
====== JS ERROR CAUGHT ======
Unhandled Promise: TypeError: Failed to fetch
=============================
====== JS ERROR CAUGHT ======
Unhandled Promise: TypeError: Failed to fetch
=============================
====== JS ERROR CAUGHT ======
Unhandled Promise: TypeError: Failed to fetch
=============================
====== JS ERROR CAUGHT ======
Unhandled Promise: TypeError: Failed to fetch
=============================
====== JS ERROR CAUGHT ======
Unhandled Promise: TypeError: Failed to fetch
=============================
====== JS ERROR CAUGHT ======
Unhandled Promise: TypeError: Failed to fetch
=============================
====== JS ERROR CAUGHT ======
Unhandled Promise: TypeError: Failed to fetch
=============================
====== JS ERROR CAUGHT ======
Unhandled Promise: TypeError: Failed to fetch
=============================
====== JS ERROR CAUGHT ======
Unhandled Promise: TypeError: Failed to fetch
=============================
====== JS ERROR CAUGHT ======
Unhandled Promise: TypeError: Failed to fetch
=============================
====== JS ERROR CAUGHT ======
Unhandled Promise: TypeError: Failed to fetch
=============================
====== JS ERROR CAUGHT ======
Unhandled Promise: TypeError: Failed to fetch
=============================
====== JS ERROR CAUGHT ======
Unhandled Promise: TypeError: Failed to fetch
=============================
====== JS ERROR CAUGHT ======
Unhandled Promise: TypeError: Failed to fetch
=============================
====== JS ERROR CAUGHT ======
Unhandled Promise: TypeError: Failed to fetch
=============================
====== JS ERROR CAUGHT ======
Unhandled Promise: TypeError: Failed to fetch
=============================
====== JS ERROR CAUGHT ======
Unhandled Promise: TypeError: Failed to fetch
=============================
====== JS ERROR CAUGHT ======
Unhandled Promise: TypeError: Failed to fetch
=============================
====== JS ERROR CAUGHT ======
Unhandled Promise: TypeError: Failed to fetch
=============================
====== JS ERROR CAUGHT ======
Unhandled Promise: TypeError: Failed to fetch
=============================
====== JS ERROR CAUGHT ======
Unhandled Promise: TypeError: Failed to fetch
=============================
====== JS ERROR CAUGHT ======
Unhandled Promise: TypeError: Failed to fetch
=============================
====== JS ERROR CAUGHT ======
Unhandled Promise: TypeError: Failed to fetch
=============================
====== JS ERROR CAUGHT ======
Unhandled Promise: TypeError: Failed to fetch
=============================
====== JS ERROR CAUGHT ======
Unhandled Promise: TypeError: Failed to fetch
=============================
====== JS ERROR CAUGHT ======
Unhandled Promise: TypeError: Failed to fetch
=============================
====== JS ERROR CAUGHT ======
Unhandled Promise: TypeError: Failed to fetch
=============================
====== JS ERROR CAUGHT ======
Unhandled Promise: TypeError: Failed to fetch
=============================
====== JS ERROR CAUGHT ======
Unhandled Promise: TypeError: Failed to fetch
=============================
====== JS ERROR CAUGHT ======
Unhandled Promise: TypeError: Failed to fetch
=============================
====== JS ERROR CAUGHT ======
Unhandled Promise: TypeError: Failed to fetch
=============================
====== JS ERROR CAUGHT ======
Unhandled Promise: TypeError: Failed to fetch
=============================
====== JS ERROR CAUGHT ======
Unhandled Promise: TypeError: Failed to fetch
=============================
====== JS ERROR CAUGHT ======
Unhandled Promise: TypeError: Failed to fetch
=============================
====== JS ERROR CAUGHT ======
Unhandled Promise: TypeError: Failed to fetch
=============================
====== JS ERROR CAUGHT ======
Unhandled Promise: TypeError: Failed to fetch
=============================
====== JS ERROR CAUGHT ======
Unhandled Promise: TypeError: Failed to fetch
=============================
====== JS ERROR CAUGHT ======
Unhandled Promise: TypeError: Failed to fetch
=============================
====== JS ERROR CAUGHT ======
Unhandled Promise: TypeError: Failed to fetch
=============================
====== JS ERROR CAUGHT ======
Unhandled Promise: TypeError: Failed to fetch
=============================
====== JS ERROR CAUGHT ======
Unhandled Promise: TypeError: Failed to fetch
=============================
====== JS ERROR CAUGHT ======
Unhandled Promise: TypeError: Failed to fetch
=============================
====== JS ERROR CAUGHT ======
Unhandled Promise: TypeError: Failed to fetch
=============================
====== JS ERROR CAUGHT ======
Unhandled Promise: TypeError: Failed to fetch
=============================
====== JS ERROR CAUGHT ======
Unhandled Promise: TypeError: Failed to fetch
=============================
====== JS ERROR CAUGHT ======
Unhandled Promise: TypeError: Failed to fetch
=============================
====== JS ERROR CAUGHT ======
Unhandled Promise: TypeError: Failed to fetch
=============================
====== JS ERROR CAUGHT ======
Unhandled Promise: TypeError: Failed to fetch
=============================
====== JS ERROR CAUGHT ======
Unhandled Promise: TypeError: Failed to fetch
=============================
====== JS ERROR CAUGHT ======
Unhandled Promise: TypeError: Failed to fetch
=============================
====== JS ERROR CAUGHT ======
Unhandled Promise: TypeError: Failed to fetch
=============================
====== JS ERROR CAUGHT ======
Unhandled Promise: TypeError: Failed to fetch
=============================
====== JS ERROR CAUGHT ======
Unhandled Promise: TypeError: Failed to fetch
=============================
====== JS ERROR CAUGHT ======
Unhandled Promise: TypeError: Failed to fetch
=============================
====== JS ERROR CAUGHT ======
Unhandled Promise: TypeError: Failed to fetch
=============================
====== JS ERROR CAUGHT ======
Unhandled Promise: TypeError: Failed to fetch
=============================
====== JS ERROR CAUGHT ======
Unhandled Promise: TypeError: Failed to fetch
=============================
====== JS ERROR CAUGHT ======
Unhandled Promise: TypeError: Failed to fetch
=============================
====== JS ERROR CAUGHT ======
Unhandled Promise: TypeError: Failed to fetch
=============================
====== JS ERROR CAUGHT ======
Unhandled Promise: TypeError: Failed to fetch
=============================
====== JS ERROR CAUGHT ======
Unhandled Promise: TypeError: Failed to fetch
=============================
====== JS ERROR CAUGHT ======
Unhandled Promise: TypeError: Failed to fetch
=============================
====== JS ERROR CAUGHT ======
Unhandled Promise: TypeError: Failed to fetch
=============================
====== JS ERROR CAUGHT ======
Unhandled Promise: TypeError: Failed to fetch
=============================
====== JS ERROR CAUGHT ======
Unhandled Promise: TypeError: Failed to fetch
=============================
====== JS ERROR CAUGHT ======
Unhandled Promise: TypeError: Failed to fetch
=============================
====== JS ERROR CAUGHT ======
Unhandled Promise: TypeError: Failed to fetch
=============================
====== JS ERROR CAUGHT ======
Unhandled Promise: TypeError: Failed to fetch
=============================
====== JS ERROR CAUGHT ======
Unhandled Promise: TypeError: Failed to fetch
=============================
====== JS ERROR CAUGHT ======
Unhandled Promise: TypeError: Failed to fetch
=============================
====== JS ERROR CAUGHT ======
Unhandled Promise: TypeError: Failed to fetch
=============================
====== JS ERROR CAUGHT ======
Unhandled Promise: TypeError: Failed to fetch
=============================
====== JS ERROR CAUGHT ======
Unhandled Promise: TypeError: Failed to fetch
=============================
====== JS ERROR CAUGHT ======
Unhandled Promise: TypeError: Failed to fetch
=============================
====== JS ERROR CAUGHT ======
Unhandled Promise: TypeError: Failed to fetch
=============================
====== JS ERROR CAUGHT ======
Unhandled Promise: TypeError: Failed to fetch
=============================
====== JS ERROR CAUGHT ======
Unhandled Promise: TypeError: Failed to fetch
=============================
====== JS ERROR CAUGHT ======
Unhandled Promise: TypeError: Failed to fetch
=============================
====== JS ERROR CAUGHT ======
Unhandled Promise: TypeError: Failed to fetch
=============================
====== JS ERROR CAUGHT ======
Unhandled Promise: TypeError: Failed to fetch
=============================
====== JS ERROR CAUGHT ======
Unhandled Promise: TypeError: Failed to fetch
=============================
====== JS ERROR CAUGHT ======
Unhandled Promise: TypeError: Failed to fetch
=============================
====== JS ERROR CAUGHT ======
Unhandled Promise: TypeError: Failed to fetch
=============================
====== JS ERROR CAUGHT ======
Unhandled Promise: TypeError: Failed to fetch
=============================
====== JS ERROR CAUGHT ======
Unhandled Promise: TypeError: Failed to fetch
=============================
====== JS ERROR CAUGHT ======
Unhandled Promise: TypeError: Failed to fetch
=============================
====== JS ERROR CAUGHT ======
Unhandled Promise: TypeError: Failed to fetch
=============================
====== JS ERROR CAUGHT ======
Unhandled Promise: TypeError: Failed to fetch
=============================
====== JS ERROR CAUGHT ======
Unhandled Promise: TypeError: Failed to fetch
=============================
====== JS ERROR CAUGHT ======
Unhandled Promise: TypeError: Failed to fetch
=============================
====== JS ERROR CAUGHT ======
Unhandled Promise: TypeError: Failed to fetch
=============================
====== JS ERROR CAUGHT ======
Unhandled Promise: TypeError: Failed to fetch
=============================
====== JS ERROR CAUGHT ======
Unhandled Promise: TypeError: Failed to fetch
=============================
====== JS ERROR CAUGHT ======
Unhandled Promise: TypeError: Failed to fetch
=============================
====== JS ERROR CAUGHT ======
Unhandled Promise: TypeError: Failed to fetch
=============================
====== JS ERROR CAUGHT ======
Unhandled Promise: TypeError: Failed to fetch
=============================
====== JS ERROR CAUGHT ======
Unhandled Promise: TypeError: Failed to fetch
=============================
====== JS ERROR CAUGHT ======
Unhandled Promise: TypeError: Failed to fetch
=============================
====== JS ERROR CAUGHT ======
Unhandled Promise: TypeError: Failed to fetch
=============================
====== JS ERROR CAUGHT ======
Unhandled Promise: TypeError: Failed to fetch
=============================
====== JS ERROR CAUGHT ======
Unhandled Promise: TypeError: Failed to fetch
=============================
====== JS ERROR CAUGHT ======
Unhandled Promise: TypeError: Failed to fetch
=============================
====== JS ERROR CAUGHT ======
Unhandled Promise: TypeError: Failed to fetch
=============================
====== JS ERROR CAUGHT ======
Unhandled Promise: TypeError: Failed to fetch
=============================
====== JS ERROR CAUGHT ======
Unhandled Promise: TypeError: Failed to fetch
=============================
====== JS ERROR CAUGHT ======
Unhandled Promise: TypeError: Failed to fetch
=============================
====== JS ERROR CAUGHT ======
Unhandled Promise: TypeError: Failed to fetch
=============================
====== JS ERROR CAUGHT ======
Unhandled Promise: TypeError: Failed to fetch
=============================
====== JS ERROR CAUGHT ======
Unhandled Promise: TypeError: Failed to fetch
=============================
====== JS ERROR CAUGHT ======
Unhandled Promise: TypeError: Failed to fetch
=============================
====== JS ERROR CAUGHT ======
Unhandled Promise: TypeError: Failed to fetch
=============================
====== JS ERROR CAUGHT ======
Unhandled Promise: TypeError: Failed to fetch
=============================
====== JS ERROR CAUGHT ======
Unhandled Promise: TypeError: Failed to fetch
=============================
====== JS ERROR CAUGHT ======
Unhandled Promise: TypeError: Failed to fetch
=============================
====== JS ERROR CAUGHT ======
Unhandled Promise: TypeError: Failed to fetch
=============================
====== JS ERROR CAUGHT ======
Unhandled Promise: TypeError: Failed to fetch
=============================
====== JS ERROR CAUGHT ======
Unhandled Promise: TypeError: Failed to fetch
=============================
====== JS ERROR CAUGHT ======
Unhandled Promise: TypeError: Failed to fetch
=============================
====== JS ERROR CAUGHT ======
Unhandled Promise: TypeError: Failed to fetch
=============================
====== JS ERROR CAUGHT ======
Unhandled Promise: TypeError: Failed to fetch
=============================
====== JS ERROR CAUGHT ======
Unhandled Promise: TypeError: Failed to fetch
=============================
====== JS ERROR CAUGHT ======
Unhandled Promise: TypeError: Failed to fetch
=============================
====== JS ERROR CAUGHT ======
Unhandled Promise: TypeError: Failed to fetch
=============================
====== JS ERROR CAUGHT ======
Unhandled Promise: TypeError: Failed to fetch
=============================
====== JS ERROR CAUGHT ======
Unhandled Promise: TypeError: Failed to fetch
=============================
====== JS ERROR CAUGHT ======
Unhandled Promise: TypeError: Failed to fetch
=============================
====== JS ERROR CAUGHT ======
Unhandled Promise: TypeError: Failed to fetch
=============================
====== JS ERROR CAUGHT ======
Unhandled Promise: TypeError: Failed to fetch
=============================
====== JS ERROR CAUGHT ======
Unhandled Promise: TypeError: Failed to fetch
=============================
====== JS ERROR CAUGHT ======
Unhandled Promise: TypeError: Failed to fetch
=============================
====== JS ERROR CAUGHT ======
Unhandled Promise: TypeError: Failed to fetch
=============================
====== JS ERROR CAUGHT ======
Unhandled Promise: TypeError: Failed to fetch
=============================
====== JS ERROR CAUGHT ======
Unhandled Promise: TypeError: Failed to fetch
=============================
====== JS ERROR CAUGHT ======
Unhandled Promise: TypeError: Failed to fetch
=============================
====== JS ERROR CAUGHT ======
Unhandled Promise: TypeError: Failed to fetch
=============================
====== JS ERROR CAUGHT ======
Unhandled Promise: TypeError: Failed to fetch
=============================
====== JS ERROR CAUGHT ======
Unhandled Promise: TypeError: Failed to fetch
=============================
====== JS ERROR CAUGHT ======
Unhandled Promise: TypeError: Failed to fetch
=============================
====== JS ERROR CAUGHT ======
Unhandled Promise: TypeError: Failed to fetch
=============================
====== JS ERROR CAUGHT ======
Unhandled Promise: TypeError: Failed to fetch
=============================
====== JS ERROR CAUGHT ======
Unhandled Promise: TypeError: Failed to fetch
=============================
====== JS ERROR CAUGHT ======
Unhandled Promise: TypeError: Failed to fetch
=============================
====== JS ERROR CAUGHT ======
Unhandled Promise: TypeError: Failed to fetch
=============================
====== JS ERROR CAUGHT ======
Unhandled Promise: TypeError: Failed to fetch
=============================
====== JS ERROR CAUGHT ======
Unhandled Promise: TypeError: Failed to fetch
=============================
====== JS ERROR CAUGHT ======
Unhandled Promise: TypeError: Failed to fetch
=============================
====== JS ERROR CAUGHT ======
Unhandled Promise: TypeError: Failed to fetch
=============================
====== JS ERROR CAUGHT ======
Unhandled Promise: TypeError: Failed to fetch
=============================
====== JS ERROR CAUGHT ======
Unhandled Promise: TypeError: Failed to fetch
=============================
====== JS ERROR CAUGHT ======
Unhandled Promise: TypeError: Failed to fetch
=============================
====== JS ERROR CAUGHT ======
Unhandled Promise: TypeError: Failed to fetch
=============================
====== JS ERROR CAUGHT ======
Unhandled Promise: TypeError: Failed to fetch
=============================
====== JS ERROR CAUGHT ======
Unhandled Promise: TypeError: Failed to fetch
=============================
====== JS ERROR CAUGHT ======
Unhandled Promise: TypeError: Failed to fetch
=============================
====== JS ERROR CAUGHT ======
Unhandled Promise: TypeError: Failed to fetch
=============================
====== JS ERROR CAUGHT ======
Unhandled Promise: TypeError: Failed to fetch
=============================
====== JS ERROR CAUGHT ======
Unhandled Promise: TypeError: Failed to fetch
=============================
====== JS ERROR CAUGHT ======
Unhandled Promise: TypeError: Failed to fetch
=============================
====== JS ERROR CAUGHT ======
Unhandled Promise: TypeError: Failed to fetch
=============================
====== JS ERROR CAUGHT ======
Unhandled Promise: TypeError: Failed to fetch
=============================
====== JS ERROR CAUGHT ======
Unhandled Promise: TypeError: Failed to fetch
=============================
====== JS ERROR CAUGHT ======
Unhandled Promise: TypeError: Failed to fetch
=============================
====== JS ERROR CAUGHT ======
Unhandled Promise: TypeError: Failed to fetch
=============================
====== JS ERROR CAUGHT ======
Unhandled Promise: TypeError: Failed to fetch
=============================
====== JS ERROR CAUGHT ======
Unhandled Promise: TypeError: Failed to fetch
=============================
====== JS ERROR CAUGHT ======
Unhandled Promise: TypeError: Failed to fetch
=============================
====== JS ERROR CAUGHT ======
Unhandled Promise: TypeError: Failed to fetch
=============================
====== JS ERROR CAUGHT ======
Unhandled Promise: TypeError: Failed to fetch
=============================
====== JS ERROR CAUGHT ======
Unhandled Promise: TypeError: Failed to fetch
=============================
====== JS ERROR CAUGHT ======
Unhandled Promise: TypeError: Failed to fetch
=============================
====== JS ERROR CAUGHT ======
Unhandled Promise: TypeError: Failed to fetch
=============================
====== JS ERROR CAUGHT ======
Unhandled Promise: TypeError: Failed to fetch
=============================
====== JS ERROR CAUGHT ======
Unhandled Promise: TypeError: Failed to fetch
=============================
====== JS ERROR CAUGHT ======
Unhandled Promise: TypeError: Failed to fetch
=============================
====== JS ERROR CAUGHT ======
Unhandled Promise: TypeError: Failed to fetch
=============================
====== JS ERROR CAUGHT ======
Unhandled Promise: TypeError: Failed to fetch
=============================
====== JS ERROR CAUGHT ======
Unhandled Promise: TypeError: Failed to fetch
=============================
====== JS ERROR CAUGHT ======
Unhandled Promise: TypeError: Failed to fetch
=============================
====== JS ERROR CAUGHT ======
Unhandled Promise: TypeError: Failed to fetch
=============================
====== JS ERROR CAUGHT ======
Unhandled Promise: TypeError: Failed to fetch
=============================
====== JS ERROR CAUGHT ======
Unhandled Promise: TypeError: Failed to fetch
=============================
====== JS ERROR CAUGHT ======
Unhandled Promise: TypeError: Failed to fetch
=============================
====== JS ERROR CAUGHT ======
Unhandled Promise: TypeError: Failed to fetch
=============================
====== JS ERROR CAUGHT ======
Unhandled Promise: TypeError: Failed to fetch
=============================
====== JS ERROR CAUGHT ======
Unhandled Promise: TypeError: Failed to fetch
=============================
====== JS ERROR CAUGHT ======
Unhandled Promise: TypeError: Failed to fetch
=============================
====== JS ERROR CAUGHT ======
Unhandled Promise: TypeError: Failed to fetch
=============================
====== JS ERROR CAUGHT ======
Unhandled Promise: TypeError: Failed to fetch
=============================
====== JS ERROR CAUGHT ======
Unhandled Promise: TypeError: Failed to fetch
=============================
====== JS ERROR CAUGHT ======
Unhandled Promise: TypeError: Failed to fetch
=============================
====== JS ERROR CAUGHT ======
Unhandled Promise: TypeError: Failed to fetch
=============================
====== JS ERROR CAUGHT ======
Unhandled Promise: TypeError: Failed to fetch
=============================
====== JS ERROR CAUGHT ======
Unhandled Promise: TypeError: Failed to fetch
=============================
====== JS ERROR CAUGHT ======
Unhandled Promise: TypeError: Failed to fetch
=============================
====== JS ERROR CAUGHT ======
Unhandled Promise: TypeError: Failed to fetch
=============================
====== JS ERROR CAUGHT ======
Unhandled Promise: TypeError: Failed to fetch
=============================
====== JS ERROR CAUGHT ======
Unhandled Promise: TypeError: Failed to fetch
=============================
====== JS ERROR CAUGHT ======
Unhandled Promise: TypeError: Failed to fetch
=============================
====== JS ERROR CAUGHT ======
Unhandled Promise: TypeError: Failed to fetch
=============================
====== JS ERROR CAUGHT ======
Unhandled Promise: TypeError: Failed to fetch
=============================
====== JS ERROR CAUGHT ======
Unhandled Promise: TypeError: Failed to fetch
=============================
====== JS ERROR CAUGHT ======
Unhandled Promise: TypeError: Failed to fetch
=============================
====== JS ERROR CAUGHT ======
Unhandled Promise: TypeError: Failed to fetch
=============================
====== JS ERROR CAUGHT ======
Unhandled Promise: TypeError: Failed to fetch
=============================
====== JS ERROR CAUGHT ======
Unhandled Promise: TypeError: Failed to fetch
=============================
====== JS ERROR CAUGHT ======
Unhandled Promise: TypeError: Failed to fetch
=============================
====== JS ERROR CAUGHT ======
Unhandled Promise: TypeError: Failed to fetch
=============================
====== JS ERROR CAUGHT ======
Unhandled Promise: TypeError: Failed to fetch
=============================
====== JS ERROR CAUGHT ======
Unhandled Promise: TypeError: Failed to fetch
=============================
====== JS ERROR CAUGHT ======
Unhandled Promise: TypeError: Failed to fetch
=============================
====== JS ERROR CAUGHT ======
Unhandled Promise: TypeError: Failed to fetch
=============================
====== JS ERROR CAUGHT ======
Unhandled Promise: TypeError: Failed to fetch
=============================
====== JS ERROR CAUGHT ======
Unhandled Promise: TypeError: Failed to fetch
=============================
====== JS ERROR CAUGHT ======
Unhandled Promise: TypeError: Failed to fetch
=============================
====== JS ERROR CAUGHT ======
Unhandled Promise: TypeError: Failed to fetch
=============================
====== JS ERROR CAUGHT ======
Unhandled Promise: TypeError: Failed to fetch
=============================
====== JS ERROR CAUGHT ======
Unhandled Promise: TypeError: Failed to fetch
=============================
====== JS ERROR CAUGHT ======
Unhandled Promise: TypeError: Failed to fetch
=============================
====== JS ERROR CAUGHT ======
Unhandled Promise: TypeError: Failed to fetch
=============================
====== JS ERROR CAUGHT ======
Unhandled Promise: TypeError: Failed to fetch
=============================
====== JS ERROR CAUGHT ======
Unhandled Promise: TypeError: Failed to fetch
=============================
====== JS ERROR CAUGHT ======
Unhandled Promise: TypeError: Failed to fetch
=============================
====== JS ERROR CAUGHT ======
Unhandled Promise: TypeError: Failed to fetch
=============================
====== JS ERROR CAUGHT ======
Unhandled Promise: TypeError: Failed to fetch
=============================
====== JS ERROR CAUGHT ======
Unhandled Promise: TypeError: Failed to fetch
=============================
====== JS ERROR CAUGHT ======
Unhandled Promise: TypeError: Failed to fetch
=============================
====== JS ERROR CAUGHT ======
Unhandled Promise: TypeError: Failed to fetch
=============================
====== JS ERROR CAUGHT ======
Unhandled Promise: TypeError: Failed to fetch
=============================
====== JS ERROR CAUGHT ======
Unhandled Promise: TypeError: Failed to fetch
=============================
====== JS ERROR CAUGHT ======
Unhandled Promise: TypeError: Failed to fetch
=============================
====== JS ERROR CAUGHT ======
Unhandled Promise: TypeError: Failed to fetch
=============================
====== JS ERROR CAUGHT ======
Unhandled Promise: TypeError: Failed to fetch
=============================
====== JS ERROR CAUGHT ======
Unhandled Promise: TypeError: Failed to fetch
=============================
====== JS ERROR CAUGHT ======
Unhandled Promise: TypeError: Failed to fetch
=============================
====== JS ERROR CAUGHT ======
Unhandled Promise: TypeError: Failed to fetch
=============================
====== JS ERROR CAUGHT ======
Unhandled Promise: TypeError: Failed to fetch
=============================
====== JS ERROR CAUGHT ======
Unhandled Promise: TypeError: Failed to fetch
=============================
====== JS ERROR CAUGHT ======
Unhandled Promise: TypeError: Failed to fetch
=============================
====== JS ERROR CAUGHT ======
Unhandled Promise: TypeError: Failed to fetch
=============================
====== JS ERROR CAUGHT ======
Unhandled Promise: TypeError: Failed to fetch
=============================
====== JS ERROR CAUGHT ======
Unhandled Promise: TypeError: Failed to fetch
=============================
====== JS ERROR CAUGHT ======
Unhandled Promise: TypeError: Failed to fetch
=============================
====== JS ERROR CAUGHT ======
Unhandled Promise: TypeError: Failed to fetch
=============================
====== JS ERROR CAUGHT ======
Unhandled Promise: TypeError: Failed to fetch
=============================
====== JS ERROR CAUGHT ======
Unhandled Promise: TypeError: Failed to fetch
=============================
====== JS ERROR CAUGHT ======
Unhandled Promise: TypeError: Failed to fetch
=============================
====== JS ERROR CAUGHT ======
Unhandled Promise: TypeError: Failed to fetch
=============================
====== JS ERROR CAUGHT ======
Unhandled Promise: TypeError: Failed to fetch
=============================
====== JS ERROR CAUGHT ======
Unhandled Promise: TypeError: Failed to fetch
=============================
====== JS ERROR CAUGHT ======
Unhandled Promise: TypeError: Failed to fetch
=============================
====== JS ERROR CAUGHT ======
Unhandled Promise: TypeError: Failed to fetch
=============================
====== JS ERROR CAUGHT ======
Unhandled Promise: TypeError: Failed to fetch
=============================
====== JS ERROR CAUGHT ======
Unhandled Promise: TypeError: Failed to fetch
=============================
====== JS ERROR CAUGHT ======
Unhandled Promise: TypeError: Failed to fetch
=============================
====== JS ERROR CAUGHT ======
Unhandled Promise: TypeError: Failed to fetch
=============================
====== JS ERROR CAUGHT ======
Unhandled Promise: TypeError: Failed to fetch
=============================
====== JS ERROR CAUGHT ======
Unhandled Promise: TypeError: Failed to fetch
=============================
====== JS ERROR CAUGHT ======
Unhandled Promise: TypeError: Failed to fetch
=============================
====== JS ERROR CAUGHT ======
Unhandled Promise: TypeError: Failed to fetch
=============================
====== JS ERROR CAUGHT ======
Unhandled Promise: TypeError: Failed to fetch
=============================
====== JS ERROR CAUGHT ======
Unhandled Promise: TypeError: Failed to fetch
=============================
====== JS ERROR CAUGHT ======
Unhandled Promise: TypeError: Failed to fetch
=============================
====== JS ERROR CAUGHT ======
Unhandled Promise: TypeError: Failed to fetch
=============================
====== JS ERROR CAUGHT ======
Unhandled Promise: TypeError: Failed to fetch
=============================
====== JS ERROR CAUGHT ======
Unhandled Promise: TypeError: Failed to fetch
=============================
====== JS ERROR CAUGHT ======
Unhandled Promise: TypeError: Failed to fetch
=============================
====== JS ERROR CAUGHT ======
Unhandled Promise: TypeError: Failed to fetch
=============================
====== JS ERROR CAUGHT ======
Unhandled Promise: TypeError: Failed to fetch
=============================
====== JS ERROR CAUGHT ======
Unhandled Promise: TypeError: Failed to fetch
=============================
====== JS ERROR CAUGHT ======
Unhandled Promise: TypeError: Failed to fetch
=============================
====== JS ERROR CAUGHT ======
Unhandled Promise: TypeError: Failed to fetch
=============================
====== JS ERROR CAUGHT ======
Unhandled Promise: TypeError: Failed to fetch
=============================
====== JS ERROR CAUGHT ======
Unhandled Promise: TypeError: Failed to fetch
=============================
====== JS ERROR CAUGHT ======
Unhandled Promise: TypeError: Failed to fetch
=============================
====== JS ERROR CAUGHT ======
Unhandled Promise: TypeError: Failed to fetch
=============================
====== JS ERROR CAUGHT ======
Unhandled Promise: TypeError: Failed to fetch
=============================
====== JS ERROR CAUGHT ======
Unhandled Promise: TypeError: Failed to fetch
=============================
====== JS ERROR CAUGHT ======
Unhandled Promise: TypeError: Failed to fetch
=============================
====== JS ERROR CAUGHT ======
Unhandled Promise: TypeError: Failed to fetch
=============================
====== JS ERROR CAUGHT ======
Unhandled Promise: TypeError: Failed to fetch
=============================
====== JS ERROR CAUGHT ======
Unhandled Promise: TypeError: Failed to fetch
=============================
====== JS ERROR CAUGHT ======
Unhandled Promise: TypeError: Failed to fetch
=============================
====== JS ERROR CAUGHT ======
Unhandled Promise: TypeError: Failed to fetch
=============================
====== JS ERROR CAUGHT ======
Unhandled Promise: TypeError: Failed to fetch
=============================
====== JS ERROR CAUGHT ======
Unhandled Promise: TypeError: Failed to fetch
=============================
====== JS ERROR CAUGHT ======
Unhandled Promise: TypeError: Failed to fetch
=============================
====== JS ERROR CAUGHT ======
Unhandled Promise: TypeError: Failed to fetch
=============================
====== JS ERROR CAUGHT ======
Unhandled Promise: TypeError: Failed to fetch
=============================
====== JS ERROR CAUGHT ======
Unhandled Promise: TypeError: Failed to fetch
=============================
====== JS ERROR CAUGHT ======
Unhandled Promise: TypeError: Failed to fetch
=============================
====== JS ERROR CAUGHT ======
Unhandled Promise: TypeError: Failed to fetch
=============================
====== JS ERROR CAUGHT ======
Unhandled Promise: TypeError: Failed to fetch
=============================
====== JS ERROR CAUGHT ======
Unhandled Promise: TypeError: Failed to fetch
=============================
====== JS ERROR CAUGHT ======
Unhandled Promise: TypeError: Failed to fetch
=============================
====== JS ERROR CAUGHT ======
Unhandled Promise: TypeError: Failed to fetch
=============================
====== JS ERROR CAUGHT ======
Unhandled Promise: TypeError: Failed to fetch
=============================
====== JS ERROR CAUGHT ======
Unhandled Promise: TypeError: Failed to fetch
=============================
====== JS ERROR CAUGHT ======
Unhandled Promise: TypeError: Failed to fetch
=============================
====== JS ERROR CAUGHT ======
Unhandled Promise: TypeError: Failed to fetch
=============================
====== JS ERROR CAUGHT ======
Unhandled Promise: TypeError: Failed to fetch
=============================
====== JS ERROR CAUGHT ======
Unhandled Promise: TypeError: Failed to fetch
=============================
====== JS ERROR CAUGHT ======
Unhandled Promise: TypeError: Failed to fetch
=============================
====== JS ERROR CAUGHT ======
Unhandled Promise: TypeError: Failed to fetch
=============================
====== JS ERROR CAUGHT ======
Unhandled Promise: TypeError: Failed to fetch
=============================
====== JS ERROR CAUGHT ======
Unhandled Promise: TypeError: Failed to fetch
=============================
====== JS ERROR CAUGHT ======
Unhandled Promise: TypeError: Failed to fetch
=============================
====== JS ERROR CAUGHT ======
Unhandled Promise: TypeError: Failed to fetch
=============================
====== JS ERROR CAUGHT ======
Unhandled Promise: TypeError: Failed to fetch
=============================
====== JS ERROR CAUGHT ======
Unhandled Promise: TypeError: Failed to fetch
=============================
====== JS ERROR CAUGHT ======
Unhandled Promise: TypeError: Failed to fetch
=============================
====== JS ERROR CAUGHT ======
Unhandled Promise: TypeError: Failed to fetch
=============================
====== JS ERROR CAUGHT ======
Unhandled Promise: TypeError: Failed to fetch
=============================
====== JS ERROR CAUGHT ======
Unhandled Promise: TypeError: Failed to fetch
=============================
====== JS ERROR CAUGHT ======
Unhandled Promise: TypeError: Failed to fetch
=============================
====== JS ERROR CAUGHT ======
Unhandled Promise: TypeError: Failed to fetch
=============================
====== JS ERROR CAUGHT ======
Unhandled Promise: TypeError: Failed to fetch
=============================
====== JS ERROR CAUGHT ======
Unhandled Promise: TypeError: Failed to fetch
=============================
====== JS ERROR CAUGHT ======
Unhandled Promise: TypeError: Failed to fetch
=============================
====== JS ERROR CAUGHT ======
Unhandled Promise: TypeError: Failed to fetch
=============================
====== JS ERROR CAUGHT ======
Unhandled Promise: TypeError: Failed to fetch
=============================
====== JS ERROR CAUGHT ======
Unhandled Promise: TypeError: Failed to fetch
=============================
====== JS ERROR CAUGHT ======
Unhandled Promise: TypeError: Failed to fetch
=============================
====== JS ERROR CAUGHT ======
Unhandled Promise: TypeError: Failed to fetch
=============================
====== JS ERROR CAUGHT ======
Unhandled Promise: TypeError: Failed to fetch
=============================
====== JS ERROR CAUGHT ======
Unhandled Promise: TypeError: Failed to fetch
=============================
====== JS ERROR CAUGHT ======
Unhandled Promise: TypeError: Failed to fetch
=============================
====== JS ERROR CAUGHT ======
Unhandled Promise: TypeError: Failed to fetch
=============================
====== JS ERROR CAUGHT ======
Unhandled Promise: TypeError: Failed to fetch
=============================
====== JS ERROR CAUGHT ======
Unhandled Promise: TypeError: Failed to fetch
=============================
====== JS ERROR CAUGHT ======
Unhandled Promise: TypeError: Failed to fetch
=============================
====== JS ERROR CAUGHT ======
Unhandled Promise: TypeError: Failed to fetch
=============================
====== JS ERROR CAUGHT ======
Unhandled Promise: TypeError: Failed to fetch
=============================
====== JS ERROR CAUGHT ======
Unhandled Promise: TypeError: Failed to fetch
=============================
====== JS ERROR CAUGHT ======
Unhandled Promise: TypeError: Failed to fetch
=============================
====== JS ERROR CAUGHT ======
Unhandled Promise: TypeError: Failed to fetch
=============================
====== JS ERROR CAUGHT ======
Unhandled Promise: TypeError: Failed to fetch
=============================
====== JS ERROR CAUGHT ======
Unhandled Promise: TypeError: Failed to fetch
=============================
====== JS ERROR CAUGHT ======
Unhandled Promise: TypeError: Failed to fetch
=============================
====== JS ERROR CAUGHT ======
Unhandled Promise: TypeError: Failed to fetch
=============================
====== JS ERROR CAUGHT ======
Unhandled Promise: TypeError: Failed to fetch
=============================
====== JS ERROR CAUGHT ======
Unhandled Promise: TypeError: Failed to fetch
=============================
====== JS ERROR CAUGHT ======
Unhandled Promise: TypeError: Failed to fetch
=============================
====== JS ERROR CAUGHT ======
Unhandled Promise: TypeError: Failed to fetch
=============================
====== JS ERROR CAUGHT ======
Unhandled Promise: TypeError: Failed to fetch
=============================
====== JS ERROR CAUGHT ======
Unhandled Promise: TypeError: Failed to fetch
=============================
====== JS ERROR CAUGHT ======
Unhandled Promise: TypeError: Failed to fetch
=============================
====== JS ERROR CAUGHT ======
Unhandled Promise: TypeError: Failed to fetch
=============================
====== JS ERROR CAUGHT ======
Unhandled Promise: TypeError: Failed to fetch
=============================
====== JS ERROR CAUGHT ======
Unhandled Promise: TypeError: Failed to fetch
=============================
====== JS ERROR CAUGHT ======
Unhandled Promise: TypeError: Failed to fetch
=============================
====== JS ERROR CAUGHT ======
Unhandled Promise: TypeError: Failed to fetch
=============================
====== JS ERROR CAUGHT ======
Unhandled Promise: TypeError: Failed to fetch
=============================
====== JS ERROR CAUGHT ======
Unhandled Promise: TypeError: Failed to fetch
=============================
====== JS ERROR CAUGHT ======
Unhandled Promise: TypeError: Failed to fetch
=============================
====== JS ERROR CAUGHT ======
Unhandled Promise: TypeError: Failed to fetch
=============================
====== JS ERROR CAUGHT ======
Unhandled Promise: TypeError: Failed to fetch
=============================
====== JS ERROR CAUGHT ======
Unhandled Promise: TypeError: Failed to fetch
=============================
====== JS ERROR CAUGHT ======
Unhandled Promise: TypeError: Failed to fetch
=============================
====== JS ERROR CAUGHT ======
Unhandled Promise: TypeError: Failed to fetch
=============================
====== JS ERROR CAUGHT ======
Unhandled Promise: TypeError: Failed to fetch
=============================
====== JS ERROR CAUGHT ======
Unhandled Promise: TypeError: Failed to fetch
=============================
====== JS ERROR CAUGHT ======
Unhandled Promise: TypeError: Failed to fetch
=============================
====== JS ERROR CAUGHT ======
Unhandled Promise: TypeError: Failed to fetch
=============================
====== JS ERROR CAUGHT ======
Unhandled Promise: TypeError: Failed to fetch
=============================
====== JS ERROR CAUGHT ======
Unhandled Promise: TypeError: Failed to fetch
=============================
====== JS ERROR CAUGHT ======
Unhandled Promise: TypeError: Failed to fetch
=============================
====== JS ERROR CAUGHT ======
Unhandled Promise: TypeError: Failed to fetch
=============================
====== JS ERROR CAUGHT ======
Unhandled Promise: TypeError: Failed to fetch
=============================
====== JS ERROR CAUGHT ======
Unhandled Promise: TypeError: Failed to fetch
=============================
====== JS ERROR CAUGHT ======
Unhandled Promise: TypeError: Failed to fetch
=============================
====== JS ERROR CAUGHT ======
Unhandled Promise: TypeError: Failed to fetch
=============================
====== JS ERROR CAUGHT ======
Unhandled Promise: TypeError: Failed to fetch
=============================
====== JS ERROR CAUGHT ======
Unhandled Promise: TypeError: Failed to fetch
=============================
====== JS ERROR CAUGHT ======
Unhandled Promise: TypeError: Failed to fetch
=============================
====== JS ERROR CAUGHT ======
Unhandled Promise: TypeError: Failed to fetch
=============================
====== JS ERROR CAUGHT ======
Unhandled Promise: TypeError: Failed to fetch
=============================
====== JS ERROR CAUGHT ======
Unhandled Promise: TypeError: Failed to fetch
=============================
====== JS ERROR CAUGHT ======
Unhandled Promise: TypeError: Failed to fetch
=============================
====== JS ERROR CAUGHT ======
Unhandled Promise: TypeError: Failed to fetch
=============================
====== JS ERROR CAUGHT ======
Unhandled Promise: TypeError: Failed to fetch
=============================
====== JS ERROR CAUGHT ======
Unhandled Promise: TypeError: Failed to fetch
=============================
====== JS ERROR CAUGHT ======
Unhandled Promise: TypeError: Failed to fetch
=============================
====== JS ERROR CAUGHT ======
Unhandled Promise: TypeError: Failed to fetch
=============================
====== JS ERROR CAUGHT ======
Unhandled Promise: TypeError: Failed to fetch
=============================
====== JS ERROR CAUGHT ======
Unhandled Promise: TypeError: Failed to fetch
=============================
====== JS ERROR CAUGHT ======
Unhandled Promise: TypeError: Failed to fetch
=============================
====== JS ERROR CAUGHT ======
Unhandled Promise: TypeError: Failed to fetch
=============================
====== JS ERROR CAUGHT ======
Unhandled Promise: TypeError: Failed to fetch
=============================
====== JS ERROR CAUGHT ======
Unhandled Promise: TypeError: Failed to fetch
=============================
====== JS ERROR CAUGHT ======
Unhandled Promise: TypeError: Failed to fetch
=============================
====== JS ERROR CAUGHT ======
Unhandled Promise: TypeError: Failed to fetch
=============================
====== JS ERROR CAUGHT ======
Unhandled Promise: TypeError: Failed to fetch
=============================
====== JS ERROR CAUGHT ======
Unhandled Promise: TypeError: Failed to fetch
=============================
====== JS ERROR CAUGHT ======
Unhandled Promise: TypeError: Failed to fetch
=============================
====== JS ERROR CAUGHT ======
Unhandled Promise: TypeError: Failed to fetch
=============================
====== JS ERROR CAUGHT ======
Unhandled Promise: TypeError: Failed to fetch
=============================
====== JS ERROR CAUGHT ======
Unhandled Promise: TypeError: Failed to fetch
=============================
====== JS ERROR CAUGHT ======
Unhandled Promise: TypeError: Failed to fetch
=============================
====== JS ERROR CAUGHT ======
Unhandled Promise: TypeError: Failed to fetch
=============================
====== JS ERROR CAUGHT ======
Unhandled Promise: TypeError: Failed to fetch
=============================
====== JS ERROR CAUGHT ======
Unhandled Promise: TypeError: Failed to fetch
=============================
====== JS ERROR CAUGHT ======
Unhandled Promise: TypeError: Failed to fetch
=============================
====== JS ERROR CAUGHT ======
Unhandled Promise: TypeError: Failed to fetch
=============================
====== JS ERROR CAUGHT ======
Unhandled Promise: TypeError: Failed to fetch
=============================
====== JS ERROR CAUGHT ======
Unhandled Promise: TypeError: Failed to fetch
=============================
====== JS ERROR CAUGHT ======
Unhandled Promise: TypeError: Failed to fetch
=============================
====== JS ERROR CAUGHT ======
Unhandled Promise: TypeError: Failed to fetch
=============================
====== JS ERROR CAUGHT ======
Unhandled Promise: TypeError: Failed to fetch
=============================
====== JS ERROR CAUGHT ======
Unhandled Promise: TypeError: Failed to fetch
=============================
====== JS ERROR CAUGHT ======
Unhandled Promise: TypeError: Failed to fetch
=============================
====== JS ERROR CAUGHT ======
Unhandled Promise: TypeError: Failed to fetch
=============================
====== JS ERROR CAUGHT ======
Unhandled Promise: TypeError: Failed to fetch
=============================
====== JS ERROR CAUGHT ======
Unhandled Promise: TypeError: Failed to fetch
=============================
====== JS ERROR CAUGHT ======
Unhandled Promise: TypeError: Failed to fetch
=============================
====== JS ERROR CAUGHT ======
Unhandled Promise: TypeError: Failed to fetch
=============================
====== JS ERROR CAUGHT ======
Unhandled Promise: TypeError: Failed to fetch
=============================
====== JS ERROR CAUGHT ======
Unhandled Promise: TypeError: Failed to fetch
=============================
====== JS ERROR CAUGHT ======
Unhandled Promise: TypeError: Failed to fetch
=============================
====== JS ERROR CAUGHT ======
Unhandled Promise: TypeError: Failed to fetch
=============================
====== JS ERROR CAUGHT ======
Unhandled Promise: TypeError: Failed to fetch
=============================
====== JS ERROR CAUGHT ======
Unhandled Promise: TypeError: Failed to fetch
=============================
====== JS ERROR CAUGHT ======
Unhandled Promise: TypeError: Failed to fetch
=============================
====== JS ERROR CAUGHT ======
Unhandled Promise: TypeError: Failed to fetch
=============================
====== JS ERROR CAUGHT ======
Unhandled Promise: TypeError: Failed to fetch
=============================
====== JS ERROR CAUGHT ======
Unhandled Promise: TypeError: Failed to fetch
=============================
====== JS ERROR CAUGHT ======
Unhandled Promise: TypeError: Failed to fetch
=============================
====== JS ERROR CAUGHT ======
Unhandled Promise: TypeError: Failed to fetch
=============================
====== JS ERROR CAUGHT ======
Unhandled Promise: TypeError: Failed to fetch
=============================
====== JS ERROR CAUGHT ======
Unhandled Promise: TypeError: Failed to fetch
=============================
====== JS ERROR CAUGHT ======
Unhandled Promise: TypeError: Failed to fetch
=============================
====== JS ERROR CAUGHT ======
Unhandled Promise: TypeError: Failed to fetch
=============================
====== JS ERROR CAUGHT ======
Unhandled Promise: TypeError: Failed to fetch
=============================
====== JS ERROR CAUGHT ======
Unhandled Promise: TypeError: Failed to fetch
=============================
====== JS ERROR CAUGHT ======
Unhandled Promise: TypeError: Failed to fetch
=============================
====== JS ERROR CAUGHT ======
Unhandled Promise: TypeError: Failed to fetch
=============================
====== JS ERROR CAUGHT ======
Unhandled Promise: TypeError: Failed to fetch
=============================
====== JS ERROR CAUGHT ======
Unhandled Promise: TypeError: Failed to fetch
=============================
====== JS ERROR CAUGHT ======
Unhandled Promise: TypeError: Failed to fetch
=============================
====== JS ERROR CAUGHT ======
Unhandled Promise: TypeError: Failed to fetch
=============================
====== JS ERROR CAUGHT ======
Unhandled Promise: TypeError: Failed to fetch
=============================
====== JS ERROR CAUGHT ======
Unhandled Promise: TypeError: Failed to fetch
=============================
====== JS ERROR CAUGHT ======
Unhandled Promise: TypeError: Failed to fetch
=============================
====== JS ERROR CAUGHT ======
Unhandled Promise: TypeError: Failed to fetch
=============================
====== JS ERROR CAUGHT ======
Unhandled Promise: TypeError: Failed to fetch
=============================
====== JS ERROR CAUGHT ======
Unhandled Promise: TypeError: Failed to fetch
=============================
====== JS ERROR CAUGHT ======
Unhandled Promise: TypeError: Failed to fetch
=============================
====== JS ERROR CAUGHT ======
Unhandled Promise: TypeError: Failed to fetch
=============================
====== JS ERROR CAUGHT ======
Unhandled Promise: TypeError: Failed to fetch
=============================
====== JS ERROR CAUGHT ======
Unhandled Promise: TypeError: Failed to fetch
=============================
====== JS ERROR CAUGHT ======
Unhandled Promise: TypeError: Failed to fetch
=============================
====== JS ERROR CAUGHT ======
Unhandled Promise: TypeError: Failed to fetch
=============================
====== JS ERROR CAUGHT ======
Unhandled Promise: TypeError: Failed to fetch
=============================
====== JS ERROR CAUGHT ======
Unhandled Promise: TypeError: Failed to fetch
=============================
====== JS ERROR CAUGHT ======
Unhandled Promise: TypeError: Failed to fetch
=============================
====== JS ERROR CAUGHT ======
Unhandled Promise: TypeError: Failed to fetch
=============================
====== JS ERROR CAUGHT ======
Unhandled Promise: TypeError: Failed to fetch
=============================
====== JS ERROR CAUGHT ======
Unhandled Promise: TypeError: Failed to fetch
=============================
====== JS ERROR CAUGHT ======
Unhandled Promise: TypeError: Failed to fetch
=============================
====== JS ERROR CAUGHT ======
Unhandled Promise: TypeError: Failed to fetch
=============================
====== JS ERROR CAUGHT ======
Unhandled Promise: TypeError: Failed to fetch
=============================
====== JS ERROR CAUGHT ======
Unhandled Promise: TypeError: Failed to fetch
=============================
====== JS ERROR CAUGHT ======
Unhandled Promise: TypeError: Failed to fetch
=============================
====== JS ERROR CAUGHT ======
Unhandled Promise: TypeError: Failed to fetch
=============================
====== JS ERROR CAUGHT ======
Unhandled Promise: TypeError: Failed to fetch
=============================
====== JS ERROR CAUGHT ======
Unhandled Promise: TypeError: Failed to fetch
=============================
====== JS ERROR CAUGHT ======
Unhandled Promise: TypeError: Failed to fetch
=============================
====== JS ERROR CAUGHT ======
Unhandled Promise: TypeError: Failed to fetch
=============================
====== JS ERROR CAUGHT ======
Unhandled Promise: TypeError: Failed to fetch
=============================
====== JS ERROR CAUGHT ======
Unhandled Promise: TypeError: Failed to fetch
=============================
====== JS ERROR CAUGHT ======
Unhandled Promise: TypeError: Failed to fetch
=============================
====== JS ERROR CAUGHT ======
Unhandled Promise: TypeError: Failed to fetch
=============================
====== JS ERROR CAUGHT ======
Unhandled Promise: TypeError: Failed to fetch
=============================
====== JS ERROR CAUGHT ======
Unhandled Promise: TypeError: Failed to fetch
=============================
====== JS ERROR CAUGHT ======
Unhandled Promise: TypeError: Failed to fetch
=============================
====== JS ERROR CAUGHT ======
Unhandled Promise: TypeError: Failed to fetch
=============================
====== JS ERROR CAUGHT ======
Unhandled Promise: TypeError: Failed to fetch
=============================
====== JS ERROR CAUGHT ======
Unhandled Promise: TypeError: Failed to fetch
=============================
====== JS ERROR CAUGHT ======
Unhandled Promise: TypeError: Failed to fetch
=============================
====== JS ERROR CAUGHT ======
Unhandled Promise: TypeError: Failed to fetch
=============================
====== JS ERROR CAUGHT ======
Unhandled Promise: TypeError: Failed to fetch
=============================
====== JS ERROR CAUGHT ======
Unhandled Promise: TypeError: Failed to fetch
=============================
====== JS ERROR CAUGHT ======
Unhandled Promise: TypeError: Failed to fetch
=============================
====== JS ERROR CAUGHT ======
Unhandled Promise: TypeError: Failed to fetch
=============================
====== JS ERROR CAUGHT ======
Unhandled Promise: TypeError: Failed to fetch
=============================
====== JS ERROR CAUGHT ======
Unhandled Promise: TypeError: Failed to fetch
=============================
====== JS ERROR CAUGHT ======
Unhandled Promise: TypeError: Failed to fetch
=============================
====== JS ERROR CAUGHT ======
Unhandled Promise: TypeError: Failed to fetch
=============================
====== JS ERROR CAUGHT ======
Unhandled Promise: TypeError: Failed to fetch
=============================
====== JS ERROR CAUGHT ======
Unhandled Promise: TypeError: Failed to fetch
=============================
====== JS ERROR CAUGHT ======
Unhandled Promise: TypeError: Failed to fetch
=============================
====== JS ERROR CAUGHT ======
Unhandled Promise: TypeError: Failed to fetch
=============================
====== JS ERROR CAUGHT ======
Unhandled Promise: TypeError: Failed to fetch
=============================
====== JS ERROR CAUGHT ======
Unhandled Promise: TypeError: Failed to fetch
=============================
====== JS ERROR CAUGHT ======
Unhandled Promise: TypeError: Failed to fetch
=============================
====== JS ERROR CAUGHT ======
Unhandled Promise: TypeError: Failed to fetch
=============================
====== JS ERROR CAUGHT ======
Unhandled Promise: TypeError: Failed to fetch
=============================
====== JS ERROR CAUGHT ======
Unhandled Promise: TypeError: Failed to fetch
=============================
====== JS ERROR CAUGHT ======
Unhandled Promise: TypeError: Failed to fetch
=============================
====== JS ERROR CAUGHT ======
Unhandled Promise: TypeError: Failed to fetch
=============================
====== JS ERROR CAUGHT ======
Unhandled Promise: TypeError: Failed to fetch
=============================
====== JS ERROR CAUGHT ======
Unhandled Promise: TypeError: Failed to fetch
=============================
====== JS ERROR CAUGHT ======
Unhandled Promise: TypeError: Failed to fetch
=============================
====== JS ERROR CAUGHT ======
Unhandled Promise: TypeError: Failed to fetch
=============================
====== JS ERROR CAUGHT ======
Unhandled Promise: TypeError: Failed to fetch
=============================
====== JS ERROR CAUGHT ======
Unhandled Promise: TypeError: Failed to fetch
=============================
====== JS ERROR CAUGHT ======
Unhandled Promise: TypeError: Failed to fetch
=============================
====== JS ERROR CAUGHT ======
Unhandled Promise: TypeError: Failed to fetch
=============================
====== JS ERROR CAUGHT ======
Unhandled Promise: TypeError: Failed to fetch
=============================
====== JS ERROR CAUGHT ======
Unhandled Promise: TypeError: Failed to fetch
=============================
====== JS ERROR CAUGHT ======
Unhandled Promise: TypeError: Failed to fetch
=============================
====== JS ERROR CAUGHT ======
Unhandled Promise: TypeError: Failed to fetch
=============================
====== JS ERROR CAUGHT ======
Unhandled Promise: TypeError: Failed to fetch
=============================
====== JS ERROR CAUGHT ======
Unhandled Promise: TypeError: Failed to fetch
=============================
====== JS ERROR CAUGHT ======
Unhandled Promise: TypeError: Failed to fetch
=============================
====== JS ERROR CAUGHT ======
Unhandled Promise: TypeError: Failed to fetch
=============================
====== JS ERROR CAUGHT ======
Unhandled Promise: TypeError: Failed to fetch
=============================
====== JS ERROR CAUGHT ======
Unhandled Promise: TypeError: Failed to fetch
=============================
====== JS ERROR CAUGHT ======
Unhandled Promise: TypeError: Failed to fetch
=============================
====== JS ERROR CAUGHT ======
Unhandled Promise: TypeError: Failed to fetch
=============================
====== JS ERROR CAUGHT ======
Unhandled Promise: TypeError: Failed to fetch
=============================
====== JS ERROR CAUGHT ======
Unhandled Promise: TypeError: Failed to fetch
=============================
====== JS ERROR CAUGHT ======
Unhandled Promise: TypeError: Failed to fetch
=============================
====== JS ERROR CAUGHT ======
Unhandled Promise: TypeError: Failed to fetch
=============================
====== JS ERROR CAUGHT ======
Unhandled Promise: TypeError: Failed to fetch
=============================
====== JS ERROR CAUGHT ======
Unhandled Promise: TypeError: Failed to fetch
=============================
====== JS ERROR CAUGHT ======
Unhandled Promise: TypeError: Failed to fetch
=============================
====== JS ERROR CAUGHT ======
Unhandled Promise: TypeError: Failed to fetch
=============================
====== JS ERROR CAUGHT ======
Unhandled Promise: TypeError: Failed to fetch
=============================
====== JS ERROR CAUGHT ======
Unhandled Promise: TypeError: Failed to fetch
=============================
====== JS ERROR CAUGHT ======
Unhandled Promise: TypeError: Failed to fetch
=============================
====== JS ERROR CAUGHT ======
Unhandled Promise: TypeError: Failed to fetch
=============================
====== JS ERROR CAUGHT ======
Unhandled Promise: TypeError: Failed to fetch
=============================
====== JS ERROR CAUGHT ======
Unhandled Promise: TypeError: Failed to fetch
=============================
====== JS ERROR CAUGHT ======
Unhandled Promise: TypeError: Failed to fetch
=============================
====== JS ERROR CAUGHT ======
Unhandled Promise: TypeError: Failed to fetch
=============================
====== JS ERROR CAUGHT ======
Unhandled Promise: TypeError: Failed to fetch
=============================
====== JS ERROR CAUGHT ======
Unhandled Promise: TypeError: Failed to fetch
=============================
====== JS ERROR CAUGHT ======
Unhandled Promise: TypeError: Failed to fetch
=============================
====== JS ERROR CAUGHT ======
Unhandled Promise: TypeError: Failed to fetch
=============================
====== JS ERROR CAUGHT ======
Unhandled Promise: TypeError: Failed to fetch
=============================
====== JS ERROR CAUGHT ======
Unhandled Promise: TypeError: Failed to fetch
=============================
====== JS ERROR CAUGHT ======
Unhandled Promise: TypeError: Failed to fetch
=============================
====== JS ERROR CAUGHT ======
Unhandled Promise: TypeError: Failed to fetch
=============================
====== JS ERROR CAUGHT ======
Unhandled Promise: TypeError: Failed to fetch
=============================
====== JS ERROR CAUGHT ======
Unhandled Promise: TypeError: Failed to fetch
=============================
====== JS ERROR CAUGHT ======
Unhandled Promise: TypeError: Failed to fetch
=============================
====== JS ERROR CAUGHT ======
Unhandled Promise: TypeError: Failed to fetch
=============================
====== JS ERROR CAUGHT ======
Unhandled Promise: TypeError: Failed to fetch
=============================
====== JS ERROR CAUGHT ======
Unhandled Promise: TypeError: Failed to fetch
=============================
====== JS ERROR CAUGHT ======
Unhandled Promise: TypeError: Failed to fetch
=============================
====== JS ERROR CAUGHT ======
Unhandled Promise: TypeError: Failed to fetch
=============================
====== JS ERROR CAUGHT ======
Unhandled Promise: TypeError: Failed to fetch
=============================
====== JS ERROR CAUGHT ======
Unhandled Promise: TypeError: Failed to fetch
=============================
====== JS ERROR CAUGHT ======
Unhandled Promise: TypeError: Failed to fetch
=============================
====== JS ERROR CAUGHT ======
Unhandled Promise: TypeError: Failed to fetch
=============================
====== JS ERROR CAUGHT ======
Unhandled Promise: TypeError: Failed to fetch
=============================
====== JS ERROR CAUGHT ======
Unhandled Promise: TypeError: Failed to fetch
=============================
====== JS ERROR CAUGHT ======
Unhandled Promise: TypeError: Failed to fetch
=============================
====== JS ERROR CAUGHT ======
Unhandled Promise: TypeError: Failed to fetch
=============================
====== JS ERROR CAUGHT ======
Unhandled Promise: TypeError: Failed to fetch
=============================
====== JS ERROR CAUGHT ======
Unhandled Promise: TypeError: Failed to fetch
=============================
====== JS ERROR CAUGHT ======
Unhandled Promise: TypeError: Failed to fetch
=============================
====== JS ERROR CAUGHT ======
Unhandled Promise: TypeError: Failed to fetch
=============================
====== JS ERROR CAUGHT ======
Unhandled Promise: TypeError: Failed to fetch
=============================
====== JS ERROR CAUGHT ======
Unhandled Promise: TypeError: Failed to fetch
=============================
====== JS ERROR CAUGHT ======
Unhandled Promise: TypeError: Failed to fetch
=============================
====== JS ERROR CAUGHT ======
Unhandled Promise: TypeError: Failed to fetch
=============================
====== JS ERROR CAUGHT ======
Unhandled Promise: TypeError: Failed to fetch
=============================
====== JS ERROR CAUGHT ======
Unhandled Promise: TypeError: Failed to fetch
=============================
====== JS ERROR CAUGHT ======
Unhandled Promise: TypeError: Failed to fetch
=============================
====== JS ERROR CAUGHT ======
Unhandled Promise: TypeError: Failed to fetch
=============================
====== JS ERROR CAUGHT ======
Unhandled Promise: TypeError: Failed to fetch
=============================
====== JS ERROR CAUGHT ======
Unhandled Promise: TypeError: Failed to fetch
=============================
====== JS ERROR CAUGHT ======
Unhandled Promise: TypeError: Failed to fetch
=============================
====== JS ERROR CAUGHT ======
Unhandled Promise: TypeError: Failed to fetch
=============================
====== JS ERROR CAUGHT ======
Unhandled Promise: TypeError: Failed to fetch
=============================
====== JS ERROR CAUGHT ======
Unhandled Promise: TypeError: Failed to fetch
=============================
====== JS ERROR CAUGHT ======
Unhandled Promise: TypeError: Failed to fetch
=============================
====== JS ERROR CAUGHT ======
Unhandled Promise: TypeError: Failed to fetch
=============================
====== JS ERROR CAUGHT ======
Unhandled Promise: TypeError: Failed to fetch
=============================
====== JS ERROR CAUGHT ======
Unhandled Promise: TypeError: Failed to fetch
=============================
====== JS ERROR CAUGHT ======
Unhandled Promise: TypeError: Failed to fetch
=============================
====== JS ERROR CAUGHT ======
Unhandled Promise: TypeError: Failed to fetch
=============================
====== JS ERROR CAUGHT ======
Unhandled Promise: TypeError: Failed to fetch
=============================
====== JS ERROR CAUGHT ======
Unhandled Promise: TypeError: Failed to fetch
=============================
====== JS ERROR CAUGHT ======
Unhandled Promise: TypeError: Failed to fetch
=============================
====== JS ERROR CAUGHT ======
Unhandled Promise: TypeError: Failed to fetch
=============================
====== JS ERROR CAUGHT ======
Unhandled Promise: TypeError: Failed to fetch
=============================
====== JS ERROR CAUGHT ======
Unhandled Promise: TypeError: Failed to fetch
=============================
====== JS ERROR CAUGHT ======
Unhandled Promise: TypeError: Failed to fetch
=============================
====== JS ERROR CAUGHT ======
Unhandled Promise: TypeError: Failed to fetch
=============================
====== JS ERROR CAUGHT ======
Unhandled Promise: TypeError: Failed to fetch
=============================
====== JS ERROR CAUGHT ======
Unhandled Promise: TypeError: Failed to fetch
=============================
====== JS ERROR CAUGHT ======
Unhandled Promise: TypeError: Failed to fetch
=============================
====== JS ERROR CAUGHT ======
Unhandled Promise: TypeError: Failed to fetch
=============================
====== JS ERROR CAUGHT ======
Unhandled Promise: TypeError: Failed to fetch
=============================
====== JS ERROR CAUGHT ======
Unhandled Promise: TypeError: Failed to fetch
=============================
====== JS ERROR CAUGHT ======
Unhandled Promise: TypeError: Failed to fetch
=============================
====== JS ERROR CAUGHT ======
Unhandled Promise: TypeError: Failed to fetch
=============================
====== JS ERROR CAUGHT ======
Unhandled Promise: TypeError: Failed to fetch
=============================
====== JS ERROR CAUGHT ======
Unhandled Promise: TypeError: Failed to fetch
=============================
====== JS ERROR CAUGHT ======
Unhandled Promise: TypeError: Failed to fetch
=============================
====== JS ERROR CAUGHT ======
Unhandled Promise: TypeError: Failed to fetch
=============================
====== JS ERROR CAUGHT ======
Unhandled Promise: TypeError: Failed to fetch
=============================
====== JS ERROR CAUGHT ======
Unhandled Promise: TypeError: Failed to fetch
=============================
====== JS ERROR CAUGHT ======
Unhandled Promise: TypeError: Failed to fetch
=============================
====== JS ERROR CAUGHT ======
Unhandled Promise: TypeError: Failed to fetch
=============================
====== JS ERROR CAUGHT ======
Unhandled Promise: TypeError: Failed to fetch
=============================
====== JS ERROR CAUGHT ======
Unhandled Promise: TypeError: Failed to fetch
=============================
====== JS ERROR CAUGHT ======
Unhandled Promise: TypeError: Failed to fetch
=============================
====== JS ERROR CAUGHT ======
Unhandled Promise: TypeError: Failed to fetch
=============================
====== JS ERROR CAUGHT ======
Unhandled Promise: TypeError: Failed to fetch
=============================
====== JS ERROR CAUGHT ======
Unhandled Promise: TypeError: Failed to fetch
=============================
====== JS ERROR CAUGHT ======
Unhandled Promise: TypeError: Failed to fetch
=============================
====== JS ERROR CAUGHT ======
Unhandled Promise: TypeError: Failed to fetch
=============================
====== JS ERROR CAUGHT ======
Unhandled Promise: TypeError: Failed to fetch
=============================
====== JS ERROR CAUGHT ======
Unhandled Promise: TypeError: Failed to fetch
=============================
====== JS ERROR CAUGHT ======
Unhandled Promise: TypeError: Failed to fetch
=============================
====== JS ERROR CAUGHT ======
Unhandled Promise: TypeError: Failed to fetch
=============================
====== JS ERROR CAUGHT ======
Unhandled Promise: TypeError: Failed to fetch
=============================
====== JS ERROR CAUGHT ======
Unhandled Promise: TypeError: Failed to fetch
=============================
====== JS ERROR CAUGHT ======
Unhandled Promise: TypeError: Failed to fetch
=============================
====== JS ERROR CAUGHT ======
Unhandled Promise: TypeError: Failed to fetch
=============================
====== JS ERROR CAUGHT ======
Unhandled Promise: TypeError: Failed to fetch
=============================
====== JS ERROR CAUGHT ======
Unhandled Promise: TypeError: Failed to fetch
=============================
====== JS ERROR CAUGHT ======
Unhandled Promise: TypeError: Failed to fetch
=============================
====== JS ERROR CAUGHT ======
Unhandled Promise: TypeError: Failed to fetch
=============================
====== JS ERROR CAUGHT ======
Unhandled Promise: TypeError: Failed to fetch
=============================
====== JS ERROR CAUGHT ======
Unhandled Promise: TypeError: Failed to fetch
=============================
====== JS ERROR CAUGHT ======
Unhandled Promise: TypeError: Failed to fetch
=============================
====== JS ERROR CAUGHT ======
Unhandled Promise: TypeError: Failed to fetch
=============================
====== JS ERROR CAUGHT ======
Unhandled Promise: TypeError: Failed to fetch
=============================
====== JS ERROR CAUGHT ======
Unhandled Promise: TypeError: Failed to fetch
=============================
====== JS ERROR CAUGHT ======
Unhandled Promise: TypeError: Failed to fetch
=============================
====== JS ERROR CAUGHT ======
Unhandled Promise: TypeError: Failed to fetch
=============================
====== JS ERROR CAUGHT ======
Unhandled Promise: TypeError: Failed to fetch
=============================
====== JS ERROR CAUGHT ======
Unhandled Promise: TypeError: Failed to fetch
=============================
====== JS ERROR CAUGHT ======
Unhandled Promise: TypeError: Failed to fetch
=============================
====== JS ERROR CAUGHT ======
Unhandled Promise: TypeError: Failed to fetch
=============================
====== JS ERROR CAUGHT ======
Unhandled Promise: TypeError: Failed to fetch
=============================
====== JS ERROR CAUGHT ======
Unhandled Promise: TypeError: Failed to fetch
=============================
====== JS ERROR CAUGHT ======
Unhandled Promise: TypeError: Failed to fetch
=============================
====== JS ERROR CAUGHT ======
Unhandled Promise: TypeError: Failed to fetch
=============================
====== JS ERROR CAUGHT ======
Unhandled Promise: TypeError: Failed to fetch
=============================
====== JS ERROR CAUGHT ======
Unhandled Promise: TypeError: Failed to fetch
=============================
====== JS ERROR CAUGHT ======
Unhandled Promise: TypeError: Failed to fetch
=============================
====== JS ERROR CAUGHT ======
Unhandled Promise: TypeError: Failed to fetch
=============================
====== JS ERROR CAUGHT ======
Unhandled Promise: TypeError: Failed to fetch
=============================
====== JS ERROR CAUGHT ======
Unhandled Promise: TypeError: Failed to fetch
=============================
====== JS ERROR CAUGHT ======
Unhandled Promise: TypeError: Failed to fetch
=============================
====== JS ERROR CAUGHT ======
Unhandled Promise: TypeError: Failed to fetch
=============================
====== JS ERROR CAUGHT ======
Unhandled Promise: TypeError: Failed to fetch
=============================
====== JS ERROR CAUGHT ======
Unhandled Promise: TypeError: Failed to fetch
=============================
====== JS ERROR CAUGHT ======
Unhandled Promise: TypeError: Failed to fetch
=============================
====== JS ERROR CAUGHT ======
Unhandled Promise: TypeError: Failed to fetch
=============================
====== JS ERROR CAUGHT ======
Unhandled Promise: TypeError: Failed to fetch
=============================
====== JS ERROR CAUGHT ======
Unhandled Promise: TypeError: Failed to fetch
=============================
====== JS ERROR CAUGHT ======
Unhandled Promise: TypeError: Failed to fetch
=============================
====== JS ERROR CAUGHT ======
Unhandled Promise: TypeError: Failed to fetch
=============================
====== JS ERROR CAUGHT ======
Unhandled Promise: TypeError: Failed to fetch
=============================
====== JS ERROR CAUGHT ======
Unhandled Promise: TypeError: Failed to fetch
=============================
====== JS ERROR CAUGHT ======
Unhandled Promise: TypeError: Failed to fetch
=============================
====== JS ERROR CAUGHT ======
Unhandled Promise: TypeError: Failed to fetch
=============================
====== JS ERROR CAUGHT ======
Unhandled Promise: TypeError: Failed to fetch
=============================
====== JS ERROR CAUGHT ======
Unhandled Promise: TypeError: Failed to fetch
=============================
====== JS ERROR CAUGHT ======
Unhandled Promise: TypeError: Failed to fetch
=============================
====== JS ERROR CAUGHT ======
Unhandled Promise: TypeError: Failed to fetch
=============================
====== JS ERROR CAUGHT ======
Unhandled Promise: TypeError: Failed to fetch
=============================
====== JS ERROR CAUGHT ======
Unhandled Promise: TypeError: Failed to fetch
=============================
====== JS ERROR CAUGHT ======
Unhandled Promise: TypeError: Failed to fetch
=============================
====== JS ERROR CAUGHT ======
Unhandled Promise: TypeError: Failed to fetch
=============================
====== JS ERROR CAUGHT ======
Unhandled Promise: TypeError: Failed to fetch
=============================
====== JS ERROR CAUGHT ======
Unhandled Promise: TypeError: Failed to fetch
=============================
====== JS ERROR CAUGHT ======
Unhandled Promise: TypeError: Failed to fetch
=============================
====== JS ERROR CAUGHT ======
Unhandled Promise: TypeError: Failed to fetch
=============================
====== JS ERROR CAUGHT ======
Unhandled Promise: TypeError: Failed to fetch
=============================
====== JS ERROR CAUGHT ======
Unhandled Promise: TypeError: Failed to fetch
=============================
====== JS ERROR CAUGHT ======
Unhandled Promise: TypeError: Failed to fetch
=============================
====== JS ERROR CAUGHT ======
Unhandled Promise: TypeError: Failed to fetch
=============================
====== JS ERROR CAUGHT ======
Unhandled Promise: TypeError: Failed to fetch
=============================
====== JS ERROR CAUGHT ======
Unhandled Promise: TypeError: Failed to fetch
=============================
====== JS ERROR CAUGHT ======
Unhandled Promise: TypeError: Failed to fetch
=============================
====== JS ERROR CAUGHT ======
Unhandled Promise: TypeError: Failed to fetch
=============================
====== JS ERROR CAUGHT ======
Unhandled Promise: TypeError: Failed to fetch
=============================
====== JS ERROR CAUGHT ======
Unhandled Promise: TypeError: Failed to fetch
=============================
====== JS ERROR CAUGHT ======
Unhandled Promise: TypeError: Failed to fetch
=============================
====== JS ERROR CAUGHT ======
Unhandled Promise: TypeError: Failed to fetch
=============================
====== JS ERROR CAUGHT ======
Unhandled Promise: TypeError: Failed to fetch
=============================
====== JS ERROR CAUGHT ======
Unhandled Promise: TypeError: Failed to fetch
=============================
====== JS ERROR CAUGHT ======
Unhandled Promise: TypeError: Failed to fetch
=============================
====== JS ERROR CAUGHT ======
Unhandled Promise: TypeError: Failed to fetch
=============================
====== JS ERROR CAUGHT ======
Unhandled Promise: TypeError: Failed to fetch
=============================
====== JS ERROR CAUGHT ======
Unhandled Promise: TypeError: Failed to fetch
=============================
====== JS ERROR CAUGHT ======
Unhandled Promise: TypeError: Failed to fetch
=============================
====== JS ERROR CAUGHT ======
Unhandled Promise: TypeError: Failed to fetch
=============================
====== JS ERROR CAUGHT ======
Unhandled Promise: TypeError: Failed to fetch
=============================
====== JS ERROR CAUGHT ======
Unhandled Promise: TypeError: Failed to fetch
=============================
====== JS ERROR CAUGHT ======
Unhandled Promise: TypeError: Failed to fetch
=============================
====== JS ERROR CAUGHT ======
Unhandled Promise: TypeError: Failed to fetch
=============================
====== JS ERROR CAUGHT ======
Unhandled Promise: TypeError: Failed to fetch
=============================
====== JS ERROR CAUGHT ======
Unhandled Promise: TypeError: Failed to fetch
=============================
====== JS ERROR CAUGHT ======
Unhandled Promise: TypeError: Failed to fetch
=============================
====== JS ERROR CAUGHT ======
Unhandled Promise: TypeError: Failed to fetch
=============================
====== JS ERROR CAUGHT ======
Unhandled Promise: TypeError: Failed to fetch
=============================
====== JS ERROR CAUGHT ======
Unhandled Promise: TypeError: Failed to fetch
=============================
====== JS ERROR CAUGHT ======
Unhandled Promise: TypeError: Failed to fetch
=============================
====== JS ERROR CAUGHT ======
Unhandled Promise: TypeError: Failed to fetch
=============================
====== JS ERROR CAUGHT ======
Unhandled Promise: TypeError: Failed to fetch
=============================
====== JS ERROR CAUGHT ======
Unhandled Promise: TypeError: Failed to fetch
=============================
====== JS ERROR CAUGHT ======
Unhandled Promise: TypeError: Failed to fetch
=============================
====== JS ERROR CAUGHT ======
Unhandled Promise: TypeError: Failed to fetch
=============================
====== JS ERROR CAUGHT ======
Unhandled Promise: TypeError: Failed to fetch
=============================
====== JS ERROR CAUGHT ======
Unhandled Promise: TypeError: Failed to fetch
=============================
====== JS ERROR CAUGHT ======
Unhandled Promise: TypeError: Failed to fetch
=============================
====== JS ERROR CAUGHT ======
Unhandled Promise: TypeError: Failed to fetch
=============================
====== JS ERROR CAUGHT ======
Unhandled Promise: TypeError: Failed to fetch
=============================
====== JS ERROR CAUGHT ======
Unhandled Promise: TypeError: Failed to fetch
=============================
====== JS ERROR CAUGHT ======
Unhandled Promise: TypeError: Failed to fetch
=============================
====== JS ERROR CAUGHT ======
Unhandled Promise: TypeError: Failed to fetch
=============================
====== JS ERROR CAUGHT ======
Unhandled Promise: TypeError: Failed to fetch
=============================
====== JS ERROR CAUGHT ======
Unhandled Promise: TypeError: Failed to fetch
=============================
====== JS ERROR CAUGHT ======
Unhandled Promise: TypeError: Failed to fetch
=============================
====== JS ERROR CAUGHT ======
Unhandled Promise: TypeError: Failed to fetch
=============================
====== JS ERROR CAUGHT ======
Unhandled Promise: TypeError: Failed to fetch
=============================
====== JS ERROR CAUGHT ======
Unhandled Promise: TypeError: Failed to fetch
=============================
====== JS ERROR CAUGHT ======
Unhandled Promise: TypeError: Failed to fetch
=============================
====== JS ERROR CAUGHT ======
Unhandled Promise: TypeError: Failed to fetch
=============================
====== JS ERROR CAUGHT ======
Unhandled Promise: TypeError: Failed to fetch
=============================
====== JS ERROR CAUGHT ======
Unhandled Promise: TypeError: Failed to fetch
=============================
====== JS ERROR CAUGHT ======
Unhandled Promise: TypeError: Failed to fetch
=============================
====== JS ERROR CAUGHT ======
Unhandled Promise: TypeError: Failed to fetch
=============================
====== JS ERROR CAUGHT ======
Unhandled Promise: TypeError: Failed to fetch
=============================
====== JS ERROR CAUGHT ======
Unhandled Promise: TypeError: Failed to fetch
=============================
====== JS ERROR CAUGHT ======
Unhandled Promise: TypeError: Failed to fetch
=============================
====== JS ERROR CAUGHT ======
Unhandled Promise: TypeError: Failed to fetch
=============================
====== JS ERROR CAUGHT ======
Unhandled Promise: TypeError: Failed to fetch
=============================
====== JS ERROR CAUGHT ======
Unhandled Promise: TypeError: Failed to fetch
=============================
====== JS ERROR CAUGHT ======
Unhandled Promise: TypeError: Failed to fetch
=============================
====== JS ERROR CAUGHT ======
Unhandled Promise: TypeError: Failed to fetch
=============================
====== JS ERROR CAUGHT ======
Unhandled Promise: TypeError: Failed to fetch
=============================
====== JS ERROR CAUGHT ======
Unhandled Promise: TypeError: Failed to fetch
=============================
====== JS ERROR CAUGHT ======
Unhandled Promise: TypeError: Failed to fetch
=============================
====== JS ERROR CAUGHT ======
Unhandled Promise: TypeError: Failed to fetch
=============================
====== JS ERROR CAUGHT ======
Unhandled Promise: TypeError: Failed to fetch
=============================
====== JS ERROR CAUGHT ======
Unhandled Promise: TypeError: Failed to fetch
=============================
====== JS ERROR CAUGHT ======
Unhandled Promise: TypeError: Failed to fetch
=============================
====== JS ERROR CAUGHT ======
Unhandled Promise: TypeError: Failed to fetch
=============================
====== JS ERROR CAUGHT ======
Unhandled Promise: TypeError: Failed to fetch
=============================
====== JS ERROR CAUGHT ======
Unhandled Promise: TypeError: Failed to fetch
=============================
====== JS ERROR CAUGHT ======
Unhandled Promise: TypeError: Failed to fetch
=============================
====== JS ERROR CAUGHT ======
Unhandled Promise: TypeError: Failed to fetch
=============================
====== JS ERROR CAUGHT ======
Unhandled Promise: TypeError: Failed to fetch
=============================
====== JS ERROR CAUGHT ======
Unhandled Promise: TypeError: Failed to fetch
=============================
====== JS ERROR CAUGHT ======
Unhandled Promise: TypeError: Failed to fetch
=============================
====== JS ERROR CAUGHT ======
Unhandled Promise: TypeError: Failed to fetch
=============================
====== JS ERROR CAUGHT ======
Unhandled Promise: TypeError: Failed to fetch
=============================
====== JS ERROR CAUGHT ======
Unhandled Promise: TypeError: Failed to fetch
=============================
====== JS ERROR CAUGHT ======
Unhandled Promise: TypeError: Failed to fetch
=============================
====== JS ERROR CAUGHT ======
Unhandled Promise: TypeError: Failed to fetch
=============================
====== JS ERROR CAUGHT ======
Unhandled Promise: TypeError: Failed to fetch
=============================
====== JS ERROR CAUGHT ======
Unhandled Promise: TypeError: Failed to fetch
=============================
====== JS ERROR CAUGHT ======
Unhandled Promise: TypeError: Failed to fetch
=============================
====== JS ERROR CAUGHT ======
Unhandled Promise: TypeError: Failed to fetch
=============================
====== JS ERROR CAUGHT ======
Unhandled Promise: TypeError: Failed to fetch
=============================
====== JS ERROR CAUGHT ======
Unhandled Promise: TypeError: Failed to fetch
=============================
====== JS ERROR CAUGHT ======
Unhandled Promise: TypeError: Failed to fetch
=============================
====== JS ERROR CAUGHT ======
Unhandled Promise: TypeError: Failed to fetch
=============================
====== JS ERROR CAUGHT ======
Unhandled Promise: TypeError: Failed to fetch
=============================
====== JS ERROR CAUGHT ======
Unhandled Promise: TypeError: Failed to fetch
=============================
====== JS ERROR CAUGHT ======
Unhandled Promise: TypeError: Failed to fetch
=============================
====== JS ERROR CAUGHT ======
Unhandled Promise: TypeError: Failed to fetch
=============================
====== JS ERROR CAUGHT ======
Unhandled Promise: TypeError: Failed to fetch
=============================
====== JS ERROR CAUGHT ======
Unhandled Promise: TypeError: Failed to fetch
=============================
====== JS ERROR CAUGHT ======
Unhandled Promise: TypeError: Failed to fetch
=============================
====== JS ERROR CAUGHT ======
Unhandled Promise: TypeError: Failed to fetch
=============================
====== JS ERROR CAUGHT ======
Unhandled Promise: TypeError: Failed to fetch
=============================
====== JS ERROR CAUGHT ======
Unhandled Promise: TypeError: Failed to fetch
=============================
====== JS ERROR CAUGHT ======
Unhandled Promise: TypeError: Failed to fetch
=============================
====== JS ERROR CAUGHT ======
Unhandled Promise: TypeError: Failed to fetch
=============================
====== JS ERROR CAUGHT ======
Unhandled Promise: TypeError: Failed to fetch
=============================
====== JS ERROR CAUGHT ======
Unhandled Promise: TypeError: Failed to fetch
=============================
====== JS ERROR CAUGHT ======
Unhandled Promise: TypeError: Failed to fetch
=============================
====== JS ERROR CAUGHT ======
Unhandled Promise: TypeError: Failed to fetch
=============================
====== JS ERROR CAUGHT ======
Unhandled Promise: TypeError: Failed to fetch
=============================
====== JS ERROR CAUGHT ======
Unhandled Promise: TypeError: Failed to fetch
=============================
====== JS ERROR CAUGHT ======
Unhandled Promise: TypeError: Failed to fetch
=============================
====== JS ERROR CAUGHT ======
Unhandled Promise: TypeError: Failed to fetch
=============================
====== JS ERROR CAUGHT ======
Unhandled Promise: TypeError: Failed to fetch
=============================
====== JS ERROR CAUGHT ======
Unhandled Promise: TypeError: Failed to fetch
=============================
====== JS ERROR CAUGHT ======
Unhandled Promise: TypeError: Failed to fetch
=============================
====== JS ERROR CAUGHT ======
Unhandled Promise: TypeError: Failed to fetch
=============================
====== JS ERROR CAUGHT ======
Unhandled Promise: TypeError: Failed to fetch
=============================
====== JS ERROR CAUGHT ======
Unhandled Promise: TypeError: Failed to fetch
=============================
====== JS ERROR CAUGHT ======
Unhandled Promise: TypeError: Failed to fetch
=============================
====== JS ERROR CAUGHT ======
Unhandled Promise: TypeError: Failed to fetch
=============================
====== JS ERROR CAUGHT ======
Unhandled Promise: TypeError: Failed to fetch
=============================
====== JS ERROR CAUGHT ======
Unhandled Promise: TypeError: Failed to fetch
=============================
====== JS ERROR CAUGHT ======
Unhandled Promise: TypeError: Failed to fetch
=============================
====== JS ERROR CAUGHT ======
Unhandled Promise: TypeError: Failed to fetch
=============================
====== JS ERROR CAUGHT ======
Unhandled Promise: TypeError: Failed to fetch
=============================
====== JS ERROR CAUGHT ======
Unhandled Promise: TypeError: Failed to fetch
=============================
====== JS ERROR CAUGHT ======
Unhandled Promise: TypeError: Failed to fetch
=============================
====== JS ERROR CAUGHT ======
Unhandled Promise: TypeError: Failed to fetch
=============================
====== JS ERROR CAUGHT ======
Unhandled Promise: TypeError: Failed to fetch
=============================
====== JS ERROR CAUGHT ======
Unhandled Promise: TypeError: Failed to fetch
=============================
====== JS ERROR CAUGHT ======
Unhandled Promise: TypeError: Failed to fetch
=============================
====== JS ERROR CAUGHT ======
Unhandled Promise: TypeError: Failed to fetch
=============================
====== JS ERROR CAUGHT ======
Unhandled Promise: TypeError: Failed to fetch
=============================
====== JS ERROR CAUGHT ======
Unhandled Promise: TypeError: Failed to fetch
=============================
====== JS ERROR CAUGHT ======
Unhandled Promise: TypeError: Failed to fetch
=============================
====== JS ERROR CAUGHT ======
Unhandled Promise: TypeError: Failed to fetch
=============================
====== JS ERROR CAUGHT ======
Unhandled Promise: TypeError: Failed to fetch
=============================
====== JS ERROR CAUGHT ======
Unhandled Promise: TypeError: Failed to fetch
=============================
====== JS ERROR CAUGHT ======
Unhandled Promise: TypeError: Failed to fetch
=============================
====== JS ERROR CAUGHT ======
Unhandled Promise: TypeError: Failed to fetch
=============================
====== JS ERROR CAUGHT ======
Unhandled Promise: TypeError: Failed to fetch
=============================
====== JS ERROR CAUGHT ======
Unhandled Promise: TypeError: Failed to fetch
=============================
====== JS ERROR CAUGHT ======
Unhandled Promise: TypeError: Failed to fetch
=============================
====== JS ERROR CAUGHT ======
Unhandled Promise: TypeError: Failed to fetch
=============================
====== JS ERROR CAUGHT ======
Unhandled Promise: TypeError: Failed to fetch
=============================
====== JS ERROR CAUGHT ======
Unhandled Promise: TypeError: Failed to fetch
=============================
====== JS ERROR CAUGHT ======
Unhandled Promise: TypeError: Failed to fetch
=============================
====== JS ERROR CAUGHT ======
Unhandled Promise: TypeError: Failed to fetch
=============================
====== JS ERROR CAUGHT ======
Unhandled Promise: TypeError: Failed to fetch
=============================
====== JS ERROR CAUGHT ======
Unhandled Promise: TypeError: Failed to fetch
=============================
====== JS ERROR CAUGHT ======
Unhandled Promise: TypeError: Failed to fetch
=============================
====== JS ERROR CAUGHT ======
Unhandled Promise: TypeError: Failed to fetch
=============================
====== JS ERROR CAUGHT ======
Unhandled Promise: TypeError: Failed to fetch
=============================
====== JS ERROR CAUGHT ======
Unhandled Promise: TypeError: Failed to fetch
=============================
====== JS ERROR CAUGHT ======
Unhandled Promise: TypeError: Failed to fetch
=============================
====== JS ERROR CAUGHT ======
Unhandled Promise: TypeError: Failed to fetch
=============================
====== JS ERROR CAUGHT ======
Unhandled Promise: TypeError: Failed to fetch
=============================
====== JS ERROR CAUGHT ======
Unhandled Promise: TypeError: Failed to fetch
=============================
====== JS ERROR CAUGHT ======
Unhandled Promise: TypeError: Failed to fetch
=============================
====== JS ERROR CAUGHT ======
Unhandled Promise: TypeError: Failed to fetch
=============================
====== JS ERROR CAUGHT ======
Unhandled Promise: TypeError: Failed to fetch
=============================
====== JS ERROR CAUGHT ======
Unhandled Promise: TypeError: Failed to fetch
=============================
====== JS ERROR CAUGHT ======
Unhandled Promise: TypeError: Failed to fetch
=============================
====== JS ERROR CAUGHT ======
Unhandled Promise: TypeError: Failed to fetch
=============================
====== JS ERROR CAUGHT ======
Unhandled Promise: TypeError: Failed to fetch
=============================
====== JS ERROR CAUGHT ======
Unhandled Promise: TypeError: Failed to fetch
=============================
====== JS ERROR CAUGHT ======
Unhandled Promise: TypeError: Failed to fetch
=============================
====== JS ERROR CAUGHT ======
Unhandled Promise: TypeError: Failed to fetch
=============================
====== JS ERROR CAUGHT ======
Unhandled Promise: TypeError: Failed to fetch
=============================
====== JS ERROR CAUGHT ======
Unhandled Promise: TypeError: Failed to fetch
=============================
====== JS ERROR CAUGHT ======
Unhandled Promise: TypeError: Failed to fetch
=============================
====== JS ERROR CAUGHT ======
Unhandled Promise: TypeError: Failed to fetch
=============================
====== JS ERROR CAUGHT ======
Unhandled Promise: TypeError: Failed to fetch
=============================
====== JS ERROR CAUGHT ======
Unhandled Promise: TypeError: Failed to fetch
=============================
====== JS ERROR CAUGHT ======
Unhandled Promise: TypeError: Failed to fetch
=============================
====== JS ERROR CAUGHT ======
Unhandled Promise: TypeError: Failed to fetch
=============================
====== JS ERROR CAUGHT ======
Unhandled Promise: TypeError: Failed to fetch
=============================
====== JS ERROR CAUGHT ======
Unhandled Promise: TypeError: Failed to fetch
=============================
====== JS ERROR CAUGHT ======
Unhandled Promise: TypeError: Failed to fetch
=============================
====== JS ERROR CAUGHT ======
Unhandled Promise: TypeError: Failed to fetch
=============================
====== JS ERROR CAUGHT ======
Unhandled Promise: TypeError: Failed to fetch
=============================
====== JS ERROR CAUGHT ======
Unhandled Promise: TypeError: Failed to fetch
=============================
====== JS ERROR CAUGHT ======
Unhandled Promise: TypeError: Failed to fetch
=============================
====== JS ERROR CAUGHT ======
Unhandled Promise: TypeError: Failed to fetch
=============================
====== JS ERROR CAUGHT ======
Unhandled Promise: TypeError: Failed to fetch
=============================
====== JS ERROR CAUGHT ======
Unhandled Promise: TypeError: Failed to fetch
=============================
====== JS ERROR CAUGHT ======
Unhandled Promise: TypeError: Failed to fetch
=============================
====== JS ERROR CAUGHT ======
Unhandled Promise: TypeError: Failed to fetch
=============================
====== JS ERROR CAUGHT ======
Unhandled Promise: TypeError: Failed to fetch
=============================
====== JS ERROR CAUGHT ======
Unhandled Promise: TypeError: Failed to fetch
=============================
====== JS ERROR CAUGHT ======
Unhandled Promise: TypeError: Failed to fetch
=============================
====== JS ERROR CAUGHT ======
Unhandled Promise: TypeError: Failed to fetch
=============================
====== JS ERROR CAUGHT ======
Unhandled Promise: TypeError: Failed to fetch
=============================
====== JS ERROR CAUGHT ======
Unhandled Promise: TypeError: Failed to fetch
=============================
====== JS ERROR CAUGHT ======
Unhandled Promise: TypeError: Failed to fetch
=============================
====== JS ERROR CAUGHT ======
Unhandled Promise: TypeError: Failed to fetch
=============================
====== JS ERROR CAUGHT ======
Unhandled Promise: TypeError: Failed to fetch
=============================
====== JS ERROR CAUGHT ======
Unhandled Promise: TypeError: Failed to fetch
=============================
====== JS ERROR CAUGHT ======
Unhandled Promise: TypeError: Failed to fetch
=============================
====== JS ERROR CAUGHT ======
Unhandled Promise: TypeError: Failed to fetch
=============================
====== JS ERROR CAUGHT ======
Unhandled Promise: TypeError: Failed to fetch
=============================
====== JS ERROR CAUGHT ======
Unhandled Promise: TypeError: Failed to fetch
=============================
====== JS ERROR CAUGHT ======
Unhandled Promise: TypeError: Failed to fetch
=============================
====== JS ERROR CAUGHT ======
Unhandled Promise: TypeError: Failed to fetch
=============================
====== JS ERROR CAUGHT ======
Unhandled Promise: TypeError: Failed to fetch
=============================
====== JS ERROR CAUGHT ======
Unhandled Promise: TypeError: Failed to fetch
=============================
====== JS ERROR CAUGHT ======
Unhandled Promise: TypeError: Failed to fetch
=============================
====== JS ERROR CAUGHT ======
Unhandled Promise: TypeError: Failed to fetch
=============================
====== JS ERROR CAUGHT ======
Unhandled Promise: TypeError: Failed to fetch
=============================
====== JS ERROR CAUGHT ======
Unhandled Promise: TypeError: Failed to fetch
=============================
====== JS ERROR CAUGHT ======
Unhandled Promise: TypeError: Failed to fetch
=============================
====== JS ERROR CAUGHT ======
Unhandled Promise: TypeError: Failed to fetch
=============================
====== JS ERROR CAUGHT ======
Unhandled Promise: TypeError: Failed to fetch
=============================
====== JS ERROR CAUGHT ======
Unhandled Promise: TypeError: Failed to fetch
=============================
====== JS ERROR CAUGHT ======
Unhandled Promise: TypeError: Failed to fetch
=============================
====== JS ERROR CAUGHT ======
Unhandled Promise: TypeError: Failed to fetch
=============================
====== JS ERROR CAUGHT ======
Unhandled Promise: TypeError: Failed to fetch
=============================
====== JS ERROR CAUGHT ======
Unhandled Promise: TypeError: Failed to fetch
=============================
====== JS ERROR CAUGHT ======
Unhandled Promise: TypeError: Failed to fetch
=============================
====== JS ERROR CAUGHT ======
Unhandled Promise: TypeError: Failed to fetch
=============================
====== JS ERROR CAUGHT ======
Unhandled Promise: TypeError: Failed to fetch
=============================
====== JS ERROR CAUGHT ======
Unhandled Promise: TypeError: Failed to fetch
=============================
====== JS ERROR CAUGHT ======
Unhandled Promise: TypeError: Failed to fetch
=============================
====== JS ERROR CAUGHT ======
Unhandled Promise: TypeError: Failed to fetch
=============================
====== JS ERROR CAUGHT ======
Unhandled Promise: TypeError: Failed to fetch
=============================
====== JS ERROR CAUGHT ======
Unhandled Promise: TypeError: Failed to fetch
=============================
====== JS ERROR CAUGHT ======
Unhandled Promise: TypeError: Failed to fetch
=============================
====== JS ERROR CAUGHT ======
Unhandled Promise: TypeError: Failed to fetch
=============================
====== JS ERROR CAUGHT ======
Unhandled Promise: TypeError: Failed to fetch
=============================
====== JS ERROR CAUGHT ======
Unhandled Promise: TypeError: Failed to fetch
=============================
====== JS ERROR CAUGHT ======
Unhandled Promise: TypeError: Failed to fetch
=============================
====== JS ERROR CAUGHT ======
Unhandled Promise: TypeError: Failed to fetch
=============================
====== JS ERROR CAUGHT ======
Unhandled Promise: TypeError: Failed to fetch
=============================
====== JS ERROR CAUGHT ======
Unhandled Promise: TypeError: Failed to fetch
=============================
====== JS ERROR CAUGHT ======
Unhandled Promise: TypeError: Failed to fetch
=============================
====== JS ERROR CAUGHT ======
Unhandled Promise: TypeError: Failed to fetch
=============================
====== JS ERROR CAUGHT ======
Unhandled Promise: TypeError: Failed to fetch
=============================
====== JS ERROR CAUGHT ======
Unhandled Promise: TypeError: Failed to fetch
=============================
====== JS ERROR CAUGHT ======
Unhandled Promise: TypeError: Failed to fetch
=============================
====== JS ERROR CAUGHT ======
Unhandled Promise: TypeError: Failed to fetch
=============================
====== JS ERROR CAUGHT ======
Unhandled Promise: TypeError: Failed to fetch
=============================
====== JS ERROR CAUGHT ======
Unhandled Promise: TypeError: Failed to fetch
=============================
====== JS ERROR CAUGHT ======
Unhandled Promise: TypeError: Failed to fetch
=============================
====== JS ERROR CAUGHT ======
Unhandled Promise: TypeError: Failed to fetch
=============================
====== JS ERROR CAUGHT ======
Unhandled Promise: TypeError: Failed to fetch
=============================
====== JS ERROR CAUGHT ======
Unhandled Promise: TypeError: Failed to fetch
=============================
====== JS ERROR CAUGHT ======
Unhandled Promise: TypeError: Failed to fetch
=============================
====== JS ERROR CAUGHT ======
Unhandled Promise: TypeError: Failed to fetch
=============================
====== JS ERROR CAUGHT ======
Unhandled Promise: TypeError: Failed to fetch
=============================
====== JS ERROR CAUGHT ======
Unhandled Promise: TypeError: Failed to fetch
=============================
====== JS ERROR CAUGHT ======
Unhandled Promise: TypeError: Failed to fetch
=============================
====== JS ERROR CAUGHT ======
Unhandled Promise: TypeError: Failed to fetch
=============================
====== JS ERROR CAUGHT ======
Unhandled Promise: TypeError: Failed to fetch
=============================
====== JS ERROR CAUGHT ======
Unhandled Promise: TypeError: Failed to fetch
=============================
====== JS ERROR CAUGHT ======
Unhandled Promise: TypeError: Failed to fetch
=============================
====== JS ERROR CAUGHT ======
Unhandled Promise: TypeError: Failed to fetch
=============================
====== JS ERROR CAUGHT ======
Unhandled Promise: TypeError: Failed to fetch
=============================
====== JS ERROR CAUGHT ======
Unhandled Promise: TypeError: Failed to fetch
=============================
====== JS ERROR CAUGHT ======
Unhandled Promise: TypeError: Failed to fetch
=============================
====== JS ERROR CAUGHT ======
Unhandled Promise: TypeError: Failed to fetch
=============================
====== JS ERROR CAUGHT ======
Unhandled Promise: TypeError: Failed to fetch
=============================
====== JS ERROR CAUGHT ======
Unhandled Promise: TypeError: Failed to fetch
=============================
====== JS ERROR CAUGHT ======
Unhandled Promise: TypeError: Failed to fetch
=============================
====== JS ERROR CAUGHT ======
Unhandled Promise: TypeError: Failed to fetch
=============================
====== JS ERROR CAUGHT ======
Unhandled Promise: TypeError: Failed to fetch
=============================
====== JS ERROR CAUGHT ======
Unhandled Promise: TypeError: Failed to fetch
=============================
====== JS ERROR CAUGHT ======
Unhandled Promise: TypeError: Failed to fetch
=============================
====== JS ERROR CAUGHT ======
Unhandled Promise: TypeError: Failed to fetch
=============================
====== JS ERROR CAUGHT ======
Unhandled Promise: TypeError: Failed to fetch
=============================
====== JS ERROR CAUGHT ======
Unhandled Promise: TypeError: Failed to fetch
=============================
====== JS ERROR CAUGHT ======
Unhandled Promise: TypeError: Failed to fetch
=============================
====== JS ERROR CAUGHT ======
Unhandled Promise: TypeError: Failed to fetch
=============================
====== JS ERROR CAUGHT ======
Unhandled Promise: TypeError: Failed to fetch
=============================
====== JS ERROR CAUGHT ======
Unhandled Promise: TypeError: Failed to fetch
=============================
====== JS ERROR CAUGHT ======
Unhandled Promise: TypeError: Failed to fetch
=============================
====== JS ERROR CAUGHT ======
Unhandled Promise: TypeError: Failed to fetch
=============================
====== JS ERROR CAUGHT ======
Unhandled Promise: TypeError: Failed to fetch
=============================
====== JS ERROR CAUGHT ======
Unhandled Promise: TypeError: Failed to fetch
=============================
====== JS ERROR CAUGHT ======
Unhandled Promise: TypeError: Failed to fetch
=============================
====== JS ERROR CAUGHT ======
Unhandled Promise: TypeError: Failed to fetch
=============================
====== JS ERROR CAUGHT ======
Unhandled Promise: TypeError: Failed to fetch
=============================
====== JS ERROR CAUGHT ======
Unhandled Promise: TypeError: Failed to fetch
=============================
====== JS ERROR CAUGHT ======
Unhandled Promise: TypeError: Failed to fetch
=============================
====== JS ERROR CAUGHT ======
Unhandled Promise: TypeError: Failed to fetch
=============================
====== JS ERROR CAUGHT ======
Unhandled Promise: TypeError: Failed to fetch
=============================
====== JS ERROR CAUGHT ======
Unhandled Promise: TypeError: Failed to fetch
=============================
====== JS ERROR CAUGHT ======
Unhandled Promise: TypeError: Failed to fetch
=============================
====== JS ERROR CAUGHT ======
Unhandled Promise: TypeError: Failed to fetch
=============================
====== JS ERROR CAUGHT ======
Unhandled Promise: TypeError: Failed to fetch
=============================
====== JS ERROR CAUGHT ======
Unhandled Promise: TypeError: Failed to fetch
=============================
====== JS ERROR CAUGHT ======
Unhandled Promise: TypeError: Failed to fetch
=============================
====== JS ERROR CAUGHT ======
Unhandled Promise: TypeError: Failed to fetch
=============================
====== JS ERROR CAUGHT ======
Unhandled Promise: TypeError: Failed to fetch
=============================
====== JS ERROR CAUGHT ======
Unhandled Promise: TypeError: Failed to fetch
=============================
====== JS ERROR CAUGHT ======
Unhandled Promise: TypeError: Failed to fetch
=============================
====== JS ERROR CAUGHT ======
Unhandled Promise: TypeError: Failed to fetch
=============================
====== JS ERROR CAUGHT ======
Unhandled Promise: TypeError: Failed to fetch
=============================
====== JS ERROR CAUGHT ======
Unhandled Promise: TypeError: Failed to fetch
=============================
====== JS ERROR CAUGHT ======
Unhandled Promise: TypeError: Failed to fetch
=============================
====== JS ERROR CAUGHT ======
Unhandled Promise: TypeError: Failed to fetch
=============================
====== JS ERROR CAUGHT ======
Unhandled Promise: TypeError: Failed to fetch
=============================
====== JS ERROR CAUGHT ======
Unhandled Promise: TypeError: Failed to fetch
=============================
====== JS ERROR CAUGHT ======
Unhandled Promise: TypeError: Failed to fetch
=============================
====== JS ERROR CAUGHT ======
Unhandled Promise: TypeError: Failed to fetch
=============================
====== JS ERROR CAUGHT ======
Unhandled Promise: TypeError: Failed to fetch
=============================
====== JS ERROR CAUGHT ======
Unhandled Promise: TypeError: Failed to fetch
=============================
====== JS ERROR CAUGHT ======
Unhandled Promise: TypeError: Failed to fetch
=============================
====== JS ERROR CAUGHT ======
Unhandled Promise: TypeError: Failed to fetch
=============================
====== JS ERROR CAUGHT ======
Unhandled Promise: TypeError: Failed to fetch
=============================
====== JS ERROR CAUGHT ======
Unhandled Promise: TypeError: Failed to fetch
=============================
====== JS ERROR CAUGHT ======
Unhandled Promise: TypeError: Failed to fetch
=============================
====== JS ERROR CAUGHT ======
Unhandled Promise: TypeError: Failed to fetch
=============================
====== JS ERROR CAUGHT ======
Unhandled Promise: TypeError: Failed to fetch
=============================
====== JS ERROR CAUGHT ======
Unhandled Promise: TypeError: Failed to fetch
=============================
====== JS ERROR CAUGHT ======
Unhandled Promise: TypeError: Failed to fetch
=============================
====== JS ERROR CAUGHT ======
Unhandled Promise: TypeError: Failed to fetch
=============================
====== JS ERROR CAUGHT ======
Unhandled Promise: TypeError: Failed to fetch
=============================
====== JS ERROR CAUGHT ======
Unhandled Promise: TypeError: Failed to fetch
=============================
====== JS ERROR CAUGHT ======
Unhandled Promise: TypeError: Failed to fetch
=============================
====== JS ERROR CAUGHT ======
Unhandled Promise: TypeError: Failed to fetch
=============================
====== JS ERROR CAUGHT ======
Unhandled Promise: TypeError: Failed to fetch
=============================
====== JS ERROR CAUGHT ======
Unhandled Promise: TypeError: Failed to fetch
=============================
====== JS ERROR CAUGHT ======
Unhandled Promise: TypeError: Failed to fetch
=============================
====== JS ERROR CAUGHT ======
Unhandled Promise: TypeError: Failed to fetch
=============================
====== JS ERROR CAUGHT ======
Unhandled Promise: TypeError: Failed to fetch
=============================
====== JS ERROR CAUGHT ======
Unhandled Promise: TypeError: Failed to fetch
=============================
====== JS ERROR CAUGHT ======
Unhandled Promise: TypeError: Failed to fetch
=============================
====== JS ERROR CAUGHT ======
Unhandled Promise: TypeError: Failed to fetch
=============================
====== JS ERROR CAUGHT ======
Unhandled Promise: TypeError: Failed to fetch
=============================
====== JS ERROR CAUGHT ======
Unhandled Promise: TypeError: Failed to fetch
=============================
====== JS ERROR CAUGHT ======
Unhandled Promise: TypeError: Failed to fetch
=============================
====== JS ERROR CAUGHT ======
Unhandled Promise: TypeError: Failed to fetch
=============================
====== JS ERROR CAUGHT ======
Unhandled Promise: TypeError: Failed to fetch
=============================
====== JS ERROR CAUGHT ======
Unhandled Promise: TypeError: Failed to fetch
=============================
====== JS ERROR CAUGHT ======
Unhandled Promise: TypeError: Failed to fetch
=============================
====== JS ERROR CAUGHT ======
Unhandled Promise: TypeError: Failed to fetch
=============================
====== JS ERROR CAUGHT ======
Unhandled Promise: TypeError: Failed to fetch
=============================
====== JS ERROR CAUGHT ======
Unhandled Promise: TypeError: Failed to fetch
=============================
====== JS ERROR CAUGHT ======
Unhandled Promise: TypeError: Failed to fetch
=============================
====== JS ERROR CAUGHT ======
Unhandled Promise: TypeError: Failed to fetch
=============================
====== JS ERROR CAUGHT ======
Unhandled Promise: TypeError: Failed to fetch
=============================
====== JS ERROR CAUGHT ======
Unhandled Promise: TypeError: Failed to fetch
=============================
====== JS ERROR CAUGHT ======
Unhandled Promise: TypeError: Failed to fetch
=============================
====== JS ERROR CAUGHT ======
Unhandled Promise: TypeError: Failed to fetch
=============================
====== JS ERROR CAUGHT ======
Unhandled Promise: TypeError: Failed to fetch
=============================
====== JS ERROR CAUGHT ======
Unhandled Promise: TypeError: Failed to fetch
=============================
====== JS ERROR CAUGHT ======
Unhandled Promise: TypeError: Failed to fetch
=============================
====== JS ERROR CAUGHT ======
Unhandled Promise: TypeError: Failed to fetch
=============================
====== JS ERROR CAUGHT ======
Unhandled Promise: TypeError: Failed to fetch
=============================
====== JS ERROR CAUGHT ======
Unhandled Promise: TypeError: Failed to fetch
=============================
====== JS ERROR CAUGHT ======
Unhandled Promise: TypeError: Failed to fetch
=============================
====== JS ERROR CAUGHT ======
Unhandled Promise: TypeError: Failed to fetch
=============================
====== JS ERROR CAUGHT ======
Unhandled Promise: TypeError: Failed to fetch
=============================
====== JS ERROR CAUGHT ======
Unhandled Promise: TypeError: Failed to fetch
=============================
====== JS ERROR CAUGHT ======
Unhandled Promise: TypeError: Failed to fetch
=============================
====== JS ERROR CAUGHT ======
Unhandled Promise: TypeError: Failed to fetch
=============================
====== JS ERROR CAUGHT ======
Unhandled Promise: TypeError: Failed to fetch
=============================
====== JS ERROR CAUGHT ======
Unhandled Promise: TypeError: Failed to fetch
=============================
====== JS ERROR CAUGHT ======
Unhandled Promise: TypeError: Failed to fetch
=============================
====== JS ERROR CAUGHT ======
Unhandled Promise: TypeError: Failed to fetch
=============================
====== JS ERROR CAUGHT ======
Unhandled Promise: TypeError: Failed to fetch
=============================
====== JS ERROR CAUGHT ======
Unhandled Promise: TypeError: Failed to fetch
=============================
====== JS ERROR CAUGHT ======
Unhandled Promise: TypeError: Failed to fetch
=============================
====== JS ERROR CAUGHT ======
Unhandled Promise: TypeError: Failed to fetch
=============================
====== JS ERROR CAUGHT ======
Unhandled Promise: TypeError: Failed to fetch
=============================
====== JS ERROR CAUGHT ======
Unhandled Promise: TypeError: Failed to fetch
=============================
====== JS ERROR CAUGHT ======
Unhandled Promise: TypeError: Failed to fetch
=============================
====== JS ERROR CAUGHT ======
Unhandled Promise: TypeError: Failed to fetch
=============================
====== JS ERROR CAUGHT ======
Unhandled Promise: TypeError: Failed to fetch
=============================
====== JS ERROR CAUGHT ======
Unhandled Promise: TypeError: Failed to fetch
=============================
====== JS ERROR CAUGHT ======
Unhandled Promise: TypeError: Failed to fetch
=============================
====== JS ERROR CAUGHT ======
Unhandled Promise: TypeError: Failed to fetch
=============================
====== JS ERROR CAUGHT ======
Unhandled Promise: TypeError: Failed to fetch
=============================
====== JS ERROR CAUGHT ======
Unhandled Promise: TypeError: Failed to fetch
=============================
====== JS ERROR CAUGHT ======
Unhandled Promise: TypeError: Failed to fetch
=============================
====== JS ERROR CAUGHT ======
Unhandled Promise: TypeError: Failed to fetch
=============================
====== JS ERROR CAUGHT ======
Unhandled Promise: TypeError: Failed to fetch
=============================
====== JS ERROR CAUGHT ======
Unhandled Promise: TypeError: Failed to fetch
=============================
====== JS ERROR CAUGHT ======
Unhandled Promise: TypeError: Failed to fetch
=============================
====== JS ERROR CAUGHT ======
Unhandled Promise: TypeError: Failed to fetch
=============================
====== JS ERROR CAUGHT ======
Unhandled Promise: TypeError: Failed to fetch
=============================
====== JS ERROR CAUGHT ======
Unhandled Promise: TypeError: Failed to fetch
=============================
====== JS ERROR CAUGHT ======
Unhandled Promise: TypeError: Failed to fetch
=============================
====== JS ERROR CAUGHT ======
Unhandled Promise: TypeError: Failed to fetch
=============================
====== JS ERROR CAUGHT ======
Unhandled Promise: TypeError: Failed to fetch
=============================
====== JS ERROR CAUGHT ======
Unhandled Promise: TypeError: Failed to fetch
=============================
====== JS ERROR CAUGHT ======
Unhandled Promise: TypeError: Failed to fetch
=============================
====== JS ERROR CAUGHT ======
Unhandled Promise: TypeError: Failed to fetch
=============================
====== JS ERROR CAUGHT ======
Unhandled Promise: TypeError: Failed to fetch
=============================
====== JS ERROR CAUGHT ======
Unhandled Promise: TypeError: Failed to fetch
=============================
====== JS ERROR CAUGHT ======
Unhandled Promise: TypeError: Failed to fetch
=============================
====== JS ERROR CAUGHT ======
Unhandled Promise: TypeError: Failed to fetch
=============================
====== JS ERROR CAUGHT ======
Unhandled Promise: TypeError: Failed to fetch
=============================
====== JS ERROR CAUGHT ======
Unhandled Promise: TypeError: Failed to fetch
=============================
====== JS ERROR CAUGHT ======
Unhandled Promise: TypeError: Failed to fetch
=============================
====== JS ERROR CAUGHT ======
Unhandled Promise: TypeError: Failed to fetch
=============================
====== JS ERROR CAUGHT ======
Unhandled Promise: TypeError: Failed to fetch
=============================
====== JS ERROR CAUGHT ======
Unhandled Promise: TypeError: Failed to fetch
=============================
====== JS ERROR CAUGHT ======
Unhandled Promise: TypeError: Failed to fetch
=============================
====== JS ERROR CAUGHT ======
Unhandled Promise: TypeError: Failed to fetch
=============================
====== JS ERROR CAUGHT ======
Unhandled Promise: TypeError: Failed to fetch
=============================
====== JS ERROR CAUGHT ======
Unhandled Promise: TypeError: Failed to fetch
=============================
====== JS ERROR CAUGHT ======
Unhandled Promise: TypeError: Failed to fetch
=============================
====== JS ERROR CAUGHT ======
Unhandled Promise: TypeError: Failed to fetch
=============================
====== JS ERROR CAUGHT ======
Unhandled Promise: TypeError: Failed to fetch
=============================
====== JS ERROR CAUGHT ======
Unhandled Promise: TypeError: Failed to fetch
=============================
====== JS ERROR CAUGHT ======
Unhandled Promise: TypeError: Failed to fetch
=============================
====== JS ERROR CAUGHT ======
Unhandled Promise: TypeError: Failed to fetch
=============================
====== JS ERROR CAUGHT ======
Unhandled Promise: TypeError: Failed to fetch
=============================
====== JS ERROR CAUGHT ======
Unhandled Promise: TypeError: Failed to fetch
=============================
====== JS ERROR CAUGHT ======
Unhandled Promise: TypeError: Failed to fetch
=============================
====== JS ERROR CAUGHT ======
Unhandled Promise: TypeError: Failed to fetch
=============================
====== JS ERROR CAUGHT ======
Unhandled Promise: TypeError: Failed to fetch
=============================
====== JS ERROR CAUGHT ======
Unhandled Promise: TypeError: Failed to fetch
=============================
====== JS ERROR CAUGHT ======
Unhandled Promise: TypeError: Failed to fetch
=============================
====== JS ERROR CAUGHT ======
Unhandled Promise: TypeError: Failed to fetch
=============================
====== JS ERROR CAUGHT ======
Unhandled Promise: TypeError: Failed to fetch
=============================
====== JS ERROR CAUGHT ======
Unhandled Promise: TypeError: Failed to fetch
=============================
====== JS ERROR CAUGHT ======
Unhandled Promise: TypeError: Failed to fetch
=============================
====== JS ERROR CAUGHT ======
Unhandled Promise: TypeError: Failed to fetch
=============================
====== JS ERROR CAUGHT ======
Unhandled Promise: TypeError: Failed to fetch
=============================
====== JS ERROR CAUGHT ======
Unhandled Promise: TypeError: Failed to fetch
=============================
====== JS ERROR CAUGHT ======
Unhandled Promise: TypeError: Failed to fetch
=============================
====== JS ERROR CAUGHT ======
Unhandled Promise: TypeError: Failed to fetch
=============================
====== JS ERROR CAUGHT ======
Unhandled Promise: TypeError: Failed to fetch
=============================
====== JS ERROR CAUGHT ======
Unhandled Promise: TypeError: Failed to fetch
=============================
====== JS ERROR CAUGHT ======
Unhandled Promise: TypeError: Failed to fetch
=============================
====== JS ERROR CAUGHT ======
Unhandled Promise: TypeError: Failed to fetch
=============================
====== JS ERROR CAUGHT ======
Unhandled Promise: TypeError: Failed to fetch
=============================
====== JS ERROR CAUGHT ======
Unhandled Promise: TypeError: Failed to fetch
=============================
====== JS ERROR CAUGHT ======
Unhandled Promise: TypeError: Failed to fetch
=============================
====== JS ERROR CAUGHT ======
Unhandled Promise: TypeError: Failed to fetch
=============================
====== JS ERROR CAUGHT ======
Unhandled Promise: TypeError: Failed to fetch
=============================
====== JS ERROR CAUGHT ======
Unhandled Promise: TypeError: Failed to fetch
=============================
====== JS ERROR CAUGHT ======
Unhandled Promise: TypeError: Failed to fetch
=============================
====== JS ERROR CAUGHT ======
Unhandled Promise: TypeError: Failed to fetch
=============================
====== JS ERROR CAUGHT ======
Unhandled Promise: TypeError: Failed to fetch
=============================
====== JS ERROR CAUGHT ======
Unhandled Promise: TypeError: Failed to fetch
=============================
====== JS ERROR CAUGHT ======
Unhandled Promise: TypeError: Failed to fetch
=============================
====== JS ERROR CAUGHT ======
Unhandled Promise: TypeError: Failed to fetch
=============================
====== JS ERROR CAUGHT ======
Unhandled Promise: TypeError: Failed to fetch
=============================
====== JS ERROR CAUGHT ======
Unhandled Promise: TypeError: Failed to fetch
=============================
====== JS ERROR CAUGHT ======
Unhandled Promise: TypeError: Failed to fetch
=============================
====== JS ERROR CAUGHT ======
Unhandled Promise: TypeError: Failed to fetch
=============================
====== JS ERROR CAUGHT ======
Unhandled Promise: TypeError: Failed to fetch
=============================
====== JS ERROR CAUGHT ======
Unhandled Promise: TypeError: Failed to fetch
=============================
====== JS ERROR CAUGHT ======
Unhandled Promise: TypeError: Failed to fetch
=============================
====== JS ERROR CAUGHT ======
Unhandled Promise: TypeError: Failed to fetch
=============================
====== JS ERROR CAUGHT ======
Unhandled Promise: TypeError: Failed to fetch
=============================
====== JS ERROR CAUGHT ======
Unhandled Promise: TypeError: Failed to fetch
=============================
====== JS ERROR CAUGHT ======
Unhandled Promise: TypeError: Failed to fetch
=============================
====== JS ERROR CAUGHT ======
Unhandled Promise: TypeError: Failed to fetch
=============================
====== JS ERROR CAUGHT ======
Unhandled Promise: TypeError: Failed to fetch
=============================
====== JS ERROR CAUGHT ======
Unhandled Promise: TypeError: Failed to fetch
=============================
====== JS ERROR CAUGHT ======
Unhandled Promise: TypeError: Failed to fetch
=============================
====== JS ERROR CAUGHT ======
Unhandled Promise: TypeError: Failed to fetch
=============================
====== JS ERROR CAUGHT ======
Unhandled Promise: TypeError: Failed to fetch
=============================
====== JS ERROR CAUGHT ======
Unhandled Promise: TypeError: Failed to fetch
=============================
====== JS ERROR CAUGHT ======
Unhandled Promise: TypeError: Failed to fetch
=============================
====== JS ERROR CAUGHT ======
Unhandled Promise: TypeError: Failed to fetch
=============================
====== JS ERROR CAUGHT ======
Unhandled Promise: TypeError: Failed to fetch
=============================
====== JS ERROR CAUGHT ======
Unhandled Promise: TypeError: Failed to fetch
=============================
====== JS ERROR CAUGHT ======
Unhandled Promise: TypeError: Failed to fetch
=============================
====== JS ERROR CAUGHT ======
Unhandled Promise: TypeError: Failed to fetch
=============================
====== JS ERROR CAUGHT ======
Unhandled Promise: TypeError: Failed to fetch
=============================
====== JS ERROR CAUGHT ======
Unhandled Promise: TypeError: Failed to fetch
=============================
====== JS ERROR CAUGHT ======
Unhandled Promise: TypeError: Failed to fetch
=============================
====== JS ERROR CAUGHT ======
Unhandled Promise: TypeError: Failed to fetch
=============================
====== JS ERROR CAUGHT ======
Unhandled Promise: TypeError: Failed to fetch
=============================
====== JS ERROR CAUGHT ======
Unhandled Promise: TypeError: Failed to fetch
=============================
====== JS ERROR CAUGHT ======
Unhandled Promise: TypeError: Failed to fetch
=============================
====== JS ERROR CAUGHT ======
Unhandled Promise: TypeError: Failed to fetch
=============================
====== JS ERROR CAUGHT ======
Unhandled Promise: TypeError: Failed to fetch
=============================
====== JS ERROR CAUGHT ======
Unhandled Promise: TypeError: Failed to fetch
=============================
====== JS ERROR CAUGHT ======
Unhandled Promise: TypeError: Failed to fetch
=============================
====== JS ERROR CAUGHT ======
Unhandled Promise: TypeError: Failed to fetch
=============================
====== JS ERROR CAUGHT ======
Unhandled Promise: TypeError: Failed to fetch
=============================
====== JS ERROR CAUGHT ======
Unhandled Promise: TypeError: Failed to fetch
=============================
====== JS ERROR CAUGHT ======
Unhandled Promise: TypeError: Failed to fetch
=============================
====== JS ERROR CAUGHT ======
Unhandled Promise: TypeError: Failed to fetch
=============================
====== JS ERROR CAUGHT ======
Unhandled Promise: TypeError: Failed to fetch
=============================
====== JS ERROR CAUGHT ======
Unhandled Promise: TypeError: Failed to fetch
=============================
====== JS ERROR CAUGHT ======
Unhandled Promise: TypeError: Failed to fetch
=============================
====== JS ERROR CAUGHT ======
Unhandled Promise: TypeError: Failed to fetch
=============================
====== JS ERROR CAUGHT ======
Unhandled Promise: TypeError: Failed to fetch
=============================
====== JS ERROR CAUGHT ======
Unhandled Promise: TypeError: Failed to fetch
=============================
====== JS ERROR CAUGHT ======
Unhandled Promise: TypeError: Failed to fetch
=============================
====== JS ERROR CAUGHT ======
Unhandled Promise: TypeError: Failed to fetch
=============================
====== JS ERROR CAUGHT ======
Unhandled Promise: TypeError: Failed to fetch
=============================
====== JS ERROR CAUGHT ======
Unhandled Promise: TypeError: Failed to fetch
=============================
====== JS ERROR CAUGHT ======
Unhandled Promise: TypeError: Failed to fetch
=============================
====== JS ERROR CAUGHT ======
Unhandled Promise: TypeError: Failed to fetch
=============================
====== JS ERROR CAUGHT ======
Unhandled Promise: TypeError: Failed to fetch
=============================
====== JS ERROR CAUGHT ======
Unhandled Promise: TypeError: Failed to fetch
=============================
====== JS ERROR CAUGHT ======
Unhandled Promise: TypeError: Failed to fetch
=============================
====== JS ERROR CAUGHT ======
Unhandled Promise: TypeError: Failed to fetch
=============================
====== JS ERROR CAUGHT ======
Unhandled Promise: TypeError: Failed to fetch
=============================
====== JS ERROR CAUGHT ======
Unhandled Promise: TypeError: Failed to fetch
=============================
====== JS ERROR CAUGHT ======
Unhandled Promise: TypeError: Failed to fetch
=============================
====== JS ERROR CAUGHT ======
Unhandled Promise: TypeError: Failed to fetch
=============================
====== JS ERROR CAUGHT ======
Unhandled Promise: TypeError: Failed to fetch
=============================
====== JS ERROR CAUGHT ======
Unhandled Promise: TypeError: Failed to fetch
=============================
====== JS ERROR CAUGHT ======
Unhandled Promise: TypeError: Failed to fetch
=============================
====== JS ERROR CAUGHT ======
Unhandled Promise: TypeError: Failed to fetch
=============================
====== JS ERROR CAUGHT ======
Unhandled Promise: TypeError: Failed to fetch
=============================
====== JS ERROR CAUGHT ======
Unhandled Promise: TypeError: Failed to fetch
=============================
====== JS ERROR CAUGHT ======
Unhandled Promise: TypeError: Failed to fetch
=============================
====== JS ERROR CAUGHT ======
Unhandled Promise: TypeError: Failed to fetch
=============================
====== JS ERROR CAUGHT ======
Unhandled Promise: TypeError: Failed to fetch
=============================
====== JS ERROR CAUGHT ======
Unhandled Promise: TypeError: Failed to fetch
=============================
====== JS ERROR CAUGHT ======
Unhandled Promise: TypeError: Failed to fetch
=============================
====== JS ERROR CAUGHT ======
Unhandled Promise: TypeError: Failed to fetch
=============================
====== JS ERROR CAUGHT ======
Unhandled Promise: TypeError: Failed to fetch
=============================
====== JS ERROR CAUGHT ======
Unhandled Promise: TypeError: Failed to fetch
=============================
====== JS ERROR CAUGHT ======
Unhandled Promise: TypeError: Failed to fetch
=============================
====== JS ERROR CAUGHT ======
Unhandled Promise: TypeError: Failed to fetch
=============================
====== JS ERROR CAUGHT ======
Unhandled Promise: TypeError: Failed to fetch
=============================
====== JS ERROR CAUGHT ======
Unhandled Promise: TypeError: Failed to fetch
=============================
====== JS ERROR CAUGHT ======
Unhandled Promise: TypeError: Failed to fetch
=============================
====== JS ERROR CAUGHT ======
Unhandled Promise: TypeError: Failed to fetch
=============================
====== JS ERROR CAUGHT ======
Unhandled Promise: TypeError: Failed to fetch
=============================
====== JS ERROR CAUGHT ======
Unhandled Promise: TypeError: Failed to fetch
=============================
====== JS ERROR CAUGHT ======
Unhandled Promise: TypeError: Failed to fetch
=============================
====== JS ERROR CAUGHT ======
Unhandled Promise: TypeError: Failed to fetch
=============================
====== JS ERROR CAUGHT ======
Unhandled Promise: TypeError: Failed to fetch
=============================
====== JS ERROR CAUGHT ======
Unhandled Promise: TypeError: Failed to fetch
=============================
====== JS ERROR CAUGHT ======
Unhandled Promise: TypeError: Failed to fetch
=============================
====== JS ERROR CAUGHT ======
Unhandled Promise: TypeError: Failed to fetch
=============================
====== JS ERROR CAUGHT ======
Unhandled Promise: TypeError: Failed to fetch
=============================
====== JS ERROR CAUGHT ======
Unhandled Promise: TypeError: Failed to fetch
=============================
====== JS ERROR CAUGHT ======
Unhandled Promise: TypeError: Failed to fetch
=============================
====== JS ERROR CAUGHT ======
Unhandled Promise: TypeError: Failed to fetch
=============================
====== JS ERROR CAUGHT ======
Unhandled Promise: TypeError: Failed to fetch
=============================
====== JS ERROR CAUGHT ======
Unhandled Promise: TypeError: Failed to fetch
=============================
====== JS ERROR CAUGHT ======
Unhandled Promise: TypeError: Failed to fetch
=============================
====== JS ERROR CAUGHT ======
Unhandled Promise: TypeError: Failed to fetch
=============================
====== JS ERROR CAUGHT ======
Unhandled Promise: TypeError: Failed to fetch
=============================
====== JS ERROR CAUGHT ======
Unhandled Promise: TypeError: Failed to fetch
=============================
====== JS ERROR CAUGHT ======
Unhandled Promise: TypeError: Failed to fetch
=============================
====== JS ERROR CAUGHT ======
Unhandled Promise: TypeError: Failed to fetch
=============================
====== JS ERROR CAUGHT ======
Unhandled Promise: TypeError: Failed to fetch
=============================
====== JS ERROR CAUGHT ======
Unhandled Promise: TypeError: Failed to fetch
=============================
====== JS ERROR CAUGHT ======
Unhandled Promise: TypeError: Failed to fetch
=============================
====== JS ERROR CAUGHT ======
Unhandled Promise: TypeError: Failed to fetch
=============================
====== JS ERROR CAUGHT ======
Unhandled Promise: TypeError: Failed to fetch
=============================
====== JS ERROR CAUGHT ======
Unhandled Promise: TypeError: Failed to fetch
=============================
====== JS ERROR CAUGHT ======
Unhandled Promise: TypeError: Failed to fetch
=============================
====== JS ERROR CAUGHT ======
Unhandled Promise: TypeError: Failed to fetch
=============================
====== JS ERROR CAUGHT ======
Unhandled Promise: TypeError: Failed to fetch
=============================
====== JS ERROR CAUGHT ======
Unhandled Promise: TypeError: Failed to fetch
=============================
====== JS ERROR CAUGHT ======
Unhandled Promise: TypeError: Failed to fetch
=============================
====== JS ERROR CAUGHT ======
Unhandled Promise: TypeError: Failed to fetch
=============================
====== JS ERROR CAUGHT ======
Unhandled Promise: TypeError: Failed to fetch
=============================
====== JS ERROR CAUGHT ======
Unhandled Promise: TypeError: Failed to fetch
=============================
====== JS ERROR CAUGHT ======
Unhandled Promise: TypeError: Failed to fetch
=============================
====== JS ERROR CAUGHT ======
Unhandled Promise: TypeError: Failed to fetch
=============================
====== JS ERROR CAUGHT ======
Unhandled Promise: TypeError: Failed to fetch
=============================
====== JS ERROR CAUGHT ======
Unhandled Promise: TypeError: Failed to fetch
=============================
====== JS ERROR CAUGHT ======
Unhandled Promise: TypeError: Failed to fetch
=============================
====== JS ERROR CAUGHT ======
Unhandled Promise: TypeError: Failed to fetch
=============================
====== JS ERROR CAUGHT ======
Unhandled Promise: TypeError: Failed to fetch
=============================
====== JS ERROR CAUGHT ======
Unhandled Promise: TypeError: Failed to fetch
=============================
====== JS ERROR CAUGHT ======
Unhandled Promise: TypeError: Failed to fetch
=============================
====== JS ERROR CAUGHT ======
Unhandled Promise: TypeError: Failed to fetch
=============================
====== JS ERROR CAUGHT ======
Unhandled Promise: TypeError: Failed to fetch
=============================
====== JS ERROR CAUGHT ======
Unhandled Promise: TypeError: Failed to fetch
=============================
====== JS ERROR CAUGHT ======
Unhandled Promise: TypeError: Failed to fetch
=============================
====== JS ERROR CAUGHT ======
Unhandled Promise: TypeError: Failed to fetch
=============================
====== JS ERROR CAUGHT ======
Unhandled Promise: TypeError: Failed to fetch
=============================
====== JS ERROR CAUGHT ======
Unhandled Promise: TypeError: Failed to fetch
=============================
====== JS ERROR CAUGHT ======
Unhandled Promise: TypeError: Failed to fetch
=============================
====== JS ERROR CAUGHT ======
Unhandled Promise: TypeError: Failed to fetch
=============================
====== JS ERROR CAUGHT ======
Unhandled Promise: TypeError: Failed to fetch
=============================
====== JS ERROR CAUGHT ======
Unhandled Promise: TypeError: Failed to fetch
=============================
====== JS ERROR CAUGHT ======
Unhandled Promise: TypeError: Failed to fetch
=============================
====== JS ERROR CAUGHT ======
Unhandled Promise: TypeError: Failed to fetch
=============================
====== JS ERROR CAUGHT ======
Unhandled Promise: TypeError: Failed to fetch
=============================
====== JS ERROR CAUGHT ======
Unhandled Promise: TypeError: Failed to fetch
=============================
====== JS ERROR CAUGHT ======
Unhandled Promise: TypeError: Failed to fetch
=============================
====== JS ERROR CAUGHT ======
Unhandled Promise: TypeError: Failed to fetch
=============================
====== JS ERROR CAUGHT ======
Unhandled Promise: TypeError: Failed to fetch
=============================
====== JS ERROR CAUGHT ======
Unhandled Promise: TypeError: Failed to fetch
=============================
====== JS ERROR CAUGHT ======
Unhandled Promise: TypeError: Failed to fetch
=============================
====== JS ERROR CAUGHT ======
Unhandled Promise: TypeError: Failed to fetch
=============================
====== JS ERROR CAUGHT ======
Unhandled Promise: TypeError: Failed to fetch
=============================
====== JS ERROR CAUGHT ======
Unhandled Promise: TypeError: Failed to fetch
=============================
====== JS ERROR CAUGHT ======
Unhandled Promise: TypeError: Failed to fetch
=============================
====== JS ERROR CAUGHT ======
Unhandled Promise: TypeError: Failed to fetch
=============================
====== JS ERROR CAUGHT ======
Unhandled Promise: TypeError: Failed to fetch
=============================
====== JS ERROR CAUGHT ======
Unhandled Promise: TypeError: Failed to fetch
=============================
====== JS ERROR CAUGHT ======
Unhandled Promise: TypeError: Failed to fetch
=============================
====== JS ERROR CAUGHT ======
Unhandled Promise: TypeError: Failed to fetch
=============================
====== JS ERROR CAUGHT ======
Unhandled Promise: TypeError: Failed to fetch
=============================
====== JS ERROR CAUGHT ======
Unhandled Promise: TypeError: Failed to fetch
=============================
====== JS ERROR CAUGHT ======
Unhandled Promise: TypeError: Failed to fetch
=============================
====== JS ERROR CAUGHT ======
Unhandled Promise: TypeError: Failed to fetch
=============================
====== JS ERROR CAUGHT ======
Unhandled Promise: TypeError: Failed to fetch
=============================
====== JS ERROR CAUGHT ======
Unhandled Promise: TypeError: Failed to fetch
=============================
====== JS ERROR CAUGHT ======
Unhandled Promise: TypeError: Failed to fetch
=============================
====== JS ERROR CAUGHT ======
Unhandled Promise: TypeError: Failed to fetch
=============================
====== JS ERROR CAUGHT ======
Unhandled Promise: TypeError: Failed to fetch
=============================
====== JS ERROR CAUGHT ======
Unhandled Promise: TypeError: Failed to fetch
=============================
====== JS ERROR CAUGHT ======
Unhandled Promise: TypeError: Failed to fetch
=============================
====== JS ERROR CAUGHT ======
Unhandled Promise: TypeError: Failed to fetch
=============================
====== JS ERROR CAUGHT ======
Unhandled Promise: TypeError: Failed to fetch
=============================
====== JS ERROR CAUGHT ======
Unhandled Promise: TypeError: Failed to fetch
=============================
====== JS ERROR CAUGHT ======
Unhandled Promise: TypeError: Failed to fetch
=============================
====== JS ERROR CAUGHT ======
Unhandled Promise: TypeError: Failed to fetch
=============================
====== JS ERROR CAUGHT ======
Unhandled Promise: TypeError: Failed to fetch
=============================
====== JS ERROR CAUGHT ======
Unhandled Promise: TypeError: Failed to fetch
=============================
====== JS ERROR CAUGHT ======
Unhandled Promise: TypeError: Failed to fetch
=============================
====== JS ERROR CAUGHT ======
Unhandled Promise: TypeError: Failed to fetch
=============================
====== JS ERROR CAUGHT ======
Unhandled Promise: TypeError: Failed to fetch
=============================
====== JS ERROR CAUGHT ======
Unhandled Promise: TypeError: Failed to fetch
=============================
====== JS ERROR CAUGHT ======
Unhandled Promise: TypeError: Failed to fetch
=============================
====== JS ERROR CAUGHT ======
Unhandled Promise: TypeError: Failed to fetch
=============================
====== JS ERROR CAUGHT ======
Unhandled Promise: TypeError: Failed to fetch
=============================
====== JS ERROR CAUGHT ======
Unhandled Promise: TypeError: Failed to fetch
=============================
====== JS ERROR CAUGHT ======
Unhandled Promise: TypeError: Failed to fetch
=============================
====== JS ERROR CAUGHT ======
Unhandled Promise: TypeError: Failed to fetch
=============================
====== JS ERROR CAUGHT ======
Unhandled Promise: TypeError: Failed to fetch
=============================
====== JS ERROR CAUGHT ======
Unhandled Promise: TypeError: Failed to fetch
=============================
====== JS ERROR CAUGHT ======
Unhandled Promise: TypeError: Failed to fetch
=============================
====== JS ERROR CAUGHT ======
Unhandled Promise: TypeError: Failed to fetch
=============================
====== JS ERROR CAUGHT ======
Unhandled Promise: TypeError: Failed to fetch
=============================
====== JS ERROR CAUGHT ======
Unhandled Promise: TypeError: Failed to fetch
=============================
====== JS ERROR CAUGHT ======
Unhandled Promise: TypeError: Failed to fetch
=============================
====== JS ERROR CAUGHT ======
Unhandled Promise: TypeError: Failed to fetch
=============================
====== JS ERROR CAUGHT ======
Unhandled Promise: TypeError: Failed to fetch
=============================
====== JS ERROR CAUGHT ======
Unhandled Promise: TypeError: Failed to fetch
=============================
====== JS ERROR CAUGHT ======
Unhandled Promise: TypeError: Failed to fetch
=============================
====== JS ERROR CAUGHT ======
Unhandled Promise: TypeError: Failed to fetch
=============================
====== JS ERROR CAUGHT ======
Unhandled Promise: TypeError: Failed to fetch
=============================
====== JS ERROR CAUGHT ======
Unhandled Promise: TypeError: Failed to fetch
=============================
====== JS ERROR CAUGHT ======
Unhandled Promise: TypeError: Failed to fetch
=============================
====== JS ERROR CAUGHT ======
Unhandled Promise: TypeError: Failed to fetch
=============================
====== JS ERROR CAUGHT ======
Unhandled Promise: TypeError: Failed to fetch
=============================
====== JS ERROR CAUGHT ======
Unhandled Promise: TypeError: Failed to fetch
=============================
====== JS ERROR CAUGHT ======
Unhandled Promise: TypeError: Failed to fetch
=============================
====== JS ERROR CAUGHT ======
Unhandled Promise: TypeError: Failed to fetch
=============================
====== JS ERROR CAUGHT ======
Unhandled Promise: TypeError: Failed to fetch
=============================
====== JS ERROR CAUGHT ======
Unhandled Promise: TypeError: Failed to fetch
=============================
====== JS ERROR CAUGHT ======
Unhandled Promise: TypeError: Failed to fetch
=============================
====== JS ERROR CAUGHT ======
Unhandled Promise: TypeError: Failed to fetch
=============================
====== JS ERROR CAUGHT ======
Unhandled Promise: TypeError: Failed to fetch
=============================
====== JS ERROR CAUGHT ======
Unhandled Promise: TypeError: Failed to fetch
=============================
====== JS ERROR CAUGHT ======
Unhandled Promise: TypeError: Failed to fetch
=============================
====== JS ERROR CAUGHT ======
Unhandled Promise: TypeError: Failed to fetch
=============================
====== JS ERROR CAUGHT ======
Unhandled Promise: TypeError: Failed to fetch
=============================
====== JS ERROR CAUGHT ======
Unhandled Promise: TypeError: Failed to fetch
=============================
====== JS ERROR CAUGHT ======
Unhandled Promise: TypeError: Failed to fetch
=============================
====== JS ERROR CAUGHT ======
Unhandled Promise: TypeError: Failed to fetch
=============================
====== JS ERROR CAUGHT ======
Unhandled Promise: TypeError: Failed to fetch
=============================
====== JS ERROR CAUGHT ======
Unhandled Promise: TypeError: Failed to fetch
=============================
====== JS ERROR CAUGHT ======
Unhandled Promise: TypeError: Failed to fetch
=============================
====== JS ERROR CAUGHT ======
Unhandled Promise: TypeError: Failed to fetch
=============================
====== JS ERROR CAUGHT ======
Unhandled Promise: TypeError: Failed to fetch
=============================
====== JS ERROR CAUGHT ======
Unhandled Promise: TypeError: Failed to fetch
=============================
====== JS ERROR CAUGHT ======
Unhandled Promise: TypeError: Failed to fetch
=============================
====== JS ERROR CAUGHT ======
Unhandled Promise: TypeError: Failed to fetch
=============================
====== JS ERROR CAUGHT ======
Unhandled Promise: TypeError: Failed to fetch
=============================
====== JS ERROR CAUGHT ======
Unhandled Promise: TypeError: Failed to fetch
=============================
====== JS ERROR CAUGHT ======
Unhandled Promise: TypeError: Failed to fetch
=============================
====== JS ERROR CAUGHT ======
Unhandled Promise: TypeError: Failed to fetch
=============================
====== JS ERROR CAUGHT ======
Unhandled Promise: TypeError: Failed to fetch
=============================
====== JS ERROR CAUGHT ======
Unhandled Promise: TypeError: Failed to fetch
=============================
====== JS ERROR CAUGHT ======
Unhandled Promise: TypeError: Failed to fetch
=============================
====== JS ERROR CAUGHT ======
Unhandled Promise: TypeError: Failed to fetch
=============================
====== JS ERROR CAUGHT ======
Unhandled Promise: TypeError: Failed to fetch
=============================
====== JS ERROR CAUGHT ======
Unhandled Promise: TypeError: Failed to fetch
=============================
====== JS ERROR CAUGHT ======
Unhandled Promise: TypeError: Failed to fetch
=============================
====== JS ERROR CAUGHT ======
Unhandled Promise: TypeError: Failed to fetch
=============================
====== JS ERROR CAUGHT ======
Unhandled Promise: TypeError: Failed to fetch
=============================
====== JS ERROR CAUGHT ======
Unhandled Promise: TypeError: Failed to fetch
=============================
====== JS ERROR CAUGHT ======
Unhandled Promise: TypeError: Failed to fetch
=============================
====== JS ERROR CAUGHT ======
Unhandled Promise: TypeError: Failed to fetch
=============================
====== JS ERROR CAUGHT ======
Unhandled Promise: TypeError: Failed to fetch
=============================
====== JS ERROR CAUGHT ======
Unhandled Promise: TypeError: Failed to fetch
=============================
====== JS ERROR CAUGHT ======
Unhandled Promise: TypeError: Failed to fetch
=============================
====== JS ERROR CAUGHT ======
Unhandled Promise: TypeError: Failed to fetch
=============================
====== JS ERROR CAUGHT ======
Unhandled Promise: TypeError: Failed to fetch
=============================
====== JS ERROR CAUGHT ======
Unhandled Promise: TypeError: Failed to fetch
=============================
====== JS ERROR CAUGHT ======
Unhandled Promise: TypeError: Failed to fetch
=============================
====== JS ERROR CAUGHT ======
Unhandled Promise: TypeError: Failed to fetch
=============================
====== JS ERROR CAUGHT ======
Unhandled Promise: TypeError: Failed to fetch
=============================
====== JS ERROR CAUGHT ======
Unhandled Promise: TypeError: Failed to fetch
=============================
====== JS ERROR CAUGHT ======
Unhandled Promise: TypeError: Failed to fetch
=============================
====== JS ERROR CAUGHT ======
Unhandled Promise: TypeError: Failed to fetch
=============================
====== JS ERROR CAUGHT ======
Unhandled Promise: TypeError: Failed to fetch
=============================
====== JS ERROR CAUGHT ======
Unhandled Promise: TypeError: Failed to fetch
=============================
====== JS ERROR CAUGHT ======
Unhandled Promise: TypeError: Failed to fetch
=============================
====== JS ERROR CAUGHT ======
Unhandled Promise: TypeError: Failed to fetch
=============================
====== JS ERROR CAUGHT ======
Unhandled Promise: TypeError: Failed to fetch
=============================
====== JS ERROR CAUGHT ======
Unhandled Promise: TypeError: Failed to fetch
=============================
====== JS ERROR CAUGHT ======
Unhandled Promise: TypeError: Failed to fetch
=============================
====== JS ERROR CAUGHT ======
Unhandled Promise: TypeError: Failed to fetch
=============================
====== JS ERROR CAUGHT ======
Unhandled Promise: TypeError: Failed to fetch
=============================
====== JS ERROR CAUGHT ======
Unhandled Promise: TypeError: Failed to fetch
=============================
====== JS ERROR CAUGHT ======
Unhandled Promise: TypeError: Failed to fetch
=============================
====== JS ERROR CAUGHT ======
Unhandled Promise: TypeError: Failed to fetch
=============================
====== JS ERROR CAUGHT ======
Unhandled Promise: TypeError: Failed to fetch
=============================
====== JS ERROR CAUGHT ======
Unhandled Promise: TypeError: Failed to fetch
=============================
====== JS ERROR CAUGHT ======
Unhandled Promise: TypeError: Failed to fetch
=============================
====== JS ERROR CAUGHT ======
Unhandled Promise: TypeError: Failed to fetch
=============================
====== JS ERROR CAUGHT ======
Unhandled Promise: TypeError: Failed to fetch
=============================
====== JS ERROR CAUGHT ======
Unhandled Promise: TypeError: Failed to fetch
=============================
====== JS ERROR CAUGHT ======
Unhandled Promise: TypeError: Failed to fetch
=============================
====== JS ERROR CAUGHT ======
Unhandled Promise: TypeError: Failed to fetch
=============================
====== JS ERROR CAUGHT ======
Unhandled Promise: TypeError: Failed to fetch
=============================
====== JS ERROR CAUGHT ======
Unhandled Promise: TypeError: Failed to fetch
=============================
====== JS ERROR CAUGHT ======
Unhandled Promise: TypeError: Failed to fetch
=============================
====== JS ERROR CAUGHT ======
Unhandled Promise: TypeError: Failed to fetch
=============================
====== JS ERROR CAUGHT ======
Unhandled Promise: TypeError: Failed to fetch
=============================
====== JS ERROR CAUGHT ======
Unhandled Promise: TypeError: Failed to fetch
=============================
====== JS ERROR CAUGHT ======
Unhandled Promise: TypeError: Failed to fetch
=============================
====== JS ERROR CAUGHT ======
Unhandled Promise: TypeError: Failed to fetch
=============================
====== JS ERROR CAUGHT ======
Unhandled Promise: TypeError: Failed to fetch
=============================
====== JS ERROR CAUGHT ======
Unhandled Promise: TypeError: Failed to fetch
=============================
====== JS ERROR CAUGHT ======
Unhandled Promise: TypeError: Failed to fetch
=============================
====== JS ERROR CAUGHT ======
Unhandled Promise: TypeError: Failed to fetch
=============================
====== JS ERROR CAUGHT ======
Unhandled Promise: TypeError: Failed to fetch
=============================
====== JS ERROR CAUGHT ======
Unhandled Promise: TypeError: Failed to fetch
=============================
====== JS ERROR CAUGHT ======
Unhandled Promise: TypeError: Failed to fetch
=============================
====== JS ERROR CAUGHT ======
Unhandled Promise: TypeError: Failed to fetch
=============================
====== JS ERROR CAUGHT ======
Unhandled Promise: TypeError: Failed to fetch
=============================
====== JS ERROR CAUGHT ======
Unhandled Promise: TypeError: Failed to fetch
=============================
====== JS ERROR CAUGHT ======
Unhandled Promise: TypeError: Failed to fetch
=============================
====== JS ERROR CAUGHT ======
Unhandled Promise: TypeError: Failed to fetch
=============================
====== JS ERROR CAUGHT ======
Unhandled Promise: TypeError: Failed to fetch
=============================
====== JS ERROR CAUGHT ======
Unhandled Promise: TypeError: Failed to fetch
=============================
====== JS ERROR CAUGHT ======
Unhandled Promise: TypeError: Failed to fetch
=============================
====== JS ERROR CAUGHT ======
Unhandled Promise: TypeError: Failed to fetch
=============================
====== JS ERROR CAUGHT ======
Unhandled Promise: TypeError: Failed to fetch
=============================
====== JS ERROR CAUGHT ======
Unhandled Promise: TypeError: Failed to fetch
=============================
====== JS ERROR CAUGHT ======
Unhandled Promise: TypeError: Failed to fetch
=============================
====== JS ERROR CAUGHT ======
Unhandled Promise: TypeError: Failed to fetch
=============================
====== JS ERROR CAUGHT ======
Unhandled Promise: TypeError: Failed to fetch
=============================
====== JS ERROR CAUGHT ======
Unhandled Promise: TypeError: Failed to fetch
=============================
====== JS ERROR CAUGHT ======
Unhandled Promise: TypeError: Failed to fetch
=============================
====== JS ERROR CAUGHT ======
Unhandled Promise: TypeError: Failed to fetch
=============================
====== JS ERROR CAUGHT ======
Unhandled Promise: TypeError: Failed to fetch
=============================
====== JS ERROR CAUGHT ======
Unhandled Promise: TypeError: Failed to fetch
=============================
====== JS ERROR CAUGHT ======
Unhandled Promise: TypeError: Failed to fetch
=============================
====== JS ERROR CAUGHT ======
Unhandled Promise: TypeError: Failed to fetch
=============================
====== JS ERROR CAUGHT ======
Unhandled Promise: TypeError: Failed to fetch
=============================
====== JS ERROR CAUGHT ======
Unhandled Promise: TypeError: Failed to fetch
=============================
====== JS ERROR CAUGHT ======
Unhandled Promise: TypeError: Failed to fetch
=============================
====== JS ERROR CAUGHT ======
Unhandled Promise: TypeError: Failed to fetch
=============================
====== JS ERROR CAUGHT ======
Unhandled Promise: TypeError: Failed to fetch
=============================
====== JS ERROR CAUGHT ======
Unhandled Promise: TypeError: Failed to fetch
=============================
====== JS ERROR CAUGHT ======
Unhandled Promise: TypeError: Failed to fetch
=============================
====== JS ERROR CAUGHT ======
Unhandled Promise: TypeError: Failed to fetch
=============================
====== JS ERROR CAUGHT ======
Unhandled Promise: TypeError: Failed to fetch
=============================
====== JS ERROR CAUGHT ======
Unhandled Promise: TypeError: Failed to fetch
=============================
====== JS ERROR CAUGHT ======
Unhandled Promise: TypeError: Failed to fetch
=============================
====== JS ERROR CAUGHT ======
Unhandled Promise: TypeError: Failed to fetch
=============================
====== JS ERROR CAUGHT ======
Unhandled Promise: TypeError: Failed to fetch
=============================
====== JS ERROR CAUGHT ======
Unhandled Promise: TypeError: Failed to fetch
=============================
====== JS ERROR CAUGHT ======
Unhandled Promise: TypeError: Failed to fetch
=============================
====== JS ERROR CAUGHT ======
Unhandled Promise: TypeError: Failed to fetch
=============================
====== JS ERROR CAUGHT ======
Unhandled Promise: TypeError: Failed to fetch
=============================
====== JS ERROR CAUGHT ======
Unhandled Promise: TypeError: Failed to fetch
=============================
====== JS ERROR CAUGHT ======
Unhandled Promise: TypeError: Failed to fetch
=============================
====== JS ERROR CAUGHT ======
Unhandled Promise: TypeError: Failed to fetch
=============================
====== JS ERROR CAUGHT ======
Unhandled Promise: TypeError: Failed to fetch
=============================
====== JS ERROR CAUGHT ======
Unhandled Promise: TypeError: Failed to fetch
=============================
====== JS ERROR CAUGHT ======
Unhandled Promise: TypeError: Failed to fetch
=============================
====== JS ERROR CAUGHT ======
Unhandled Promise: TypeError: Failed to fetch
=============================
====== JS ERROR CAUGHT ======
Unhandled Promise: TypeError: Failed to fetch
=============================
====== JS ERROR CAUGHT ======
Unhandled Promise: TypeError: Failed to fetch
=============================
====== JS ERROR CAUGHT ======
Unhandled Promise: TypeError: Failed to fetch
=============================
====== JS ERROR CAUGHT ======
Unhandled Promise: TypeError: Failed to fetch
=============================
====== JS ERROR CAUGHT ======
Unhandled Promise: TypeError: Failed to fetch
=============================
====== JS ERROR CAUGHT ======
Unhandled Promise: TypeError: Failed to fetch
=============================
====== JS ERROR CAUGHT ======
Unhandled Promise: TypeError: Failed to fetch
=============================
====== JS ERROR CAUGHT ======
Unhandled Promise: TypeError: Failed to fetch
=============================
====== JS ERROR CAUGHT ======
Unhandled Promise: TypeError: Failed to fetch
=============================
====== JS ERROR CAUGHT ======
Unhandled Promise: TypeError: Failed to fetch
=============================
====== JS ERROR CAUGHT ======
Unhandled Promise: TypeError: Failed to fetch
=============================
====== JS ERROR CAUGHT ======
Unhandled Promise: TypeError: Failed to fetch
=============================
====== JS ERROR CAUGHT ======
Unhandled Promise: TypeError: Failed to fetch
=============================
====== JS ERROR CAUGHT ======
Unhandled Promise: TypeError: Failed to fetch
=============================
====== JS ERROR CAUGHT ======
Unhandled Promise: TypeError: Failed to fetch
=============================
====== JS ERROR CAUGHT ======
Unhandled Promise: TypeError: Failed to fetch
=============================
====== JS ERROR CAUGHT ======
Unhandled Promise: TypeError: Failed to fetch
=============================
====== JS ERROR CAUGHT ======
Unhandled Promise: TypeError: Failed to fetch
=============================
====== JS ERROR CAUGHT ======
Unhandled Promise: TypeError: Failed to fetch
=============================
====== JS ERROR CAUGHT ======
Unhandled Promise: TypeError: Failed to fetch
=============================
====== JS ERROR CAUGHT ======
Unhandled Promise: TypeError: Failed to fetch
=============================
====== JS ERROR CAUGHT ======
Unhandled Promise: TypeError: Failed to fetch
=============================
====== JS ERROR CAUGHT ======
Unhandled Promise: TypeError: Failed to fetch
=============================
====== JS ERROR CAUGHT ======
Unhandled Promise: TypeError: Failed to fetch
=============================
====== JS ERROR CAUGHT ======
Unhandled Promise: TypeError: Failed to fetch
=============================
====== JS ERROR CAUGHT ======
Unhandled Promise: TypeError: Failed to fetch
=============================
====== JS ERROR CAUGHT ======
Unhandled Promise: TypeError: Failed to fetch
=============================
====== JS ERROR CAUGHT ======
Unhandled Promise: TypeError: Failed to fetch
=============================
====== JS ERROR CAUGHT ======
Unhandled Promise: TypeError: Failed to fetch
=============================
====== JS ERROR CAUGHT ======
Unhandled Promise: TypeError: Failed to fetch
=============================
====== JS ERROR CAUGHT ======
Unhandled Promise: TypeError: Failed to fetch
=============================
====== JS ERROR CAUGHT ======
Unhandled Promise: TypeError: Failed to fetch
=============================
====== JS ERROR CAUGHT ======
Unhandled Promise: TypeError: Failed to fetch
=============================
====== JS ERROR CAUGHT ======
Unhandled Promise: TypeError: Failed to fetch
=============================
====== JS ERROR CAUGHT ======
Unhandled Promise: TypeError: Failed to fetch
=============================
====== JS ERROR CAUGHT ======
Unhandled Promise: TypeError: Failed to fetch
=============================
====== JS ERROR CAUGHT ======
Unhandled Promise: TypeError: Failed to fetch
=============================
====== JS ERROR CAUGHT ======
Unhandled Promise: TypeError: Failed to fetch
=============================
====== JS ERROR CAUGHT ======
Unhandled Promise: TypeError: Failed to fetch
=============================
====== JS ERROR CAUGHT ======
Unhandled Promise: TypeError: Failed to fetch
=============================
====== JS ERROR CAUGHT ======
Unhandled Promise: TypeError: Failed to fetch
=============================
====== JS ERROR CAUGHT ======
Unhandled Promise: TypeError: Failed to fetch
=============================
====== JS ERROR CAUGHT ======
Unhandled Promise: TypeError: Failed to fetch
=============================
====== JS ERROR CAUGHT ======
Unhandled Promise: TypeError: Failed to fetch
=============================
====== JS ERROR CAUGHT ======
Unhandled Promise: TypeError: Failed to fetch
=============================
====== JS ERROR CAUGHT ======
Unhandled Promise: TypeError: Failed to fetch
=============================
====== JS ERROR CAUGHT ======
Unhandled Promise: TypeError: Failed to fetch
=============================
====== JS ERROR CAUGHT ======
Unhandled Promise: TypeError: Failed to fetch
=============================
====== JS ERROR CAUGHT ======
Unhandled Promise: TypeError: Failed to fetch
=============================
====== JS ERROR CAUGHT ======
Unhandled Promise: TypeError: Failed to fetch
=============================
====== JS ERROR CAUGHT ======
Unhandled Promise: TypeError: Failed to fetch
=============================
====== JS ERROR CAUGHT ======
Unhandled Promise: TypeError: Failed to fetch
=============================
====== JS ERROR CAUGHT ======
Unhandled Promise: TypeError: Failed to fetch
=============================
====== JS ERROR CAUGHT ======
Unhandled Promise: TypeError: Failed to fetch
=============================
====== JS ERROR CAUGHT ======
Unhandled Promise: TypeError: Failed to fetch
=============================
====== JS ERROR CAUGHT ======
Unhandled Promise: TypeError: Failed to fetch
=============================
====== JS ERROR CAUGHT ======
Unhandled Promise: TypeError: Failed to fetch
=============================
====== JS ERROR CAUGHT ======
Unhandled Promise: TypeError: Failed to fetch
=============================
====== JS ERROR CAUGHT ======
Unhandled Promise: TypeError: Failed to fetch
=============================
====== JS ERROR CAUGHT ======
Unhandled Promise: TypeError: Failed to fetch
=============================
====== JS ERROR CAUGHT ======
Unhandled Promise: TypeError: Failed to fetch
=============================
====== JS ERROR CAUGHT ======
Unhandled Promise: TypeError: Failed to fetch
=============================
====== JS ERROR CAUGHT ======
Unhandled Promise: TypeError: Failed to fetch
=============================
====== JS ERROR CAUGHT ======
Unhandled Promise: TypeError: Failed to fetch
=============================
====== JS ERROR CAUGHT ======
Unhandled Promise: TypeError: Failed to fetch
=============================
====== JS ERROR CAUGHT ======
Unhandled Promise: TypeError: Failed to fetch
=============================
====== JS ERROR CAUGHT ======
Unhandled Promise: TypeError: Failed to fetch
=============================
====== JS ERROR CAUGHT ======
Unhandled Promise: TypeError: Failed to fetch
=============================
====== JS ERROR CAUGHT ======
Unhandled Promise: TypeError: Failed to fetch
=============================
====== JS ERROR CAUGHT ======
Unhandled Promise: TypeError: Failed to fetch
=============================
====== JS ERROR CAUGHT ======
Unhandled Promise: TypeError: Failed to fetch
=============================
====== JS ERROR CAUGHT ======
Unhandled Promise: TypeError: Failed to fetch
=============================
====== JS ERROR CAUGHT ======
Unhandled Promise: TypeError: Failed to fetch
=============================
====== JS ERROR CAUGHT ======
Unhandled Promise: TypeError: Failed to fetch
=============================
====== JS ERROR CAUGHT ======
Unhandled Promise: TypeError: Failed to fetch
=============================
====== JS ERROR CAUGHT ======
Unhandled Promise: TypeError: Failed to fetch
=============================
====== JS ERROR CAUGHT ======
Unhandled Promise: TypeError: Failed to fetch
=============================
====== JS ERROR CAUGHT ======
Unhandled Promise: TypeError: Failed to fetch
=============================
====== JS ERROR CAUGHT ======
Unhandled Promise: TypeError: Failed to fetch
=============================
====== JS ERROR CAUGHT ======
Unhandled Promise: TypeError: Failed to fetch
=============================
====== JS ERROR CAUGHT ======
Unhandled Promise: TypeError: Failed to fetch
=============================
====== JS ERROR CAUGHT ======
Unhandled Promise: TypeError: Failed to fetch
=============================
====== JS ERROR CAUGHT ======
Unhandled Promise: TypeError: Failed to fetch
=============================
====== JS ERROR CAUGHT ======
Unhandled Promise: TypeError: Failed to fetch
=============================
====== JS ERROR CAUGHT ======
Unhandled Promise: TypeError: Failed to fetch
=============================
====== JS ERROR CAUGHT ======
Unhandled Promise: TypeError: Failed to fetch
=============================
====== JS ERROR CAUGHT ======
Unhandled Promise: TypeError: Failed to fetch
=============================
====== JS ERROR CAUGHT ======
Unhandled Promise: TypeError: Failed to fetch
=============================
====== JS ERROR CAUGHT ======
Unhandled Promise: TypeError: Failed to fetch
=============================
====== JS ERROR CAUGHT ======
Unhandled Promise: TypeError: Failed to fetch
=============================
====== JS ERROR CAUGHT ======
Unhandled Promise: TypeError: Failed to fetch
=============================
====== JS ERROR CAUGHT ======
Unhandled Promise: TypeError: Failed to fetch
=============================
====== JS ERROR CAUGHT ======
Unhandled Promise: TypeError: Failed to fetch
=============================
====== JS ERROR CAUGHT ======
Unhandled Promise: TypeError: Failed to fetch
=============================
====== JS ERROR CAUGHT ======
Unhandled Promise: TypeError: Failed to fetch
=============================
====== JS ERROR CAUGHT ======
Unhandled Promise: TypeError: Failed to fetch
=============================
====== JS ERROR CAUGHT ======
Unhandled Promise: TypeError: Failed to fetch
=============================
====== JS ERROR CAUGHT ======
Unhandled Promise: TypeError: Failed to fetch
=============================
====== JS ERROR CAUGHT ======
Unhandled Promise: TypeError: Failed to fetch
=============================
====== JS ERROR CAUGHT ======
Unhandled Promise: TypeError: Failed to fetch
=============================
====== JS ERROR CAUGHT ======
Unhandled Promise: TypeError: Failed to fetch
=============================
====== JS ERROR CAUGHT ======
Unhandled Promise: TypeError: Failed to fetch
=============================
====== JS ERROR CAUGHT ======
Unhandled Promise: TypeError: Failed to fetch
=============================
====== JS ERROR CAUGHT ======
Unhandled Promise: TypeError: Failed to fetch
=============================
====== JS ERROR CAUGHT ======
Unhandled Promise: TypeError: Failed to fetch
=============================
====== JS ERROR CAUGHT ======
Unhandled Promise: TypeError: Failed to fetch
=============================
====== JS ERROR CAUGHT ======
Unhandled Promise: TypeError: Failed to fetch
=============================
====== JS ERROR CAUGHT ======
Unhandled Promise: TypeError: Failed to fetch
=============================
====== JS ERROR CAUGHT ======
Unhandled Promise: TypeError: Failed to fetch
=============================
====== JS ERROR CAUGHT ======
Unhandled Promise: TypeError: Failed to fetch
=============================
====== JS ERROR CAUGHT ======
Unhandled Promise: TypeError: Failed to fetch
=============================
====== JS ERROR CAUGHT ======
Unhandled Promise: TypeError: Failed to fetch
=============================
====== JS ERROR CAUGHT ======
Unhandled Promise: TypeError: Failed to fetch
=============================
====== JS ERROR CAUGHT ======
Unhandled Promise: TypeError: Failed to fetch
=============================
====== JS ERROR CAUGHT ======
Unhandled Promise: TypeError: Failed to fetch
=============================
====== JS ERROR CAUGHT ======
Unhandled Promise: TypeError: Failed to fetch
=============================
====== JS ERROR CAUGHT ======
Unhandled Promise: TypeError: Failed to fetch
=============================
====== JS ERROR CAUGHT ======
Unhandled Promise: TypeError: Failed to fetch
=============================
====== JS ERROR CAUGHT ======
Unhandled Promise: TypeError: Failed to fetch
=============================
====== JS ERROR CAUGHT ======
Unhandled Promise: TypeError: Failed to fetch
=============================
====== JS ERROR CAUGHT ======
Unhandled Promise: TypeError: Failed to fetch
=============================
====== JS ERROR CAUGHT ======
Unhandled Promise: TypeError: Failed to fetch
=============================
====== JS ERROR CAUGHT ======
Unhandled Promise: TypeError: Failed to fetch
=============================
====== JS ERROR CAUGHT ======
Unhandled Promise: TypeError: Failed to fetch
=============================
====== JS ERROR CAUGHT ======
Unhandled Promise: TypeError: Failed to fetch
=============================
====== JS ERROR CAUGHT ======
Unhandled Promise: TypeError: Failed to fetch
=============================
====== JS ERROR CAUGHT ======
Unhandled Promise: TypeError: Failed to fetch
=============================
====== JS ERROR CAUGHT ======
Unhandled Promise: TypeError: Failed to fetch
=============================
====== JS ERROR CAUGHT ======
Unhandled Promise: TypeError: Failed to fetch
=============================
====== JS ERROR CAUGHT ======
Unhandled Promise: TypeError: Failed to fetch
=============================
====== JS ERROR CAUGHT ======
Unhandled Promise: TypeError: Failed to fetch
=============================
====== JS ERROR CAUGHT ======
Unhandled Promise: TypeError: Failed to fetch
=============================
====== JS ERROR CAUGHT ======
Unhandled Promise: TypeError: Failed to fetch
=============================
====== JS ERROR CAUGHT ======
Unhandled Promise: TypeError: Failed to fetch
=============================
====== JS ERROR CAUGHT ======
Unhandled Promise: TypeError: Failed to fetch
=============================
====== JS ERROR CAUGHT ======
Unhandled Promise: TypeError: Failed to fetch
=============================
====== JS ERROR CAUGHT ======
Unhandled Promise: TypeError: Failed to fetch
=============================
====== JS ERROR CAUGHT ======
Unhandled Promise: TypeError: Failed to fetch
=============================
====== JS ERROR CAUGHT ======
Unhandled Promise: TypeError: Failed to fetch
=============================
====== JS ERROR CAUGHT ======
Unhandled Promise: TypeError: Failed to fetch
=============================
====== JS ERROR CAUGHT ======
Unhandled Promise: TypeError: Failed to fetch
=============================
====== JS ERROR CAUGHT ======
Unhandled Promise: TypeError: Failed to fetch
=============================
====== JS ERROR CAUGHT ======
Unhandled Promise: TypeError: Failed to fetch
=============================
====== JS ERROR CAUGHT ======
Unhandled Promise: TypeError: Failed to fetch
=============================
====== JS ERROR CAUGHT ======
Unhandled Promise: TypeError: Failed to fetch
=============================
====== JS ERROR CAUGHT ======
Unhandled Promise: TypeError: Failed to fetch
=============================
====== JS ERROR CAUGHT ======
Unhandled Promise: TypeError: Failed to fetch
=============================
====== JS ERROR CAUGHT ======
Unhandled Promise: TypeError: Failed to fetch
=============================
====== JS ERROR CAUGHT ======
Unhandled Promise: TypeError: Failed to fetch
=============================
====== JS ERROR CAUGHT ======
Unhandled Promise: TypeError: Failed to fetch
=============================
====== JS ERROR CAUGHT ======
Unhandled Promise: TypeError: Failed to fetch
=============================
====== JS ERROR CAUGHT ======
Unhandled Promise: TypeError: Failed to fetch
=============================
====== JS ERROR CAUGHT ======
Unhandled Promise: TypeError: Failed to fetch
=============================
====== JS ERROR CAUGHT ======
Unhandled Promise: TypeError: Failed to fetch
=============================
====== JS ERROR CAUGHT ======
Unhandled Promise: TypeError: Failed to fetch
=============================
====== JS ERROR CAUGHT ======
Unhandled Promise: TypeError: Failed to fetch
=============================
====== JS ERROR CAUGHT ======
Unhandled Promise: TypeError: Failed to fetch
=============================
====== JS ERROR CAUGHT ======
Unhandled Promise: TypeError: Failed to fetch
=============================
====== JS ERROR CAUGHT ======
Unhandled Promise: TypeError: Failed to fetch
=============================
====== JS ERROR CAUGHT ======
Unhandled Promise: TypeError: Failed to fetch
=============================
====== JS ERROR CAUGHT ======
Unhandled Promise: TypeError: Failed to fetch
=============================
====== JS ERROR CAUGHT ======
Unhandled Promise: TypeError: Failed to fetch
=============================
====== JS ERROR CAUGHT ======
Unhandled Promise: TypeError: Failed to fetch
=============================
====== JS ERROR CAUGHT ======
Unhandled Promise: TypeError: Failed to fetch
=============================
====== JS ERROR CAUGHT ======
Unhandled Promise: TypeError: Failed to fetch
=============================
====== JS ERROR CAUGHT ======
Unhandled Promise: TypeError: Failed to fetch
=============================
====== JS ERROR CAUGHT ======
Unhandled Promise: TypeError: Failed to fetch
=============================
====== JS ERROR CAUGHT ======
Unhandled Promise: TypeError: Failed to fetch
=============================
====== JS ERROR CAUGHT ======
Unhandled Promise: TypeError: Failed to fetch
=============================
====== JS ERROR CAUGHT ======
Unhandled Promise: TypeError: Failed to fetch
=============================
====== JS ERROR CAUGHT ======
Unhandled Promise: TypeError: Failed to fetch
=============================
====== JS ERROR CAUGHT ======
Unhandled Promise: TypeError: Failed to fetch
=============================
====== JS ERROR CAUGHT ======
Unhandled Promise: TypeError: Failed to fetch
=============================
====== JS ERROR CAUGHT ======
Unhandled Promise: TypeError: Failed to fetch
=============================
====== JS ERROR CAUGHT ======
Unhandled Promise: TypeError: Failed to fetch
=============================
====== JS ERROR CAUGHT ======
Unhandled Promise: TypeError: Failed to fetch
=============================
====== JS ERROR CAUGHT ======
Unhandled Promise: TypeError: Failed to fetch
=============================
====== JS ERROR CAUGHT ======
Unhandled Promise: TypeError: Failed to fetch
=============================
====== JS ERROR CAUGHT ======
Unhandled Promise: TypeError: Failed to fetch
=============================
====== JS ERROR CAUGHT ======
Unhandled Promise: TypeError: Failed to fetch
=============================
====== JS ERROR CAUGHT ======
Unhandled Promise: TypeError: Failed to fetch
=============================
====== JS ERROR CAUGHT ======
Unhandled Promise: TypeError: Failed to fetch
=============================
====== JS ERROR CAUGHT ======
Unhandled Promise: TypeError: Failed to fetch
=============================
====== JS ERROR CAUGHT ======
Unhandled Promise: TypeError: Failed to fetch
=============================
====== JS ERROR CAUGHT ======
Unhandled Promise: TypeError: Failed to fetch
=============================
====== JS ERROR CAUGHT ======
Unhandled Promise: TypeError: Failed to fetch
=============================
====== JS ERROR CAUGHT ======
Unhandled Promise: TypeError: Failed to fetch
=============================
====== JS ERROR CAUGHT ======
Unhandled Promise: TypeError: Failed to fetch
=============================
====== JS ERROR CAUGHT ======
Unhandled Promise: TypeError: Failed to fetch
=============================
====== JS ERROR CAUGHT ======
Unhandled Promise: TypeError: Failed to fetch
=============================
====== JS ERROR CAUGHT ======
Unhandled Promise: TypeError: Failed to fetch
=============================
====== JS ERROR CAUGHT ======
Unhandled Promise: TypeError: Failed to fetch
=============================
====== JS ERROR CAUGHT ======
Unhandled Promise: TypeError: Failed to fetch
=============================
====== JS ERROR CAUGHT ======
Unhandled Promise: TypeError: Failed to fetch
=============================
====== JS ERROR CAUGHT ======
Unhandled Promise: TypeError: Failed to fetch
=============================
====== JS ERROR CAUGHT ======
Unhandled Promise: TypeError: Failed to fetch
=============================
====== JS ERROR CAUGHT ======
Unhandled Promise: TypeError: Failed to fetch
=============================
====== JS ERROR CAUGHT ======
Unhandled Promise: TypeError: Failed to fetch
=============================
====== JS ERROR CAUGHT ======
Unhandled Promise: TypeError: Failed to fetch
=============================
====== JS ERROR CAUGHT ======
Unhandled Promise: TypeError: Failed to fetch
=============================
====== JS ERROR CAUGHT ======
Unhandled Promise: TypeError: Failed to fetch
=============================
====== JS ERROR CAUGHT ======
Unhandled Promise: TypeError: Failed to fetch
=============================
====== JS ERROR CAUGHT ======
Unhandled Promise: TypeError: Failed to fetch
=============================
====== JS ERROR CAUGHT ======
Unhandled Promise: TypeError: Failed to fetch
=============================
====== JS ERROR CAUGHT ======
Unhandled Promise: TypeError: Failed to fetch
=============================
====== JS ERROR CAUGHT ======
Unhandled Promise: TypeError: Failed to fetch
=============================
====== JS ERROR CAUGHT ======
Unhandled Promise: TypeError: Failed to fetch
=============================
====== JS ERROR CAUGHT ======
Unhandled Promise: TypeError: Failed to fetch
=============================
====== JS ERROR CAUGHT ======
Unhandled Promise: TypeError: Failed to fetch
=============================
====== JS ERROR CAUGHT ======
Unhandled Promise: TypeError: Failed to fetch
=============================
====== JS ERROR CAUGHT ======
Unhandled Promise: TypeError: Failed to fetch
=============================
====== JS ERROR CAUGHT ======
Unhandled Promise: TypeError: Failed to fetch
=============================
====== JS ERROR CAUGHT ======
Unhandled Promise: TypeError: Failed to fetch
=============================
====== JS ERROR CAUGHT ======
Unhandled Promise: TypeError: Failed to fetch
=============================
====== JS ERROR CAUGHT ======
Unhandled Promise: TypeError: Failed to fetch
=============================
====== JS ERROR CAUGHT ======
Unhandled Promise: TypeError: Failed to fetch
=============================
====== JS ERROR CAUGHT ======
Unhandled Promise: TypeError: Failed to fetch
=============================
====== JS ERROR CAUGHT ======
Unhandled Promise: TypeError: Failed to fetch
=============================
====== JS ERROR CAUGHT ======
Unhandled Promise: TypeError: Failed to fetch
=============================
====== JS ERROR CAUGHT ======
Unhandled Promise: TypeError: Failed to fetch
=============================
====== JS ERROR CAUGHT ======
Unhandled Promise: TypeError: Failed to fetch
=============================
====== JS ERROR CAUGHT ======
Unhandled Promise: TypeError: Failed to fetch
=============================
====== JS ERROR CAUGHT ======
Unhandled Promise: TypeError: Failed to fetch
=============================
====== JS ERROR CAUGHT ======
Unhandled Promise: TypeError: Failed to fetch
=============================
====== JS ERROR CAUGHT ======
Unhandled Promise: TypeError: Failed to fetch
=============================
====== JS ERROR CAUGHT ======
Unhandled Promise: TypeError: Failed to fetch
=============================
====== JS ERROR CAUGHT ======
Unhandled Promise: TypeError: Failed to fetch
=============================
====== JS ERROR CAUGHT ======
Unhandled Promise: TypeError: Failed to fetch
=============================
====== JS ERROR CAUGHT ======
Unhandled Promise: TypeError: Failed to fetch
=============================
====== JS ERROR CAUGHT ======
Unhandled Promise: TypeError: Failed to fetch
=============================
====== JS ERROR CAUGHT ======
Unhandled Promise: TypeError: Failed to fetch
=============================
====== JS ERROR CAUGHT ======
Unhandled Promise: TypeError: Failed to fetch
=============================
====== JS ERROR CAUGHT ======
Unhandled Promise: TypeError: Failed to fetch
=============================
====== JS ERROR CAUGHT ======
Unhandled Promise: TypeError: Failed to fetch
=============================
====== JS ERROR CAUGHT ======
Unhandled Promise: TypeError: Failed to fetch
=============================
====== JS ERROR CAUGHT ======
Unhandled Promise: TypeError: Failed to fetch
=============================
====== JS ERROR CAUGHT ======
Unhandled Promise: TypeError: Failed to fetch
=============================
====== JS ERROR CAUGHT ======
Unhandled Promise: TypeError: Failed to fetch
=============================
====== JS ERROR CAUGHT ======
Unhandled Promise: TypeError: Failed to fetch
=============================
====== JS ERROR CAUGHT ======
Unhandled Promise: TypeError: Failed to fetch
=============================
====== JS ERROR CAUGHT ======
Unhandled Promise: TypeError: Failed to fetch
=============================
====== JS ERROR CAUGHT ======
Unhandled Promise: TypeError: Failed to fetch
=============================
====== JS ERROR CAUGHT ======
Unhandled Promise: TypeError: Failed to fetch
=============================
====== JS ERROR CAUGHT ======
Unhandled Promise: TypeError: Failed to fetch
=============================
====== JS ERROR CAUGHT ======
Unhandled Promise: TypeError: Failed to fetch
=============================
====== JS ERROR CAUGHT ======
Unhandled Promise: TypeError: Failed to fetch
=============================
====== JS ERROR CAUGHT ======
Unhandled Promise: TypeError: Failed to fetch
=============================
====== JS ERROR CAUGHT ======
Unhandled Promise: TypeError: Failed to fetch
=============================
====== JS ERROR CAUGHT ======
Unhandled Promise: TypeError: Failed to fetch
=============================
====== JS ERROR CAUGHT ======
Unhandled Promise: TypeError: Failed to fetch
=============================
====== JS ERROR CAUGHT ======
Unhandled Promise: TypeError: Failed to fetch
=============================
====== JS ERROR CAUGHT ======
Unhandled Promise: TypeError: Failed to fetch
=============================
====== JS ERROR CAUGHT ======
Unhandled Promise: TypeError: Failed to fetch
=============================
====== JS ERROR CAUGHT ======
Unhandled Promise: TypeError: Failed to fetch
=============================
====== JS ERROR CAUGHT ======
Unhandled Promise: TypeError: Failed to fetch
=============================
====== JS ERROR CAUGHT ======
Unhandled Promise: TypeError: Failed to fetch
=============================
====== JS ERROR CAUGHT ======
Unhandled Promise: TypeError: Failed to fetch
=============================
====== JS ERROR CAUGHT ======
Unhandled Promise: TypeError: Failed to fetch
=============================
====== JS ERROR CAUGHT ======
Unhandled Promise: TypeError: Failed to fetch
=============================
====== JS ERROR CAUGHT ======
Unhandled Promise: TypeError: Failed to fetch
=============================
====== JS ERROR CAUGHT ======
Unhandled Promise: TypeError: Failed to fetch
=============================
====== JS ERROR CAUGHT ======
Unhandled Promise: TypeError: Failed to fetch
=============================
====== JS ERROR CAUGHT ======
Unhandled Promise: TypeError: Failed to fetch
=============================
====== JS ERROR CAUGHT ======
Unhandled Promise: TypeError: Failed to fetch
=============================
====== JS ERROR CAUGHT ======
Unhandled Promise: TypeError: Failed to fetch
=============================
====== JS ERROR CAUGHT ======
Unhandled Promise: TypeError: Failed to fetch
=============================
====== JS ERROR CAUGHT ======
Unhandled Promise: TypeError: Failed to fetch
=============================
====== JS ERROR CAUGHT ======
Unhandled Promise: TypeError: Failed to fetch
=============================
====== JS ERROR CAUGHT ======
Unhandled Promise: TypeError: Failed to fetch
=============================
====== JS ERROR CAUGHT ======
Unhandled Promise: TypeError: Failed to fetch
=============================
====== JS ERROR CAUGHT ======
Unhandled Promise: TypeError: Failed to fetch
=============================
====== JS ERROR CAUGHT ======
Unhandled Promise: TypeError: Failed to fetch
=============================
====== JS ERROR CAUGHT ======
Unhandled Promise: TypeError: Failed to fetch
=============================
====== JS ERROR CAUGHT ======
Unhandled Promise: TypeError: Failed to fetch
=============================
====== JS ERROR CAUGHT ======
Unhandled Promise: TypeError: Failed to fetch
=============================
====== JS ERROR CAUGHT ======
Unhandled Promise: TypeError: Failed to fetch
=============================
====== JS ERROR CAUGHT ======
Unhandled Promise: TypeError: Failed to fetch
=============================
====== JS ERROR CAUGHT ======
Unhandled Promise: TypeError: Failed to fetch
=============================
====== JS ERROR CAUGHT ======
Unhandled Promise: TypeError: Failed to fetch
=============================
====== JS ERROR CAUGHT ======
Unhandled Promise: TypeError: Failed to fetch
=============================
====== JS ERROR CAUGHT ======
Unhandled Promise: TypeError: Failed to fetch
=============================
====== JS ERROR CAUGHT ======
Unhandled Promise: TypeError: Failed to fetch
=============================
====== JS ERROR CAUGHT ======
Unhandled Promise: TypeError: Failed to fetch
=============================
====== JS ERROR CAUGHT ======
Unhandled Promise: TypeError: Failed to fetch
=============================
====== JS ERROR CAUGHT ======
Unhandled Promise: TypeError: Failed to fetch
=============================
====== JS ERROR CAUGHT ======
Unhandled Promise: TypeError: Failed to fetch
=============================
====== JS ERROR CAUGHT ======
Unhandled Promise: TypeError: Failed to fetch
=============================
====== JS ERROR CAUGHT ======
Unhandled Promise: TypeError: Failed to fetch
=============================
====== JS ERROR CAUGHT ======
Unhandled Promise: TypeError: Failed to fetch
=============================
====== JS ERROR CAUGHT ======
Unhandled Promise: TypeError: Failed to fetch
=============================
====== JS ERROR CAUGHT ======
Unhandled Promise: TypeError: Failed to fetch
=============================
====== JS ERROR CAUGHT ======
Unhandled Promise: TypeError: Failed to fetch
=============================
====== JS ERROR CAUGHT ======
Unhandled Promise: TypeError: Failed to fetch
=============================
====== JS ERROR CAUGHT ======
Unhandled Promise: TypeError: Failed to fetch
=============================
====== JS ERROR CAUGHT ======
Unhandled Promise: TypeError: Failed to fetch
=============================
====== JS ERROR CAUGHT ======
Unhandled Promise: TypeError: Failed to fetch
=============================
====== JS ERROR CAUGHT ======
Unhandled Promise: TypeError: Failed to fetch
=============================
====== JS ERROR CAUGHT ======
Unhandled Promise: TypeError: Failed to fetch
=============================
====== JS ERROR CAUGHT ======
Unhandled Promise: TypeError: Failed to fetch
=============================
====== JS ERROR CAUGHT ======
Unhandled Promise: TypeError: Failed to fetch
=============================
====== JS ERROR CAUGHT ======
Unhandled Promise: TypeError: Failed to fetch
=============================
====== JS ERROR CAUGHT ======
Unhandled Promise: TypeError: Failed to fetch
=============================
====== JS ERROR CAUGHT ======
Unhandled Promise: TypeError: Failed to fetch
=============================
====== JS ERROR CAUGHT ======
Unhandled Promise: TypeError: Failed to fetch
=============================
====== JS ERROR CAUGHT ======
Unhandled Promise: TypeError: Failed to fetch
=============================
====== JS ERROR CAUGHT ======
Unhandled Promise: TypeError: Failed to fetch
=============================
====== JS ERROR CAUGHT ======
Unhandled Promise: TypeError: Failed to fetch
=============================
====== JS ERROR CAUGHT ======
Unhandled Promise: TypeError: Failed to fetch
=============================
====== JS ERROR CAUGHT ======
Unhandled Promise: TypeError: Failed to fetch
=============================
====== JS ERROR CAUGHT ======
Unhandled Promise: TypeError: Failed to fetch
=============================
====== JS ERROR CAUGHT ======
Unhandled Promise: TypeError: Failed to fetch
=============================
====== JS ERROR CAUGHT ======
Unhandled Promise: TypeError: Failed to fetch
=============================
====== JS ERROR CAUGHT ======
Unhandled Promise: TypeError: Failed to fetch
=============================
====== JS ERROR CAUGHT ======
Unhandled Promise: TypeError: Failed to fetch
=============================
====== JS ERROR CAUGHT ======
Unhandled Promise: TypeError: Failed to fetch
=============================
====== JS ERROR CAUGHT ======
Unhandled Promise: TypeError: Failed to fetch
=============================
====== JS ERROR CAUGHT ======
Unhandled Promise: TypeError: Failed to fetch
=============================
====== JS ERROR CAUGHT ======
Unhandled Promise: TypeError: Failed to fetch
=============================
====== JS ERROR CAUGHT ======
Unhandled Promise: TypeError: Failed to fetch
=============================
====== JS ERROR CAUGHT ======
Unhandled Promise: TypeError: Failed to fetch
=============================
====== JS ERROR CAUGHT ======
Unhandled Promise: TypeError: Failed to fetch
=============================
====== JS ERROR CAUGHT ======
Unhandled Promise: TypeError: Failed to fetch
=============================
====== JS ERROR CAUGHT ======
Unhandled Promise: TypeError: Failed to fetch
=============================
====== JS ERROR CAUGHT ======
Unhandled Promise: TypeError: Failed to fetch
=============================
====== JS ERROR CAUGHT ======
Unhandled Promise: TypeError: Failed to fetch
=============================
====== JS ERROR CAUGHT ======
Unhandled Promise: TypeError: Failed to fetch
=============================
====== JS ERROR CAUGHT ======
Unhandled Promise: TypeError: Failed to fetch
=============================
====== JS ERROR CAUGHT ======
Unhandled Promise: TypeError: Failed to fetch
=============================
====== JS ERROR CAUGHT ======
Unhandled Promise: TypeError: Failed to fetch
=============================
====== JS ERROR CAUGHT ======
Unhandled Promise: TypeError: Failed to fetch
=============================
====== JS ERROR CAUGHT ======
Unhandled Promise: TypeError: Failed to fetch
=============================
====== JS ERROR CAUGHT ======
Unhandled Promise: TypeError: Failed to fetch
=============================
====== JS ERROR CAUGHT ======
Unhandled Promise: TypeError: Failed to fetch
=============================
====== JS ERROR CAUGHT ======
Unhandled Promise: TypeError: Failed to fetch
=============================
====== JS ERROR CAUGHT ======
Unhandled Promise: TypeError: Failed to fetch
=============================
====== JS ERROR CAUGHT ======
Unhandled Promise: TypeError: Failed to fetch
=============================
====== JS ERROR CAUGHT ======
Unhandled Promise: TypeError: Failed to fetch
=============================
====== JS ERROR CAUGHT ======
Unhandled Promise: TypeError: Failed to fetch
=============================
====== JS ERROR CAUGHT ======
Unhandled Promise: TypeError: Failed to fetch
=============================
====== JS ERROR CAUGHT ======
Unhandled Promise: TypeError: Failed to fetch
=============================
====== JS ERROR CAUGHT ======
Unhandled Promise: TypeError: Failed to fetch
=============================
====== JS ERROR CAUGHT ======
Unhandled Promise: TypeError: Failed to fetch
=============================
====== JS ERROR CAUGHT ======
Unhandled Promise: TypeError: Failed to fetch
=============================
====== JS ERROR CAUGHT ======
Unhandled Promise: TypeError: Failed to fetch
=============================
====== JS ERROR CAUGHT ======
Unhandled Promise: TypeError: Failed to fetch
=============================
====== JS ERROR CAUGHT ======
Unhandled Promise: TypeError: Failed to fetch
=============================
====== JS ERROR CAUGHT ======
Unhandled Promise: TypeError: Failed to fetch
=============================
====== JS ERROR CAUGHT ======
Unhandled Promise: TypeError: Failed to fetch
=============================
====== JS ERROR CAUGHT ======
Unhandled Promise: TypeError: Failed to fetch
=============================
====== JS ERROR CAUGHT ======
Unhandled Promise: TypeError: Failed to fetch
=============================
====== JS ERROR CAUGHT ======
Unhandled Promise: TypeError: Failed to fetch
=============================
====== JS ERROR CAUGHT ======
Unhandled Promise: TypeError: Failed to fetch
=============================
====== JS ERROR CAUGHT ======
Unhandled Promise: TypeError: Failed to fetch
=============================
====== JS ERROR CAUGHT ======
Unhandled Promise: TypeError: Failed to fetch
=============================
====== JS ERROR CAUGHT ======
Unhandled Promise: TypeError: Failed to fetch
=============================
====== JS ERROR CAUGHT ======
Unhandled Promise: TypeError: Failed to fetch
=============================
====== JS ERROR CAUGHT ======
Unhandled Promise: TypeError: Failed to fetch
=============================
====== JS ERROR CAUGHT ======
Unhandled Promise: TypeError: Failed to fetch
=============================
====== JS ERROR CAUGHT ======
Unhandled Promise: TypeError: Failed to fetch
=============================
====== JS ERROR CAUGHT ======
Unhandled Promise: TypeError: Failed to fetch
=============================
====== JS ERROR CAUGHT ======
Unhandled Promise: TypeError: Failed to fetch
=============================
====== JS ERROR CAUGHT ======
Unhandled Promise: TypeError: Failed to fetch
=============================
====== JS ERROR CAUGHT ======
Unhandled Promise: TypeError: Failed to fetch
=============================
====== JS ERROR CAUGHT ======
Unhandled Promise: TypeError: Failed to fetch
=============================
====== JS ERROR CAUGHT ======
Unhandled Promise: TypeError: Failed to fetch
=============================
====== JS ERROR CAUGHT ======
Unhandled Promise: TypeError: Failed to fetch
=============================
====== JS ERROR CAUGHT ======
Unhandled Promise: TypeError: Failed to fetch
=============================
====== JS ERROR CAUGHT ======
Unhandled Promise: TypeError: Failed to fetch
=============================
====== JS ERROR CAUGHT ======
Unhandled Promise: TypeError: Failed to fetch
=============================
====== JS ERROR CAUGHT ======
Unhandled Promise: TypeError: Failed to fetch
=============================
====== JS ERROR CAUGHT ======
Unhandled Promise: TypeError: Failed to fetch
=============================
====== JS ERROR CAUGHT ======
Unhandled Promise: TypeError: Failed to fetch
=============================
====== JS ERROR CAUGHT ======
Unhandled Promise: TypeError: Failed to fetch
=============================
====== JS ERROR CAUGHT ======
Unhandled Promise: TypeError: Failed to fetch
=============================
====== JS ERROR CAUGHT ======
Unhandled Promise: TypeError: Failed to fetch
=============================
====== JS ERROR CAUGHT ======
Unhandled Promise: TypeError: Failed to fetch
=============================
====== JS ERROR CAUGHT ======
Unhandled Promise: TypeError: Failed to fetch
=============================
====== JS ERROR CAUGHT ======
Unhandled Promise: TypeError: Failed to fetch
=============================
====== JS ERROR CAUGHT ======
Unhandled Promise: TypeError: Failed to fetch
=============================
====== JS ERROR CAUGHT ======
Unhandled Promise: TypeError: Failed to fetch
=============================
====== JS ERROR CAUGHT ======
Unhandled Promise: TypeError: Failed to fetch
=============================
====== JS ERROR CAUGHT ======
Unhandled Promise: TypeError: Failed to fetch
=============================
====== JS ERROR CAUGHT ======
Unhandled Promise: TypeError: Failed to fetch
=============================
====== JS ERROR CAUGHT ======
Unhandled Promise: TypeError: Failed to fetch
=============================
====== JS ERROR CAUGHT ======
Unhandled Promise: TypeError: Failed to fetch
=============================
====== JS ERROR CAUGHT ======
Unhandled Promise: TypeError: Failed to fetch
=============================
====== JS ERROR CAUGHT ======
Unhandled Promise: TypeError: Failed to fetch
=============================
====== JS ERROR CAUGHT ======
Unhandled Promise: TypeError: Failed to fetch
=============================
====== JS ERROR CAUGHT ======
Unhandled Promise: TypeError: Failed to fetch
=============================
====== JS ERROR CAUGHT ======
Unhandled Promise: TypeError: Failed to fetch
=============================
====== JS ERROR CAUGHT ======
Unhandled Promise: TypeError: Failed to fetch
=============================
====== JS ERROR CAUGHT ======
Unhandled Promise: TypeError: Failed to fetch
=============================
====== JS ERROR CAUGHT ======
Unhandled Promise: TypeError: Failed to fetch
=============================
====== JS ERROR CAUGHT ======
Unhandled Promise: TypeError: Failed to fetch
=============================
====== JS ERROR CAUGHT ======
Unhandled Promise: TypeError: Failed to fetch
=============================
====== JS ERROR CAUGHT ======
Unhandled Promise: TypeError: Failed to fetch
=============================
====== JS ERROR CAUGHT ======
Unhandled Promise: TypeError: Failed to fetch
=============================
====== JS ERROR CAUGHT ======
Unhandled Promise: TypeError: Failed to fetch
=============================
====== JS ERROR CAUGHT ======
Unhandled Promise: TypeError: Failed to fetch
=============================
====== JS ERROR CAUGHT ======
Unhandled Promise: TypeError: Failed to fetch
=============================
====== JS ERROR CAUGHT ======
Unhandled Promise: TypeError: Failed to fetch
=============================
====== JS ERROR CAUGHT ======
Unhandled Promise: TypeError: Failed to fetch
=============================
====== JS ERROR CAUGHT ======
Unhandled Promise: TypeError: Failed to fetch
=============================
====== JS ERROR CAUGHT ======
Unhandled Promise: TypeError: Failed to fetch
=============================
====== JS ERROR CAUGHT ======
Unhandled Promise: TypeError: Failed to fetch
=============================
====== JS ERROR CAUGHT ======
Unhandled Promise: TypeError: Failed to fetch
=============================
====== JS ERROR CAUGHT ======
Unhandled Promise: TypeError: Failed to fetch
=============================
====== JS ERROR CAUGHT ======
Unhandled Promise: TypeError: Failed to fetch
=============================
====== JS ERROR CAUGHT ======
Unhandled Promise: TypeError: Failed to fetch
=============================
====== JS ERROR CAUGHT ======
Unhandled Promise: TypeError: Failed to fetch
=============================
====== JS ERROR CAUGHT ======
Unhandled Promise: TypeError: Failed to fetch
=============================
====== JS ERROR CAUGHT ======
Unhandled Promise: TypeError: Failed to fetch
=============================
====== JS ERROR CAUGHT ======
Unhandled Promise: TypeError: Failed to fetch
=============================
====== JS ERROR CAUGHT ======
Unhandled Promise: TypeError: Failed to fetch
=============================
====== JS ERROR CAUGHT ======
Unhandled Promise: TypeError: Failed to fetch
=============================
====== JS ERROR CAUGHT ======
Unhandled Promise: TypeError: Failed to fetch
=============================
====== JS ERROR CAUGHT ======
Unhandled Promise: TypeError: Failed to fetch
=============================
====== JS ERROR CAUGHT ======
Unhandled Promise: TypeError: Failed to fetch
=============================
====== JS ERROR CAUGHT ======
Unhandled Promise: TypeError: Failed to fetch
=============================
====== JS ERROR CAUGHT ======
Unhandled Promise: TypeError: Failed to fetch
=============================
====== JS ERROR CAUGHT ======
Unhandled Promise: TypeError: Failed to fetch
=============================
====== JS ERROR CAUGHT ======
Unhandled Promise: TypeError: Failed to fetch
=============================
====== JS ERROR CAUGHT ======
Unhandled Promise: TypeError: Failed to fetch
=============================
====== JS ERROR CAUGHT ======
Unhandled Promise: TypeError: Failed to fetch
=============================
====== JS ERROR CAUGHT ======
Unhandled Promise: TypeError: Failed to fetch
=============================
====== JS ERROR CAUGHT ======
Unhandled Promise: TypeError: Failed to fetch
=============================
====== JS ERROR CAUGHT ======
Unhandled Promise: TypeError: Failed to fetch
=============================
====== JS ERROR CAUGHT ======
Unhandled Promise: TypeError: Failed to fetch
=============================
====== JS ERROR CAUGHT ======
Unhandled Promise: TypeError: Failed to fetch
=============================
====== JS ERROR CAUGHT ======
Unhandled Promise: TypeError: Failed to fetch
=============================
====== JS ERROR CAUGHT ======
Unhandled Promise: TypeError: Failed to fetch
=============================
====== JS ERROR CAUGHT ======
Unhandled Promise: TypeError: Failed to fetch
=============================
====== JS ERROR CAUGHT ======
Unhandled Promise: TypeError: Failed to fetch
=============================
====== JS ERROR CAUGHT ======
Unhandled Promise: TypeError: Failed to fetch
=============================
====== JS ERROR CAUGHT ======
Unhandled Promise: TypeError: Failed to fetch
=============================
====== JS ERROR CAUGHT ======
Unhandled Promise: TypeError: Failed to fetch
=============================
====== JS ERROR CAUGHT ======
Unhandled Promise: TypeError: Failed to fetch
=============================
====== JS ERROR CAUGHT ======
Unhandled Promise: TypeError: Failed to fetch
=============================
====== JS ERROR CAUGHT ======
Unhandled Promise: TypeError: Failed to fetch
=============================
====== JS ERROR CAUGHT ======
Unhandled Promise: TypeError: Failed to fetch
=============================
====== JS ERROR CAUGHT ======
Unhandled Promise: TypeError: Failed to fetch
=============================
====== JS ERROR CAUGHT ======
Unhandled Promise: TypeError: Failed to fetch
=============================
====== JS ERROR CAUGHT ======
Unhandled Promise: TypeError: Failed to fetch
=============================
====== JS ERROR CAUGHT ======
Unhandled Promise: TypeError: Failed to fetch
=============================
====== JS ERROR CAUGHT ======
Unhandled Promise: TypeError: Failed to fetch
=============================
====== JS ERROR CAUGHT ======
Unhandled Promise: TypeError: Failed to fetch
=============================
====== JS ERROR CAUGHT ======
Unhandled Promise: TypeError: Failed to fetch
=============================
====== JS ERROR CAUGHT ======
Unhandled Promise: TypeError: Failed to fetch
=============================
====== JS ERROR CAUGHT ======
Unhandled Promise: TypeError: Failed to fetch
=============================
====== JS ERROR CAUGHT ======
Unhandled Promise: TypeError: Failed to fetch
=============================
====== JS ERROR CAUGHT ======
Unhandled Promise: TypeError: Failed to fetch
=============================
====== JS ERROR CAUGHT ======
Unhandled Promise: TypeError: Failed to fetch
=============================
====== JS ERROR CAUGHT ======
Unhandled Promise: TypeError: Failed to fetch
=============================
====== JS ERROR CAUGHT ======
Unhandled Promise: TypeError: Failed to fetch
=============================
====== JS ERROR CAUGHT ======
Unhandled Promise: TypeError: Failed to fetch
=============================
====== JS ERROR CAUGHT ======
Unhandled Promise: TypeError: Failed to fetch
=============================
====== JS ERROR CAUGHT ======
Unhandled Promise: TypeError: Failed to fetch
=============================
====== JS ERROR CAUGHT ======
Unhandled Promise: TypeError: Failed to fetch
=============================
====== JS ERROR CAUGHT ======
Unhandled Promise: TypeError: Failed to fetch
=============================
====== JS ERROR CAUGHT ======
Unhandled Promise: TypeError: Failed to fetch
=============================
====== JS ERROR CAUGHT ======
Unhandled Promise: TypeError: Failed to fetch
=============================
====== JS ERROR CAUGHT ======
Unhandled Promise: TypeError: Failed to fetch
=============================
====== JS ERROR CAUGHT ======
Unhandled Promise: TypeError: Failed to fetch
=============================
====== JS ERROR CAUGHT ======
Unhandled Promise: TypeError: Failed to fetch
=============================
====== JS ERROR CAUGHT ======
Unhandled Promise: TypeError: Failed to fetch
=============================
====== JS ERROR CAUGHT ======
Unhandled Promise: TypeError: Failed to fetch
=============================
====== JS ERROR CAUGHT ======
Unhandled Promise: TypeError: Failed to fetch
=============================
====== JS ERROR CAUGHT ======
Unhandled Promise: TypeError: Failed to fetch
=============================
====== JS ERROR CAUGHT ======
Unhandled Promise: TypeError: Failed to fetch
=============================
====== JS ERROR CAUGHT ======
Unhandled Promise: TypeError: Failed to fetch
=============================
====== JS ERROR CAUGHT ======
Unhandled Promise: TypeError: Failed to fetch
=============================
====== JS ERROR CAUGHT ======
Unhandled Promise: TypeError: Failed to fetch
=============================
====== JS ERROR CAUGHT ======
Unhandled Promise: TypeError: Failed to fetch
=============================
====== JS ERROR CAUGHT ======
Unhandled Promise: TypeError: Failed to fetch
=============================
====== JS ERROR CAUGHT ======
Unhandled Promise: TypeError: Failed to fetch
=============================
====== JS ERROR CAUGHT ======
Unhandled Promise: TypeError: Failed to fetch
=============================
====== JS ERROR CAUGHT ======
Unhandled Promise: TypeError: Failed to fetch
=============================
====== JS ERROR CAUGHT ======
Unhandled Promise: TypeError: Failed to fetch
=============================
====== JS ERROR CAUGHT ======
Unhandled Promise: TypeError: Failed to fetch
=============================
====== JS ERROR CAUGHT ======
Unhandled Promise: TypeError: Failed to fetch
=============================
====== JS ERROR CAUGHT ======
Unhandled Promise: TypeError: Failed to fetch
=============================
====== JS ERROR CAUGHT ======
Unhandled Promise: TypeError: Failed to fetch
=============================
====== JS ERROR CAUGHT ======
Unhandled Promise: TypeError: Failed to fetch
=============================
====== JS ERROR CAUGHT ======
Unhandled Promise: TypeError: Failed to fetch
=============================
====== JS ERROR CAUGHT ======
Unhandled Promise: TypeError: Failed to fetch
=============================
====== JS ERROR CAUGHT ======
Unhandled Promise: TypeError: Failed to fetch
=============================
====== JS ERROR CAUGHT ======
Unhandled Promise: TypeError: Failed to fetch
=============================
====== JS ERROR CAUGHT ======
Unhandled Promise: TypeError: Failed to fetch
=============================
====== JS ERROR CAUGHT ======
Unhandled Promise: TypeError: Failed to fetch
=============================
====== JS ERROR CAUGHT ======
Unhandled Promise: TypeError: Failed to fetch
=============================
====== JS ERROR CAUGHT ======
Unhandled Promise: TypeError: Failed to fetch
=============================
====== JS ERROR CAUGHT ======
Unhandled Promise: TypeError: Failed to fetch
=============================
====== JS ERROR CAUGHT ======
Unhandled Promise: TypeError: Failed to fetch
=============================
====== JS ERROR CAUGHT ======
Unhandled Promise: TypeError: Failed to fetch
=============================
====== JS ERROR CAUGHT ======
Unhandled Promise: TypeError: Failed to fetch
=============================
====== JS ERROR CAUGHT ======
Unhandled Promise: TypeError: Failed to fetch
=============================
====== JS ERROR CAUGHT ======
Unhandled Promise: TypeError: Failed to fetch
=============================
====== JS ERROR CAUGHT ======
Unhandled Promise: TypeError: Failed to fetch
=============================
====== JS ERROR CAUGHT ======
Unhandled Promise: TypeError: Failed to fetch
=============================
====== JS ERROR CAUGHT ======
Unhandled Promise: TypeError: Failed to fetch
=============================
====== JS ERROR CAUGHT ======
Unhandled Promise: TypeError: Failed to fetch
=============================
====== JS ERROR CAUGHT ======
Unhandled Promise: TypeError: Failed to fetch
=============================
====== JS ERROR CAUGHT ======
Unhandled Promise: TypeError: Failed to fetch
=============================
====== JS ERROR CAUGHT ======
Unhandled Promise: TypeError: Failed to fetch
=============================
====== JS ERROR CAUGHT ======
Unhandled Promise: TypeError: Failed to fetch
=============================
====== JS ERROR CAUGHT ======
Unhandled Promise: TypeError: Failed to fetch
=============================
====== JS ERROR CAUGHT ======
Unhandled Promise: TypeError: Failed to fetch
=============================
====== JS ERROR CAUGHT ======
Unhandled Promise: TypeError: Failed to fetch
=============================
====== JS ERROR CAUGHT ======
Unhandled Promise: TypeError: Failed to fetch
=============================
====== JS ERROR CAUGHT ======
Unhandled Promise: TypeError: Failed to fetch
=============================
====== JS ERROR CAUGHT ======
Unhandled Promise: TypeError: Failed to fetch
=============================
====== JS ERROR CAUGHT ======
Unhandled Promise: TypeError: Failed to fetch
=============================
====== JS ERROR CAUGHT ======
Unhandled Promise: TypeError: Failed to fetch
=============================
====== JS ERROR CAUGHT ======
Unhandled Promise: TypeError: Failed to fetch
=============================
====== JS ERROR CAUGHT ======
Unhandled Promise: TypeError: Failed to fetch
=============================
====== JS ERROR CAUGHT ======
Unhandled Promise: TypeError: Failed to fetch
=============================
====== JS ERROR CAUGHT ======
Unhandled Promise: TypeError: Failed to fetch
=============================
====== JS ERROR CAUGHT ======
Unhandled Promise: TypeError: Failed to fetch
=============================
====== JS ERROR CAUGHT ======
Unhandled Promise: TypeError: Failed to fetch
=============================
====== JS ERROR CAUGHT ======
Unhandled Promise: TypeError: Failed to fetch
=============================
====== JS ERROR CAUGHT ======
Unhandled Promise: TypeError: Failed to fetch
=============================
====== JS ERROR CAUGHT ======
Unhandled Promise: TypeError: Failed to fetch
=============================
====== JS ERROR CAUGHT ======
Unhandled Promise: TypeError: Failed to fetch
=============================
====== JS ERROR CAUGHT ======
Unhandled Promise: TypeError: Failed to fetch
=============================
====== JS ERROR CAUGHT ======
Unhandled Promise: TypeError: Failed to fetch
=============================
====== JS ERROR CAUGHT ======
Unhandled Promise: TypeError: Failed to fetch
=============================
====== JS ERROR CAUGHT ======
Unhandled Promise: TypeError: Failed to fetch
=============================
====== JS ERROR CAUGHT ======
Unhandled Promise: TypeError: Failed to fetch
=============================
====== JS ERROR CAUGHT ======
Unhandled Promise: TypeError: Failed to fetch
=============================
====== JS ERROR CAUGHT ======
Unhandled Promise: TypeError: Failed to fetch
=============================
====== JS ERROR CAUGHT ======
Unhandled Promise: TypeError: Failed to fetch
=============================
====== JS ERROR CAUGHT ======
Unhandled Promise: TypeError: Failed to fetch
=============================
====== JS ERROR CAUGHT ======
Unhandled Promise: TypeError: Failed to fetch
=============================
====== JS ERROR CAUGHT ======
Unhandled Promise: TypeError: Failed to fetch
=============================
====== JS ERROR CAUGHT ======
Unhandled Promise: TypeError: Failed to fetch
=============================
====== JS ERROR CAUGHT ======
Unhandled Promise: TypeError: Failed to fetch
=============================
====== JS ERROR CAUGHT ======
Unhandled Promise: TypeError: Failed to fetch
=============================
====== JS ERROR CAUGHT ======
Unhandled Promise: TypeError: Failed to fetch
=============================
====== JS ERROR CAUGHT ======
Unhandled Promise: TypeError: Failed to fetch
=============================
====== JS ERROR CAUGHT ======
Unhandled Promise: TypeError: Failed to fetch
=============================
====== JS ERROR CAUGHT ======
Unhandled Promise: TypeError: Failed to fetch
=============================
====== JS ERROR CAUGHT ======
Unhandled Promise: TypeError: Failed to fetch
=============================
====== JS ERROR CAUGHT ======
Unhandled Promise: TypeError: Failed to fetch
=============================
====== JS ERROR CAUGHT ======
Unhandled Promise: TypeError: Failed to fetch
=============================
====== JS ERROR CAUGHT ======
Unhandled Promise: TypeError: Failed to fetch
=============================
====== JS ERROR CAUGHT ======
Unhandled Promise: TypeError: Failed to fetch
=============================
====== JS ERROR CAUGHT ======
Unhandled Promise: TypeError: Failed to fetch
=============================
====== JS ERROR CAUGHT ======
Unhandled Promise: TypeError: Failed to fetch
=============================
====== JS ERROR CAUGHT ======
Unhandled Promise: TypeError: Failed to fetch
=============================
====== JS ERROR CAUGHT ======
Unhandled Promise: TypeError: Failed to fetch
=============================
====== JS ERROR CAUGHT ======
Unhandled Promise: TypeError: Failed to fetch
=============================
====== JS ERROR CAUGHT ======
Unhandled Promise: TypeError: Failed to fetch
=============================
====== JS ERROR CAUGHT ======
Unhandled Promise: TypeError: Failed to fetch
=============================
====== JS ERROR CAUGHT ======
Unhandled Promise: TypeError: Failed to fetch
=============================
====== JS ERROR CAUGHT ======
Unhandled Promise: TypeError: Failed to fetch
=============================
====== JS ERROR CAUGHT ======
Unhandled Promise: TypeError: Failed to fetch
=============================
====== JS ERROR CAUGHT ======
Unhandled Promise: TypeError: Failed to fetch
=============================
====== JS ERROR CAUGHT ======
Unhandled Promise: TypeError: Failed to fetch
=============================
====== JS ERROR CAUGHT ======
Unhandled Promise: TypeError: Failed to fetch
=============================
====== JS ERROR CAUGHT ======
Unhandled Promise: TypeError: Failed to fetch
=============================
====== JS ERROR CAUGHT ======
Unhandled Promise: TypeError: Failed to fetch
=============================
====== JS ERROR CAUGHT ======
Unhandled Promise: TypeError: Failed to fetch
=============================
====== JS ERROR CAUGHT ======
Unhandled Promise: TypeError: Failed to fetch
=============================
====== JS ERROR CAUGHT ======
Unhandled Promise: TypeError: Failed to fetch
=============================
====== JS ERROR CAUGHT ======
Unhandled Promise: TypeError: Failed to fetch
=============================
====== JS ERROR CAUGHT ======
Unhandled Promise: TypeError: Failed to fetch
=============================
====== JS ERROR CAUGHT ======
Unhandled Promise: TypeError: Failed to fetch
=============================
====== JS ERROR CAUGHT ======
Unhandled Promise: TypeError: Failed to fetch
=============================
====== JS ERROR CAUGHT ======
Unhandled Promise: TypeError: Failed to fetch
=============================
====== JS ERROR CAUGHT ======
Unhandled Promise: TypeError: Failed to fetch
=============================
====== JS ERROR CAUGHT ======
Unhandled Promise: TypeError: Failed to fetch
=============================
====== JS ERROR CAUGHT ======
Unhandled Promise: TypeError: Failed to fetch
=============================
====== JS ERROR CAUGHT ======
Unhandled Promise: TypeError: Failed to fetch
=============================
====== JS ERROR CAUGHT ======
Unhandled Promise: TypeError: Failed to fetch
=============================
====== JS ERROR CAUGHT ======
Unhandled Promise: TypeError: Failed to fetch
=============================
====== JS ERROR CAUGHT ======
Unhandled Promise: TypeError: Failed to fetch
=============================
====== JS ERROR CAUGHT ======
Unhandled Promise: TypeError: Failed to fetch
=============================
====== JS ERROR CAUGHT ======
Unhandled Promise: TypeError: Failed to fetch
=============================
====== JS ERROR CAUGHT ======
Unhandled Promise: TypeError: Failed to fetch
=============================
====== JS ERROR CAUGHT ======
Unhandled Promise: TypeError: Failed to fetch
=============================
====== JS ERROR CAUGHT ======
Unhandled Promise: TypeError: Failed to fetch
=============================
====== JS ERROR CAUGHT ======
Unhandled Promise: TypeError: Failed to fetch
=============================
====== JS ERROR CAUGHT ======
Unhandled Promise: TypeError: Failed to fetch
=============================
====== JS ERROR CAUGHT ======
Unhandled Promise: TypeError: Failed to fetch
=============================
====== JS ERROR CAUGHT ======
Unhandled Promise: TypeError: Failed to fetch
=============================
====== JS ERROR CAUGHT ======
Unhandled Promise: TypeError: Failed to fetch
=============================
====== JS ERROR CAUGHT ======
Unhandled Promise: TypeError: Failed to fetch
=============================
====== JS ERROR CAUGHT ======
Unhandled Promise: TypeError: Failed to fetch
=============================
====== JS ERROR CAUGHT ======
Unhandled Promise: TypeError: Failed to fetch
=============================
====== JS ERROR CAUGHT ======
Unhandled Promise: TypeError: Failed to fetch
=============================
====== JS ERROR CAUGHT ======
Unhandled Promise: TypeError: Failed to fetch
=============================
====== JS ERROR CAUGHT ======
Unhandled Promise: TypeError: Failed to fetch
=============================
====== JS ERROR CAUGHT ======
Unhandled Promise: TypeError: Failed to fetch
=============================
====== JS ERROR CAUGHT ======
Unhandled Promise: TypeError: Failed to fetch
=============================
====== JS ERROR CAUGHT ======
Unhandled Promise: TypeError: Failed to fetch
=============================
====== JS ERROR CAUGHT ======
Unhandled Promise: TypeError: Failed to fetch
=============================
====== JS ERROR CAUGHT ======
Unhandled Promise: TypeError: Failed to fetch
=============================
====== JS ERROR CAUGHT ======
Unhandled Promise: TypeError: Failed to fetch
=============================
====== JS ERROR CAUGHT ======
Unhandled Promise: TypeError: Failed to fetch
=============================
====== JS ERROR CAUGHT ======
Unhandled Promise: TypeError: Failed to fetch
=============================
====== JS ERROR CAUGHT ======
Unhandled Promise: TypeError: Failed to fetch
=============================
====== JS ERROR CAUGHT ======
Unhandled Promise: TypeError: Failed to fetch
=============================
====== JS ERROR CAUGHT ======
Unhandled Promise: TypeError: Failed to fetch
=============================
====== JS ERROR CAUGHT ======
Unhandled Promise: TypeError: Failed to fetch
=============================
====== JS ERROR CAUGHT ======
Unhandled Promise: TypeError: Failed to fetch
=============================
====== JS ERROR CAUGHT ======
Unhandled Promise: TypeError: Failed to fetch
=============================
====== JS ERROR CAUGHT ======
Unhandled Promise: TypeError: Failed to fetch
=============================
====== JS ERROR CAUGHT ======
Unhandled Promise: TypeError: Failed to fetch
=============================
====== JS ERROR CAUGHT ======
Unhandled Promise: TypeError: Failed to fetch
=============================
====== JS ERROR CAUGHT ======
Unhandled Promise: TypeError: Failed to fetch
=============================
====== JS ERROR CAUGHT ======
Unhandled Promise: TypeError: Failed to fetch
=============================
====== JS ERROR CAUGHT ======
Unhandled Promise: TypeError: Failed to fetch
=============================
====== JS ERROR CAUGHT ======
Unhandled Promise: TypeError: Failed to fetch
=============================
====== JS ERROR CAUGHT ======
Unhandled Promise: TypeError: Failed to fetch
=============================
====== JS ERROR CAUGHT ======
Unhandled Promise: TypeError: Failed to fetch
=============================
====== JS ERROR CAUGHT ======
Unhandled Promise: TypeError: Failed to fetch
=============================
====== JS ERROR CAUGHT ======
Unhandled Promise: TypeError: Failed to fetch
=============================
====== JS ERROR CAUGHT ======
Unhandled Promise: TypeError: Failed to fetch
=============================
====== JS ERROR CAUGHT ======
Unhandled Promise: TypeError: Failed to fetch
=============================
====== JS ERROR CAUGHT ======
Unhandled Promise: TypeError: Failed to fetch
=============================
====== JS ERROR CAUGHT ======
Unhandled Promise: TypeError: Failed to fetch
=============================
====== JS ERROR CAUGHT ======
Unhandled Promise: TypeError: Failed to fetch
=============================
====== JS ERROR CAUGHT ======
Unhandled Promise: TypeError: Failed to fetch
=============================
====== JS ERROR CAUGHT ======
Unhandled Promise: TypeError: Failed to fetch
=============================
====== JS ERROR CAUGHT ======
Unhandled Promise: TypeError: Failed to fetch
=============================
====== JS ERROR CAUGHT ======
Unhandled Promise: TypeError: Failed to fetch
=============================
====== JS ERROR CAUGHT ======
Unhandled Promise: TypeError: Failed to fetch
=============================
====== JS ERROR CAUGHT ======
Unhandled Promise: TypeError: Failed to fetch
=============================
====== JS ERROR CAUGHT ======
Unhandled Promise: TypeError: Failed to fetch
=============================
====== JS ERROR CAUGHT ======
Unhandled Promise: TypeError: Failed to fetch
=============================
====== JS ERROR CAUGHT ======
Unhandled Promise: TypeError: Failed to fetch
=============================
====== JS ERROR CAUGHT ======
Unhandled Promise: TypeError: Failed to fetch
=============================
====== JS ERROR CAUGHT ======
Unhandled Promise: TypeError: Failed to fetch
=============================
====== JS ERROR CAUGHT ======
Unhandled Promise: TypeError: Failed to fetch
=============================
====== JS ERROR CAUGHT ======
Unhandled Promise: TypeError: Failed to fetch
=============================
====== JS ERROR CAUGHT ======
Unhandled Promise: TypeError: Failed to fetch
=============================
====== JS ERROR CAUGHT ======
Unhandled Promise: TypeError: Failed to fetch
=============================
====== JS ERROR CAUGHT ======
Unhandled Promise: TypeError: Failed to fetch
=============================
====== JS ERROR CAUGHT ======
Unhandled Promise: TypeError: Failed to fetch
=============================
====== JS ERROR CAUGHT ======
Unhandled Promise: TypeError: Failed to fetch
=============================
====== JS ERROR CAUGHT ======
Unhandled Promise: TypeError: Failed to fetch
=============================
====== JS ERROR CAUGHT ======
Unhandled Promise: TypeError: Failed to fetch
=============================
====== JS ERROR CAUGHT ======
Unhandled Promise: TypeError: Failed to fetch
=============================
====== JS ERROR CAUGHT ======
Unhandled Promise: TypeError: Failed to fetch
=============================
====== JS ERROR CAUGHT ======
Unhandled Promise: TypeError: Failed to fetch
=============================
====== JS ERROR CAUGHT ======
Unhandled Promise: TypeError: Failed to fetch
=============================
====== JS ERROR CAUGHT ======
Unhandled Promise: TypeError: Failed to fetch
=============================
====== JS ERROR CAUGHT ======
Unhandled Promise: TypeError: Failed to fetch
=============================
====== JS ERROR CAUGHT ======
Unhandled Promise: TypeError: Failed to fetch
=============================
====== JS ERROR CAUGHT ======
Unhandled Promise: TypeError: Failed to fetch
=============================
====== JS ERROR CAUGHT ======
Unhandled Promise: TypeError: Failed to fetch
=============================
====== JS ERROR CAUGHT ======
Unhandled Promise: TypeError: Failed to fetch
=============================
====== JS ERROR CAUGHT ======
Unhandled Promise: TypeError: Failed to fetch
=============================
====== JS ERROR CAUGHT ======
Unhandled Promise: TypeError: Failed to fetch
=============================
====== JS ERROR CAUGHT ======
Unhandled Promise: TypeError: Failed to fetch
=============================
====== JS ERROR CAUGHT ======
Unhandled Promise: TypeError: Failed to fetch
=============================
====== JS ERROR CAUGHT ======
Unhandled Promise: TypeError: Failed to fetch
=============================
====== JS ERROR CAUGHT ======
Unhandled Promise: TypeError: Failed to fetch
=============================
====== JS ERROR CAUGHT ======
Unhandled Promise: TypeError: Failed to fetch
=============================
====== JS ERROR CAUGHT ======
Unhandled Promise: TypeError: Failed to fetch
=============================
====== JS ERROR CAUGHT ======
Unhandled Promise: TypeError: Failed to fetch
=============================
====== JS ERROR CAUGHT ======
Unhandled Promise: TypeError: Failed to fetch
=============================
====== JS ERROR CAUGHT ======
Unhandled Promise: TypeError: Failed to fetch
=============================
====== JS ERROR CAUGHT ======
Unhandled Promise: TypeError: Failed to fetch
=============================
====== JS ERROR CAUGHT ======
Unhandled Promise: TypeError: Failed to fetch
=============================
====== JS ERROR CAUGHT ======
Unhandled Promise: TypeError: Failed to fetch
=============================
====== JS ERROR CAUGHT ======
Unhandled Promise: TypeError: Failed to fetch
=============================
====== JS ERROR CAUGHT ======
Unhandled Promise: TypeError: Failed to fetch
=============================
====== JS ERROR CAUGHT ======
Unhandled Promise: TypeError: Failed to fetch
=============================
====== JS ERROR CAUGHT ======
Unhandled Promise: TypeError: Failed to fetch
=============================
====== JS ERROR CAUGHT ======
Unhandled Promise: TypeError: Failed to fetch
=============================
====== JS ERROR CAUGHT ======
Unhandled Promise: TypeError: Failed to fetch
=============================
====== JS ERROR CAUGHT ======
Unhandled Promise: TypeError: Failed to fetch
=============================
====== JS ERROR CAUGHT ======
Unhandled Promise: TypeError: Failed to fetch
=============================
====== JS ERROR CAUGHT ======
Unhandled Promise: TypeError: Failed to fetch
=============================
====== JS ERROR CAUGHT ======
Unhandled Promise: TypeError: Failed to fetch
=============================
====== JS ERROR CAUGHT ======
Unhandled Promise: TypeError: Failed to fetch
=============================
====== JS ERROR CAUGHT ======
Unhandled Promise: TypeError: Failed to fetch
=============================
====== JS ERROR CAUGHT ======
Unhandled Promise: TypeError: Failed to fetch
=============================
====== JS ERROR CAUGHT ======
Unhandled Promise: TypeError: Failed to fetch
=============================
====== JS ERROR CAUGHT ======
Unhandled Promise: TypeError: Failed to fetch
=============================
====== JS ERROR CAUGHT ======
Unhandled Promise: TypeError: Failed to fetch
=============================
====== JS ERROR CAUGHT ======
Unhandled Promise: TypeError: Failed to fetch
=============================
====== JS ERROR CAUGHT ======
Unhandled Promise: TypeError: Failed to fetch
=============================
====== JS ERROR CAUGHT ======
Unhandled Promise: TypeError: Failed to fetch
=============================
====== JS ERROR CAUGHT ======
Unhandled Promise: TypeError: Failed to fetch
=============================
====== JS ERROR CAUGHT ======
Unhandled Promise: TypeError: Failed to fetch
=============================
====== JS ERROR CAUGHT ======
Unhandled Promise: TypeError: Failed to fetch
=============================
====== JS ERROR CAUGHT ======
Unhandled Promise: TypeError: Failed to fetch
=============================
====== JS ERROR CAUGHT ======
Unhandled Promise: TypeError: Failed to fetch
=============================
====== JS ERROR CAUGHT ======
Unhandled Promise: TypeError: Failed to fetch
=============================
====== JS ERROR CAUGHT ======
Unhandled Promise: TypeError: Failed to fetch
=============================
====== JS ERROR CAUGHT ======
Unhandled Promise: TypeError: Failed to fetch
=============================
====== JS ERROR CAUGHT ======
Unhandled Promise: TypeError: Failed to fetch
=============================
====== JS ERROR CAUGHT ======
Unhandled Promise: TypeError: Failed to fetch
=============================
====== JS ERROR CAUGHT ======
Unhandled Promise: TypeError: Failed to fetch
=============================
====== JS ERROR CAUGHT ======
Unhandled Promise: TypeError: Failed to fetch
=============================
====== JS ERROR CAUGHT ======
Unhandled Promise: TypeError: Failed to fetch
=============================
====== JS ERROR CAUGHT ======
Unhandled Promise: TypeError: Failed to fetch
=============================
====== JS ERROR CAUGHT ======
Unhandled Promise: TypeError: Failed to fetch
=============================
====== JS ERROR CAUGHT ======
Unhandled Promise: TypeError: Failed to fetch
=============================
====== JS ERROR CAUGHT ======
Unhandled Promise: TypeError: Failed to fetch
=============================
====== JS ERROR CAUGHT ======
Unhandled Promise: TypeError: Failed to fetch
=============================
====== JS ERROR CAUGHT ======
Unhandled Promise: TypeError: Failed to fetch
=============================
====== JS ERROR CAUGHT ======
Unhandled Promise: TypeError: Failed to fetch
=============================
====== JS ERROR CAUGHT ======
Unhandled Promise: TypeError: Failed to fetch
=============================
====== JS ERROR CAUGHT ======
Unhandled Promise: TypeError: Failed to fetch
=============================
====== JS ERROR CAUGHT ======
Unhandled Promise: TypeError: Failed to fetch
=============================
====== JS ERROR CAUGHT ======
Unhandled Promise: TypeError: Failed to fetch
=============================
====== JS ERROR CAUGHT ======
Unhandled Promise: TypeError: Failed to fetch
=============================
====== JS ERROR CAUGHT ======
Unhandled Promise: TypeError: Failed to fetch
=============================
====== JS ERROR CAUGHT ======
Unhandled Promise: TypeError: Failed to fetch
=============================
====== JS ERROR CAUGHT ======
Unhandled Promise: TypeError: Failed to fetch
=============================
====== JS ERROR CAUGHT ======
Unhandled Promise: TypeError: Failed to fetch
=============================
====== JS ERROR CAUGHT ======
Unhandled Promise: TypeError: Failed to fetch
=============================
====== JS ERROR CAUGHT ======
Unhandled Promise: TypeError: Failed to fetch
=============================
====== JS ERROR CAUGHT ======
Unhandled Promise: TypeError: Failed to fetch
=============================
====== JS ERROR CAUGHT ======
Unhandled Promise: TypeError: Failed to fetch
=============================
====== JS ERROR CAUGHT ======
Unhandled Promise: TypeError: Failed to fetch
=============================
====== JS ERROR CAUGHT ======
Unhandled Promise: TypeError: Failed to fetch
=============================
====== JS ERROR CAUGHT ======
Unhandled Promise: TypeError: Failed to fetch
=============================
====== JS ERROR CAUGHT ======
Unhandled Promise: TypeError: Failed to fetch
=============================
====== JS ERROR CAUGHT ======
Unhandled Promise: TypeError: Failed to fetch
=============================
====== JS ERROR CAUGHT ======
Unhandled Promise: TypeError: Failed to fetch
=============================
====== JS ERROR CAUGHT ======
Unhandled Promise: TypeError: Failed to fetch
=============================
====== JS ERROR CAUGHT ======
Unhandled Promise: TypeError: Failed to fetch
=============================
====== JS ERROR CAUGHT ======
Unhandled Promise: TypeError: Failed to fetch
=============================
====== JS ERROR CAUGHT ======
Unhandled Promise: TypeError: Failed to fetch
=============================
====== JS ERROR CAUGHT ======
Unhandled Promise: TypeError: Failed to fetch
=============================
====== JS ERROR CAUGHT ======
Unhandled Promise: TypeError: Failed to fetch
=============================
====== JS ERROR CAUGHT ======
Unhandled Promise: TypeError: Failed to fetch
=============================
====== JS ERROR CAUGHT ======
Unhandled Promise: TypeError: Failed to fetch
=============================
====== JS ERROR CAUGHT ======
Unhandled Promise: TypeError: Failed to fetch
=============================
====== JS ERROR CAUGHT ======
Unhandled Promise: TypeError: Failed to fetch
=============================
====== JS ERROR CAUGHT ======
Unhandled Promise: TypeError: Failed to fetch
=============================
====== JS ERROR CAUGHT ======
Unhandled Promise: TypeError: Failed to fetch
=============================
====== JS ERROR CAUGHT ======
Unhandled Promise: TypeError: Failed to fetch
=============================
====== JS ERROR CAUGHT ======
Unhandled Promise: TypeError: Failed to fetch
=============================
====== JS ERROR CAUGHT ======
Unhandled Promise: TypeError: Failed to fetch
=============================
====== JS ERROR CAUGHT ======
Unhandled Promise: TypeError: Failed to fetch
=============================
====== JS ERROR CAUGHT ======
Unhandled Promise: TypeError: Failed to fetch
=============================
====== JS ERROR CAUGHT ======
Unhandled Promise: TypeError: Failed to fetch
=============================
====== JS ERROR CAUGHT ======
Unhandled Promise: TypeError: Failed to fetch
=============================
====== JS ERROR CAUGHT ======
Unhandled Promise: TypeError: Failed to fetch
=============================
====== JS ERROR CAUGHT ======
Unhandled Promise: TypeError: Failed to fetch
=============================
====== JS ERROR CAUGHT ======
Unhandled Promise: TypeError: Failed to fetch
=============================
====== JS ERROR CAUGHT ======
Unhandled Promise: TypeError: Failed to fetch
=============================
====== JS ERROR CAUGHT ======
Unhandled Promise: TypeError: Failed to fetch
=============================
====== JS ERROR CAUGHT ======
Unhandled Promise: TypeError: Failed to fetch
=============================
====== JS ERROR CAUGHT ======
Unhandled Promise: TypeError: Failed to fetch
=============================
====== JS ERROR CAUGHT ======
Unhandled Promise: TypeError: Failed to fetch
=============================
====== JS ERROR CAUGHT ======
Unhandled Promise: TypeError: Failed to fetch
=============================
====== JS ERROR CAUGHT ======
Unhandled Promise: TypeError: Failed to fetch
=============================
====== JS ERROR CAUGHT ======
Unhandled Promise: TypeError: Failed to fetch
=============================
====== JS ERROR CAUGHT ======
Unhandled Promise: TypeError: Failed to fetch
=============================
====== JS ERROR CAUGHT ======
Unhandled Promise: TypeError: Failed to fetch
=============================
====== JS ERROR CAUGHT ======
Unhandled Promise: TypeError: Failed to fetch
=============================
====== JS ERROR CAUGHT ======
Unhandled Promise: TypeError: Failed to fetch
=============================
====== JS ERROR CAUGHT ======
Unhandled Promise: TypeError: Failed to fetch
=============================
====== JS ERROR CAUGHT ======
Unhandled Promise: TypeError: Failed to fetch
=============================
====== JS ERROR CAUGHT ======
Unhandled Promise: TypeError: Failed to fetch
=============================
====== JS ERROR CAUGHT ======
Unhandled Promise: TypeError: Failed to fetch
=============================
====== JS ERROR CAUGHT ======
Unhandled Promise: TypeError: Failed to fetch
=============================
====== JS ERROR CAUGHT ======
Unhandled Promise: TypeError: Failed to fetch
=============================
====== JS ERROR CAUGHT ======
Unhandled Promise: TypeError: Failed to fetch
=============================
====== JS ERROR CAUGHT ======
Unhandled Promise: TypeError: Failed to fetch
=============================
====== JS ERROR CAUGHT ======
Unhandled Promise: TypeError: Failed to fetch
=============================
====== JS ERROR CAUGHT ======
Unhandled Promise: TypeError: Failed to fetch
=============================
====== JS ERROR CAUGHT ======
Unhandled Promise: TypeError: Failed to fetch
=============================
====== JS ERROR CAUGHT ======
Unhandled Promise: TypeError: Failed to fetch
=============================
====== JS ERROR CAUGHT ======
Unhandled Promise: TypeError: Failed to fetch
=============================
====== JS ERROR CAUGHT ======
Unhandled Promise: TypeError: Failed to fetch
=============================
====== JS ERROR CAUGHT ======
Unhandled Promise: TypeError: Failed to fetch
=============================
====== JS ERROR CAUGHT ======
Unhandled Promise: TypeError: Failed to fetch
=============================
====== JS ERROR CAUGHT ======
Unhandled Promise: TypeError: Failed to fetch
=============================
====== JS ERROR CAUGHT ======
Unhandled Promise: TypeError: Failed to fetch
=============================
====== JS ERROR CAUGHT ======
Unhandled Promise: TypeError: Failed to fetch
=============================
====== JS ERROR CAUGHT ======
Unhandled Promise: TypeError: Failed to fetch
=============================
====== JS ERROR CAUGHT ======
Unhandled Promise: TypeError: Failed to fetch
=============================
====== JS ERROR CAUGHT ======
Unhandled Promise: TypeError: Failed to fetch
=============================
====== JS ERROR CAUGHT ======
Unhandled Promise: TypeError: Failed to fetch
=============================
====== JS ERROR CAUGHT ======
Unhandled Promise: TypeError: Failed to fetch
=============================
====== JS ERROR CAUGHT ======
Unhandled Promise: TypeError: Failed to fetch
=============================
====== JS ERROR CAUGHT ======
Unhandled Promise: TypeError: Failed to fetch
=============================
====== JS ERROR CAUGHT ======
Unhandled Promise: TypeError: Failed to fetch
=============================
====== JS ERROR CAUGHT ======
Unhandled Promise: TypeError: Failed to fetch
=============================
====== JS ERROR CAUGHT ======
Unhandled Promise: TypeError: Failed to fetch
=============================
====== JS ERROR CAUGHT ======
Unhandled Promise: TypeError: Failed to fetch
=============================
====== JS ERROR CAUGHT ======
Unhandled Promise: TypeError: Failed to fetch
=============================
====== JS ERROR CAUGHT ======
Unhandled Promise: TypeError: Failed to fetch
=============================
====== JS ERROR CAUGHT ======
Unhandled Promise: TypeError: Failed to fetch
=============================
====== JS ERROR CAUGHT ======
Unhandled Promise: TypeError: Failed to fetch
=============================
====== JS ERROR CAUGHT ======
Unhandled Promise: TypeError: Failed to fetch
=============================
====== JS ERROR CAUGHT ======
Unhandled Promise: TypeError: Failed to fetch
=============================
====== JS ERROR CAUGHT ======
Unhandled Promise: TypeError: Failed to fetch
=============================
====== JS ERROR CAUGHT ======
Unhandled Promise: TypeError: Failed to fetch
=============================
====== JS ERROR CAUGHT ======
Unhandled Promise: TypeError: Failed to fetch
=============================
====== JS ERROR CAUGHT ======
Unhandled Promise: TypeError: Failed to fetch
=============================
====== JS ERROR CAUGHT ======
Unhandled Promise: TypeError: Failed to fetch
=============================
====== JS ERROR CAUGHT ======
Unhandled Promise: TypeError: Failed to fetch
=============================
====== JS ERROR CAUGHT ======
Unhandled Promise: TypeError: Failed to fetch
=============================
====== JS ERROR CAUGHT ======
Unhandled Promise: TypeError: Failed to fetch
=============================
====== JS ERROR CAUGHT ======
Unhandled Promise: TypeError: Failed to fetch
=============================
====== JS ERROR CAUGHT ======
Unhandled Promise: TypeError: Failed to fetch
=============================
====== JS ERROR CAUGHT ======
Unhandled Promise: TypeError: Failed to fetch
=============================
====== JS ERROR CAUGHT ======
Unhandled Promise: TypeError: Failed to fetch
=============================
====== JS ERROR CAUGHT ======
Unhandled Promise: TypeError: Failed to fetch
=============================
====== JS ERROR CAUGHT ======
Unhandled Promise: TypeError: Failed to fetch
=============================
====== JS ERROR CAUGHT ======
Unhandled Promise: TypeError: Failed to fetch
=============================
====== JS ERROR CAUGHT ======
Unhandled Promise: TypeError: Failed to fetch
=============================
====== JS ERROR CAUGHT ======
Unhandled Promise: TypeError: Failed to fetch
=============================
====== JS ERROR CAUGHT ======
Unhandled Promise: TypeError: Failed to fetch
=============================
====== JS ERROR CAUGHT ======
Unhandled Promise: TypeError: Failed to fetch
=============================
====== JS ERROR CAUGHT ======
Unhandled Promise: TypeError: Failed to fetch
=============================
====== JS ERROR CAUGHT ======
Unhandled Promise: TypeError: Failed to fetch
=============================
====== JS ERROR CAUGHT ======
Unhandled Promise: TypeError: Failed to fetch
=============================
====== JS ERROR CAUGHT ======
Unhandled Promise: TypeError: Failed to fetch
=============================
====== JS ERROR CAUGHT ======
Unhandled Promise: TypeError: Failed to fetch
=============================
====== JS ERROR CAUGHT ======
Unhandled Promise: TypeError: Failed to fetch
=============================
====== JS ERROR CAUGHT ======
Unhandled Promise: TypeError: Failed to fetch
=============================
====== JS ERROR CAUGHT ======
Unhandled Promise: TypeError: Failed to fetch
=============================
====== JS ERROR CAUGHT ======
Unhandled Promise: TypeError: Failed to fetch
=============================
====== JS ERROR CAUGHT ======
Unhandled Promise: TypeError: Failed to fetch
=============================
====== JS ERROR CAUGHT ======
Unhandled Promise: TypeError: Failed to fetch
=============================
====== JS ERROR CAUGHT ======
Unhandled Promise: TypeError: Failed to fetch
=============================
====== JS ERROR CAUGHT ======
Unhandled Promise: TypeError: Failed to fetch
=============================
====== JS ERROR CAUGHT ======
Unhandled Promise: TypeError: Failed to fetch
=============================
====== JS ERROR CAUGHT ======
Unhandled Promise: TypeError: Failed to fetch
=============================
====== JS ERROR CAUGHT ======
Unhandled Promise: TypeError: Failed to fetch
=============================
====== JS ERROR CAUGHT ======
Unhandled Promise: TypeError: Failed to fetch
=============================
====== JS ERROR CAUGHT ======
Unhandled Promise: TypeError: Failed to fetch
=============================
====== JS ERROR CAUGHT ======
Unhandled Promise: TypeError: Failed to fetch
=============================
====== JS ERROR CAUGHT ======
Unhandled Promise: TypeError: Failed to fetch
=============================
====== JS ERROR CAUGHT ======
Unhandled Promise: TypeError: Failed to fetch
=============================
====== JS ERROR CAUGHT ======
Unhandled Promise: TypeError: Failed to fetch
=============================
====== JS ERROR CAUGHT ======
Unhandled Promise: TypeError: Failed to fetch
=============================
====== JS ERROR CAUGHT ======
Unhandled Promise: TypeError: Failed to fetch
=============================
====== JS ERROR CAUGHT ======
Unhandled Promise: TypeError: Failed to fetch
=============================
====== JS ERROR CAUGHT ======
Unhandled Promise: TypeError: Failed to fetch
=============================
====== JS ERROR CAUGHT ======
Unhandled Promise: TypeError: Failed to fetch
=============================
====== JS ERROR CAUGHT ======
Unhandled Promise: TypeError: Failed to fetch
=============================
====== JS ERROR CAUGHT ======
Unhandled Promise: TypeError: Failed to fetch
=============================
====== JS ERROR CAUGHT ======
Unhandled Promise: TypeError: Failed to fetch
=============================
====== JS ERROR CAUGHT ======
Unhandled Promise: TypeError: Failed to fetch
=============================
====== JS ERROR CAUGHT ======
Unhandled Promise: TypeError: Failed to fetch
=============================
====== JS ERROR CAUGHT ======
Unhandled Promise: TypeError: Failed to fetch
=============================
====== JS ERROR CAUGHT ======
Unhandled Promise: TypeError: Failed to fetch
=============================
====== JS ERROR CAUGHT ======
Unhandled Promise: TypeError: Failed to fetch
=============================
====== JS ERROR CAUGHT ======
Unhandled Promise: TypeError: Failed to fetch
=============================
====== JS ERROR CAUGHT ======
Unhandled Promise: TypeError: Failed to fetch
=============================
====== JS ERROR CAUGHT ======
Unhandled Promise: TypeError: Failed to fetch
=============================
====== JS ERROR CAUGHT ======
Unhandled Promise: TypeError: Failed to fetch
=============================
====== JS ERROR CAUGHT ======
Unhandled Promise: TypeError: Failed to fetch
=============================
====== JS ERROR CAUGHT ======
Unhandled Promise: TypeError: Failed to fetch
=============================
====== JS ERROR CAUGHT ======
Unhandled Promise: TypeError: Failed to fetch
=============================
====== JS ERROR CAUGHT ======
Unhandled Promise: TypeError: Failed to fetch
=============================
====== JS ERROR CAUGHT ======
Unhandled Promise: TypeError: Failed to fetch
=============================
====== JS ERROR CAUGHT ======
Unhandled Promise: TypeError: Failed to fetch
=============================
====== JS ERROR CAUGHT ======
Unhandled Promise: TypeError: Failed to fetch
=============================
====== JS ERROR CAUGHT ======
Unhandled Promise: TypeError: Failed to fetch
=============================
====== JS ERROR CAUGHT ======
Unhandled Promise: TypeError: Failed to fetch
=============================
====== JS ERROR CAUGHT ======
Unhandled Promise: TypeError: Failed to fetch
=============================
====== JS ERROR CAUGHT ======
Unhandled Promise: TypeError: Failed to fetch
=============================
====== JS ERROR CAUGHT ======
Unhandled Promise: TypeError: Failed to fetch
=============================
====== JS ERROR CAUGHT ======
Unhandled Promise: TypeError: Failed to fetch
=============================
====== JS ERROR CAUGHT ======
Unhandled Promise: TypeError: Failed to fetch
=============================
====== JS ERROR CAUGHT ======
Unhandled Promise: TypeError: Failed to fetch
=============================
====== JS ERROR CAUGHT ======
Unhandled Promise: TypeError: Failed to fetch
=============================
====== JS ERROR CAUGHT ======
Unhandled Promise: TypeError: Failed to fetch
=============================
====== JS ERROR CAUGHT ======
Unhandled Promise: TypeError: Failed to fetch
=============================
====== JS ERROR CAUGHT ======
Unhandled Promise: TypeError: Failed to fetch
=============================
====== JS ERROR CAUGHT ======
Unhandled Promise: TypeError: Failed to fetch
=============================
====== JS ERROR CAUGHT ======
Unhandled Promise: TypeError: Failed to fetch
=============================
====== JS ERROR CAUGHT ======
Unhandled Promise: TypeError: Failed to fetch
=============================
====== JS ERROR CAUGHT ======
Unhandled Promise: TypeError: Failed to fetch
=============================
====== JS ERROR CAUGHT ======
Unhandled Promise: TypeError: Failed to fetch
=============================
====== JS ERROR CAUGHT ======
Unhandled Promise: TypeError: Failed to fetch
=============================
====== JS ERROR CAUGHT ======
Unhandled Promise: TypeError: Failed to fetch
=============================
====== JS ERROR CAUGHT ======
Unhandled Promise: TypeError: Failed to fetch
=============================
====== JS ERROR CAUGHT ======
Unhandled Promise: TypeError: Failed to fetch
=============================
====== JS ERROR CAUGHT ======
Unhandled Promise: TypeError: Failed to fetch
=============================
====== JS ERROR CAUGHT ======
Unhandled Promise: TypeError: Failed to fetch
=============================
====== JS ERROR CAUGHT ======
Unhandled Promise: TypeError: Failed to fetch
=============================
====== JS ERROR CAUGHT ======
Unhandled Promise: TypeError: Failed to fetch
=============================
====== JS ERROR CAUGHT ======
Unhandled Promise: TypeError: Failed to fetch
=============================
====== JS ERROR CAUGHT ======
Unhandled Promise: TypeError: Failed to fetch
=============================
====== JS ERROR CAUGHT ======
Unhandled Promise: TypeError: Failed to fetch
=============================
====== JS ERROR CAUGHT ======
Unhandled Promise: TypeError: Failed to fetch
=============================
====== JS ERROR CAUGHT ======
Unhandled Promise: TypeError: Failed to fetch
=============================
====== JS ERROR CAUGHT ======
Unhandled Promise: TypeError: Failed to fetch
=============================
====== JS ERROR CAUGHT ======
Unhandled Promise: TypeError: Failed to fetch
=============================
====== JS ERROR CAUGHT ======
Unhandled Promise: TypeError: Failed to fetch
=============================
====== JS ERROR CAUGHT ======
Unhandled Promise: TypeError: Failed to fetch
=============================
====== JS ERROR CAUGHT ======
Unhandled Promise: TypeError: Failed to fetch
=============================
====== JS ERROR CAUGHT ======
Unhandled Promise: TypeError: Failed to fetch
=============================
====== JS ERROR CAUGHT ======
Unhandled Promise: TypeError: Failed to fetch
=============================
====== JS ERROR CAUGHT ======
Unhandled Promise: TypeError: Failed to fetch
=============================
====== JS ERROR CAUGHT ======
Unhandled Promise: TypeError: Failed to fetch
=============================
====== JS ERROR CAUGHT ======
Unhandled Promise: TypeError: Failed to fetch
=============================
====== JS ERROR CAUGHT ======
Unhandled Promise: TypeError: Failed to fetch
=============================
====== JS ERROR CAUGHT ======
Unhandled Promise: TypeError: Failed to fetch
=============================
====== JS ERROR CAUGHT ======
Unhandled Promise: TypeError: Failed to fetch
=============================
====== JS ERROR CAUGHT ======
Unhandled Promise: TypeError: Failed to fetch
=============================
====== JS ERROR CAUGHT ======
Unhandled Promise: TypeError: Failed to fetch
=============================
====== JS ERROR CAUGHT ======
Unhandled Promise: TypeError: Failed to fetch
=============================
====== JS ERROR CAUGHT ======
Unhandled Promise: TypeError: Failed to fetch
=============================
====== JS ERROR CAUGHT ======
Unhandled Promise: TypeError: Failed to fetch
=============================
====== JS ERROR CAUGHT ======
Unhandled Promise: TypeError: Failed to fetch
=============================
====== JS ERROR CAUGHT ======
Unhandled Promise: TypeError: Failed to fetch
=============================
====== JS ERROR CAUGHT ======
Unhandled Promise: TypeError: Failed to fetch
=============================
====== JS ERROR CAUGHT ======
Unhandled Promise: TypeError: Failed to fetch
=============================
====== JS ERROR CAUGHT ======
Unhandled Promise: TypeError: Failed to fetch
=============================
====== JS ERROR CAUGHT ======
Unhandled Promise: TypeError: Failed to fetch
=============================
====== JS ERROR CAUGHT ======
Unhandled Promise: TypeError: Failed to fetch
=============================
====== JS ERROR CAUGHT ======
Unhandled Promise: TypeError: Failed to fetch
=============================
====== JS ERROR CAUGHT ======
Unhandled Promise: TypeError: Failed to fetch
=============================
====== JS ERROR CAUGHT ======
Unhandled Promise: TypeError: Failed to fetch
=============================
====== JS ERROR CAUGHT ======
Unhandled Promise: TypeError: Failed to fetch
=============================
====== JS ERROR CAUGHT ======
Unhandled Promise: TypeError: Failed to fetch
=============================
====== JS ERROR CAUGHT ======
Unhandled Promise: TypeError: Failed to fetch
=============================
====== JS ERROR CAUGHT ======
Unhandled Promise: TypeError: Failed to fetch
=============================
====== JS ERROR CAUGHT ======
Unhandled Promise: TypeError: Failed to fetch
=============================
====== JS ERROR CAUGHT ======
Unhandled Promise: TypeError: Failed to fetch
=============================
====== JS ERROR CAUGHT ======
Unhandled Promise: TypeError: Failed to fetch
=============================
====== JS ERROR CAUGHT ======
Unhandled Promise: TypeError: Failed to fetch
=============================
====== JS ERROR CAUGHT ======
Unhandled Promise: TypeError: Failed to fetch
=============================
====== JS ERROR CAUGHT ======
Unhandled Promise: TypeError: Failed to fetch
=============================
====== JS ERROR CAUGHT ======
Unhandled Promise: TypeError: Failed to fetch
=============================
====== JS ERROR CAUGHT ======
Unhandled Promise: TypeError: Failed to fetch
=============================
====== JS ERROR CAUGHT ======
Unhandled Promise: TypeError: Failed to fetch
=============================
====== JS ERROR CAUGHT ======
Unhandled Promise: TypeError: Failed to fetch
=============================
====== JS ERROR CAUGHT ======
Unhandled Promise: TypeError: Failed to fetch
=============================
====== JS ERROR CAUGHT ======
Unhandled Promise: TypeError: Failed to fetch
=============================
====== JS ERROR CAUGHT ======
Unhandled Promise: TypeError: Failed to fetch
=============================
====== JS ERROR CAUGHT ======
Unhandled Promise: TypeError: Failed to fetch
=============================
====== JS ERROR CAUGHT ======
Unhandled Promise: TypeError: Failed to fetch
=============================
====== JS ERROR CAUGHT ======
Unhandled Promise: TypeError: Failed to fetch
=============================
====== JS ERROR CAUGHT ======
Unhandled Promise: TypeError: Failed to fetch
=============================
====== JS ERROR CAUGHT ======
Unhandled Promise: TypeError: Failed to fetch
=============================
====== JS ERROR CAUGHT ======
Unhandled Promise: TypeError: Failed to fetch
=============================
====== JS ERROR CAUGHT ======
Unhandled Promise: TypeError: Failed to fetch
=============================
====== JS ERROR CAUGHT ======
Unhandled Promise: TypeError: Failed to fetch
=============================
====== JS ERROR CAUGHT ======
Unhandled Promise: TypeError: Failed to fetch
=============================
====== JS ERROR CAUGHT ======
Unhandled Promise: TypeError: Failed to fetch
=============================
====== JS ERROR CAUGHT ======
Unhandled Promise: TypeError: Failed to fetch
=============================
====== JS ERROR CAUGHT ======
Unhandled Promise: TypeError: Failed to fetch
=============================
====== JS ERROR CAUGHT ======
Unhandled Promise: TypeError: Failed to fetch
=============================
====== JS ERROR CAUGHT ======
Unhandled Promise: TypeError: Failed to fetch
=============================
====== JS ERROR CAUGHT ======
Unhandled Promise: TypeError: Failed to fetch
=============================
====== JS ERROR CAUGHT ======
Unhandled Promise: TypeError: Failed to fetch
=============================
====== JS ERROR CAUGHT ======
Unhandled Promise: TypeError: Failed to fetch
=============================
====== JS ERROR CAUGHT ======
Unhandled Promise: TypeError: Failed to fetch
=============================
====== JS ERROR CAUGHT ======
Unhandled Promise: TypeError: Failed to fetch
=============================
====== JS ERROR CAUGHT ======
Unhandled Promise: TypeError: Failed to fetch
=============================
====== JS ERROR CAUGHT ======
Unhandled Promise: TypeError: Failed to fetch
=============================
====== JS ERROR CAUGHT ======
Unhandled Promise: TypeError: Failed to fetch
=============================
====== JS ERROR CAUGHT ======
Unhandled Promise: TypeError: Failed to fetch
=============================
====== JS ERROR CAUGHT ======
Unhandled Promise: TypeError: Failed to fetch
=============================
====== JS ERROR CAUGHT ======
Unhandled Promise: TypeError: Failed to fetch
=============================
====== JS ERROR CAUGHT ======
Unhandled Promise: TypeError: Failed to fetch
=============================
====== JS ERROR CAUGHT ======
Unhandled Promise: TypeError: Failed to fetch
=============================
====== JS ERROR CAUGHT ======
Unhandled Promise: TypeError: Failed to fetch
=============================
====== JS ERROR CAUGHT ======
Unhandled Promise: TypeError: Failed to fetch
=============================
====== JS ERROR CAUGHT ======
Unhandled Promise: TypeError: Failed to fetch
=============================
====== JS ERROR CAUGHT ======
Unhandled Promise: TypeError: Failed to fetch
=============================
====== JS ERROR CAUGHT ======
Unhandled Promise: TypeError: Failed to fetch
=============================
====== JS ERROR CAUGHT ======
Unhandled Promise: TypeError: Failed to fetch
=============================
====== JS ERROR CAUGHT ======
Unhandled Promise: TypeError: Failed to fetch
=============================
====== JS ERROR CAUGHT ======
Unhandled Promise: TypeError: Failed to fetch
=============================
====== JS ERROR CAUGHT ======
Unhandled Promise: TypeError: Failed to fetch
=============================
====== JS ERROR CAUGHT ======
Unhandled Promise: TypeError: Failed to fetch
=============================
====== JS ERROR CAUGHT ======
Unhandled Promise: TypeError: Failed to fetch
=============================
====== JS ERROR CAUGHT ======
Unhandled Promise: TypeError: Failed to fetch
=============================
====== JS ERROR CAUGHT ======
Unhandled Promise: TypeError: Failed to fetch
=============================
====== JS ERROR CAUGHT ======
Unhandled Promise: TypeError: Failed to fetch
=============================
====== JS ERROR CAUGHT ======
Unhandled Promise: TypeError: Failed to fetch
=============================
====== JS ERROR CAUGHT ======
Unhandled Promise: TypeError: Failed to fetch
=============================
====== JS ERROR CAUGHT ======
Unhandled Promise: TypeError: Failed to fetch
=============================
====== JS ERROR CAUGHT ======
Unhandled Promise: TypeError: Failed to fetch
=============================
====== JS ERROR CAUGHT ======
Unhandled Promise: TypeError: Failed to fetch
=============================
====== JS ERROR CAUGHT ======
Unhandled Promise: TypeError: Failed to fetch
=============================
====== JS ERROR CAUGHT ======
Unhandled Promise: TypeError: Failed to fetch
=============================
====== JS ERROR CAUGHT ======
Unhandled Promise: TypeError: Failed to fetch
=============================
====== JS ERROR CAUGHT ======
Unhandled Promise: TypeError: Failed to fetch
=============================
====== JS ERROR CAUGHT ======
Unhandled Promise: TypeError: Failed to fetch
=============================
====== JS ERROR CAUGHT ======
Unhandled Promise: TypeError: Failed to fetch
=============================
====== JS ERROR CAUGHT ======
Unhandled Promise: TypeError: Failed to fetch
=============================
====== JS ERROR CAUGHT ======
Unhandled Promise: TypeError: Failed to fetch
=============================
====== JS ERROR CAUGHT ======
Unhandled Promise: TypeError: Failed to fetch
=============================
====== JS ERROR CAUGHT ======
Unhandled Promise: TypeError: Failed to fetch
=============================
====== JS ERROR CAUGHT ======
Unhandled Promise: TypeError: Failed to fetch
=============================
====== JS ERROR CAUGHT ======
Unhandled Promise: TypeError: Failed to fetch
=============================
====== JS ERROR CAUGHT ======
Unhandled Promise: TypeError: Failed to fetch
=============================
====== JS ERROR CAUGHT ======
Unhandled Promise: TypeError: Failed to fetch
=============================
====== JS ERROR CAUGHT ======
Unhandled Promise: TypeError: Failed to fetch
=============================
====== JS ERROR CAUGHT ======
Unhandled Promise: TypeError: Failed to fetch
=============================
====== JS ERROR CAUGHT ======
Unhandled Promise: TypeError: Failed to fetch
=============================
====== JS ERROR CAUGHT ======
Unhandled Promise: TypeError: Failed to fetch
=============================
====== JS ERROR CAUGHT ======
Unhandled Promise: TypeError: Failed to fetch
=============================
====== JS ERROR CAUGHT ======
Unhandled Promise: TypeError: Failed to fetch
=============================
====== JS ERROR CAUGHT ======
Unhandled Promise: TypeError: Failed to fetch
=============================
====== JS ERROR CAUGHT ======
Unhandled Promise: TypeError: Failed to fetch
=============================
====== JS ERROR CAUGHT ======
Unhandled Promise: TypeError: Failed to fetch
=============================
====== JS ERROR CAUGHT ======
Unhandled Promise: TypeError: Failed to fetch
=============================
====== JS ERROR CAUGHT ======
Unhandled Promise: TypeError: Failed to fetch
=============================
====== JS ERROR CAUGHT ======
Unhandled Promise: TypeError: Failed to fetch
=============================
====== JS ERROR CAUGHT ======
Unhandled Promise: TypeError: Failed to fetch
=============================
====== JS ERROR CAUGHT ======
Unhandled Promise: TypeError: Failed to fetch
=============================
====== JS ERROR CAUGHT ======
Unhandled Promise: TypeError: Failed to fetch
=============================
====== JS ERROR CAUGHT ======
Unhandled Promise: TypeError: Failed to fetch
=============================
====== JS ERROR CAUGHT ======
Unhandled Promise: TypeError: Failed to fetch
=============================
====== JS ERROR CAUGHT ======
Unhandled Promise: TypeError: Failed to fetch
=============================
====== JS ERROR CAUGHT ======
Unhandled Promise: TypeError: Failed to fetch
=============================
====== JS ERROR CAUGHT ======
Unhandled Promise: TypeError: Failed to fetch
=============================
====== JS ERROR CAUGHT ======
Unhandled Promise: TypeError: Failed to fetch
=============================
====== JS ERROR CAUGHT ======
Unhandled Promise: TypeError: Failed to fetch
=============================
====== JS ERROR CAUGHT ======
Unhandled Promise: TypeError: Failed to fetch
=============================
====== JS ERROR CAUGHT ======
Unhandled Promise: TypeError: Failed to fetch
=============================
====== JS ERROR CAUGHT ======
Unhandled Promise: TypeError: Failed to fetch
=============================
====== JS ERROR CAUGHT ======
Unhandled Promise: TypeError: Failed to fetch
=============================
====== JS ERROR CAUGHT ======
Unhandled Promise: TypeError: Failed to fetch
=============================
====== JS ERROR CAUGHT ======
Unhandled Promise: TypeError: Failed to fetch
=============================
====== JS ERROR CAUGHT ======
Unhandled Promise: TypeError: Failed to fetch
=============================
====== JS ERROR CAUGHT ======
Unhandled Promise: TypeError: Failed to fetch
=============================
====== JS ERROR CAUGHT ======
Unhandled Promise: TypeError: Failed to fetch
=============================
====== JS ERROR CAUGHT ======
Unhandled Promise: TypeError: Failed to fetch
=============================
====== JS ERROR CAUGHT ======
Unhandled Promise: TypeError: Failed to fetch
=============================
====== JS ERROR CAUGHT ======
Unhandled Promise: TypeError: Failed to fetch
=============================
====== JS ERROR CAUGHT ======
Unhandled Promise: TypeError: Failed to fetch
=============================
====== JS ERROR CAUGHT ======
Unhandled Promise: TypeError: Failed to fetch
=============================
====== JS ERROR CAUGHT ======
Unhandled Promise: TypeError: Failed to fetch
=============================
====== JS ERROR CAUGHT ======
Unhandled Promise: TypeError: Failed to fetch
=============================
====== JS ERROR CAUGHT ======
Unhandled Promise: TypeError: Failed to fetch
=============================
====== JS ERROR CAUGHT ======
Unhandled Promise: TypeError: Failed to fetch
=============================
====== JS ERROR CAUGHT ======
Unhandled Promise: TypeError: Failed to fetch
=============================
====== JS ERROR CAUGHT ======
Unhandled Promise: TypeError: Failed to fetch
=============================
====== JS ERROR CAUGHT ======
Unhandled Promise: TypeError: Failed to fetch
=============================
====== JS ERROR CAUGHT ======
Unhandled Promise: TypeError: Failed to fetch
=============================
====== JS ERROR CAUGHT ======
Unhandled Promise: TypeError: Failed to fetch
=============================
====== JS ERROR CAUGHT ======
Unhandled Promise: TypeError: Failed to fetch
=============================
====== JS ERROR CAUGHT ======
Unhandled Promise: TypeError: Failed to fetch
=============================
====== JS ERROR CAUGHT ======
Unhandled Promise: TypeError: Failed to fetch
=============================
====== JS ERROR CAUGHT ======
Unhandled Promise: TypeError: Failed to fetch
=============================
====== JS ERROR CAUGHT ======
Unhandled Promise: TypeError: Failed to fetch
=============================
====== JS ERROR CAUGHT ======
Unhandled Promise: TypeError: Failed to fetch
=============================
====== JS ERROR CAUGHT ======
Unhandled Promise: TypeError: Failed to fetch
=============================
====== JS ERROR CAUGHT ======
Unhandled Promise: TypeError: Failed to fetch
=============================
====== JS ERROR CAUGHT ======
Unhandled Promise: TypeError: Failed to fetch
=============================
====== JS ERROR CAUGHT ======
Unhandled Promise: TypeError: Failed to fetch
=============================
====== JS ERROR CAUGHT ======
Unhandled Promise: TypeError: Failed to fetch
=============================
====== JS ERROR CAUGHT ======
Unhandled Promise: TypeError: Failed to fetch
=============================
====== JS ERROR CAUGHT ======
Unhandled Promise: TypeError: Failed to fetch
=============================
====== JS ERROR CAUGHT ======
Unhandled Promise: TypeError: Failed to fetch
=============================
====== JS ERROR CAUGHT ======
Unhandled Promise: TypeError: Failed to fetch
=============================
====== JS ERROR CAUGHT ======
Unhandled Promise: TypeError: Failed to fetch
=============================
====== JS ERROR CAUGHT ======
Unhandled Promise: TypeError: Failed to fetch
=============================
====== JS ERROR CAUGHT ======
Unhandled Promise: TypeError: Failed to fetch
=============================
====== JS ERROR CAUGHT ======
Unhandled Promise: TypeError: Failed to fetch
=============================
====== JS ERROR CAUGHT ======
Unhandled Promise: TypeError: Failed to fetch
=============================
====== JS ERROR CAUGHT ======
Unhandled Promise: TypeError: Failed to fetch
=============================
====== JS ERROR CAUGHT ======
Unhandled Promise: TypeError: Failed to fetch
=============================
====== JS ERROR CAUGHT ======
Unhandled Promise: TypeError: Failed to fetch
=============================
====== JS ERROR CAUGHT ======
Unhandled Promise: TypeError: Failed to fetch
=============================
====== JS ERROR CAUGHT ======
Unhandled Promise: TypeError: Failed to fetch
=============================
====== JS ERROR CAUGHT ======
Unhandled Promise: TypeError: Failed to fetch
=============================
====== JS ERROR CAUGHT ======
Unhandled Promise: TypeError: Failed to fetch
=============================
====== JS ERROR CAUGHT ======
Unhandled Promise: TypeError: Failed to fetch
=============================
====== JS ERROR CAUGHT ======
Unhandled Promise: TypeError: Failed to fetch
=============================
====== JS ERROR CAUGHT ======
Unhandled Promise: TypeError: Failed to fetch
=============================
====== JS ERROR CAUGHT ======
Unhandled Promise: TypeError: Failed to fetch
=============================
====== JS ERROR CAUGHT ======
Unhandled Promise: TypeError: Failed to fetch
=============================
====== JS ERROR CAUGHT ======
Unhandled Promise: TypeError: Failed to fetch
=============================
====== JS ERROR CAUGHT ======
Unhandled Promise: TypeError: Failed to fetch
=============================
====== JS ERROR CAUGHT ======
Unhandled Promise: TypeError: Failed to fetch
=============================
====== JS ERROR CAUGHT ======
Unhandled Promise: TypeError: Failed to fetch
=============================
====== JS ERROR CAUGHT ======
Unhandled Promise: TypeError: Failed to fetch
=============================
====== JS ERROR CAUGHT ======
Unhandled Promise: TypeError: Failed to fetch
=============================
====== JS ERROR CAUGHT ======
Unhandled Promise: TypeError: Failed to fetch
=============================
====== JS ERROR CAUGHT ======
Unhandled Promise: TypeError: Failed to fetch
=============================
====== JS ERROR CAUGHT ======
Unhandled Promise: TypeError: Failed to fetch
=============================
====== JS ERROR CAUGHT ======
Unhandled Promise: TypeError: Failed to fetch
=============================
====== JS ERROR CAUGHT ======
Unhandled Promise: TypeError: Failed to fetch
=============================
====== JS ERROR CAUGHT ======
Unhandled Promise: TypeError: Failed to fetch
=============================
====== JS ERROR CAUGHT ======
Unhandled Promise: TypeError: Failed to fetch
=============================
====== JS ERROR CAUGHT ======
Unhandled Promise: TypeError: Failed to fetch
=============================
====== JS ERROR CAUGHT ======
Unhandled Promise: TypeError: Failed to fetch
=============================
====== JS ERROR CAUGHT ======
Unhandled Promise: TypeError: Failed to fetch
=============================
====== JS ERROR CAUGHT ======
Unhandled Promise: TypeError: Failed to fetch
=============================
====== JS ERROR CAUGHT ======
Unhandled Promise: TypeError: Failed to fetch
=============================
====== JS ERROR CAUGHT ======
Unhandled Promise: TypeError: Failed to fetch
=============================
====== JS ERROR CAUGHT ======
Unhandled Promise: TypeError: Failed to fetch
=============================
====== JS ERROR CAUGHT ======
Unhandled Promise: TypeError: Failed to fetch
=============================
====== JS ERROR CAUGHT ======
Unhandled Promise: TypeError: Failed to fetch
=============================
====== JS ERROR CAUGHT ======
Unhandled Promise: TypeError: Failed to fetch
=============================
====== JS ERROR CAUGHT ======
Unhandled Promise: TypeError: Failed to fetch
=============================
====== JS ERROR CAUGHT ======
Unhandled Promise: TypeError: Failed to fetch
=============================
====== JS ERROR CAUGHT ======
Unhandled Promise: TypeError: Failed to fetch
=============================
====== JS ERROR CAUGHT ======
Unhandled Promise: TypeError: Failed to fetch
=============================
====== JS ERROR CAUGHT ======
Unhandled Promise: TypeError: Failed to fetch
=============================
====== JS ERROR CAUGHT ======
Unhandled Promise: TypeError: Failed to fetch
=============================
====== JS ERROR CAUGHT ======
Unhandled Promise: TypeError: Failed to fetch
=============================
====== JS ERROR CAUGHT ======
Unhandled Promise: TypeError: Failed to fetch
=============================
====== JS ERROR CAUGHT ======
Unhandled Promise: TypeError: Failed to fetch
=============================
====== JS ERROR CAUGHT ======
Unhandled Promise: TypeError: Failed to fetch
=============================
====== JS ERROR CAUGHT ======
Unhandled Promise: TypeError: Failed to fetch
=============================
====== JS ERROR CAUGHT ======
Unhandled Promise: TypeError: Failed to fetch
=============================
====== JS ERROR CAUGHT ======
Unhandled Promise: TypeError: Failed to fetch
=============================
====== JS ERROR CAUGHT ======
Unhandled Promise: TypeError: Failed to fetch
=============================
====== JS ERROR CAUGHT ======
Unhandled Promise: TypeError: Failed to fetch
=============================
====== JS ERROR CAUGHT ======
Unhandled Promise: TypeError: Failed to fetch
=============================
====== JS ERROR CAUGHT ======
Unhandled Promise: TypeError: Failed to fetch
=============================
====== JS ERROR CAUGHT ======
Unhandled Promise: TypeError: Failed to fetch
=============================
====== JS ERROR CAUGHT ======
Unhandled Promise: TypeError: Failed to fetch
=============================
====== JS ERROR CAUGHT ======
Unhandled Promise: TypeError: Failed to fetch
=============================
====== JS ERROR CAUGHT ======
Unhandled Promise: TypeError: Failed to fetch
=============================
====== JS ERROR CAUGHT ======
Unhandled Promise: TypeError: Failed to fetch
=============================
====== JS ERROR CAUGHT ======
Unhandled Promise: TypeError: Failed to fetch
=============================
====== JS ERROR CAUGHT ======
Unhandled Promise: TypeError: Failed to fetch
=============================
====== JS ERROR CAUGHT ======
Unhandled Promise: TypeError: Failed to fetch
=============================
====== JS ERROR CAUGHT ======
Unhandled Promise: TypeError: Failed to fetch
=============================
====== JS ERROR CAUGHT ======
Unhandled Promise: TypeError: Failed to fetch
=============================
====== JS ERROR CAUGHT ======
Unhandled Promise: TypeError: Failed to fetch
=============================
====== JS ERROR CAUGHT ======
Unhandled Promise: TypeError: Failed to fetch
=============================
====== JS ERROR CAUGHT ======
Unhandled Promise: TypeError: Failed to fetch
=============================
====== JS ERROR CAUGHT ======
Unhandled Promise: TypeError: Failed to fetch
=============================
====== JS ERROR CAUGHT ======
Unhandled Promise: TypeError: Failed to fetch
=============================
====== JS ERROR CAUGHT ======
Unhandled Promise: TypeError: Failed to fetch
=============================
====== JS ERROR CAUGHT ======
Unhandled Promise: TypeError: Failed to fetch
=============================
====== JS ERROR CAUGHT ======
Unhandled Promise: TypeError: Failed to fetch
=============================
====== JS ERROR CAUGHT ======
Unhandled Promise: TypeError: Failed to fetch
=============================
====== JS ERROR CAUGHT ======
Unhandled Promise: TypeError: Failed to fetch
=============================
====== JS ERROR CAUGHT ======
Unhandled Promise: TypeError: Failed to fetch
=============================
====== JS ERROR CAUGHT ======
Unhandled Promise: TypeError: Failed to fetch
=============================
====== JS ERROR CAUGHT ======
Unhandled Promise: TypeError: Failed to fetch
=============================
====== JS ERROR CAUGHT ======
Unhandled Promise: TypeError: Failed to fetch
=============================
====== JS ERROR CAUGHT ======
Unhandled Promise: TypeError: Failed to fetch
=============================
====== JS ERROR CAUGHT ======
Unhandled Promise: TypeError: Failed to fetch
=============================
====== JS ERROR CAUGHT ======
Unhandled Promise: TypeError: Failed to fetch
=============================
====== JS ERROR CAUGHT ======
Unhandled Promise: TypeError: Failed to fetch
=============================
====== JS ERROR CAUGHT ======
Unhandled Promise: TypeError: Failed to fetch
=============================
====== JS ERROR CAUGHT ======
Unhandled Promise: TypeError: Failed to fetch
=============================
====== JS ERROR CAUGHT ======
Unhandled Promise: TypeError: Failed to fetch
=============================
====== JS ERROR CAUGHT ======
Unhandled Promise: TypeError: Failed to fetch
=============================
====== JS ERROR CAUGHT ======
Unhandled Promise: TypeError: Failed to fetch
=============================
====== JS ERROR CAUGHT ======
Unhandled Promise: TypeError: Failed to fetch
=============================
====== JS ERROR CAUGHT ======
Unhandled Promise: TypeError: Failed to fetch
=============================
====== JS ERROR CAUGHT ======
Unhandled Promise: TypeError: Failed to fetch
=============================
====== JS ERROR CAUGHT ======
Unhandled Promise: TypeError: Failed to fetch
=============================
====== JS ERROR CAUGHT ======
Unhandled Promise: TypeError: Failed to fetch
=============================
====== JS ERROR CAUGHT ======
Unhandled Promise: TypeError: Failed to fetch
=============================
====== JS ERROR CAUGHT ======
Unhandled Promise: TypeError: Failed to fetch
=============================
====== JS ERROR CAUGHT ======
Unhandled Promise: TypeError: Failed to fetch
=============================
====== JS ERROR CAUGHT ======
Unhandled Promise: TypeError: Failed to fetch
=============================
====== JS ERROR CAUGHT ======
Unhandled Promise: TypeError: Failed to fetch
=============================
====== JS ERROR CAUGHT ======
Unhandled Promise: TypeError: Failed to fetch
=============================
====== JS ERROR CAUGHT ======
Unhandled Promise: TypeError: Failed to fetch
=============================
====== JS ERROR CAUGHT ======
Unhandled Promise: TypeError: Failed to fetch
=============================
====== JS ERROR CAUGHT ======
Unhandled Promise: TypeError: Failed to fetch
=============================
====== JS ERROR CAUGHT ======
Unhandled Promise: TypeError: Failed to fetch
=============================
====== JS ERROR CAUGHT ======
Unhandled Promise: TypeError: Failed to fetch
=============================
====== JS ERROR CAUGHT ======
Unhandled Promise: TypeError: Failed to fetch
=============================
====== JS ERROR CAUGHT ======
Unhandled Promise: TypeError: Failed to fetch
=============================
====== JS ERROR CAUGHT ======
Unhandled Promise: TypeError: Failed to fetch
=============================
====== JS ERROR CAUGHT ======
Unhandled Promise: TypeError: Failed to fetch
=============================
====== JS ERROR CAUGHT ======
Unhandled Promise: TypeError: Failed to fetch
=============================
====== JS ERROR CAUGHT ======
Unhandled Promise: TypeError: Failed to fetch
=============================
====== JS ERROR CAUGHT ======
Unhandled Promise: TypeError: Failed to fetch
=============================
====== JS ERROR CAUGHT ======
Unhandled Promise: TypeError: Failed to fetch
=============================
====== JS ERROR CAUGHT ======
Unhandled Promise: TypeError: Failed to fetch
=============================
====== JS ERROR CAUGHT ======
Unhandled Promise: TypeError: Failed to fetch
=============================
====== JS ERROR CAUGHT ======
Unhandled Promise: TypeError: Failed to fetch
=============================
====== JS ERROR CAUGHT ======
Unhandled Promise: TypeError: Failed to fetch
=============================
====== JS ERROR CAUGHT ======
Unhandled Promise: TypeError: Failed to fetch
=============================
====== JS ERROR CAUGHT ======
Unhandled Promise: TypeError: Failed to fetch
=============================
====== JS ERROR CAUGHT ======
Unhandled Promise: TypeError: Failed to fetch
=============================
====== JS ERROR CAUGHT ======
Unhandled Promise: TypeError: Failed to fetch
=============================
====== JS ERROR CAUGHT ======
Unhandled Promise: TypeError: Failed to fetch
=============================
====== JS ERROR CAUGHT ======
Unhandled Promise: TypeError: Failed to fetch
=============================
====== JS ERROR CAUGHT ======
Unhandled Promise: TypeError: Failed to fetch
=============================
====== JS ERROR CAUGHT ======
Unhandled Promise: TypeError: Failed to fetch
=============================
====== JS ERROR CAUGHT ======
Unhandled Promise: TypeError: Failed to fetch
=============================
====== JS ERROR CAUGHT ======
Unhandled Promise: TypeError: Failed to fetch
=============================
====== JS ERROR CAUGHT ======
Unhandled Promise: TypeError: Failed to fetch
=============================
====== JS ERROR CAUGHT ======
Unhandled Promise: TypeError: Failed to fetch
=============================
====== JS ERROR CAUGHT ======
Unhandled Promise: TypeError: Failed to fetch
=============================
====== JS ERROR CAUGHT ======
Unhandled Promise: TypeError: Failed to fetch
=============================
====== JS ERROR CAUGHT ======
Unhandled Promise: TypeError: Failed to fetch
=============================
====== JS ERROR CAUGHT ======
Unhandled Promise: TypeError: Failed to fetch
=============================
====== JS ERROR CAUGHT ======
Unhandled Promise: TypeError: Failed to fetch
=============================
====== JS ERROR CAUGHT ======
Unhandled Promise: TypeError: Failed to fetch
=============================
====== JS ERROR CAUGHT ======
Unhandled Promise: TypeError: Failed to fetch
=============================
====== JS ERROR CAUGHT ======
Unhandled Promise: TypeError: Failed to fetch
=============================
====== JS ERROR CAUGHT ======
Unhandled Promise: TypeError: Failed to fetch
=============================
====== JS ERROR CAUGHT ======
Unhandled Promise: TypeError: Failed to fetch
=============================
====== JS ERROR CAUGHT ======
Unhandled Promise: TypeError: Failed to fetch
=============================
====== JS ERROR CAUGHT ======
Unhandled Promise: TypeError: Failed to fetch
=============================
====== JS ERROR CAUGHT ======
Unhandled Promise: TypeError: Failed to fetch
=============================
====== JS ERROR CAUGHT ======
Unhandled Promise: TypeError: Failed to fetch
=============================
====== JS ERROR CAUGHT ======
Unhandled Promise: TypeError: Failed to fetch
=============================
====== JS ERROR CAUGHT ======
Unhandled Promise: TypeError: Failed to fetch
=============================
====== JS ERROR CAUGHT ======
Unhandled Promise: TypeError: Failed to fetch
=============================
====== JS ERROR CAUGHT ======
Unhandled Promise: TypeError: Failed to fetch
=============================
====== JS ERROR CAUGHT ======
Unhandled Promise: TypeError: Failed to fetch
=============================
====== JS ERROR CAUGHT ======
Unhandled Promise: TypeError: Failed to fetch
=============================
====== JS ERROR CAUGHT ======
Unhandled Promise: TypeError: Failed to fetch
=============================
====== JS ERROR CAUGHT ======
Unhandled Promise: TypeError: Failed to fetch
=============================
====== JS ERROR CAUGHT ======
Unhandled Promise: TypeError: Failed to fetch
=============================
====== JS ERROR CAUGHT ======
Unhandled Promise: TypeError: Failed to fetch
=============================
====== JS ERROR CAUGHT ======
Unhandled Promise: TypeError: Failed to fetch
=============================
====== JS ERROR CAUGHT ======
Unhandled Promise: TypeError: Failed to fetch
=============================
====== JS ERROR CAUGHT ======
Unhandled Promise: TypeError: Failed to fetch
=============================
====== JS ERROR CAUGHT ======
Unhandled Promise: TypeError: Failed to fetch
=============================
====== JS ERROR CAUGHT ======
Unhandled Promise: TypeError: Failed to fetch
=============================
====== JS ERROR CAUGHT ======
Unhandled Promise: TypeError: Failed to fetch
=============================
====== JS ERROR CAUGHT ======
Unhandled Promise: TypeError: Failed to fetch
=============================
====== JS ERROR CAUGHT ======
Unhandled Promise: TypeError: Failed to fetch
=============================
====== JS ERROR CAUGHT ======
Unhandled Promise: TypeError: Failed to fetch
=============================
====== JS ERROR CAUGHT ======
Unhandled Promise: TypeError: Failed to fetch
=============================
====== JS ERROR CAUGHT ======
Unhandled Promise: TypeError: Failed to fetch
=============================
====== JS ERROR CAUGHT ======
Unhandled Promise: TypeError: Failed to fetch
=============================
====== JS ERROR CAUGHT ======
Unhandled Promise: TypeError: Failed to fetch
=============================
====== JS ERROR CAUGHT ======
Unhandled Promise: TypeError: Failed to fetch
=============================
====== JS ERROR CAUGHT ======
Unhandled Promise: TypeError: Failed to fetch
=============================
====== JS ERROR CAUGHT ======
Unhandled Promise: TypeError: Failed to fetch
=============================
====== JS ERROR CAUGHT ======
Unhandled Promise: TypeError: Failed to fetch
=============================
====== JS ERROR CAUGHT ======
Unhandled Promise: TypeError: Failed to fetch
=============================
====== JS ERROR CAUGHT ======
Unhandled Promise: TypeError: Failed to fetch
=============================
====== JS ERROR CAUGHT ======
Unhandled Promise: TypeError: Failed to fetch
=============================
====== JS ERROR CAUGHT ======
Unhandled Promise: TypeError: Failed to fetch
=============================
====== JS ERROR CAUGHT ======
Unhandled Promise: TypeError: Failed to fetch
=============================
====== JS ERROR CAUGHT ======
Unhandled Promise: TypeError: Failed to fetch
=============================
====== JS ERROR CAUGHT ======
Unhandled Promise: TypeError: Failed to fetch
=============================
====== JS ERROR CAUGHT ======
Unhandled Promise: TypeError: Failed to fetch
=============================
====== JS ERROR CAUGHT ======
Unhandled Promise: TypeError: Failed to fetch
=============================
====== JS ERROR CAUGHT ======
Unhandled Promise: TypeError: Failed to fetch
=============================
====== JS ERROR CAUGHT ======
Unhandled Promise: TypeError: Failed to fetch
=============================
====== JS ERROR CAUGHT ======
Unhandled Promise: TypeError: Failed to fetch
=============================
====== JS ERROR CAUGHT ======
Unhandled Promise: TypeError: Failed to fetch
=============================
====== JS ERROR CAUGHT ======
Unhandled Promise: TypeError: Failed to fetch
=============================
====== JS ERROR CAUGHT ======
Unhandled Promise: TypeError: Failed to fetch
=============================
====== JS ERROR CAUGHT ======
Unhandled Promise: TypeError: Failed to fetch
=============================
====== JS ERROR CAUGHT ======
Unhandled Promise: TypeError: Failed to fetch
=============================
====== JS ERROR CAUGHT ======
Unhandled Promise: TypeError: Failed to fetch
=============================
====== JS ERROR CAUGHT ======
Unhandled Promise: TypeError: Failed to fetch
=============================
====== JS ERROR CAUGHT ======
Unhandled Promise: TypeError: Failed to fetch
=============================
====== JS ERROR CAUGHT ======
Unhandled Promise: TypeError: Failed to fetch
=============================
====== JS ERROR CAUGHT ======
Unhandled Promise: TypeError: Failed to fetch
=============================
====== JS ERROR CAUGHT ======
Unhandled Promise: TypeError: Failed to fetch
=============================
====== JS ERROR CAUGHT ======
Unhandled Promise: TypeError: Failed to fetch
=============================
====== JS ERROR CAUGHT ======
Unhandled Promise: TypeError: Failed to fetch
=============================
====== JS ERROR CAUGHT ======
Unhandled Promise: TypeError: Failed to fetch
=============================
====== JS ERROR CAUGHT ======
Unhandled Promise: TypeError: Failed to fetch
=============================
====== JS ERROR CAUGHT ======
Unhandled Promise: TypeError: Failed to fetch
=============================
====== JS ERROR CAUGHT ======
Unhandled Promise: TypeError: Failed to fetch
=============================
====== JS ERROR CAUGHT ======
Unhandled Promise: TypeError: Failed to fetch
=============================
====== JS ERROR CAUGHT ======
Unhandled Promise: TypeError: Failed to fetch
=============================
====== JS ERROR CAUGHT ======
Unhandled Promise: TypeError: Failed to fetch
=============================
====== JS ERROR CAUGHT ======
Unhandled Promise: TypeError: Failed to fetch
=============================
====== JS ERROR CAUGHT ======
Unhandled Promise: TypeError: Failed to fetch
=============================
====== JS ERROR CAUGHT ======
Unhandled Promise: TypeError: Failed to fetch
=============================
====== JS ERROR CAUGHT ======
Unhandled Promise: TypeError: Failed to fetch
=============================
====== JS ERROR CAUGHT ======
Unhandled Promise: TypeError: Failed to fetch
=============================
====== JS ERROR CAUGHT ======
Unhandled Promise: TypeError: Failed to fetch
=============================
====== JS ERROR CAUGHT ======
Unhandled Promise: TypeError: Failed to fetch
=============================
====== JS ERROR CAUGHT ======
Unhandled Promise: TypeError: Failed to fetch
=============================
====== JS ERROR CAUGHT ======
Unhandled Promise: TypeError: Failed to fetch
=============================
====== JS ERROR CAUGHT ======
Unhandled Promise: TypeError: Failed to fetch
=============================
====== JS ERROR CAUGHT ======
Unhandled Promise: TypeError: Failed to fetch
=============================
====== JS ERROR CAUGHT ======
Unhandled Promise: TypeError: Failed to fetch
=============================
====== JS ERROR CAUGHT ======
Unhandled Promise: TypeError: Failed to fetch
=============================
====== JS ERROR CAUGHT ======
Unhandled Promise: TypeError: Failed to fetch
=============================
====== JS ERROR CAUGHT ======
Unhandled Promise: TypeError: Failed to fetch
=============================
====== JS ERROR CAUGHT ======
Unhandled Promise: TypeError: Failed to fetch
=============================
====== JS ERROR CAUGHT ======
Unhandled Promise: TypeError: Failed to fetch
=============================
====== JS ERROR CAUGHT ======
Unhandled Promise: TypeError: Failed to fetch
=============================
====== JS ERROR CAUGHT ======
Unhandled Promise: TypeError: Failed to fetch
=============================
====== JS ERROR CAUGHT ======
Unhandled Promise: TypeError: Failed to fetch
=============================
====== JS ERROR CAUGHT ======
Unhandled Promise: TypeError: Failed to fetch
=============================
====== JS ERROR CAUGHT ======
Unhandled Promise: TypeError: Failed to fetch
=============================
====== JS ERROR CAUGHT ======
Unhandled Promise: TypeError: Failed to fetch
=============================
====== JS ERROR CAUGHT ======
Unhandled Promise: TypeError: Failed to fetch
=============================
====== JS ERROR CAUGHT ======
Unhandled Promise: TypeError: Failed to fetch
=============================
====== JS ERROR CAUGHT ======
Unhandled Promise: TypeError: Failed to fetch
=============================
====== JS ERROR CAUGHT ======
Unhandled Promise: TypeError: Failed to fetch
=============================
====== JS ERROR CAUGHT ======
Unhandled Promise: TypeError: Failed to fetch
=============================
====== JS ERROR CAUGHT ======
Unhandled Promise: TypeError: Failed to fetch
=============================
====== JS ERROR CAUGHT ======
Unhandled Promise: TypeError: Failed to fetch
=============================
====== JS ERROR CAUGHT ======
Unhandled Promise: TypeError: Failed to fetch
=============================
====== JS ERROR CAUGHT ======
Unhandled Promise: TypeError: Failed to fetch
=============================
====== JS ERROR CAUGHT ======
Unhandled Promise: TypeError: Failed to fetch
=============================
====== JS ERROR CAUGHT ======
Unhandled Promise: TypeError: Failed to fetch
=============================
====== JS ERROR CAUGHT ======
Unhandled Promise: TypeError: Failed to fetch
=============================
====== JS ERROR CAUGHT ======
Unhandled Promise: TypeError: Failed to fetch
=============================
====== JS ERROR CAUGHT ======
Unhandled Promise: TypeError: Failed to fetch
=============================
====== JS ERROR CAUGHT ======
Unhandled Promise: TypeError: Failed to fetch
=============================
====== JS ERROR CAUGHT ======
Unhandled Promise: TypeError: Failed to fetch
=============================
====== JS ERROR CAUGHT ======
Unhandled Promise: TypeError: Failed to fetch
=============================
====== JS ERROR CAUGHT ======
Unhandled Promise: TypeError: Failed to fetch
=============================
====== JS ERROR CAUGHT ======
Unhandled Promise: TypeError: Failed to fetch
=============================
====== JS ERROR CAUGHT ======
Unhandled Promise: TypeError: Failed to fetch
=============================
====== JS ERROR CAUGHT ======
Unhandled Promise: TypeError: Failed to fetch
=============================
====== JS ERROR CAUGHT ======
Unhandled Promise: TypeError: Failed to fetch
=============================
====== JS ERROR CAUGHT ======
Unhandled Promise: TypeError: Failed to fetch
=============================
====== JS ERROR CAUGHT ======
Unhandled Promise: TypeError: Failed to fetch
=============================
====== JS ERROR CAUGHT ======
Unhandled Promise: TypeError: Failed to fetch
=============================
====== JS ERROR CAUGHT ======
Unhandled Promise: TypeError: Failed to fetch
=============================
====== JS ERROR CAUGHT ======
Unhandled Promise: TypeError: Failed to fetch
=============================
====== JS ERROR CAUGHT ======
Unhandled Promise: TypeError: Failed to fetch
=============================
====== JS ERROR CAUGHT ======
Unhandled Promise: TypeError: Failed to fetch
=============================
====== JS ERROR CAUGHT ======
Unhandled Promise: TypeError: Failed to fetch
=============================
====== JS ERROR CAUGHT ======
Unhandled Promise: TypeError: Failed to fetch
=============================
====== JS ERROR CAUGHT ======
Unhandled Promise: TypeError: Failed to fetch
=============================
====== JS ERROR CAUGHT ======
Unhandled Promise: TypeError: Failed to fetch
=============================
====== JS ERROR CAUGHT ======
Unhandled Promise: TypeError: Failed to fetch
=============================
====== JS ERROR CAUGHT ======
Unhandled Promise: TypeError: Failed to fetch
=============================
====== JS ERROR CAUGHT ======
Unhandled Promise: TypeError: Failed to fetch
=============================
====== JS ERROR CAUGHT ======
Unhandled Promise: TypeError: Failed to fetch
=============================
====== JS ERROR CAUGHT ======
Unhandled Promise: TypeError: Failed to fetch
=============================
====== JS ERROR CAUGHT ======
Unhandled Promise: TypeError: Failed to fetch
=============================
====== JS ERROR CAUGHT ======
Unhandled Promise: TypeError: Failed to fetch
=============================
====== JS ERROR CAUGHT ======
Unhandled Promise: TypeError: Failed to fetch
=============================
====== JS ERROR CAUGHT ======
Unhandled Promise: TypeError: Failed to fetch
=============================
====== JS ERROR CAUGHT ======
Unhandled Promise: TypeError: Failed to fetch
=============================
====== JS ERROR CAUGHT ======
Unhandled Promise: TypeError: Failed to fetch
=============================
====== JS ERROR CAUGHT ======
Unhandled Promise: TypeError: Failed to fetch
=============================
====== JS ERROR CAUGHT ======
Unhandled Promise: TypeError: Failed to fetch
=============================
====== JS ERROR CAUGHT ======
Unhandled Promise: TypeError: Failed to fetch
=============================
====== JS ERROR CAUGHT ======
Unhandled Promise: TypeError: Failed to fetch
=============================
====== JS ERROR CAUGHT ======
Unhandled Promise: TypeError: Failed to fetch
=============================
====== JS ERROR CAUGHT ======
Unhandled Promise: TypeError: Failed to fetch
=============================
====== JS ERROR CAUGHT ======
Unhandled Promise: TypeError: Failed to fetch
=============================
====== JS ERROR CAUGHT ======
Unhandled Promise: TypeError: Failed to fetch
=============================
====== JS ERROR CAUGHT ======
Unhandled Promise: TypeError: Failed to fetch
=============================
====== JS ERROR CAUGHT ======
Unhandled Promise: TypeError: Failed to fetch
=============================
====== JS ERROR CAUGHT ======
Unhandled Promise: TypeError: Failed to fetch
=============================
====== JS ERROR CAUGHT ======
Unhandled Promise: TypeError: Failed to fetch
=============================
====== JS ERROR CAUGHT ======
Unhandled Promise: TypeError: Failed to fetch
=============================
====== JS ERROR CAUGHT ======
Unhandled Promise: TypeError: Failed to fetch
=============================
====== JS ERROR CAUGHT ======
Unhandled Promise: TypeError: Failed to fetch
=============================
====== JS ERROR CAUGHT ======
Unhandled Promise: TypeError: Failed to fetch
=============================
====== JS ERROR CAUGHT ======
Unhandled Promise: TypeError: Failed to fetch
=============================
====== JS ERROR CAUGHT ======
Unhandled Promise: TypeError: Failed to fetch
=============================
====== JS ERROR CAUGHT ======
Unhandled Promise: TypeError: Failed to fetch
=============================
====== JS ERROR CAUGHT ======
Unhandled Promise: TypeError: Failed to fetch
=============================
====== JS ERROR CAUGHT ======
Unhandled Promise: TypeError: Failed to fetch
=============================
====== JS ERROR CAUGHT ======
Unhandled Promise: TypeError: Failed to fetch
=============================
====== JS ERROR CAUGHT ======
Unhandled Promise: TypeError: Failed to fetch
=============================
====== JS ERROR CAUGHT ======
Unhandled Promise: TypeError: Failed to fetch
=============================
====== JS ERROR CAUGHT ======
Unhandled Promise: TypeError: Failed to fetch
=============================
====== JS ERROR CAUGHT ======
Unhandled Promise: TypeError: Failed to fetch
=============================
====== JS ERROR CAUGHT ======
Unhandled Promise: TypeError: Failed to fetch
=============================
====== JS ERROR CAUGHT ======
Unhandled Promise: TypeError: Failed to fetch
=============================
====== JS ERROR CAUGHT ======
Unhandled Promise: TypeError: Failed to fetch
=============================
====== JS ERROR CAUGHT ======
Unhandled Promise: TypeError: Failed to fetch
=============================
====== JS ERROR CAUGHT ======
Unhandled Promise: TypeError: Failed to fetch
=============================
====== JS ERROR CAUGHT ======
Unhandled Promise: TypeError: Failed to fetch
=============================
====== JS ERROR CAUGHT ======
Unhandled Promise: TypeError: Failed to fetch
=============================
====== JS ERROR CAUGHT ======
Unhandled Promise: TypeError: Failed to fetch
=============================
====== JS ERROR CAUGHT ======
Unhandled Promise: TypeError: Failed to fetch
=============================
====== JS ERROR CAUGHT ======
Unhandled Promise: TypeError: Failed to fetch
=============================
====== JS ERROR CAUGHT ======
Unhandled Promise: TypeError: Failed to fetch
=============================
====== JS ERROR CAUGHT ======
Unhandled Promise: TypeError: Failed to fetch
=============================
====== JS ERROR CAUGHT ======
Unhandled Promise: TypeError: Failed to fetch
=============================
====== JS ERROR CAUGHT ======
Unhandled Promise: TypeError: Failed to fetch
=============================
====== JS ERROR CAUGHT ======
Unhandled Promise: TypeError: Failed to fetch
=============================
====== JS ERROR CAUGHT ======
Unhandled Promise: TypeError: Failed to fetch
=============================
====== JS ERROR CAUGHT ======
Unhandled Promise: TypeError: Failed to fetch
=============================
====== JS ERROR CAUGHT ======
Unhandled Promise: TypeError: Failed to fetch
=============================
====== JS ERROR CAUGHT ======
Unhandled Promise: TypeError: Failed to fetch
=============================
====== JS ERROR CAUGHT ======
Unhandled Promise: TypeError: Failed to fetch
=============================
====== JS ERROR CAUGHT ======
Unhandled Promise: TypeError: Failed to fetch
=============================
====== JS ERROR CAUGHT ======
Unhandled Promise: TypeError: Failed to fetch
=============================
====== JS ERROR CAUGHT ======
Unhandled Promise: TypeError: Failed to fetch
=============================
====== JS ERROR CAUGHT ======
Unhandled Promise: TypeError: Failed to fetch
=============================
====== JS ERROR CAUGHT ======
Unhandled Promise: TypeError: Failed to fetch
=============================
====== JS ERROR CAUGHT ======
Unhandled Promise: TypeError: Failed to fetch
=============================
====== JS ERROR CAUGHT ======
Unhandled Promise: TypeError: Failed to fetch
=============================
====== JS ERROR CAUGHT ======
Unhandled Promise: TypeError: Failed to fetch
=============================
====== JS ERROR CAUGHT ======
Unhandled Promise: TypeError: Failed to fetch
=============================
====== JS ERROR CAUGHT ======
Unhandled Promise: TypeError: Failed to fetch
=============================
====== JS ERROR CAUGHT ======
Unhandled Promise: TypeError: Failed to fetch
=============================
====== JS ERROR CAUGHT ======
Unhandled Promise: TypeError: Failed to fetch
=============================
====== JS ERROR CAUGHT ======
Unhandled Promise: TypeError: Failed to fetch
=============================
====== JS ERROR CAUGHT ======
Unhandled Promise: TypeError: Failed to fetch
=============================
====== JS ERROR CAUGHT ======
Unhandled Promise: TypeError: Failed to fetch
=============================
====== JS ERROR CAUGHT ======
Unhandled Promise: TypeError: Failed to fetch
=============================
====== JS ERROR CAUGHT ======
Unhandled Promise: TypeError: Failed to fetch
=============================
====== JS ERROR CAUGHT ======
Unhandled Promise: TypeError: Failed to fetch
=============================
====== JS ERROR CAUGHT ======
Unhandled Promise: TypeError: Failed to fetch
=============================
====== JS ERROR CAUGHT ======
Unhandled Promise: TypeError: Failed to fetch
=============================
====== JS ERROR CAUGHT ======
Unhandled Promise: TypeError: Failed to fetch
=============================
====== JS ERROR CAUGHT ======
Unhandled Promise: TypeError: Failed to fetch
=============================
====== JS ERROR CAUGHT ======
Unhandled Promise: TypeError: Failed to fetch
=============================
====== JS ERROR CAUGHT ======
Unhandled Promise: TypeError: Failed to fetch
=============================
====== JS ERROR CAUGHT ======
Unhandled Promise: TypeError: Failed to fetch
=============================
====== JS ERROR CAUGHT ======
Unhandled Promise: TypeError: Failed to fetch
=============================
====== JS ERROR CAUGHT ======
Unhandled Promise: TypeError: Failed to fetch
=============================
====== JS ERROR CAUGHT ======
Unhandled Promise: TypeError: Failed to fetch
=============================
====== JS ERROR CAUGHT ======
Unhandled Promise: TypeError: Failed to fetch
=============================
====== JS ERROR CAUGHT ======
Unhandled Promise: TypeError: Failed to fetch
=============================
====== JS ERROR CAUGHT ======
Unhandled Promise: TypeError: Failed to fetch
=============================
====== JS ERROR CAUGHT ======
Unhandled Promise: TypeError: Failed to fetch
=============================
====== JS ERROR CAUGHT ======
Unhandled Promise: TypeError: Failed to fetch
=============================
====== JS ERROR CAUGHT ======
Unhandled Promise: TypeError: Failed to fetch
=============================
====== JS ERROR CAUGHT ======
Unhandled Promise: TypeError: Failed to fetch
=============================
====== JS ERROR CAUGHT ======
Unhandled Promise: TypeError: Failed to fetch
=============================
====== JS ERROR CAUGHT ======
Unhandled Promise: TypeError: Failed to fetch
=============================
====== JS ERROR CAUGHT ======
Unhandled Promise: TypeError: Failed to fetch
=============================
====== JS ERROR CAUGHT ======
Unhandled Promise: TypeError: Failed to fetch
=============================
====== JS ERROR CAUGHT ======
Unhandled Promise: TypeError: Failed to fetch
=============================
====== JS ERROR CAUGHT ======
Unhandled Promise: TypeError: Failed to fetch
=============================
====== JS ERROR CAUGHT ======
Unhandled Promise: TypeError: Failed to fetch
=============================
====== JS ERROR CAUGHT ======
Unhandled Promise: TypeError: Failed to fetch
=============================
====== JS ERROR CAUGHT ======
Unhandled Promise: TypeError: Failed to fetch
=============================
====== JS ERROR CAUGHT ======
Unhandled Promise: TypeError: Failed to fetch
=============================
====== JS ERROR CAUGHT ======
Unhandled Promise: TypeError: Failed to fetch
=============================
====== JS ERROR CAUGHT ======
Unhandled Promise: TypeError: Failed to fetch
=============================
====== JS ERROR CAUGHT ======
Unhandled Promise: TypeError: Failed to fetch
=============================
====== JS ERROR CAUGHT ======
Unhandled Promise: TypeError: Failed to fetch
=============================
====== JS ERROR CAUGHT ======
Unhandled Promise: TypeError: Failed to fetch
=============================
====== JS ERROR CAUGHT ======
Unhandled Promise: TypeError: Failed to fetch
=============================
====== JS ERROR CAUGHT ======
Unhandled Promise: TypeError: Failed to fetch
=============================
====== JS ERROR CAUGHT ======
Unhandled Promise: TypeError: Failed to fetch
=============================
====== JS ERROR CAUGHT ======
Unhandled Promise: TypeError: Failed to fetch
=============================
====== JS ERROR CAUGHT ======
Unhandled Promise: TypeError: Failed to fetch
=============================
====== JS ERROR CAUGHT ======
Unhandled Promise: TypeError: Failed to fetch
=============================
====== JS ERROR CAUGHT ======
Unhandled Promise: TypeError: Failed to fetch
=============================
====== JS ERROR CAUGHT ======
Unhandled Promise: TypeError: Failed to fetch
=============================
====== JS ERROR CAUGHT ======
Unhandled Promise: TypeError: Failed to fetch
=============================
====== JS ERROR CAUGHT ======
Unhandled Promise: TypeError: Failed to fetch
=============================
====== JS ERROR CAUGHT ======
Unhandled Promise: TypeError: Failed to fetch
=============================
====== JS ERROR CAUGHT ======
Unhandled Promise: TypeError: Failed to fetch
=============================
====== JS ERROR CAUGHT ======
Unhandled Promise: TypeError: Failed to fetch
=============================
====== JS ERROR CAUGHT ======
Unhandled Promise: TypeError: Failed to fetch
=============================
====== JS ERROR CAUGHT ======
Unhandled Promise: TypeError: Failed to fetch
=============================
====== JS ERROR CAUGHT ======
Unhandled Promise: TypeError: Failed to fetch
=============================
====== JS ERROR CAUGHT ======
Unhandled Promise: TypeError: Failed to fetch
=============================
====== JS ERROR CAUGHT ======
Unhandled Promise: TypeError: Failed to fetch
=============================
====== JS ERROR CAUGHT ======
Unhandled Promise: TypeError: Failed to fetch
=============================
====== JS ERROR CAUGHT ======
Unhandled Promise: TypeError: Failed to fetch
=============================
====== JS ERROR CAUGHT ======
Unhandled Promise: TypeError: Failed to fetch
=============================
====== JS ERROR CAUGHT ======
Unhandled Promise: TypeError: Failed to fetch
=============================
====== JS ERROR CAUGHT ======
Unhandled Promise: TypeError: Failed to fetch
=============================
====== JS ERROR CAUGHT ======
Unhandled Promise: TypeError: Failed to fetch
=============================
====== JS ERROR CAUGHT ======
Unhandled Promise: TypeError: Failed to fetch
=============================
====== JS ERROR CAUGHT ======
Unhandled Promise: TypeError: Failed to fetch
=============================
====== JS ERROR CAUGHT ======
Unhandled Promise: TypeError: Failed to fetch
=============================
====== JS ERROR CAUGHT ======
Unhandled Promise: TypeError: Failed to fetch
=============================
====== JS ERROR CAUGHT ======
Unhandled Promise: TypeError: Failed to fetch
=============================
====== JS ERROR CAUGHT ======
Unhandled Promise: TypeError: Failed to fetch
=============================
====== JS ERROR CAUGHT ======
Unhandled Promise: TypeError: Failed to fetch
=============================
====== JS ERROR CAUGHT ======
Unhandled Promise: TypeError: Failed to fetch
=============================
====== JS ERROR CAUGHT ======
Unhandled Promise: TypeError: Failed to fetch
=============================
====== JS ERROR CAUGHT ======
Unhandled Promise: TypeError: Failed to fetch
=============================
====== JS ERROR CAUGHT ======
Unhandled Promise: TypeError: Failed to fetch
=============================
====== JS ERROR CAUGHT ======
Unhandled Promise: TypeError: Failed to fetch
=============================
====== JS ERROR CAUGHT ======
Unhandled Promise: TypeError: Failed to fetch
=============================
====== JS ERROR CAUGHT ======
Unhandled Promise: TypeError: Failed to fetch
=============================
====== JS ERROR CAUGHT ======
Unhandled Promise: TypeError: Failed to fetch
=============================
====== JS ERROR CAUGHT ======
Unhandled Promise: TypeError: Failed to fetch
=============================
====== JS ERROR CAUGHT ======
Unhandled Promise: TypeError: Failed to fetch
=============================
====== JS ERROR CAUGHT ======
Unhandled Promise: TypeError: Failed to fetch
=============================
====== JS ERROR CAUGHT ======
Unhandled Promise: TypeError: Failed to fetch
=============================
====== JS ERROR CAUGHT ======
Unhandled Promise: TypeError: Failed to fetch
=============================
====== JS ERROR CAUGHT ======
Unhandled Promise: TypeError: Failed to fetch
=============================
====== JS ERROR CAUGHT ======
Unhandled Promise: TypeError: Failed to fetch
=============================
====== JS ERROR CAUGHT ======
Unhandled Promise: TypeError: Failed to fetch
=============================
====== JS ERROR CAUGHT ======
Unhandled Promise: TypeError: Failed to fetch
=============================
====== JS ERROR CAUGHT ======
Unhandled Promise: TypeError: Failed to fetch
=============================
====== JS ERROR CAUGHT ======
Unhandled Promise: TypeError: Failed to fetch
=============================
====== JS ERROR CAUGHT ======
Unhandled Promise: TypeError: Failed to fetch
=============================
====== JS ERROR CAUGHT ======
Unhandled Promise: TypeError: Failed to fetch
=============================
====== JS ERROR CAUGHT ======
Unhandled Promise: TypeError: Failed to fetch
=============================
====== JS ERROR CAUGHT ======
Unhandled Promise: TypeError: Failed to fetch
=============================
====== JS ERROR CAUGHT ======
Unhandled Promise: TypeError: Failed to fetch
=============================
====== JS ERROR CAUGHT ======
Unhandled Promise: TypeError: Failed to fetch
=============================
====== JS ERROR CAUGHT ======
Unhandled Promise: TypeError: Failed to fetch
=============================
====== JS ERROR CAUGHT ======
Unhandled Promise: TypeError: Failed to fetch
=============================
====== JS ERROR CAUGHT ======
Unhandled Promise: TypeError: Failed to fetch
=============================
====== JS ERROR CAUGHT ======
Unhandled Promise: TypeError: Failed to fetch
=============================
====== JS ERROR CAUGHT ======
Unhandled Promise: TypeError: Failed to fetch
=============================
====== JS ERROR CAUGHT ======
Unhandled Promise: TypeError: Failed to fetch
=============================
====== JS ERROR CAUGHT ======
Unhandled Promise: TypeError: Failed to fetch
=============================
====== JS ERROR CAUGHT ======
Unhandled Promise: TypeError: Failed to fetch
=============================
====== JS ERROR CAUGHT ======
Unhandled Promise: TypeError: Failed to fetch
=============================
====== JS ERROR CAUGHT ======
Unhandled Promise: TypeError: Failed to fetch
=============================
====== JS ERROR CAUGHT ======
Unhandled Promise: TypeError: Failed to fetch
=============================
====== JS ERROR CAUGHT ======
Unhandled Promise: TypeError: Failed to fetch
=============================
====== JS ERROR CAUGHT ======
Unhandled Promise: TypeError: Failed to fetch
=============================
====== JS ERROR CAUGHT ======
Unhandled Promise: TypeError: Failed to fetch
=============================
====== JS ERROR CAUGHT ======
Unhandled Promise: TypeError: Failed to fetch
=============================
====== JS ERROR CAUGHT ======
Unhandled Promise: TypeError: Failed to fetch
=============================
====== JS ERROR CAUGHT ======
Unhandled Promise: TypeError: Failed to fetch
=============================
====== JS ERROR CAUGHT ======
Unhandled Promise: TypeError: Failed to fetch
=============================
====== JS ERROR CAUGHT ======
Unhandled Promise: TypeError: Failed to fetch
=============================
====== JS ERROR CAUGHT ======
Unhandled Promise: TypeError: Failed to fetch
=============================
====== JS ERROR CAUGHT ======
Unhandled Promise: TypeError: Failed to fetch
=============================
====== JS ERROR CAUGHT ======
Unhandled Promise: TypeError: Failed to fetch
=============================
====== JS ERROR CAUGHT ======
Unhandled Promise: TypeError: Failed to fetch
=============================
====== JS ERROR CAUGHT ======
Unhandled Promise: TypeError: Failed to fetch
=============================
====== JS ERROR CAUGHT ======
Unhandled Promise: TypeError: Failed to fetch
=============================
====== JS ERROR CAUGHT ======
Unhandled Promise: TypeError: Failed to fetch
=============================
====== JS ERROR CAUGHT ======
Unhandled Promise: TypeError: Failed to fetch
=============================
====== JS ERROR CAUGHT ======
Unhandled Promise: TypeError: Failed to fetch
=============================
====== JS ERROR CAUGHT ======
Unhandled Promise: TypeError: Failed to fetch
=============================
====== JS ERROR CAUGHT ======
Unhandled Promise: TypeError: Failed to fetch
=============================
====== JS ERROR CAUGHT ======
Unhandled Promise: TypeError: Failed to fetch
=============================
====== JS ERROR CAUGHT ======
Unhandled Promise: TypeError: Failed to fetch
=============================
====== JS ERROR CAUGHT ======
Unhandled Promise: TypeError: Failed to fetch
=============================
====== JS ERROR CAUGHT ======
Unhandled Promise: TypeError: Failed to fetch
=============================
====== JS ERROR CAUGHT ======
Unhandled Promise: TypeError: Failed to fetch
=============================
====== JS ERROR CAUGHT ======
Unhandled Promise: TypeError: Failed to fetch
=============================
====== JS ERROR CAUGHT ======
Unhandled Promise: TypeError: Failed to fetch
=============================
====== JS ERROR CAUGHT ======
Unhandled Promise: TypeError: Failed to fetch
=============================
====== JS ERROR CAUGHT ======
Unhandled Promise: TypeError: Failed to fetch
=============================
====== JS ERROR CAUGHT ======
Unhandled Promise: TypeError: Failed to fetch
=============================
====== JS ERROR CAUGHT ======
Unhandled Promise: TypeError: Failed to fetch
=============================
====== JS ERROR CAUGHT ======
Unhandled Promise: TypeError: Failed to fetch
=============================
====== JS ERROR CAUGHT ======
Unhandled Promise: TypeError: Failed to fetch
=============================
====== JS ERROR CAUGHT ======
Unhandled Promise: TypeError: Failed to fetch
=============================
====== JS ERROR CAUGHT ======
Unhandled Promise: TypeError: Failed to fetch
=============================
====== JS ERROR CAUGHT ======
Unhandled Promise: TypeError: Failed to fetch
=============================
====== JS ERROR CAUGHT ======
Unhandled Promise: TypeError: Failed to fetch
=============================
====== JS ERROR CAUGHT ======
Unhandled Promise: TypeError: Failed to fetch
=============================
====== JS ERROR CAUGHT ======
Unhandled Promise: TypeError: Failed to fetch
=============================
====== JS ERROR CAUGHT ======
Unhandled Promise: TypeError: Failed to fetch
=============================
====== JS ERROR CAUGHT ======
Unhandled Promise: TypeError: Failed to fetch
=============================
====== JS ERROR CAUGHT ======
Unhandled Promise: TypeError: Failed to fetch
=============================
====== JS ERROR CAUGHT ======
Unhandled Promise: TypeError: Failed to fetch
=============================
====== JS ERROR CAUGHT ======
Unhandled Promise: TypeError: Failed to fetch
=============================
====== JS ERROR CAUGHT ======
Unhandled Promise: TypeError: Failed to fetch
=============================
====== JS ERROR CAUGHT ======
Unhandled Promise: TypeError: Failed to fetch
=============================
====== JS ERROR CAUGHT ======
Unhandled Promise: TypeError: Failed to fetch
=============================
====== JS ERROR CAUGHT ======
Unhandled Promise: TypeError: Failed to fetch
=============================
====== JS ERROR CAUGHT ======
Unhandled Promise: TypeError: Failed to fetch
=============================
====== JS ERROR CAUGHT ======
Unhandled Promise: TypeError: Failed to fetch
=============================
====== JS ERROR CAUGHT ======
Unhandled Promise: TypeError: Failed to fetch
=============================
====== JS ERROR CAUGHT ======
Unhandled Promise: TypeError: Failed to fetch
=============================
====== JS ERROR CAUGHT ======
Unhandled Promise: TypeError: Failed to fetch
=============================
====== JS ERROR CAUGHT ======
Unhandled Promise: TypeError: Failed to fetch
=============================
====== JS ERROR CAUGHT ======
Unhandled Promise: TypeError: Failed to fetch
=============================
====== JS ERROR CAUGHT ======
Unhandled Promise: TypeError: Failed to fetch
=============================
====== JS ERROR CAUGHT ======
Unhandled Promise: TypeError: Failed to fetch
=============================
====== JS ERROR CAUGHT ======
Unhandled Promise: TypeError: Failed to fetch
=============================
====== JS ERROR CAUGHT ======
Unhandled Promise: TypeError: Failed to fetch
=============================
====== JS ERROR CAUGHT ======
Unhandled Promise: TypeError: Failed to fetch
=============================
====== JS ERROR CAUGHT ======
Unhandled Promise: TypeError: Failed to fetch
=============================
====== JS ERROR CAUGHT ======
Unhandled Promise: TypeError: Failed to fetch
=============================
====== JS ERROR CAUGHT ======
Unhandled Promise: TypeError: Failed to fetch
=============================
====== JS ERROR CAUGHT ======
Unhandled Promise: TypeError: Failed to fetch
=============================
====== JS ERROR CAUGHT ======
Unhandled Promise: TypeError: Failed to fetch
=============================
====== JS ERROR CAUGHT ======
Unhandled Promise: TypeError: Failed to fetch
=============================
====== JS ERROR CAUGHT ======
Unhandled Promise: TypeError: Failed to fetch
=============================
====== JS ERROR CAUGHT ======
Unhandled Promise: TypeError: Failed to fetch
=============================
====== JS ERROR CAUGHT ======
Unhandled Promise: TypeError: Failed to fetch
=============================
====== JS ERROR CAUGHT ======
Unhandled Promise: TypeError: Failed to fetch
=============================
====== JS ERROR CAUGHT ======
Unhandled Promise: TypeError: Failed to fetch
=============================
====== JS ERROR CAUGHT ======
Unhandled Promise: TypeError: Failed to fetch
=============================
====== JS ERROR CAUGHT ======
Unhandled Promise: TypeError: Failed to fetch
=============================
====== JS ERROR CAUGHT ======
Unhandled Promise: TypeError: Failed to fetch
=============================
====== JS ERROR CAUGHT ======
Unhandled Promise: TypeError: Failed to fetch
=============================
====== JS ERROR CAUGHT ======
Unhandled Promise: TypeError: Failed to fetch
=============================
====== JS ERROR CAUGHT ======
Unhandled Promise: TypeError: Failed to fetch
=============================
====== JS ERROR CAUGHT ======
Unhandled Promise: TypeError: Failed to fetch
=============================
====== JS ERROR CAUGHT ======
Unhandled Promise: TypeError: Failed to fetch
=============================
====== JS ERROR CAUGHT ======
Unhandled Promise: TypeError: Failed to fetch
=============================
====== JS ERROR CAUGHT ======
Unhandled Promise: TypeError: Failed to fetch
=============================
====== JS ERROR CAUGHT ======
Unhandled Promise: TypeError: Failed to fetch
=============================
====== JS ERROR CAUGHT ======
Unhandled Promise: TypeError: Failed to fetch
=============================
====== JS ERROR CAUGHT ======
Unhandled Promise: TypeError: Failed to fetch
=============================
====== JS ERROR CAUGHT ======
Unhandled Promise: TypeError: Failed to fetch
=============================
====== JS ERROR CAUGHT ======
Unhandled Promise: TypeError: Failed to fetch
=============================
====== JS ERROR CAUGHT ======
Unhandled Promise: TypeError: Failed to fetch
=============================
====== JS ERROR CAUGHT ======
Unhandled Promise: TypeError: Failed to fetch
=============================
====== JS ERROR CAUGHT ======
Unhandled Promise: TypeError: Failed to fetch
=============================
====== JS ERROR CAUGHT ======
Unhandled Promise: TypeError: Failed to fetch
=============================
====== JS ERROR CAUGHT ======
Unhandled Promise: TypeError: Failed to fetch
=============================
====== JS ERROR CAUGHT ======
Unhandled Promise: TypeError: Failed to fetch
=============================
====== JS ERROR CAUGHT ======
Unhandled Promise: TypeError: Failed to fetch
=============================
====== JS ERROR CAUGHT ======
Unhandled Promise: TypeError: Failed to fetch
=============================
====== JS ERROR CAUGHT ======
Unhandled Promise: TypeError: Failed to fetch
=============================
====== JS ERROR CAUGHT ======
Unhandled Promise: TypeError: Failed to fetch
=============================
====== JS ERROR CAUGHT ======
Unhandled Promise: TypeError: Failed to fetch
=============================
====== JS ERROR CAUGHT ======
Unhandled Promise: TypeError: Failed to fetch
=============================
====== JS ERROR CAUGHT ======
Unhandled Promise: TypeError: Failed to fetch
=============================
====== JS ERROR CAUGHT ======
Unhandled Promise: TypeError: Failed to fetch
=============================
====== JS ERROR CAUGHT ======
Unhandled Promise: TypeError: Failed to fetch
=============================
====== JS ERROR CAUGHT ======
Unhandled Promise: TypeError: Failed to fetch
=============================
====== JS ERROR CAUGHT ======
Unhandled Promise: TypeError: Failed to fetch
=============================
====== JS ERROR CAUGHT ======
Unhandled Promise: TypeError: Failed to fetch
=============================
====== JS ERROR CAUGHT ======
Unhandled Promise: TypeError: Failed to fetch
=============================
====== JS ERROR CAUGHT ======
Unhandled Promise: TypeError: Failed to fetch
=============================
====== JS ERROR CAUGHT ======
Unhandled Promise: TypeError: Failed to fetch
=============================
====== JS ERROR CAUGHT ======
Unhandled Promise: TypeError: Failed to fetch
=============================
====== JS ERROR CAUGHT ======
Unhandled Promise: TypeError: Failed to fetch
=============================
====== JS ERROR CAUGHT ======
Unhandled Promise: TypeError: Failed to fetch
=============================
====== JS ERROR CAUGHT ======
Unhandled Promise: TypeError: Failed to fetch
=============================
====== JS ERROR CAUGHT ======
Unhandled Promise: TypeError: Failed to fetch
=============================
====== JS ERROR CAUGHT ======
Unhandled Promise: TypeError: Failed to fetch
=============================
====== JS ERROR CAUGHT ======
Unhandled Promise: TypeError: Failed to fetch
=============================
====== JS ERROR CAUGHT ======
Unhandled Promise: TypeError: Failed to fetch
=============================
====== JS ERROR CAUGHT ======
Unhandled Promise: TypeError: Failed to fetch
=============================
====== JS ERROR CAUGHT ======
Unhandled Promise: TypeError: Failed to fetch
=============================
====== JS ERROR CAUGHT ======
Unhandled Promise: TypeError: Failed to fetch
=============================
====== JS ERROR CAUGHT ======
Unhandled Promise: TypeError: Failed to fetch
=============================
====== JS ERROR CAUGHT ======
Unhandled Promise: TypeError: Failed to fetch
=============================
====== JS ERROR CAUGHT ======
Unhandled Promise: TypeError: Failed to fetch
=============================
====== JS ERROR CAUGHT ======
Unhandled Promise: TypeError: Failed to fetch
=============================
====== JS ERROR CAUGHT ======
Unhandled Promise: TypeError: Failed to fetch
=============================
====== JS ERROR CAUGHT ======
Unhandled Promise: TypeError: Failed to fetch
=============================
====== JS ERROR CAUGHT ======
Unhandled Promise: TypeError: Failed to fetch
=============================
====== JS ERROR CAUGHT ======
Unhandled Promise: TypeError: Failed to fetch
=============================
====== JS ERROR CAUGHT ======
Unhandled Promise: TypeError: Failed to fetch
=============================
====== JS ERROR CAUGHT ======
Unhandled Promise: TypeError: Failed to fetch
=============================
====== JS ERROR CAUGHT ======
Unhandled Promise: TypeError: Failed to fetch
=============================
====== JS ERROR CAUGHT ======
Unhandled Promise: TypeError: Failed to fetch
=============================
====== JS ERROR CAUGHT ======
Unhandled Promise: TypeError: Failed to fetch
=============================
====== JS ERROR CAUGHT ======
Unhandled Promise: TypeError: Failed to fetch
=============================
====== JS ERROR CAUGHT ======
Unhandled Promise: TypeError: Failed to fetch
=============================
====== JS ERROR CAUGHT ======
Unhandled Promise: TypeError: Failed to fetch
=============================
====== JS ERROR CAUGHT ======
Unhandled Promise: TypeError: Failed to fetch
=============================
====== JS ERROR CAUGHT ======
Unhandled Promise: TypeError: Failed to fetch
=============================
====== JS ERROR CAUGHT ======
Unhandled Promise: TypeError: Failed to fetch
=============================
====== JS ERROR CAUGHT ======
Unhandled Promise: TypeError: Failed to fetch
=============================
====== JS ERROR CAUGHT ======
Unhandled Promise: TypeError: Failed to fetch
=============================
====== JS ERROR CAUGHT ======
Unhandled Promise: TypeError: Failed to fetch
=============================
====== JS ERROR CAUGHT ======
Unhandled Promise: TypeError: Failed to fetch
=============================
====== JS ERROR CAUGHT ======
Unhandled Promise: TypeError: Failed to fetch
=============================
====== JS ERROR CAUGHT ======
Unhandled Promise: TypeError: Failed to fetch
=============================
====== JS ERROR CAUGHT ======
Unhandled Promise: TypeError: Failed to fetch
=============================
====== JS ERROR CAUGHT ======
Unhandled Promise: TypeError: Failed to fetch
=============================
====== JS ERROR CAUGHT ======
Unhandled Promise: TypeError: Failed to fetch
=============================
====== JS ERROR CAUGHT ======
Unhandled Promise: TypeError: Failed to fetch
=============================
====== JS ERROR CAUGHT ======
Unhandled Promise: TypeError: Failed to fetch
=============================
====== JS ERROR CAUGHT ======
Unhandled Promise: TypeError: Failed to fetch
=============================
====== JS ERROR CAUGHT ======
Unhandled Promise: TypeError: Failed to fetch
=============================
====== JS ERROR CAUGHT ======
Unhandled Promise: TypeError: Failed to fetch
=============================
====== JS ERROR CAUGHT ======
Unhandled Promise: TypeError: Failed to fetch
=============================
====== JS ERROR CAUGHT ======
Unhandled Promise: TypeError: Failed to fetch
=============================
====== JS ERROR CAUGHT ======
Unhandled Promise: TypeError: Failed to fetch
=============================
====== JS ERROR CAUGHT ======
Unhandled Promise: TypeError: Failed to fetch
=============================
====== JS ERROR CAUGHT ======
Unhandled Promise: TypeError: Failed to fetch
=============================
====== JS ERROR CAUGHT ======
Unhandled Promise: TypeError: Failed to fetch
=============================
====== JS ERROR CAUGHT ======
Unhandled Promise: TypeError: Failed to fetch
=============================
====== JS ERROR CAUGHT ======
Unhandled Promise: TypeError: Failed to fetch
=============================
====== JS ERROR CAUGHT ======
Unhandled Promise: TypeError: Failed to fetch
=============================
====== JS ERROR CAUGHT ======
Unhandled Promise: TypeError: Failed to fetch
=============================
====== JS ERROR CAUGHT ======
Unhandled Promise: TypeError: Failed to fetch
=============================
====== JS ERROR CAUGHT ======
Unhandled Promise: TypeError: Failed to fetch
=============================
====== JS ERROR CAUGHT ======
Unhandled Promise: TypeError: Failed to fetch
=============================
====== JS ERROR CAUGHT ======
Unhandled Promise: TypeError: Failed to fetch
=============================
====== JS ERROR CAUGHT ======
Unhandled Promise: TypeError: Failed to fetch
=============================
====== JS ERROR CAUGHT ======
Unhandled Promise: TypeError: Failed to fetch
=============================
====== JS ERROR CAUGHT ======
Unhandled Promise: TypeError: Failed to fetch
=============================
====== JS ERROR CAUGHT ======
Unhandled Promise: TypeError: Failed to fetch
=============================
====== JS ERROR CAUGHT ======
Unhandled Promise: TypeError: Failed to fetch
=============================
====== JS ERROR CAUGHT ======
Unhandled Promise: TypeError: Failed to fetch
=============================
====== JS ERROR CAUGHT ======
Unhandled Promise: TypeError: Failed to fetch
=============================
====== JS ERROR CAUGHT ======
Unhandled Promise: TypeError: Failed to fetch
=============================
====== JS ERROR CAUGHT ======
Unhandled Promise: TypeError: Failed to fetch
=============================
====== JS ERROR CAUGHT ======
Unhandled Promise: TypeError: Failed to fetch
=============================
====== JS ERROR CAUGHT ======
Unhandled Promise: TypeError: Failed to fetch
=============================
====== JS ERROR CAUGHT ======
Unhandled Promise: TypeError: Failed to fetch
=============================
====== JS ERROR CAUGHT ======
Unhandled Promise: TypeError: Failed to fetch
=============================
====== JS ERROR CAUGHT ======
Unhandled Promise: TypeError: Failed to fetch
=============================
====== JS ERROR CAUGHT ======
Unhandled Promise: TypeError: Failed to fetch
=============================
====== JS ERROR CAUGHT ======
Unhandled Promise: TypeError: Failed to fetch
=============================
====== JS ERROR CAUGHT ======
Unhandled Promise: TypeError: Failed to fetch
=============================
====== JS ERROR CAUGHT ======
Unhandled Promise: TypeError: Failed to fetch
=============================
====== JS ERROR CAUGHT ======
Unhandled Promise: TypeError: Failed to fetch
=============================
====== JS ERROR CAUGHT ======
Unhandled Promise: TypeError: Failed to fetch
=============================
====== JS ERROR CAUGHT ======
Unhandled Promise: TypeError: Failed to fetch
=============================
====== JS ERROR CAUGHT ======
Unhandled Promise: TypeError: Failed to fetch
=============================
====== JS ERROR CAUGHT ======
Unhandled Promise: TypeError: Failed to fetch
=============================
====== JS ERROR CAUGHT ======
Unhandled Promise: TypeError: Failed to fetch
=============================
====== JS ERROR CAUGHT ======
Unhandled Promise: TypeError: Failed to fetch
=============================
====== JS ERROR CAUGHT ======
Unhandled Promise: TypeError: Failed to fetch
=============================
====== JS ERROR CAUGHT ======
Unhandled Promise: TypeError: Failed to fetch
=============================
====== JS ERROR CAUGHT ======
Unhandled Promise: TypeError: Failed to fetch
=============================
====== JS ERROR CAUGHT ======
Unhandled Promise: TypeError: Failed to fetch
=============================
====== JS ERROR CAUGHT ======
Unhandled Promise: TypeError: Failed to fetch
=============================
====== JS ERROR CAUGHT ======
Unhandled Promise: TypeError: Failed to fetch
=============================
====== JS ERROR CAUGHT ======
Unhandled Promise: TypeError: Failed to fetch
=============================
====== JS ERROR CAUGHT ======
Unhandled Promise: TypeError: Failed to fetch
=============================
====== JS ERROR CAUGHT ======
Unhandled Promise: TypeError: Failed to fetch
=============================
====== JS ERROR CAUGHT ======
Unhandled Promise: TypeError: Failed to fetch
=============================
====== JS ERROR CAUGHT ======
Unhandled Promise: TypeError: Failed to fetch
=============================
====== JS ERROR CAUGHT ======
Unhandled Promise: TypeError: Failed to fetch
=============================
====== JS ERROR CAUGHT ======
Unhandled Promise: TypeError: Failed to fetch
=============================
====== JS ERROR CAUGHT ======
Unhandled Promise: TypeError: Failed to fetch
=============================
====== JS ERROR CAUGHT ======
Unhandled Promise: TypeError: Failed to fetch
=============================
====== JS ERROR CAUGHT ======
Unhandled Promise: TypeError: Failed to fetch
=============================
====== JS ERROR CAUGHT ======
Unhandled Promise: TypeError: Failed to fetch
=============================
====== JS ERROR CAUGHT ======
Unhandled Promise: TypeError: Failed to fetch
=============================
====== JS ERROR CAUGHT ======
Unhandled Promise: TypeError: Failed to fetch
=============================
====== JS ERROR CAUGHT ======
Unhandled Promise: TypeError: Failed to fetch
=============================
====== JS ERROR CAUGHT ======
Unhandled Promise: TypeError: Failed to fetch
=============================
====== JS ERROR CAUGHT ======
Unhandled Promise: TypeError: Failed to fetch
=============================
====== JS ERROR CAUGHT ======
Unhandled Promise: TypeError: Failed to fetch
=============================
====== JS ERROR CAUGHT ======
Unhandled Promise: TypeError: Failed to fetch
=============================
====== JS ERROR CAUGHT ======
Unhandled Promise: TypeError: Failed to fetch
=============================
====== JS ERROR CAUGHT ======
Unhandled Promise: TypeError: Failed to fetch
=============================
====== JS ERROR CAUGHT ======
Unhandled Promise: TypeError: Failed to fetch
=============================
====== JS ERROR CAUGHT ======
Unhandled Promise: TypeError: Failed to fetch
=============================
====== JS ERROR CAUGHT ======
Unhandled Promise: TypeError: Failed to fetch
=============================
====== JS ERROR CAUGHT ======
Unhandled Promise: TypeError: Failed to fetch
=============================
====== JS ERROR CAUGHT ======
Unhandled Promise: TypeError: Failed to fetch
=============================
====== JS ERROR CAUGHT ======
Unhandled Promise: TypeError: Failed to fetch
=============================
====== JS ERROR CAUGHT ======
Unhandled Promise: TypeError: Failed to fetch
=============================
====== JS ERROR CAUGHT ======
Unhandled Promise: TypeError: Failed to fetch
=============================
====== JS ERROR CAUGHT ======
Unhandled Promise: TypeError: Failed to fetch
=============================
====== JS ERROR CAUGHT ======
Unhandled Promise: TypeError: Failed to fetch
=============================
====== JS ERROR CAUGHT ======
Unhandled Promise: TypeError: Failed to fetch
=============================
====== JS ERROR CAUGHT ======
Unhandled Promise: TypeError: Failed to fetch
=============================
====== JS ERROR CAUGHT ======
Unhandled Promise: TypeError: Failed to fetch
=============================
====== JS ERROR CAUGHT ======
Unhandled Promise: TypeError: Failed to fetch
=============================
====== JS ERROR CAUGHT ======
Unhandled Promise: TypeError: Failed to fetch
=============================
====== JS ERROR CAUGHT ======
Unhandled Promise: TypeError: Failed to fetch
=============================
====== JS ERROR CAUGHT ======
Unhandled Promise: TypeError: Failed to fetch
=============================
====== JS ERROR CAUGHT ======
Unhandled Promise: TypeError: Failed to fetch
=============================
====== JS ERROR CAUGHT ======
Unhandled Promise: TypeError: Failed to fetch
=============================
====== JS ERROR CAUGHT ======
Unhandled Promise: TypeError: Failed to fetch
=============================
====== JS ERROR CAUGHT ======
Unhandled Promise: TypeError: Failed to fetch
=============================
====== JS ERROR CAUGHT ======
Unhandled Promise: TypeError: Failed to fetch
=============================
====== JS ERROR CAUGHT ======
Unhandled Promise: TypeError: Failed to fetch
=============================
====== JS ERROR CAUGHT ======
Unhandled Promise: TypeError: Failed to fetch
=============================
====== JS ERROR CAUGHT ======
Unhandled Promise: TypeError: Failed to fetch
=============================
====== JS ERROR CAUGHT ======
Unhandled Promise: TypeError: Failed to fetch
=============================
====== JS ERROR CAUGHT ======
Unhandled Promise: TypeError: Failed to fetch
=============================
====== JS ERROR CAUGHT ======
Unhandled Promise: TypeError: Failed to fetch
=============================
====== JS ERROR CAUGHT ======
Unhandled Promise: TypeError: Failed to fetch
=============================
====== JS ERROR CAUGHT ======
Unhandled Promise: TypeError: Failed to fetch
=============================
====== JS ERROR CAUGHT ======
Unhandled Promise: TypeError: Failed to fetch
=============================
====== JS ERROR CAUGHT ======
Unhandled Promise: TypeError: Failed to fetch
=============================
====== JS ERROR CAUGHT ======
Unhandled Promise: TypeError: Failed to fetch
=============================
====== JS ERROR CAUGHT ======
Unhandled Promise: TypeError: Failed to fetch
=============================
====== JS ERROR CAUGHT ======
Unhandled Promise: TypeError: Failed to fetch
=============================
====== JS ERROR CAUGHT ======
Unhandled Promise: TypeError: Failed to fetch
=============================
====== JS ERROR CAUGHT ======
Unhandled Promise: TypeError: Failed to fetch
=============================
====== JS ERROR CAUGHT ======
Unhandled Promise: TypeError: Failed to fetch
=============================
====== JS ERROR CAUGHT ======
Unhandled Promise: TypeError: Failed to fetch
=============================
====== JS ERROR CAUGHT ======
Unhandled Promise: TypeError: Failed to fetch
=============================
====== JS ERROR CAUGHT ======
Unhandled Promise: TypeError: Failed to fetch
=============================
====== JS ERROR CAUGHT ======
Unhandled Promise: TypeError: Failed to fetch
=============================
====== JS ERROR CAUGHT ======
Unhandled Promise: TypeError: Failed to fetch
=============================
====== JS ERROR CAUGHT ======
Unhandled Promise: TypeError: Failed to fetch
=============================
====== JS ERROR CAUGHT ======
Unhandled Promise: TypeError: Failed to fetch
=============================
====== JS ERROR CAUGHT ======
Unhandled Promise: TypeError: Failed to fetch
=============================
====== JS ERROR CAUGHT ======
Unhandled Promise: TypeError: Failed to fetch
=============================
====== JS ERROR CAUGHT ======
Unhandled Promise: TypeError: Failed to fetch
=============================
====== JS ERROR CAUGHT ======
Unhandled Promise: TypeError: Failed to fetch
=============================
====== JS ERROR CAUGHT ======
Unhandled Promise: TypeError: Failed to fetch
=============================
====== JS ERROR CAUGHT ======
Unhandled Promise: TypeError: Failed to fetch
=============================
====== JS ERROR CAUGHT ======
Unhandled Promise: TypeError: Failed to fetch
=============================
====== JS ERROR CAUGHT ======
Unhandled Promise: TypeError: Failed to fetch
=============================
====== JS ERROR CAUGHT ======
Unhandled Promise: TypeError: Failed to fetch
=============================
====== JS ERROR CAUGHT ======
Unhandled Promise: TypeError: Failed to fetch
=============================
====== JS ERROR CAUGHT ======
Unhandled Promise: TypeError: Failed to fetch
=============================
====== JS ERROR CAUGHT ======
Unhandled Promise: TypeError: Failed to fetch
=============================
====== JS ERROR CAUGHT ======
Unhandled Promise: TypeError: Failed to fetch
=============================
====== JS ERROR CAUGHT ======
Unhandled Promise: TypeError: Failed to fetch
=============================
====== JS ERROR CAUGHT ======
Unhandled Promise: TypeError: Failed to fetch
=============================
====== JS ERROR CAUGHT ======
Unhandled Promise: TypeError: Failed to fetch
=============================
====== JS ERROR CAUGHT ======
Unhandled Promise: TypeError: Failed to fetch
=============================
====== JS ERROR CAUGHT ======
Unhandled Promise: TypeError: Failed to fetch
=============================
====== JS ERROR CAUGHT ======
Unhandled Promise: TypeError: Failed to fetch
=============================
====== JS ERROR CAUGHT ======
Unhandled Promise: TypeError: Failed to fetch
=============================
====== JS ERROR CAUGHT ======
Unhandled Promise: TypeError: Failed to fetch
=============================
====== JS ERROR CAUGHT ======
Unhandled Promise: TypeError: Failed to fetch
=============================
====== JS ERROR CAUGHT ======
Unhandled Promise: TypeError: Failed to fetch
=============================
====== JS ERROR CAUGHT ======
Unhandled Promise: TypeError: Failed to fetch
=============================
====== JS ERROR CAUGHT ======
Unhandled Promise: TypeError: Failed to fetch
=============================
====== JS ERROR CAUGHT ======
Unhandled Promise: TypeError: Failed to fetch
=============================
====== JS ERROR CAUGHT ======
Unhandled Promise: TypeError: Failed to fetch
=============================
====== JS ERROR CAUGHT ======
Unhandled Promise: TypeError: Failed to fetch
=============================
====== JS ERROR CAUGHT ======
Unhandled Promise: TypeError: Failed to fetch
=============================
====== JS ERROR CAUGHT ======
Unhandled Promise: TypeError: Failed to fetch
=============================
====== JS ERROR CAUGHT ======
Unhandled Promise: TypeError: Failed to fetch
=============================
====== JS ERROR CAUGHT ======
Unhandled Promise: TypeError: Failed to fetch
=============================
====== JS ERROR CAUGHT ======
Unhandled Promise: TypeError: Failed to fetch
=============================
====== JS ERROR CAUGHT ======
Unhandled Promise: TypeError: Failed to fetch
=============================
====== JS ERROR CAUGHT ======
Unhandled Promise: TypeError: Failed to fetch
=============================
====== JS ERROR CAUGHT ======
Unhandled Promise: TypeError: Failed to fetch
=============================
====== JS ERROR CAUGHT ======
Unhandled Promise: TypeError: Failed to fetch
=============================
====== JS ERROR CAUGHT ======
Unhandled Promise: TypeError: Failed to fetch
=============================
====== JS ERROR CAUGHT ======
Unhandled Promise: TypeError: Failed to fetch
=============================
====== JS ERROR CAUGHT ======
Unhandled Promise: TypeError: Failed to fetch
=============================
====== JS ERROR CAUGHT ======
Unhandled Promise: TypeError: Failed to fetch
=============================
====== JS ERROR CAUGHT ======
Unhandled Promise: TypeError: Failed to fetch
=============================
====== JS ERROR CAUGHT ======
Unhandled Promise: TypeError: Failed to fetch
=============================
====== JS ERROR CAUGHT ======
Unhandled Promise: TypeError: Failed to fetch
=============================
====== JS ERROR CAUGHT ======
Unhandled Promise: TypeError: Failed to fetch
=============================
====== JS ERROR CAUGHT ======
Unhandled Promise: TypeError: Failed to fetch
=============================
====== JS ERROR CAUGHT ======
Unhandled Promise: TypeError: Failed to fetch
=============================
====== JS ERROR CAUGHT ======
Unhandled Promise: TypeError: Failed to fetch
=============================
====== JS ERROR CAUGHT ======
Unhandled Promise: TypeError: Failed to fetch
=============================
====== JS ERROR CAUGHT ======
Unhandled Promise: TypeError: Failed to fetch
=============================
====== JS ERROR CAUGHT ======
Unhandled Promise: TypeError: Failed to fetch
=============================
====== JS ERROR CAUGHT ======
Unhandled Promise: TypeError: Failed to fetch
=============================
====== JS ERROR CAUGHT ======
Unhandled Promise: TypeError: Failed to fetch
=============================
====== JS ERROR CAUGHT ======
Unhandled Promise: TypeError: Failed to fetch
=============================
====== JS ERROR CAUGHT ======
Unhandled Promise: TypeError: Failed to fetch
=============================
====== JS ERROR CAUGHT ======
Unhandled Promise: TypeError: Failed to fetch
=============================
====== JS ERROR CAUGHT ======
Unhandled Promise: TypeError: Failed to fetch
=============================
====== JS ERROR CAUGHT ======
Unhandled Promise: TypeError: Failed to fetch
=============================
====== JS ERROR CAUGHT ======
Unhandled Promise: TypeError: Failed to fetch
=============================
====== JS ERROR CAUGHT ======
Unhandled Promise: TypeError: Failed to fetch
=============================
====== JS ERROR CAUGHT ======
Unhandled Promise: TypeError: Failed to fetch
=============================
====== JS ERROR CAUGHT ======
Unhandled Promise: TypeError: Failed to fetch
=============================
====== JS ERROR CAUGHT ======
Unhandled Promise: TypeError: Failed to fetch
=============================
====== JS ERROR CAUGHT ======
Unhandled Promise: TypeError: Failed to fetch
=============================
====== JS ERROR CAUGHT ======
Unhandled Promise: TypeError: Failed to fetch
=============================
====== JS ERROR CAUGHT ======
Unhandled Promise: TypeError: Failed to fetch
=============================
====== JS ERROR CAUGHT ======
Unhandled Promise: TypeError: Failed to fetch
=============================
====== JS ERROR CAUGHT ======
Unhandled Promise: TypeError: Failed to fetch
=============================
====== JS ERROR CAUGHT ======
Unhandled Promise: TypeError: Failed to fetch
=============================
====== JS ERROR CAUGHT ======
Unhandled Promise: TypeError: Failed to fetch
=============================
====== JS ERROR CAUGHT ======
Unhandled Promise: TypeError: Failed to fetch
=============================
====== JS ERROR CAUGHT ======
Unhandled Promise: TypeError: Failed to fetch
=============================
====== JS ERROR CAUGHT ======
Unhandled Promise: TypeError: Failed to fetch
=============================
====== JS ERROR CAUGHT ======
Unhandled Promise: TypeError: Failed to fetch
=============================
====== JS ERROR CAUGHT ======
Unhandled Promise: TypeError: Failed to fetch
=============================
====== JS ERROR CAUGHT ======
Unhandled Promise: TypeError: Failed to fetch
=============================
====== JS ERROR CAUGHT ======
Unhandled Promise: TypeError: Failed to fetch
=============================
====== JS ERROR CAUGHT ======
Unhandled Promise: TypeError: Failed to fetch
=============================
====== JS ERROR CAUGHT ======
Unhandled Promise: TypeError: Failed to fetch
=============================
====== JS ERROR CAUGHT ======
Unhandled Promise: TypeError: Failed to fetch
=============================
====== JS ERROR CAUGHT ======
Unhandled Promise: TypeError: Failed to fetch
=============================
====== JS ERROR CAUGHT ======
Unhandled Promise: TypeError: Failed to fetch
=============================
====== JS ERROR CAUGHT ======
Unhandled Promise: TypeError: Failed to fetch
=============================
====== JS ERROR CAUGHT ======
Unhandled Promise: TypeError: Failed to fetch
=============================
====== JS ERROR CAUGHT ======
Unhandled Promise: TypeError: Failed to fetch
=============================
====== JS ERROR CAUGHT ======
Unhandled Promise: TypeError: Failed to fetch
=============================
====== JS ERROR CAUGHT ======
Unhandled Promise: TypeError: Failed to fetch
=============================
====== JS ERROR CAUGHT ======
Unhandled Promise: TypeError: Failed to fetch
=============================
====== JS ERROR CAUGHT ======
Unhandled Promise: TypeError: Failed to fetch
=============================
====== JS ERROR CAUGHT ======
Unhandled Promise: TypeError: Failed to fetch
=============================
====== JS ERROR CAUGHT ======
Unhandled Promise: TypeError: Failed to fetch
=============================
====== JS ERROR CAUGHT ======
Unhandled Promise: TypeError: Failed to fetch
=============================
====== JS ERROR CAUGHT ======
Unhandled Promise: TypeError: Failed to fetch
=============================
====== JS ERROR CAUGHT ======
Unhandled Promise: TypeError: Failed to fetch
=============================
====== JS ERROR CAUGHT ======
Unhandled Promise: TypeError: Failed to fetch
=============================
====== JS ERROR CAUGHT ======
Unhandled Promise: TypeError: Failed to fetch
=============================
====== JS ERROR CAUGHT ======
Unhandled Promise: TypeError: Failed to fetch
=============================
====== JS ERROR CAUGHT ======
Unhandled Promise: TypeError: Failed to fetch
=============================
====== JS ERROR CAUGHT ======
Unhandled Promise: TypeError: Failed to fetch
=============================
====== JS ERROR CAUGHT ======
Unhandled Promise: TypeError: Failed to fetch
=============================
====== JS ERROR CAUGHT ======
Unhandled Promise: TypeError: Failed to fetch
=============================
====== JS ERROR CAUGHT ======
Unhandled Promise: TypeError: Failed to fetch
=============================
====== JS ERROR CAUGHT ======
Unhandled Promise: TypeError: Failed to fetch
=============================
====== JS ERROR CAUGHT ======
Unhandled Promise: TypeError: Failed to fetch
=============================
====== JS ERROR CAUGHT ======
Unhandled Promise: TypeError: Failed to fetch
=============================
====== JS ERROR CAUGHT ======
Unhandled Promise: TypeError: Failed to fetch
=============================
====== JS ERROR CAUGHT ======
Unhandled Promise: TypeError: Failed to fetch
=============================
====== JS ERROR CAUGHT ======
Unhandled Promise: TypeError: Failed to fetch
=============================
====== JS ERROR CAUGHT ======
Unhandled Promise: TypeError: Failed to fetch
=============================
====== JS ERROR CAUGHT ======
Unhandled Promise: TypeError: Failed to fetch
=============================
====== JS ERROR CAUGHT ======
Unhandled Promise: TypeError: Failed to fetch
=============================
====== JS ERROR CAUGHT ======
Unhandled Promise: TypeError: Failed to fetch
=============================
====== JS ERROR CAUGHT ======
Unhandled Promise: TypeError: Failed to fetch
=============================
====== JS ERROR CAUGHT ======
Unhandled Promise: TypeError: Failed to fetch
=============================
====== JS ERROR CAUGHT ======
Unhandled Promise: TypeError: Failed to fetch
=============================
====== JS ERROR CAUGHT ======
Unhandled Promise: TypeError: Failed to fetch
=============================
====== JS ERROR CAUGHT ======
Unhandled Promise: TypeError: Failed to fetch
=============================
====== JS ERROR CAUGHT ======
Unhandled Promise: TypeError: Failed to fetch
=============================
====== JS ERROR CAUGHT ======
Unhandled Promise: TypeError: Failed to fetch
=============================
====== JS ERROR CAUGHT ======
Unhandled Promise: TypeError: Failed to fetch
=============================
====== JS ERROR CAUGHT ======
Unhandled Promise: TypeError: Failed to fetch
=============================
====== JS ERROR CAUGHT ======
Unhandled Promise: TypeError: Failed to fetch
=============================
====== JS ERROR CAUGHT ======
Unhandled Promise: TypeError: Failed to fetch
=============================
====== JS ERROR CAUGHT ======
Unhandled Promise: TypeError: Failed to fetch
=============================
====== JS ERROR CAUGHT ======
Unhandled Promise: TypeError: Failed to fetch
=============================
====== JS ERROR CAUGHT ======
Unhandled Promise: TypeError: Failed to fetch
=============================
====== JS ERROR CAUGHT ======
Unhandled Promise: TypeError: Failed to fetch
=============================
====== JS ERROR CAUGHT ======
Unhandled Promise: TypeError: Failed to fetch
=============================
====== JS ERROR CAUGHT ======
Unhandled Promise: TypeError: Failed to fetch
=============================
====== JS ERROR CAUGHT ======
Unhandled Promise: TypeError: Failed to fetch
=============================
====== JS ERROR CAUGHT ======
Unhandled Promise: TypeError: Failed to fetch
=============================
====== JS ERROR CAUGHT ======
Unhandled Promise: TypeError: Failed to fetch
=============================
====== JS ERROR CAUGHT ======
Unhandled Promise: TypeError: Failed to fetch
=============================
====== JS ERROR CAUGHT ======
Unhandled Promise: TypeError: Failed to fetch
=============================
====== JS ERROR CAUGHT ======
Unhandled Promise: TypeError: Failed to fetch
=============================
====== JS ERROR CAUGHT ======
Unhandled Promise: TypeError: Failed to fetch
=============================
====== JS ERROR CAUGHT ======
Unhandled Promise: TypeError: Failed to fetch
=============================
====== JS ERROR CAUGHT ======
Unhandled Promise: TypeError: Failed to fetch
=============================
====== JS ERROR CAUGHT ======
Unhandled Promise: TypeError: Failed to fetch
=============================
====== JS ERROR CAUGHT ======
Unhandled Promise: TypeError: Failed to fetch
=============================
====== JS ERROR CAUGHT ======
Unhandled Promise: TypeError: Failed to fetch
=============================
====== JS ERROR CAUGHT ======
Unhandled Promise: TypeError: Failed to fetch
=============================
====== JS ERROR CAUGHT ======
Unhandled Promise: TypeError: Failed to fetch
=============================
====== JS ERROR CAUGHT ======
Unhandled Promise: TypeError: Failed to fetch
=============================
====== JS ERROR CAUGHT ======
Unhandled Promise: TypeError: Failed to fetch
=============================
====== JS ERROR CAUGHT ======
Unhandled Promise: TypeError: Failed to fetch
=============================
====== JS ERROR CAUGHT ======
Unhandled Promise: TypeError: Failed to fetch
=============================
====== JS ERROR CAUGHT ======
Unhandled Promise: TypeError: Failed to fetch
=============================
====== JS ERROR CAUGHT ======
Unhandled Promise: TypeError: Failed to fetch
=============================
====== JS ERROR CAUGHT ======
Unhandled Promise: TypeError: Failed to fetch
=============================
====== JS ERROR CAUGHT ======
Unhandled Promise: TypeError: Failed to fetch
=============================
====== JS ERROR CAUGHT ======
Unhandled Promise: TypeError: Failed to fetch
=============================
====== JS ERROR CAUGHT ======
Unhandled Promise: TypeError: Failed to fetch
=============================
====== JS ERROR CAUGHT ======
Unhandled Promise: TypeError: Failed to fetch
=============================
====== JS ERROR CAUGHT ======
Unhandled Promise: TypeError: Failed to fetch
=============================
====== JS ERROR CAUGHT ======
Unhandled Promise: TypeError: Failed to fetch
=============================
====== JS ERROR CAUGHT ======
Unhandled Promise: TypeError: Failed to fetch
=============================
====== JS ERROR CAUGHT ======
Unhandled Promise: TypeError: Failed to fetch
=============================
====== JS ERROR CAUGHT ======
Unhandled Promise: TypeError: Failed to fetch
=============================
====== JS ERROR CAUGHT ======
Unhandled Promise: TypeError: Failed to fetch
=============================
====== JS ERROR CAUGHT ======
Unhandled Promise: TypeError: Failed to fetch
=============================
====== JS ERROR CAUGHT ======
Unhandled Promise: TypeError: Failed to fetch
=============================
====== JS ERROR CAUGHT ======
Unhandled Promise: TypeError: Failed to fetch
=============================
====== JS ERROR CAUGHT ======
Unhandled Promise: TypeError: Failed to fetch
=============================
====== JS ERROR CAUGHT ======
Unhandled Promise: TypeError: Failed to fetch
=============================
====== JS ERROR CAUGHT ======
Unhandled Promise: TypeError: Failed to fetch
=============================
====== JS ERROR CAUGHT ======
Unhandled Promise: TypeError: Failed to fetch
=============================
====== JS ERROR CAUGHT ======
Unhandled Promise: TypeError: Failed to fetch
=============================
====== JS ERROR CAUGHT ======
Unhandled Promise: TypeError: Failed to fetch
=============================
====== JS ERROR CAUGHT ======
Unhandled Promise: TypeError: Failed to fetch
=============================
====== JS ERROR CAUGHT ======
Unhandled Promise: TypeError: Failed to fetch
=============================
====== JS ERROR CAUGHT ======
Unhandled Promise: TypeError: Failed to fetch
=============================
====== JS ERROR CAUGHT ======
Unhandled Promise: TypeError: Failed to fetch
=============================
====== JS ERROR CAUGHT ======
Unhandled Promise: TypeError: Failed to fetch
=============================
====== JS ERROR CAUGHT ======
Unhandled Promise: TypeError: Failed to fetch
=============================
====== JS ERROR CAUGHT ======
Unhandled Promise: TypeError: Failed to fetch
=============================
====== JS ERROR CAUGHT ======
Unhandled Promise: TypeError: Failed to fetch
=============================
====== JS ERROR CAUGHT ======
Unhandled Promise: TypeError: Failed to fetch
=============================
====== JS ERROR CAUGHT ======
Unhandled Promise: TypeError: Failed to fetch
=============================
====== JS ERROR CAUGHT ======
Unhandled Promise: TypeError: Failed to fetch
=============================
====== JS ERROR CAUGHT ======
Unhandled Promise: TypeError: Failed to fetch
=============================
====== JS ERROR CAUGHT ======
Unhandled Promise: TypeError: Failed to fetch
=============================
====== JS ERROR CAUGHT ======
Unhandled Promise: TypeError: Failed to fetch
=============================
====== JS ERROR CAUGHT ======
Unhandled Promise: TypeError: Failed to fetch
=============================
====== JS ERROR CAUGHT ======
Unhandled Promise: TypeError: Failed to fetch
=============================
====== JS ERROR CAUGHT ======
Unhandled Promise: TypeError: Failed to fetch
=============================
====== JS ERROR CAUGHT ======
Unhandled Promise: TypeError: Failed to fetch
=============================
====== JS ERROR CAUGHT ======
Unhandled Promise: TypeError: Failed to fetch
=============================
====== JS ERROR CAUGHT ======
Unhandled Promise: TypeError: Failed to fetch
=============================
====== JS ERROR CAUGHT ======
Unhandled Promise: TypeError: Failed to fetch
=============================
====== JS ERROR CAUGHT ======
Unhandled Promise: TypeError: Failed to fetch
=============================
====== JS ERROR CAUGHT ======
Unhandled Promise: TypeError: Failed to fetch
=============================
====== JS ERROR CAUGHT ======
Unhandled Promise: TypeError: Failed to fetch
=============================
====== JS ERROR CAUGHT ======
Unhandled Promise: TypeError: Failed to fetch
=============================
====== JS ERROR CAUGHT ======
Unhandled Promise: TypeError: Failed to fetch
=============================
====== JS ERROR CAUGHT ======
Unhandled Promise: TypeError: Failed to fetch
=============================
====== JS ERROR CAUGHT ======
Unhandled Promise: TypeError: Failed to fetch
=============================
====== JS ERROR CAUGHT ======
Unhandled Promise: TypeError: Failed to fetch
=============================
====== JS ERROR CAUGHT ======
Unhandled Promise: TypeError: Failed to fetch
=============================
====== JS ERROR CAUGHT ======
Unhandled Promise: TypeError: Failed to fetch
=============================
====== JS ERROR CAUGHT ======
Unhandled Promise: TypeError: Failed to fetch
=============================
====== JS ERROR CAUGHT ======
Unhandled Promise: TypeError: Failed to fetch
=============================
====== JS ERROR CAUGHT ======
Unhandled Promise: TypeError: Failed to fetch
=============================
====== JS ERROR CAUGHT ======
Unhandled Promise: TypeError: Failed to fetch
=============================
====== JS ERROR CAUGHT ======
Unhandled Promise: TypeError: Failed to fetch
=============================
====== JS ERROR CAUGHT ======
Unhandled Promise: TypeError: Failed to fetch
=============================
====== JS ERROR CAUGHT ======
Unhandled Promise: TypeError: Failed to fetch
=============================
====== JS ERROR CAUGHT ======
Unhandled Promise: TypeError: Failed to fetch
=============================
====== JS ERROR CAUGHT ======
Unhandled Promise: TypeError: Failed to fetch
=============================
====== JS ERROR CAUGHT ======
Unhandled Promise: TypeError: Failed to fetch
=============================
====== JS ERROR CAUGHT ======
Unhandled Promise: TypeError: Failed to fetch
=============================
====== JS ERROR CAUGHT ======
Unhandled Promise: TypeError: Failed to fetch
=============================
====== JS ERROR CAUGHT ======
Unhandled Promise: TypeError: Failed to fetch
=============================
====== JS ERROR CAUGHT ======
Unhandled Promise: TypeError: Failed to fetch
=============================
====== JS ERROR CAUGHT ======
Unhandled Promise: TypeError: Failed to fetch
=============================
====== JS ERROR CAUGHT ======
Unhandled Promise: TypeError: Failed to fetch
=============================
====== JS ERROR CAUGHT ======
Unhandled Promise: TypeError: Failed to fetch
=============================
====== JS ERROR CAUGHT ======
Unhandled Promise: TypeError: Failed to fetch
=============================
====== JS ERROR CAUGHT ======
Unhandled Promise: TypeError: Failed to fetch
=============================
====== JS ERROR CAUGHT ======
Unhandled Promise: TypeError: Failed to fetch
=============================
====== JS ERROR CAUGHT ======
Unhandled Promise: TypeError: Failed to fetch
=============================
====== JS ERROR CAUGHT ======
Unhandled Promise: TypeError: Failed to fetch
=============================
====== JS ERROR CAUGHT ======
Unhandled Promise: TypeError: Failed to fetch
=============================
====== JS ERROR CAUGHT ======
Unhandled Promise: TypeError: Failed to fetch
=============================
====== JS ERROR CAUGHT ======
Unhandled Promise: TypeError: Failed to fetch
=============================
====== JS ERROR CAUGHT ======
Unhandled Promise: TypeError: Failed to fetch
=============================
====== JS ERROR CAUGHT ======
Unhandled Promise: TypeError: Failed to fetch
=============================
====== JS ERROR CAUGHT ======
Unhandled Promise: TypeError: Failed to fetch
=============================
====== JS ERROR CAUGHT ======
Unhandled Promise: TypeError: Failed to fetch
=============================
====== JS ERROR CAUGHT ======
Unhandled Promise: TypeError: Failed to fetch
=============================
====== JS ERROR CAUGHT ======
Unhandled Promise: TypeError: Failed to fetch
=============================
====== JS ERROR CAUGHT ======
Unhandled Promise: TypeError: Failed to fetch
=============================
====== JS ERROR CAUGHT ======
Unhandled Promise: TypeError: Failed to fetch
=============================
====== JS ERROR CAUGHT ======
Unhandled Promise: TypeError: Failed to fetch
=============================
====== JS ERROR CAUGHT ======
Unhandled Promise: TypeError: Failed to fetch
=============================
====== JS ERROR CAUGHT ======
Unhandled Promise: TypeError: Failed to fetch
=============================
====== JS ERROR CAUGHT ======
Unhandled Promise: TypeError: Failed to fetch
=============================
====== JS ERROR CAUGHT ======
Unhandled Promise: TypeError: Failed to fetch
=============================
====== JS ERROR CAUGHT ======
Unhandled Promise: TypeError: Failed to fetch
=============================
====== JS ERROR CAUGHT ======
Unhandled Promise: TypeError: Failed to fetch
=============================
====== JS ERROR CAUGHT ======
Unhandled Promise: TypeError: Failed to fetch
=============================
====== JS ERROR CAUGHT ======
Unhandled Promise: TypeError: Failed to fetch
=============================
====== JS ERROR CAUGHT ======
Unhandled Promise: TypeError: Failed to fetch
=============================
====== JS ERROR CAUGHT ======
Unhandled Promise: TypeError: Failed to fetch
=============================
====== JS ERROR CAUGHT ======
Unhandled Promise: TypeError: Failed to fetch
=============================
====== JS ERROR CAUGHT ======
Unhandled Promise: TypeError: Failed to fetch
=============================
====== JS ERROR CAUGHT ======
Unhandled Promise: TypeError: Failed to fetch
=============================
====== JS ERROR CAUGHT ======
Unhandled Promise: TypeError: Failed to fetch
=============================
====== JS ERROR CAUGHT ======
Unhandled Promise: TypeError: Failed to fetch
=============================
====== JS ERROR CAUGHT ======
Unhandled Promise: TypeError: Failed to fetch
=============================
====== JS ERROR CAUGHT ======
Unhandled Promise: TypeError: Failed to fetch
=============================
====== JS ERROR CAUGHT ======
Unhandled Promise: TypeError: Failed to fetch
=============================
====== JS ERROR CAUGHT ======
Unhandled Promise: TypeError: Failed to fetch
=============================
====== JS ERROR CAUGHT ======
Unhandled Promise: TypeError: Failed to fetch
=============================
====== JS ERROR CAUGHT ======
Unhandled Promise: TypeError: Failed to fetch
=============================
====== JS ERROR CAUGHT ======
Unhandled Promise: TypeError: Failed to fetch
=============================
====== JS ERROR CAUGHT ======
Unhandled Promise: TypeError: Failed to fetch
=============================
====== JS ERROR CAUGHT ======
Unhandled Promise: TypeError: Failed to fetch
=============================
====== JS ERROR CAUGHT ======
Unhandled Promise: TypeError: Failed to fetch
=============================
====== JS ERROR CAUGHT ======
Unhandled Promise: TypeError: Failed to fetch
=============================
====== JS ERROR CAUGHT ======
Unhandled Promise: TypeError: Failed to fetch
=============================
====== JS ERROR CAUGHT ======
Unhandled Promise: TypeError: Failed to fetch
=============================
====== JS ERROR CAUGHT ======
Unhandled Promise: TypeError: Failed to fetch
=============================
====== JS ERROR CAUGHT ======
Unhandled Promise: TypeError: Failed to fetch
=============================
====== JS ERROR CAUGHT ======
Unhandled Promise: TypeError: Failed to fetch
=============================
====== JS ERROR CAUGHT ======
Unhandled Promise: TypeError: Failed to fetch
=============================
====== JS ERROR CAUGHT ======
Unhandled Promise: TypeError: Failed to fetch
=============================
====== JS ERROR CAUGHT ======
Unhandled Promise: TypeError: Failed to fetch
=============================
====== JS ERROR CAUGHT ======
Unhandled Promise: TypeError: Failed to fetch
=============================
====== JS ERROR CAUGHT ======
Unhandled Promise: TypeError: Failed to fetch
=============================
====== JS ERROR CAUGHT ======
Unhandled Promise: TypeError: Failed to fetch
=============================
====== JS ERROR CAUGHT ======
Unhandled Promise: TypeError: Failed to fetch
=============================
====== JS ERROR CAUGHT ======
Unhandled Promise: TypeError: Failed to fetch
=============================
====== JS ERROR CAUGHT ======
Unhandled Promise: TypeError: Failed to fetch
=============================
====== JS ERROR CAUGHT ======
Unhandled Promise: TypeError: Failed to fetch
=============================
====== JS ERROR CAUGHT ======
Unhandled Promise: TypeError: Failed to fetch
=============================
====== JS ERROR CAUGHT ======
Unhandled Promise: TypeError: Failed to fetch
=============================
====== JS ERROR CAUGHT ======
Unhandled Promise: TypeError: Failed to fetch
=============================
====== JS ERROR CAUGHT ======
Unhandled Promise: TypeError: Failed to fetch
=============================
====== JS ERROR CAUGHT ======
Unhandled Promise: TypeError: Failed to fetch
=============================
====== JS ERROR CAUGHT ======
Unhandled Promise: TypeError: Failed to fetch
=============================
====== JS ERROR CAUGHT ======
Unhandled Promise: TypeError: Failed to fetch
=============================
====== JS ERROR CAUGHT ======
Unhandled Promise: TypeError: Failed to fetch
=============================
====== JS ERROR CAUGHT ======
Unhandled Promise: TypeError: Failed to fetch
=============================
====== JS ERROR CAUGHT ======
Unhandled Promise: TypeError: Failed to fetch
=============================
====== JS ERROR CAUGHT ======
Unhandled Promise: TypeError: Failed to fetch
=============================
====== JS ERROR CAUGHT ======
Unhandled Promise: TypeError: Failed to fetch
=============================
====== JS ERROR CAUGHT ======
Unhandled Promise: TypeError: Failed to fetch
=============================
====== JS ERROR CAUGHT ======
Unhandled Promise: TypeError: Failed to fetch
=============================
====== JS ERROR CAUGHT ======
Unhandled Promise: TypeError: Failed to fetch
=============================
====== JS ERROR CAUGHT ======
Unhandled Promise: TypeError: Failed to fetch
=============================
====== JS ERROR CAUGHT ======
Unhandled Promise: TypeError: Failed to fetch
=============================
====== JS ERROR CAUGHT ======
Unhandled Promise: TypeError: Failed to fetch
=============================
====== JS ERROR CAUGHT ======
Unhandled Promise: TypeError: Failed to fetch
=============================
====== JS ERROR CAUGHT ======
Unhandled Promise: TypeError: Failed to fetch
=============================
====== JS ERROR CAUGHT ======
Unhandled Promise: TypeError: Failed to fetch
=============================
====== JS ERROR CAUGHT ======
Unhandled Promise: TypeError: Failed to fetch
=============================
====== JS ERROR CAUGHT ======
Unhandled Promise: TypeError: Failed to fetch
=============================
====== JS ERROR CAUGHT ======
Unhandled Promise: TypeError: Failed to fetch
=============================
====== JS ERROR CAUGHT ======
Unhandled Promise: TypeError: Failed to fetch
=============================
====== JS ERROR CAUGHT ======
Unhandled Promise: TypeError: Failed to fetch
=============================
====== JS ERROR CAUGHT ======
Unhandled Promise: TypeError: Failed to fetch
=============================
====== JS ERROR CAUGHT ======
Unhandled Promise: TypeError: Failed to fetch
=============================
====== JS ERROR CAUGHT ======
Unhandled Promise: TypeError: Failed to fetch
=============================
====== JS ERROR CAUGHT ======
Unhandled Promise: TypeError: Failed to fetch
=============================
====== JS ERROR CAUGHT ======
Unhandled Promise: TypeError: Failed to fetch
=============================
====== JS ERROR CAUGHT ======
Unhandled Promise: TypeError: Failed to fetch
=============================
====== JS ERROR CAUGHT ======
Unhandled Promise: TypeError: Failed to fetch
=============================
====== JS ERROR CAUGHT ======
Unhandled Promise: TypeError: Failed to fetch
=============================
====== JS ERROR CAUGHT ======
Unhandled Promise: TypeError: Failed to fetch
=============================
====== JS ERROR CAUGHT ======
Unhandled Promise: TypeError: Failed to fetch
=============================
====== JS ERROR CAUGHT ======
Unhandled Promise: TypeError: Failed to fetch
=============================
====== JS ERROR CAUGHT ======
Unhandled Promise: TypeError: Failed to fetch
=============================
====== JS ERROR CAUGHT ======
Unhandled Promise: TypeError: Failed to fetch
=============================
====== JS ERROR CAUGHT ======
Unhandled Promise: TypeError: Failed to fetch
=============================
====== JS ERROR CAUGHT ======
Unhandled Promise: TypeError: Failed to fetch
=============================
====== JS ERROR CAUGHT ======
Unhandled Promise: TypeError: Failed to fetch
=============================
====== JS ERROR CAUGHT ======
Unhandled Promise: TypeError: Failed to fetch
=============================
====== JS ERROR CAUGHT ======
Unhandled Promise: TypeError: Failed to fetch
=============================
====== JS ERROR CAUGHT ======
Unhandled Promise: TypeError: Failed to fetch
=============================
====== JS ERROR CAUGHT ======
Unhandled Promise: TypeError: Failed to fetch
=============================
====== JS ERROR CAUGHT ======
Unhandled Promise: TypeError: Failed to fetch
=============================
====== JS ERROR CAUGHT ======
Unhandled Promise: TypeError: Failed to fetch
=============================
====== JS ERROR CAUGHT ======
Unhandled Promise: TypeError: Failed to fetch
=============================
====== JS ERROR CAUGHT ======
Unhandled Promise: TypeError: Failed to fetch
=============================
====== JS ERROR CAUGHT ======
Unhandled Promise: TypeError: Failed to fetch
=============================
====== JS ERROR CAUGHT ======
Unhandled Promise: TypeError: Failed to fetch
=============================
====== JS ERROR CAUGHT ======
Unhandled Promise: TypeError: Failed to fetch
=============================
====== JS ERROR CAUGHT ======
Unhandled Promise: TypeError: Failed to fetch
=============================
====== JS ERROR CAUGHT ======
Unhandled Promise: TypeError: Failed to fetch
=============================
====== JS ERROR CAUGHT ======
Unhandled Promise: TypeError: Failed to fetch
=============================
====== JS ERROR CAUGHT ======
Unhandled Promise: TypeError: Failed to fetch
=============================
====== JS ERROR CAUGHT ======
Unhandled Promise: TypeError: Failed to fetch
=============================
====== JS ERROR CAUGHT ======
Unhandled Promise: TypeError: Failed to fetch
=============================
====== JS ERROR CAUGHT ======
Unhandled Promise: TypeError: Failed to fetch
=============================
====== JS ERROR CAUGHT ======
Unhandled Promise: TypeError: Failed to fetch
=============================
====== JS ERROR CAUGHT ======
Unhandled Promise: TypeError: Failed to fetch
=============================
====== JS ERROR CAUGHT ======
Unhandled Promise: TypeError: Failed to fetch
=============================
====== JS ERROR CAUGHT ======
Unhandled Promise: TypeError: Failed to fetch
=============================
====== JS ERROR CAUGHT ======
Unhandled Promise: TypeError: Failed to fetch
=============================
====== JS ERROR CAUGHT ======
Unhandled Promise: TypeError: Failed to fetch
=============================
====== JS ERROR CAUGHT ======
Unhandled Promise: TypeError: Failed to fetch
=============================
====== JS ERROR CAUGHT ======
Unhandled Promise: TypeError: Failed to fetch
=============================
====== JS ERROR CAUGHT ======
Unhandled Promise: TypeError: Failed to fetch
=============================
====== JS ERROR CAUGHT ======
Unhandled Promise: TypeError: Failed to fetch
=============================
====== JS ERROR CAUGHT ======
Unhandled Promise: TypeError: Failed to fetch
=============================
====== JS ERROR CAUGHT ======
Unhandled Promise: TypeError: Failed to fetch
=============================
====== JS ERROR CAUGHT ======
Unhandled Promise: TypeError: Failed to fetch
=============================
====== JS ERROR CAUGHT ======
Unhandled Promise: TypeError: Failed to fetch
=============================
====== JS ERROR CAUGHT ======
Unhandled Promise: TypeError: Failed to fetch
=============================
====== JS ERROR CAUGHT ======
Unhandled Promise: TypeError: Failed to fetch
=============================
====== JS ERROR CAUGHT ======
Unhandled Promise: TypeError: Failed to fetch
=============================
====== JS ERROR CAUGHT ======
Unhandled Promise: TypeError: Failed to fetch
=============================
====== JS ERROR CAUGHT ======
Unhandled Promise: TypeError: Failed to fetch
=============================
====== JS ERROR CAUGHT ======
Unhandled Promise: TypeError: Failed to fetch
=============================
====== JS ERROR CAUGHT ======
Unhandled Promise: TypeError: Failed to fetch
=============================
====== JS ERROR CAUGHT ======
Unhandled Promise: TypeError: Failed to fetch
=============================
====== JS ERROR CAUGHT ======
Unhandled Promise: TypeError: Failed to fetch
=============================
====== JS ERROR CAUGHT ======
Unhandled Promise: TypeError: Failed to fetch
=============================
====== JS ERROR CAUGHT ======
Unhandled Promise: TypeError: Failed to fetch
=============================
====== JS ERROR CAUGHT ======
Unhandled Promise: TypeError: Failed to fetch
=============================
====== JS ERROR CAUGHT ======
Unhandled Promise: TypeError: Failed to fetch
=============================
====== JS ERROR CAUGHT ======
Unhandled Promise: TypeError: Failed to fetch
=============================
====== JS ERROR CAUGHT ======
Unhandled Promise: TypeError: Failed to fetch
=============================
====== JS ERROR CAUGHT ======
Unhandled Promise: TypeError: Failed to fetch
=============================
====== JS ERROR CAUGHT ======
Unhandled Promise: TypeError: Failed to fetch
=============================
====== JS ERROR CAUGHT ======
Unhandled Promise: TypeError: Failed to fetch
=============================
====== JS ERROR CAUGHT ======
Unhandled Promise: TypeError: Failed to fetch
=============================
====== JS ERROR CAUGHT ======
Unhandled Promise: TypeError: Failed to fetch
=============================
====== JS ERROR CAUGHT ======
Unhandled Promise: TypeError: Failed to fetch
=============================
====== JS ERROR CAUGHT ======
Unhandled Promise: TypeError: Failed to fetch
=============================
====== JS ERROR CAUGHT ======
Unhandled Promise: TypeError: Failed to fetch
=============================
====== JS ERROR CAUGHT ======
Unhandled Promise: TypeError: Failed to fetch
=============================
====== JS ERROR CAUGHT ======
Unhandled Promise: TypeError: Failed to fetch
=============================
====== JS ERROR CAUGHT ======
Unhandled Promise: TypeError: Failed to fetch
=============================
====== JS ERROR CAUGHT ======
Unhandled Promise: TypeError: Failed to fetch
=============================
====== JS ERROR CAUGHT ======
Unhandled Promise: TypeError: Failed to fetch
=============================
====== JS ERROR CAUGHT ======
Unhandled Promise: TypeError: Failed to fetch
=============================
====== JS ERROR CAUGHT ======
Unhandled Promise: TypeError: Failed to fetch
=============================
====== JS ERROR CAUGHT ======
Unhandled Promise: TypeError: Failed to fetch
=============================
====== JS ERROR CAUGHT ======
Unhandled Promise: TypeError: Failed to fetch
=============================
====== JS ERROR CAUGHT ======
Unhandled Promise: TypeError: Failed to fetch
=============================
====== JS ERROR CAUGHT ======
Unhandled Promise: TypeError: Failed to fetch
=============================
====== JS ERROR CAUGHT ======
Unhandled Promise: TypeError: Failed to fetch
=============================
====== JS ERROR CAUGHT ======
Unhandled Promise: TypeError: Failed to fetch
=============================
====== JS ERROR CAUGHT ======
Unhandled Promise: TypeError: Failed to fetch
=============================
====== JS ERROR CAUGHT ======
Unhandled Promise: TypeError: Failed to fetch
=============================
====== JS ERROR CAUGHT ======
Unhandled Promise: TypeError: Failed to fetch
=============================
====== JS ERROR CAUGHT ======
Unhandled Promise: TypeError: Failed to fetch
=============================
====== JS ERROR CAUGHT ======
Unhandled Promise: TypeError: Failed to fetch
=============================
====== JS ERROR CAUGHT ======
Unhandled Promise: TypeError: Failed to fetch
=============================
====== JS ERROR CAUGHT ======
Unhandled Promise: TypeError: Failed to fetch
=============================
====== JS ERROR CAUGHT ======
Unhandled Promise: TypeError: Failed to fetch
=============================
====== JS ERROR CAUGHT ======
Unhandled Promise: TypeError: Failed to fetch
=============================
====== JS ERROR CAUGHT ======
Unhandled Promise: TypeError: Failed to fetch
=============================
====== JS ERROR CAUGHT ======
Unhandled Promise: TypeError: Failed to fetch
=============================
====== JS ERROR CAUGHT ======
Unhandled Promise: TypeError: Failed to fetch
=============================
====== JS ERROR CAUGHT ======
Unhandled Promise: TypeError: Failed to fetch
=============================
====== JS ERROR CAUGHT ======
Unhandled Promise: TypeError: Failed to fetch
=============================
====== JS ERROR CAUGHT ======
Unhandled Promise: TypeError: Failed to fetch
=============================
====== JS ERROR CAUGHT ======
Unhandled Promise: TypeError: Failed to fetch
=============================
====== JS ERROR CAUGHT ======
Unhandled Promise: TypeError: Failed to fetch
=============================
====== JS ERROR CAUGHT ======
Unhandled Promise: TypeError: Failed to fetch
=============================
====== JS ERROR CAUGHT ======
Unhandled Promise: TypeError: Failed to fetch
=============================
====== JS ERROR CAUGHT ======
Unhandled Promise: TypeError: Failed to fetch
=============================
====== JS ERROR CAUGHT ======
Unhandled Promise: TypeError: Failed to fetch
=============================
====== JS ERROR CAUGHT ======
Unhandled Promise: TypeError: Failed to fetch
=============================
====== JS ERROR CAUGHT ======
Unhandled Promise: TypeError: Failed to fetch
=============================
====== JS ERROR CAUGHT ======
Unhandled Promise: TypeError: Failed to fetch
=============================
====== JS ERROR CAUGHT ======
Unhandled Promise: TypeError: Failed to fetch
=============================
====== JS ERROR CAUGHT ======
Unhandled Promise: TypeError: Failed to fetch
=============================
====== JS ERROR CAUGHT ======
Unhandled Promise: TypeError: Failed to fetch
=============================
====== JS ERROR CAUGHT ======
Unhandled Promise: TypeError: Failed to fetch
=============================
====== JS ERROR CAUGHT ======
Unhandled Promise: TypeError: Failed to fetch
=============================
====== JS ERROR CAUGHT ======
Unhandled Promise: TypeError: Failed to fetch
=============================
====== JS ERROR CAUGHT ======
Unhandled Promise: TypeError: Failed to fetch
=============================
====== JS ERROR CAUGHT ======
Unhandled Promise: TypeError: Failed to fetch
=============================
====== JS ERROR CAUGHT ======
Unhandled Promise: TypeError: Failed to fetch
=============================
====== JS ERROR CAUGHT ======
Unhandled Promise: TypeError: Failed to fetch
=============================
====== JS ERROR CAUGHT ======
Unhandled Promise: TypeError: Failed to fetch
=============================
====== JS ERROR CAUGHT ======
Unhandled Promise: TypeError: Failed to fetch
=============================
====== JS ERROR CAUGHT ======
Unhandled Promise: TypeError: Failed to fetch
=============================
====== JS ERROR CAUGHT ======
Unhandled Promise: TypeError: Failed to fetch
=============================
====== JS ERROR CAUGHT ======
Unhandled Promise: TypeError: Failed to fetch
=============================
====== JS ERROR CAUGHT ======
Unhandled Promise: TypeError: Failed to fetch
=============================
====== JS ERROR CAUGHT ======
Unhandled Promise: TypeError: Failed to fetch
=============================
====== JS ERROR CAUGHT ======
Unhandled Promise: TypeError: Failed to fetch
=============================
====== JS ERROR CAUGHT ======
Unhandled Promise: TypeError: Failed to fetch
=============================
====== JS ERROR CAUGHT ======
Unhandled Promise: TypeError: Failed to fetch
=============================
====== JS ERROR CAUGHT ======
Unhandled Promise: TypeError: Failed to fetch
=============================
====== JS ERROR CAUGHT ======
Unhandled Promise: TypeError: Failed to fetch
=============================
====== JS ERROR CAUGHT ======
Unhandled Promise: TypeError: Failed to fetch
=============================
====== JS ERROR CAUGHT ======
Unhandled Promise: TypeError: Failed to fetch
=============================
====== JS ERROR CAUGHT ======
Unhandled Promise: TypeError: Failed to fetch
=============================
====== JS ERROR CAUGHT ======
Unhandled Promise: TypeError: Failed to fetch
=============================
====== JS ERROR CAUGHT ======
Unhandled Promise: TypeError: Failed to fetch
=============================
====== JS ERROR CAUGHT ======
Unhandled Promise: TypeError: Failed to fetch
=============================
====== JS ERROR CAUGHT ======
Unhandled Promise: TypeError: Failed to fetch
=============================
====== JS ERROR CAUGHT ======
Unhandled Promise: TypeError: Failed to fetch
=============================
====== JS ERROR CAUGHT ======
Unhandled Promise: TypeError: Failed to fetch
=============================
====== JS ERROR CAUGHT ======
Unhandled Promise: TypeError: Failed to fetch
=============================
====== JS ERROR CAUGHT ======
Unhandled Promise: TypeError: Failed to fetch
=============================
====== JS ERROR CAUGHT ======
Unhandled Promise: TypeError: Failed to fetch
=============================
====== JS ERROR CAUGHT ======
Unhandled Promise: TypeError: Failed to fetch
=============================
====== JS ERROR CAUGHT ======
Unhandled Promise: TypeError: Failed to fetch
=============================
====== JS ERROR CAUGHT ======
Unhandled Promise: TypeError: Failed to fetch
=============================
====== JS ERROR CAUGHT ======
Unhandled Promise: TypeError: Failed to fetch
=============================
====== JS ERROR CAUGHT ======
Unhandled Promise: TypeError: Failed to fetch
=============================
====== JS ERROR CAUGHT ======
Unhandled Promise: TypeError: Failed to fetch
=============================
====== JS ERROR CAUGHT ======
Unhandled Promise: TypeError: Failed to fetch
=============================
====== JS ERROR CAUGHT ======
Unhandled Promise: TypeError: Failed to fetch
=============================
====== JS ERROR CAUGHT ======
Unhandled Promise: TypeError: Failed to fetch
=============================
====== JS ERROR CAUGHT ======
Unhandled Promise: TypeError: Failed to fetch
=============================
====== JS ERROR CAUGHT ======
Unhandled Promise: TypeError: Failed to fetch
=============================
====== JS ERROR CAUGHT ======
Unhandled Promise: TypeError: Failed to fetch
=============================
====== JS ERROR CAUGHT ======
Unhandled Promise: TypeError: Failed to fetch
=============================
====== JS ERROR CAUGHT ======
Unhandled Promise: TypeError: Failed to fetch
=============================
====== JS ERROR CAUGHT ======
Unhandled Promise: TypeError: Failed to fetch
=============================
====== JS ERROR CAUGHT ======
Unhandled Promise: TypeError: Failed to fetch
=============================
====== JS ERROR CAUGHT ======
Unhandled Promise: TypeError: Failed to fetch
=============================
====== JS ERROR CAUGHT ======
Unhandled Promise: TypeError: Failed to fetch
=============================
====== JS ERROR CAUGHT ======
Unhandled Promise: TypeError: Failed to fetch
=============================
====== JS ERROR CAUGHT ======
Unhandled Promise: TypeError: Failed to fetch
=============================
====== JS ERROR CAUGHT ======
Unhandled Promise: TypeError: Failed to fetch
=============================
====== JS ERROR CAUGHT ======
Unhandled Promise: TypeError: Failed to fetch
=============================
====== JS ERROR CAUGHT ======
Unhandled Promise: TypeError: Failed to fetch
=============================
====== JS ERROR CAUGHT ======
Unhandled Promise: TypeError: Failed to fetch
=============================
====== JS ERROR CAUGHT ======
Unhandled Promise: TypeError: Failed to fetch
=============================
====== JS ERROR CAUGHT ======
Unhandled Promise: TypeError: Failed to fetch
=============================
====== JS ERROR CAUGHT ======
Unhandled Promise: TypeError: Failed to fetch
=============================
====== JS ERROR CAUGHT ======
Unhandled Promise: TypeError: Failed to fetch
=============================
====== JS ERROR CAUGHT ======
Unhandled Promise: TypeError: Failed to fetch
=============================
====== JS ERROR CAUGHT ======
Unhandled Promise: TypeError: Failed to fetch
=============================
====== JS ERROR CAUGHT ======
Unhandled Promise: TypeError: Failed to fetch
=============================
====== JS ERROR CAUGHT ======
Unhandled Promise: TypeError: Failed to fetch
=============================
====== JS ERROR CAUGHT ======
Unhandled Promise: TypeError: Failed to fetch
=============================
====== JS ERROR CAUGHT ======
Unhandled Promise: TypeError: Failed to fetch
=============================
====== JS ERROR CAUGHT ======
Unhandled Promise: TypeError: Failed to fetch
=============================
====== JS ERROR CAUGHT ======
Unhandled Promise: TypeError: Failed to fetch
=============================
====== JS ERROR CAUGHT ======
Unhandled Promise: TypeError: Failed to fetch
=============================
====== JS ERROR CAUGHT ======
Unhandled Promise: TypeError: Failed to fetch
=============================
====== JS ERROR CAUGHT ======
Unhandled Promise: TypeError: Failed to fetch
=============================
====== JS ERROR CAUGHT ======
Unhandled Promise: TypeError: Failed to fetch
=============================
====== JS ERROR CAUGHT ======
Unhandled Promise: TypeError: Failed to fetch
=============================
====== JS ERROR CAUGHT ======
Unhandled Promise: TypeError: Failed to fetch
=============================
====== JS ERROR CAUGHT ======
Unhandled Promise: TypeError: Failed to fetch
=============================
====== JS ERROR CAUGHT ======
Unhandled Promise: TypeError: Failed to fetch
=============================
====== JS ERROR CAUGHT ======
Unhandled Promise: TypeError: Failed to fetch
=============================
====== JS ERROR CAUGHT ======
Unhandled Promise: TypeError: Failed to fetch
=============================
====== JS ERROR CAUGHT ======
Unhandled Promise: TypeError: Failed to fetch
=============================
====== JS ERROR CAUGHT ======
Unhandled Promise: TypeError: Failed to fetch
=============================
====== JS ERROR CAUGHT ======
Unhandled Promise: TypeError: Failed to fetch
=============================
====== JS ERROR CAUGHT ======
Unhandled Promise: TypeError: Failed to fetch
=============================
====== JS ERROR CAUGHT ======
Unhandled Promise: TypeError: Failed to fetch
=============================
====== JS ERROR CAUGHT ======
Unhandled Promise: TypeError: Failed to fetch
=============================
====== JS ERROR CAUGHT ======
Unhandled Promise: TypeError: Failed to fetch
=============================
====== JS ERROR CAUGHT ======
Unhandled Promise: TypeError: Failed to fetch
=============================
====== JS ERROR CAUGHT ======
Unhandled Promise: TypeError: Failed to fetch
=============================
====== JS ERROR CAUGHT ======
Unhandled Promise: TypeError: Failed to fetch
=============================
====== JS ERROR CAUGHT ======
Unhandled Promise: TypeError: Failed to fetch
=============================
====== JS ERROR CAUGHT ======
Unhandled Promise: TypeError: Failed to fetch
=============================
====== JS ERROR CAUGHT ======
Unhandled Promise: TypeError: Failed to fetch
=============================
====== JS ERROR CAUGHT ======
Unhandled Promise: TypeError: Failed to fetch
=============================
====== JS ERROR CAUGHT ======
Unhandled Promise: TypeError: Failed to fetch
=============================
====== JS ERROR CAUGHT ======
Unhandled Promise: TypeError: Failed to fetch
=============================
====== JS ERROR CAUGHT ======
Unhandled Promise: TypeError: Failed to fetch
=============================
====== JS ERROR CAUGHT ======
Unhandled Promise: TypeError: Failed to fetch
=============================
====== JS ERROR CAUGHT ======
Unhandled Promise: TypeError: Failed to fetch
=============================
====== JS ERROR CAUGHT ======
Unhandled Promise: TypeError: Failed to fetch
=============================
====== JS ERROR CAUGHT ======
Unhandled Promise: TypeError: Failed to fetch
=============================
====== JS ERROR CAUGHT ======
Unhandled Promise: TypeError: Failed to fetch
=============================
====== JS ERROR CAUGHT ======
Unhandled Promise: TypeError: Failed to fetch
=============================
====== JS ERROR CAUGHT ======
Unhandled Promise: TypeError: Failed to fetch
=============================
====== JS ERROR CAUGHT ======
Unhandled Promise: TypeError: Failed to fetch
=============================
====== JS ERROR CAUGHT ======
Unhandled Promise: TypeError: Failed to fetch
=============================
====== JS ERROR CAUGHT ======
Unhandled Promise: TypeError: Failed to fetch
=============================
====== JS ERROR CAUGHT ======
Unhandled Promise: TypeError: Failed to fetch
=============================
====== JS ERROR CAUGHT ======
Unhandled Promise: TypeError: Failed to fetch
=============================
====== JS ERROR CAUGHT ======
Unhandled Promise: TypeError: Failed to fetch
=============================
====== JS ERROR CAUGHT ======
Unhandled Promise: TypeError: Failed to fetch
=============================
====== JS ERROR CAUGHT ======
Unhandled Promise: TypeError: Failed to fetch
=============================
====== JS ERROR CAUGHT ======
Unhandled Promise: TypeError: Failed to fetch
=============================
====== JS ERROR CAUGHT ======
Unhandled Promise: TypeError: Failed to fetch
=============================
====== JS ERROR CAUGHT ======
Unhandled Promise: TypeError: Failed to fetch
=============================
====== JS ERROR CAUGHT ======
Unhandled Promise: TypeError: Failed to fetch
=============================
====== JS ERROR CAUGHT ======
Unhandled Promise: TypeError: Failed to fetch
=============================
====== JS ERROR CAUGHT ======
Unhandled Promise: TypeError: Failed to fetch
=============================
====== JS ERROR CAUGHT ======
Unhandled Promise: TypeError: Failed to fetch
=============================
====== JS ERROR CAUGHT ======
Unhandled Promise: TypeError: Failed to fetch
=============================
====== JS ERROR CAUGHT ======
Unhandled Promise: TypeError: Failed to fetch
=============================
====== JS ERROR CAUGHT ======
Unhandled Promise: TypeError: Failed to fetch
=============================
====== JS ERROR CAUGHT ======
Unhandled Promise: TypeError: Failed to fetch
=============================
====== JS ERROR CAUGHT ======
Unhandled Promise: TypeError: Failed to fetch
=============================
====== JS ERROR CAUGHT ======
Unhandled Promise: TypeError: Failed to fetch
=============================
====== JS ERROR CAUGHT ======
Unhandled Promise: TypeError: Failed to fetch
=============================
====== JS ERROR CAUGHT ======
Unhandled Promise: TypeError: Failed to fetch
=============================
====== JS ERROR CAUGHT ======
Unhandled Promise: TypeError: Failed to fetch
=============================
====== JS ERROR CAUGHT ======
Unhandled Promise: TypeError: Failed to fetch
=============================
====== JS ERROR CAUGHT ======
Unhandled Promise: TypeError: Failed to fetch
=============================
====== JS ERROR CAUGHT ======
Unhandled Promise: TypeError: Failed to fetch
=============================
====== JS ERROR CAUGHT ======
Unhandled Promise: TypeError: Failed to fetch
=============================
====== JS ERROR CAUGHT ======
Unhandled Promise: TypeError: Failed to fetch
=============================
====== JS ERROR CAUGHT ======
Unhandled Promise: TypeError: Failed to fetch
=============================
====== JS ERROR CAUGHT ======
Unhandled Promise: TypeError: Failed to fetch
=============================
====== JS ERROR CAUGHT ======
Unhandled Promise: TypeError: Failed to fetch
=============================
====== JS ERROR CAUGHT ======
Unhandled Promise: TypeError: Failed to fetch
=============================
====== JS ERROR CAUGHT ======
Unhandled Promise: TypeError: Failed to fetch
=============================
====== JS ERROR CAUGHT ======
Unhandled Promise: TypeError: Failed to fetch
=============================
====== JS ERROR CAUGHT ======
Unhandled Promise: TypeError: Failed to fetch
=============================
====== JS ERROR CAUGHT ======
Unhandled Promise: TypeError: Failed to fetch
=============================
====== JS ERROR CAUGHT ======
Unhandled Promise: TypeError: Failed to fetch
=============================
====== JS ERROR CAUGHT ======
Unhandled Promise: TypeError: Failed to fetch
=============================
====== JS ERROR CAUGHT ======
Unhandled Promise: TypeError: Failed to fetch
=============================
====== JS ERROR CAUGHT ======
Unhandled Promise: TypeError: Failed to fetch
=============================
====== JS ERROR CAUGHT ======
Unhandled Promise: TypeError: Failed to fetch
=============================
====== JS ERROR CAUGHT ======
Unhandled Promise: TypeError: Failed to fetch
=============================
====== JS ERROR CAUGHT ======
Unhandled Promise: TypeError: Failed to fetch
=============================
====== JS ERROR CAUGHT ======
Unhandled Promise: TypeError: Failed to fetch
=============================
====== JS ERROR CAUGHT ======
Unhandled Promise: TypeError: Failed to fetch
=============================
====== JS ERROR CAUGHT ======
Unhandled Promise: TypeError: Failed to fetch
=============================
====== JS ERROR CAUGHT ======
Unhandled Promise: TypeError: Failed to fetch
=============================
====== JS ERROR CAUGHT ======
Unhandled Promise: TypeError: Failed to fetch
=============================
====== JS ERROR CAUGHT ======
Unhandled Promise: TypeError: Failed to fetch
=============================
====== JS ERROR CAUGHT ======
Unhandled Promise: TypeError: Failed to fetch
=============================
====== JS ERROR CAUGHT ======
Unhandled Promise: TypeError: Failed to fetch
=============================
====== JS ERROR CAUGHT ======
Unhandled Promise: TypeError: Failed to fetch
=============================
====== JS ERROR CAUGHT ======
Unhandled Promise: TypeError: Failed to fetch
=============================
====== JS ERROR CAUGHT ======
Unhandled Promise: TypeError: Failed to fetch
=============================
====== JS ERROR CAUGHT ======
Unhandled Promise: TypeError: Failed to fetch
=============================
====== JS ERROR CAUGHT ======
Unhandled Promise: TypeError: Failed to fetch
=============================
====== JS ERROR CAUGHT ======
Unhandled Promise: TypeError: Failed to fetch
=============================
====== JS ERROR CAUGHT ======
Unhandled Promise: TypeError: Failed to fetch
=============================
====== JS ERROR CAUGHT ======
Unhandled Promise: TypeError: Failed to fetch
=============================
====== JS ERROR CAUGHT ======
Unhandled Promise: TypeError: Failed to fetch
=============================
====== JS ERROR CAUGHT ======
Unhandled Promise: TypeError: Failed to fetch
=============================
====== JS ERROR CAUGHT ======
Unhandled Promise: TypeError: Failed to fetch
=============================
====== JS ERROR CAUGHT ======
Unhandled Promise: TypeError: Failed to fetch
=============================
====== JS ERROR CAUGHT ======
Unhandled Promise: TypeError: Failed to fetch
=============================
====== JS ERROR CAUGHT ======
Unhandled Promise: TypeError: Failed to fetch
=============================
====== JS ERROR CAUGHT ======
Unhandled Promise: TypeError: Failed to fetch
=============================
====== JS ERROR CAUGHT ======
Unhandled Promise: TypeError: Failed to fetch
=============================
====== JS ERROR CAUGHT ======
Unhandled Promise: TypeError: Failed to fetch
=============================
====== JS ERROR CAUGHT ======
Unhandled Promise: TypeError: Failed to fetch
=============================
====== JS ERROR CAUGHT ======
Unhandled Promise: TypeError: Failed to fetch
=============================
====== JS ERROR CAUGHT ======
Unhandled Promise: TypeError: Failed to fetch
=============================
====== JS ERROR CAUGHT ======
Unhandled Promise: TypeError: Failed to fetch
=============================
====== JS ERROR CAUGHT ======
Unhandled Promise: TypeError: Failed to fetch
=============================
====== JS ERROR CAUGHT ======
Unhandled Promise: TypeError: Failed to fetch
=============================
====== JS ERROR CAUGHT ======
Unhandled Promise: TypeError: Failed to fetch
=============================
====== JS ERROR CAUGHT ======
Unhandled Promise: TypeError: Failed to fetch
=============================
====== JS ERROR CAUGHT ======
Unhandled Promise: TypeError: Failed to fetch
=============================
====== JS ERROR CAUGHT ======
Unhandled Promise: TypeError: Failed to fetch
=============================
====== JS ERROR CAUGHT ======
Unhandled Promise: TypeError: Failed to fetch
=============================
====== JS ERROR CAUGHT ======
Unhandled Promise: TypeError: Failed to fetch
=============================
====== JS ERROR CAUGHT ======
Unhandled Promise: TypeError: Failed to fetch
=============================
====== JS ERROR CAUGHT ======
Unhandled Promise: TypeError: Failed to fetch
=============================
====== JS ERROR CAUGHT ======
Unhandled Promise: TypeError: Failed to fetch
=============================
====== JS ERROR CAUGHT ======
Unhandled Promise: TypeError: Failed to fetch
=============================
====== JS ERROR CAUGHT ======
Unhandled Promise: TypeError: Failed to fetch
=============================
====== JS ERROR CAUGHT ======
Unhandled Promise: TypeError: Failed to fetch
=============================
====== JS ERROR CAUGHT ======
Unhandled Promise: TypeError: Failed to fetch
=============================
====== JS ERROR CAUGHT ======
Unhandled Promise: TypeError: Failed to fetch
=============================
====== JS ERROR CAUGHT ======
Unhandled Promise: TypeError: Failed to fetch
=============================
====== JS ERROR CAUGHT ======
Unhandled Promise: TypeError: Failed to fetch
=============================
====== JS ERROR CAUGHT ======
Unhandled Promise: TypeError: Failed to fetch
=============================
====== JS ERROR CAUGHT ======
Unhandled Promise: TypeError: Failed to fetch
=============================
====== JS ERROR CAUGHT ======
Unhandled Promise: TypeError: Failed to fetch
=============================
====== JS ERROR CAUGHT ======
Unhandled Promise: TypeError: Failed to fetch
=============================
====== JS ERROR CAUGHT ======
Unhandled Promise: TypeError: Failed to fetch
=============================
====== JS ERROR CAUGHT ======
Unhandled Promise: TypeError: Failed to fetch
=============================
====== JS ERROR CAUGHT ======
Unhandled Promise: TypeError: Failed to fetch
=============================
====== JS ERROR CAUGHT ======
Unhandled Promise: TypeError: Failed to fetch
=============================
====== JS ERROR CAUGHT ======
Unhandled Promise: TypeError: Failed to fetch
=============================
====== JS ERROR CAUGHT ======
Unhandled Promise: TypeError: Failed to fetch
=============================
====== JS ERROR CAUGHT ======
Unhandled Promise: TypeError: Failed to fetch
=============================
====== JS ERROR CAUGHT ======
Unhandled Promise: TypeError: Failed to fetch
=============================
====== JS ERROR CAUGHT ======
Unhandled Promise: TypeError: Failed to fetch
=============================
====== JS ERROR CAUGHT ======
Unhandled Promise: TypeError: Failed to fetch
=============================
====== JS ERROR CAUGHT ======
Unhandled Promise: TypeError: Failed to fetch
=============================
====== JS ERROR CAUGHT ======
Unhandled Promise: TypeError: Failed to fetch
=============================
====== JS ERROR CAUGHT ======
Unhandled Promise: TypeError: Failed to fetch
=============================
====== JS ERROR CAUGHT ======
Unhandled Promise: TypeError: Failed to fetch
=============================
====== JS ERROR CAUGHT ======
Unhandled Promise: TypeError: Failed to fetch
=============================
====== JS ERROR CAUGHT ======
Unhandled Promise: TypeError: Failed to fetch
=============================
====== JS ERROR CAUGHT ======
Unhandled Promise: TypeError: Failed to fetch
=============================
====== JS ERROR CAUGHT ======
Unhandled Promise: TypeError: Failed to fetch
=============================
====== JS ERROR CAUGHT ======
Unhandled Promise: TypeError: Failed to fetch
=============================
====== JS ERROR CAUGHT ======
Unhandled Promise: TypeError: Failed to fetch
=============================
====== JS ERROR CAUGHT ======
Unhandled Promise: TypeError: Failed to fetch
=============================
====== JS ERROR CAUGHT ======
Unhandled Promise: TypeError: Failed to fetch
=============================
====== JS ERROR CAUGHT ======
Unhandled Promise: TypeError: Failed to fetch
=============================
====== JS ERROR CAUGHT ======
Unhandled Promise: TypeError: Failed to fetch
=============================
====== JS ERROR CAUGHT ======
Unhandled Promise: TypeError: Failed to fetch
=============================
====== JS ERROR CAUGHT ======
Unhandled Promise: TypeError: Failed to fetch
=============================
====== JS ERROR CAUGHT ======
Unhandled Promise: TypeError: Failed to fetch
=============================
====== JS ERROR CAUGHT ======
Unhandled Promise: TypeError: Failed to fetch
=============================
====== JS ERROR CAUGHT ======
Unhandled Promise: TypeError: Failed to fetch
=============================
====== JS ERROR CAUGHT ======
Unhandled Promise: TypeError: Failed to fetch
=============================
====== JS ERROR CAUGHT ======
Unhandled Promise: TypeError: Failed to fetch
=============================
====== JS ERROR CAUGHT ======
Unhandled Promise: TypeError: Failed to fetch
=============================
====== JS ERROR CAUGHT ======
Unhandled Promise: TypeError: Failed to fetch
=============================
====== JS ERROR CAUGHT ======
Unhandled Promise: TypeError: Failed to fetch
=============================
====== JS ERROR CAUGHT ======
Unhandled Promise: TypeError: Failed to fetch
=============================
====== JS ERROR CAUGHT ======
Unhandled Promise: TypeError: Failed to fetch
=============================
====== JS ERROR CAUGHT ======
Unhandled Promise: TypeError: Failed to fetch
=============================
====== JS ERROR CAUGHT ======
Unhandled Promise: TypeError: Failed to fetch
=============================
====== JS ERROR CAUGHT ======
Unhandled Promise: TypeError: Failed to fetch
=============================
====== JS ERROR CAUGHT ======
Unhandled Promise: TypeError: Failed to fetch
=============================
====== JS ERROR CAUGHT ======
Unhandled Promise: TypeError: Failed to fetch
=============================
====== JS ERROR CAUGHT ======
Unhandled Promise: TypeError: Failed to fetch
=============================
====== JS ERROR CAUGHT ======
Unhandled Promise: TypeError: Failed to fetch
=============================
====== JS ERROR CAUGHT ======
Unhandled Promise: TypeError: Failed to fetch
=============================
====== JS ERROR CAUGHT ======
Unhandled Promise: TypeError: Failed to fetch
=============================
====== JS ERROR CAUGHT ======
Unhandled Promise: TypeError: Failed to fetch
=============================
====== JS ERROR CAUGHT ======
Unhandled Promise: TypeError: Failed to fetch
=============================
====== JS ERROR CAUGHT ======
Unhandled Promise: TypeError: Failed to fetch
=============================
====== JS ERROR CAUGHT ======
Unhandled Promise: TypeError: Failed to fetch
=============================
====== JS ERROR CAUGHT ======
Unhandled Promise: TypeError: Failed to fetch
=============================
====== JS ERROR CAUGHT ======
Unhandled Promise: TypeError: Failed to fetch
=============================
====== JS ERROR CAUGHT ======
Unhandled Promise: TypeError: Failed to fetch
=============================
====== JS ERROR CAUGHT ======
Unhandled Promise: TypeError: Failed to fetch
=============================
====== JS ERROR CAUGHT ======
Unhandled Promise: TypeError: Failed to fetch
=============================
====== JS ERROR CAUGHT ======
Unhandled Promise: TypeError: Failed to fetch
=============================
====== JS ERROR CAUGHT ======
Unhandled Promise: TypeError: Failed to fetch
=============================
====== JS ERROR CAUGHT ======
Unhandled Promise: TypeError: Failed to fetch
=============================
====== JS ERROR CAUGHT ======
Unhandled Promise: TypeError: Failed to fetch
=============================
====== JS ERROR CAUGHT ======
Unhandled Promise: TypeError: Failed to fetch
=============================
====== JS ERROR CAUGHT ======
Unhandled Promise: TypeError: Failed to fetch
=============================
====== JS ERROR CAUGHT ======
Unhandled Promise: TypeError: Failed to fetch
=============================
====== JS ERROR CAUGHT ======
Unhandled Promise: TypeError: Failed to fetch
=============================
====== JS ERROR CAUGHT ======
Unhandled Promise: TypeError: Failed to fetch
=============================
====== JS ERROR CAUGHT ======
Unhandled Promise: TypeError: Failed to fetch
=============================
====== JS ERROR CAUGHT ======
Unhandled Promise: TypeError: Failed to fetch
=============================
====== JS ERROR CAUGHT ======
Unhandled Promise: TypeError: Failed to fetch
=============================
====== JS ERROR CAUGHT ======
Unhandled Promise: TypeError: Failed to fetch
=============================
====== JS ERROR CAUGHT ======
Unhandled Promise: TypeError: Failed to fetch
=============================
====== JS ERROR CAUGHT ======
Unhandled Promise: TypeError: Failed to fetch
=============================
====== JS ERROR CAUGHT ======
Unhandled Promise: TypeError: Failed to fetch
=============================
====== JS ERROR CAUGHT ======
Unhandled Promise: TypeError: Failed to fetch
=============================
====== JS ERROR CAUGHT ======
Unhandled Promise: TypeError: Failed to fetch
=============================
====== JS ERROR CAUGHT ======
Unhandled Promise: TypeError: Failed to fetch
=============================
====== JS ERROR CAUGHT ======
Unhandled Promise: TypeError: Failed to fetch
=============================
====== JS ERROR CAUGHT ======
Unhandled Promise: TypeError: Failed to fetch
=============================
====== JS ERROR CAUGHT ======
Unhandled Promise: TypeError: Failed to fetch
=============================
====== JS ERROR CAUGHT ======
Unhandled Promise: TypeError: Failed to fetch
=============================
====== JS ERROR CAUGHT ======
Unhandled Promise: TypeError: Failed to fetch
=============================
====== JS ERROR CAUGHT ======
Unhandled Promise: TypeError: Failed to fetch
=============================
====== JS ERROR CAUGHT ======
Unhandled Promise: TypeError: Failed to fetch
=============================
====== JS ERROR CAUGHT ======
Unhandled Promise: TypeError: Failed to fetch
=============================
====== JS ERROR CAUGHT ======
Unhandled Promise: TypeError: Failed to fetch
=============================
====== JS ERROR CAUGHT ======
Unhandled Promise: TypeError: Failed to fetch
=============================
====== JS ERROR CAUGHT ======
Unhandled Promise: TypeError: Failed to fetch
=============================
====== JS ERROR CAUGHT ======
Unhandled Promise: TypeError: Failed to fetch
=============================
====== JS ERROR CAUGHT ======
Unhandled Promise: TypeError: Failed to fetch
=============================
====== JS ERROR CAUGHT ======
Unhandled Promise: TypeError: Failed to fetch
=============================
====== JS ERROR CAUGHT ======
Unhandled Promise: TypeError: Failed to fetch
=============================
====== JS ERROR CAUGHT ======
Unhandled Promise: TypeError: Failed to fetch
=============================
====== JS ERROR CAUGHT ======
Unhandled Promise: TypeError: Failed to fetch
=============================
====== JS ERROR CAUGHT ======
Unhandled Promise: TypeError: Failed to fetch
=============================
====== JS ERROR CAUGHT ======
Unhandled Promise: TypeError: Failed to fetch
=============================
====== JS ERROR CAUGHT ======
Unhandled Promise: TypeError: Failed to fetch
=============================
====== JS ERROR CAUGHT ======
Unhandled Promise: TypeError: Failed to fetch
=============================
====== JS ERROR CAUGHT ======
Unhandled Promise: TypeError: Failed to fetch
=============================
====== JS ERROR CAUGHT ======
Unhandled Promise: TypeError: Failed to fetch
=============================
====== JS ERROR CAUGHT ======
Unhandled Promise: TypeError: Failed to fetch
=============================
====== JS ERROR CAUGHT ======
Unhandled Promise: TypeError: Failed to fetch
=============================
====== JS ERROR CAUGHT ======
Unhandled Promise: TypeError: Failed to fetch
=============================
====== JS ERROR CAUGHT ======
Unhandled Promise: TypeError: Failed to fetch
=============================
====== JS ERROR CAUGHT ======
Unhandled Promise: TypeError: Failed to fetch
=============================
====== JS ERROR CAUGHT ======
Unhandled Promise: TypeError: Failed to fetch
=============================
====== JS ERROR CAUGHT ======
Unhandled Promise: TypeError: Failed to fetch
=============================
====== JS ERROR CAUGHT ======
Unhandled Promise: TypeError: Failed to fetch
=============================
====== JS ERROR CAUGHT ======
Unhandled Promise: TypeError: Failed to fetch
=============================
====== JS ERROR CAUGHT ======
Unhandled Promise: TypeError: Failed to fetch
=============================
====== JS ERROR CAUGHT ======
Unhandled Promise: TypeError: Failed to fetch
=============================
====== JS ERROR CAUGHT ======
Unhandled Promise: TypeError: Failed to fetch
=============================
====== JS ERROR CAUGHT ======
Unhandled Promise: TypeError: Failed to fetch
=============================
====== JS ERROR CAUGHT ======
Unhandled Promise: TypeError: Failed to fetch
=============================
====== JS ERROR CAUGHT ======
Unhandled Promise: TypeError: Failed to fetch
=============================
====== JS ERROR CAUGHT ======
Unhandled Promise: TypeError: Failed to fetch
=============================
====== JS ERROR CAUGHT ======
Unhandled Promise: TypeError: Failed to fetch
=============================
====== JS ERROR CAUGHT ======
Unhandled Promise: TypeError: Failed to fetch
=============================
====== JS ERROR CAUGHT ======
Unhandled Promise: TypeError: Failed to fetch
=============================
====== JS ERROR CAUGHT ======
Unhandled Promise: TypeError: Failed to fetch
=============================
====== JS ERROR CAUGHT ======
Unhandled Promise: TypeError: Failed to fetch
=============================
====== JS ERROR CAUGHT ======
Unhandled Promise: TypeError: Failed to fetch
=============================
====== JS ERROR CAUGHT ======
Unhandled Promise: TypeError: Failed to fetch
=============================
====== JS ERROR CAUGHT ======
Unhandled Promise: TypeError: Failed to fetch
=============================
====== JS ERROR CAUGHT ======
Unhandled Promise: TypeError: Failed to fetch
=============================
====== JS ERROR CAUGHT ======
Unhandled Promise: TypeError: Failed to fetch
=============================
====== JS ERROR CAUGHT ======
Unhandled Promise: TypeError: Failed to fetch
=============================
====== JS ERROR CAUGHT ======
Unhandled Promise: TypeError: Failed to fetch
=============================
====== JS ERROR CAUGHT ======
Unhandled Promise: TypeError: Failed to fetch
=============================
====== JS ERROR CAUGHT ======
Unhandled Promise: TypeError: Failed to fetch
=============================
====== JS ERROR CAUGHT ======
Unhandled Promise: TypeError: Failed to fetch
=============================
====== JS ERROR CAUGHT ======
Unhandled Promise: TypeError: Failed to fetch
=============================
====== JS ERROR CAUGHT ======
Unhandled Promise: TypeError: Failed to fetch
=============================
====== JS ERROR CAUGHT ======
Unhandled Promise: TypeError: Failed to fetch
=============================
====== JS ERROR CAUGHT ======
Unhandled Promise: TypeError: Failed to fetch
=============================
====== JS ERROR CAUGHT ======
Unhandled Promise: TypeError: Failed to fetch
=============================
====== JS ERROR CAUGHT ======
Unhandled Promise: TypeError: Failed to fetch
=============================
====== JS ERROR CAUGHT ======
Unhandled Promise: TypeError: Failed to fetch
=============================
====== JS ERROR CAUGHT ======
Unhandled Promise: TypeError: Failed to fetch
=============================
====== JS ERROR CAUGHT ======
Unhandled Promise: TypeError: Failed to fetch
=============================
====== JS ERROR CAUGHT ======
Unhandled Promise: TypeError: Failed to fetch
=============================
====== JS ERROR CAUGHT ======
Unhandled Promise: TypeError: Failed to fetch
=============================
====== JS ERROR CAUGHT ======
Unhandled Promise: TypeError: Failed to fetch
=============================
====== JS ERROR CAUGHT ======
Unhandled Promise: TypeError: Failed to fetch
=============================
====== JS ERROR CAUGHT ======
Unhandled Promise: TypeError: Failed to fetch
=============================
====== JS ERROR CAUGHT ======
Unhandled Promise: TypeError: Failed to fetch
=============================
====== JS ERROR CAUGHT ======
Unhandled Promise: TypeError: Failed to fetch
=============================
====== JS ERROR CAUGHT ======
Unhandled Promise: TypeError: Failed to fetch
=============================
====== JS ERROR CAUGHT ======
Unhandled Promise: TypeError: Failed to fetch
=============================
====== JS ERROR CAUGHT ======
Unhandled Promise: TypeError: Failed to fetch
=============================
====== JS ERROR CAUGHT ======
Unhandled Promise: TypeError: Failed to fetch
=============================
====== JS ERROR CAUGHT ======
Unhandled Promise: TypeError: Failed to fetch
=============================
====== JS ERROR CAUGHT ======
Unhandled Promise: TypeError: Failed to fetch
=============================
====== JS ERROR CAUGHT ======
Unhandled Promise: TypeError: Failed to fetch
=============================
====== JS ERROR CAUGHT ======
Unhandled Promise: TypeError: Failed to fetch
=============================
====== JS ERROR CAUGHT ======
Unhandled Promise: TypeError: Failed to fetch
=============================
====== JS ERROR CAUGHT ======
Unhandled Promise: TypeError: Failed to fetch
=============================
====== JS ERROR CAUGHT ======
Unhandled Promise: TypeError: Failed to fetch
=============================
====== JS ERROR CAUGHT ======
Unhandled Promise: TypeError: Failed to fetch
=============================
====== JS ERROR CAUGHT ======
Unhandled Promise: TypeError: Failed to fetch
=============================
====== JS ERROR CAUGHT ======
Unhandled Promise: TypeError: Failed to fetch
=============================
====== JS ERROR CAUGHT ======
Unhandled Promise: TypeError: Failed to fetch
=============================
====== JS ERROR CAUGHT ======
Unhandled Promise: TypeError: Failed to fetch
=============================
====== JS ERROR CAUGHT ======
Unhandled Promise: TypeError: Failed to fetch
=============================
====== JS ERROR CAUGHT ======
Unhandled Promise: TypeError: Failed to fetch
=============================
====== JS ERROR CAUGHT ======
Unhandled Promise: TypeError: Failed to fetch
=============================
====== JS ERROR CAUGHT ======
Unhandled Promise: TypeError: Failed to fetch
=============================
====== JS ERROR CAUGHT ======
Unhandled Promise: TypeError: Failed to fetch
=============================
====== JS ERROR CAUGHT ======
Unhandled Promise: TypeError: Failed to fetch
=============================
====== JS ERROR CAUGHT ======
Unhandled Promise: TypeError: Failed to fetch
=============================
====== JS ERROR CAUGHT ======
Unhandled Promise: TypeError: Failed to fetch
=============================
====== JS ERROR CAUGHT ======
Unhandled Promise: TypeError: Failed to fetch
=============================
====== JS ERROR CAUGHT ======
Unhandled Promise: TypeError: Failed to fetch
=============================
====== JS ERROR CAUGHT ======
Unhandled Promise: TypeError: Failed to fetch
=============================
====== JS ERROR CAUGHT ======
Unhandled Promise: TypeError: Failed to fetch
=============================
====== JS ERROR CAUGHT ======
Unhandled Promise: TypeError: Failed to fetch
=============================
====== JS ERROR CAUGHT ======
Unhandled Promise: TypeError: Failed to fetch
=============================
====== JS ERROR CAUGHT ======
Unhandled Promise: TypeError: Failed to fetch
=============================
====== JS ERROR CAUGHT ======
Unhandled Promise: TypeError: Failed to fetch
=============================
====== JS ERROR CAUGHT ======
Unhandled Promise: TypeError: Failed to fetch
=============================
====== JS ERROR CAUGHT ======
Unhandled Promise: TypeError: Failed to fetch
=============================
====== JS ERROR CAUGHT ======
Unhandled Promise: TypeError: Failed to fetch
=============================
====== JS ERROR CAUGHT ======
Unhandled Promise: TypeError: Failed to fetch
=============================
====== JS ERROR CAUGHT ======
Unhandled Promise: TypeError: Failed to fetch
=============================
====== JS ERROR CAUGHT ======
Unhandled Promise: TypeError: Failed to fetch
=============================
====== JS ERROR CAUGHT ======
Unhandled Promise: TypeError: Failed to fetch
=============================
====== JS ERROR CAUGHT ======
Unhandled Promise: TypeError: Failed to fetch
=============================
====== JS ERROR CAUGHT ======
Unhandled Promise: TypeError: Failed to fetch
=============================
====== JS ERROR CAUGHT ======
Unhandled Promise: TypeError: Failed to fetch
=============================
====== JS ERROR CAUGHT ======
Unhandled Promise: TypeError: Failed to fetch
=============================
====== JS ERROR CAUGHT ======
Unhandled Promise: TypeError: Failed to fetch
=============================
====== JS ERROR CAUGHT ======
Unhandled Promise: TypeError: Failed to fetch
=============================
====== JS ERROR CAUGHT ======
Unhandled Promise: TypeError: Failed to fetch
=============================
====== JS ERROR CAUGHT ======
Unhandled Promise: TypeError: Failed to fetch
=============================
====== JS ERROR CAUGHT ======
Unhandled Promise: TypeError: Failed to fetch
=============================
====== JS ERROR CAUGHT ======
Unhandled Promise: TypeError: Failed to fetch
=============================
====== JS ERROR CAUGHT ======
Unhandled Promise: TypeError: Failed to fetch
=============================
====== JS ERROR CAUGHT ======
Unhandled Promise: TypeError: Failed to fetch
=============================
====== JS ERROR CAUGHT ======
Unhandled Promise: TypeError: Failed to fetch
=============================
====== JS ERROR CAUGHT ======
Unhandled Promise: TypeError: Failed to fetch
=============================
====== JS ERROR CAUGHT ======
Unhandled Promise: TypeError: Failed to fetch
=============================
====== JS ERROR CAUGHT ======
Unhandled Promise: TypeError: Failed to fetch
=============================
====== JS ERROR CAUGHT ======
Unhandled Promise: TypeError: Failed to fetch
=============================
====== JS ERROR CAUGHT ======
Unhandled Promise: TypeError: Failed to fetch
=============================
====== JS ERROR CAUGHT ======
Unhandled Promise: TypeError: Failed to fetch
=============================
====== JS ERROR CAUGHT ======
Unhandled Promise: TypeError: Failed to fetch
=============================
====== JS ERROR CAUGHT ======
Unhandled Promise: TypeError: Failed to fetch
=============================
====== JS ERROR CAUGHT ======
Unhandled Promise: TypeError: Failed to fetch
=============================
====== JS ERROR CAUGHT ======
Unhandled Promise: TypeError: Failed to fetch
=============================
====== JS ERROR CAUGHT ======
Unhandled Promise: TypeError: Failed to fetch
=============================
====== JS ERROR CAUGHT ======
Unhandled Promise: TypeError: Failed to fetch
=============================
====== JS ERROR CAUGHT ======
Unhandled Promise: TypeError: Failed to fetch
=============================
====== JS ERROR CAUGHT ======
Unhandled Promise: TypeError: Failed to fetch
=============================
====== JS ERROR CAUGHT ======
Unhandled Promise: TypeError: Failed to fetch
=============================
====== JS ERROR CAUGHT ======
Unhandled Promise: TypeError: Failed to fetch
=============================
====== JS ERROR CAUGHT ======
Unhandled Promise: TypeError: Failed to fetch
=============================
====== JS ERROR CAUGHT ======
Unhandled Promise: TypeError: Failed to fetch
=============================
====== JS ERROR CAUGHT ======
Unhandled Promise: TypeError: Failed to fetch
=============================
====== JS ERROR CAUGHT ======
Unhandled Promise: TypeError: Failed to fetch
=============================
====== JS ERROR CAUGHT ======
Unhandled Promise: TypeError: Failed to fetch
=============================
====== JS ERROR CAUGHT ======
Unhandled Promise: TypeError: Failed to fetch
=============================
====== JS ERROR CAUGHT ======
Unhandled Promise: TypeError: Failed to fetch
=============================
====== JS ERROR CAUGHT ======
Unhandled Promise: TypeError: Failed to fetch
=============================
====== JS ERROR CAUGHT ======
Unhandled Promise: TypeError: Failed to fetch
=============================
====== JS ERROR CAUGHT ======
Unhandled Promise: TypeError: Failed to fetch
=============================
====== JS ERROR CAUGHT ======
Unhandled Promise: TypeError: Failed to fetch
=============================
====== JS ERROR CAUGHT ======
Unhandled Promise: TypeError: Failed to fetch
=============================
====== JS ERROR CAUGHT ======
Unhandled Promise: TypeError: Failed to fetch
=============================
====== JS ERROR CAUGHT ======
Unhandled Promise: TypeError: Failed to fetch
=============================
====== JS ERROR CAUGHT ======
Unhandled Promise: TypeError: Failed to fetch
=============================
====== JS ERROR CAUGHT ======
Unhandled Promise: TypeError: Failed to fetch
=============================
====== JS ERROR CAUGHT ======
Unhandled Promise: TypeError: Failed to fetch
=============================
====== JS ERROR CAUGHT ======
Unhandled Promise: TypeError: Failed to fetch
=============================
====== JS ERROR CAUGHT ======
Unhandled Promise: TypeError: Failed to fetch
=============================
====== JS ERROR CAUGHT ======
Unhandled Promise: TypeError: Failed to fetch
=============================
====== JS ERROR CAUGHT ======
Unhandled Promise: TypeError: Failed to fetch
=============================
====== JS ERROR CAUGHT ======
Unhandled Promise: TypeError: Failed to fetch
=============================
====== JS ERROR CAUGHT ======
Unhandled Promise: TypeError: Failed to fetch
=============================
====== JS ERROR CAUGHT ======
Unhandled Promise: TypeError: Failed to fetch
=============================
====== JS ERROR CAUGHT ======
Unhandled Promise: TypeError: Failed to fetch
=============================
====== JS ERROR CAUGHT ======
Unhandled Promise: TypeError: Failed to fetch
=============================
====== JS ERROR CAUGHT ======
Unhandled Promise: TypeError: Failed to fetch
=============================
====== JS ERROR CAUGHT ======
Unhandled Promise: TypeError: Failed to fetch
=============================
====== JS ERROR CAUGHT ======
Unhandled Promise: TypeError: Failed to fetch
=============================
====== JS ERROR CAUGHT ======
Unhandled Promise: TypeError: Failed to fetch
=============================
====== JS ERROR CAUGHT ======
Unhandled Promise: TypeError: Failed to fetch
=============================
====== JS ERROR CAUGHT ======
Unhandled Promise: TypeError: Failed to fetch
=============================
====== JS ERROR CAUGHT ======
Unhandled Promise: TypeError: Failed to fetch
=============================
====== JS ERROR CAUGHT ======
Unhandled Promise: TypeError: Failed to fetch
=============================
====== JS ERROR CAUGHT ======
Unhandled Promise: TypeError: Failed to fetch
=============================
====== JS ERROR CAUGHT ======
Unhandled Promise: TypeError: Failed to fetch
=============================
====== JS ERROR CAUGHT ======
Unhandled Promise: TypeError: Failed to fetch
=============================
====== JS ERROR CAUGHT ======
Unhandled Promise: TypeError: Failed to fetch
=============================
====== JS ERROR CAUGHT ======
Unhandled Promise: TypeError: Failed to fetch
=============================
====== JS ERROR CAUGHT ======
Unhandled Promise: TypeError: Failed to fetch
=============================
====== JS ERROR CAUGHT ======
Unhandled Promise: TypeError: Failed to fetch
=============================
====== JS ERROR CAUGHT ======
Unhandled Promise: TypeError: Failed to fetch
=============================
====== JS ERROR CAUGHT ======
Unhandled Promise: TypeError: Failed to fetch
=============================
====== JS ERROR CAUGHT ======
Unhandled Promise: TypeError: Failed to fetch
=============================
====== JS ERROR CAUGHT ======
Unhandled Promise: TypeError: Failed to fetch
=============================
====== JS ERROR CAUGHT ======
Unhandled Promise: TypeError: Failed to fetch
=============================
====== JS ERROR CAUGHT ======
Unhandled Promise: TypeError: Failed to fetch
=============================
====== JS ERROR CAUGHT ======
Unhandled Promise: TypeError: Failed to fetch
=============================
====== JS ERROR CAUGHT ======
Unhandled Promise: TypeError: Failed to fetch
=============================
====== JS ERROR CAUGHT ======
Unhandled Promise: TypeError: Failed to fetch
=============================
====== JS ERROR CAUGHT ======
Unhandled Promise: TypeError: Failed to fetch
=============================
====== JS ERROR CAUGHT ======
Unhandled Promise: TypeError: Failed to fetch
=============================
====== JS ERROR CAUGHT ======
Unhandled Promise: TypeError: Failed to fetch
=============================
====== JS ERROR CAUGHT ======
Unhandled Promise: TypeError: Failed to fetch
=============================
====== JS ERROR CAUGHT ======
Unhandled Promise: TypeError: Failed to fetch
=============================
====== JS ERROR CAUGHT ======
Unhandled Promise: TypeError: Failed to fetch
=============================
====== JS ERROR CAUGHT ======
Unhandled Promise: TypeError: Failed to fetch
=============================
====== JS ERROR CAUGHT ======
Unhandled Promise: TypeError: Failed to fetch
=============================
====== JS ERROR CAUGHT ======
Unhandled Promise: TypeError: Failed to fetch
=============================
====== JS ERROR CAUGHT ======
Unhandled Promise: TypeError: Failed to fetch
=============================
====== JS ERROR CAUGHT ======
Unhandled Promise: TypeError: Failed to fetch
=============================
====== JS ERROR CAUGHT ======
Unhandled Promise: TypeError: Failed to fetch
=============================
====== JS ERROR CAUGHT ======
Unhandled Promise: TypeError: Failed to fetch
=============================
====== JS ERROR CAUGHT ======
Unhandled Promise: TypeError: Failed to fetch
=============================
====== JS ERROR CAUGHT ======
Unhandled Promise: TypeError: Failed to fetch
=============================
====== JS ERROR CAUGHT ======
Unhandled Promise: TypeError: Failed to fetch
=============================
====== JS ERROR CAUGHT ======
Unhandled Promise: TypeError: Failed to fetch
=============================
====== JS ERROR CAUGHT ======
Unhandled Promise: TypeError: Failed to fetch
=============================
====== JS ERROR CAUGHT ======
Unhandled Promise: TypeError: Failed to fetch
=============================
====== JS ERROR CAUGHT ======
Unhandled Promise: TypeError: Failed to fetch
=============================
====== JS ERROR CAUGHT ======
Unhandled Promise: TypeError: Failed to fetch
=============================
====== JS ERROR CAUGHT ======
Unhandled Promise: TypeError: Failed to fetch
=============================
====== JS ERROR CAUGHT ======
Unhandled Promise: TypeError: Failed to fetch
=============================
====== JS ERROR CAUGHT ======
Unhandled Promise: TypeError: Failed to fetch
=============================
====== JS ERROR CAUGHT ======
Unhandled Promise: TypeError: Failed to fetch
=============================
====== JS ERROR CAUGHT ======
Unhandled Promise: TypeError: Failed to fetch
=============================
====== JS ERROR CAUGHT ======
Unhandled Promise: TypeError: Failed to fetch
=============================
====== JS ERROR CAUGHT ======
Unhandled Promise: TypeError: Failed to fetch
=============================
====== JS ERROR CAUGHT ======
Unhandled Promise: TypeError: Failed to fetch
=============================
====== JS ERROR CAUGHT ======
Unhandled Promise: TypeError: Failed to fetch
=============================
====== JS ERROR CAUGHT ======
Unhandled Promise: TypeError: Failed to fetch
=============================
====== JS ERROR CAUGHT ======
Unhandled Promise: TypeError: Failed to fetch
=============================
====== JS ERROR CAUGHT ======
Unhandled Promise: TypeError: Failed to fetch
=============================
====== JS ERROR CAUGHT ======
Unhandled Promise: TypeError: Failed to fetch
=============================
====== JS ERROR CAUGHT ======
Unhandled Promise: TypeError: Failed to fetch
=============================
====== JS ERROR CAUGHT ======
Unhandled Promise: TypeError: Failed to fetch
=============================
====== JS ERROR CAUGHT ======
Unhandled Promise: TypeError: Failed to fetch
=============================
====== JS ERROR CAUGHT ======
Unhandled Promise: TypeError: Failed to fetch
=============================
====== JS ERROR CAUGHT ======
Unhandled Promise: TypeError: Failed to fetch
=============================
====== JS ERROR CAUGHT ======
Unhandled Promise: TypeError: Failed to fetch
=============================
====== JS ERROR CAUGHT ======
Unhandled Promise: TypeError: Failed to fetch
=============================
====== JS ERROR CAUGHT ======
Unhandled Promise: TypeError: Failed to fetch
=============================
====== JS ERROR CAUGHT ======
Unhandled Promise: TypeError: Failed to fetch
=============================
====== JS ERROR CAUGHT ======
Unhandled Promise: TypeError: Failed to fetch
=============================
====== JS ERROR CAUGHT ======
Unhandled Promise: TypeError: Failed to fetch
=============================
====== JS ERROR CAUGHT ======
Unhandled Promise: TypeError: Failed to fetch
=============================
====== JS ERROR CAUGHT ======
Unhandled Promise: TypeError: Failed to fetch
=============================
====== JS ERROR CAUGHT ======
Unhandled Promise: TypeError: Failed to fetch
=============================
====== JS ERROR CAUGHT ======
Unhandled Promise: TypeError: Failed to fetch
=============================
====== JS ERROR CAUGHT ======
Unhandled Promise: TypeError: Failed to fetch
=============================
====== JS ERROR CAUGHT ======
Unhandled Promise: TypeError: Failed to fetch
=============================
====== JS ERROR CAUGHT ======
Unhandled Promise: TypeError: Failed to fetch
=============================
====== JS ERROR CAUGHT ======
Unhandled Promise: TypeError: Failed to fetch
=============================
====== JS ERROR CAUGHT ======
Unhandled Promise: TypeError: Failed to fetch
=============================
====== JS ERROR CAUGHT ======
Unhandled Promise: TypeError: Failed to fetch
=============================
====== JS ERROR CAUGHT ======
Unhandled Promise: TypeError: Failed to fetch
=============================
====== JS ERROR CAUGHT ======
Unhandled Promise: TypeError: Failed to fetch
=============================
====== JS ERROR CAUGHT ======
Unhandled Promise: TypeError: Failed to fetch
=============================
====== JS ERROR CAUGHT ======
Unhandled Promise: TypeError: Failed to fetch
=============================
====== JS ERROR CAUGHT ======
Unhandled Promise: TypeError: Failed to fetch
=============================
====== JS ERROR CAUGHT ======
Unhandled Promise: TypeError: Failed to fetch
=============================
====== JS ERROR CAUGHT ======
Unhandled Promise: TypeError: Failed to fetch
=============================
====== JS ERROR CAUGHT ======
Unhandled Promise: TypeError: Failed to fetch
=============================
====== JS ERROR CAUGHT ======
Unhandled Promise: TypeError: Failed to fetch
=============================
====== JS ERROR CAUGHT ======
Unhandled Promise: TypeError: Failed to fetch
=============================
====== JS ERROR CAUGHT ======
Unhandled Promise: TypeError: Failed to fetch
=============================
====== JS ERROR CAUGHT ======
Unhandled Promise: TypeError: Failed to fetch
=============================
====== JS ERROR CAUGHT ======
Unhandled Promise: TypeError: Failed to fetch
=============================
====== JS ERROR CAUGHT ======
Unhandled Promise: TypeError: Failed to fetch
=============================
====== JS ERROR CAUGHT ======
Unhandled Promise: TypeError: Failed to fetch
=============================
====== JS ERROR CAUGHT ======
Unhandled Promise: TypeError: Failed to fetch
=============================
====== JS ERROR CAUGHT ======
Unhandled Promise: TypeError: Failed to fetch
=============================
====== JS ERROR CAUGHT ======
Unhandled Promise: TypeError: Failed to fetch
=============================
====== JS ERROR CAUGHT ======
Unhandled Promise: TypeError: Failed to fetch
=============================
====== JS ERROR CAUGHT ======
Unhandled Promise: TypeError: Failed to fetch
=============================
====== JS ERROR CAUGHT ======
Unhandled Promise: TypeError: Failed to fetch
=============================
====== JS ERROR CAUGHT ======
Unhandled Promise: TypeError: Failed to fetch
=============================
====== JS ERROR CAUGHT ======
Unhandled Promise: TypeError: Failed to fetch
=============================
====== JS ERROR CAUGHT ======
Unhandled Promise: TypeError: Failed to fetch
=============================
====== JS ERROR CAUGHT ======
Unhandled Promise: TypeError: Failed to fetch
=============================
====== JS ERROR CAUGHT ======
Unhandled Promise: TypeError: Failed to fetch
=============================
====== JS ERROR CAUGHT ======
Unhandled Promise: TypeError: Failed to fetch
=============================
====== JS ERROR CAUGHT ======
Unhandled Promise: TypeError: Failed to fetch
=============================
====== JS ERROR CAUGHT ======
Unhandled Promise: TypeError: Failed to fetch
=============================
====== JS ERROR CAUGHT ======
Unhandled Promise: TypeError: Failed to fetch
=============================
====== JS ERROR CAUGHT ======
Unhandled Promise: TypeError: Failed to fetch
=============================
====== JS ERROR CAUGHT ======
Unhandled Promise: TypeError: Failed to fetch
=============================
====== JS ERROR CAUGHT ======
Unhandled Promise: TypeError: Failed to fetch
=============================
====== JS ERROR CAUGHT ======
Unhandled Promise: TypeError: Failed to fetch
=============================
====== JS ERROR CAUGHT ======
Unhandled Promise: TypeError: Failed to fetch
=============================
====== JS ERROR CAUGHT ======
Unhandled Promise: TypeError: Failed to fetch
=============================
====== JS ERROR CAUGHT ======
Unhandled Promise: TypeError: Failed to fetch
=============================
====== JS ERROR CAUGHT ======
Unhandled Promise: TypeError: Failed to fetch
=============================
====== JS ERROR CAUGHT ======
Unhandled Promise: TypeError: Failed to fetch
=============================
====== JS ERROR CAUGHT ======
Unhandled Promise: TypeError: Failed to fetch
=============================
====== JS ERROR CAUGHT ======
Unhandled Promise: TypeError: Failed to fetch
=============================
====== JS ERROR CAUGHT ======
Unhandled Promise: TypeError: Failed to fetch
=============================
====== JS ERROR CAUGHT ======
Unhandled Promise: TypeError: Failed to fetch
=============================
====== JS ERROR CAUGHT ======
Unhandled Promise: TypeError: Failed to fetch
=============================
====== JS ERROR CAUGHT ======
Unhandled Promise: TypeError: Failed to fetch
=============================
====== JS ERROR CAUGHT ======
Unhandled Promise: TypeError: Failed to fetch
=============================
====== JS ERROR CAUGHT ======
Unhandled Promise: TypeError: Failed to fetch
=============================
====== JS ERROR CAUGHT ======
Unhandled Promise: TypeError: Failed to fetch
=============================
====== JS ERROR CAUGHT ======
Unhandled Promise: TypeError: Failed to fetch
=============================
====== JS ERROR CAUGHT ======
Unhandled Promise: TypeError: Failed to fetch
=============================
====== JS ERROR CAUGHT ======
Unhandled Promise: TypeError: Failed to fetch
=============================
====== JS ERROR CAUGHT ======
Unhandled Promise: TypeError: Failed to fetch
=============================
====== JS ERROR CAUGHT ======
Unhandled Promise: TypeError: Failed to fetch
=============================
====== JS ERROR CAUGHT ======
Unhandled Promise: TypeError: Failed to fetch
=============================
====== JS ERROR CAUGHT ======
Unhandled Promise: TypeError: Failed to fetch
=============================
====== JS ERROR CAUGHT ======
Unhandled Promise: TypeError: Failed to fetch
=============================
====== JS ERROR CAUGHT ======
Unhandled Promise: TypeError: Failed to fetch
=============================
====== JS ERROR CAUGHT ======
Unhandled Promise: TypeError: Failed to fetch
=============================
====== JS ERROR CAUGHT ======
Unhandled Promise: TypeError: Failed to fetch
=============================
====== JS ERROR CAUGHT ======
Unhandled Promise: TypeError: Failed to fetch
=============================
====== JS ERROR CAUGHT ======
Unhandled Promise: TypeError: Failed to fetch
=============================
====== JS ERROR CAUGHT ======
Unhandled Promise: TypeError: Failed to fetch
=============================
====== JS ERROR CAUGHT ======
Unhandled Promise: TypeError: Failed to fetch
=============================
====== JS ERROR CAUGHT ======
Unhandled Promise: TypeError: Failed to fetch
=============================
====== JS ERROR CAUGHT ======
Unhandled Promise: TypeError: Failed to fetch
=============================
====== JS ERROR CAUGHT ======
Unhandled Promise: TypeError: Failed to fetch
=============================
====== JS ERROR CAUGHT ======
Unhandled Promise: TypeError: Failed to fetch
=============================
====== JS ERROR CAUGHT ======
Unhandled Promise: TypeError: Failed to fetch
=============================
====== JS ERROR CAUGHT ======
Unhandled Promise: TypeError: Failed to fetch
=============================
====== JS ERROR CAUGHT ======
Unhandled Promise: TypeError: Failed to fetch
=============================
====== JS ERROR CAUGHT ======
Unhandled Promise: TypeError: Failed to fetch
=============================
====== JS ERROR CAUGHT ======
Unhandled Promise: TypeError: Failed to fetch
=============================
====== JS ERROR CAUGHT ======
Unhandled Promise: TypeError: Failed to fetch
=============================
====== JS ERROR CAUGHT ======
Unhandled Promise: TypeError: Failed to fetch
=============================
====== JS ERROR CAUGHT ======
Unhandled Promise: TypeError: Failed to fetch
=============================
====== JS ERROR CAUGHT ======
Unhandled Promise: TypeError: Failed to fetch
=============================
====== JS ERROR CAUGHT ======
Unhandled Promise: TypeError: Failed to fetch
=============================
====== JS ERROR CAUGHT ======
Unhandled Promise: TypeError: Failed to fetch
=============================
====== JS ERROR CAUGHT ======
Unhandled Promise: TypeError: Failed to fetch
=============================
====== JS ERROR CAUGHT ======
Unhandled Promise: TypeError: Failed to fetch
=============================
====== JS ERROR CAUGHT ======
Unhandled Promise: TypeError: Failed to fetch
=============================
====== JS ERROR CAUGHT ======
Unhandled Promise: TypeError: Failed to fetch
=============================
====== JS ERROR CAUGHT ======
Unhandled Promise: TypeError: Failed to fetch
=============================
====== JS ERROR CAUGHT ======
Unhandled Promise: TypeError: Failed to fetch
=============================
====== JS ERROR CAUGHT ======
Unhandled Promise: TypeError: Failed to fetch
=============================
====== JS ERROR CAUGHT ======
Unhandled Promise: TypeError: Failed to fetch
=============================
====== JS ERROR CAUGHT ======
Unhandled Promise: TypeError: Failed to fetch
=============================
====== JS ERROR CAUGHT ======
Unhandled Promise: TypeError: Failed to fetch
=============================
====== JS ERROR CAUGHT ======
Unhandled Promise: TypeError: Failed to fetch
=============================
====== JS ERROR CAUGHT ======
Unhandled Promise: TypeError: Failed to fetch
=============================
====== JS ERROR CAUGHT ======
Unhandled Promise: TypeError: Failed to fetch
=============================
====== JS ERROR CAUGHT ======
Unhandled Promise: TypeError: Failed to fetch
=============================
====== JS ERROR CAUGHT ======
Unhandled Promise: TypeError: Failed to fetch
=============================
====== JS ERROR CAUGHT ======
Unhandled Promise: TypeError: Failed to fetch
=============================
====== JS ERROR CAUGHT ======
Unhandled Promise: TypeError: Failed to fetch
=============================
====== JS ERROR CAUGHT ======
Unhandled Promise: TypeError: Failed to fetch
=============================
====== JS ERROR CAUGHT ======
Unhandled Promise: TypeError: Failed to fetch
=============================
====== JS ERROR CAUGHT ======
Unhandled Promise: TypeError: Failed to fetch
=============================
====== JS ERROR CAUGHT ======
Unhandled Promise: TypeError: Failed to fetch
=============================
====== JS ERROR CAUGHT ======
Unhandled Promise: TypeError: Failed to fetch
=============================
====== JS ERROR CAUGHT ======
Unhandled Promise: TypeError: Failed to fetch
=============================
====== JS ERROR CAUGHT ======
Unhandled Promise: TypeError: Failed to fetch
=============================
====== JS ERROR CAUGHT ======
Unhandled Promise: TypeError: Failed to fetch
=============================
====== JS ERROR CAUGHT ======
Unhandled Promise: TypeError: Failed to fetch
=============================
====== JS ERROR CAUGHT ======
Unhandled Promise: TypeError: Failed to fetch
=============================
====== JS ERROR CAUGHT ======
Unhandled Promise: TypeError: Failed to fetch
=============================
====== JS ERROR CAUGHT ======
Unhandled Promise: TypeError: Failed to fetch
=============================
====== JS ERROR CAUGHT ======
Unhandled Promise: TypeError: Failed to fetch
=============================
====== JS ERROR CAUGHT ======
Unhandled Promise: TypeError: Failed to fetch
=============================
====== JS ERROR CAUGHT ======
Unhandled Promise: TypeError: Failed to fetch
=============================
====== JS ERROR CAUGHT ======
Unhandled Promise: TypeError: Failed to fetch
=============================
====== JS ERROR CAUGHT ======
Unhandled Promise: TypeError: Failed to fetch
=============================
====== JS ERROR CAUGHT ======
Unhandled Promise: TypeError: Failed to fetch
=============================
====== JS ERROR CAUGHT ======
Unhandled Promise: TypeError: Failed to fetch
=============================
====== JS ERROR CAUGHT ======
Unhandled Promise: TypeError: Failed to fetch
=============================
====== JS ERROR CAUGHT ======
Unhandled Promise: TypeError: Failed to fetch
=============================
====== JS ERROR CAUGHT ======
Unhandled Promise: TypeError: Failed to fetch
=============================
====== JS ERROR CAUGHT ======
Unhandled Promise: TypeError: Failed to fetch
=============================
====== JS ERROR CAUGHT ======
Unhandled Promise: TypeError: Failed to fetch
=============================
====== JS ERROR CAUGHT ======
Unhandled Promise: TypeError: Failed to fetch
=============================
====== JS ERROR CAUGHT ======
Unhandled Promise: TypeError: Failed to fetch
=============================
====== JS ERROR CAUGHT ======
Unhandled Promise: TypeError: Failed to fetch
=============================
====== JS ERROR CAUGHT ======
Unhandled Promise: TypeError: Failed to fetch
=============================
====== JS ERROR CAUGHT ======
Unhandled Promise: TypeError: Failed to fetch
=============================
====== JS ERROR CAUGHT ======
Unhandled Promise: TypeError: Failed to fetch
=============================
====== JS ERROR CAUGHT ======
Unhandled Promise: TypeError: Failed to fetch
=============================
====== JS ERROR CAUGHT ======
Unhandled Promise: TypeError: Failed to fetch
=============================
====== JS ERROR CAUGHT ======
Unhandled Promise: TypeError: Failed to fetch
=============================
====== JS ERROR CAUGHT ======
Unhandled Promise: TypeError: Failed to fetch
=============================
====== JS ERROR CAUGHT ======
Unhandled Promise: TypeError: Failed to fetch
=============================
====== JS ERROR CAUGHT ======
Unhandled Promise: TypeError: Failed to fetch
=============================
====== JS ERROR CAUGHT ======
Unhandled Promise: TypeError: Failed to fetch
=============================
====== JS ERROR CAUGHT ======
Unhandled Promise: TypeError: Failed to fetch
=============================
====== JS ERROR CAUGHT ======
Unhandled Promise: TypeError: Failed to fetch
=============================
====== JS ERROR CAUGHT ======
Unhandled Promise: TypeError: Failed to fetch
=============================
====== JS ERROR CAUGHT ======
Unhandled Promise: TypeError: Failed to fetch
=============================
====== JS ERROR CAUGHT ======
Unhandled Promise: TypeError: Failed to fetch
=============================
====== JS ERROR CAUGHT ======
Unhandled Promise: TypeError: Failed to fetch
=============================
====== JS ERROR CAUGHT ======
Unhandled Promise: TypeError: Failed to fetch
=============================
====== JS ERROR CAUGHT ======
Unhandled Promise: TypeError: Failed to fetch
=============================
====== JS ERROR CAUGHT ======
Unhandled Promise: TypeError: Failed to fetch
=============================
====== JS ERROR CAUGHT ======
Unhandled Promise: TypeError: Failed to fetch
=============================
====== JS ERROR CAUGHT ======
Unhandled Promise: TypeError: Failed to fetch
=============================
====== JS ERROR CAUGHT ======
Unhandled Promise: TypeError: Failed to fetch
=============================
====== JS ERROR CAUGHT ======
Unhandled Promise: TypeError: Failed to fetch
=============================
====== JS ERROR CAUGHT ======
Unhandled Promise: TypeError: Failed to fetch
=============================
====== JS ERROR CAUGHT ======
Unhandled Promise: TypeError: Failed to fetch
=============================
====== JS ERROR CAUGHT ======
Unhandled Promise: TypeError: Failed to fetch
=============================
====== JS ERROR CAUGHT ======
Unhandled Promise: TypeError: Failed to fetch
=============================
====== JS ERROR CAUGHT ======
Unhandled Promise: TypeError: Failed to fetch
=============================
====== JS ERROR CAUGHT ======
Unhandled Promise: TypeError: Failed to fetch
=============================
====== JS ERROR CAUGHT ======
Unhandled Promise: TypeError: Failed to fetch
=============================
====== JS ERROR CAUGHT ======
Unhandled Promise: TypeError: Failed to fetch
=============================
====== JS ERROR CAUGHT ======
Unhandled Promise: TypeError: Failed to fetch
=============================
====== JS ERROR CAUGHT ======
Unhandled Promise: TypeError: Failed to fetch
=============================
====== JS ERROR CAUGHT ======
Unhandled Promise: TypeError: Failed to fetch
=============================
====== JS ERROR CAUGHT ======
Unhandled Promise: TypeError: Failed to fetch
=============================
====== JS ERROR CAUGHT ======
Unhandled Promise: TypeError: Failed to fetch
=============================
====== JS ERROR CAUGHT ======
Unhandled Promise: TypeError: Failed to fetch
=============================
====== JS ERROR CAUGHT ======
Unhandled Promise: TypeError: Failed to fetch
=============================
====== JS ERROR CAUGHT ======
Unhandled Promise: TypeError: Failed to fetch
=============================
====== JS ERROR CAUGHT ======
Unhandled Promise: TypeError: Failed to fetch
=============================
====== JS ERROR CAUGHT ======
Unhandled Promise: TypeError: Failed to fetch
=============================
====== JS ERROR CAUGHT ======
Unhandled Promise: TypeError: Failed to fetch
=============================
====== JS ERROR CAUGHT ======
Unhandled Promise: TypeError: Failed to fetch
=============================
====== JS ERROR CAUGHT ======
Unhandled Promise: TypeError: Failed to fetch
=============================
====== JS ERROR CAUGHT ======
Unhandled Promise: TypeError: Failed to fetch
=============================
====== JS ERROR CAUGHT ======
Unhandled Promise: TypeError: Failed to fetch
=============================
====== JS ERROR CAUGHT ======
Unhandled Promise: TypeError: Failed to fetch
=============================
====== JS ERROR CAUGHT ======
Unhandled Promise: TypeError: Failed to fetch
=============================
====== JS ERROR CAUGHT ======
Unhandled Promise: TypeError: Failed to fetch
=============================
====== JS ERROR CAUGHT ======
Unhandled Promise: TypeError: Failed to fetch
=============================
====== JS ERROR CAUGHT ======
Unhandled Promise: TypeError: Failed to fetch
=============================
====== JS ERROR CAUGHT ======
Unhandled Promise: TypeError: Failed to fetch
=============================
====== JS ERROR CAUGHT ======
Unhandled Promise: TypeError: Failed to fetch
=============================
====== JS ERROR CAUGHT ======
Unhandled Promise: TypeError: Failed to fetch
=============================
====== JS ERROR CAUGHT ======
Unhandled Promise: TypeError: Failed to fetch
=============================
====== JS ERROR CAUGHT ======
Unhandled Promise: TypeError: Failed to fetch
=============================
====== JS ERROR CAUGHT ======
Unhandled Promise: TypeError: Failed to fetch
=============================
====== JS ERROR CAUGHT ======
Unhandled Promise: TypeError: Failed to fetch
=============================
====== JS ERROR CAUGHT ======
Unhandled Promise: TypeError: Failed to fetch
=============================
====== JS ERROR CAUGHT ======
Unhandled Promise: TypeError: Failed to fetch
=============================
====== JS ERROR CAUGHT ======
Unhandled Promise: TypeError: Failed to fetch
=============================
====== JS ERROR CAUGHT ======
Unhandled Promise: TypeError: Failed to fetch
=============================
====== JS ERROR CAUGHT ======
Unhandled Promise: TypeError: Failed to fetch
=============================
====== JS ERROR CAUGHT ======
Unhandled Promise: TypeError: Failed to fetch
=============================
====== JS ERROR CAUGHT ======
Unhandled Promise: TypeError: Failed to fetch
=============================
====== JS ERROR CAUGHT ======
Unhandled Promise: TypeError: Failed to fetch
=============================
====== JS ERROR CAUGHT ======
Unhandled Promise: TypeError: Failed to fetch
=============================
====== JS ERROR CAUGHT ======
Unhandled Promise: TypeError: Failed to fetch
=============================
====== JS ERROR CAUGHT ======
Unhandled Promise: TypeError: Failed to fetch
=============================
====== JS ERROR CAUGHT ======
Unhandled Promise: TypeError: Failed to fetch
=============================
====== JS ERROR CAUGHT ======
Unhandled Promise: TypeError: Failed to fetch
=============================
====== JS ERROR CAUGHT ======
Unhandled Promise: TypeError: Failed to fetch
=============================
====== JS ERROR CAUGHT ======
Unhandled Promise: TypeError: Failed to fetch
=============================
====== JS ERROR CAUGHT ======
Unhandled Promise: TypeError: Failed to fetch
=============================
====== JS ERROR CAUGHT ======
Unhandled Promise: TypeError: Failed to fetch
=============================
====== JS ERROR CAUGHT ======
Unhandled Promise: TypeError: Failed to fetch
=============================
====== JS ERROR CAUGHT ======
Unhandled Promise: TypeError: Failed to fetch
=============================
====== JS ERROR CAUGHT ======
Unhandled Promise: TypeError: Failed to fetch
=============================
====== JS ERROR CAUGHT ======
Unhandled Promise: TypeError: Failed to fetch
=============================
====== JS ERROR CAUGHT ======
Unhandled Promise: TypeError: Failed to fetch
=============================
====== JS ERROR CAUGHT ======
Unhandled Promise: TypeError: Failed to fetch
=============================
====== JS ERROR CAUGHT ======
Unhandled Promise: TypeError: Failed to fetch
=============================
====== JS ERROR CAUGHT ======
Unhandled Promise: TypeError: Failed to fetch
=============================
====== JS ERROR CAUGHT ======
Unhandled Promise: TypeError: Failed to fetch
=============================
====== JS ERROR CAUGHT ======
Unhandled Promise: TypeError: Failed to fetch
=============================
====== JS ERROR CAUGHT ======
Unhandled Promise: TypeError: Failed to fetch
=============================
====== JS ERROR CAUGHT ======
Unhandled Promise: TypeError: Failed to fetch
=============================
====== JS ERROR CAUGHT ======
Unhandled Promise: TypeError: Failed to fetch
=============================
====== JS ERROR CAUGHT ======
Unhandled Promise: TypeError: Failed to fetch
=============================
====== JS ERROR CAUGHT ======
Unhandled Promise: TypeError: Failed to fetch
=============================
====== JS ERROR CAUGHT ======
Unhandled Promise: TypeError: Failed to fetch
=============================
====== JS ERROR CAUGHT ======
Unhandled Promise: TypeError: Failed to fetch
=============================
====== JS ERROR CAUGHT ======
Unhandled Promise: TypeError: Failed to fetch
=============================
====== JS ERROR CAUGHT ======
Unhandled Promise: TypeError: Failed to fetch
=============================
====== JS ERROR CAUGHT ======
Unhandled Promise: TypeError: Failed to fetch
=============================
====== JS ERROR CAUGHT ======
Unhandled Promise: TypeError: Failed to fetch
=============================
====== JS ERROR CAUGHT ======
Unhandled Promise: TypeError: Failed to fetch
=============================
====== JS ERROR CAUGHT ======
Unhandled Promise: TypeError: Failed to fetch
=============================
====== JS ERROR CAUGHT ======
Unhandled Promise: TypeError: Failed to fetch
=============================
====== JS ERROR CAUGHT ======
Unhandled Promise: TypeError: Failed to fetch
=============================
====== JS ERROR CAUGHT ======
Unhandled Promise: TypeError: Failed to fetch
=============================
====== JS ERROR CAUGHT ======
Unhandled Promise: TypeError: Failed to fetch
=============================
====== JS ERROR CAUGHT ======
Unhandled Promise: TypeError: Failed to fetch
=============================
====== JS ERROR CAUGHT ======
Unhandled Promise: TypeError: Failed to fetch
=============================
====== JS ERROR CAUGHT ======
Unhandled Promise: TypeError: Failed to fetch
=============================
====== JS ERROR CAUGHT ======
Unhandled Promise: TypeError: Failed to fetch
=============================
====== JS ERROR CAUGHT ======
Unhandled Promise: TypeError: Failed to fetch
=============================
====== JS ERROR CAUGHT ======
Unhandled Promise: TypeError: Failed to fetch
=============================
====== JS ERROR CAUGHT ======
Unhandled Promise: TypeError: Failed to fetch
=============================
====== JS ERROR CAUGHT ======
Unhandled Promise: TypeError: Failed to fetch
=============================
====== JS ERROR CAUGHT ======
Unhandled Promise: TypeError: Failed to fetch
=============================
====== JS ERROR CAUGHT ======
Unhandled Promise: TypeError: Failed to fetch
=============================
====== JS ERROR CAUGHT ======
Unhandled Promise: TypeError: Failed to fetch
=============================
====== JS ERROR CAUGHT ======
Unhandled Promise: TypeError: Failed to fetch
=============================
====== JS ERROR CAUGHT ======
Unhandled Promise: TypeError: Failed to fetch
=============================
====== JS ERROR CAUGHT ======
Unhandled Promise: TypeError: Failed to fetch
=============================
====== JS ERROR CAUGHT ======
Unhandled Promise: TypeError: Failed to fetch
=============================
====== JS ERROR CAUGHT ======
Unhandled Promise: TypeError: Failed to fetch
=============================
====== JS ERROR CAUGHT ======
Unhandled Promise: TypeError: Failed to fetch
=============================
====== JS ERROR CAUGHT ======
Unhandled Promise: TypeError: Failed to fetch
=============================
====== JS ERROR CAUGHT ======
Unhandled Promise: TypeError: Failed to fetch
=============================
====== JS ERROR CAUGHT ======
Unhandled Promise: TypeError: Failed to fetch
=============================
====== JS ERROR CAUGHT ======
Unhandled Promise: TypeError: Failed to fetch
=============================
====== JS ERROR CAUGHT ======
Unhandled Promise: TypeError: Failed to fetch
=============================
====== JS ERROR CAUGHT ======
Unhandled Promise: TypeError: Failed to fetch
=============================
====== JS ERROR CAUGHT ======
Unhandled Promise: TypeError: Failed to fetch
=============================
====== JS ERROR CAUGHT ======
Unhandled Promise: TypeError: Failed to fetch
=============================
====== JS ERROR CAUGHT ======
Unhandled Promise: TypeError: Failed to fetch
=============================
====== JS ERROR CAUGHT ======
Unhandled Promise: TypeError: Failed to fetch
=============================
====== JS ERROR CAUGHT ======
Unhandled Promise: TypeError: Failed to fetch
=============================
====== JS ERROR CAUGHT ======
Unhandled Promise: TypeError: Failed to fetch
=============================
====== JS ERROR CAUGHT ======
Unhandled Promise: TypeError: Failed to fetch
=============================
====== JS ERROR CAUGHT ======
Unhandled Promise: TypeError: Failed to fetch
=============================
====== JS ERROR CAUGHT ======
Unhandled Promise: TypeError: Failed to fetch
=============================
====== JS ERROR CAUGHT ======
Unhandled Promise: TypeError: Failed to fetch
=============================
====== JS ERROR CAUGHT ======
Unhandled Promise: TypeError: Failed to fetch
=============================
====== JS ERROR CAUGHT ======
Unhandled Promise: TypeError: Failed to fetch
=============================
====== JS ERROR CAUGHT ======
Unhandled Promise: TypeError: Failed to fetch
=============================
====== JS ERROR CAUGHT ======
Unhandled Promise: TypeError: Failed to fetch
=============================
====== JS ERROR CAUGHT ======
Unhandled Promise: TypeError: Failed to fetch
=============================
====== JS ERROR CAUGHT ======
Unhandled Promise: TypeError: Failed to fetch
=============================
====== JS ERROR CAUGHT ======
Unhandled Promise: TypeError: Failed to fetch
=============================
====== JS ERROR CAUGHT ======
Unhandled Promise: TypeError: Failed to fetch
=============================
====== JS ERROR CAUGHT ======
Unhandled Promise: TypeError: Failed to fetch
=============================
====== JS ERROR CAUGHT ======
Unhandled Promise: TypeError: Failed to fetch
=============================
====== JS ERROR CAUGHT ======
Unhandled Promise: TypeError: Failed to fetch
=============================
====== JS ERROR CAUGHT ======
Unhandled Promise: TypeError: Failed to fetch
=============================
====== JS ERROR CAUGHT ======
Unhandled Promise: TypeError: Failed to fetch
=============================
====== JS ERROR CAUGHT ======
Unhandled Promise: TypeError: Failed to fetch
=============================
====== JS ERROR CAUGHT ======
Unhandled Promise: TypeError: Failed to fetch
=============================
====== JS ERROR CAUGHT ======
Unhandled Promise: TypeError: Failed to fetch
=============================
====== JS ERROR CAUGHT ======
Unhandled Promise: TypeError: Failed to fetch
=============================
====== JS ERROR CAUGHT ======
Unhandled Promise: TypeError: Failed to fetch
=============================
====== JS ERROR CAUGHT ======
Unhandled Promise: TypeError: Failed to fetch
=============================
====== JS ERROR CAUGHT ======
Unhandled Promise: TypeError: Failed to fetch
=============================
====== JS ERROR CAUGHT ======
Unhandled Promise: TypeError: Failed to fetch
=============================
====== JS ERROR CAUGHT ======
Unhandled Promise: TypeError: Failed to fetch
=============================
====== JS ERROR CAUGHT ======
Unhandled Promise: TypeError: Failed to fetch
=============================
====== JS ERROR CAUGHT ======
Unhandled Promise: TypeError: Failed to fetch
=============================
====== JS ERROR CAUGHT ======
Unhandled Promise: TypeError: Failed to fetch
=============================
====== JS ERROR CAUGHT ======
Unhandled Promise: TypeError: Failed to fetch
=============================
====== JS ERROR CAUGHT ======
Unhandled Promise: TypeError: Failed to fetch
=============================
====== JS ERROR CAUGHT ======
Unhandled Promise: TypeError: Failed to fetch
=============================
====== JS ERROR CAUGHT ======
Unhandled Promise: TypeError: Failed to fetch
=============================
====== JS ERROR CAUGHT ======
Unhandled Promise: TypeError: Failed to fetch
=============================
====== JS ERROR CAUGHT ======
Unhandled Promise: TypeError: Failed to fetch
=============================
====== JS ERROR CAUGHT ======
Unhandled Promise: TypeError: Failed to fetch
=============================
====== JS ERROR CAUGHT ======
Unhandled Promise: TypeError: Failed to fetch
=============================
====== JS ERROR CAUGHT ======
Unhandled Promise: TypeError: Failed to fetch
=============================
====== JS ERROR CAUGHT ======
Unhandled Promise: TypeError: Failed to fetch
=============================
====== JS ERROR CAUGHT ======
Unhandled Promise: TypeError: Failed to fetch
=============================
====== JS ERROR CAUGHT ======
Unhandled Promise: TypeError: Failed to fetch
=============================
====== JS ERROR CAUGHT ======
Unhandled Promise: TypeError: Failed to fetch
=============================
====== JS ERROR CAUGHT ======
Unhandled Promise: TypeError: Failed to fetch
=============================
====== JS ERROR CAUGHT ======
Unhandled Promise: TypeError: Failed to fetch
=============================
====== JS ERROR CAUGHT ======
Unhandled Promise: TypeError: Failed to fetch
=============================
====== JS ERROR CAUGHT ======
Unhandled Promise: TypeError: Failed to fetch
=============================
====== JS ERROR CAUGHT ======
Unhandled Promise: TypeError: Failed to fetch
=============================
====== JS ERROR CAUGHT ======
Unhandled Promise: TypeError: Failed to fetch
=============================
====== JS ERROR CAUGHT ======
Unhandled Promise: TypeError: Failed to fetch
=============================
====== JS ERROR CAUGHT ======
Unhandled Promise: TypeError: Failed to fetch
=============================
====== JS ERROR CAUGHT ======
Unhandled Promise: TypeError: Failed to fetch
=============================
====== JS ERROR CAUGHT ======
Unhandled Promise: TypeError: Failed to fetch
=============================
====== JS ERROR CAUGHT ======
Unhandled Promise: TypeError: Failed to fetch
=============================
====== JS ERROR CAUGHT ======
Unhandled Promise: TypeError: Failed to fetch
=============================
====== JS ERROR CAUGHT ======
Unhandled Promise: TypeError: Failed to fetch
=============================
====== JS ERROR CAUGHT ======
Unhandled Promise: TypeError: Failed to fetch
=============================
====== JS ERROR CAUGHT ======
Unhandled Promise: TypeError: Failed to fetch
=============================
====== JS ERROR CAUGHT ======
Unhandled Promise: TypeError: Failed to fetch
=============================
====== JS ERROR CAUGHT ======
Unhandled Promise: TypeError: Failed to fetch
=============================
====== JS ERROR CAUGHT ======
Unhandled Promise: TypeError: Failed to fetch
=============================
====== JS ERROR CAUGHT ======
Unhandled Promise: TypeError: Failed to fetch
=============================
====== JS ERROR CAUGHT ======
Unhandled Promise: TypeError: Failed to fetch
=============================
====== JS ERROR CAUGHT ======
Unhandled Promise: TypeError: Failed to fetch
=============================
====== JS ERROR CAUGHT ======
Unhandled Promise: TypeError: Failed to fetch
=============================
====== JS ERROR CAUGHT ======
Unhandled Promise: TypeError: Failed to fetch
=============================
====== JS ERROR CAUGHT ======
Unhandled Promise: TypeError: Failed to fetch
=============================
====== JS ERROR CAUGHT ======
Unhandled Promise: TypeError: Failed to fetch
=============================
====== JS ERROR CAUGHT ======
Unhandled Promise: TypeError: Failed to fetch
=============================
====== JS ERROR CAUGHT ======
Unhandled Promise: TypeError: Failed to fetch
=============================
====== JS ERROR CAUGHT ======
Unhandled Promise: TypeError: Failed to fetch
=============================
====== JS ERROR CAUGHT ======
Unhandled Promise: TypeError: Failed to fetch
=============================
====== JS ERROR CAUGHT ======
Unhandled Promise: TypeError: Failed to fetch
=============================
====== JS ERROR CAUGHT ======
Unhandled Promise: TypeError: Failed to fetch
=============================
====== JS ERROR CAUGHT ======
Unhandled Promise: TypeError: Failed to fetch
=============================
====== JS ERROR CAUGHT ======
Unhandled Promise: TypeError: Failed to fetch
=============================
====== JS ERROR CAUGHT ======
Unhandled Promise: TypeError: Failed to fetch
=============================
====== JS ERROR CAUGHT ======
Unhandled Promise: TypeError: Failed to fetch
=============================
====== JS ERROR CAUGHT ======
Unhandled Promise: TypeError: Failed to fetch
=============================
====== JS ERROR CAUGHT ======
Unhandled Promise: TypeError: Failed to fetch
=============================
====== JS ERROR CAUGHT ======
Unhandled Promise: TypeError: Failed to fetch
=============================
====== JS ERROR CAUGHT ======
Unhandled Promise: TypeError: Failed to fetch
=============================
====== JS ERROR CAUGHT ======
Unhandled Promise: TypeError: Failed to fetch
=============================
====== JS ERROR CAUGHT ======
Unhandled Promise: TypeError: Failed to fetch
=============================
====== JS ERROR CAUGHT ======
Unhandled Promise: TypeError: Failed to fetch
=============================
====== JS ERROR CAUGHT ======
Unhandled Promise: TypeError: Failed to fetch
=============================
====== JS ERROR CAUGHT ======
Unhandled Promise: TypeError: Failed to fetch
=============================
====== JS ERROR CAUGHT ======
Unhandled Promise: TypeError: Failed to fetch
=============================
====== JS ERROR CAUGHT ======
Unhandled Promise: TypeError: Failed to fetch
=============================
====== JS ERROR CAUGHT ======
Unhandled Promise: TypeError: Failed to fetch
=============================
====== JS ERROR CAUGHT ======
Unhandled Promise: TypeError: Failed to fetch
=============================
====== JS ERROR CAUGHT ======
Unhandled Promise: TypeError: Failed to fetch
=============================
====== JS ERROR CAUGHT ======
Unhandled Promise: TypeError: Failed to fetch
=============================
====== JS ERROR CAUGHT ======
Unhandled Promise: TypeError: Failed to fetch
=============================
====== JS ERROR CAUGHT ======
Unhandled Promise: TypeError: Failed to fetch
=============================
====== JS ERROR CAUGHT ======
Unhandled Promise: TypeError: Failed to fetch
=============================
====== JS ERROR CAUGHT ======
Unhandled Promise: TypeError: Failed to fetch
=============================
====== JS ERROR CAUGHT ======
Unhandled Promise: TypeError: Failed to fetch
=============================
====== JS ERROR CAUGHT ======
Unhandled Promise: TypeError: Failed to fetch
=============================
====== JS ERROR CAUGHT ======
Unhandled Promise: TypeError: Failed to fetch
=============================
====== JS ERROR CAUGHT ======
Unhandled Promise: TypeError: Failed to fetch
=============================
====== JS ERROR CAUGHT ======
Unhandled Promise: TypeError: Failed to fetch
=============================
====== JS ERROR CAUGHT ======
Unhandled Promise: TypeError: Failed to fetch
=============================
====== JS ERROR CAUGHT ======
Unhandled Promise: TypeError: Failed to fetch
=============================
====== JS ERROR CAUGHT ======
Unhandled Promise: TypeError: Failed to fetch
=============================
====== JS ERROR CAUGHT ======
Unhandled Promise: TypeError: Failed to fetch
=============================
====== JS ERROR CAUGHT ======
Unhandled Promise: TypeError: Failed to fetch
=============================
====== JS ERROR CAUGHT ======
Unhandled Promise: TypeError: Failed to fetch
=============================
====== JS ERROR CAUGHT ======
Unhandled Promise: TypeError: Failed to fetch
=============================
====== JS ERROR CAUGHT ======
Unhandled Promise: TypeError: Failed to fetch
=============================
====== JS ERROR CAUGHT ======
Unhandled Promise: TypeError: Failed to fetch
=============================
====== JS ERROR CAUGHT ======
Unhandled Promise: TypeError: Failed to fetch
=============================
====== JS ERROR CAUGHT ======
Unhandled Promise: TypeError: Failed to fetch
=============================
====== JS ERROR CAUGHT ======
Unhandled Promise: TypeError: Failed to fetch
=============================
====== JS ERROR CAUGHT ======
Unhandled Promise: TypeError: Failed to fetch
=============================
====== JS ERROR CAUGHT ======
Unhandled Promise: TypeError: Failed to fetch
=============================
====== JS ERROR CAUGHT ======
Unhandled Promise: TypeError: Failed to fetch
=============================
====== JS ERROR CAUGHT ======
Unhandled Promise: TypeError: Failed to fetch
=============================
====== JS ERROR CAUGHT ======
Unhandled Promise: TypeError: Failed to fetch
=============================
====== JS ERROR CAUGHT ======
Unhandled Promise: TypeError: Failed to fetch
=============================
====== JS ERROR CAUGHT ======
Unhandled Promise: TypeError: Failed to fetch
=============================
====== JS ERROR CAUGHT ======
Unhandled Promise: TypeError: Failed to fetch
=============================
====== JS ERROR CAUGHT ======
Unhandled Promise: TypeError: Failed to fetch
=============================
====== JS ERROR CAUGHT ======
Unhandled Promise: TypeError: Failed to fetch
=============================
====== JS ERROR CAUGHT ======
Unhandled Promise: TypeError: Failed to fetch
=============================
====== JS ERROR CAUGHT ======
Unhandled Promise: TypeError: Failed to fetch
=============================
====== JS ERROR CAUGHT ======
Unhandled Promise: TypeError: Failed to fetch
=============================
====== JS ERROR CAUGHT ======
Unhandled Promise: TypeError: Failed to fetch
=============================
====== JS ERROR CAUGHT ======
Unhandled Promise: TypeError: Failed to fetch
=============================
====== JS ERROR CAUGHT ======
Unhandled Promise: TypeError: Failed to fetch
=============================
====== JS ERROR CAUGHT ======
Unhandled Promise: TypeError: Failed to fetch
=============================
====== JS ERROR CAUGHT ======
Unhandled Promise: TypeError: Failed to fetch
=============================
====== JS ERROR CAUGHT ======
Unhandled Promise: TypeError: Failed to fetch
=============================
====== JS ERROR CAUGHT ======
Unhandled Promise: TypeError: Failed to fetch
=============================
====== JS ERROR CAUGHT ======
Unhandled Promise: TypeError: Failed to fetch
=============================
====== JS ERROR CAUGHT ======
Unhandled Promise: TypeError: Failed to fetch
=============================
====== JS ERROR CAUGHT ======
Unhandled Promise: TypeError: Failed to fetch
=============================
====== JS ERROR CAUGHT ======
Unhandled Promise: TypeError: Failed to fetch
=============================
====== JS ERROR CAUGHT ======
Unhandled Promise: TypeError: Failed to fetch
=============================
====== JS ERROR CAUGHT ======
Unhandled Promise: TypeError: Failed to fetch
=============================
====== JS ERROR CAUGHT ======
Unhandled Promise: TypeError: Failed to fetch
=============================
====== JS ERROR CAUGHT ======
Unhandled Promise: TypeError: Failed to fetch
=============================
====== JS ERROR CAUGHT ======
Unhandled Promise: TypeError: Failed to fetch
=============================
====== JS ERROR CAUGHT ======
Unhandled Promise: TypeError: Failed to fetch
=============================
====== JS ERROR CAUGHT ======
Unhandled Promise: TypeError: Failed to fetch
=============================
====== JS ERROR CAUGHT ======
Unhandled Promise: TypeError: Failed to fetch
=============================
====== JS ERROR CAUGHT ======
Unhandled Promise: TypeError: Failed to fetch
=============================
====== JS ERROR CAUGHT ======
Unhandled Promise: TypeError: Failed to fetch
=============================
====== JS ERROR CAUGHT ======
Unhandled Promise: TypeError: Failed to fetch
=============================
====== JS ERROR CAUGHT ======
Unhandled Promise: TypeError: Failed to fetch
=============================
====== JS ERROR CAUGHT ======
Unhandled Promise: TypeError: Failed to fetch
=============================
====== JS ERROR CAUGHT ======
Unhandled Promise: TypeError: Failed to fetch
=============================
====== JS ERROR CAUGHT ======
Unhandled Promise: TypeError: Failed to fetch
=============================
====== JS ERROR CAUGHT ======
Unhandled Promise: TypeError: Failed to fetch
=============================
====== JS ERROR CAUGHT ======
Unhandled Promise: TypeError: Failed to fetch
=============================
====== JS ERROR CAUGHT ======
Unhandled Promise: TypeError: Failed to fetch
=============================
====== JS ERROR CAUGHT ======
Unhandled Promise: TypeError: Failed to fetch
=============================
====== JS ERROR CAUGHT ======
Unhandled Promise: TypeError: Failed to fetch
=============================
====== JS ERROR CAUGHT ======
Unhandled Promise: TypeError: Failed to fetch
=============================
====== JS ERROR CAUGHT ======
Unhandled Promise: TypeError: Failed to fetch
=============================
====== JS ERROR CAUGHT ======
Unhandled Promise: TypeError: Failed to fetch
=============================
====== JS ERROR CAUGHT ======
Unhandled Promise: TypeError: Failed to fetch
=============================
====== JS ERROR CAUGHT ======
Unhandled Promise: TypeError: Failed to fetch
=============================
====== JS ERROR CAUGHT ======
Unhandled Promise: TypeError: Failed to fetch
=============================
====== JS ERROR CAUGHT ======
Unhandled Promise: TypeError: Failed to fetch
=============================
====== JS ERROR CAUGHT ======
Unhandled Promise: TypeError: Failed to fetch
=============================
====== JS ERROR CAUGHT ======
Unhandled Promise: TypeError: Failed to fetch
=============================
====== JS ERROR CAUGHT ======
Unhandled Promise: TypeError: Failed to fetch
=============================
====== JS ERROR CAUGHT ======
Unhandled Promise: TypeError: Failed to fetch
=============================
====== JS ERROR CAUGHT ======
Unhandled Promise: TypeError: Failed to fetch
=============================
====== JS ERROR CAUGHT ======
Unhandled Promise: TypeError: Failed to fetch
=============================
====== JS ERROR CAUGHT ======
Unhandled Promise: TypeError: Failed to fetch
=============================
====== JS ERROR CAUGHT ======
Unhandled Promise: TypeError: Failed to fetch
=============================
====== JS ERROR CAUGHT ======
Unhandled Promise: TypeError: Failed to fetch
=============================
====== JS ERROR CAUGHT ======
Unhandled Promise: TypeError: Failed to fetch
=============================
====== JS ERROR CAUGHT ======
Unhandled Promise: TypeError: Failed to fetch
=============================
====== JS ERROR CAUGHT ======
Unhandled Promise: TypeError: Failed to fetch
=============================
====== JS ERROR CAUGHT ======
Unhandled Promise: TypeError: Failed to fetch
=============================
====== JS ERROR CAUGHT ======
Unhandled Promise: TypeError: Failed to fetch
=============================
====== JS ERROR CAUGHT ======
Unhandled Promise: TypeError: Failed to fetch
=============================
====== JS ERROR CAUGHT ======
Unhandled Promise: TypeError: Failed to fetch
=============================
====== JS ERROR CAUGHT ======
Unhandled Promise: TypeError: Failed to fetch
=============================
====== JS ERROR CAUGHT ======
Unhandled Promise: TypeError: Failed to fetch
=============================
====== JS ERROR CAUGHT ======
Unhandled Promise: TypeError: Failed to fetch
=============================
====== JS ERROR CAUGHT ======
Unhandled Promise: TypeError: Failed to fetch
=============================
====== JS ERROR CAUGHT ======
Unhandled Promise: TypeError: Failed to fetch
=============================
====== JS ERROR CAUGHT ======
Unhandled Promise: TypeError: Failed to fetch
=============================
====== JS ERROR CAUGHT ======
Unhandled Promise: TypeError: Failed to fetch
=============================
====== JS ERROR CAUGHT ======
Unhandled Promise: TypeError: Failed to fetch
=============================
====== JS ERROR CAUGHT ======
Unhandled Promise: TypeError: Failed to fetch
=============================
====== JS ERROR CAUGHT ======
Unhandled Promise: TypeError: Failed to fetch
=============================
====== JS ERROR CAUGHT ======
Unhandled Promise: TypeError: Failed to fetch
=============================
====== JS ERROR CAUGHT ======
Unhandled Promise: TypeError: Failed to fetch
=============================
====== JS ERROR CAUGHT ======
Unhandled Promise: TypeError: Failed to fetch
=============================
====== JS ERROR CAUGHT ======
Unhandled Promise: TypeError: Failed to fetch
=============================
====== JS ERROR CAUGHT ======
Unhandled Promise: TypeError: Failed to fetch
=============================
====== JS ERROR CAUGHT ======
Unhandled Promise: TypeError: Failed to fetch
=============================
====== JS ERROR CAUGHT ======
Unhandled Promise: TypeError: Failed to fetch
=============================
====== JS ERROR CAUGHT ======
Unhandled Promise: TypeError: Failed to fetch
=============================
====== JS ERROR CAUGHT ======
Unhandled Promise: TypeError: Failed to fetch
=============================
====== JS ERROR CAUGHT ======
Unhandled Promise: TypeError: Failed to fetch
=============================
====== JS ERROR CAUGHT ======
Unhandled Promise: TypeError: Failed to fetch
=============================
====== JS ERROR CAUGHT ======
Unhandled Promise: TypeError: Failed to fetch
=============================
====== JS ERROR CAUGHT ======
Unhandled Promise: TypeError: Failed to fetch
=============================
====== JS ERROR CAUGHT ======
Unhandled Promise: TypeError: Failed to fetch
=============================
====== JS ERROR CAUGHT ======
Unhandled Promise: TypeError: Failed to fetch
=============================
====== JS ERROR CAUGHT ======
Unhandled Promise: TypeError: Failed to fetch
=============================
====== JS ERROR CAUGHT ======
Unhandled Promise: TypeError: Failed to fetch
=============================
====== JS ERROR CAUGHT ======
Unhandled Promise: TypeError: Failed to fetch
=============================
====== JS ERROR CAUGHT ======
Unhandled Promise: TypeError: Failed to fetch
=============================
====== JS ERROR CAUGHT ======
Unhandled Promise: TypeError: Failed to fetch
=============================
====== JS ERROR CAUGHT ======
Unhandled Promise: TypeError: Failed to fetch
=============================
====== JS ERROR CAUGHT ======
Unhandled Promise: TypeError: Failed to fetch
=============================
====== JS ERROR CAUGHT ======
Unhandled Promise: TypeError: Failed to fetch
=============================
====== JS ERROR CAUGHT ======
Unhandled Promise: TypeError: Failed to fetch
=============================
====== JS ERROR CAUGHT ======
Unhandled Promise: TypeError: Failed to fetch
=============================
====== JS ERROR CAUGHT ======
Unhandled Promise: TypeError: Failed to fetch
=============================
====== JS ERROR CAUGHT ======
Unhandled Promise: TypeError: Failed to fetch
=============================
====== JS ERROR CAUGHT ======
Unhandled Promise: TypeError: Failed to fetch
=============================
====== JS ERROR CAUGHT ======
Unhandled Promise: TypeError: Failed to fetch
=============================
====== JS ERROR CAUGHT ======
Unhandled Promise: TypeError: Failed to fetch
=============================
====== JS ERROR CAUGHT ======
Unhandled Promise: TypeError: Failed to fetch
=============================
====== JS ERROR CAUGHT ======
Unhandled Promise: TypeError: Failed to fetch
=============================
====== JS ERROR CAUGHT ======
Unhandled Promise: TypeError: Failed to fetch
=============================
====== JS ERROR CAUGHT ======
Unhandled Promise: TypeError: Failed to fetch
=============================
====== JS ERROR CAUGHT ======
Unhandled Promise: TypeError: Failed to fetch
=============================
====== JS ERROR CAUGHT ======
Unhandled Promise: TypeError: Failed to fetch
=============================
====== JS ERROR CAUGHT ======
Unhandled Promise: TypeError: Failed to fetch
=============================
====== JS ERROR CAUGHT ======
Unhandled Promise: TypeError: Failed to fetch
=============================
====== JS ERROR CAUGHT ======
Unhandled Promise: TypeError: Failed to fetch
=============================
====== JS ERROR CAUGHT ======
Unhandled Promise: TypeError: Failed to fetch
=============================
====== JS ERROR CAUGHT ======
Unhandled Promise: TypeError: Failed to fetch
=============================
====== JS ERROR CAUGHT ======
Unhandled Promise: TypeError: Failed to fetch
=============================
====== JS ERROR CAUGHT ======
Unhandled Promise: TypeError: Failed to fetch
=============================
====== JS ERROR CAUGHT ======
Unhandled Promise: TypeError: Failed to fetch
=============================
====== JS ERROR CAUGHT ======
Unhandled Promise: TypeError: Failed to fetch
=============================
====== JS ERROR CAUGHT ======
Unhandled Promise: TypeError: Failed to fetch
=============================
====== JS ERROR CAUGHT ======
Unhandled Promise: TypeError: Failed to fetch
=============================
====== JS ERROR CAUGHT ======
Unhandled Promise: TypeError: Failed to fetch
=============================
====== JS ERROR CAUGHT ======
Unhandled Promise: TypeError: Failed to fetch
=============================
====== JS ERROR CAUGHT ======
Unhandled Promise: TypeError: Failed to fetch
=============================
====== JS ERROR CAUGHT ======
Unhandled Promise: TypeError: Failed to fetch
=============================
====== JS ERROR CAUGHT ======
Unhandled Promise: TypeError: Failed to fetch
=============================
====== JS ERROR CAUGHT ======
Unhandled Promise: TypeError: Failed to fetch
=============================
====== JS ERROR CAUGHT ======
Unhandled Promise: TypeError: Failed to fetch
=============================
====== JS ERROR CAUGHT ======
Unhandled Promise: TypeError: Failed to fetch
=============================
====== JS ERROR CAUGHT ======
Unhandled Promise: TypeError: Failed to fetch
=============================
====== JS ERROR CAUGHT ======
Unhandled Promise: TypeError: Failed to fetch
=============================
====== JS ERROR CAUGHT ======
Unhandled Promise: TypeError: Failed to fetch
=============================
====== JS ERROR CAUGHT ======
Unhandled Promise: TypeError: Failed to fetch
=============================
====== JS ERROR CAUGHT ======
Unhandled Promise: TypeError: Failed to fetch
=============================
====== JS ERROR CAUGHT ======
Unhandled Promise: TypeError: Failed to fetch
=============================
====== JS ERROR CAUGHT ======
Unhandled Promise: TypeError: Failed to fetch
=============================
====== JS ERROR CAUGHT ======
Unhandled Promise: TypeError: Failed to fetch
=============================
====== JS ERROR CAUGHT ======
Unhandled Promise: TypeError: Failed to fetch
=============================
====== JS ERROR CAUGHT ======
Unhandled Promise: TypeError: Failed to fetch
=============================
====== JS ERROR CAUGHT ======
Unhandled Promise: TypeError: Failed to fetch
=============================
====== JS ERROR CAUGHT ======
Unhandled Promise: TypeError: Failed to fetch
=============================
====== JS ERROR CAUGHT ======
Unhandled Promise: TypeError: Failed to fetch
=============================
====== JS ERROR CAUGHT ======
Unhandled Promise: TypeError: Failed to fetch
=============================
====== JS ERROR CAUGHT ======
Unhandled Promise: TypeError: Failed to fetch
=============================
====== JS ERROR CAUGHT ======
Unhandled Promise: TypeError: Failed to fetch
=============================
====== JS ERROR CAUGHT ======
Unhandled Promise: TypeError: Failed to fetch
=============================
====== JS ERROR CAUGHT ======
Unhandled Promise: TypeError: Failed to fetch
=============================
====== JS ERROR CAUGHT ======
Unhandled Promise: TypeError: Failed to fetch
=============================
====== JS ERROR CAUGHT ======
Unhandled Promise: TypeError: Failed to fetch
=============================
====== JS ERROR CAUGHT ======
Unhandled Promise: TypeError: Failed to fetch
=============================
====== JS ERROR CAUGHT ======
Unhandled Promise: TypeError: Failed to fetch
=============================
====== JS ERROR CAUGHT ======
Unhandled Promise: TypeError: Failed to fetch
=============================
====== JS ERROR CAUGHT ======
Unhandled Promise: TypeError: Failed to fetch
=============================
====== JS ERROR CAUGHT ======
Unhandled Promise: TypeError: Failed to fetch
=============================
====== JS ERROR CAUGHT ======
Unhandled Promise: TypeError: Failed to fetch
=============================
====== JS ERROR CAUGHT ======
Unhandled Promise: TypeError: Failed to fetch
=============================
====== JS ERROR CAUGHT ======
Unhandled Promise: TypeError: Failed to fetch
=============================
====== JS ERROR CAUGHT ======
Unhandled Promise: TypeError: Failed to fetch
=============================
====== JS ERROR CAUGHT ======
Unhandled Promise: TypeError: Failed to fetch
=============================
====== JS ERROR CAUGHT ======
Unhandled Promise: TypeError: Failed to fetch
=============================
====== JS ERROR CAUGHT ======
Unhandled Promise: TypeError: Failed to fetch
=============================
====== JS ERROR CAUGHT ======
Unhandled Promise: TypeError: Failed to fetch
=============================
====== JS ERROR CAUGHT ======
Unhandled Promise: TypeError: Failed to fetch
=============================
====== JS ERROR CAUGHT ======
Unhandled Promise: TypeError: Failed to fetch
=============================
====== JS ERROR CAUGHT ======
Unhandled Promise: TypeError: Failed to fetch
=============================
====== JS ERROR CAUGHT ======
Unhandled Promise: TypeError: Failed to fetch
=============================
====== JS ERROR CAUGHT ======
Unhandled Promise: TypeError: Failed to fetch
=============================
====== JS ERROR CAUGHT ======
Unhandled Promise: TypeError: Failed to fetch
=============================
====== JS ERROR CAUGHT ======
Unhandled Promise: TypeError: Failed to fetch
=============================
====== JS ERROR CAUGHT ======
Unhandled Promise: TypeError: Failed to fetch
=============================
====== JS ERROR CAUGHT ======
Unhandled Promise: TypeError: Failed to fetch
=============================
====== JS ERROR CAUGHT ======
Unhandled Promise: TypeError: Failed to fetch
=============================
====== JS ERROR CAUGHT ======
Unhandled Promise: TypeError: Failed to fetch
=============================
====== JS ERROR CAUGHT ======
Unhandled Promise: TypeError: Failed to fetch
=============================
====== JS ERROR CAUGHT ======
Unhandled Promise: TypeError: Failed to fetch
=============================
====== JS ERROR CAUGHT ======
Unhandled Promise: TypeError: Failed to fetch
=============================
====== JS ERROR CAUGHT ======
Unhandled Promise: TypeError: Failed to fetch
=============================
====== JS ERROR CAUGHT ======
Unhandled Promise: TypeError: Failed to fetch
=============================
====== JS ERROR CAUGHT ======
Unhandled Promise: TypeError: Failed to fetch
=============================
====== JS ERROR CAUGHT ======
Unhandled Promise: TypeError: Failed to fetch
=============================
====== JS ERROR CAUGHT ======
Unhandled Promise: TypeError: Failed to fetch
=============================
====== JS ERROR CAUGHT ======
Unhandled Promise: TypeError: Failed to fetch
=============================
====== JS ERROR CAUGHT ======
Unhandled Promise: TypeError: Failed to fetch
=============================
====== JS ERROR CAUGHT ======
Unhandled Promise: TypeError: Failed to fetch
=============================
====== JS ERROR CAUGHT ======
Unhandled Promise: TypeError: Failed to fetch
=============================
====== JS ERROR CAUGHT ======
Unhandled Promise: TypeError: Failed to fetch
=============================
====== JS ERROR CAUGHT ======
Unhandled Promise: TypeError: Failed to fetch
=============================
====== JS ERROR CAUGHT ======
Unhandled Promise: TypeError: Failed to fetch
=============================
====== JS ERROR CAUGHT ======
Unhandled Promise: TypeError: Failed to fetch
=============================
====== JS ERROR CAUGHT ======
Unhandled Promise: TypeError: Failed to fetch
=============================
====== JS ERROR CAUGHT ======
Unhandled Promise: TypeError: Failed to fetch
=============================
====== JS ERROR CAUGHT ======
Unhandled Promise: TypeError: Failed to fetch
=============================
====== JS ERROR CAUGHT ======
Unhandled Promise: TypeError: Failed to fetch
=============================
====== JS ERROR CAUGHT ======
Unhandled Promise: TypeError: Failed to fetch
=============================
====== JS ERROR CAUGHT ======
Unhandled Promise: TypeError: Failed to fetch
=============================
====== JS ERROR CAUGHT ======
Unhandled Promise: TypeError: Failed to fetch
=============================
====== JS ERROR CAUGHT ======
Unhandled Promise: TypeError: Failed to fetch
=============================
====== JS ERROR CAUGHT ======
Unhandled Promise: TypeError: Failed to fetch
=============================
====== JS ERROR CAUGHT ======
Unhandled Promise: TypeError: Failed to fetch
=============================
====== JS ERROR CAUGHT ======
Unhandled Promise: TypeError: Failed to fetch
=============================
====== JS ERROR CAUGHT ======
Unhandled Promise: TypeError: Failed to fetch
=============================
====== JS ERROR CAUGHT ======
Unhandled Promise: TypeError: Failed to fetch
=============================
====== JS ERROR CAUGHT ======
Unhandled Promise: TypeError: Failed to fetch
=============================
====== JS ERROR CAUGHT ======
Unhandled Promise: TypeError: Failed to fetch
=============================
====== JS ERROR CAUGHT ======
Unhandled Promise: TypeError: Failed to fetch
=============================
====== JS ERROR CAUGHT ======
Unhandled Promise: TypeError: Failed to fetch
=============================
====== JS ERROR CAUGHT ======
Unhandled Promise: TypeError: Failed to fetch
=============================
====== JS ERROR CAUGHT ======
Unhandled Promise: TypeError: Failed to fetch
=============================
====== JS ERROR CAUGHT ======
Unhandled Promise: TypeError: Failed to fetch
=============================
====== JS ERROR CAUGHT ======
Unhandled Promise: TypeError: Failed to fetch
=============================
====== JS ERROR CAUGHT ======
Unhandled Promise: TypeError: Failed to fetch
=============================
====== JS ERROR CAUGHT ======
Unhandled Promise: TypeError: Failed to fetch
=============================
====== JS ERROR CAUGHT ======
Unhandled Promise: TypeError: Failed to fetch
=============================
====== JS ERROR CAUGHT ======
Unhandled Promise: TypeError: Failed to fetch
=============================
====== JS ERROR CAUGHT ======
Unhandled Promise: TypeError: Failed to fetch
=============================
====== JS ERROR CAUGHT ======
Unhandled Promise: TypeError: Failed to fetch
=============================
====== JS ERROR CAUGHT ======
Unhandled Promise: TypeError: Failed to fetch
=============================
====== JS ERROR CAUGHT ======
Unhandled Promise: TypeError: Failed to fetch
=============================
====== JS ERROR CAUGHT ======
Unhandled Promise: TypeError: Failed to fetch
=============================
====== JS ERROR CAUGHT ======
Unhandled Promise: TypeError: Failed to fetch
=============================
====== JS ERROR CAUGHT ======
Unhandled Promise: TypeError: Failed to fetch
=============================
====== JS ERROR CAUGHT ======
Unhandled Promise: TypeError: Failed to fetch
=============================
====== JS ERROR CAUGHT ======
Unhandled Promise: TypeError: Failed to fetch
=============================
====== JS ERROR CAUGHT ======
Unhandled Promise: TypeError: Failed to fetch
=============================
====== JS ERROR CAUGHT ======
Unhandled Promise: TypeError: Failed to fetch
=============================
====== JS ERROR CAUGHT ======
Unhandled Promise: TypeError: Failed to fetch
=============================
====== JS ERROR CAUGHT ======
Unhandled Promise: TypeError: Failed to fetch
=============================
====== JS ERROR CAUGHT ======
Unhandled Promise: TypeError: Failed to fetch
=============================
====== JS ERROR CAUGHT ======
Unhandled Promise: TypeError: Failed to fetch
=============================
====== JS ERROR CAUGHT ======
Unhandled Promise: TypeError: Failed to fetch
=============================
====== JS ERROR CAUGHT ======
Unhandled Promise: TypeError: Failed to fetch
=============================
====== JS ERROR CAUGHT ======
Unhandled Promise: TypeError: Failed to fetch
=============================
====== JS ERROR CAUGHT ======
Unhandled Promise: TypeError: Failed to fetch
=============================
====== JS ERROR CAUGHT ======
Unhandled Promise: TypeError: Failed to fetch
=============================
====== JS ERROR CAUGHT ======
Unhandled Promise: TypeError: Failed to fetch
=============================
====== JS ERROR CAUGHT ======
Unhandled Promise: TypeError: Failed to fetch
=============================
====== JS ERROR CAUGHT ======
Unhandled Promise: TypeError: Failed to fetch
=============================
====== JS ERROR CAUGHT ======
Unhandled Promise: TypeError: Failed to fetch
=============================
====== JS ERROR CAUGHT ======
Unhandled Promise: TypeError: Failed to fetch
=============================
====== JS ERROR CAUGHT ======
Unhandled Promise: TypeError: Failed to fetch
=============================
====== JS ERROR CAUGHT ======
Unhandled Promise: TypeError: Failed to fetch
=============================
====== JS ERROR CAUGHT ======
Unhandled Promise: TypeError: Failed to fetch
=============================
====== JS ERROR CAUGHT ======
Unhandled Promise: TypeError: Failed to fetch
=============================
====== JS ERROR CAUGHT ======
Unhandled Promise: TypeError: Failed to fetch
=============================
====== JS ERROR CAUGHT ======
Unhandled Promise: TypeError: Failed to fetch
=============================
====== JS ERROR CAUGHT ======
Unhandled Promise: TypeError: Failed to fetch
=============================
====== JS ERROR CAUGHT ======
Unhandled Promise: TypeError: Failed to fetch
=============================
====== JS ERROR CAUGHT ======
Unhandled Promise: TypeError: Failed to fetch
=============================
====== JS ERROR CAUGHT ======
Unhandled Promise: TypeError: Failed to fetch
=============================
====== JS ERROR CAUGHT ======
Unhandled Promise: TypeError: Failed to fetch
=============================
====== JS ERROR CAUGHT ======
Unhandled Promise: TypeError: Failed to fetch
=============================
====== JS ERROR CAUGHT ======
Unhandled Promise: TypeError: Failed to fetch
=============================
====== JS ERROR CAUGHT ======
Unhandled Promise: TypeError: Failed to fetch
=============================
====== JS ERROR CAUGHT ======
Unhandled Promise: TypeError: Failed to fetch
=============================
====== JS ERROR CAUGHT ======
Unhandled Promise: TypeError: Failed to fetch
=============================
====== JS ERROR CAUGHT ======
Unhandled Promise: TypeError: Failed to fetch
=============================
====== JS ERROR CAUGHT ======
Unhandled Promise: TypeError: Failed to fetch
=============================
====== JS ERROR CAUGHT ======
Unhandled Promise: TypeError: Failed to fetch
=============================
====== JS ERROR CAUGHT ======
Unhandled Promise: TypeError: Failed to fetch
=============================
====== JS ERROR CAUGHT ======
Unhandled Promise: TypeError: Failed to fetch
=============================
====== JS ERROR CAUGHT ======
Unhandled Promise: TypeError: Failed to fetch
=============================
====== JS ERROR CAUGHT ======
Unhandled Promise: TypeError: Failed to fetch
=============================
====== JS ERROR CAUGHT ======
Unhandled Promise: TypeError: Failed to fetch
=============================
====== JS ERROR CAUGHT ======
Unhandled Promise: TypeError: Failed to fetch
=============================
====== JS ERROR CAUGHT ======
Unhandled Promise: TypeError: Failed to fetch
=============================
====== JS ERROR CAUGHT ======
Unhandled Promise: TypeError: Failed to fetch
=============================
====== JS ERROR CAUGHT ======
Unhandled Promise: TypeError: Failed to fetch
=============================
====== JS ERROR CAUGHT ======
Unhandled Promise: TypeError: Failed to fetch
=============================
====== JS ERROR CAUGHT ======
Unhandled Promise: TypeError: Failed to fetch
=============================
====== JS ERROR CAUGHT ======
Unhandled Promise: TypeError: Failed to fetch
=============================
====== JS ERROR CAUGHT ======
Unhandled Promise: TypeError: Failed to fetch
=============================
====== JS ERROR CAUGHT ======
Unhandled Promise: TypeError: Failed to fetch
=============================
====== JS ERROR CAUGHT ======
Unhandled Promise: TypeError: Failed to fetch
=============================
====== JS ERROR CAUGHT ======
Unhandled Promise: TypeError: Failed to fetch
=============================
====== JS ERROR CAUGHT ======
Unhandled Promise: TypeError: Failed to fetch
=============================
====== JS ERROR CAUGHT ======
Unhandled Promise: TypeError: Failed to fetch
=============================
====== JS ERROR CAUGHT ======
Unhandled Promise: TypeError: Failed to fetch
=============================
====== JS ERROR CAUGHT ======
Unhandled Promise: TypeError: Failed to fetch
=============================
====== JS ERROR CAUGHT ======
Unhandled Promise: TypeError: Failed to fetch
=============================
====== JS ERROR CAUGHT ======
Unhandled Promise: TypeError: Failed to fetch
=============================
====== JS ERROR CAUGHT ======
Unhandled Promise: TypeError: Failed to fetch
=============================
====== JS ERROR CAUGHT ======
Unhandled Promise: TypeError: Failed to fetch
=============================
====== JS ERROR CAUGHT ======
Unhandled Promise: TypeError: Failed to fetch
=============================
====== JS ERROR CAUGHT ======
Unhandled Promise: TypeError: Failed to fetch
=============================
====== JS ERROR CAUGHT ======
Unhandled Promise: TypeError: Failed to fetch
=============================
====== JS ERROR CAUGHT ======
Unhandled Promise: TypeError: Failed to fetch
=============================
====== JS ERROR CAUGHT ======
Unhandled Promise: TypeError: Failed to fetch
=============================
====== JS ERROR CAUGHT ======
Unhandled Promise: TypeError: Failed to fetch
=============================
====== JS ERROR CAUGHT ======
Unhandled Promise: TypeError: Failed to fetch
=============================
====== JS ERROR CAUGHT ======
Unhandled Promise: TypeError: Failed to fetch
=============================
====== JS ERROR CAUGHT ======
Unhandled Promise: TypeError: Failed to fetch
=============================
====== JS ERROR CAUGHT ======
Unhandled Promise: TypeError: Failed to fetch
=============================
====== JS ERROR CAUGHT ======
Unhandled Promise: TypeError: Failed to fetch
=============================
====== JS ERROR CAUGHT ======
Unhandled Promise: TypeError: Failed to fetch
=============================
====== JS ERROR CAUGHT ======
Unhandled Promise: TypeError: Failed to fetch
=============================
====== JS ERROR CAUGHT ======
Unhandled Promise: TypeError: Failed to fetch
=============================
====== JS ERROR CAUGHT ======
Unhandled Promise: TypeError: Failed to fetch
=============================
====== JS ERROR CAUGHT ======
Unhandled Promise: TypeError: Failed to fetch
=============================
====== JS ERROR CAUGHT ======
Unhandled Promise: TypeError: Failed to fetch
=============================
====== JS ERROR CAUGHT ======
Unhandled Promise: TypeError: Failed to fetch
=============================
====== JS ERROR CAUGHT ======
Unhandled Promise: TypeError: Failed to fetch
=============================
====== JS ERROR CAUGHT ======
Unhandled Promise: TypeError: Failed to fetch
=============================
====== JS ERROR CAUGHT ======
Unhandled Promise: TypeError: Failed to fetch
=============================
====== JS ERROR CAUGHT ======
Unhandled Promise: TypeError: Failed to fetch
=============================
====== JS ERROR CAUGHT ======
Unhandled Promise: TypeError: Failed to fetch
=============================
====== JS ERROR CAUGHT ======
Unhandled Promise: TypeError: Failed to fetch
=============================
====== JS ERROR CAUGHT ======
Unhandled Promise: TypeError: Failed to fetch
=============================
====== JS ERROR CAUGHT ======
Unhandled Promise: TypeError: Failed to fetch
=============================
====== JS ERROR CAUGHT ======
Unhandled Promise: TypeError: Failed to fetch
=============================
====== JS ERROR CAUGHT ======
Unhandled Promise: TypeError: Failed to fetch
=============================
====== JS ERROR CAUGHT ======
Unhandled Promise: TypeError: Failed to fetch
=============================
====== JS ERROR CAUGHT ======
Unhandled Promise: TypeError: Failed to fetch
=============================
====== JS ERROR CAUGHT ======
Unhandled Promise: TypeError: Failed to fetch
=============================
====== JS ERROR CAUGHT ======
Unhandled Promise: TypeError: Failed to fetch
=============================
====== JS ERROR CAUGHT ======
Unhandled Promise: TypeError: Failed to fetch
=============================
====== JS ERROR CAUGHT ======
Unhandled Promise: TypeError: Failed to fetch
=============================
====== JS ERROR CAUGHT ======
Unhandled Promise: TypeError: Failed to fetch
=============================
====== JS ERROR CAUGHT ======
Unhandled Promise: TypeError: Failed to fetch
=============================
====== JS ERROR CAUGHT ======
Unhandled Promise: TypeError: Failed to fetch
=============================
====== JS ERROR CAUGHT ======
Unhandled Promise: TypeError: Failed to fetch
=============================
====== JS ERROR CAUGHT ======
Unhandled Promise: TypeError: Failed to fetch
=============================
====== JS ERROR CAUGHT ======
Unhandled Promise: TypeError: Failed to fetch
=============================
====== JS ERROR CAUGHT ======
Unhandled Promise: TypeError: Failed to fetch
=============================
====== JS ERROR CAUGHT ======
Unhandled Promise: TypeError: Failed to fetch
=============================
====== JS ERROR CAUGHT ======
Unhandled Promise: TypeError: Failed to fetch
=============================
====== JS ERROR CAUGHT ======
Unhandled Promise: TypeError: Failed to fetch
=============================
====== JS ERROR CAUGHT ======
Unhandled Promise: TypeError: Failed to fetch
=============================
====== JS ERROR CAUGHT ======
Unhandled Promise: TypeError: Failed to fetch
=============================
====== JS ERROR CAUGHT ======
Unhandled Promise: TypeError: Failed to fetch
=============================
====== JS ERROR CAUGHT ======
Unhandled Promise: TypeError: Failed to fetch
=============================
====== JS ERROR CAUGHT ======
Unhandled Promise: TypeError: Failed to fetch
=============================
====== JS ERROR CAUGHT ======
Unhandled Promise: TypeError: Failed to fetch
=============================
====== JS ERROR CAUGHT ======
Unhandled Promise: TypeError: Failed to fetch
=============================
====== JS ERROR CAUGHT ======
Unhandled Promise: TypeError: Failed to fetch
=============================
====== JS ERROR CAUGHT ======
Unhandled Promise: TypeError: Failed to fetch
=============================
====== JS ERROR CAUGHT ======
Unhandled Promise: TypeError: Failed to fetch
=============================
====== JS ERROR CAUGHT ======
Unhandled Promise: TypeError: Failed to fetch
=============================
====== JS ERROR CAUGHT ======
Unhandled Promise: TypeError: Failed to fetch
=============================
====== JS ERROR CAUGHT ======
Unhandled Promise: TypeError: Failed to fetch
=============================
====== JS ERROR CAUGHT ======
Unhandled Promise: TypeError: Failed to fetch
=============================
====== JS ERROR CAUGHT ======
Unhandled Promise: TypeError: Failed to fetch
=============================
====== JS ERROR CAUGHT ======
Unhandled Promise: TypeError: Failed to fetch
=============================
====== JS ERROR CAUGHT ======
Unhandled Promise: TypeError: Failed to fetch
=============================
====== JS ERROR CAUGHT ======
Unhandled Promise: TypeError: Failed to fetch
=============================
====== JS ERROR CAUGHT ======
Unhandled Promise: TypeError: Failed to fetch
=============================
====== JS ERROR CAUGHT ======
Unhandled Promise: TypeError: Failed to fetch
=============================
====== JS ERROR CAUGHT ======
Unhandled Promise: TypeError: Failed to fetch
=============================
====== JS ERROR CAUGHT ======
Unhandled Promise: TypeError: Failed to fetch
=============================
====== JS ERROR CAUGHT ======
Unhandled Promise: TypeError: Failed to fetch
=============================
====== JS ERROR CAUGHT ======
Unhandled Promise: TypeError: Failed to fetch
=============================
====== JS ERROR CAUGHT ======
Unhandled Promise: TypeError: Failed to fetch
=============================
====== JS ERROR CAUGHT ======
Unhandled Promise: TypeError: Failed to fetch
=============================
====== JS ERROR CAUGHT ======
Unhandled Promise: TypeError: Failed to fetch
=============================
====== JS ERROR CAUGHT ======
Unhandled Promise: TypeError: Failed to fetch
=============================
====== JS ERROR CAUGHT ======
Unhandled Promise: TypeError: Failed to fetch
=============================
====== JS ERROR CAUGHT ======
Unhandled Promise: TypeError: Failed to fetch
=============================
====== JS ERROR CAUGHT ======
Unhandled Promise: TypeError: Failed to fetch
=============================
====== JS ERROR CAUGHT ======
Unhandled Promise: TypeError: Failed to fetch
=============================
====== JS ERROR CAUGHT ======
Unhandled Promise: TypeError: Failed to fetch
=============================
====== JS ERROR CAUGHT ======
Unhandled Promise: TypeError: Failed to fetch
=============================
====== JS ERROR CAUGHT ======
Unhandled Promise: TypeError: Failed to fetch
=============================
====== JS ERROR CAUGHT ======
Unhandled Promise: TypeError: Failed to fetch
=============================
====== JS ERROR CAUGHT ======
Unhandled Promise: TypeError: Failed to fetch
=============================
====== JS ERROR CAUGHT ======
Unhandled Promise: TypeError: Failed to fetch
=============================
====== JS ERROR CAUGHT ======
Unhandled Promise: TypeError: Failed to fetch
=============================
====== JS ERROR CAUGHT ======
Unhandled Promise: TypeError: Failed to fetch
=============================
====== JS ERROR CAUGHT ======
Unhandled Promise: TypeError: Failed to fetch
=============================
====== JS ERROR CAUGHT ======
Unhandled Promise: TypeError: Failed to fetch
=============================
====== JS ERROR CAUGHT ======
Unhandled Promise: TypeError: Failed to fetch
=============================
====== JS ERROR CAUGHT ======
Unhandled Promise: TypeError: Failed to fetch
=============================
====== JS ERROR CAUGHT ======
Unhandled Promise: TypeError: Failed to fetch
=============================
====== JS ERROR CAUGHT ======
Unhandled Promise: TypeError: Failed to fetch
=============================
====== JS ERROR CAUGHT ======
Unhandled Promise: TypeError: Failed to fetch
=============================
====== JS ERROR CAUGHT ======
Unhandled Promise: TypeError: Failed to fetch
=============================
====== JS ERROR CAUGHT ======
Unhandled Promise: TypeError: Failed to fetch
=============================
====== JS ERROR CAUGHT ======
Unhandled Promise: TypeError: Failed to fetch
=============================
====== JS ERROR CAUGHT ======
Unhandled Promise: TypeError: Failed to fetch
=============================
====== JS ERROR CAUGHT ======
Unhandled Promise: TypeError: Failed to fetch
=============================
====== JS ERROR CAUGHT ======
Unhandled Promise: TypeError: Failed to fetch
=============================
====== JS ERROR CAUGHT ======
Unhandled Promise: TypeError: Failed to fetch
=============================
====== JS ERROR CAUGHT ======
Unhandled Promise: TypeError: Failed to fetch
=============================
====== JS ERROR CAUGHT ======
Unhandled Promise: TypeError: Failed to fetch
=============================
====== JS ERROR CAUGHT ======
Unhandled Promise: TypeError: Failed to fetch
=============================
====== JS ERROR CAUGHT ======
Unhandled Promise: TypeError: Failed to fetch
=============================
====== JS ERROR CAUGHT ======
Unhandled Promise: TypeError: Failed to fetch
=============================
====== JS ERROR CAUGHT ======
Unhandled Promise: TypeError: Failed to fetch
=============================
====== JS ERROR CAUGHT ======
Unhandled Promise: TypeError: Failed to fetch
=============================
====== JS ERROR CAUGHT ======
Unhandled Promise: TypeError: Failed to fetch
=============================
====== JS ERROR CAUGHT ======
Unhandled Promise: TypeError: Failed to fetch
=============================
====== JS ERROR CAUGHT ======
Unhandled Promise: TypeError: Failed to fetch
=============================
====== JS ERROR CAUGHT ======
Unhandled Promise: TypeError: Failed to fetch
=============================
====== JS ERROR CAUGHT ======
Unhandled Promise: TypeError: Failed to fetch
=============================
====== JS ERROR CAUGHT ======
Unhandled Promise: TypeError: Failed to fetch
=============================
====== JS ERROR CAUGHT ======
Unhandled Promise: TypeError: Failed to fetch
=============================
====== JS ERROR CAUGHT ======
Unhandled Promise: TypeError: Failed to fetch
=============================
====== JS ERROR CAUGHT ======
Unhandled Promise: TypeError: Failed to fetch
=============================
====== JS ERROR CAUGHT ======
Unhandled Promise: TypeError: Failed to fetch
=============================
====== JS ERROR CAUGHT ======
Unhandled Promise: TypeError: Failed to fetch
=============================
====== JS ERROR CAUGHT ======
Unhandled Promise: TypeError: Failed to fetch
=============================
====== JS ERROR CAUGHT ======
Unhandled Promise: TypeError: Failed to fetch
=============================
====== JS ERROR CAUGHT ======
Unhandled Promise: TypeError: Failed to fetch
=============================
====== JS ERROR CAUGHT ======
Unhandled Promise: TypeError: Failed to fetch
=============================
====== JS ERROR CAUGHT ======
Unhandled Promise: TypeError: Failed to fetch
=============================
====== JS ERROR CAUGHT ======
Unhandled Promise: TypeError: Failed to fetch
=============================
====== JS ERROR CAUGHT ======
Unhandled Promise: TypeError: Failed to fetch
=============================
====== JS ERROR CAUGHT ======
Unhandled Promise: TypeError: Failed to fetch
=============================
====== JS ERROR CAUGHT ======
Unhandled Promise: TypeError: Failed to fetch
=============================
====== JS ERROR CAUGHT ======
Unhandled Promise: TypeError: Failed to fetch
=============================
====== JS ERROR CAUGHT ======
Unhandled Promise: TypeError: Failed to fetch
=============================
====== JS ERROR CAUGHT ======
Unhandled Promise: TypeError: Failed to fetch
=============================
====== JS ERROR CAUGHT ======
Unhandled Promise: TypeError: Failed to fetch
=============================
====== JS ERROR CAUGHT ======
Unhandled Promise: TypeError: Failed to fetch
=============================
====== JS ERROR CAUGHT ======
Unhandled Promise: TypeError: Failed to fetch
=============================
====== JS ERROR CAUGHT ======
Unhandled Promise: TypeError: Failed to fetch
=============================
====== JS ERROR CAUGHT ======
Unhandled Promise: TypeError: Failed to fetch
=============================
====== JS ERROR CAUGHT ======
Unhandled Promise: TypeError: Failed to fetch
=============================
====== JS ERROR CAUGHT ======
Unhandled Promise: TypeError: Failed to fetch
=============================
====== JS ERROR CAUGHT ======
Unhandled Promise: TypeError: Failed to fetch
=============================
====== JS ERROR CAUGHT ======
Unhandled Promise: TypeError: Failed to fetch
=============================
====== JS ERROR CAUGHT ======
Unhandled Promise: TypeError: Failed to fetch
=============================
====== JS ERROR CAUGHT ======
Unhandled Promise: TypeError: Failed to fetch
=============================
====== JS ERROR CAUGHT ======
Unhandled Promise: TypeError: Failed to fetch
=============================
====== JS ERROR CAUGHT ======
Unhandled Promise: TypeError: Failed to fetch
=============================
====== JS ERROR CAUGHT ======
Unhandled Promise: TypeError: Failed to fetch
=============================
====== JS ERROR CAUGHT ======
Unhandled Promise: TypeError: Failed to fetch
=============================
====== JS ERROR CAUGHT ======
Unhandled Promise: TypeError: Failed to fetch
=============================
====== JS ERROR CAUGHT ======
Unhandled Promise: TypeError: Failed to fetch
=============================
====== JS ERROR CAUGHT ======
Unhandled Promise: TypeError: Failed to fetch
=============================
====== JS ERROR CAUGHT ======
Unhandled Promise: TypeError: Failed to fetch
=============================
====== JS ERROR CAUGHT ======
Unhandled Promise: TypeError: Failed to fetch
=============================
====== JS ERROR CAUGHT ======
Unhandled Promise: TypeError: Failed to fetch
=============================
====== JS ERROR CAUGHT ======
Unhandled Promise: TypeError: Failed to fetch
=============================
====== JS ERROR CAUGHT ======
Unhandled Promise: TypeError: Failed to fetch
=============================
====== JS ERROR CAUGHT ======
Unhandled Promise: TypeError: Failed to fetch
=============================
====== JS ERROR CAUGHT ======
Unhandled Promise: TypeError: Failed to fetch
=============================
====== JS ERROR CAUGHT ======
Unhandled Promise: TypeError: Failed to fetch
=============================
====== JS ERROR CAUGHT ======
Unhandled Promise: TypeError: Failed to fetch
=============================
====== JS ERROR CAUGHT ======
Unhandled Promise: TypeError: Failed to fetch
=============================
====== JS ERROR CAUGHT ======
Unhandled Promise: TypeError: Failed to fetch
=============================
====== JS ERROR CAUGHT ======
Unhandled Promise: TypeError: Failed to fetch
=============================
====== JS ERROR CAUGHT ======
Unhandled Promise: TypeError: Failed to fetch
=============================
====== JS ERROR CAUGHT ======
Unhandled Promise: TypeError: Failed to fetch
=============================
====== JS ERROR CAUGHT ======
Unhandled Promise: TypeError: Failed to fetch
=============================
====== JS ERROR CAUGHT ======
Unhandled Promise: TypeError: Failed to fetch
=============================
====== JS ERROR CAUGHT ======
Unhandled Promise: TypeError: Failed to fetch
=============================
====== JS ERROR CAUGHT ======
Unhandled Promise: TypeError: Failed to fetch
=============================
====== JS ERROR CAUGHT ======
Unhandled Promise: TypeError: Failed to fetch
=============================
====== JS ERROR CAUGHT ======
Unhandled Promise: TypeError: Failed to fetch
=============================
====== JS ERROR CAUGHT ======
Unhandled Promise: TypeError: Failed to fetch
=============================
====== JS ERROR CAUGHT ======
Unhandled Promise: TypeError: Failed to fetch
=============================
====== JS ERROR CAUGHT ======
Unhandled Promise: TypeError: Failed to fetch
=============================
====== JS ERROR CAUGHT ======
Unhandled Promise: TypeError: Failed to fetch
=============================
====== JS ERROR CAUGHT ======
Unhandled Promise: TypeError: Failed to fetch
=============================
====== JS ERROR CAUGHT ======
Unhandled Promise: TypeError: Failed to fetch
=============================
====== JS ERROR CAUGHT ======
Unhandled Promise: TypeError: Failed to fetch
=============================
====== JS ERROR CAUGHT ======
Unhandled Promise: TypeError: Failed to fetch
=============================
====== JS ERROR CAUGHT ======
Unhandled Promise: TypeError: Failed to fetch
=============================
====== JS ERROR CAUGHT ======
Unhandled Promise: TypeError: Failed to fetch
=============================
====== JS ERROR CAUGHT ======
Unhandled Promise: TypeError: Failed to fetch
=============================
====== JS ERROR CAUGHT ======
Unhandled Promise: TypeError: Failed to fetch
=============================
====== JS ERROR CAUGHT ======
Unhandled Promise: TypeError: Failed to fetch
=============================
====== JS ERROR CAUGHT ======
Unhandled Promise: TypeError: Failed to fetch
=============================
====== JS ERROR CAUGHT ======
Unhandled Promise: TypeError: Failed to fetch
=============================
====== JS ERROR CAUGHT ======
Unhandled Promise: TypeError: Failed to fetch
=============================
====== JS ERROR CAUGHT ======
Unhandled Promise: TypeError: Failed to fetch
=============================
====== JS ERROR CAUGHT ======
Unhandled Promise: TypeError: Failed to fetch
=============================
====== JS ERROR CAUGHT ======
Unhandled Promise: TypeError: Failed to fetch
=============================
====== JS ERROR CAUGHT ======
Unhandled Promise: TypeError: Failed to fetch
=============================
====== JS ERROR CAUGHT ======
Unhandled Promise: TypeError: Failed to fetch
=============================
====== JS ERROR CAUGHT ======
Unhandled Promise: TypeError: Failed to fetch
=============================
====== JS ERROR CAUGHT ======
Unhandled Promise: TypeError: Failed to fetch
=============================
====== JS ERROR CAUGHT ======
Unhandled Promise: TypeError: Failed to fetch
=============================
====== JS ERROR CAUGHT ======
Unhandled Promise: TypeError: Failed to fetch
=============================
====== JS ERROR CAUGHT ======
Unhandled Promise: TypeError: Failed to fetch
=============================
====== JS ERROR CAUGHT ======
Unhandled Promise: TypeError: Failed to fetch
=============================
====== JS ERROR CAUGHT ======
Unhandled Promise: TypeError: Failed to fetch
=============================
====== JS ERROR CAUGHT ======
Unhandled Promise: TypeError: Failed to fetch
=============================
====== JS ERROR CAUGHT ======
Unhandled Promise: TypeError: Failed to fetch
=============================
====== JS ERROR CAUGHT ======
Unhandled Promise: TypeError: Failed to fetch
=============================
====== JS ERROR CAUGHT ======
Unhandled Promise: TypeError: Failed to fetch
=============================
====== JS ERROR CAUGHT ======
Unhandled Promise: TypeError: Failed to fetch
=============================
====== JS ERROR CAUGHT ======
Unhandled Promise: TypeError: Failed to fetch
=============================
====== JS ERROR CAUGHT ======
Unhandled Promise: TypeError: Failed to fetch
=============================
====== JS ERROR CAUGHT ======
Unhandled Promise: TypeError: Failed to fetch
=============================
====== JS ERROR CAUGHT ======
Unhandled Promise: TypeError: Failed to fetch
=============================
====== JS ERROR CAUGHT ======
Unhandled Promise: TypeError: Failed to fetch
=============================
====== JS ERROR CAUGHT ======
Unhandled Promise: TypeError: Failed to fetch
=============================
====== JS ERROR CAUGHT ======
Unhandled Promise: TypeError: Failed to fetch
=============================
====== JS ERROR CAUGHT ======
Unhandled Promise: TypeError: Failed to fetch
=============================
====== JS ERROR CAUGHT ======
Unhandled Promise: TypeError: Failed to fetch
=============================
====== JS ERROR CAUGHT ======
Unhandled Promise: TypeError: Failed to fetch
=============================
====== JS ERROR CAUGHT ======
Unhandled Promise: TypeError: Failed to fetch
=============================
====== JS ERROR CAUGHT ======
Unhandled Promise: TypeError: Failed to fetch
=============================
====== JS ERROR CAUGHT ======
Unhandled Promise: TypeError: Failed to fetch
=============================
====== JS ERROR CAUGHT ======
Unhandled Promise: TypeError: Failed to fetch
=============================
====== JS ERROR CAUGHT ======
Unhandled Promise: TypeError: Failed to fetch
=============================
====== JS ERROR CAUGHT ======
Unhandled Promise: TypeError: Failed to fetch
=============================
====== JS ERROR CAUGHT ======
Unhandled Promise: TypeError: Failed to fetch
=============================
====== JS ERROR CAUGHT ======
Unhandled Promise: TypeError: Failed to fetch
=============================
====== JS ERROR CAUGHT ======
Unhandled Promise: TypeError: Failed to fetch
=============================
====== JS ERROR CAUGHT ======
Unhandled Promise: TypeError: Failed to fetch
=============================
====== JS ERROR CAUGHT ======
Unhandled Promise: TypeError: Failed to fetch
=============================
====== JS ERROR CAUGHT ======
Unhandled Promise: TypeError: Failed to fetch
=============================
====== JS ERROR CAUGHT ======
Unhandled Promise: TypeError: Failed to fetch
=============================
====== JS ERROR CAUGHT ======
Unhandled Promise: TypeError: Failed to fetch
=============================
====== JS ERROR CAUGHT ======
Unhandled Promise: TypeError: Failed to fetch
=============================
====== JS ERROR CAUGHT ======
Unhandled Promise: TypeError: Failed to fetch
=============================
====== JS ERROR CAUGHT ======
Unhandled Promise: TypeError: Failed to fetch
=============================
====== JS ERROR CAUGHT ======
Unhandled Promise: TypeError: Failed to fetch
=============================
====== JS ERROR CAUGHT ======
Unhandled Promise: TypeError: Failed to fetch
=============================
====== JS ERROR CAUGHT ======
Unhandled Promise: TypeError: Failed to fetch
=============================
====== JS ERROR CAUGHT ======
Unhandled Promise: TypeError: Failed to fetch
=============================
====== JS ERROR CAUGHT ======
Unhandled Promise: TypeError: Failed to fetch
=============================
====== JS ERROR CAUGHT ======
Unhandled Promise: TypeError: Failed to fetch
=============================
====== JS ERROR CAUGHT ======
Unhandled Promise: TypeError: Failed to fetch
=============================
====== JS ERROR CAUGHT ======
Unhandled Promise: TypeError: Failed to fetch
=============================
====== JS ERROR CAUGHT ======
Unhandled Promise: TypeError: Failed to fetch
=============================
====== JS ERROR CAUGHT ======
Unhandled Promise: TypeError: Failed to fetch
=============================
====== JS ERROR CAUGHT ======
Unhandled Promise: TypeError: Failed to fetch
=============================
====== JS ERROR CAUGHT ======
Unhandled Promise: TypeError: Failed to fetch
=============================
====== JS ERROR CAUGHT ======
Unhandled Promise: TypeError: Failed to fetch
=============================
====== JS ERROR CAUGHT ======
Unhandled Promise: TypeError: Failed to fetch
=============================
====== JS ERROR CAUGHT ======
Unhandled Promise: TypeError: Failed to fetch
=============================
====== JS ERROR CAUGHT ======
Unhandled Promise: TypeError: Failed to fetch
=============================
====== JS ERROR CAUGHT ======
Unhandled Promise: TypeError: Failed to fetch
=============================
====== JS ERROR CAUGHT ======
Unhandled Promise: TypeError: Failed to fetch
=============================
====== JS ERROR CAUGHT ======
Unhandled Promise: TypeError: Failed to fetch
=============================
====== JS ERROR CAUGHT ======
Unhandled Promise: TypeError: Failed to fetch
=============================
====== JS ERROR CAUGHT ======
Unhandled Promise: TypeError: Failed to fetch
=============================
====== JS ERROR CAUGHT ======
Unhandled Promise: TypeError: Failed to fetch
=============================
====== JS ERROR CAUGHT ======
Unhandled Promise: TypeError: Failed to fetch
=============================
====== JS ERROR CAUGHT ======
Unhandled Promise: TypeError: Failed to fetch
=============================
====== JS ERROR CAUGHT ======
Unhandled Promise: TypeError: Failed to fetch
=============================
====== JS ERROR CAUGHT ======
Unhandled Promise: TypeError: Failed to fetch
=============================
====== JS ERROR CAUGHT ======
Unhandled Promise: TypeError: Failed to fetch
=============================
====== JS ERROR CAUGHT ======
Unhandled Promise: TypeError: Failed to fetch
=============================
====== JS ERROR CAUGHT ======
Unhandled Promise: TypeError: Failed to fetch
=============================
====== JS ERROR CAUGHT ======
Unhandled Promise: TypeError: Failed to fetch
=============================
====== JS ERROR CAUGHT ======
Unhandled Promise: TypeError: Failed to fetch
=============================
====== JS ERROR CAUGHT ======
Unhandled Promise: TypeError: Failed to fetch
=============================
====== JS ERROR CAUGHT ======
Unhandled Promise: TypeError: Failed to fetch
=============================
====== JS ERROR CAUGHT ======
Unhandled Promise: TypeError: Failed to fetch
=============================
====== JS ERROR CAUGHT ======
Unhandled Promise: TypeError: Failed to fetch
=============================
====== JS ERROR CAUGHT ======
Unhandled Promise: TypeError: Failed to fetch
=============================
====== JS ERROR CAUGHT ======
Unhandled Promise: TypeError: Failed to fetch
=============================
====== JS ERROR CAUGHT ======
Unhandled Promise: TypeError: Failed to fetch
=============================
====== JS ERROR CAUGHT ======
Unhandled Promise: TypeError: Failed to fetch
=============================
====== JS ERROR CAUGHT ======
Unhandled Promise: TypeError: Failed to fetch
=============================
====== JS ERROR CAUGHT ======
Unhandled Promise: TypeError: Failed to fetch
=============================
====== JS ERROR CAUGHT ======
Unhandled Promise: TypeError: Failed to fetch
=============================
====== JS ERROR CAUGHT ======
Unhandled Promise: TypeError: Failed to fetch
=============================
====== JS ERROR CAUGHT ======
Unhandled Promise: TypeError: Failed to fetch
=============================
====== JS ERROR CAUGHT ======
Unhandled Promise: TypeError: Failed to fetch
=============================
====== JS ERROR CAUGHT ======
Unhandled Promise: TypeError: Failed to fetch
=============================
====== JS ERROR CAUGHT ======
Unhandled Promise: TypeError: Failed to fetch
=============================
====== JS ERROR CAUGHT ======
Unhandled Promise: TypeError: Failed to fetch
=============================
====== JS ERROR CAUGHT ======
Unhandled Promise: TypeError: Failed to fetch
=============================
====== JS ERROR CAUGHT ======
Unhandled Promise: TypeError: Failed to fetch
=============================
====== JS ERROR CAUGHT ======
Unhandled Promise: TypeError: Failed to fetch
=============================
====== JS ERROR CAUGHT ======
Unhandled Promise: TypeError: Failed to fetch
=============================
====== JS ERROR CAUGHT ======
Unhandled Promise: TypeError: Failed to fetch
=============================
====== JS ERROR CAUGHT ======
Unhandled Promise: TypeError: Failed to fetch
=============================
====== JS ERROR CAUGHT ======
Unhandled Promise: TypeError: Failed to fetch
=============================
====== JS ERROR CAUGHT ======
Unhandled Promise: TypeError: Failed to fetch
=============================
====== JS ERROR CAUGHT ======
Unhandled Promise: TypeError: Failed to fetch
=============================
====== JS ERROR CAUGHT ======
Unhandled Promise: TypeError: Failed to fetch
=============================
====== JS ERROR CAUGHT ======
Unhandled Promise: TypeError: Failed to fetch
=============================
====== JS ERROR CAUGHT ======
Unhandled Promise: TypeError: Failed to fetch
=============================
====== JS ERROR CAUGHT ======
Unhandled Promise: TypeError: Failed to fetch
=============================
====== JS ERROR CAUGHT ======
Unhandled Promise: TypeError: Failed to fetch
=============================
====== JS ERROR CAUGHT ======
Unhandled Promise: TypeError: Failed to fetch
=============================
====== JS ERROR CAUGHT ======
Unhandled Promise: TypeError: Failed to fetch
=============================
====== JS ERROR CAUGHT ======
Unhandled Promise: TypeError: Failed to fetch
=============================
====== JS ERROR CAUGHT ======
Unhandled Promise: TypeError: Failed to fetch
=============================
====== JS ERROR CAUGHT ======
Unhandled Promise: TypeError: Failed to fetch
=============================
====== JS ERROR CAUGHT ======
Unhandled Promise: TypeError: Failed to fetch
=============================
====== JS ERROR CAUGHT ======
Unhandled Promise: TypeError: Failed to fetch
=============================
====== JS ERROR CAUGHT ======
Unhandled Promise: TypeError: Failed to fetch
=============================
====== JS ERROR CAUGHT ======
Unhandled Promise: TypeError: Failed to fetch
=============================
====== JS ERROR CAUGHT ======
Unhandled Promise: TypeError: Failed to fetch
=============================
====== JS ERROR CAUGHT ======
Unhandled Promise: TypeError: Failed to fetch
=============================
====== JS ERROR CAUGHT ======
Unhandled Promise: TypeError: Failed to fetch
=============================
====== JS ERROR CAUGHT ======
Unhandled Promise: TypeError: Failed to fetch
=============================
====== JS ERROR CAUGHT ======
Unhandled Promise: TypeError: Failed to fetch
=============================
====== JS ERROR CAUGHT ======
Unhandled Promise: TypeError: Failed to fetch
=============================
====== JS ERROR CAUGHT ======
Unhandled Promise: TypeError: Failed to fetch
=============================
====== JS ERROR CAUGHT ======
Unhandled Promise: TypeError: Failed to fetch
=============================
====== JS ERROR CAUGHT ======
Unhandled Promise: TypeError: Failed to fetch
=============================
====== JS ERROR CAUGHT ======
Unhandled Promise: TypeError: Failed to fetch
=============================
====== JS ERROR CAUGHT ======
Unhandled Promise: TypeError: Failed to fetch
=============================
====== JS ERROR CAUGHT ======
Unhandled Promise: TypeError: Failed to fetch
=============================
====== JS ERROR CAUGHT ======
Unhandled Promise: TypeError: Failed to fetch
=============================
====== JS ERROR CAUGHT ======
Unhandled Promise: TypeError: Failed to fetch
=============================
====== JS ERROR CAUGHT ======
Unhandled Promise: TypeError: Failed to fetch
=============================
====== JS ERROR CAUGHT ======
Unhandled Promise: TypeError: Failed to fetch
=============================
====== JS ERROR CAUGHT ======
Unhandled Promise: TypeError: Failed to fetch
=============================
====== JS ERROR CAUGHT ======
Unhandled Promise: TypeError: Failed to fetch
=============================
====== JS ERROR CAUGHT ======
Unhandled Promise: TypeError: Failed to fetch
=============================
====== JS ERROR CAUGHT ======
Unhandled Promise: TypeError: Failed to fetch
=============================
====== JS ERROR CAUGHT ======
Unhandled Promise: TypeError: Failed to fetch
=============================
====== JS ERROR CAUGHT ======
Unhandled Promise: TypeError: Failed to fetch
=============================
====== JS ERROR CAUGHT ======
Unhandled Promise: TypeError: Failed to fetch
=============================
====== JS ERROR CAUGHT ======
Unhandled Promise: TypeError: Failed to fetch
=============================
====== JS ERROR CAUGHT ======
Unhandled Promise: TypeError: Failed to fetch
=============================
====== JS ERROR CAUGHT ======
Unhandled Promise: TypeError: Failed to fetch
=============================
====== JS ERROR CAUGHT ======
Unhandled Promise: TypeError: Failed to fetch
=============================
====== JS ERROR CAUGHT ======
Unhandled Promise: TypeError: Failed to fetch
=============================
====== JS ERROR CAUGHT ======
Unhandled Promise: TypeError: Failed to fetch
=============================
====== JS ERROR CAUGHT ======
Unhandled Promise: TypeError: Failed to fetch
=============================
====== JS ERROR CAUGHT ======
Unhandled Promise: TypeError: Failed to fetch
=============================
====== JS ERROR CAUGHT ======
Unhandled Promise: TypeError: Failed to fetch
=============================
====== JS ERROR CAUGHT ======
Unhandled Promise: TypeError: Failed to fetch
=============================
====== JS ERROR CAUGHT ======
Unhandled Promise: TypeError: Failed to fetch
=============================
====== JS ERROR CAUGHT ======
Unhandled Promise: TypeError: Failed to fetch
=============================
====== JS ERROR CAUGHT ======
Unhandled Promise: TypeError: Failed to fetch
=============================
====== JS ERROR CAUGHT ======
Unhandled Promise: TypeError: Failed to fetch
=============================
====== JS ERROR CAUGHT ======
Unhandled Promise: TypeError: Failed to fetch
=============================
====== JS ERROR CAUGHT ======
Unhandled Promise: TypeError: Failed to fetch
=============================
====== JS ERROR CAUGHT ======
Unhandled Promise: TypeError: Failed to fetch
=============================
====== JS ERROR CAUGHT ======
Unhandled Promise: TypeError: Failed to fetch
=============================
====== JS ERROR CAUGHT ======
Unhandled Promise: TypeError: Failed to fetch
=============================
====== JS ERROR CAUGHT ======
Unhandled Promise: TypeError: Failed to fetch
=============================
====== JS ERROR CAUGHT ======
Unhandled Promise: TypeError: Failed to fetch
=============================
====== JS ERROR CAUGHT ======
Unhandled Promise: TypeError: Failed to fetch
=============================
====== JS ERROR CAUGHT ======
Unhandled Promise: TypeError: Failed to fetch
=============================
====== JS ERROR CAUGHT ======
Unhandled Promise: TypeError: Failed to fetch
=============================
====== JS ERROR CAUGHT ======
Unhandled Promise: TypeError: Failed to fetch
=============================
====== JS ERROR CAUGHT ======
Unhandled Promise: TypeError: Failed to fetch
=============================
====== JS ERROR CAUGHT ======
Unhandled Promise: TypeError: Failed to fetch
=============================
====== JS ERROR CAUGHT ======
Unhandled Promise: TypeError: Failed to fetch
=============================
====== JS ERROR CAUGHT ======
Unhandled Promise: TypeError: Failed to fetch
=============================
====== JS ERROR CAUGHT ======
Unhandled Promise: TypeError: Failed to fetch
=============================
====== JS ERROR CAUGHT ======
Unhandled Promise: TypeError: Failed to fetch
=============================
====== JS ERROR CAUGHT ======
Unhandled Promise: TypeError: Failed to fetch
=============================
====== JS ERROR CAUGHT ======
Unhandled Promise: TypeError: Failed to fetch
=============================
====== JS ERROR CAUGHT ======
Unhandled Promise: TypeError: Failed to fetch
=============================
====== JS ERROR CAUGHT ======
Unhandled Promise: TypeError: Failed to fetch
=============================
====== JS ERROR CAUGHT ======
Unhandled Promise: TypeError: Failed to fetch
=============================
====== JS ERROR CAUGHT ======
Unhandled Promise: TypeError: Failed to fetch
=============================
====== JS ERROR CAUGHT ======
Unhandled Promise: TypeError: Failed to fetch
=============================
====== JS ERROR CAUGHT ======
Unhandled Promise: TypeError: Failed to fetch
=============================
====== JS ERROR CAUGHT ======
Unhandled Promise: TypeError: Failed to fetch
=============================
====== JS ERROR CAUGHT ======
Unhandled Promise: TypeError: Failed to fetch
=============================
====== JS ERROR CAUGHT ======
Unhandled Promise: TypeError: Failed to fetch
=============================
====== JS ERROR CAUGHT ======
Unhandled Promise: TypeError: Failed to fetch
=============================
====== JS ERROR CAUGHT ======
Unhandled Promise: TypeError: Failed to fetch
=============================
====== JS ERROR CAUGHT ======
Unhandled Promise: TypeError: Failed to fetch
=============================
====== JS ERROR CAUGHT ======
Unhandled Promise: TypeError: Failed to fetch
=============================
====== JS ERROR CAUGHT ======
Unhandled Promise: TypeError: Failed to fetch
=============================
====== JS ERROR CAUGHT ======
Unhandled Promise: TypeError: Failed to fetch
=============================
====== JS ERROR CAUGHT ======
Unhandled Promise: TypeError: Failed to fetch
=============================
====== JS ERROR CAUGHT ======
Unhandled Promise: TypeError: Failed to fetch
=============================
====== JS ERROR CAUGHT ======
Unhandled Promise: TypeError: Failed to fetch
=============================
====== JS ERROR CAUGHT ======
Unhandled Promise: TypeError: Failed to fetch
=============================
====== JS ERROR CAUGHT ======
Unhandled Promise: TypeError: Failed to fetch
=============================
====== JS ERROR CAUGHT ======
Unhandled Promise: TypeError: Failed to fetch
=============================
====== JS ERROR CAUGHT ======
Unhandled Promise: TypeError: Failed to fetch
=============================
====== JS ERROR CAUGHT ======
Unhandled Promise: TypeError: Failed to fetch
=============================
====== JS ERROR CAUGHT ======
Unhandled Promise: TypeError: Failed to fetch
=============================
====== JS ERROR CAUGHT ======
Unhandled Promise: TypeError: Failed to fetch
=============================
====== JS ERROR CAUGHT ======
Unhandled Promise: TypeError: Failed to fetch
=============================
====== JS ERROR CAUGHT ======
Unhandled Promise: TypeError: Failed to fetch
=============================
====== JS ERROR CAUGHT ======
Unhandled Promise: TypeError: Failed to fetch
=============================
====== JS ERROR CAUGHT ======
Unhandled Promise: TypeError: Failed to fetch
=============================
====== JS ERROR CAUGHT ======
Unhandled Promise: TypeError: Failed to fetch
=============================
====== JS ERROR CAUGHT ======
Unhandled Promise: TypeError: Failed to fetch
=============================
====== JS ERROR CAUGHT ======
Unhandled Promise: TypeError: Failed to fetch
=============================
====== JS ERROR CAUGHT ======
Unhandled Promise: TypeError: Failed to fetch
=============================
====== JS ERROR CAUGHT ======
Unhandled Promise: TypeError: Failed to fetch
=============================
====== JS ERROR CAUGHT ======
Unhandled Promise: TypeError: Failed to fetch
=============================
====== JS ERROR CAUGHT ======
Unhandled Promise: TypeError: Failed to fetch
=============================
====== JS ERROR CAUGHT ======
Unhandled Promise: TypeError: Failed to fetch
=============================
====== JS ERROR CAUGHT ======
Unhandled Promise: TypeError: Failed to fetch
=============================
====== JS ERROR CAUGHT ======
Unhandled Promise: TypeError: Failed to fetch
=============================
====== JS ERROR CAUGHT ======
Unhandled Promise: TypeError: Failed to fetch
=============================
====== JS ERROR CAUGHT ======
Unhandled Promise: TypeError: Failed to fetch
=============================
====== JS ERROR CAUGHT ======
Unhandled Promise: TypeError: Failed to fetch
=============================
====== JS ERROR CAUGHT ======
Unhandled Promise: TypeError: Failed to fetch
=============================
====== JS ERROR CAUGHT ======
Unhandled Promise: TypeError: Failed to fetch
=============================
====== JS ERROR CAUGHT ======
Unhandled Promise: TypeError: Failed to fetch
=============================
====== JS ERROR CAUGHT ======
Unhandled Promise: TypeError: Failed to fetch
=============================
====== JS ERROR CAUGHT ======
Unhandled Promise: TypeError: Failed to fetch
=============================
====== JS ERROR CAUGHT ======
Unhandled Promise: TypeError: Failed to fetch
=============================
====== JS ERROR CAUGHT ======
Unhandled Promise: TypeError: Failed to fetch
=============================
====== JS ERROR CAUGHT ======
Unhandled Promise: TypeError: Failed to fetch
=============================
====== JS ERROR CAUGHT ======
Unhandled Promise: TypeError: Failed to fetch
=============================
====== JS ERROR CAUGHT ======
Unhandled Promise: TypeError: Failed to fetch
=============================
====== JS ERROR CAUGHT ======
Unhandled Promise: TypeError: Failed to fetch
=============================
====== JS ERROR CAUGHT ======
Unhandled Promise: TypeError: Failed to fetch
=============================
====== JS ERROR CAUGHT ======
Unhandled Promise: TypeError: Failed to fetch
=============================
====== JS ERROR CAUGHT ======
Unhandled Promise: TypeError: Failed to fetch
=============================
====== JS ERROR CAUGHT ======
Unhandled Promise: TypeError: Failed to fetch
=============================
====== JS ERROR CAUGHT ======
Unhandled Promise: TypeError: Failed to fetch
=============================
====== JS ERROR CAUGHT ======
Unhandled Promise: TypeError: Failed to fetch
=============================
====== JS ERROR CAUGHT ======
Unhandled Promise: TypeError: Failed to fetch
=============================
====== JS ERROR CAUGHT ======
Unhandled Promise: TypeError: Failed to fetch
=============================
====== JS ERROR CAUGHT ======
Unhandled Promise: TypeError: Failed to fetch
=============================
====== JS ERROR CAUGHT ======
Unhandled Promise: TypeError: Failed to fetch
=============================
====== JS ERROR CAUGHT ======
Unhandled Promise: TypeError: Failed to fetch
=============================
====== JS ERROR CAUGHT ======
Unhandled Promise: TypeError: Failed to fetch
=============================
====== JS ERROR CAUGHT ======
Unhandled Promise: TypeError: Failed to fetch
=============================
====== JS ERROR CAUGHT ======
Unhandled Promise: TypeError: Failed to fetch
=============================
====== JS ERROR CAUGHT ======
Unhandled Promise: TypeError: Failed to fetch
=============================
====== JS ERROR CAUGHT ======
Unhandled Promise: TypeError: Failed to fetch
=============================
====== JS ERROR CAUGHT ======
Unhandled Promise: TypeError: Failed to fetch
=============================
====== JS ERROR CAUGHT ======
Unhandled Promise: TypeError: Failed to fetch
=============================
====== JS ERROR CAUGHT ======
Unhandled Promise: TypeError: Failed to fetch
=============================
====== JS ERROR CAUGHT ======
Unhandled Promise: TypeError: Failed to fetch
=============================
====== JS ERROR CAUGHT ======
Unhandled Promise: TypeError: Failed to fetch
=============================
====== JS ERROR CAUGHT ======
Unhandled Promise: TypeError: Failed to fetch
=============================
====== JS ERROR CAUGHT ======
Unhandled Promise: TypeError: Failed to fetch
=============================
====== JS ERROR CAUGHT ======
Unhandled Promise: TypeError: Failed to fetch
=============================
====== JS ERROR CAUGHT ======
Unhandled Promise: TypeError: Failed to fetch
=============================
====== JS ERROR CAUGHT ======
Unhandled Promise: TypeError: Failed to fetch
=============================
====== JS ERROR CAUGHT ======
Unhandled Promise: TypeError: Failed to fetch
=============================
====== JS ERROR CAUGHT ======
Unhandled Promise: TypeError: Failed to fetch
=============================
====== JS ERROR CAUGHT ======
Unhandled Promise: TypeError: Failed to fetch
=============================
====== JS ERROR CAUGHT ======
Unhandled Promise: TypeError: Failed to fetch
=============================
====== JS ERROR CAUGHT ======
Unhandled Promise: TypeError: Failed to fetch
=============================
====== JS ERROR CAUGHT ======
Unhandled Promise: TypeError: Failed to fetch
=============================
====== JS ERROR CAUGHT ======
Unhandled Promise: TypeError: Failed to fetch
=============================
====== JS ERROR CAUGHT ======
Unhandled Promise: TypeError: Failed to fetch
=============================
====== JS ERROR CAUGHT ======
Unhandled Promise: TypeError: Failed to fetch
=============================
====== JS ERROR CAUGHT ======
Unhandled Promise: TypeError: Failed to fetch
=============================
====== JS ERROR CAUGHT ======
Unhandled Promise: TypeError: Failed to fetch
=============================
====== JS ERROR CAUGHT ======
Unhandled Promise: TypeError: Failed to fetch
=============================
====== JS ERROR CAUGHT ======
Unhandled Promise: TypeError: Failed to fetch
=============================
====== JS ERROR CAUGHT ======
Unhandled Promise: TypeError: Failed to fetch
=============================
====== JS ERROR CAUGHT ======
Unhandled Promise: TypeError: Failed to fetch
=============================
====== JS ERROR CAUGHT ======
Unhandled Promise: TypeError: Failed to fetch
=============================
====== JS ERROR CAUGHT ======
Unhandled Promise: TypeError: Failed to fetch
=============================
====== JS ERROR CAUGHT ======
Unhandled Promise: TypeError: Failed to fetch
=============================
====== JS ERROR CAUGHT ======
Unhandled Promise: TypeError: Failed to fetch
=============================
====== JS ERROR CAUGHT ======
Unhandled Promise: TypeError: Failed to fetch
=============================
====== JS ERROR CAUGHT ======
Unhandled Promise: TypeError: Failed to fetch
=============================
====== JS ERROR CAUGHT ======
Unhandled Promise: TypeError: Failed to fetch
=============================
====== JS ERROR CAUGHT ======
Unhandled Promise: TypeError: Failed to fetch
=============================
====== JS ERROR CAUGHT ======
Unhandled Promise: TypeError: Failed to fetch
=============================
====== JS ERROR CAUGHT ======
Unhandled Promise: TypeError: Failed to fetch
=============================
====== JS ERROR CAUGHT ======
Unhandled Promise: TypeError: Failed to fetch
=============================
====== JS ERROR CAUGHT ======
Unhandled Promise: TypeError: Failed to fetch
=============================
====== JS ERROR CAUGHT ======
Unhandled Promise: TypeError: Failed to fetch
=============================
====== JS ERROR CAUGHT ======
Unhandled Promise: TypeError: Failed to fetch
=============================
====== JS ERROR CAUGHT ======
Unhandled Promise: TypeError: Failed to fetch
=============================
====== JS ERROR CAUGHT ======
Unhandled Promise: TypeError: Failed to fetch
=============================
====== JS ERROR CAUGHT ======
Unhandled Promise: TypeError: Failed to fetch
=============================
====== JS ERROR CAUGHT ======
Unhandled Promise: TypeError: Failed to fetch
=============================
====== JS ERROR CAUGHT ======
Unhandled Promise: TypeError: Failed to fetch
=============================
====== JS ERROR CAUGHT ======
Unhandled Promise: TypeError: Failed to fetch
=============================
====== JS ERROR CAUGHT ======
Unhandled Promise: TypeError: Failed to fetch
=============================
====== JS ERROR CAUGHT ======
Unhandled Promise: TypeError: Failed to fetch
=============================
====== JS ERROR CAUGHT ======
Unhandled Promise: TypeError: Failed to fetch
=============================
====== JS ERROR CAUGHT ======
Unhandled Promise: TypeError: Failed to fetch
=============================
====== JS ERROR CAUGHT ======
Unhandled Promise: TypeError: Failed to fetch
=============================
====== JS ERROR CAUGHT ======
Unhandled Promise: TypeError: Failed to fetch
=============================
====== JS ERROR CAUGHT ======
Unhandled Promise: TypeError: Failed to fetch
=============================
====== JS ERROR CAUGHT ======
Unhandled Promise: TypeError: Failed to fetch
=============================
====== JS ERROR CAUGHT ======
Unhandled Promise: TypeError: Failed to fetch
=============================
====== JS ERROR CAUGHT ======
Unhandled Promise: TypeError: Failed to fetch
=============================
====== JS ERROR CAUGHT ======
Unhandled Promise: TypeError: Failed to fetch
=============================
====== JS ERROR CAUGHT ======
Unhandled Promise: TypeError: Failed to fetch
=============================
====== JS ERROR CAUGHT ======
Unhandled Promise: TypeError: Failed to fetch
=============================
====== JS ERROR CAUGHT ======
Unhandled Promise: TypeError: Failed to fetch
=============================
====== JS ERROR CAUGHT ======
Unhandled Promise: TypeError: Failed to fetch
=============================
====== JS ERROR CAUGHT ======
Unhandled Promise: TypeError: Failed to fetch
=============================
====== JS ERROR CAUGHT ======
Unhandled Promise: TypeError: Failed to fetch
=============================
====== JS ERROR CAUGHT ======
Unhandled Promise: TypeError: Failed to fetch
=============================
====== JS ERROR CAUGHT ======
Unhandled Promise: TypeError: Failed to fetch
=============================
====== JS ERROR CAUGHT ======
Unhandled Promise: TypeError: Failed to fetch
=============================
====== JS ERROR CAUGHT ======
Unhandled Promise: TypeError: Failed to fetch
=============================
====== JS ERROR CAUGHT ======
Unhandled Promise: TypeError: Failed to fetch
=============================
====== JS ERROR CAUGHT ======
Unhandled Promise: TypeError: Failed to fetch
=============================
====== JS ERROR CAUGHT ======
Unhandled Promise: TypeError: Failed to fetch
=============================
====== JS ERROR CAUGHT ======
Unhandled Promise: TypeError: Failed to fetch
=============================
====== JS ERROR CAUGHT ======
Unhandled Promise: TypeError: Failed to fetch
=============================
====== JS ERROR CAUGHT ======
Unhandled Promise: TypeError: Failed to fetch
=============================
====== JS ERROR CAUGHT ======
Unhandled Promise: TypeError: Failed to fetch
=============================
====== JS ERROR CAUGHT ======
Unhandled Promise: TypeError: Failed to fetch
=============================
====== JS ERROR CAUGHT ======
Unhandled Promise: TypeError: Failed to fetch
=============================
====== JS ERROR CAUGHT ======
Unhandled Promise: TypeError: Failed to fetch
=============================
====== JS ERROR CAUGHT ======
Unhandled Promise: TypeError: Failed to fetch
=============================
====== JS ERROR CAUGHT ======
Unhandled Promise: TypeError: Failed to fetch
=============================
====== JS ERROR CAUGHT ======
Unhandled Promise: TypeError: Failed to fetch
=============================
====== JS ERROR CAUGHT ======
Unhandled Promise: TypeError: Failed to fetch
=============================
====== JS ERROR CAUGHT ======
Unhandled Promise: TypeError: Failed to fetch
=============================
====== JS ERROR CAUGHT ======
Unhandled Promise: TypeError: Failed to fetch
=============================
====== JS ERROR CAUGHT ======
Unhandled Promise: TypeError: Failed to fetch
=============================
====== JS ERROR CAUGHT ======
Unhandled Promise: TypeError: Failed to fetch
=============================
====== JS ERROR CAUGHT ======
Unhandled Promise: TypeError: Failed to fetch
=============================
====== JS ERROR CAUGHT ======
Unhandled Promise: TypeError: Failed to fetch
=============================
====== JS ERROR CAUGHT ======
Unhandled Promise: TypeError: Failed to fetch
=============================
====== JS ERROR CAUGHT ======
Unhandled Promise: TypeError: Failed to fetch
=============================
====== JS ERROR CAUGHT ======
Unhandled Promise: TypeError: Failed to fetch
=============================
====== JS ERROR CAUGHT ======
Unhandled Promise: TypeError: Failed to fetch
=============================
====== JS ERROR CAUGHT ======
Unhandled Promise: TypeError: Failed to fetch
=============================
====== JS ERROR CAUGHT ======
Unhandled Promise: TypeError: Failed to fetch
=============================
====== JS ERROR CAUGHT ======
Unhandled Promise: TypeError: Failed to fetch
=============================
====== JS ERROR CAUGHT ======
Unhandled Promise: TypeError: Failed to fetch
=============================
====== JS ERROR CAUGHT ======
Unhandled Promise: TypeError: Failed to fetch
=============================
====== JS ERROR CAUGHT ======
Unhandled Promise: TypeError: Failed to fetch
=============================
====== JS ERROR CAUGHT ======
Unhandled Promise: TypeError: Failed to fetch
=============================
====== JS ERROR CAUGHT ======
Unhandled Promise: TypeError: Failed to fetch
=============================
====== JS ERROR CAUGHT ======
Unhandled Promise: TypeError: Failed to fetch
=============================
====== JS ERROR CAUGHT ======
Unhandled Promise: TypeError: Failed to fetch
=============================
====== JS ERROR CAUGHT ======
Unhandled Promise: TypeError: Failed to fetch
=============================
====== JS ERROR CAUGHT ======
Unhandled Promise: TypeError: Failed to fetch
=============================
====== JS ERROR CAUGHT ======
Unhandled Promise: TypeError: Failed to fetch
=============================
====== JS ERROR CAUGHT ======
Unhandled Promise: TypeError: Failed to fetch
=============================
====== JS ERROR CAUGHT ======
Unhandled Promise: TypeError: Failed to fetch
=============================
====== JS ERROR CAUGHT ======
Unhandled Promise: TypeError: Failed to fetch
=============================
====== JS ERROR CAUGHT ======
Unhandled Promise: TypeError: Failed to fetch
=============================
====== JS ERROR CAUGHT ======
Unhandled Promise: TypeError: Failed to fetch
=============================
====== JS ERROR CAUGHT ======
Unhandled Promise: TypeError: Failed to fetch
=============================
====== JS ERROR CAUGHT ======
Unhandled Promise: TypeError: Failed to fetch
=============================
====== JS ERROR CAUGHT ======
Unhandled Promise: TypeError: Failed to fetch
=============================
====== JS ERROR CAUGHT ======
Unhandled Promise: TypeError: Failed to fetch
=============================
====== JS ERROR CAUGHT ======
Unhandled Promise: TypeError: Failed to fetch
=============================
====== JS ERROR CAUGHT ======
Unhandled Promise: TypeError: Failed to fetch
=============================
====== JS ERROR CAUGHT ======
Unhandled Promise: TypeError: Failed to fetch
=============================
====== JS ERROR CAUGHT ======
Unhandled Promise: TypeError: Failed to fetch
=============================
====== JS ERROR CAUGHT ======
Unhandled Promise: TypeError: Failed to fetch
=============================
====== JS ERROR CAUGHT ======
Unhandled Promise: TypeError: Failed to fetch
=============================
====== JS ERROR CAUGHT ======
Unhandled Promise: TypeError: Failed to fetch
=============================
====== JS ERROR CAUGHT ======
Unhandled Promise: TypeError: Failed to fetch
=============================
====== JS ERROR CAUGHT ======
Unhandled Promise: TypeError: Failed to fetch
=============================
====== JS ERROR CAUGHT ======
Unhandled Promise: TypeError: Failed to fetch
=============================
====== JS ERROR CAUGHT ======
Unhandled Promise: TypeError: Failed to fetch
=============================
====== JS ERROR CAUGHT ======
Unhandled Promise: TypeError: Failed to fetch
=============================
====== JS ERROR CAUGHT ======
Unhandled Promise: TypeError: Failed to fetch
=============================
====== JS ERROR CAUGHT ======
Unhandled Promise: TypeError: Failed to fetch
=============================
====== JS ERROR CAUGHT ======
Unhandled Promise: TypeError: Failed to fetch
=============================
====== JS ERROR CAUGHT ======
Unhandled Promise: TypeError: Failed to fetch
=============================
====== JS ERROR CAUGHT ======
Unhandled Promise: TypeError: Failed to fetch
=============================
====== JS ERROR CAUGHT ======
Unhandled Promise: TypeError: Failed to fetch
=============================
====== JS ERROR CAUGHT ======
Unhandled Promise: TypeError: Failed to fetch
=============================
====== JS ERROR CAUGHT ======
Unhandled Promise: TypeError: Failed to fetch
=============================
====== JS ERROR CAUGHT ======
Unhandled Promise: TypeError: Failed to fetch
=============================
====== JS ERROR CAUGHT ======
Unhandled Promise: TypeError: Failed to fetch
=============================
====== JS ERROR CAUGHT ======
Unhandled Promise: TypeError: Failed to fetch
=============================
====== JS ERROR CAUGHT ======
Unhandled Promise: TypeError: Failed to fetch
=============================
====== JS ERROR CAUGHT ======
Unhandled Promise: TypeError: Failed to fetch
=============================
====== JS ERROR CAUGHT ======
Unhandled Promise: TypeError: Failed to fetch
=============================
====== JS ERROR CAUGHT ======
Unhandled Promise: TypeError: Failed to fetch
=============================
====== JS ERROR CAUGHT ======
Unhandled Promise: TypeError: Failed to fetch
=============================
====== JS ERROR CAUGHT ======
Unhandled Promise: TypeError: Failed to fetch
=============================
====== JS ERROR CAUGHT ======
Unhandled Promise: TypeError: Failed to fetch
=============================
====== JS ERROR CAUGHT ======
Unhandled Promise: TypeError: Failed to fetch
=============================
====== JS ERROR CAUGHT ======
Unhandled Promise: TypeError: Failed to fetch
=============================
====== JS ERROR CAUGHT ======
Unhandled Promise: TypeError: Failed to fetch
=============================
====== JS ERROR CAUGHT ======
Unhandled Promise: TypeError: Failed to fetch
=============================
====== JS ERROR CAUGHT ======
Unhandled Promise: TypeError: Failed to fetch
=============================
====== JS ERROR CAUGHT ======
Unhandled Promise: TypeError: Failed to fetch
=============================
====== JS ERROR CAUGHT ======
Unhandled Promise: TypeError: Failed to fetch
=============================
====== JS ERROR CAUGHT ======
Unhandled Promise: TypeError: Failed to fetch
=============================
====== JS ERROR CAUGHT ======
Unhandled Promise: TypeError: Failed to fetch
=============================
====== JS ERROR CAUGHT ======
Unhandled Promise: TypeError: Failed to fetch
=============================
====== JS ERROR CAUGHT ======
Unhandled Promise: TypeError: Failed to fetch
=============================
====== JS ERROR CAUGHT ======
Unhandled Promise: TypeError: Failed to fetch
=============================
====== JS ERROR CAUGHT ======
Unhandled Promise: TypeError: Failed to fetch
=============================
====== JS ERROR CAUGHT ======
Unhandled Promise: TypeError: Failed to fetch
=============================
====== JS ERROR CAUGHT ======
Unhandled Promise: TypeError: Failed to fetch
=============================
====== JS ERROR CAUGHT ======
Unhandled Promise: TypeError: Failed to fetch
=============================
====== JS ERROR CAUGHT ======
Unhandled Promise: TypeError: Failed to fetch
=============================
====== JS ERROR CAUGHT ======
Unhandled Promise: TypeError: Failed to fetch
=============================
====== JS ERROR CAUGHT ======
Unhandled Promise: TypeError: Failed to fetch
=============================
====== JS ERROR CAUGHT ======
Unhandled Promise: TypeError: Failed to fetch
=============================
====== JS ERROR CAUGHT ======
Unhandled Promise: TypeError: Failed to fetch
=============================
====== JS ERROR CAUGHT ======
Unhandled Promise: TypeError: Failed to fetch
=============================
====== JS ERROR CAUGHT ======
Unhandled Promise: TypeError: Failed to fetch
=============================
====== JS ERROR CAUGHT ======
Unhandled Promise: TypeError: Failed to fetch
=============================
====== JS ERROR CAUGHT ======
Unhandled Promise: TypeError: Failed to fetch
=============================
====== JS ERROR CAUGHT ======
Unhandled Promise: TypeError: Failed to fetch
=============================
====== JS ERROR CAUGHT ======
Unhandled Promise: TypeError: Failed to fetch
=============================
====== JS ERROR CAUGHT ======
Unhandled Promise: TypeError: Failed to fetch
=============================
====== JS ERROR CAUGHT ======
Unhandled Promise: TypeError: Failed to fetch
=============================
====== JS ERROR CAUGHT ======
Unhandled Promise: TypeError: Failed to fetch
=============================
====== JS ERROR CAUGHT ======
Unhandled Promise: TypeError: Failed to fetch
=============================
====== JS ERROR CAUGHT ======
Unhandled Promise: TypeError: Failed to fetch
=============================
====== JS ERROR CAUGHT ======
Unhandled Promise: TypeError: Failed to fetch
=============================
====== JS ERROR CAUGHT ======
Unhandled Promise: TypeError: Failed to fetch
=============================
====== JS ERROR CAUGHT ======
Unhandled Promise: TypeError: Failed to fetch
=============================
====== JS ERROR CAUGHT ======
Unhandled Promise: TypeError: Failed to fetch
=============================
====== JS ERROR CAUGHT ======
Unhandled Promise: TypeError: Failed to fetch
=============================
====== JS ERROR CAUGHT ======
Unhandled Promise: TypeError: Failed to fetch
=============================
====== JS ERROR CAUGHT ======
Unhandled Promise: TypeError: Failed to fetch
=============================
====== JS ERROR CAUGHT ======
Unhandled Promise: TypeError: Failed to fetch
=============================
====== JS ERROR CAUGHT ======
Unhandled Promise: TypeError: Failed to fetch
=============================
====== JS ERROR CAUGHT ======
Unhandled Promise: TypeError: Failed to fetch
=============================
====== JS ERROR CAUGHT ======
Unhandled Promise: TypeError: Failed to fetch
=============================
====== JS ERROR CAUGHT ======
Unhandled Promise: TypeError: Failed to fetch
=============================
====== JS ERROR CAUGHT ======
Unhandled Promise: TypeError: Failed to fetch
=============================
====== JS ERROR CAUGHT ======
Unhandled Promise: TypeError: Failed to fetch
=============================
====== JS ERROR CAUGHT ======
Unhandled Promise: TypeError: Failed to fetch
=============================
====== JS ERROR CAUGHT ======
Unhandled Promise: TypeError: Failed to fetch
=============================
====== JS ERROR CAUGHT ======
Unhandled Promise: TypeError: Failed to fetch
=============================
====== JS ERROR CAUGHT ======
Unhandled Promise: TypeError: Failed to fetch
=============================
====== JS ERROR CAUGHT ======
Unhandled Promise: TypeError: Failed to fetch
=============================
====== JS ERROR CAUGHT ======
Unhandled Promise: TypeError: Failed to fetch
=============================
====== JS ERROR CAUGHT ======
Unhandled Promise: TypeError: Failed to fetch
=============================
====== JS ERROR CAUGHT ======
Unhandled Promise: TypeError: Failed to fetch
=============================
====== JS ERROR CAUGHT ======
Unhandled Promise: TypeError: Failed to fetch
=============================
====== JS ERROR CAUGHT ======
Unhandled Promise: TypeError: Failed to fetch
=============================
====== JS ERROR CAUGHT ======
Unhandled Promise: TypeError: Failed to fetch
=============================
====== JS ERROR CAUGHT ======
Unhandled Promise: TypeError: Failed to fetch
=============================
====== JS ERROR CAUGHT ======
Unhandled Promise: TypeError: Failed to fetch
=============================
====== JS ERROR CAUGHT ======
Unhandled Promise: TypeError: Failed to fetch
=============================
====== JS ERROR CAUGHT ======
Unhandled Promise: TypeError: Failed to fetch
=============================
====== JS ERROR CAUGHT ======
Unhandled Promise: TypeError: Failed to fetch
=============================
====== JS ERROR CAUGHT ======
Unhandled Promise: TypeError: Failed to fetch
=============================
====== JS ERROR CAUGHT ======
Unhandled Promise: TypeError: Failed to fetch
=============================
====== JS ERROR CAUGHT ======
Unhandled Promise: TypeError: Failed to fetch
=============================
====== JS ERROR CAUGHT ======
Unhandled Promise: TypeError: Failed to fetch
=============================
====== JS ERROR CAUGHT ======
Unhandled Promise: TypeError: Failed to fetch
=============================
====== JS ERROR CAUGHT ======
Unhandled Promise: TypeError: Failed to fetch
=============================
====== JS ERROR CAUGHT ======
Unhandled Promise: TypeError: Failed to fetch
=============================
====== JS ERROR CAUGHT ======
Unhandled Promise: TypeError: Failed to fetch
=============================
====== JS ERROR CAUGHT ======
Unhandled Promise: TypeError: Failed to fetch
=============================
====== JS ERROR CAUGHT ======
Unhandled Promise: TypeError: Failed to fetch
=============================
====== JS ERROR CAUGHT ======
Unhandled Promise: TypeError: Failed to fetch
=============================
====== JS ERROR CAUGHT ======
Unhandled Promise: TypeError: Failed to fetch
=============================
====== JS ERROR CAUGHT ======
Unhandled Promise: TypeError: Failed to fetch
=============================
====== JS ERROR CAUGHT ======
Unhandled Promise: TypeError: Failed to fetch
=============================
====== JS ERROR CAUGHT ======
Unhandled Promise: TypeError: Failed to fetch
=============================
====== JS ERROR CAUGHT ======
Unhandled Promise: TypeError: Failed to fetch
=============================
====== JS ERROR CAUGHT ======
Unhandled Promise: TypeError: Failed to fetch
=============================
====== JS ERROR CAUGHT ======
Unhandled Promise: TypeError: Failed to fetch
=============================
====== JS ERROR CAUGHT ======
Unhandled Promise: TypeError: Failed to fetch
=============================
====== JS ERROR CAUGHT ======
Unhandled Promise: TypeError: Failed to fetch
=============================
====== JS ERROR CAUGHT ======
Unhandled Promise: TypeError: Failed to fetch
=============================
====== JS ERROR CAUGHT ======
Unhandled Promise: TypeError: Failed to fetch
=============================
====== JS ERROR CAUGHT ======
Unhandled Promise: TypeError: Failed to fetch
=============================
====== JS ERROR CAUGHT ======
Unhandled Promise: TypeError: Failed to fetch
=============================
====== JS ERROR CAUGHT ======
Unhandled Promise: TypeError: Failed to fetch
=============================
====== JS ERROR CAUGHT ======
Unhandled Promise: TypeError: Failed to fetch
=============================
====== JS ERROR CAUGHT ======
Unhandled Promise: TypeError: Failed to fetch
=============================
====== JS ERROR CAUGHT ======
Unhandled Promise: TypeError: Failed to fetch
=============================
====== JS ERROR CAUGHT ======
Unhandled Promise: TypeError: Failed to fetch
=============================
====== JS ERROR CAUGHT ======
Unhandled Promise: TypeError: Failed to fetch
=============================
====== JS ERROR CAUGHT ======
Unhandled Promise: TypeError: Failed to fetch
=============================
====== JS ERROR CAUGHT ======
Unhandled Promise: TypeError: Failed to fetch
=============================
====== JS ERROR CAUGHT ======
Unhandled Promise: TypeError: Failed to fetch
=============================
====== JS ERROR CAUGHT ======
Unhandled Promise: TypeError: Failed to fetch
=============================
====== JS ERROR CAUGHT ======
Unhandled Promise: TypeError: Failed to fetch
=============================
====== JS ERROR CAUGHT ======
Unhandled Promise: TypeError: Failed to fetch
=============================
====== JS ERROR CAUGHT ======
Unhandled Promise: TypeError: Failed to fetch
=============================
====== JS ERROR CAUGHT ======
Unhandled Promise: TypeError: Failed to fetch
=============================
====== JS ERROR CAUGHT ======
Unhandled Promise: TypeError: Failed to fetch
=============================
====== JS ERROR CAUGHT ======
Unhandled Promise: TypeError: Failed to fetch
=============================
====== JS ERROR CAUGHT ======
Unhandled Promise: TypeError: Failed to fetch
=============================
====== JS ERROR CAUGHT ======
Unhandled Promise: TypeError: Failed to fetch
=============================
====== JS ERROR CAUGHT ======
Unhandled Promise: TypeError: Failed to fetch
=============================
====== JS ERROR CAUGHT ======
Unhandled Promise: TypeError: Failed to fetch
=============================
====== JS ERROR CAUGHT ======
Unhandled Promise: TypeError: Failed to fetch
=============================
====== JS ERROR CAUGHT ======
Unhandled Promise: TypeError: Failed to fetch
=============================
====== JS ERROR CAUGHT ======
Unhandled Promise: TypeError: Failed to fetch
=============================
====== JS ERROR CAUGHT ======
Unhandled Promise: TypeError: Failed to fetch
=============================
====== JS ERROR CAUGHT ======
Unhandled Promise: TypeError: Failed to fetch
=============================
====== JS ERROR CAUGHT ======
Unhandled Promise: TypeError: Failed to fetch
=============================
====== JS ERROR CAUGHT ======
Unhandled Promise: TypeError: Failed to fetch
=============================
====== JS ERROR CAUGHT ======
Unhandled Promise: TypeError: Failed to fetch
=============================
====== JS ERROR CAUGHT ======
Unhandled Promise: TypeError: Failed to fetch
=============================
====== JS ERROR CAUGHT ======
Unhandled Promise: TypeError: Failed to fetch
=============================
====== JS ERROR CAUGHT ======
Unhandled Promise: TypeError: Failed to fetch
=============================
====== JS ERROR CAUGHT ======
Unhandled Promise: TypeError: Failed to fetch
=============================
====== JS ERROR CAUGHT ======
Unhandled Promise: TypeError: Failed to fetch
=============================
====== JS ERROR CAUGHT ======
Unhandled Promise: TypeError: Failed to fetch
=============================
====== JS ERROR CAUGHT ======
Unhandled Promise: TypeError: Failed to fetch
=============================
====== JS ERROR CAUGHT ======
Unhandled Promise: TypeError: Failed to fetch
=============================
====== JS ERROR CAUGHT ======
Unhandled Promise: TypeError: Failed to fetch
=============================
====== JS ERROR CAUGHT ======
Unhandled Promise: TypeError: Failed to fetch
=============================
====== JS ERROR CAUGHT ======
Unhandled Promise: TypeError: Failed to fetch
=============================
====== JS ERROR CAUGHT ======
Unhandled Promise: TypeError: Failed to fetch
=============================
====== JS ERROR CAUGHT ======
Unhandled Promise: TypeError: Failed to fetch
=============================
====== JS ERROR CAUGHT ======
Unhandled Promise: TypeError: Failed to fetch
=============================
====== JS ERROR CAUGHT ======
Unhandled Promise: TypeError: Failed to fetch
=============================
====== JS ERROR CAUGHT ======
Unhandled Promise: TypeError: Failed to fetch
=============================
====== JS ERROR CAUGHT ======
Unhandled Promise: TypeError: Failed to fetch
=============================
====== JS ERROR CAUGHT ======
Unhandled Promise: TypeError: Failed to fetch
=============================
====== JS ERROR CAUGHT ======
Unhandled Promise: TypeError: Failed to fetch
=============================
====== JS ERROR CAUGHT ======
Unhandled Promise: TypeError: Failed to fetch
=============================
====== JS ERROR CAUGHT ======
Unhandled Promise: TypeError: Failed to fetch
=============================
====== JS ERROR CAUGHT ======
Unhandled Promise: TypeError: Failed to fetch
=============================
====== JS ERROR CAUGHT ======
Unhandled Promise: TypeError: Failed to fetch
=============================
====== JS ERROR CAUGHT ======
Unhandled Promise: TypeError: Failed to fetch
=============================
====== JS ERROR CAUGHT ======
Unhandled Promise: TypeError: Failed to fetch
=============================
====== JS ERROR CAUGHT ======
Unhandled Promise: TypeError: Failed to fetch
=============================
====== JS ERROR CAUGHT ======
Unhandled Promise: TypeError: Failed to fetch
=============================
====== JS ERROR CAUGHT ======
Unhandled Promise: TypeError: Failed to fetch
=============================
====== JS ERROR CAUGHT ======
Unhandled Promise: TypeError: Failed to fetch
=============================
====== JS ERROR CAUGHT ======
Unhandled Promise: TypeError: Failed to fetch
=============================
====== JS ERROR CAUGHT ======
Unhandled Promise: TypeError: Failed to fetch
=============================
====== JS ERROR CAUGHT ======
Unhandled Promise: TypeError: Failed to fetch
=============================
====== JS ERROR CAUGHT ======
Unhandled Promise: TypeError: Failed to fetch
=============================
====== JS ERROR CAUGHT ======
Unhandled Promise: TypeError: Failed to fetch
=============================
====== JS ERROR CAUGHT ======
Unhandled Promise: TypeError: Failed to fetch
=============================
====== JS ERROR CAUGHT ======
Unhandled Promise: TypeError: Failed to fetch
=============================
====== JS ERROR CAUGHT ======
Unhandled Promise: TypeError: Failed to fetch
=============================
====== JS ERROR CAUGHT ======
Unhandled Promise: TypeError: Failed to fetch
=============================
====== JS ERROR CAUGHT ======
Unhandled Promise: TypeError: Failed to fetch
=============================
====== JS ERROR CAUGHT ======
Unhandled Promise: TypeError: Failed to fetch
=============================
====== JS ERROR CAUGHT ======
Unhandled Promise: TypeError: Failed to fetch
=============================
====== JS ERROR CAUGHT ======
Unhandled Promise: TypeError: Failed to fetch
=============================
====== JS ERROR CAUGHT ======
Unhandled Promise: TypeError: Failed to fetch
=============================
====== JS ERROR CAUGHT ======
Unhandled Promise: TypeError: Failed to fetch
=============================
====== JS ERROR CAUGHT ======
Unhandled Promise: TypeError: Failed to fetch
=============================
====== JS ERROR CAUGHT ======
Unhandled Promise: TypeError: Failed to fetch
=============================
====== JS ERROR CAUGHT ======
Unhandled Promise: TypeError: Failed to fetch
=============================
====== JS ERROR CAUGHT ======
Unhandled Promise: TypeError: Failed to fetch
=============================
====== JS ERROR CAUGHT ======
Unhandled Promise: TypeError: Failed to fetch
=============================
====== JS ERROR CAUGHT ======
Unhandled Promise: TypeError: Failed to fetch
=============================
====== JS ERROR CAUGHT ======
Unhandled Promise: TypeError: Failed to fetch
=============================
====== JS ERROR CAUGHT ======
Unhandled Promise: TypeError: Failed to fetch
=============================
====== JS ERROR CAUGHT ======
Unhandled Promise: TypeError: Failed to fetch
=============================
====== JS ERROR CAUGHT ======
Unhandled Promise: TypeError: Failed to fetch
=============================
====== JS ERROR CAUGHT ======
Unhandled Promise: TypeError: Failed to fetch
=============================
====== JS ERROR CAUGHT ======
Unhandled Promise: TypeError: Failed to fetch
=============================
====== JS ERROR CAUGHT ======
Unhandled Promise: TypeError: Failed to fetch
=============================
====== JS ERROR CAUGHT ======
Unhandled Promise: TypeError: Failed to fetch
=============================
====== JS ERROR CAUGHT ======
Unhandled Promise: TypeError: Failed to fetch
=============================
====== JS ERROR CAUGHT ======
Unhandled Promise: TypeError: Failed to fetch
=============================
====== JS ERROR CAUGHT ======
Unhandled Promise: TypeError: Failed to fetch
=============================
====== JS ERROR CAUGHT ======
Unhandled Promise: TypeError: Failed to fetch
=============================
====== JS ERROR CAUGHT ======
Unhandled Promise: TypeError: Failed to fetch
=============================
====== JS ERROR CAUGHT ======
Unhandled Promise: TypeError: Failed to fetch
=============================
====== JS ERROR CAUGHT ======
Unhandled Promise: TypeError: Failed to fetch
=============================
====== JS ERROR CAUGHT ======
Unhandled Promise: TypeError: Failed to fetch
=============================
====== JS ERROR CAUGHT ======
Unhandled Promise: TypeError: Failed to fetch
=============================
====== JS ERROR CAUGHT ======
Unhandled Promise: TypeError: Failed to fetch
=============================
====== JS ERROR CAUGHT ======
Unhandled Promise: TypeError: Failed to fetch
=============================
====== JS ERROR CAUGHT ======
Unhandled Promise: TypeError: Failed to fetch
=============================
====== JS ERROR CAUGHT ======
Unhandled Promise: TypeError: Failed to fetch
=============================
====== JS ERROR CAUGHT ======
Unhandled Promise: TypeError: Failed to fetch
=============================
====== JS ERROR CAUGHT ======
Unhandled Promise: TypeError: Failed to fetch
=============================
====== JS ERROR CAUGHT ======
Unhandled Promise: TypeError: Failed to fetch
=============================
====== JS ERROR CAUGHT ======
Unhandled Promise: TypeError: Failed to fetch
=============================
====== JS ERROR CAUGHT ======
Unhandled Promise: TypeError: Failed to fetch
=============================
====== JS ERROR CAUGHT ======
Unhandled Promise: TypeError: Failed to fetch
=============================
====== JS ERROR CAUGHT ======
Unhandled Promise: TypeError: Failed to fetch
=============================
====== JS ERROR CAUGHT ======
Unhandled Promise: TypeError: Failed to fetch
=============================
====== JS ERROR CAUGHT ======
Unhandled Promise: TypeError: Failed to fetch
=============================
====== JS ERROR CAUGHT ======
Unhandled Promise: TypeError: Failed to fetch
=============================
====== JS ERROR CAUGHT ======
Unhandled Promise: TypeError: Failed to fetch
=============================
====== JS ERROR CAUGHT ======
Unhandled Promise: TypeError: Failed to fetch
=============================
====== JS ERROR CAUGHT ======
Unhandled Promise: TypeError: Failed to fetch
=============================
====== JS ERROR CAUGHT ======
Unhandled Promise: TypeError: Failed to fetch
=============================
====== JS ERROR CAUGHT ======
Unhandled Promise: TypeError: Failed to fetch
=============================
====== JS ERROR CAUGHT ======
Unhandled Promise: TypeError: Failed to fetch
=============================
====== JS ERROR CAUGHT ======
Unhandled Promise: TypeError: Failed to fetch
=============================
====== JS ERROR CAUGHT ======
Unhandled Promise: TypeError: Failed to fetch
=============================
====== JS ERROR CAUGHT ======
Unhandled Promise: TypeError: Failed to fetch
=============================
====== JS ERROR CAUGHT ======
Unhandled Promise: TypeError: Failed to fetch
=============================
====== JS ERROR CAUGHT ======
Unhandled Promise: TypeError: Failed to fetch
=============================
====== JS ERROR CAUGHT ======
Unhandled Promise: TypeError: Failed to fetch
=============================
====== JS ERROR CAUGHT ======
Unhandled Promise: TypeError: Failed to fetch
=============================
====== JS ERROR CAUGHT ======
Unhandled Promise: TypeError: Failed to fetch
=============================
====== JS ERROR CAUGHT ======
Unhandled Promise: TypeError: Failed to fetch
=============================
====== JS ERROR CAUGHT ======
Unhandled Promise: TypeError: Failed to fetch
=============================
====== JS ERROR CAUGHT ======
Unhandled Promise: TypeError: Failed to fetch
=============================
====== JS ERROR CAUGHT ======
Unhandled Promise: TypeError: Failed to fetch
=============================
====== JS ERROR CAUGHT ======
Unhandled Promise: TypeError: Failed to fetch
=============================
====== JS ERROR CAUGHT ======
Unhandled Promise: TypeError: Failed to fetch
=============================
====== JS ERROR CAUGHT ======
Unhandled Promise: TypeError: Failed to fetch
=============================
====== JS ERROR CAUGHT ======
Unhandled Promise: TypeError: Failed to fetch
=============================
====== JS ERROR CAUGHT ======
Unhandled Promise: TypeError: Failed to fetch
=============================
====== JS ERROR CAUGHT ======
Unhandled Promise: TypeError: Failed to fetch
=============================
====== JS ERROR CAUGHT ======
Unhandled Promise: TypeError: Failed to fetch
=============================
====== JS ERROR CAUGHT ======
Unhandled Promise: TypeError: Failed to fetch
=============================
====== JS ERROR CAUGHT ======
Unhandled Promise: TypeError: Failed to fetch
=============================
====== JS ERROR CAUGHT ======
Unhandled Promise: TypeError: Failed to fetch
=============================
====== JS ERROR CAUGHT ======
Unhandled Promise: TypeError: Failed to fetch
=============================
====== JS ERROR CAUGHT ======
Unhandled Promise: TypeError: Failed to fetch
=============================
====== JS ERROR CAUGHT ======
Unhandled Promise: TypeError: Failed to fetch
=============================
====== JS ERROR CAUGHT ======
Unhandled Promise: TypeError: Failed to fetch
=============================
====== JS ERROR CAUGHT ======
Unhandled Promise: TypeError: Failed to fetch
=============================
====== JS ERROR CAUGHT ======
Unhandled Promise: TypeError: Failed to fetch
=============================
====== JS ERROR CAUGHT ======
Unhandled Promise: TypeError: Failed to fetch
=============================
====== JS ERROR CAUGHT ======
Unhandled Promise: TypeError: Failed to fetch
=============================
====== JS ERROR CAUGHT ======
Unhandled Promise: TypeError: Failed to fetch
=============================
====== JS ERROR CAUGHT ======
Unhandled Promise: TypeError: Failed to fetch
=============================
====== JS ERROR CAUGHT ======
Unhandled Promise: TypeError: Failed to fetch
=============================
====== JS ERROR CAUGHT ======
Unhandled Promise: TypeError: Failed to fetch
=============================
====== JS ERROR CAUGHT ======
Unhandled Promise: TypeError: Failed to fetch
=============================
====== JS ERROR CAUGHT ======
Unhandled Promise: TypeError: Failed to fetch
=============================
====== JS ERROR CAUGHT ======
Unhandled Promise: TypeError: Failed to fetch
=============================
====== JS ERROR CAUGHT ======
Unhandled Promise: TypeError: Failed to fetch
=============================
====== JS ERROR CAUGHT ======
Unhandled Promise: TypeError: Failed to fetch
=============================
====== JS ERROR CAUGHT ======
Unhandled Promise: TypeError: Failed to fetch
=============================
====== JS ERROR CAUGHT ======
Unhandled Promise: TypeError: Failed to fetch
=============================
====== JS ERROR CAUGHT ======
Unhandled Promise: TypeError: Failed to fetch
=============================
====== JS ERROR CAUGHT ======
Unhandled Promise: TypeError: Failed to fetch
=============================
====== JS ERROR CAUGHT ======
Unhandled Promise: TypeError: Failed to fetch
=============================
====== JS ERROR CAUGHT ======
Unhandled Promise: TypeError: Failed to fetch
=============================
====== JS ERROR CAUGHT ======
Unhandled Promise: TypeError: Failed to fetch
=============================
====== JS ERROR CAUGHT ======
Unhandled Promise: TypeError: Failed to fetch
=============================
====== JS ERROR CAUGHT ======
Unhandled Promise: TypeError: Failed to fetch
=============================
====== JS ERROR CAUGHT ======
Unhandled Promise: TypeError: Failed to fetch
=============================
====== JS ERROR CAUGHT ======
Unhandled Promise: TypeError: Failed to fetch
=============================
====== JS ERROR CAUGHT ======
Unhandled Promise: TypeError: Failed to fetch
=============================
====== JS ERROR CAUGHT ======
Unhandled Promise: TypeError: Failed to fetch
=============================
====== JS ERROR CAUGHT ======
Unhandled Promise: TypeError: Failed to fetch
=============================
====== JS ERROR CAUGHT ======
Unhandled Promise: TypeError: Failed to fetch
=============================
====== JS ERROR CAUGHT ======
Unhandled Promise: TypeError: Failed to fetch
=============================
====== JS ERROR CAUGHT ======
Unhandled Promise: TypeError: Failed to fetch
=============================
====== JS ERROR CAUGHT ======
Unhandled Promise: TypeError: Failed to fetch
=============================
====== JS ERROR CAUGHT ======
Unhandled Promise: TypeError: Failed to fetch
=============================
====== JS ERROR CAUGHT ======
Unhandled Promise: TypeError: Failed to fetch
=============================
====== JS ERROR CAUGHT ======
Unhandled Promise: TypeError: Failed to fetch
=============================
====== JS ERROR CAUGHT ======
Unhandled Promise: TypeError: Failed to fetch
=============================
====== JS ERROR CAUGHT ======
Unhandled Promise: TypeError: Failed to fetch
=============================
====== JS ERROR CAUGHT ======
Unhandled Promise: TypeError: Failed to fetch
=============================
====== JS ERROR CAUGHT ======
Unhandled Promise: TypeError: Failed to fetch
=============================
====== JS ERROR CAUGHT ======
Unhandled Promise: TypeError: Failed to fetch
=============================
====== JS ERROR CAUGHT ======
Unhandled Promise: TypeError: Failed to fetch
=============================
====== JS ERROR CAUGHT ======
Unhandled Promise: TypeError: Failed to fetch
=============================
====== JS ERROR CAUGHT ======
Unhandled Promise: TypeError: Failed to fetch
=============================
====== JS ERROR CAUGHT ======
Unhandled Promise: TypeError: Failed to fetch
=============================
====== JS ERROR CAUGHT ======
Unhandled Promise: TypeError: Failed to fetch
=============================
====== JS ERROR CAUGHT ======
Unhandled Promise: TypeError: Failed to fetch
=============================
====== JS ERROR CAUGHT ======
Unhandled Promise: TypeError: Failed to fetch
=============================
====== JS ERROR CAUGHT ======
Unhandled Promise: TypeError: Failed to fetch
=============================
====== JS ERROR CAUGHT ======
Unhandled Promise: TypeError: Failed to fetch
=============================
====== JS ERROR CAUGHT ======
Unhandled Promise: TypeError: Failed to fetch
=============================
====== JS ERROR CAUGHT ======
Unhandled Promise: TypeError: Failed to fetch
=============================
====== JS ERROR CAUGHT ======
Unhandled Promise: TypeError: Failed to fetch
=============================
====== JS ERROR CAUGHT ======
Unhandled Promise: TypeError: Failed to fetch
=============================
====== JS ERROR CAUGHT ======
Unhandled Promise: TypeError: Failed to fetch
=============================
====== JS ERROR CAUGHT ======
Unhandled Promise: TypeError: Failed to fetch
=============================
====== JS ERROR CAUGHT ======
Unhandled Promise: TypeError: Failed to fetch
=============================
====== JS ERROR CAUGHT ======
Unhandled Promise: TypeError: Failed to fetch
=============================
====== JS ERROR CAUGHT ======
Unhandled Promise: TypeError: Failed to fetch
=============================
====== JS ERROR CAUGHT ======
Unhandled Promise: TypeError: Failed to fetch
=============================
====== JS ERROR CAUGHT ======
Unhandled Promise: TypeError: Failed to fetch
=============================
====== JS ERROR CAUGHT ======
Unhandled Promise: TypeError: Failed to fetch
=============================
====== JS ERROR CAUGHT ======
Unhandled Promise: TypeError: Failed to fetch
=============================
====== JS ERROR CAUGHT ======
Unhandled Promise: TypeError: Failed to fetch
=============================
====== JS ERROR CAUGHT ======
Unhandled Promise: TypeError: Failed to fetch
=============================
====== JS ERROR CAUGHT ======
Unhandled Promise: TypeError: Failed to fetch
=============================
====== JS ERROR CAUGHT ======
Unhandled Promise: TypeError: Failed to fetch
=============================
====== JS ERROR CAUGHT ======
Unhandled Promise: TypeError: Failed to fetch
=============================
====== JS ERROR CAUGHT ======
Unhandled Promise: TypeError: Failed to fetch
=============================
====== JS ERROR CAUGHT ======
Unhandled Promise: TypeError: Failed to fetch
=============================
====== JS ERROR CAUGHT ======
Unhandled Promise: TypeError: Failed to fetch
=============================
====== JS ERROR CAUGHT ======
Unhandled Promise: TypeError: Failed to fetch
=============================
====== JS ERROR CAUGHT ======
Unhandled Promise: TypeError: Failed to fetch
=============================
====== JS ERROR CAUGHT ======
Unhandled Promise: TypeError: Failed to fetch
=============================
====== JS ERROR CAUGHT ======
Unhandled Promise: TypeError: Failed to fetch
=============================
====== JS ERROR CAUGHT ======
Unhandled Promise: TypeError: Failed to fetch
=============================
====== JS ERROR CAUGHT ======
Unhandled Promise: TypeError: Failed to fetch
=============================
====== JS ERROR CAUGHT ======
Unhandled Promise: TypeError: Failed to fetch
=============================
====== JS ERROR CAUGHT ======
Unhandled Promise: TypeError: Failed to fetch
=============================
====== JS ERROR CAUGHT ======
Unhandled Promise: TypeError: Failed to fetch
=============================
====== JS ERROR CAUGHT ======
Unhandled Promise: TypeError: Failed to fetch
=============================
====== JS ERROR CAUGHT ======
Unhandled Promise: TypeError: Failed to fetch
=============================
====== JS ERROR CAUGHT ======
Unhandled Promise: TypeError: Failed to fetch
=============================
====== JS ERROR CAUGHT ======
Unhandled Promise: TypeError: Failed to fetch
=============================
====== JS ERROR CAUGHT ======
Unhandled Promise: TypeError: Failed to fetch
=============================
====== JS ERROR CAUGHT ======
Unhandled Promise: TypeError: Failed to fetch
=============================
====== JS ERROR CAUGHT ======
Unhandled Promise: TypeError: Failed to fetch
=============================
====== JS ERROR CAUGHT ======
Unhandled Promise: TypeError: Failed to fetch
=============================
====== JS ERROR CAUGHT ======
Unhandled Promise: TypeError: Failed to fetch
=============================
====== JS ERROR CAUGHT ======
Unhandled Promise: TypeError: Failed to fetch
=============================
====== JS ERROR CAUGHT ======
Unhandled Promise: TypeError: Failed to fetch
=============================
====== JS ERROR CAUGHT ======
Unhandled Promise: TypeError: Failed to fetch
=============================
====== JS ERROR CAUGHT ======
Unhandled Promise: TypeError: Failed to fetch
=============================
====== JS ERROR CAUGHT ======
Unhandled Promise: TypeError: Failed to fetch
=============================
====== JS ERROR CAUGHT ======
Unhandled Promise: TypeError: Failed to fetch
=============================
====== JS ERROR CAUGHT ======
Unhandled Promise: TypeError: Failed to fetch
=============================
====== JS ERROR CAUGHT ======
Unhandled Promise: TypeError: Failed to fetch
=============================
====== JS ERROR CAUGHT ======
Unhandled Promise: TypeError: Failed to fetch
=============================
====== JS ERROR CAUGHT ======
Unhandled Promise: TypeError: Failed to fetch
=============================
====== JS ERROR CAUGHT ======
Unhandled Promise: TypeError: Failed to fetch
=============================
====== JS ERROR CAUGHT ======
Unhandled Promise: TypeError: Failed to fetch
=============================
====== JS ERROR CAUGHT ======
Unhandled Promise: TypeError: Failed to fetch
=============================
====== JS ERROR CAUGHT ======
Unhandled Promise: TypeError: Failed to fetch
=============================
====== JS ERROR CAUGHT ======
Unhandled Promise: TypeError: Failed to fetch
=============================
====== JS ERROR CAUGHT ======
Unhandled Promise: TypeError: Failed to fetch
=============================
====== JS ERROR CAUGHT ======
Unhandled Promise: TypeError: Failed to fetch
=============================
====== JS ERROR CAUGHT ======
Unhandled Promise: TypeError: Failed to fetch
=============================
====== JS ERROR CAUGHT ======
Unhandled Promise: TypeError: Failed to fetch
=============================
====== JS ERROR CAUGHT ======
Unhandled Promise: TypeError: Failed to fetch
=============================
====== JS ERROR CAUGHT ======
Unhandled Promise: TypeError: Failed to fetch
=============================
====== JS ERROR CAUGHT ======
Unhandled Promise: TypeError: Failed to fetch
=============================
====== JS ERROR CAUGHT ======
Unhandled Promise: TypeError: Failed to fetch
=============================
====== JS ERROR CAUGHT ======
Unhandled Promise: TypeError: Failed to fetch
=============================
====== JS ERROR CAUGHT ======
Unhandled Promise: TypeError: Failed to fetch
=============================
====== JS ERROR CAUGHT ======
Unhandled Promise: TypeError: Failed to fetch
=============================
====== JS ERROR CAUGHT ======
Unhandled Promise: TypeError: Failed to fetch
=============================
====== JS ERROR CAUGHT ======
Unhandled Promise: TypeError: Failed to fetch
=============================
====== JS ERROR CAUGHT ======
Unhandled Promise: TypeError: Failed to fetch
=============================
====== JS ERROR CAUGHT ======
Unhandled Promise: TypeError: Failed to fetch
=============================
====== JS ERROR CAUGHT ======
Unhandled Promise: TypeError: Failed to fetch
=============================
====== JS ERROR CAUGHT ======
Unhandled Promise: TypeError: Failed to fetch
=============================
====== JS ERROR CAUGHT ======
Unhandled Promise: TypeError: Failed to fetch
=============================
====== JS ERROR CAUGHT ======
Unhandled Promise: TypeError: Failed to fetch
=============================
====== JS ERROR CAUGHT ======
Unhandled Promise: TypeError: Failed to fetch
=============================
====== JS ERROR CAUGHT ======
Unhandled Promise: TypeError: Failed to fetch
=============================
====== JS ERROR CAUGHT ======
Unhandled Promise: TypeError: Failed to fetch
=============================
====== JS ERROR CAUGHT ======
Unhandled Promise: TypeError: Failed to fetch
=============================
====== JS ERROR CAUGHT ======
Unhandled Promise: TypeError: Failed to fetch
=============================
====== JS ERROR CAUGHT ======
Unhandled Promise: TypeError: Failed to fetch
=============================
====== JS ERROR CAUGHT ======
Unhandled Promise: TypeError: Failed to fetch
=============================
====== JS ERROR CAUGHT ======
Unhandled Promise: TypeError: Failed to fetch
=============================
====== JS ERROR CAUGHT ======
Unhandled Promise: TypeError: Failed to fetch
=============================
====== JS ERROR CAUGHT ======
Unhandled Promise: TypeError: Failed to fetch
=============================
====== JS ERROR CAUGHT ======
Unhandled Promise: TypeError: Failed to fetch
=============================
====== JS ERROR CAUGHT ======
Unhandled Promise: TypeError: Failed to fetch
=============================
====== JS ERROR CAUGHT ======
Unhandled Promise: TypeError: Failed to fetch
=============================
====== JS ERROR CAUGHT ======
Unhandled Promise: TypeError: Failed to fetch
=============================
====== JS ERROR CAUGHT ======
Unhandled Promise: TypeError: Failed to fetch
=============================
====== JS ERROR CAUGHT ======
Unhandled Promise: TypeError: Failed to fetch
=============================
====== JS ERROR CAUGHT ======
Unhandled Promise: TypeError: Failed to fetch
=============================
====== JS ERROR CAUGHT ======
Unhandled Promise: TypeError: Failed to fetch
=============================
====== JS ERROR CAUGHT ======
Unhandled Promise: TypeError: Failed to fetch
=============================
====== JS ERROR CAUGHT ======
Unhandled Promise: TypeError: Failed to fetch
=============================
====== JS ERROR CAUGHT ======
Unhandled Promise: TypeError: Failed to fetch
=============================
====== JS ERROR CAUGHT ======
Unhandled Promise: TypeError: Failed to fetch
=============================
====== JS ERROR CAUGHT ======
Unhandled Promise: TypeError: Failed to fetch
=============================
====== JS ERROR CAUGHT ======
Unhandled Promise: TypeError: Failed to fetch
=============================
====== JS ERROR CAUGHT ======
Unhandled Promise: TypeError: Failed to fetch
=============================
====== JS ERROR CAUGHT ======
Unhandled Promise: TypeError: Failed to fetch
=============================
====== JS ERROR CAUGHT ======
Unhandled Promise: TypeError: Failed to fetch
=============================
====== JS ERROR CAUGHT ======
Unhandled Promise: TypeError: Failed to fetch
=============================
====== JS ERROR CAUGHT ======
Unhandled Promise: TypeError: Failed to fetch
=============================
====== JS ERROR CAUGHT ======
Unhandled Promise: TypeError: Failed to fetch
=============================
====== JS ERROR CAUGHT ======
Unhandled Promise: TypeError: Failed to fetch
=============================
====== JS ERROR CAUGHT ======
Unhandled Promise: TypeError: Failed to fetch
=============================
====== JS ERROR CAUGHT ======
Unhandled Promise: TypeError: Failed to fetch
=============================
====== JS ERROR CAUGHT ======
Unhandled Promise: TypeError: Failed to fetch
=============================
====== JS ERROR CAUGHT ======
Unhandled Promise: TypeError: Failed to fetch
=============================
====== JS ERROR CAUGHT ======
Unhandled Promise: TypeError: Failed to fetch
=============================
====== JS ERROR CAUGHT ======
Unhandled Promise: TypeError: Failed to fetch
=============================
====== JS ERROR CAUGHT ======
Unhandled Promise: TypeError: Failed to fetch
=============================
====== JS ERROR CAUGHT ======
Unhandled Promise: TypeError: Failed to fetch
=============================
====== JS ERROR CAUGHT ======
Unhandled Promise: TypeError: Failed to fetch
=============================
====== JS ERROR CAUGHT ======
Unhandled Promise: TypeError: Failed to fetch
=============================
====== JS ERROR CAUGHT ======
Unhandled Promise: TypeError: Failed to fetch
=============================
====== JS ERROR CAUGHT ======
Unhandled Promise: TypeError: Failed to fetch
=============================
====== JS ERROR CAUGHT ======
Unhandled Promise: TypeError: Failed to fetch
=============================
====== JS ERROR CAUGHT ======
Unhandled Promise: TypeError: Failed to fetch
=============================
====== JS ERROR CAUGHT ======
Unhandled Promise: TypeError: Failed to fetch
=============================
====== JS ERROR CAUGHT ======
Unhandled Promise: TypeError: Failed to fetch
=============================
====== JS ERROR CAUGHT ======
Unhandled Promise: TypeError: Failed to fetch
=============================
====== JS ERROR CAUGHT ======
Unhandled Promise: TypeError: Failed to fetch
=============================
====== JS ERROR CAUGHT ======
Unhandled Promise: TypeError: Failed to fetch
=============================
====== JS ERROR CAUGHT ======
Unhandled Promise: TypeError: Failed to fetch
=============================
====== JS ERROR CAUGHT ======
Unhandled Promise: TypeError: Failed to fetch
=============================
====== JS ERROR CAUGHT ======
Unhandled Promise: TypeError: Failed to fetch
=============================
====== JS ERROR CAUGHT ======
Unhandled Promise: TypeError: Failed to fetch
=============================
====== JS ERROR CAUGHT ======
Unhandled Promise: TypeError: Failed to fetch
=============================
====== JS ERROR CAUGHT ======
Unhandled Promise: TypeError: Failed to fetch
=============================
====== JS ERROR CAUGHT ======
Unhandled Promise: TypeError: Failed to fetch
=============================
====== JS ERROR CAUGHT ======
Unhandled Promise: TypeError: Failed to fetch
=============================
====== JS ERROR CAUGHT ======
Unhandled Promise: TypeError: Failed to fetch
=============================
====== JS ERROR CAUGHT ======
Unhandled Promise: TypeError: Failed to fetch
=============================
====== JS ERROR CAUGHT ======
Unhandled Promise: TypeError: Failed to fetch
=============================
====== JS ERROR CAUGHT ======
Unhandled Promise: TypeError: Failed to fetch
=============================
====== JS ERROR CAUGHT ======
Unhandled Promise: TypeError: Failed to fetch
=============================
====== JS ERROR CAUGHT ======
Unhandled Promise: TypeError: Failed to fetch
=============================
====== JS ERROR CAUGHT ======
Unhandled Promise: TypeError: Failed to fetch
=============================
====== JS ERROR CAUGHT ======
Unhandled Promise: TypeError: Failed to fetch
=============================
====== JS ERROR CAUGHT ======
Unhandled Promise: TypeError: Failed to fetch
=============================
====== JS ERROR CAUGHT ======
Unhandled Promise: TypeError: Failed to fetch
=============================
====== JS ERROR CAUGHT ======
Unhandled Promise: TypeError: Failed to fetch
=============================
====== JS ERROR CAUGHT ======
Unhandled Promise: TypeError: Failed to fetch
=============================
====== JS ERROR CAUGHT ======
Unhandled Promise: TypeError: Failed to fetch
=============================
====== JS ERROR CAUGHT ======
Unhandled Promise: TypeError: Failed to fetch
=============================
====== JS ERROR CAUGHT ======
Unhandled Promise: TypeError: Failed to fetch
=============================
====== JS ERROR CAUGHT ======
Unhandled Promise: TypeError: Failed to fetch
=============================
====== JS ERROR CAUGHT ======
Unhandled Promise: TypeError: Failed to fetch
=============================
====== JS ERROR CAUGHT ======
Unhandled Promise: TypeError: Failed to fetch
=============================
====== JS ERROR CAUGHT ======
Unhandled Promise: TypeError: Failed to fetch
=============================
====== JS ERROR CAUGHT ======
Unhandled Promise: TypeError: Failed to fetch
=============================
====== JS ERROR CAUGHT ======
Unhandled Promise: TypeError: Failed to fetch
=============================
====== JS ERROR CAUGHT ======
Unhandled Promise: TypeError: Failed to fetch
=============================
====== JS ERROR CAUGHT ======
Unhandled Promise: TypeError: Failed to fetch
=============================
====== JS ERROR CAUGHT ======
Unhandled Promise: TypeError: Failed to fetch
=============================
====== JS ERROR CAUGHT ======
Unhandled Promise: TypeError: Failed to fetch
=============================
====== JS ERROR CAUGHT ======
Unhandled Promise: TypeError: Failed to fetch
=============================
====== JS ERROR CAUGHT ======
Unhandled Promise: TypeError: Failed to fetch
=============================
====== JS ERROR CAUGHT ======
Unhandled Promise: TypeError: Failed to fetch
=============================
====== JS ERROR CAUGHT ======
Unhandled Promise: TypeError: Failed to fetch
=============================
====== JS ERROR CAUGHT ======
Unhandled Promise: TypeError: Failed to fetch
=============================
====== JS ERROR CAUGHT ======
Unhandled Promise: TypeError: Failed to fetch
=============================
====== JS ERROR CAUGHT ======
Unhandled Promise: TypeError: Failed to fetch
=============================
====== JS ERROR CAUGHT ======
Unhandled Promise: TypeError: Failed to fetch
=============================
====== JS ERROR CAUGHT ======
Unhandled Promise: TypeError: Failed to fetch
=============================
====== JS ERROR CAUGHT ======
Unhandled Promise: TypeError: Failed to fetch
=============================
====== JS ERROR CAUGHT ======
Unhandled Promise: TypeError: Failed to fetch
=============================
====== JS ERROR CAUGHT ======
Unhandled Promise: TypeError: Failed to fetch
=============================
====== JS ERROR CAUGHT ======
Unhandled Promise: TypeError: Failed to fetch
=============================
====== JS ERROR CAUGHT ======
Unhandled Promise: TypeError: Failed to fetch
=============================
====== JS ERROR CAUGHT ======
Unhandled Promise: TypeError: Failed to fetch
=============================
====== JS ERROR CAUGHT ======
Unhandled Promise: TypeError: Failed to fetch
=============================
====== JS ERROR CAUGHT ======
Unhandled Promise: TypeError: Failed to fetch
=============================
====== JS ERROR CAUGHT ======
Unhandled Promise: TypeError: Failed to fetch
=============================
====== JS ERROR CAUGHT ======
Unhandled Promise: TypeError: Failed to fetch
=============================
====== JS ERROR CAUGHT ======
Unhandled Promise: TypeError: Failed to fetch
=============================
====== JS ERROR CAUGHT ======
Unhandled Promise: TypeError: Failed to fetch
=============================
====== JS ERROR CAUGHT ======
Unhandled Promise: TypeError: Failed to fetch
=============================
====== JS ERROR CAUGHT ======
Unhandled Promise: TypeError: Failed to fetch
=============================
====== JS ERROR CAUGHT ======
Unhandled Promise: TypeError: Failed to fetch
=============================
====== JS ERROR CAUGHT ======
Unhandled Promise: TypeError: Failed to fetch
=============================
====== JS ERROR CAUGHT ======
Unhandled Promise: TypeError: Failed to fetch
=============================
====== JS ERROR CAUGHT ======
Unhandled Promise: TypeError: Failed to fetch
=============================
====== JS ERROR CAUGHT ======
Unhandled Promise: TypeError: Failed to fetch
=============================
====== JS ERROR CAUGHT ======
Unhandled Promise: TypeError: Failed to fetch
=============================
====== JS ERROR CAUGHT ======
Unhandled Promise: TypeError: Failed to fetch
=============================
====== JS ERROR CAUGHT ======
Unhandled Promise: TypeError: Failed to fetch
=============================
====== JS ERROR CAUGHT ======
Unhandled Promise: TypeError: Failed to fetch
=============================
====== JS ERROR CAUGHT ======
Unhandled Promise: TypeError: Failed to fetch
=============================
====== JS ERROR CAUGHT ======
Unhandled Promise: TypeError: Failed to fetch
=============================
====== JS ERROR CAUGHT ======
Unhandled Promise: TypeError: Failed to fetch
=============================
====== JS ERROR CAUGHT ======
Unhandled Promise: TypeError: Failed to fetch
=============================
====== JS ERROR CAUGHT ======
Unhandled Promise: TypeError: Failed to fetch
=============================
====== JS ERROR CAUGHT ======
Unhandled Promise: TypeError: Failed to fetch
=============================
====== JS ERROR CAUGHT ======
Unhandled Promise: TypeError: Failed to fetch
=============================
====== JS ERROR CAUGHT ======
Unhandled Promise: TypeError: Failed to fetch
=============================
====== JS ERROR CAUGHT ======
Unhandled Promise: TypeError: Failed to fetch
=============================
====== JS ERROR CAUGHT ======
Unhandled Promise: TypeError: Failed to fetch
=============================
====== JS ERROR CAUGHT ======
Unhandled Promise: TypeError: Failed to fetch
=============================
====== JS ERROR CAUGHT ======
Unhandled Promise: TypeError: Failed to fetch
=============================
====== JS ERROR CAUGHT ======
Unhandled Promise: TypeError: Failed to fetch
=============================
====== JS ERROR CAUGHT ======
Unhandled Promise: TypeError: Failed to fetch
=============================
====== JS ERROR CAUGHT ======
Unhandled Promise: TypeError: Failed to fetch
=============================
====== JS ERROR CAUGHT ======
Unhandled Promise: TypeError: Failed to fetch
=============================
====== JS ERROR CAUGHT ======
Unhandled Promise: TypeError: Failed to fetch
=============================
====== JS ERROR CAUGHT ======
Unhandled Promise: TypeError: Failed to fetch
=============================
====== JS ERROR CAUGHT ======
Unhandled Promise: TypeError: Failed to fetch
=============================
====== JS ERROR CAUGHT ======
Unhandled Promise: TypeError: Failed to fetch
=============================
====== JS ERROR CAUGHT ======
Unhandled Promise: TypeError: Failed to fetch
=============================
====== JS ERROR CAUGHT ======
Unhandled Promise: TypeError: Failed to fetch
=============================
====== JS ERROR CAUGHT ======
Unhandled Promise: TypeError: Failed to fetch
=============================
====== JS ERROR CAUGHT ======
Unhandled Promise: TypeError: Failed to fetch
=============================
====== JS ERROR CAUGHT ======
Unhandled Promise: TypeError: Failed to fetch
=============================
====== JS ERROR CAUGHT ======
Unhandled Promise: TypeError: Failed to fetch
=============================
====== JS ERROR CAUGHT ======
Unhandled Promise: TypeError: Failed to fetch
=============================
====== JS ERROR CAUGHT ======
Unhandled Promise: TypeError: Failed to fetch
=============================
====== JS ERROR CAUGHT ======
Unhandled Promise: TypeError: Failed to fetch
=============================
====== JS ERROR CAUGHT ======
Unhandled Promise: TypeError: Failed to fetch
=============================
====== JS ERROR CAUGHT ======
Unhandled Promise: TypeError: Failed to fetch
=============================
====== JS ERROR CAUGHT ======
Unhandled Promise: TypeError: Failed to fetch
=============================
====== JS ERROR CAUGHT ======
Unhandled Promise: TypeError: Failed to fetch
=============================
====== JS ERROR CAUGHT ======
Unhandled Promise: TypeError: Failed to fetch
=============================
====== JS ERROR CAUGHT ======
Unhandled Promise: TypeError: Failed to fetch
=============================
====== JS ERROR CAUGHT ======
Unhandled Promise: TypeError: Failed to fetch
=============================
====== JS ERROR CAUGHT ======
Unhandled Promise: TypeError: Failed to fetch
=============================
====== JS ERROR CAUGHT ======
Unhandled Promise: TypeError: Failed to fetch
=============================
====== JS ERROR CAUGHT ======
Unhandled Promise: TypeError: Failed to fetch
=============================
====== JS ERROR CAUGHT ======
Unhandled Promise: TypeError: Failed to fetch
=============================
====== JS ERROR CAUGHT ======
Unhandled Promise: TypeError: Failed to fetch
=============================
====== JS ERROR CAUGHT ======
Unhandled Promise: TypeError: Failed to fetch
=============================
====== JS ERROR CAUGHT ======
Unhandled Promise: TypeError: Failed to fetch
=============================
====== JS ERROR CAUGHT ======
Unhandled Promise: TypeError: Failed to fetch
=============================
====== JS ERROR CAUGHT ======
Unhandled Promise: TypeError: Failed to fetch
=============================
====== JS ERROR CAUGHT ======
Unhandled Promise: TypeError: Failed to fetch
=============================
====== JS ERROR CAUGHT ======
Unhandled Promise: TypeError: Failed to fetch
=============================
====== JS ERROR CAUGHT ======
Unhandled Promise: TypeError: Failed to fetch
=============================
====== JS ERROR CAUGHT ======
Unhandled Promise: TypeError: Failed to fetch
=============================
====== JS ERROR CAUGHT ======
Unhandled Promise: TypeError: Failed to fetch
=============================
====== JS ERROR CAUGHT ======
Unhandled Promise: TypeError: Failed to fetch
=============================
====== JS ERROR CAUGHT ======
Unhandled Promise: TypeError: Failed to fetch
=============================
====== JS ERROR CAUGHT ======
Unhandled Promise: TypeError: Failed to fetch
=============================
====== JS ERROR CAUGHT ======
Unhandled Promise: TypeError: Failed to fetch
=============================
====== JS ERROR CAUGHT ======
Unhandled Promise: TypeError: Failed to fetch
=============================
====== JS ERROR CAUGHT ======
Unhandled Promise: TypeError: Failed to fetch
=============================
====== JS ERROR CAUGHT ======
Unhandled Promise: TypeError: Failed to fetch
=============================
====== JS ERROR CAUGHT ======
Unhandled Promise: TypeError: Failed to fetch
=============================
====== JS ERROR CAUGHT ======
Unhandled Promise: TypeError: Failed to fetch
=============================
====== JS ERROR CAUGHT ======
Unhandled Promise: TypeError: Failed to fetch
=============================
====== JS ERROR CAUGHT ======
Unhandled Promise: TypeError: Failed to fetch
=============================
====== JS ERROR CAUGHT ======
Unhandled Promise: TypeError: Failed to fetch
=============================
====== JS ERROR CAUGHT ======
Unhandled Promise: TypeError: Failed to fetch
=============================
====== JS ERROR CAUGHT ======
Unhandled Promise: TypeError: Failed to fetch
=============================
====== JS ERROR CAUGHT ======
Unhandled Promise: TypeError: Failed to fetch
=============================
====== JS ERROR CAUGHT ======
Unhandled Promise: TypeError: Failed to fetch
=============================
====== JS ERROR CAUGHT ======
Unhandled Promise: TypeError: Failed to fetch
=============================
====== JS ERROR CAUGHT ======
Unhandled Promise: TypeError: Failed to fetch
=============================
====== JS ERROR CAUGHT ======
Unhandled Promise: TypeError: Failed to fetch
=============================
====== JS ERROR CAUGHT ======
Unhandled Promise: TypeError: Failed to fetch
=============================
====== JS ERROR CAUGHT ======
Unhandled Promise: TypeError: Failed to fetch
=============================
====== JS ERROR CAUGHT ======
Unhandled Promise: TypeError: Failed to fetch
=============================
====== JS ERROR CAUGHT ======
Unhandled Promise: TypeError: Failed to fetch
=============================
====== JS ERROR CAUGHT ======
Unhandled Promise: TypeError: Failed to fetch
=============================
====== JS ERROR CAUGHT ======
Unhandled Promise: TypeError: Failed to fetch
=============================
====== JS ERROR CAUGHT ======
Unhandled Promise: TypeError: Failed to fetch
=============================
====== JS ERROR CAUGHT ======
Unhandled Promise: TypeError: Failed to fetch
=============================
====== JS ERROR CAUGHT ======
Unhandled Promise: TypeError: Failed to fetch
=============================
====== JS ERROR CAUGHT ======
Unhandled Promise: TypeError: Failed to fetch
=============================
====== JS ERROR CAUGHT ======
Unhandled Promise: TypeError: Failed to fetch
=============================
====== JS ERROR CAUGHT ======
Unhandled Promise: TypeError: Failed to fetch
=============================
====== JS ERROR CAUGHT ======
Unhandled Promise: TypeError: Failed to fetch
=============================
====== JS ERROR CAUGHT ======
Unhandled Promise: TypeError: Failed to fetch
=============================
====== JS ERROR CAUGHT ======
Unhandled Promise: TypeError: Failed to fetch
=============================
====== JS ERROR CAUGHT ======
Unhandled Promise: TypeError: Failed to fetch
=============================
====== JS ERROR CAUGHT ======
Unhandled Promise: TypeError: Failed to fetch
=============================
====== JS ERROR CAUGHT ======
Unhandled Promise: TypeError: Failed to fetch
=============================
====== JS ERROR CAUGHT ======
Unhandled Promise: TypeError: Failed to fetch
=============================
====== JS ERROR CAUGHT ======
Unhandled Promise: TypeError: Failed to fetch
=============================
====== JS ERROR CAUGHT ======
Unhandled Promise: TypeError: Failed to fetch
=============================
====== JS ERROR CAUGHT ======
Unhandled Promise: TypeError: Failed to fetch
=============================
====== JS ERROR CAUGHT ======
Unhandled Promise: TypeError: Failed to fetch
=============================
====== JS ERROR CAUGHT ======
Unhandled Promise: TypeError: Failed to fetch
=============================
====== JS ERROR CAUGHT ======
Unhandled Promise: TypeError: Failed to fetch
=============================
====== JS ERROR CAUGHT ======
Unhandled Promise: TypeError: Failed to fetch
=============================
====== JS ERROR CAUGHT ======
Unhandled Promise: TypeError: Failed to fetch
=============================
====== JS ERROR CAUGHT ======
Unhandled Promise: TypeError: Failed to fetch
=============================
====== JS ERROR CAUGHT ======
Unhandled Promise: TypeError: Failed to fetch
=============================
====== JS ERROR CAUGHT ======
Unhandled Promise: TypeError: Failed to fetch
=============================
====== JS ERROR CAUGHT ======
Unhandled Promise: TypeError: Failed to fetch
=============================
====== JS ERROR CAUGHT ======
Unhandled Promise: TypeError: Failed to fetch
=============================
====== JS ERROR CAUGHT ======
Unhandled Promise: TypeError: Failed to fetch
=============================
====== JS ERROR CAUGHT ======
Unhandled Promise: TypeError: Failed to fetch
=============================
====== JS ERROR CAUGHT ======
Unhandled Promise: TypeError: Failed to fetch
=============================
====== JS ERROR CAUGHT ======
Unhandled Promise: TypeError: Failed to fetch
=============================
====== JS ERROR CAUGHT ======
Unhandled Promise: TypeError: Failed to fetch
=============================
====== JS ERROR CAUGHT ======
Unhandled Promise: TypeError: Failed to fetch
=============================
====== JS ERROR CAUGHT ======
Unhandled Promise: TypeError: Failed to fetch
=============================
====== JS ERROR CAUGHT ======
Unhandled Promise: TypeError: Failed to fetch
=============================
====== JS ERROR CAUGHT ======
Unhandled Promise: TypeError: Failed to fetch
=============================
====== JS ERROR CAUGHT ======
Unhandled Promise: TypeError: Failed to fetch
=============================
====== JS ERROR CAUGHT ======
Unhandled Promise: TypeError: Failed to fetch
=============================
====== JS ERROR CAUGHT ======
Unhandled Promise: TypeError: Failed to fetch
=============================
====== JS ERROR CAUGHT ======
Unhandled Promise: TypeError: Failed to fetch
=============================
====== JS ERROR CAUGHT ======
Unhandled Promise: TypeError: Failed to fetch
=============================
====== JS ERROR CAUGHT ======
Unhandled Promise: TypeError: Failed to fetch
=============================
====== JS ERROR CAUGHT ======
Unhandled Promise: TypeError: Failed to fetch
=============================
====== JS ERROR CAUGHT ======
Unhandled Promise: TypeError: Failed to fetch
=============================
====== JS ERROR CAUGHT ======
Unhandled Promise: TypeError: Failed to fetch
=============================
====== JS ERROR CAUGHT ======
Unhandled Promise: TypeError: Failed to fetch
=============================
====== JS ERROR CAUGHT ======
Unhandled Promise: TypeError: Failed to fetch
=============================
====== JS ERROR CAUGHT ======
Unhandled Promise: TypeError: Failed to fetch
=============================
====== JS ERROR CAUGHT ======
Unhandled Promise: TypeError: Failed to fetch
=============================
====== JS ERROR CAUGHT ======
Unhandled Promise: TypeError: Failed to fetch
=============================
====== JS ERROR CAUGHT ======
Unhandled Promise: TypeError: Failed to fetch
=============================
====== JS ERROR CAUGHT ======
Unhandled Promise: TypeError: Failed to fetch
=============================
====== JS ERROR CAUGHT ======
Unhandled Promise: TypeError: Failed to fetch
=============================
====== JS ERROR CAUGHT ======
Unhandled Promise: TypeError: Failed to fetch
=============================
====== JS ERROR CAUGHT ======
Unhandled Promise: TypeError: Failed to fetch
=============================
====== JS ERROR CAUGHT ======
Unhandled Promise: TypeError: Failed to fetch
=============================
====== JS ERROR CAUGHT ======
Unhandled Promise: TypeError: Failed to fetch
=============================
====== JS ERROR CAUGHT ======
Unhandled Promise: TypeError: Failed to fetch
=============================
====== JS ERROR CAUGHT ======
Unhandled Promise: TypeError: Failed to fetch
=============================
====== JS ERROR CAUGHT ======
Unhandled Promise: TypeError: Failed to fetch
=============================
====== JS ERROR CAUGHT ======
Unhandled Promise: TypeError: Failed to fetch
=============================
====== JS ERROR CAUGHT ======
Unhandled Promise: TypeError: Failed to fetch
=============================
====== JS ERROR CAUGHT ======
Unhandled Promise: TypeError: Failed to fetch
=============================
====== JS ERROR CAUGHT ======
Unhandled Promise: TypeError: Failed to fetch
=============================
====== JS ERROR CAUGHT ======
Unhandled Promise: TypeError: Failed to fetch
=============================
====== JS ERROR CAUGHT ======
Unhandled Promise: TypeError: Failed to fetch
=============================
====== JS ERROR CAUGHT ======
Unhandled Promise: TypeError: Failed to fetch
=============================
====== JS ERROR CAUGHT ======
Unhandled Promise: TypeError: Failed to fetch
=============================
====== JS ERROR CAUGHT ======
Unhandled Promise: TypeError: Failed to fetch
=============================
====== JS ERROR CAUGHT ======
Unhandled Promise: TypeError: Failed to fetch
=============================
====== JS ERROR CAUGHT ======
Unhandled Promise: TypeError: Failed to fetch
=============================
====== JS ERROR CAUGHT ======
Unhandled Promise: TypeError: Failed to fetch
=============================
====== JS ERROR CAUGHT ======
Unhandled Promise: TypeError: Failed to fetch
=============================
====== JS ERROR CAUGHT ======
Unhandled Promise: TypeError: Failed to fetch
=============================
====== JS ERROR CAUGHT ======
Unhandled Promise: TypeError: Failed to fetch
=============================
====== JS ERROR CAUGHT ======
Unhandled Promise: TypeError: Failed to fetch
=============================
====== JS ERROR CAUGHT ======
Unhandled Promise: TypeError: Failed to fetch
=============================
====== JS ERROR CAUGHT ======
Unhandled Promise: TypeError: Failed to fetch
=============================
====== JS ERROR CAUGHT ======
Unhandled Promise: TypeError: Failed to fetch
=============================
====== JS ERROR CAUGHT ======
Unhandled Promise: TypeError: Failed to fetch
=============================
====== JS ERROR CAUGHT ======
Unhandled Promise: TypeError: Failed to fetch
=============================
====== JS ERROR CAUGHT ======
Unhandled Promise: TypeError: Failed to fetch
=============================
====== JS ERROR CAUGHT ======
Unhandled Promise: TypeError: Failed to fetch
=============================
====== JS ERROR CAUGHT ======
Unhandled Promise: TypeError: Failed to fetch
=============================
====== JS ERROR CAUGHT ======
Unhandled Promise: TypeError: Failed to fetch
=============================
====== JS ERROR CAUGHT ======
Unhandled Promise: TypeError: Failed to fetch
=============================
====== JS ERROR CAUGHT ======
Unhandled Promise: TypeError: Failed to fetch
=============================
====== JS ERROR CAUGHT ======
Unhandled Promise: TypeError: Failed to fetch
=============================
====== JS ERROR CAUGHT ======
Unhandled Promise: TypeError: Failed to fetch
=============================
====== JS ERROR CAUGHT ======
Unhandled Promise: TypeError: Failed to fetch
=============================
====== JS ERROR CAUGHT ======
Unhandled Promise: TypeError: Failed to fetch
=============================
====== JS ERROR CAUGHT ======
Unhandled Promise: TypeError: Failed to fetch
=============================
====== JS ERROR CAUGHT ======
Unhandled Promise: TypeError: Failed to fetch
=============================
====== JS ERROR CAUGHT ======
Unhandled Promise: TypeError: Failed to fetch
=============================
====== JS ERROR CAUGHT ======
Unhandled Promise: TypeError: Failed to fetch
=============================
====== JS ERROR CAUGHT ======
Unhandled Promise: TypeError: Failed to fetch
=============================
====== JS ERROR CAUGHT ======
Unhandled Promise: TypeError: Failed to fetch
=============================
====== JS ERROR CAUGHT ======
Unhandled Promise: TypeError: Failed to fetch
=============================
====== JS ERROR CAUGHT ======
Unhandled Promise: TypeError: Failed to fetch
=============================
====== JS ERROR CAUGHT ======
Unhandled Promise: TypeError: Failed to fetch
=============================
====== JS ERROR CAUGHT ======
Unhandled Promise: TypeError: Failed to fetch
=============================
====== JS ERROR CAUGHT ======
Unhandled Promise: TypeError: Failed to fetch
=============================
====== JS ERROR CAUGHT ======
Unhandled Promise: TypeError: Failed to fetch
=============================
====== JS ERROR CAUGHT ======
Unhandled Promise: TypeError: Failed to fetch
=============================
====== JS ERROR CAUGHT ======
Unhandled Promise: TypeError: Failed to fetch
=============================
====== JS ERROR CAUGHT ======
Unhandled Promise: TypeError: Failed to fetch
=============================
====== JS ERROR CAUGHT ======
Unhandled Promise: TypeError: Failed to fetch
=============================
====== JS ERROR CAUGHT ======
Unhandled Promise: TypeError: Failed to fetch
=============================
====== JS ERROR CAUGHT ======
Unhandled Promise: TypeError: Failed to fetch
=============================
====== JS ERROR CAUGHT ======
Unhandled Promise: TypeError: Failed to fetch
=============================
====== JS ERROR CAUGHT ======
Unhandled Promise: TypeError: Failed to fetch
=============================
====== JS ERROR CAUGHT ======
Unhandled Promise: TypeError: Failed to fetch
=============================
====== JS ERROR CAUGHT ======
Unhandled Promise: TypeError: Failed to fetch
=============================
====== JS ERROR CAUGHT ======
Unhandled Promise: TypeError: Failed to fetch
=============================
====== JS ERROR CAUGHT ======
Unhandled Promise: TypeError: Failed to fetch
=============================
====== JS ERROR CAUGHT ======
Unhandled Promise: TypeError: Failed to fetch
=============================
====== JS ERROR CAUGHT ======
Unhandled Promise: TypeError: Failed to fetch
=============================
====== JS ERROR CAUGHT ======
Unhandled Promise: TypeError: Failed to fetch
=============================
====== JS ERROR CAUGHT ======
Unhandled Promise: TypeError: Failed to fetch
=============================
====== JS ERROR CAUGHT ======
Unhandled Promise: TypeError: Failed to fetch
=============================
====== JS ERROR CAUGHT ======
Unhandled Promise: TypeError: Failed to fetch
=============================
====== JS ERROR CAUGHT ======
Unhandled Promise: TypeError: Failed to fetch
=============================
====== JS ERROR CAUGHT ======
Unhandled Promise: TypeError: Failed to fetch
=============================
====== JS ERROR CAUGHT ======
Unhandled Promise: TypeError: Failed to fetch
=============================
====== JS ERROR CAUGHT ======
Unhandled Promise: TypeError: Failed to fetch
=============================
====== JS ERROR CAUGHT ======
Unhandled Promise: TypeError: Failed to fetch
=============================
====== JS ERROR CAUGHT ======
Unhandled Promise: TypeError: Failed to fetch
=============================
====== JS ERROR CAUGHT ======
Unhandled Promise: TypeError: Failed to fetch
=============================
====== JS ERROR CAUGHT ======
Unhandled Promise: TypeError: Failed to fetch
=============================
====== JS ERROR CAUGHT ======
Unhandled Promise: TypeError: Failed to fetch
=============================
====== JS ERROR CAUGHT ======
Unhandled Promise: TypeError: Failed to fetch
=============================
====== JS ERROR CAUGHT ======
Unhandled Promise: TypeError: Failed to fetch
=============================
====== JS ERROR CAUGHT ======
Unhandled Promise: TypeError: Failed to fetch
=============================
====== JS ERROR CAUGHT ======
Unhandled Promise: TypeError: Failed to fetch
=============================
====== JS ERROR CAUGHT ======
Unhandled Promise: TypeError: Failed to fetch
=============================
====== JS ERROR CAUGHT ======
Unhandled Promise: TypeError: Failed to fetch
=============================
====== JS ERROR CAUGHT ======
Unhandled Promise: TypeError: Failed to fetch
=============================
====== JS ERROR CAUGHT ======
Unhandled Promise: TypeError: Failed to fetch
=============================
====== JS ERROR CAUGHT ======
Unhandled Promise: TypeError: Failed to fetch
=============================
====== JS ERROR CAUGHT ======
Unhandled Promise: TypeError: Failed to fetch
=============================
====== JS ERROR CAUGHT ======
Unhandled Promise: TypeError: Failed to fetch
=============================
====== JS ERROR CAUGHT ======
Unhandled Promise: TypeError: Failed to fetch
=============================
====== JS ERROR CAUGHT ======
Unhandled Promise: TypeError: Failed to fetch
=============================
====== JS ERROR CAUGHT ======
Unhandled Promise: TypeError: Failed to fetch
=============================
====== JS ERROR CAUGHT ======
Unhandled Promise: TypeError: Failed to fetch
=============================
====== JS ERROR CAUGHT ======
Unhandled Promise: TypeError: Failed to fetch
=============================
====== JS ERROR CAUGHT ======
Unhandled Promise: TypeError: Failed to fetch
=============================
====== JS ERROR CAUGHT ======
Unhandled Promise: TypeError: Failed to fetch
=============================
====== JS ERROR CAUGHT ======
Unhandled Promise: TypeError: Failed to fetch
=============================
====== JS ERROR CAUGHT ======
Unhandled Promise: TypeError: Failed to fetch
=============================
====== JS ERROR CAUGHT ======
Unhandled Promise: TypeError: Failed to fetch
=============================
====== JS ERROR CAUGHT ======
Unhandled Promise: TypeError: Failed to fetch
=============================
====== JS ERROR CAUGHT ======
Unhandled Promise: TypeError: Failed to fetch
=============================
====== JS ERROR CAUGHT ======
Unhandled Promise: TypeError: Failed to fetch
=============================
====== JS ERROR CAUGHT ======
Unhandled Promise: TypeError: Failed to fetch
=============================
====== JS ERROR CAUGHT ======
Unhandled Promise: TypeError: Failed to fetch
=============================
====== JS ERROR CAUGHT ======
Unhandled Promise: TypeError: Failed to fetch
=============================
====== JS ERROR CAUGHT ======
Unhandled Promise: TypeError: Failed to fetch
=============================
====== JS ERROR CAUGHT ======
Unhandled Promise: TypeError: Failed to fetch
=============================
====== JS ERROR CAUGHT ======
Unhandled Promise: TypeError: Failed to fetch
=============================
====== JS ERROR CAUGHT ======
Unhandled Promise: TypeError: Failed to fetch
=============================
====== JS ERROR CAUGHT ======
Unhandled Promise: TypeError: Failed to fetch
=============================
====== JS ERROR CAUGHT ======
Unhandled Promise: TypeError: Failed to fetch
=============================
====== JS ERROR CAUGHT ======
Unhandled Promise: TypeError: Failed to fetch
=============================
====== JS ERROR CAUGHT ======
Unhandled Promise: TypeError: Failed to fetch
=============================
====== JS ERROR CAUGHT ======
Unhandled Promise: TypeError: Failed to fetch
=============================
====== JS ERROR CAUGHT ======
Unhandled Promise: TypeError: Failed to fetch
=============================
====== JS ERROR CAUGHT ======
Unhandled Promise: TypeError: Failed to fetch
=============================
====== JS ERROR CAUGHT ======
Unhandled Promise: TypeError: Failed to fetch
=============================
====== JS ERROR CAUGHT ======
Unhandled Promise: TypeError: Failed to fetch
=============================
====== JS ERROR CAUGHT ======
Unhandled Promise: TypeError: Failed to fetch
=============================
====== JS ERROR CAUGHT ======
Unhandled Promise: TypeError: Failed to fetch
=============================
====== JS ERROR CAUGHT ======
Unhandled Promise: TypeError: Failed to fetch
=============================
====== JS ERROR CAUGHT ======
Unhandled Promise: TypeError: Failed to fetch
=============================
====== JS ERROR CAUGHT ======
Unhandled Promise: TypeError: Failed to fetch
=============================
====== JS ERROR CAUGHT ======
Unhandled Promise: TypeError: Failed to fetch
=============================
====== JS ERROR CAUGHT ======
Unhandled Promise: TypeError: Failed to fetch
=============================
====== JS ERROR CAUGHT ======
Unhandled Promise: TypeError: Failed to fetch
=============================
====== JS ERROR CAUGHT ======
Unhandled Promise: TypeError: Failed to fetch
=============================
====== JS ERROR CAUGHT ======
Unhandled Promise: TypeError: Failed to fetch
=============================
====== JS ERROR CAUGHT ======
Unhandled Promise: TypeError: Failed to fetch
=============================
====== JS ERROR CAUGHT ======
Unhandled Promise: TypeError: Failed to fetch
=============================
====== JS ERROR CAUGHT ======
Unhandled Promise: TypeError: Failed to fetch
=============================
====== JS ERROR CAUGHT ======
Unhandled Promise: TypeError: Failed to fetch
=============================
====== JS ERROR CAUGHT ======
Unhandled Promise: TypeError: Failed to fetch
=============================
====== JS ERROR CAUGHT ======
Unhandled Promise: TypeError: Failed to fetch
=============================
====== JS ERROR CAUGHT ======
Unhandled Promise: TypeError: Failed to fetch
=============================
====== JS ERROR CAUGHT ======
Unhandled Promise: TypeError: Failed to fetch
=============================
====== JS ERROR CAUGHT ======
Unhandled Promise: TypeError: Failed to fetch
=============================
====== JS ERROR CAUGHT ======
Unhandled Promise: TypeError: Failed to fetch
=============================
====== JS ERROR CAUGHT ======
Unhandled Promise: TypeError: Failed to fetch
=============================
====== JS ERROR CAUGHT ======
Unhandled Promise: TypeError: Failed to fetch
=============================
====== JS ERROR CAUGHT ======
Unhandled Promise: TypeError: Failed to fetch
=============================
====== JS ERROR CAUGHT ======
Unhandled Promise: TypeError: Failed to fetch
=============================
====== JS ERROR CAUGHT ======
Unhandled Promise: TypeError: Failed to fetch
=============================
====== JS ERROR CAUGHT ======
Unhandled Promise: TypeError: Failed to fetch
=============================
====== JS ERROR CAUGHT ======
Unhandled Promise: TypeError: Failed to fetch
=============================
====== JS ERROR CAUGHT ======
Unhandled Promise: TypeError: Failed to fetch
=============================
====== JS ERROR CAUGHT ======
Unhandled Promise: TypeError: Failed to fetch
=============================
====== JS ERROR CAUGHT ======
Unhandled Promise: TypeError: Failed to fetch
=============================
====== JS ERROR CAUGHT ======
Unhandled Promise: TypeError: Failed to fetch
=============================
====== JS ERROR CAUGHT ======
Unhandled Promise: TypeError: Failed to fetch
=============================
====== JS ERROR CAUGHT ======
Unhandled Promise: TypeError: Failed to fetch
=============================
====== JS ERROR CAUGHT ======
Unhandled Promise: TypeError: Failed to fetch
=============================
====== JS ERROR CAUGHT ======
Unhandled Promise: TypeError: Failed to fetch
=============================
====== JS ERROR CAUGHT ======
Unhandled Promise: TypeError: Failed to fetch
=============================
====== JS ERROR CAUGHT ======
Unhandled Promise: TypeError: Failed to fetch
=============================
====== JS ERROR CAUGHT ======
Unhandled Promise: TypeError: Failed to fetch
=============================
====== JS ERROR CAUGHT ======
Unhandled Promise: TypeError: Failed to fetch
=============================
====== JS ERROR CAUGHT ======
Unhandled Promise: TypeError: Failed to fetch
=============================
====== JS ERROR CAUGHT ======
Unhandled Promise: TypeError: Failed to fetch
=============================
====== JS ERROR CAUGHT ======
Unhandled Promise: TypeError: Failed to fetch
=============================
====== JS ERROR CAUGHT ======
Unhandled Promise: TypeError: Failed to fetch
=============================
====== JS ERROR CAUGHT ======
Unhandled Promise: TypeError: Failed to fetch
=============================
====== JS ERROR CAUGHT ======
Unhandled Promise: TypeError: Failed to fetch
=============================
====== JS ERROR CAUGHT ======
Unhandled Promise: TypeError: Failed to fetch
=============================
====== JS ERROR CAUGHT ======
Unhandled Promise: TypeError: Failed to fetch
=============================
====== JS ERROR CAUGHT ======
Unhandled Promise: TypeError: Failed to fetch
=============================
====== JS ERROR CAUGHT ======
Unhandled Promise: TypeError: Failed to fetch
=============================
====== JS ERROR CAUGHT ======
Unhandled Promise: TypeError: Failed to fetch
=============================
====== JS ERROR CAUGHT ======
Unhandled Promise: TypeError: Failed to fetch
=============================
====== JS ERROR CAUGHT ======
Unhandled Promise: TypeError: Failed to fetch
=============================
====== JS ERROR CAUGHT ======
Unhandled Promise: TypeError: Failed to fetch
=============================
====== JS ERROR CAUGHT ======
Unhandled Promise: TypeError: Failed to fetch
=============================
====== JS ERROR CAUGHT ======
Unhandled Promise: TypeError: Failed to fetch
=============================
====== JS ERROR CAUGHT ======
Unhandled Promise: TypeError: Failed to fetch
=============================
====== JS ERROR CAUGHT ======
Unhandled Promise: TypeError: Failed to fetch
=============================
====== JS ERROR CAUGHT ======
Unhandled Promise: TypeError: Failed to fetch
=============================
====== JS ERROR CAUGHT ======
Unhandled Promise: TypeError: Failed to fetch
=============================
====== JS ERROR CAUGHT ======
Unhandled Promise: TypeError: Failed to fetch
=============================
====== JS ERROR CAUGHT ======
Unhandled Promise: TypeError: Failed to fetch
=============================
====== JS ERROR CAUGHT ======
Unhandled Promise: TypeError: Failed to fetch
=============================
====== JS ERROR CAUGHT ======
Unhandled Promise: TypeError: Failed to fetch
=============================
====== JS ERROR CAUGHT ======
Unhandled Promise: TypeError: Failed to fetch
=============================
====== JS ERROR CAUGHT ======
Unhandled Promise: TypeError: Failed to fetch
=============================
====== JS ERROR CAUGHT ======
Unhandled Promise: TypeError: Failed to fetch
=============================
====== JS ERROR CAUGHT ======
Unhandled Promise: TypeError: Failed to fetch
=============================
====== JS ERROR CAUGHT ======
Unhandled Promise: TypeError: Failed to fetch
=============================
====== JS ERROR CAUGHT ======
Unhandled Promise: TypeError: Failed to fetch
=============================
====== JS ERROR CAUGHT ======
Unhandled Promise: TypeError: Failed to fetch
=============================
====== JS ERROR CAUGHT ======
Unhandled Promise: TypeError: Failed to fetch
=============================
====== JS ERROR CAUGHT ======
Unhandled Promise: TypeError: Failed to fetch
=============================
====== JS ERROR CAUGHT ======
Unhandled Promise: TypeError: Failed to fetch
=============================
====== JS ERROR CAUGHT ======
Unhandled Promise: TypeError: Failed to fetch
=============================
====== JS ERROR CAUGHT ======
Unhandled Promise: TypeError: Failed to fetch
=============================
====== JS ERROR CAUGHT ======
Unhandled Promise: TypeError: Failed to fetch
=============================
====== JS ERROR CAUGHT ======
Unhandled Promise: TypeError: Failed to fetch
=============================
====== JS ERROR CAUGHT ======
Unhandled Promise: TypeError: Failed to fetch
=============================
====== JS ERROR CAUGHT ======
Unhandled Promise: TypeError: Failed to fetch
=============================
====== JS ERROR CAUGHT ======
Unhandled Promise: TypeError: Failed to fetch
=============================
====== JS ERROR CAUGHT ======
Unhandled Promise: TypeError: Failed to fetch
=============================
====== JS ERROR CAUGHT ======
Unhandled Promise: TypeError: Failed to fetch
=============================
====== JS ERROR CAUGHT ======
Unhandled Promise: TypeError: Failed to fetch
=============================
====== JS ERROR CAUGHT ======
Unhandled Promise: TypeError: Failed to fetch
=============================
====== JS ERROR CAUGHT ======
Unhandled Promise: TypeError: Failed to fetch
=============================
====== JS ERROR CAUGHT ======
Unhandled Promise: TypeError: Failed to fetch
=============================
====== JS ERROR CAUGHT ======
Unhandled Promise: TypeError: Failed to fetch
=============================
====== JS ERROR CAUGHT ======
Unhandled Promise: TypeError: Failed to fetch
=============================
====== JS ERROR CAUGHT ======
Unhandled Promise: TypeError: Failed to fetch
=============================
====== JS ERROR CAUGHT ======
Unhandled Promise: TypeError: Failed to fetch
=============================
====== JS ERROR CAUGHT ======
Unhandled Promise: TypeError: Failed to fetch
=============================
====== JS ERROR CAUGHT ======
Unhandled Promise: TypeError: Failed to fetch
=============================
====== JS ERROR CAUGHT ======
Unhandled Promise: TypeError: Failed to fetch
=============================
====== JS ERROR CAUGHT ======
Unhandled Promise: TypeError: Failed to fetch
=============================
====== JS ERROR CAUGHT ======
Unhandled Promise: TypeError: Failed to fetch
=============================
====== JS ERROR CAUGHT ======
Unhandled Promise: TypeError: Failed to fetch
=============================
====== JS ERROR CAUGHT ======
Unhandled Promise: TypeError: Failed to fetch
=============================
====== JS ERROR CAUGHT ======
Unhandled Promise: TypeError: Failed to fetch
=============================
====== JS ERROR CAUGHT ======
Unhandled Promise: TypeError: Failed to fetch
=============================
====== JS ERROR CAUGHT ======
Unhandled Promise: TypeError: Failed to fetch
=============================
====== JS ERROR CAUGHT ======
Unhandled Promise: TypeError: Failed to fetch
=============================
====== JS ERROR CAUGHT ======
Unhandled Promise: TypeError: Failed to fetch
=============================
====== JS ERROR CAUGHT ======
Unhandled Promise: TypeError: Failed to fetch
=============================
====== JS ERROR CAUGHT ======
Unhandled Promise: TypeError: Failed to fetch
=============================
====== JS ERROR CAUGHT ======
Unhandled Promise: TypeError: Failed to fetch
=============================
====== JS ERROR CAUGHT ======
Unhandled Promise: TypeError: Failed to fetch
=============================
====== JS ERROR CAUGHT ======
Unhandled Promise: TypeError: Failed to fetch
=============================
====== JS ERROR CAUGHT ======
Unhandled Promise: TypeError: Failed to fetch
=============================
====== JS ERROR CAUGHT ======
Unhandled Promise: TypeError: Failed to fetch
=============================
====== JS ERROR CAUGHT ======
Unhandled Promise: TypeError: Failed to fetch
=============================
====== JS ERROR CAUGHT ======
Unhandled Promise: TypeError: Failed to fetch
=============================
====== JS ERROR CAUGHT ======
Unhandled Promise: TypeError: Failed to fetch
=============================
====== JS ERROR CAUGHT ======
Unhandled Promise: TypeError: Failed to fetch
=============================
====== JS ERROR CAUGHT ======
Unhandled Promise: TypeError: Failed to fetch
=============================
====== JS ERROR CAUGHT ======
Unhandled Promise: TypeError: Failed to fetch
=============================
====== JS ERROR CAUGHT ======
Unhandled Promise: TypeError: Failed to fetch
=============================
====== JS ERROR CAUGHT ======
Unhandled Promise: TypeError: Failed to fetch
=============================
====== JS ERROR CAUGHT ======
Unhandled Promise: TypeError: Failed to fetch
=============================
====== JS ERROR CAUGHT ======
Unhandled Promise: TypeError: Failed to fetch
=============================
====== JS ERROR CAUGHT ======
Unhandled Promise: TypeError: Failed to fetch
=============================
====== JS ERROR CAUGHT ======
Unhandled Promise: TypeError: Failed to fetch
=============================
====== JS ERROR CAUGHT ======
Unhandled Promise: TypeError: Failed to fetch
=============================
====== JS ERROR CAUGHT ======
Unhandled Promise: TypeError: Failed to fetch
=============================
====== JS ERROR CAUGHT ======
Unhandled Promise: TypeError: Failed to fetch
=============================
====== JS ERROR CAUGHT ======
Unhandled Promise: TypeError: Failed to fetch
=============================
====== JS ERROR CAUGHT ======
Unhandled Promise: TypeError: Failed to fetch
=============================
====== JS ERROR CAUGHT ======
Unhandled Promise: TypeError: Failed to fetch
=============================
====== JS ERROR CAUGHT ======
Unhandled Promise: TypeError: Failed to fetch
=============================
====== JS ERROR CAUGHT ======
Unhandled Promise: TypeError: Failed to fetch
=============================
====== JS ERROR CAUGHT ======
Unhandled Promise: TypeError: Failed to fetch
=============================
====== JS ERROR CAUGHT ======
Unhandled Promise: TypeError: Failed to fetch
=============================
====== JS ERROR CAUGHT ======
Unhandled Promise: TypeError: Failed to fetch
=============================
====== JS ERROR CAUGHT ======
Unhandled Promise: TypeError: Failed to fetch
=============================
====== JS ERROR CAUGHT ======
Unhandled Promise: TypeError: Failed to fetch
=============================
====== JS ERROR CAUGHT ======
Unhandled Promise: TypeError: Failed to fetch
=============================
====== JS ERROR CAUGHT ======
Unhandled Promise: TypeError: Failed to fetch
=============================
====== JS ERROR CAUGHT ======
Unhandled Promise: TypeError: Failed to fetch
=============================
====== JS ERROR CAUGHT ======
Unhandled Promise: TypeError: Failed to fetch
=============================
====== JS ERROR CAUGHT ======
Unhandled Promise: TypeError: Failed to fetch
=============================
====== JS ERROR CAUGHT ======
Unhandled Promise: TypeError: Failed to fetch
=============================
====== JS ERROR CAUGHT ======
Unhandled Promise: TypeError: Failed to fetch
=============================
====== JS ERROR CAUGHT ======
Unhandled Promise: TypeError: Failed to fetch
=============================
====== JS ERROR CAUGHT ======
Unhandled Promise: TypeError: Failed to fetch
=============================
====== JS ERROR CAUGHT ======
Unhandled Promise: TypeError: Failed to fetch
=============================
====== JS ERROR CAUGHT ======
Unhandled Promise: TypeError: Failed to fetch
=============================
====== JS ERROR CAUGHT ======
Unhandled Promise: TypeError: Failed to fetch
=============================
====== JS ERROR CAUGHT ======
Unhandled Promise: TypeError: Failed to fetch
=============================
====== JS ERROR CAUGHT ======
Unhandled Promise: TypeError: Failed to fetch
=============================
====== JS ERROR CAUGHT ======
Unhandled Promise: TypeError: Failed to fetch
=============================
====== JS ERROR CAUGHT ======
Unhandled Promise: TypeError: Failed to fetch
=============================
====== JS ERROR CAUGHT ======
Unhandled Promise: TypeError: Failed to fetch
=============================
====== JS ERROR CAUGHT ======
Unhandled Promise: TypeError: Failed to fetch
=============================
====== JS ERROR CAUGHT ======
Unhandled Promise: TypeError: Failed to fetch
=============================
====== JS ERROR CAUGHT ======
Unhandled Promise: TypeError: Failed to fetch
=============================
====== JS ERROR CAUGHT ======
Unhandled Promise: TypeError: Failed to fetch
=============================
====== JS ERROR CAUGHT ======
Unhandled Promise: TypeError: Failed to fetch
=============================
====== JS ERROR CAUGHT ======
Unhandled Promise: TypeError: Failed to fetch
=============================
====== JS ERROR CAUGHT ======
Unhandled Promise: TypeError: Failed to fetch
=============================
====== JS ERROR CAUGHT ======
Unhandled Promise: TypeError: Failed to fetch
=============================
====== JS ERROR CAUGHT ======
Unhandled Promise: TypeError: Failed to fetch
=============================
====== JS ERROR CAUGHT ======
Unhandled Promise: TypeError: Failed to fetch
=============================
====== JS ERROR CAUGHT ======
Unhandled Promise: TypeError: Failed to fetch
=============================
====== JS ERROR CAUGHT ======
Unhandled Promise: TypeError: Failed to fetch
=============================
====== JS ERROR CAUGHT ======
Unhandled Promise: TypeError: Failed to fetch
=============================
====== JS ERROR CAUGHT ======
Unhandled Promise: TypeError: Failed to fetch
=============================
====== JS ERROR CAUGHT ======
Unhandled Promise: TypeError: Failed to fetch
=============================
====== JS ERROR CAUGHT ======
Unhandled Promise: TypeError: Failed to fetch
=============================
====== JS ERROR CAUGHT ======
Unhandled Promise: TypeError: Failed to fetch
=============================
====== JS ERROR CAUGHT ======
Unhandled Promise: TypeError: Failed to fetch
=============================
====== JS ERROR CAUGHT ======
Unhandled Promise: TypeError: Failed to fetch
=============================
====== JS ERROR CAUGHT ======
Unhandled Promise: TypeError: Failed to fetch
=============================
====== JS ERROR CAUGHT ======
Unhandled Promise: TypeError: Failed to fetch
=============================
====== JS ERROR CAUGHT ======
Unhandled Promise: TypeError: Failed to fetch
=============================
====== JS ERROR CAUGHT ======
Unhandled Promise: TypeError: Failed to fetch
=============================
====== JS ERROR CAUGHT ======
Unhandled Promise: TypeError: Failed to fetch
=============================
====== JS ERROR CAUGHT ======
Unhandled Promise: TypeError: Failed to fetch
=============================
====== JS ERROR CAUGHT ======
Unhandled Promise: TypeError: Failed to fetch
=============================
====== JS ERROR CAUGHT ======
Unhandled Promise: TypeError: Failed to fetch
=============================
====== JS ERROR CAUGHT ======
Unhandled Promise: TypeError: Failed to fetch
=============================
====== JS ERROR CAUGHT ======
Unhandled Promise: TypeError: Failed to fetch
=============================
====== JS ERROR CAUGHT ======
Unhandled Promise: TypeError: Failed to fetch
=============================
====== JS ERROR CAUGHT ======
Unhandled Promise: TypeError: Failed to fetch
=============================
====== JS ERROR CAUGHT ======
Unhandled Promise: TypeError: Failed to fetch
=============================
====== JS ERROR CAUGHT ======
Unhandled Promise: TypeError: Failed to fetch
=============================
====== JS ERROR CAUGHT ======
Unhandled Promise: TypeError: Failed to fetch
=============================
====== JS ERROR CAUGHT ======
Unhandled Promise: TypeError: Failed to fetch
=============================
====== JS ERROR CAUGHT ======
Unhandled Promise: TypeError: Failed to fetch
=============================
====== JS ERROR CAUGHT ======
Unhandled Promise: TypeError: Failed to fetch
=============================
====== JS ERROR CAUGHT ======
Unhandled Promise: TypeError: Failed to fetch
=============================
====== JS ERROR CAUGHT ======
Unhandled Promise: TypeError: Failed to fetch
=============================
====== JS ERROR CAUGHT ======
Unhandled Promise: TypeError: Failed to fetch
=============================
====== JS ERROR CAUGHT ======
Unhandled Promise: TypeError: Failed to fetch
=============================
====== JS ERROR CAUGHT ======
Unhandled Promise: TypeError: Failed to fetch
=============================
====== JS ERROR CAUGHT ======
Unhandled Promise: TypeError: Failed to fetch
=============================
====== JS ERROR CAUGHT ======
Unhandled Promise: TypeError: Failed to fetch
=============================
====== JS ERROR CAUGHT ======
Unhandled Promise: TypeError: Failed to fetch
=============================
====== JS ERROR CAUGHT ======
Unhandled Promise: TypeError: Failed to fetch
=============================
====== JS ERROR CAUGHT ======
Unhandled Promise: TypeError: Failed to fetch
=============================
====== JS ERROR CAUGHT ======
Unhandled Promise: TypeError: Failed to fetch
=============================
====== JS ERROR CAUGHT ======
Unhandled Promise: TypeError: Failed to fetch
=============================
====== JS ERROR CAUGHT ======
Unhandled Promise: TypeError: Failed to fetch
=============================
====== JS ERROR CAUGHT ======
Unhandled Promise: TypeError: Failed to fetch
=============================
====== JS ERROR CAUGHT ======
Unhandled Promise: TypeError: Failed to fetch
=============================
====== JS ERROR CAUGHT ======
Unhandled Promise: TypeError: Failed to fetch
=============================
====== JS ERROR CAUGHT ======
Unhandled Promise: TypeError: Failed to fetch
=============================
====== JS ERROR CAUGHT ======
Unhandled Promise: TypeError: Failed to fetch
=============================
====== JS ERROR CAUGHT ======
Unhandled Promise: TypeError: Failed to fetch
=============================
====== JS ERROR CAUGHT ======
Unhandled Promise: TypeError: Failed to fetch
=============================
====== JS ERROR CAUGHT ======
Unhandled Promise: TypeError: Failed to fetch
=============================
====== JS ERROR CAUGHT ======
Unhandled Promise: TypeError: Failed to fetch
=============================
====== JS ERROR CAUGHT ======
Unhandled Promise: TypeError: Failed to fetch
=============================
====== JS ERROR CAUGHT ======
Unhandled Promise: TypeError: Failed to fetch
=============================
====== JS ERROR CAUGHT ======
Unhandled Promise: TypeError: Failed to fetch
=============================
====== JS ERROR CAUGHT ======
Unhandled Promise: TypeError: Failed to fetch
=============================
====== JS ERROR CAUGHT ======
Unhandled Promise: TypeError: Failed to fetch
=============================
====== JS ERROR CAUGHT ======
Unhandled Promise: TypeError: Failed to fetch
=============================
====== JS ERROR CAUGHT ======
Unhandled Promise: TypeError: Failed to fetch
=============================
====== JS ERROR CAUGHT ======
Unhandled Promise: TypeError: Failed to fetch
=============================
====== JS ERROR CAUGHT ======
Unhandled Promise: TypeError: Failed to fetch
=============================
====== JS ERROR CAUGHT ======
Unhandled Promise: TypeError: Failed to fetch
=============================
====== JS ERROR CAUGHT ======
Unhandled Promise: TypeError: Failed to fetch
=============================
====== JS ERROR CAUGHT ======
Unhandled Promise: TypeError: Failed to fetch
=============================
====== JS ERROR CAUGHT ======
Unhandled Promise: TypeError: Failed to fetch
=============================
====== JS ERROR CAUGHT ======
Unhandled Promise: TypeError: Failed to fetch
=============================
====== JS ERROR CAUGHT ======
Unhandled Promise: TypeError: Failed to fetch
=============================
====== JS ERROR CAUGHT ======
Unhandled Promise: TypeError: Failed to fetch
=============================
====== JS ERROR CAUGHT ======
Unhandled Promise: TypeError: Failed to fetch
=============================
====== JS ERROR CAUGHT ======
Unhandled Promise: TypeError: Failed to fetch
=============================
====== JS ERROR CAUGHT ======
Unhandled Promise: TypeError: Failed to fetch
=============================
====== JS ERROR CAUGHT ======
Unhandled Promise: TypeError: Failed to fetch
=============================
====== JS ERROR CAUGHT ======
Unhandled Promise: TypeError: Failed to fetch
=============================
====== JS ERROR CAUGHT ======
Unhandled Promise: TypeError: Failed to fetch
=============================
====== JS ERROR CAUGHT ======
Unhandled Promise: TypeError: Failed to fetch
=============================
====== JS ERROR CAUGHT ======
Unhandled Promise: TypeError: Failed to fetch
=============================
====== JS ERROR CAUGHT ======
Unhandled Promise: TypeError: Failed to fetch
=============================
====== JS ERROR CAUGHT ======
Unhandled Promise: TypeError: Failed to fetch
=============================
====== JS ERROR CAUGHT ======
Unhandled Promise: TypeError: Failed to fetch
=============================
====== JS ERROR CAUGHT ======
Unhandled Promise: TypeError: Failed to fetch
=============================
====== JS ERROR CAUGHT ======
Unhandled Promise: TypeError: Failed to fetch
=============================
====== JS ERROR CAUGHT ======
Unhandled Promise: TypeError: Failed to fetch
=============================
====== JS ERROR CAUGHT ======
Unhandled Promise: TypeError: Failed to fetch
=============================
====== JS ERROR CAUGHT ======
Unhandled Promise: TypeError: Failed to fetch
=============================
====== JS ERROR CAUGHT ======
Unhandled Promise: TypeError: Failed to fetch
=============================
====== JS ERROR CAUGHT ======
Unhandled Promise: TypeError: Failed to fetch
=============================
====== JS ERROR CAUGHT ======
Unhandled Promise: TypeError: Failed to fetch
=============================
====== JS ERROR CAUGHT ======
Unhandled Promise: TypeError: Failed to fetch
=============================
====== JS ERROR CAUGHT ======
Unhandled Promise: TypeError: Failed to fetch
=============================
====== JS ERROR CAUGHT ======
Unhandled Promise: TypeError: Failed to fetch
=============================
====== JS ERROR CAUGHT ======
Unhandled Promise: TypeError: Failed to fetch
=============================
====== JS ERROR CAUGHT ======
Unhandled Promise: TypeError: Failed to fetch
=============================
====== JS ERROR CAUGHT ======
Unhandled Promise: TypeError: Failed to fetch
=============================
====== JS ERROR CAUGHT ======
Unhandled Promise: TypeError: Failed to fetch
=============================
====== JS ERROR CAUGHT ======
Unhandled Promise: TypeError: Failed to fetch
=============================
====== JS ERROR CAUGHT ======
Unhandled Promise: TypeError: Failed to fetch
=============================
====== JS ERROR CAUGHT ======
Unhandled Promise: TypeError: Failed to fetch
=============================
====== JS ERROR CAUGHT ======
Unhandled Promise: TypeError: Failed to fetch
=============================
====== JS ERROR CAUGHT ======
Unhandled Promise: TypeError: Failed to fetch
=============================
====== JS ERROR CAUGHT ======
Unhandled Promise: TypeError: Failed to fetch
=============================
====== JS ERROR CAUGHT ======
Unhandled Promise: TypeError: Failed to fetch
=============================
====== JS ERROR CAUGHT ======
Unhandled Promise: TypeError: Failed to fetch
=============================
====== JS ERROR CAUGHT ======
Unhandled Promise: TypeError: Failed to fetch
=============================
====== JS ERROR CAUGHT ======
Unhandled Promise: TypeError: Failed to fetch
=============================
====== JS ERROR CAUGHT ======
Unhandled Promise: TypeError: Failed to fetch
=============================
====== JS ERROR CAUGHT ======
Unhandled Promise: TypeError: Failed to fetch
=============================
====== JS ERROR CAUGHT ======
Unhandled Promise: TypeError: Failed to fetch
=============================
====== JS ERROR CAUGHT ======
Unhandled Promise: TypeError: Failed to fetch
=============================
====== JS ERROR CAUGHT ======
Unhandled Promise: TypeError: Failed to fetch
=============================
====== JS ERROR CAUGHT ======
Unhandled Promise: TypeError: Failed to fetch
=============================
====== JS ERROR CAUGHT ======
Unhandled Promise: TypeError: Failed to fetch
=============================
====== JS ERROR CAUGHT ======
Unhandled Promise: TypeError: Failed to fetch
=============================
====== JS ERROR CAUGHT ======
Unhandled Promise: TypeError: Failed to fetch
=============================
====== JS ERROR CAUGHT ======
Unhandled Promise: TypeError: Failed to fetch
=============================
====== JS ERROR CAUGHT ======
Unhandled Promise: TypeError: Failed to fetch
=============================
====== JS ERROR CAUGHT ======
Unhandled Promise: TypeError: Failed to fetch
=============================
====== JS ERROR CAUGHT ======
Unhandled Promise: TypeError: Failed to fetch
=============================
====== JS ERROR CAUGHT ======
Unhandled Promise: TypeError: Failed to fetch
=============================
====== JS ERROR CAUGHT ======
Unhandled Promise: TypeError: Failed to fetch
=============================
====== JS ERROR CAUGHT ======
Unhandled Promise: TypeError: Failed to fetch
=============================
====== JS ERROR CAUGHT ======
Unhandled Promise: TypeError: Failed to fetch
=============================
====== JS ERROR CAUGHT ======
Unhandled Promise: TypeError: Failed to fetch
=============================
====== JS ERROR CAUGHT ======
Unhandled Promise: TypeError: Failed to fetch
=============================
====== JS ERROR CAUGHT ======
Unhandled Promise: TypeError: Failed to fetch
=============================
====== JS ERROR CAUGHT ======
Unhandled Promise: TypeError: Failed to fetch
=============================
====== JS ERROR CAUGHT ======
Unhandled Promise: TypeError: Failed to fetch
=============================
====== JS ERROR CAUGHT ======
Unhandled Promise: TypeError: Failed to fetch
=============================
====== JS ERROR CAUGHT ======
Unhandled Promise: TypeError: Failed to fetch
=============================
====== JS ERROR CAUGHT ======
Unhandled Promise: TypeError: Failed to fetch
=============================
====== JS ERROR CAUGHT ======
Unhandled Promise: TypeError: Failed to fetch
=============================
====== JS ERROR CAUGHT ======
Unhandled Promise: TypeError: Failed to fetch
=============================
====== JS ERROR CAUGHT ======
Unhandled Promise: TypeError: Failed to fetch
=============================
====== JS ERROR CAUGHT ======
Unhandled Promise: TypeError: Failed to fetch
=============================
====== JS ERROR CAUGHT ======
Unhandled Promise: TypeError: Failed to fetch
=============================
====== JS ERROR CAUGHT ======
Unhandled Promise: TypeError: Failed to fetch
=============================
====== JS ERROR CAUGHT ======
Unhandled Promise: TypeError: Failed to fetch
=============================
====== JS ERROR CAUGHT ======
Unhandled Promise: TypeError: Failed to fetch
=============================
====== JS ERROR CAUGHT ======
Unhandled Promise: TypeError: Failed to fetch
=============================
====== JS ERROR CAUGHT ======
Unhandled Promise: TypeError: Failed to fetch
=============================
====== JS ERROR CAUGHT ======
Unhandled Promise: TypeError: Failed to fetch
=============================
====== JS ERROR CAUGHT ======
Unhandled Promise: TypeError: Failed to fetch
=============================
====== JS ERROR CAUGHT ======
Unhandled Promise: TypeError: Failed to fetch
=============================
====== JS ERROR CAUGHT ======
Unhandled Promise: TypeError: Failed to fetch
=============================
====== JS ERROR CAUGHT ======
Unhandled Promise: TypeError: Failed to fetch
=============================
====== JS ERROR CAUGHT ======
Unhandled Promise: TypeError: Failed to fetch
=============================
====== JS ERROR CAUGHT ======
Unhandled Promise: TypeError: Failed to fetch
=============================
====== JS ERROR CAUGHT ======
Unhandled Promise: TypeError: Failed to fetch
=============================
====== JS ERROR CAUGHT ======
Unhandled Promise: TypeError: Failed to fetch
=============================
====== JS ERROR CAUGHT ======
Unhandled Promise: TypeError: Failed to fetch
=============================
====== JS ERROR CAUGHT ======
Unhandled Promise: TypeError: Failed to fetch
=============================
====== JS ERROR CAUGHT ======
Unhandled Promise: TypeError: Failed to fetch
=============================
====== JS ERROR CAUGHT ======
Unhandled Promise: TypeError: Failed to fetch
=============================
====== JS ERROR CAUGHT ======
Unhandled Promise: TypeError: Failed to fetch
=============================
====== JS ERROR CAUGHT ======
Unhandled Promise: TypeError: Failed to fetch
=============================
====== JS ERROR CAUGHT ======
Unhandled Promise: TypeError: Failed to fetch
=============================
====== JS ERROR CAUGHT ======
Unhandled Promise: TypeError: Failed to fetch
=============================
====== JS ERROR CAUGHT ======
Unhandled Promise: TypeError: Failed to fetch
=============================
====== JS ERROR CAUGHT ======
Unhandled Promise: TypeError: Failed to fetch
=============================
====== JS ERROR CAUGHT ======
Unhandled Promise: TypeError: Failed to fetch
=============================
====== JS ERROR CAUGHT ======
Unhandled Promise: TypeError: Failed to fetch
=============================
====== JS ERROR CAUGHT ======
Unhandled Promise: TypeError: Failed to fetch
=============================
====== JS ERROR CAUGHT ======
Unhandled Promise: TypeError: Failed to fetch
=============================
====== JS ERROR CAUGHT ======
Unhandled Promise: TypeError: Failed to fetch
=============================
====== JS ERROR CAUGHT ======
Unhandled Promise: TypeError: Failed to fetch
=============================
====== JS ERROR CAUGHT ======
Unhandled Promise: TypeError: Failed to fetch
=============================
====== JS ERROR CAUGHT ======
Unhandled Promise: TypeError: Failed to fetch
=============================
====== JS ERROR CAUGHT ======
Unhandled Promise: TypeError: Failed to fetch
=============================
====== JS ERROR CAUGHT ======
Unhandled Promise: TypeError: Failed to fetch
=============================
====== JS ERROR CAUGHT ======
Unhandled Promise: TypeError: Failed to fetch
=============================
====== JS ERROR CAUGHT ======
Unhandled Promise: TypeError: Failed to fetch
=============================
====== JS ERROR CAUGHT ======
Unhandled Promise: TypeError: Failed to fetch
=============================
====== JS ERROR CAUGHT ======
Unhandled Promise: TypeError: Failed to fetch
=============================
====== JS ERROR CAUGHT ======
Unhandled Promise: TypeError: Failed to fetch
=============================
====== JS ERROR CAUGHT ======
Unhandled Promise: TypeError: Failed to fetch
=============================
====== JS ERROR CAUGHT ======
Unhandled Promise: TypeError: Failed to fetch
=============================
====== JS ERROR CAUGHT ======
Unhandled Promise: TypeError: Failed to fetch
=============================
====== JS ERROR CAUGHT ======
Unhandled Promise: TypeError: Failed to fetch
=============================
====== JS ERROR CAUGHT ======
Unhandled Promise: TypeError: Failed to fetch
=============================
====== JS ERROR CAUGHT ======
Unhandled Promise: TypeError: Failed to fetch
=============================
====== JS ERROR CAUGHT ======
Unhandled Promise: TypeError: Failed to fetch
=============================
====== JS ERROR CAUGHT ======
Unhandled Promise: TypeError: Failed to fetch
=============================
====== JS ERROR CAUGHT ======
Unhandled Promise: TypeError: Failed to fetch
=============================
====== JS ERROR CAUGHT ======
Unhandled Promise: TypeError: Failed to fetch
=============================
====== JS ERROR CAUGHT ======
Unhandled Promise: TypeError: Failed to fetch
=============================
====== JS ERROR CAUGHT ======
Unhandled Promise: TypeError: Failed to fetch
=============================
====== JS ERROR CAUGHT ======
Unhandled Promise: TypeError: Failed to fetch
=============================
====== JS ERROR CAUGHT ======
Unhandled Promise: TypeError: Failed to fetch
=============================
====== JS ERROR CAUGHT ======
Unhandled Promise: TypeError: Failed to fetch
=============================
====== JS ERROR CAUGHT ======
Unhandled Promise: TypeError: Failed to fetch
=============================
====== JS ERROR CAUGHT ======
Unhandled Promise: TypeError: Failed to fetch
=============================
====== JS ERROR CAUGHT ======
Unhandled Promise: TypeError: Failed to fetch
=============================
====== JS ERROR CAUGHT ======
Unhandled Promise: TypeError: Failed to fetch
=============================
====== JS ERROR CAUGHT ======
Unhandled Promise: TypeError: Failed to fetch
=============================
====== JS ERROR CAUGHT ======
Unhandled Promise: TypeError: Failed to fetch
=============================
====== JS ERROR CAUGHT ======
Unhandled Promise: TypeError: Failed to fetch
=============================
====== JS ERROR CAUGHT ======
Unhandled Promise: TypeError: Failed to fetch
=============================
====== JS ERROR CAUGHT ======
Unhandled Promise: TypeError: Failed to fetch
=============================
====== JS ERROR CAUGHT ======
Unhandled Promise: TypeError: Failed to fetch
=============================
====== JS ERROR CAUGHT ======
Unhandled Promise: TypeError: Failed to fetch
=============================
====== JS ERROR CAUGHT ======
Unhandled Promise: TypeError: Failed to fetch
=============================
====== JS ERROR CAUGHT ======
Unhandled Promise: TypeError: Failed to fetch
=============================
====== JS ERROR CAUGHT ======
Unhandled Promise: TypeError: Failed to fetch
=============================
====== JS ERROR CAUGHT ======
Unhandled Promise: TypeError: Failed to fetch
=============================
====== JS ERROR CAUGHT ======
Unhandled Promise: TypeError: Failed to fetch
=============================
====== JS ERROR CAUGHT ======
Unhandled Promise: TypeError: Failed to fetch
=============================
====== JS ERROR CAUGHT ======
Unhandled Promise: TypeError: Failed to fetch
=============================
====== JS ERROR CAUGHT ======
Unhandled Promise: TypeError: Failed to fetch
=============================
====== JS ERROR CAUGHT ======
Unhandled Promise: TypeError: Failed to fetch
=============================
====== JS ERROR CAUGHT ======
Unhandled Promise: TypeError: Failed to fetch
=============================
====== JS ERROR CAUGHT ======
Unhandled Promise: TypeError: Failed to fetch
=============================
====== JS ERROR CAUGHT ======
Unhandled Promise: TypeError: Failed to fetch
=============================
====== JS ERROR CAUGHT ======
Unhandled Promise: TypeError: Failed to fetch
=============================
====== JS ERROR CAUGHT ======
Unhandled Promise: TypeError: Failed to fetch
=============================
====== JS ERROR CAUGHT ======
Unhandled Promise: TypeError: Failed to fetch
=============================
====== JS ERROR CAUGHT ======
Unhandled Promise: TypeError: Failed to fetch
=============================
====== JS ERROR CAUGHT ======
Unhandled Promise: TypeError: Failed to fetch
=============================
====== JS ERROR CAUGHT ======
Unhandled Promise: TypeError: Failed to fetch
=============================
====== JS ERROR CAUGHT ======
Unhandled Promise: TypeError: Failed to fetch
=============================
====== JS ERROR CAUGHT ======
Unhandled Promise: TypeError: Failed to fetch
=============================
====== JS ERROR CAUGHT ======
Unhandled Promise: TypeError: Failed to fetch
=============================
====== JS ERROR CAUGHT ======
Unhandled Promise: TypeError: Failed to fetch
=============================
====== JS ERROR CAUGHT ======
Unhandled Promise: TypeError: Failed to fetch
=============================
====== JS ERROR CAUGHT ======
Unhandled Promise: TypeError: Failed to fetch
=============================
====== JS ERROR CAUGHT ======
Unhandled Promise: TypeError: Failed to fetch
=============================
====== JS ERROR CAUGHT ======
Unhandled Promise: TypeError: Failed to fetch
=============================
====== JS ERROR CAUGHT ======
Unhandled Promise: TypeError: Failed to fetch
=============================
====== JS ERROR CAUGHT ======
Unhandled Promise: TypeError: Failed to fetch
=============================
====== JS ERROR CAUGHT ======
Unhandled Promise: TypeError: Failed to fetch
=============================
====== JS ERROR CAUGHT ======
Unhandled Promise: TypeError: Failed to fetch
=============================
====== JS ERROR CAUGHT ======
Unhandled Promise: TypeError: Failed to fetch
=============================
====== JS ERROR CAUGHT ======
Unhandled Promise: TypeError: Failed to fetch
=============================
====== JS ERROR CAUGHT ======
Unhandled Promise: TypeError: Failed to fetch
=============================
====== JS ERROR CAUGHT ======
Unhandled Promise: TypeError: Failed to fetch
=============================
====== JS ERROR CAUGHT ======
Unhandled Promise: TypeError: Failed to fetch
=============================
====== JS ERROR CAUGHT ======
Unhandled Promise: TypeError: Failed to fetch
=============================
====== JS ERROR CAUGHT ======
Unhandled Promise: TypeError: Failed to fetch
=============================
====== JS ERROR CAUGHT ======
Unhandled Promise: TypeError: Failed to fetch
=============================
====== JS ERROR CAUGHT ======
Unhandled Promise: TypeError: Failed to fetch
=============================
====== JS ERROR CAUGHT ======
Unhandled Promise: TypeError: Failed to fetch
=============================
====== JS ERROR CAUGHT ======
Unhandled Promise: TypeError: Failed to fetch
=============================
====== JS ERROR CAUGHT ======
Unhandled Promise: TypeError: Failed to fetch
=============================
====== JS ERROR CAUGHT ======
Unhandled Promise: TypeError: Failed to fetch
=============================
====== JS ERROR CAUGHT ======
Unhandled Promise: TypeError: Failed to fetch
=============================
====== JS ERROR CAUGHT ======
Unhandled Promise: TypeError: Failed to fetch
=============================
====== JS ERROR CAUGHT ======
Unhandled Promise: TypeError: Failed to fetch
=============================
====== JS ERROR CAUGHT ======
Unhandled Promise: TypeError: Failed to fetch
=============================
====== JS ERROR CAUGHT ======
Unhandled Promise: TypeError: Failed to fetch
=============================
====== JS ERROR CAUGHT ======
Unhandled Promise: TypeError: Failed to fetch
=============================
====== JS ERROR CAUGHT ======
Unhandled Promise: TypeError: Failed to fetch
=============================
====== JS ERROR CAUGHT ======
Unhandled Promise: TypeError: Failed to fetch
=============================
====== JS ERROR CAUGHT ======
Unhandled Promise: TypeError: Failed to fetch
=============================
====== JS ERROR CAUGHT ======
Unhandled Promise: TypeError: Failed to fetch
=============================
====== JS ERROR CAUGHT ======
Unhandled Promise: TypeError: Failed to fetch
=============================
====== JS ERROR CAUGHT ======
Unhandled Promise: TypeError: Failed to fetch
=============================
====== JS ERROR CAUGHT ======
Unhandled Promise: TypeError: Failed to fetch
=============================
====== JS ERROR CAUGHT ======
Unhandled Promise: TypeError: Failed to fetch
=============================
====== JS ERROR CAUGHT ======
Unhandled Promise: TypeError: Failed to fetch
=============================
====== JS ERROR CAUGHT ======
Unhandled Promise: TypeError: Failed to fetch
=============================
====== JS ERROR CAUGHT ======
Unhandled Promise: TypeError: Failed to fetch
=============================
====== JS ERROR CAUGHT ======
Unhandled Promise: TypeError: Failed to fetch
=============================
====== JS ERROR CAUGHT ======
Unhandled Promise: TypeError: Failed to fetch
=============================
====== JS ERROR CAUGHT ======
Unhandled Promise: TypeError: Failed to fetch
=============================
====== JS ERROR CAUGHT ======
Unhandled Promise: TypeError: Failed to fetch
=============================
====== JS ERROR CAUGHT ======
Unhandled Promise: TypeError: Failed to fetch
=============================
====== JS ERROR CAUGHT ======
Unhandled Promise: TypeError: Failed to fetch
=============================
====== JS ERROR CAUGHT ======
Unhandled Promise: TypeError: Failed to fetch
=============================
====== JS ERROR CAUGHT ======
Unhandled Promise: TypeError: Failed to fetch
=============================
====== JS ERROR CAUGHT ======
Unhandled Promise: TypeError: Failed to fetch
=============================
====== JS ERROR CAUGHT ======
Unhandled Promise: TypeError: Failed to fetch
=============================
====== JS ERROR CAUGHT ======
Unhandled Promise: TypeError: Failed to fetch
=============================
====== JS ERROR CAUGHT ======
Unhandled Promise: TypeError: Failed to fetch
=============================
====== JS ERROR CAUGHT ======
Unhandled Promise: TypeError: Failed to fetch
=============================
====== JS ERROR CAUGHT ======
Unhandled Promise: TypeError: Failed to fetch
=============================
====== JS ERROR CAUGHT ======
Unhandled Promise: TypeError: Failed to fetch
=============================
====== JS ERROR CAUGHT ======
Unhandled Promise: TypeError: Failed to fetch
=============================
====== JS ERROR CAUGHT ======
Unhandled Promise: TypeError: Failed to fetch
=============================
====== JS ERROR CAUGHT ======
Unhandled Promise: TypeError: Failed to fetch
=============================
====== JS ERROR CAUGHT ======
Unhandled Promise: TypeError: Failed to fetch
=============================
====== JS ERROR CAUGHT ======
Unhandled Promise: TypeError: Failed to fetch
=============================
====== JS ERROR CAUGHT ======
Unhandled Promise: TypeError: Failed to fetch
=============================
====== JS ERROR CAUGHT ======
Unhandled Promise: TypeError: Failed to fetch
=============================
====== JS ERROR CAUGHT ======
Unhandled Promise: TypeError: Failed to fetch
=============================
====== JS ERROR CAUGHT ======
Unhandled Promise: TypeError: Failed to fetch
=============================
====== JS ERROR CAUGHT ======
Unhandled Promise: TypeError: Failed to fetch
=============================
====== JS ERROR CAUGHT ======
Unhandled Promise: TypeError: Failed to fetch
=============================
====== JS ERROR CAUGHT ======
Unhandled Promise: TypeError: Failed to fetch
=============================
====== JS ERROR CAUGHT ======
Unhandled Promise: TypeError: Failed to fetch
=============================
====== JS ERROR CAUGHT ======
Unhandled Promise: TypeError: Failed to fetch
=============================
====== JS ERROR CAUGHT ======
Unhandled Promise: TypeError: Failed to fetch
=============================
====== JS ERROR CAUGHT ======
Unhandled Promise: TypeError: Failed to fetch
=============================
====== JS ERROR CAUGHT ======
Unhandled Promise: TypeError: Failed to fetch
=============================
====== JS ERROR CAUGHT ======
Unhandled Promise: TypeError: Failed to fetch
=============================
====== JS ERROR CAUGHT ======
Unhandled Promise: TypeError: Failed to fetch
=============================
====== JS ERROR CAUGHT ======
Unhandled Promise: TypeError: Failed to fetch
=============================
====== JS ERROR CAUGHT ======
Unhandled Promise: TypeError: Failed to fetch
=============================
====== JS ERROR CAUGHT ======
Unhandled Promise: TypeError: Failed to fetch
=============================
====== JS ERROR CAUGHT ======
Unhandled Promise: TypeError: Failed to fetch
=============================
====== JS ERROR CAUGHT ======
Unhandled Promise: TypeError: Failed to fetch
=============================
====== JS ERROR CAUGHT ======
Unhandled Promise: TypeError: Failed to fetch
=============================
====== JS ERROR CAUGHT ======
Unhandled Promise: TypeError: Failed to fetch
=============================
====== JS ERROR CAUGHT ======
Unhandled Promise: TypeError: Failed to fetch
=============================
====== JS ERROR CAUGHT ======
Unhandled Promise: TypeError: Failed to fetch
=============================
====== JS ERROR CAUGHT ======
Unhandled Promise: TypeError: Failed to fetch
=============================
====== JS ERROR CAUGHT ======
Unhandled Promise: TypeError: Failed to fetch
=============================
====== JS ERROR CAUGHT ======
Unhandled Promise: TypeError: Failed to fetch
=============================
====== JS ERROR CAUGHT ======
Unhandled Promise: TypeError: Failed to fetch
=============================
====== JS ERROR CAUGHT ======
Unhandled Promise: TypeError: Failed to fetch
=============================
====== JS ERROR CAUGHT ======
Unhandled Promise: TypeError: Failed to fetch
=============================
====== JS ERROR CAUGHT ======
Unhandled Promise: TypeError: Failed to fetch
=============================
====== JS ERROR CAUGHT ======
Unhandled Promise: TypeError: Failed to fetch
=============================
====== JS ERROR CAUGHT ======
Unhandled Promise: TypeError: Failed to fetch
=============================
====== JS ERROR CAUGHT ======
Unhandled Promise: TypeError: Failed to fetch
=============================
====== JS ERROR CAUGHT ======
Unhandled Promise: TypeError: Failed to fetch
=============================
====== JS ERROR CAUGHT ======
Unhandled Promise: TypeError: Failed to fetch
=============================
====== JS ERROR CAUGHT ======
Unhandled Promise: TypeError: Failed to fetch
=============================
====== JS ERROR CAUGHT ======
Unhandled Promise: TypeError: Failed to fetch
=============================
====== JS ERROR CAUGHT ======
Unhandled Promise: TypeError: Failed to fetch
=============================
====== JS ERROR CAUGHT ======
Unhandled Promise: TypeError: Failed to fetch
=============================
====== JS ERROR CAUGHT ======
Unhandled Promise: TypeError: Failed to fetch
=============================
====== JS ERROR CAUGHT ======
Unhandled Promise: TypeError: Failed to fetch
=============================
====== JS ERROR CAUGHT ======
Unhandled Promise: TypeError: Failed to fetch
=============================
====== JS ERROR CAUGHT ======
Unhandled Promise: TypeError: Failed to fetch
=============================
====== JS ERROR CAUGHT ======
Unhandled Promise: TypeError: Failed to fetch
=============================
====== JS ERROR CAUGHT ======
Unhandled Promise: TypeError: Failed to fetch
=============================
====== JS ERROR CAUGHT ======
Unhandled Promise: TypeError: Failed to fetch
=============================
====== JS ERROR CAUGHT ======
Unhandled Promise: TypeError: Failed to fetch
=============================
====== JS ERROR CAUGHT ======
Unhandled Promise: TypeError: Failed to fetch
=============================
====== JS ERROR CAUGHT ======
Unhandled Promise: TypeError: Failed to fetch
=============================
====== JS ERROR CAUGHT ======
Unhandled Promise: TypeError: Failed to fetch
=============================
====== JS ERROR CAUGHT ======
Unhandled Promise: TypeError: Failed to fetch
=============================
====== JS ERROR CAUGHT ======
Unhandled Promise: TypeError: Failed to fetch
=============================
====== JS ERROR CAUGHT ======
Unhandled Promise: TypeError: Failed to fetch
=============================
====== JS ERROR CAUGHT ======
Unhandled Promise: TypeError: Failed to fetch
=============================
====== JS ERROR CAUGHT ======
Unhandled Promise: TypeError: Failed to fetch
=============================
====== JS ERROR CAUGHT ======
Unhandled Promise: TypeError: Failed to fetch
=============================
====== JS ERROR CAUGHT ======
Unhandled Promise: TypeError: Failed to fetch
=============================
====== JS ERROR CAUGHT ======
Unhandled Promise: TypeError: Failed to fetch
=============================
====== JS ERROR CAUGHT ======
Unhandled Promise: TypeError: Failed to fetch
=============================
====== JS ERROR CAUGHT ======
Unhandled Promise: TypeError: Failed to fetch
=============================
====== JS ERROR CAUGHT ======
Unhandled Promise: TypeError: Failed to fetch
=============================
====== JS ERROR CAUGHT ======
Unhandled Promise: TypeError: Failed to fetch
=============================
====== JS ERROR CAUGHT ======
Unhandled Promise: TypeError: Failed to fetch
=============================
====== JS ERROR CAUGHT ======
Unhandled Promise: TypeError: Failed to fetch
=============================
====== JS ERROR CAUGHT ======
Unhandled Promise: TypeError: Failed to fetch
=============================
====== JS ERROR CAUGHT ======
Unhandled Promise: TypeError: Failed to fetch
=============================
====== JS ERROR CAUGHT ======
Unhandled Promise: TypeError: Failed to fetch
=============================
====== JS ERROR CAUGHT ======
Unhandled Promise: TypeError: Failed to fetch
=============================
====== JS ERROR CAUGHT ======
Unhandled Promise: TypeError: Failed to fetch
=============================
====== JS ERROR CAUGHT ======
Unhandled Promise: TypeError: Failed to fetch
=============================
====== JS ERROR CAUGHT ======
Unhandled Promise: TypeError: Failed to fetch
=============================
====== JS ERROR CAUGHT ======
Unhandled Promise: TypeError: Failed to fetch
=============================
====== JS ERROR CAUGHT ======
Unhandled Promise: TypeError: Failed to fetch
=============================
====== JS ERROR CAUGHT ======
Unhandled Promise: TypeError: Failed to fetch
=============================
====== JS ERROR CAUGHT ======
Unhandled Promise: TypeError: Failed to fetch
=============================
====== JS ERROR CAUGHT ======
Unhandled Promise: TypeError: Failed to fetch
=============================
====== JS ERROR CAUGHT ======
Unhandled Promise: TypeError: Failed to fetch
=============================
====== JS ERROR CAUGHT ======
Unhandled Promise: TypeError: Failed to fetch
=============================
====== JS ERROR CAUGHT ======
Unhandled Promise: TypeError: Failed to fetch
=============================
====== JS ERROR CAUGHT ======
Unhandled Promise: TypeError: Failed to fetch
=============================
====== JS ERROR CAUGHT ======
Unhandled Promise: TypeError: Failed to fetch
=============================
====== JS ERROR CAUGHT ======
Unhandled Promise: TypeError: Failed to fetch
=============================
====== JS ERROR CAUGHT ======
Unhandled Promise: TypeError: Failed to fetch
=============================
====== JS ERROR CAUGHT ======
Unhandled Promise: TypeError: Failed to fetch
=============================
====== JS ERROR CAUGHT ======
Unhandled Promise: TypeError: Failed to fetch
=============================
====== JS ERROR CAUGHT ======
Unhandled Promise: TypeError: Failed to fetch
=============================
====== JS ERROR CAUGHT ======
Unhandled Promise: TypeError: Failed to fetch
=============================
====== JS ERROR CAUGHT ======
Unhandled Promise: TypeError: Failed to fetch
=============================
====== JS ERROR CAUGHT ======
Unhandled Promise: TypeError: Failed to fetch
=============================
====== JS ERROR CAUGHT ======
Unhandled Promise: TypeError: Failed to fetch
=============================
====== JS ERROR CAUGHT ======
Unhandled Promise: TypeError: Failed to fetch
=============================
====== JS ERROR CAUGHT ======
Unhandled Promise: TypeError: Failed to fetch
=============================
====== JS ERROR CAUGHT ======
Unhandled Promise: TypeError: Failed to fetch
=============================
====== JS ERROR CAUGHT ======
Unhandled Promise: TypeError: Failed to fetch
=============================
====== JS ERROR CAUGHT ======
Unhandled Promise: TypeError: Failed to fetch
=============================
====== JS ERROR CAUGHT ======
Unhandled Promise: TypeError: Failed to fetch
=============================
====== JS ERROR CAUGHT ======
Unhandled Promise: TypeError: Failed to fetch
=============================
====== JS ERROR CAUGHT ======
Unhandled Promise: TypeError: Failed to fetch
=============================
====== JS ERROR CAUGHT ======
Unhandled Promise: TypeError: Failed to fetch
=============================
====== JS ERROR CAUGHT ======
Unhandled Promise: TypeError: Failed to fetch
=============================
====== JS ERROR CAUGHT ======
Unhandled Promise: TypeError: Failed to fetch
=============================
====== JS ERROR CAUGHT ======
Unhandled Promise: TypeError: Failed to fetch
=============================
====== JS ERROR CAUGHT ======
Unhandled Promise: TypeError: Failed to fetch
=============================
====== JS ERROR CAUGHT ======
Unhandled Promise: TypeError: Failed to fetch
=============================
====== JS ERROR CAUGHT ======
Unhandled Promise: TypeError: Failed to fetch
=============================
====== JS ERROR CAUGHT ======
Unhandled Promise: TypeError: Failed to fetch
=============================
====== JS ERROR CAUGHT ======
Unhandled Promise: TypeError: Failed to fetch
=============================
====== JS ERROR CAUGHT ======
Unhandled Promise: TypeError: Failed to fetch
=============================
====== JS ERROR CAUGHT ======
Unhandled Promise: TypeError: Failed to fetch
=============================
====== JS ERROR CAUGHT ======
Unhandled Promise: TypeError: Failed to fetch
=============================
====== JS ERROR CAUGHT ======
Unhandled Promise: TypeError: Failed to fetch
=============================
====== JS ERROR CAUGHT ======
Unhandled Promise: TypeError: Failed to fetch
=============================
====== JS ERROR CAUGHT ======
Unhandled Promise: TypeError: Failed to fetch
=============================
====== JS ERROR CAUGHT ======
Unhandled Promise: TypeError: Failed to fetch
=============================
====== JS ERROR CAUGHT ======
Unhandled Promise: TypeError: Failed to fetch
=============================
====== JS ERROR CAUGHT ======
Unhandled Promise: TypeError: Failed to fetch
=============================
====== JS ERROR CAUGHT ======
Unhandled Promise: TypeError: Failed to fetch
=============================
====== JS ERROR CAUGHT ======
Unhandled Promise: TypeError: Failed to fetch
=============================
====== JS ERROR CAUGHT ======
Unhandled Promise: TypeError: Failed to fetch
=============================
====== JS ERROR CAUGHT ======
Unhandled Promise: TypeError: Failed to fetch
=============================
====== JS ERROR CAUGHT ======
Unhandled Promise: TypeError: Failed to fetch
=============================
====== JS ERROR CAUGHT ======
Unhandled Promise: TypeError: Failed to fetch
=============================
====== JS ERROR CAUGHT ======
Unhandled Promise: TypeError: Failed to fetch
=============================
====== JS ERROR CAUGHT ======
Unhandled Promise: TypeError: Failed to fetch
=============================
====== JS ERROR CAUGHT ======
Unhandled Promise: TypeError: Failed to fetch
=============================
====== JS ERROR CAUGHT ======
Unhandled Promise: TypeError: Failed to fetch
=============================
====== JS ERROR CAUGHT ======
Unhandled Promise: TypeError: Failed to fetch
=============================
====== JS ERROR CAUGHT ======
Unhandled Promise: TypeError: Failed to fetch
=============================
====== JS ERROR CAUGHT ======
Unhandled Promise: TypeError: Failed to fetch
=============================
====== JS ERROR CAUGHT ======
Unhandled Promise: TypeError: Failed to fetch
=============================
====== JS ERROR CAUGHT ======
Unhandled Promise: TypeError: Failed to fetch
=============================
====== JS ERROR CAUGHT ======
Unhandled Promise: TypeError: Failed to fetch
=============================
====== JS ERROR CAUGHT ======
Unhandled Promise: TypeError: Failed to fetch
=============================
====== JS ERROR CAUGHT ======
Unhandled Promise: TypeError: Failed to fetch
=============================
====== JS ERROR CAUGHT ======
Unhandled Promise: TypeError: Failed to fetch
=============================
====== JS ERROR CAUGHT ======
Unhandled Promise: TypeError: Failed to fetch
=============================
====== JS ERROR CAUGHT ======
Unhandled Promise: TypeError: Failed to fetch
=============================
====== JS ERROR CAUGHT ======
Unhandled Promise: TypeError: Failed to fetch
=============================
====== JS ERROR CAUGHT ======
Unhandled Promise: TypeError: Failed to fetch
=============================
====== JS ERROR CAUGHT ======
Unhandled Promise: TypeError: Failed to fetch
=============================
====== JS ERROR CAUGHT ======
Unhandled Promise: TypeError: Failed to fetch
=============================
====== JS ERROR CAUGHT ======
Unhandled Promise: TypeError: Failed to fetch
=============================
====== JS ERROR CAUGHT ======
Unhandled Promise: TypeError: Failed to fetch
=============================
====== JS ERROR CAUGHT ======
Unhandled Promise: TypeError: Failed to fetch
=============================
====== JS ERROR CAUGHT ======
Unhandled Promise: TypeError: Failed to fetch
=============================
====== JS ERROR CAUGHT ======
Unhandled Promise: TypeError: Failed to fetch
=============================
====== JS ERROR CAUGHT ======
Unhandled Promise: TypeError: Failed to fetch
=============================
====== JS ERROR CAUGHT ======
Unhandled Promise: TypeError: Failed to fetch
=============================
====== JS ERROR CAUGHT ======
Unhandled Promise: TypeError: Failed to fetch
=============================
====== JS ERROR CAUGHT ======
Unhandled Promise: TypeError: Failed to fetch
=============================
====== JS ERROR CAUGHT ======
Unhandled Promise: TypeError: Failed to fetch
=============================
====== JS ERROR CAUGHT ======
Unhandled Promise: TypeError: Failed to fetch
=============================
====== JS ERROR CAUGHT ======
Unhandled Promise: TypeError: Failed to fetch
=============================
====== JS ERROR CAUGHT ======
Unhandled Promise: TypeError: Failed to fetch
=============================
====== JS ERROR CAUGHT ======
Unhandled Promise: TypeError: Failed to fetch
=============================
====== JS ERROR CAUGHT ======
Unhandled Promise: TypeError: Failed to fetch
=============================
====== JS ERROR CAUGHT ======
Unhandled Promise: TypeError: Failed to fetch
=============================
====== JS ERROR CAUGHT ======
Unhandled Promise: TypeError: Failed to fetch
=============================
====== JS ERROR CAUGHT ======
Unhandled Promise: TypeError: Failed to fetch
=============================
====== JS ERROR CAUGHT ======
Unhandled Promise: TypeError: Failed to fetch
=============================
====== JS ERROR CAUGHT ======
Unhandled Promise: TypeError: Failed to fetch
=============================
====== JS ERROR CAUGHT ======
Unhandled Promise: TypeError: Failed to fetch
=============================
====== JS ERROR CAUGHT ======
Unhandled Promise: TypeError: Failed to fetch
=============================
====== JS ERROR CAUGHT ======
Unhandled Promise: TypeError: Failed to fetch
=============================
====== JS ERROR CAUGHT ======
Unhandled Promise: TypeError: Failed to fetch
=============================
====== JS ERROR CAUGHT ======
Unhandled Promise: TypeError: Failed to fetch
=============================
====== JS ERROR CAUGHT ======
Unhandled Promise: TypeError: Failed to fetch
=============================
====== JS ERROR CAUGHT ======
Unhandled Promise: TypeError: Failed to fetch
=============================
====== JS ERROR CAUGHT ======
Unhandled Promise: TypeError: Failed to fetch
=============================
====== JS ERROR CAUGHT ======
Unhandled Promise: TypeError: Failed to fetch
=============================
====== JS ERROR CAUGHT ======
Unhandled Promise: TypeError: Failed to fetch
=============================
====== JS ERROR CAUGHT ======
Unhandled Promise: TypeError: Failed to fetch
=============================
====== JS ERROR CAUGHT ======
Unhandled Promise: TypeError: Failed to fetch
=============================
====== JS ERROR CAUGHT ======
Unhandled Promise: TypeError: Failed to fetch
=============================
====== JS ERROR CAUGHT ======
Unhandled Promise: TypeError: Failed to fetch
=============================
====== JS ERROR CAUGHT ======
Unhandled Promise: TypeError: Failed to fetch
=============================
====== JS ERROR CAUGHT ======
Unhandled Promise: TypeError: Failed to fetch
=============================
====== JS ERROR CAUGHT ======
Unhandled Promise: TypeError: Failed to fetch
=============================
====== JS ERROR CAUGHT ======
Unhandled Promise: TypeError: Failed to fetch
=============================
====== JS ERROR CAUGHT ======
Unhandled Promise: TypeError: Failed to fetch
=============================
====== JS ERROR CAUGHT ======
Unhandled Promise: TypeError: Failed to fetch
=============================
====== JS ERROR CAUGHT ======
Unhandled Promise: TypeError: Failed to fetch
=============================
====== JS ERROR CAUGHT ======
Unhandled Promise: TypeError: Failed to fetch
=============================
====== JS ERROR CAUGHT ======
Unhandled Promise: TypeError: Failed to fetch
=============================
====== JS ERROR CAUGHT ======
Unhandled Promise: TypeError: Failed to fetch
=============================
====== JS ERROR CAUGHT ======
Unhandled Promise: TypeError: Failed to fetch
=============================
====== JS ERROR CAUGHT ======
Unhandled Promise: TypeError: Failed to fetch
=============================
====== JS ERROR CAUGHT ======
Unhandled Promise: TypeError: Failed to fetch
=============================
====== JS ERROR CAUGHT ======
Unhandled Promise: TypeError: Failed to fetch
=============================
====== JS ERROR CAUGHT ======
Unhandled Promise: TypeError: Failed to fetch
=============================
====== JS ERROR CAUGHT ======
Unhandled Promise: TypeError: Failed to fetch
=============================
====== JS ERROR CAUGHT ======
Unhandled Promise: TypeError: Failed to fetch
=============================
====== JS ERROR CAUGHT ======
Unhandled Promise: TypeError: Failed to fetch
=============================
====== JS ERROR CAUGHT ======
Unhandled Promise: TypeError: Failed to fetch
=============================
====== JS ERROR CAUGHT ======
Unhandled Promise: TypeError: Failed to fetch
=============================
====== JS ERROR CAUGHT ======
Unhandled Promise: TypeError: Failed to fetch
=============================
====== JS ERROR CAUGHT ======
Unhandled Promise: TypeError: Failed to fetch
=============================
====== JS ERROR CAUGHT ======
Unhandled Promise: TypeError: Failed to fetch
=============================
====== JS ERROR CAUGHT ======
Unhandled Promise: TypeError: Failed to fetch
=============================
====== JS ERROR CAUGHT ======
Unhandled Promise: TypeError: Failed to fetch
=============================
====== JS ERROR CAUGHT ======
Unhandled Promise: TypeError: Failed to fetch
=============================
====== JS ERROR CAUGHT ======
Unhandled Promise: TypeError: Failed to fetch
=============================
====== JS ERROR CAUGHT ======
Unhandled Promise: TypeError: Failed to fetch
=============================
====== JS ERROR CAUGHT ======
Unhandled Promise: TypeError: Failed to fetch
=============================
====== JS ERROR CAUGHT ======
Unhandled Promise: TypeError: Failed to fetch
=============================
====== JS ERROR CAUGHT ======
Unhandled Promise: TypeError: Failed to fetch
=============================
====== JS ERROR CAUGHT ======
Unhandled Promise: TypeError: Failed to fetch
=============================
====== JS ERROR CAUGHT ======
Unhandled Promise: TypeError: Failed to fetch
=============================
====== JS ERROR CAUGHT ======
Unhandled Promise: TypeError: Failed to fetch
=============================
====== JS ERROR CAUGHT ======
Unhandled Promise: TypeError: Failed to fetch
=============================
====== JS ERROR CAUGHT ======
Unhandled Promise: TypeError: Failed to fetch
=============================
====== JS ERROR CAUGHT ======
Unhandled Promise: TypeError: Failed to fetch
=============================
====== JS ERROR CAUGHT ======
Unhandled Promise: TypeError: Failed to fetch
=============================
====== JS ERROR CAUGHT ======
Unhandled Promise: TypeError: Failed to fetch
=============================
====== JS ERROR CAUGHT ======
Unhandled Promise: TypeError: Failed to fetch
=============================
====== JS ERROR CAUGHT ======
Unhandled Promise: TypeError: Failed to fetch
=============================
====== JS ERROR CAUGHT ======
Unhandled Promise: TypeError: Failed to fetch
=============================
====== JS ERROR CAUGHT ======
Unhandled Promise: TypeError: Failed to fetch
=============================
====== JS ERROR CAUGHT ======
Unhandled Promise: TypeError: Failed to fetch
=============================
====== JS ERROR CAUGHT ======
Unhandled Promise: TypeError: Failed to fetch
=============================
====== JS ERROR CAUGHT ======
Unhandled Promise: TypeError: Failed to fetch
=============================
====== JS ERROR CAUGHT ======
Unhandled Promise: TypeError: Failed to fetch
=============================
====== JS ERROR CAUGHT ======
Unhandled Promise: TypeError: Failed to fetch
=============================
====== JS ERROR CAUGHT ======
Unhandled Promise: TypeError: Failed to fetch
=============================
====== JS ERROR CAUGHT ======
Unhandled Promise: TypeError: Failed to fetch
=============================
====== JS ERROR CAUGHT ======
Unhandled Promise: TypeError: Failed to fetch
=============================
====== JS ERROR CAUGHT ======
Unhandled Promise: TypeError: Failed to fetch
=============================
====== JS ERROR CAUGHT ======
Unhandled Promise: TypeError: Failed to fetch
=============================
====== JS ERROR CAUGHT ======
Unhandled Promise: TypeError: Failed to fetch
=============================
====== JS ERROR CAUGHT ======
Unhandled Promise: TypeError: Failed to fetch
=============================
====== JS ERROR CAUGHT ======
Unhandled Promise: TypeError: Failed to fetch
=============================
====== JS ERROR CAUGHT ======
Unhandled Promise: TypeError: Failed to fetch
=============================
====== JS ERROR CAUGHT ======
Unhandled Promise: TypeError: Failed to fetch
=============================
====== JS ERROR CAUGHT ======
Unhandled Promise: TypeError: Failed to fetch
=============================
====== JS ERROR CAUGHT ======
Unhandled Promise: TypeError: Failed to fetch
=============================
====== JS ERROR CAUGHT ======
Unhandled Promise: TypeError: Failed to fetch
=============================
====== JS ERROR CAUGHT ======
Unhandled Promise: TypeError: Failed to fetch
=============================
====== JS ERROR CAUGHT ======
Unhandled Promise: TypeError: Failed to fetch
=============================
====== JS ERROR CAUGHT ======
Unhandled Promise: TypeError: Failed to fetch
=============================
====== JS ERROR CAUGHT ======
Unhandled Promise: TypeError: Failed to fetch
=============================
====== JS ERROR CAUGHT ======
Unhandled Promise: TypeError: Failed to fetch
=============================
====== JS ERROR CAUGHT ======
Unhandled Promise: TypeError: Failed to fetch
=============================
====== JS ERROR CAUGHT ======
Unhandled Promise: TypeError: Failed to fetch
=============================
====== JS ERROR CAUGHT ======
Unhandled Promise: TypeError: Failed to fetch
=============================
====== JS ERROR CAUGHT ======
Unhandled Promise: TypeError: Failed to fetch
=============================
====== JS ERROR CAUGHT ======
Unhandled Promise: TypeError: Failed to fetch
=============================
====== JS ERROR CAUGHT ======
Unhandled Promise: TypeError: Failed to fetch
=============================
====== JS ERROR CAUGHT ======
Unhandled Promise: TypeError: Failed to fetch
=============================
====== JS ERROR CAUGHT ======
Unhandled Promise: TypeError: Failed to fetch
=============================
====== JS ERROR CAUGHT ======
Unhandled Promise: TypeError: Failed to fetch
=============================
====== JS ERROR CAUGHT ======
Unhandled Promise: TypeError: Failed to fetch
=============================
====== JS ERROR CAUGHT ======
Unhandled Promise: TypeError: Failed to fetch
=============================
====== JS ERROR CAUGHT ======
Unhandled Promise: TypeError: Failed to fetch
=============================
====== JS ERROR CAUGHT ======
Unhandled Promise: TypeError: Failed to fetch
=============================
====== JS ERROR CAUGHT ======
Unhandled Promise: TypeError: Failed to fetch
=============================
====== JS ERROR CAUGHT ======
Unhandled Promise: TypeError: Failed to fetch
=============================
====== JS ERROR CAUGHT ======
Unhandled Promise: TypeError: Failed to fetch
=============================
====== JS ERROR CAUGHT ======
Unhandled Promise: TypeError: Failed to fetch
=============================
====== JS ERROR CAUGHT ======
Unhandled Promise: TypeError: Failed to fetch
=============================
====== JS ERROR CAUGHT ======
Unhandled Promise: TypeError: Failed to fetch
=============================
====== JS ERROR CAUGHT ======
Unhandled Promise: TypeError: Failed to fetch
=============================
====== JS ERROR CAUGHT ======
Unhandled Promise: TypeError: Failed to fetch
=============================
====== JS ERROR CAUGHT ======
Unhandled Promise: TypeError: Failed to fetch
=============================
====== JS ERROR CAUGHT ======
Unhandled Promise: TypeError: Failed to fetch
=============================
====== JS ERROR CAUGHT ======
Unhandled Promise: TypeError: Failed to fetch
=============================
====== JS ERROR CAUGHT ======
Unhandled Promise: TypeError: Failed to fetch
=============================
====== JS ERROR CAUGHT ======
Unhandled Promise: TypeError: Failed to fetch
=============================
====== JS ERROR CAUGHT ======
Unhandled Promise: TypeError: Failed to fetch
=============================
====== JS ERROR CAUGHT ======
Unhandled Promise: TypeError: Failed to fetch
=============================
====== JS ERROR CAUGHT ======
Unhandled Promise: TypeError: Failed to fetch
=============================
====== JS ERROR CAUGHT ======
Unhandled Promise: TypeError: Failed to fetch
=============================
====== JS ERROR CAUGHT ======
Unhandled Promise: TypeError: Failed to fetch
=============================
====== JS ERROR CAUGHT ======
Unhandled Promise: TypeError: Failed to fetch
=============================
====== JS ERROR CAUGHT ======
Unhandled Promise: TypeError: Failed to fetch
=============================
====== JS ERROR CAUGHT ======
Unhandled Promise: TypeError: Failed to fetch
=============================
====== JS ERROR CAUGHT ======
Unhandled Promise: TypeError: Failed to fetch
=============================
====== JS ERROR CAUGHT ======
Unhandled Promise: TypeError: Failed to fetch
=============================
====== JS ERROR CAUGHT ======
Unhandled Promise: TypeError: Failed to fetch
=============================
====== JS ERROR CAUGHT ======
Unhandled Promise: TypeError: Failed to fetch
=============================
====== JS ERROR CAUGHT ======
Unhandled Promise: TypeError: Failed to fetch
=============================
====== JS ERROR CAUGHT ======
Unhandled Promise: TypeError: Failed to fetch
=============================
====== JS ERROR CAUGHT ======
Unhandled Promise: TypeError: Failed to fetch
=============================
====== JS ERROR CAUGHT ======
Unhandled Promise: TypeError: Failed to fetch
=============================
====== JS ERROR CAUGHT ======
Unhandled Promise: TypeError: Failed to fetch
=============================
====== JS ERROR CAUGHT ======
Unhandled Promise: TypeError: Failed to fetch
=============================
====== JS ERROR CAUGHT ======
Unhandled Promise: TypeError: Failed to fetch
=============================
====== JS ERROR CAUGHT ======
Unhandled Promise: TypeError: Failed to fetch
=============================
====== JS ERROR CAUGHT ======
Unhandled Promise: TypeError: Failed to fetch
=============================
====== JS ERROR CAUGHT ======
Unhandled Promise: TypeError: Failed to fetch
=============================
====== JS ERROR CAUGHT ======
Unhandled Promise: TypeError: Failed to fetch
=============================
====== JS ERROR CAUGHT ======
Unhandled Promise: TypeError: Failed to fetch
=============================
====== JS ERROR CAUGHT ======
Unhandled Promise: TypeError: Failed to fetch
=============================
====== JS ERROR CAUGHT ======
Unhandled Promise: TypeError: Failed to fetch
=============================
====== JS ERROR CAUGHT ======
Unhandled Promise: TypeError: Failed to fetch
=============================
====== JS ERROR CAUGHT ======
Unhandled Promise: TypeError: Failed to fetch
=============================
====== JS ERROR CAUGHT ======
Unhandled Promise: TypeError: Failed to fetch
=============================
====== JS ERROR CAUGHT ======
Unhandled Promise: TypeError: Failed to fetch
=============================
====== JS ERROR CAUGHT ======
Unhandled Promise: TypeError: Failed to fetch
=============================
====== JS ERROR CAUGHT ======
Unhandled Promise: TypeError: Failed to fetch
=============================
====== JS ERROR CAUGHT ======
Unhandled Promise: TypeError: Failed to fetch
=============================
====== JS ERROR CAUGHT ======
Unhandled Promise: TypeError: Failed to fetch
=============================
====== JS ERROR CAUGHT ======
Unhandled Promise: TypeError: Failed to fetch
=============================
====== JS ERROR CAUGHT ======
Unhandled Promise: TypeError: Failed to fetch
=============================
====== JS ERROR CAUGHT ======
Unhandled Promise: TypeError: Failed to fetch
=============================
====== JS ERROR CAUGHT ======
Unhandled Promise: TypeError: Failed to fetch
=============================
====== JS ERROR CAUGHT ======
Unhandled Promise: TypeError: Failed to fetch
=============================
====== JS ERROR CAUGHT ======
Unhandled Promise: TypeError: Failed to fetch
=============================
====== JS ERROR CAUGHT ======
Unhandled Promise: TypeError: Failed to fetch
=============================
====== JS ERROR CAUGHT ======
Unhandled Promise: TypeError: Failed to fetch
=============================
====== JS ERROR CAUGHT ======
Unhandled Promise: TypeError: Failed to fetch
=============================
====== JS ERROR CAUGHT ======
Unhandled Promise: TypeError: Failed to fetch
=============================
====== JS ERROR CAUGHT ======
Unhandled Promise: TypeError: Failed to fetch
=============================
====== JS ERROR CAUGHT ======
Unhandled Promise: TypeError: Failed to fetch
=============================
====== JS ERROR CAUGHT ======
Unhandled Promise: TypeError: Failed to fetch
=============================
====== JS ERROR CAUGHT ======
Unhandled Promise: TypeError: Failed to fetch
=============================
====== JS ERROR CAUGHT ======
Unhandled Promise: TypeError: Failed to fetch
=============================
====== JS ERROR CAUGHT ======
Unhandled Promise: TypeError: Failed to fetch
=============================
====== JS ERROR CAUGHT ======
Unhandled Promise: TypeError: Failed to fetch
=============================
====== JS ERROR CAUGHT ======
Unhandled Promise: TypeError: Failed to fetch
=============================
====== JS ERROR CAUGHT ======
Unhandled Promise: TypeError: Failed to fetch
=============================
====== JS ERROR CAUGHT ======
Unhandled Promise: TypeError: Failed to fetch
=============================
====== JS ERROR CAUGHT ======
Unhandled Promise: TypeError: Failed to fetch
=============================
====== JS ERROR CAUGHT ======
Unhandled Promise: TypeError: Failed to fetch
=============================
====== JS ERROR CAUGHT ======
Unhandled Promise: TypeError: Failed to fetch
=============================
====== JS ERROR CAUGHT ======
Unhandled Promise: TypeError: Failed to fetch
=============================
====== JS ERROR CAUGHT ======
Unhandled Promise: TypeError: Failed to fetch
=============================
====== JS ERROR CAUGHT ======
Unhandled Promise: TypeError: Failed to fetch
=============================
====== JS ERROR CAUGHT ======
Unhandled Promise: TypeError: Failed to fetch
=============================
====== JS ERROR CAUGHT ======
Unhandled Promise: TypeError: Failed to fetch
=============================
====== JS ERROR CAUGHT ======
Unhandled Promise: TypeError: Failed to fetch
=============================
====== JS ERROR CAUGHT ======
Unhandled Promise: TypeError: Failed to fetch
=============================
====== JS ERROR CAUGHT ======
Unhandled Promise: TypeError: Failed to fetch
=============================
====== JS ERROR CAUGHT ======
Unhandled Promise: TypeError: Failed to fetch
=============================
====== JS ERROR CAUGHT ======
Unhandled Promise: TypeError: Failed to fetch
=============================
====== JS ERROR CAUGHT ======
Unhandled Promise: TypeError: Failed to fetch
=============================
====== JS ERROR CAUGHT ======
Unhandled Promise: TypeError: Failed to fetch
=============================
====== JS ERROR CAUGHT ======
Unhandled Promise: TypeError: Failed to fetch
=============================
====== JS ERROR CAUGHT ======
Unhandled Promise: TypeError: Failed to fetch
=============================
====== JS ERROR CAUGHT ======
Unhandled Promise: TypeError: Failed to fetch
=============================
====== JS ERROR CAUGHT ======
Unhandled Promise: TypeError: Failed to fetch
=============================
====== JS ERROR CAUGHT ======
Unhandled Promise: TypeError: Failed to fetch
=============================
====== JS ERROR CAUGHT ======
Unhandled Promise: TypeError: Failed to fetch
=============================
====== JS ERROR CAUGHT ======
Unhandled Promise: TypeError: Failed to fetch
=============================
====== JS ERROR CAUGHT ======
Unhandled Promise: TypeError: Failed to fetch
=============================
====== JS ERROR CAUGHT ======
Unhandled Promise: TypeError: Failed to fetch
=============================
====== JS ERROR CAUGHT ======
Unhandled Promise: TypeError: Failed to fetch
=============================
====== JS ERROR CAUGHT ======
Unhandled Promise: TypeError: Failed to fetch
=============================
====== JS ERROR CAUGHT ======
Unhandled Promise: TypeError: Failed to fetch
=============================
====== JS ERROR CAUGHT ======
Unhandled Promise: TypeError: Failed to fetch
=============================
====== JS ERROR CAUGHT ======
Unhandled Promise: TypeError: Failed to fetch
=============================
====== JS ERROR CAUGHT ======
Unhandled Promise: TypeError: Failed to fetch
=============================
====== JS ERROR CAUGHT ======
Unhandled Promise: TypeError: Failed to fetch
=============================
====== JS ERROR CAUGHT ======
Unhandled Promise: TypeError: Failed to fetch
=============================
====== JS ERROR CAUGHT ======
Unhandled Promise: TypeError: Failed to fetch
=============================
====== JS ERROR CAUGHT ======
Unhandled Promise: TypeError: Failed to fetch
=============================
====== JS ERROR CAUGHT ======
Unhandled Promise: TypeError: Failed to fetch
=============================
====== JS ERROR CAUGHT ======
Unhandled Promise: TypeError: Failed to fetch
=============================
====== JS ERROR CAUGHT ======
Unhandled Promise: TypeError: Failed to fetch
=============================
====== JS ERROR CAUGHT ======
Unhandled Promise: TypeError: Failed to fetch
=============================
====== JS ERROR CAUGHT ======
Unhandled Promise: TypeError: Failed to fetch
=============================
====== JS ERROR CAUGHT ======
Unhandled Promise: TypeError: Failed to fetch
=============================
====== JS ERROR CAUGHT ======
Unhandled Promise: TypeError: Failed to fetch
=============================
====== JS ERROR CAUGHT ======
Unhandled Promise: TypeError: Failed to fetch
=============================
====== JS ERROR CAUGHT ======
Unhandled Promise: TypeError: Failed to fetch
=============================
====== JS ERROR CAUGHT ======
Unhandled Promise: TypeError: Failed to fetch
=============================
====== JS ERROR CAUGHT ======
Unhandled Promise: TypeError: Failed to fetch
=============================
====== JS ERROR CAUGHT ======
Unhandled Promise: TypeError: Failed to fetch
=============================
====== JS ERROR CAUGHT ======
Unhandled Promise: TypeError: Failed to fetch
=============================
====== JS ERROR CAUGHT ======
Unhandled Promise: TypeError: Failed to fetch
=============================
====== JS ERROR CAUGHT ======
Unhandled Promise: TypeError: Failed to fetch
=============================
====== JS ERROR CAUGHT ======
Unhandled Promise: TypeError: Failed to fetch
=============================
====== JS ERROR CAUGHT ======
Unhandled Promise: TypeError: Failed to fetch
=============================
====== JS ERROR CAUGHT ======
Unhandled Promise: TypeError: Failed to fetch
=============================
====== JS ERROR CAUGHT ======
Unhandled Promise: TypeError: Failed to fetch
=============================
====== JS ERROR CAUGHT ======
Unhandled Promise: TypeError: Failed to fetch
=============================
====== JS ERROR CAUGHT ======
Unhandled Promise: TypeError: Failed to fetch
=============================
====== JS ERROR CAUGHT ======
Unhandled Promise: TypeError: Failed to fetch
=============================
====== JS ERROR CAUGHT ======
Unhandled Promise: TypeError: Failed to fetch
=============================
====== JS ERROR CAUGHT ======
Unhandled Promise: TypeError: Failed to fetch
=============================
====== JS ERROR CAUGHT ======
Unhandled Promise: TypeError: Failed to fetch
=============================
====== JS ERROR CAUGHT ======
Unhandled Promise: TypeError: Failed to fetch
=============================
====== JS ERROR CAUGHT ======
Unhandled Promise: TypeError: Failed to fetch
=============================
====== JS ERROR CAUGHT ======
Unhandled Promise: TypeError: Failed to fetch
=============================
====== JS ERROR CAUGHT ======
Unhandled Promise: TypeError: Failed to fetch
=============================
====== JS ERROR CAUGHT ======
Unhandled Promise: TypeError: Failed to fetch
=============================
====== JS ERROR CAUGHT ======
Unhandled Promise: TypeError: Failed to fetch
=============================
====== JS ERROR CAUGHT ======
Unhandled Promise: TypeError: Failed to fetch
=============================
====== JS ERROR CAUGHT ======
Unhandled Promise: TypeError: Failed to fetch
=============================
====== JS ERROR CAUGHT ======
Unhandled Promise: TypeError: Failed to fetch
=============================
====== JS ERROR CAUGHT ======
Unhandled Promise: TypeError: Failed to fetch
=============================
====== JS ERROR CAUGHT ======
Unhandled Promise: TypeError: Failed to fetch
=============================
====== JS ERROR CAUGHT ======
Unhandled Promise: TypeError: Failed to fetch
=============================
====== JS ERROR CAUGHT ======
Unhandled Promise: TypeError: Failed to fetch
=============================
====== JS ERROR CAUGHT ======
Unhandled Promise: TypeError: Failed to fetch
=============================
====== JS ERROR CAUGHT ======
Unhandled Promise: TypeError: Failed to fetch
=============================
====== JS ERROR CAUGHT ======
Unhandled Promise: TypeError: Failed to fetch
=============================
====== JS ERROR CAUGHT ======
Unhandled Promise: TypeError: Failed to fetch
=============================
====== JS ERROR CAUGHT ======
Unhandled Promise: TypeError: Failed to fetch
=============================
====== JS ERROR CAUGHT ======
Unhandled Promise: TypeError: Failed to fetch
=============================
====== JS ERROR CAUGHT ======
Unhandled Promise: TypeError: Failed to fetch
=============================
====== JS ERROR CAUGHT ======
Unhandled Promise: TypeError: Failed to fetch
=============================
====== JS ERROR CAUGHT ======
Unhandled Promise: TypeError: Failed to fetch
=============================
====== JS ERROR CAUGHT ======
Unhandled Promise: TypeError: Failed to fetch
=============================
====== JS ERROR CAUGHT ======
Unhandled Promise: TypeError: Failed to fetch
=============================
====== JS ERROR CAUGHT ======
Unhandled Promise: TypeError: Failed to fetch
=============================
====== JS ERROR CAUGHT ======
Unhandled Promise: TypeError: Failed to fetch
=============================
====== JS ERROR CAUGHT ======
Unhandled Promise: TypeError: Failed to fetch
=============================
====== JS ERROR CAUGHT ======
Unhandled Promise: TypeError: Failed to fetch
=============================
====== JS ERROR CAUGHT ======
Unhandled Promise: TypeError: Failed to fetch
=============================
====== JS ERROR CAUGHT ======
Unhandled Promise: TypeError: Failed to fetch
=============================
====== JS ERROR CAUGHT ======
Unhandled Promise: TypeError: Failed to fetch
=============================
====== JS ERROR CAUGHT ======
Unhandled Promise: TypeError: Failed to fetch
=============================
====== JS ERROR CAUGHT ======
Unhandled Promise: TypeError: Failed to fetch
=============================
====== JS ERROR CAUGHT ======
Unhandled Promise: TypeError: Failed to fetch
=============================
====== JS ERROR CAUGHT ======
Unhandled Promise: TypeError: Failed to fetch
=============================
====== JS ERROR CAUGHT ======
Unhandled Promise: TypeError: Failed to fetch
=============================
====== JS ERROR CAUGHT ======
Unhandled Promise: TypeError: Failed to fetch
=============================
====== JS ERROR CAUGHT ======
Unhandled Promise: TypeError: Failed to fetch
=============================
====== JS ERROR CAUGHT ======
Unhandled Promise: TypeError: Failed to fetch
=============================
====== JS ERROR CAUGHT ======
Unhandled Promise: TypeError: Failed to fetch
=============================
====== JS ERROR CAUGHT ======
Unhandled Promise: TypeError: Failed to fetch
=============================
====== JS ERROR CAUGHT ======
Unhandled Promise: TypeError: Failed to fetch
=============================
====== JS ERROR CAUGHT ======
Unhandled Promise: TypeError: Failed to fetch
=============================
====== JS ERROR CAUGHT ======
Unhandled Promise: TypeError: Failed to fetch
=============================
====== JS ERROR CAUGHT ======
Unhandled Promise: TypeError: Failed to fetch
=============================
====== JS ERROR CAUGHT ======
Unhandled Promise: TypeError: Failed to fetch
=============================
====== JS ERROR CAUGHT ======
Unhandled Promise: TypeError: Failed to fetch
=============================
====== JS ERROR CAUGHT ======
Unhandled Promise: TypeError: Failed to fetch
=============================
====== JS ERROR CAUGHT ======
Unhandled Promise: TypeError: Failed to fetch
=============================
====== JS ERROR CAUGHT ======
Unhandled Promise: TypeError: Failed to fetch
=============================
====== JS ERROR CAUGHT ======
Unhandled Promise: TypeError: Failed to fetch
=============================
====== JS ERROR CAUGHT ======
Unhandled Promise: TypeError: Failed to fetch
=============================
====== JS ERROR CAUGHT ======
Unhandled Promise: TypeError: Failed to fetch
=============================
====== JS ERROR CAUGHT ======
Unhandled Promise: TypeError: Failed to fetch
=============================
====== JS ERROR CAUGHT ======
Unhandled Promise: TypeError: Failed to fetch
=============================
====== JS ERROR CAUGHT ======
Unhandled Promise: TypeError: Failed to fetch
=============================
====== JS ERROR CAUGHT ======
Unhandled Promise: TypeError: Failed to fetch
=============================
====== JS ERROR CAUGHT ======
Unhandled Promise: TypeError: Failed to fetch
=============================
====== JS ERROR CAUGHT ======
Unhandled Promise: TypeError: Failed to fetch
=============================
====== JS ERROR CAUGHT ======
Unhandled Promise: TypeError: Failed to fetch
=============================
====== JS ERROR CAUGHT ======
Unhandled Promise: TypeError: Failed to fetch
=============================
====== JS ERROR CAUGHT ======
Unhandled Promise: TypeError: Failed to fetch
=============================
====== JS ERROR CAUGHT ======
Unhandled Promise: TypeError: Failed to fetch
=============================
====== JS ERROR CAUGHT ======
Unhandled Promise: TypeError: Failed to fetch
=============================
====== JS ERROR CAUGHT ======
Unhandled Promise: TypeError: Failed to fetch
=============================
====== JS ERROR CAUGHT ======
Unhandled Promise: TypeError: Failed to fetch
=============================
====== JS ERROR CAUGHT ======
Unhandled Promise: TypeError: Failed to fetch
=============================
====== JS ERROR CAUGHT ======
Unhandled Promise: TypeError: Failed to fetch
=============================
====== JS ERROR CAUGHT ======
Unhandled Promise: TypeError: Failed to fetch
=============================
====== JS ERROR CAUGHT ======
Unhandled Promise: TypeError: Failed to fetch
=============================
====== JS ERROR CAUGHT ======
Unhandled Promise: TypeError: Failed to fetch
=============================
====== JS ERROR CAUGHT ======
Unhandled Promise: TypeError: Failed to fetch
=============================
====== JS ERROR CAUGHT ======
Unhandled Promise: TypeError: Failed to fetch
=============================
====== JS ERROR CAUGHT ======
Unhandled Promise: TypeError: Failed to fetch
=============================
====== JS ERROR CAUGHT ======
Unhandled Promise: TypeError: Failed to fetch
=============================
====== JS ERROR CAUGHT ======
Unhandled Promise: TypeError: Failed to fetch
=============================
====== JS ERROR CAUGHT ======
Unhandled Promise: TypeError: Failed to fetch
=============================
====== JS ERROR CAUGHT ======
Unhandled Promise: TypeError: Failed to fetch
=============================
====== JS ERROR CAUGHT ======
Unhandled Promise: TypeError: Failed to fetch
=============================
====== JS ERROR CAUGHT ======
Unhandled Promise: TypeError: Failed to fetch
=============================
====== JS ERROR CAUGHT ======
Unhandled Promise: TypeError: Failed to fetch
=============================
====== JS ERROR CAUGHT ======
Unhandled Promise: TypeError: Failed to fetch
=============================
====== JS ERROR CAUGHT ======
Unhandled Promise: TypeError: Failed to fetch
=============================
====== JS ERROR CAUGHT ======
Unhandled Promise: TypeError: Failed to fetch
=============================
====== JS ERROR CAUGHT ======
Unhandled Promise: TypeError: Failed to fetch
=============================
====== JS ERROR CAUGHT ======
Unhandled Promise: TypeError: Failed to fetch
=============================
====== JS ERROR CAUGHT ======
Unhandled Promise: TypeError: Failed to fetch
=============================
====== JS ERROR CAUGHT ======
Unhandled Promise: TypeError: Failed to fetch
=============================
====== JS ERROR CAUGHT ======
Unhandled Promise: TypeError: Failed to fetch
=============================
====== JS ERROR CAUGHT ======
Unhandled Promise: TypeError: Failed to fetch
=============================
====== JS ERROR CAUGHT ======
Unhandled Promise: TypeError: Failed to fetch
=============================
====== JS ERROR CAUGHT ======
Unhandled Promise: TypeError: Failed to fetch
=============================
====== JS ERROR CAUGHT ======
Unhandled Promise: TypeError: Failed to fetch
=============================
====== JS ERROR CAUGHT ======
Unhandled Promise: TypeError: Failed to fetch
=============================
====== JS ERROR CAUGHT ======
Unhandled Promise: TypeError: Failed to fetch
=============================
====== JS ERROR CAUGHT ======
Unhandled Promise: TypeError: Failed to fetch
=============================
====== JS ERROR CAUGHT ======
Unhandled Promise: TypeError: Failed to fetch
=============================
====== JS ERROR CAUGHT ======
Unhandled Promise: TypeError: Failed to fetch
=============================
====== JS ERROR CAUGHT ======
Unhandled Promise: TypeError: Failed to fetch
=============================
====== JS ERROR CAUGHT ======
Unhandled Promise: TypeError: Failed to fetch
=============================
====== JS ERROR CAUGHT ======
Unhandled Promise: TypeError: Failed to fetch
=============================
====== JS ERROR CAUGHT ======
Unhandled Promise: TypeError: Failed to fetch
=============================
====== JS ERROR CAUGHT ======
Unhandled Promise: TypeError: Failed to fetch
=============================
====== JS ERROR CAUGHT ======
Unhandled Promise: TypeError: Failed to fetch
=============================
====== JS ERROR CAUGHT ======
Unhandled Promise: TypeError: Failed to fetch
=============================
====== JS ERROR CAUGHT ======
Unhandled Promise: TypeError: Failed to fetch
=============================
====== JS ERROR CAUGHT ======
Unhandled Promise: TypeError: Failed to fetch
=============================
====== JS ERROR CAUGHT ======
Unhandled Promise: TypeError: Failed to fetch
=============================
====== JS ERROR CAUGHT ======
Unhandled Promise: TypeError: Failed to fetch
=============================
====== JS ERROR CAUGHT ======
Unhandled Promise: TypeError: Failed to fetch
=============================
====== JS ERROR CAUGHT ======
Unhandled Promise: TypeError: Failed to fetch
=============================
====== JS ERROR CAUGHT ======
Unhandled Promise: TypeError: Failed to fetch
=============================
====== JS ERROR CAUGHT ======
Unhandled Promise: TypeError: Failed to fetch
=============================
====== JS ERROR CAUGHT ======
Unhandled Promise: TypeError: Failed to fetch
=============================
====== JS ERROR CAUGHT ======
Unhandled Promise: TypeError: Failed to fetch
=============================
====== JS ERROR CAUGHT ======
Unhandled Promise: TypeError: Failed to fetch
=============================
====== JS ERROR CAUGHT ======
Unhandled Promise: TypeError: Failed to fetch
=============================
====== JS ERROR CAUGHT ======
Unhandled Promise: TypeError: Failed to fetch
=============================
====== JS ERROR CAUGHT ======
Unhandled Promise: TypeError: Failed to fetch
=============================
====== JS ERROR CAUGHT ======
Unhandled Promise: TypeError: Failed to fetch
=============================
====== JS ERROR CAUGHT ======
Unhandled Promise: TypeError: Failed to fetch
=============================
====== JS ERROR CAUGHT ======
Unhandled Promise: TypeError: Failed to fetch
=============================
====== JS ERROR CAUGHT ======
Unhandled Promise: TypeError: Failed to fetch
=============================
====== JS ERROR CAUGHT ======
Unhandled Promise: TypeError: Failed to fetch
=============================
====== JS ERROR CAUGHT ======
Unhandled Promise: TypeError: Failed to fetch
=============================
====== JS ERROR CAUGHT ======
Unhandled Promise: TypeError: Failed to fetch
=============================
====== JS ERROR CAUGHT ======
Unhandled Promise: TypeError: Failed to fetch
=============================
====== JS ERROR CAUGHT ======
Unhandled Promise: TypeError: Failed to fetch
=============================
====== JS ERROR CAUGHT ======
Unhandled Promise: TypeError: Failed to fetch
=============================
====== JS ERROR CAUGHT ======
Unhandled Promise: TypeError: Failed to fetch
=============================
====== JS ERROR CAUGHT ======
Unhandled Promise: TypeError: Failed to fetch
=============================
====== JS ERROR CAUGHT ======
Unhandled Promise: TypeError: Failed to fetch
=============================
====== JS ERROR CAUGHT ======
Unhandled Promise: TypeError: Failed to fetch
=============================
====== JS ERROR CAUGHT ======
Unhandled Promise: TypeError: Failed to fetch
=============================
====== JS ERROR CAUGHT ======
Unhandled Promise: TypeError: Failed to fetch
=============================
====== JS ERROR CAUGHT ======
Unhandled Promise: TypeError: Failed to fetch
=============================
====== JS ERROR CAUGHT ======
Unhandled Promise: TypeError: Failed to fetch
=============================
====== JS ERROR CAUGHT ======
Unhandled Promise: TypeError: Failed to fetch
=============================
====== JS ERROR CAUGHT ======
Unhandled Promise: TypeError: Failed to fetch
=============================
====== JS ERROR CAUGHT ======
Unhandled Promise: TypeError: Failed to fetch
=============================
====== JS ERROR CAUGHT ======
Unhandled Promise: TypeError: Failed to fetch
=============================
====== JS ERROR CAUGHT ======
Unhandled Promise: TypeError: Failed to fetch
=============================
====== JS ERROR CAUGHT ======
Unhandled Promise: TypeError: Failed to fetch
=============================
====== JS ERROR CAUGHT ======
Unhandled Promise: TypeError: Failed to fetch
=============================
====== JS ERROR CAUGHT ======
Unhandled Promise: TypeError: Failed to fetch
=============================
====== JS ERROR CAUGHT ======
Unhandled Promise: TypeError: Failed to fetch
=============================
====== JS ERROR CAUGHT ======
Unhandled Promise: TypeError: Failed to fetch
=============================
====== JS ERROR CAUGHT ======
Unhandled Promise: TypeError: Failed to fetch
=============================
====== JS ERROR CAUGHT ======
Unhandled Promise: TypeError: Failed to fetch
=============================
====== JS ERROR CAUGHT ======
Unhandled Promise: TypeError: Failed to fetch
=============================
====== JS ERROR CAUGHT ======
Unhandled Promise: TypeError: Failed to fetch
=============================
====== JS ERROR CAUGHT ======
Unhandled Promise: TypeError: Failed to fetch
=============================
====== JS ERROR CAUGHT ======
Unhandled Promise: TypeError: Failed to fetch
=============================
====== JS ERROR CAUGHT ======
Unhandled Promise: TypeError: Failed to fetch
=============================
====== JS ERROR CAUGHT ======
Unhandled Promise: TypeError: Failed to fetch
=============================
====== JS ERROR CAUGHT ======
Unhandled Promise: TypeError: Failed to fetch
=============================
====== JS ERROR CAUGHT ======
Unhandled Promise: TypeError: Failed to fetch
=============================
====== JS ERROR CAUGHT ======
Unhandled Promise: TypeError: Failed to fetch
=============================
====== JS ERROR CAUGHT ======
Unhandled Promise: TypeError: Failed to fetch
=============================
====== JS ERROR CAUGHT ======
Unhandled Promise: TypeError: Failed to fetch
=============================
====== JS ERROR CAUGHT ======
Unhandled Promise: TypeError: Failed to fetch
=============================
====== JS ERROR CAUGHT ======
Unhandled Promise: TypeError: Failed to fetch
=============================
====== JS ERROR CAUGHT ======
Unhandled Promise: TypeError: Failed to fetch
=============================
====== JS ERROR CAUGHT ======
Unhandled Promise: TypeError: Failed to fetch
=============================
====== JS ERROR CAUGHT ======
Unhandled Promise: TypeError: Failed to fetch
=============================
====== JS ERROR CAUGHT ======
Unhandled Promise: TypeError: Failed to fetch
=============================
====== JS ERROR CAUGHT ======
Unhandled Promise: TypeError: Failed to fetch
=============================
====== JS ERROR CAUGHT ======
Unhandled Promise: TypeError: Failed to fetch
=============================
====== JS ERROR CAUGHT ======
Unhandled Promise: TypeError: Failed to fetch
=============================
====== JS ERROR CAUGHT ======
Unhandled Promise: TypeError: Failed to fetch
=============================
====== JS ERROR CAUGHT ======
Unhandled Promise: TypeError: Failed to fetch
=============================
====== JS ERROR CAUGHT ======
Unhandled Promise: TypeError: Failed to fetch
=============================
====== JS ERROR CAUGHT ======
Unhandled Promise: TypeError: Failed to fetch
=============================
====== JS ERROR CAUGHT ======
Unhandled Promise: TypeError: Failed to fetch
=============================
====== JS ERROR CAUGHT ======
Unhandled Promise: TypeError: Failed to fetch
=============================
====== JS ERROR CAUGHT ======
Unhandled Promise: TypeError: Failed to fetch
=============================
====== JS ERROR CAUGHT ======
Unhandled Promise: TypeError: Failed to fetch
=============================
====== JS ERROR CAUGHT ======
Unhandled Promise: TypeError: Failed to fetch
=============================
====== JS ERROR CAUGHT ======
Unhandled Promise: TypeError: Failed to fetch
=============================
====== JS ERROR CAUGHT ======
Unhandled Promise: TypeError: Failed to fetch
=============================
====== JS ERROR CAUGHT ======
Unhandled Promise: TypeError: Failed to fetch
=============================
====== JS ERROR CAUGHT ======
Unhandled Promise: TypeError: Failed to fetch
=============================
====== JS ERROR CAUGHT ======
Unhandled Promise: TypeError: Failed to fetch
=============================
====== JS ERROR CAUGHT ======
Unhandled Promise: TypeError: Failed to fetch
=============================
====== JS ERROR CAUGHT ======
Unhandled Promise: TypeError: Failed to fetch
=============================
====== JS ERROR CAUGHT ======
Unhandled Promise: TypeError: Failed to fetch
=============================
====== JS ERROR CAUGHT ======
Unhandled Promise: TypeError: Failed to fetch
=============================
====== JS ERROR CAUGHT ======
Unhandled Promise: TypeError: Failed to fetch
=============================
====== JS ERROR CAUGHT ======
Unhandled Promise: TypeError: Failed to fetch
=============================
====== JS ERROR CAUGHT ======
Unhandled Promise: TypeError: Failed to fetch
=============================
====== JS ERROR CAUGHT ======
Unhandled Promise: TypeError: Failed to fetch
=============================
====== JS ERROR CAUGHT ======
Unhandled Promise: TypeError: Failed to fetch
=============================
====== JS ERROR CAUGHT ======
Unhandled Promise: TypeError: Failed to fetch
=============================
====== JS ERROR CAUGHT ======
Unhandled Promise: TypeError: Failed to fetch
=============================
====== JS ERROR CAUGHT ======
Unhandled Promise: TypeError: Failed to fetch
=============================
====== JS ERROR CAUGHT ======
Unhandled Promise: TypeError: Failed to fetch
=============================
====== JS ERROR CAUGHT ======
Unhandled Promise: TypeError: Failed to fetch
=============================
====== JS ERROR CAUGHT ======
Unhandled Promise: TypeError: Failed to fetch
=============================
====== JS ERROR CAUGHT ======
Unhandled Promise: TypeError: Failed to fetch
=============================
====== JS ERROR CAUGHT ======
Unhandled Promise: TypeError: Failed to fetch
=============================
====== JS ERROR CAUGHT ======
Unhandled Promise: TypeError: Failed to fetch
=============================
====== JS ERROR CAUGHT ======
Unhandled Promise: TypeError: Failed to fetch
=============================
====== JS ERROR CAUGHT ======
Unhandled Promise: TypeError: Failed to fetch
=============================
====== JS ERROR CAUGHT ======
Unhandled Promise: TypeError: Failed to fetch
=============================
====== JS ERROR CAUGHT ======
Unhandled Promise: TypeError: Failed to fetch
=============================
====== JS ERROR CAUGHT ======
Unhandled Promise: TypeError: Failed to fetch
=============================
====== JS ERROR CAUGHT ======
Unhandled Promise: TypeError: Failed to fetch
=============================
====== JS ERROR CAUGHT ======
Unhandled Promise: TypeError: Failed to fetch
=============================
====== JS ERROR CAUGHT ======
Unhandled Promise: TypeError: Failed to fetch
=============================
====== JS ERROR CAUGHT ======
Unhandled Promise: TypeError: Failed to fetch
=============================
====== JS ERROR CAUGHT ======
Unhandled Promise: TypeError: Failed to fetch
=============================
====== JS ERROR CAUGHT ======
Unhandled Promise: TypeError: Failed to fetch
=============================
====== JS ERROR CAUGHT ======
Unhandled Promise: TypeError: Failed to fetch
=============================
====== JS ERROR CAUGHT ======
Unhandled Promise: TypeError: Failed to fetch
=============================
====== JS ERROR CAUGHT ======
Unhandled Promise: TypeError: Failed to fetch
=============================
====== JS ERROR CAUGHT ======
Unhandled Promise: TypeError: Failed to fetch
=============================
====== JS ERROR CAUGHT ======
Unhandled Promise: TypeError: Failed to fetch
=============================
====== JS ERROR CAUGHT ======
Unhandled Promise: TypeError: Failed to fetch
=============================
====== JS ERROR CAUGHT ======
Unhandled Promise: TypeError: Failed to fetch
=============================
====== JS ERROR CAUGHT ======
Unhandled Promise: TypeError: Failed to fetch
=============================
====== JS ERROR CAUGHT ======
Unhandled Promise: TypeError: Failed to fetch
=============================
====== JS ERROR CAUGHT ======
Unhandled Promise: TypeError: Failed to fetch
=============================
====== JS ERROR CAUGHT ======
Unhandled Promise: TypeError: Failed to fetch
=============================
====== JS ERROR CAUGHT ======
Unhandled Promise: TypeError: Failed to fetch
=============================
====== JS ERROR CAUGHT ======
Unhandled Promise: TypeError: Failed to fetch
=============================
====== JS ERROR CAUGHT ======
Unhandled Promise: TypeError: Failed to fetch
=============================
====== JS ERROR CAUGHT ======
Unhandled Promise: TypeError: Failed to fetch
=============================
====== JS ERROR CAUGHT ======
Unhandled Promise: TypeError: Failed to fetch
=============================
====== JS ERROR CAUGHT ======
Unhandled Promise: TypeError: Failed to fetch
=============================
====== JS ERROR CAUGHT ======
Unhandled Promise: TypeError: Failed to fetch
=============================
====== JS ERROR CAUGHT ======
Unhandled Promise: TypeError: Failed to fetch
=============================
====== JS ERROR CAUGHT ======
Unhandled Promise: TypeError: Failed to fetch
=============================
====== JS ERROR CAUGHT ======
Unhandled Promise: TypeError: Failed to fetch
=============================
====== JS ERROR CAUGHT ======
Unhandled Promise: TypeError: Failed to fetch
=============================
====== JS ERROR CAUGHT ======
Unhandled Promise: TypeError: Failed to fetch
=============================
====== JS ERROR CAUGHT ======
Unhandled Promise: TypeError: Failed to fetch
=============================
====== JS ERROR CAUGHT ======
Unhandled Promise: TypeError: Failed to fetch
=============================
====== JS ERROR CAUGHT ======
Unhandled Promise: TypeError: Failed to fetch
=============================
====== JS ERROR CAUGHT ======
Unhandled Promise: TypeError: Failed to fetch
=============================
====== JS ERROR CAUGHT ======
Unhandled Promise: TypeError: Failed to fetch
=============================
====== JS ERROR CAUGHT ======
Unhandled Promise: TypeError: Failed to fetch
=============================
====== JS ERROR CAUGHT ======
Unhandled Promise: TypeError: Failed to fetch
=============================
====== JS ERROR CAUGHT ======
Unhandled Promise: TypeError: Failed to fetch
=============================
====== JS ERROR CAUGHT ======
Unhandled Promise: TypeError: Failed to fetch
=============================
====== JS ERROR CAUGHT ======
Unhandled Promise: TypeError: Failed to fetch
=============================
====== JS ERROR CAUGHT ======
Unhandled Promise: TypeError: Failed to fetch
=============================
====== JS ERROR CAUGHT ======
Unhandled Promise: TypeError: Failed to fetch
=============================
====== JS ERROR CAUGHT ======
Unhandled Promise: TypeError: Failed to fetch
=============================
====== JS ERROR CAUGHT ======
Unhandled Promise: TypeError: Failed to fetch
=============================
====== JS ERROR CAUGHT ======
Unhandled Promise: TypeError: Failed to fetch
=============================
====== JS ERROR CAUGHT ======
Unhandled Promise: TypeError: Failed to fetch
=============================
====== JS ERROR CAUGHT ======
Unhandled Promise: TypeError: Failed to fetch
=============================
====== JS ERROR CAUGHT ======
Unhandled Promise: TypeError: Failed to fetch
=============================
====== JS ERROR CAUGHT ======
Unhandled Promise: TypeError: Failed to fetch
=============================
====== JS ERROR CAUGHT ======
Unhandled Promise: TypeError: Failed to fetch
=============================
====== JS ERROR CAUGHT ======
Unhandled Promise: TypeError: Failed to fetch
=============================
====== JS ERROR CAUGHT ======
Unhandled Promise: TypeError: Failed to fetch
=============================
====== JS ERROR CAUGHT ======
Unhandled Promise: TypeError: Failed to fetch
=============================
====== JS ERROR CAUGHT ======
Unhandled Promise: TypeError: Failed to fetch
=============================
====== JS ERROR CAUGHT ======
Unhandled Promise: TypeError: Failed to fetch
=============================
====== JS ERROR CAUGHT ======
Unhandled Promise: TypeError: Failed to fetch
=============================
====== JS ERROR CAUGHT ======
Unhandled Promise: TypeError: Failed to fetch
=============================
====== JS ERROR CAUGHT ======
Unhandled Promise: TypeError: Failed to fetch
=============================
====== JS ERROR CAUGHT ======
Unhandled Promise: TypeError: Failed to fetch
=============================
====== JS ERROR CAUGHT ======
Unhandled Promise: TypeError: Failed to fetch
=============================
====== JS ERROR CAUGHT ======
Unhandled Promise: TypeError: Failed to fetch
=============================
====== JS ERROR CAUGHT ======
Unhandled Promise: TypeError: Failed to fetch
=============================
====== JS ERROR CAUGHT ======
Unhandled Promise: TypeError: Failed to fetch
=============================
====== JS ERROR CAUGHT ======
Unhandled Promise: TypeError: Failed to fetch
=============================
====== JS ERROR CAUGHT ======
Unhandled Promise: TypeError: Failed to fetch
=============================
====== JS ERROR CAUGHT ======
Unhandled Promise: TypeError: Failed to fetch
=============================
====== JS ERROR CAUGHT ======
Unhandled Promise: TypeError: Failed to fetch
=============================
====== JS ERROR CAUGHT ======
Unhandled Promise: TypeError: Failed to fetch
=============================
====== JS ERROR CAUGHT ======
Unhandled Promise: TypeError: Failed to fetch
=============================
====== JS ERROR CAUGHT ======
Unhandled Promise: TypeError: Failed to fetch
=============================
====== JS ERROR CAUGHT ======
Unhandled Promise: TypeError: Failed to fetch
=============================
====== JS ERROR CAUGHT ======
Unhandled Promise: TypeError: Failed to fetch
=============================
====== JS ERROR CAUGHT ======
Unhandled Promise: TypeError: Failed to fetch
=============================
====== JS ERROR CAUGHT ======
Unhandled Promise: TypeError: Failed to fetch
=============================
====== JS ERROR CAUGHT ======
Unhandled Promise: TypeError: Failed to fetch
=============================
====== JS ERROR CAUGHT ======
Unhandled Promise: TypeError: Failed to fetch
=============================
====== JS ERROR CAUGHT ======
Unhandled Promise: TypeError: Failed to fetch
=============================
====== JS ERROR CAUGHT ======
Unhandled Promise: TypeError: Failed to fetch
=============================
====== JS ERROR CAUGHT ======
Unhandled Promise: TypeError: Failed to fetch
=============================
====== JS ERROR CAUGHT ======
Unhandled Promise: TypeError: Failed to fetch
=============================
====== JS ERROR CAUGHT ======
Unhandled Promise: TypeError: Failed to fetch
=============================
====== JS ERROR CAUGHT ======
Unhandled Promise: TypeError: Failed to fetch
=============================
====== JS ERROR CAUGHT ======
Unhandled Promise: TypeError: Failed to fetch
=============================
====== JS ERROR CAUGHT ======
Unhandled Promise: TypeError: Failed to fetch
=============================
====== JS ERROR CAUGHT ======
Unhandled Promise: TypeError: Failed to fetch
=============================
====== JS ERROR CAUGHT ======
Unhandled Promise: TypeError: Failed to fetch
=============================
====== JS ERROR CAUGHT ======
Unhandled Promise: TypeError: Failed to fetch
=============================
====== JS ERROR CAUGHT ======
Unhandled Promise: TypeError: Failed to fetch
=============================
====== JS ERROR CAUGHT ======
Unhandled Promise: TypeError: Failed to fetch
=============================
====== JS ERROR CAUGHT ======
Unhandled Promise: TypeError: Failed to fetch
=============================
====== JS ERROR CAUGHT ======
Unhandled Promise: TypeError: Failed to fetch
=============================
====== JS ERROR CAUGHT ======
Unhandled Promise: TypeError: Failed to fetch
=============================
====== JS ERROR CAUGHT ======
Unhandled Promise: TypeError: Failed to fetch
=============================
====== JS ERROR CAUGHT ======
Unhandled Promise: TypeError: Failed to fetch
=============================
====== JS ERROR CAUGHT ======
Unhandled Promise: TypeError: Failed to fetch
=============================
====== JS ERROR CAUGHT ======
Unhandled Promise: TypeError: Failed to fetch
=============================
====== JS ERROR CAUGHT ======
Unhandled Promise: TypeError: Failed to fetch
=============================
====== JS ERROR CAUGHT ======
Unhandled Promise: TypeError: Failed to fetch
=============================
====== JS ERROR CAUGHT ======
Unhandled Promise: TypeError: Failed to fetch
=============================
====== JS ERROR CAUGHT ======
Unhandled Promise: TypeError: Failed to fetch
=============================
====== JS ERROR CAUGHT ======
Unhandled Promise: TypeError: Failed to fetch
=============================
====== JS ERROR CAUGHT ======
Unhandled Promise: TypeError: Failed to fetch
=============================
====== JS ERROR CAUGHT ======
Unhandled Promise: TypeError: Failed to fetch
=============================
====== JS ERROR CAUGHT ======
Unhandled Promise: TypeError: Failed to fetch
=============================
====== JS ERROR CAUGHT ======
Unhandled Promise: TypeError: Failed to fetch
=============================
====== JS ERROR CAUGHT ======
Unhandled Promise: TypeError: Failed to fetch
=============================
====== JS ERROR CAUGHT ======
Unhandled Promise: TypeError: Failed to fetch
=============================
====== JS ERROR CAUGHT ======
Unhandled Promise: TypeError: Failed to fetch
=============================
====== JS ERROR CAUGHT ======
Unhandled Promise: TypeError: Failed to fetch
=============================
====== JS ERROR CAUGHT ======
Unhandled Promise: TypeError: Failed to fetch
=============================
====== JS ERROR CAUGHT ======
Unhandled Promise: TypeError: Failed to fetch
=============================
====== JS ERROR CAUGHT ======
Unhandled Promise: TypeError: Failed to fetch
=============================
====== JS ERROR CAUGHT ======
Unhandled Promise: TypeError: Failed to fetch
=============================
====== JS ERROR CAUGHT ======
Unhandled Promise: TypeError: Failed to fetch
=============================
====== JS ERROR CAUGHT ======
Unhandled Promise: TypeError: Failed to fetch
=============================
====== JS ERROR CAUGHT ======
Unhandled Promise: TypeError: Failed to fetch
=============================
====== JS ERROR CAUGHT ======
Unhandled Promise: TypeError: Failed to fetch
=============================
====== JS ERROR CAUGHT ======
Unhandled Promise: TypeError: Failed to fetch
=============================
====== JS ERROR CAUGHT ======
Unhandled Promise: TypeError: Failed to fetch
=============================
====== JS ERROR CAUGHT ======
Unhandled Promise: TypeError: Failed to fetch
=============================
====== JS ERROR CAUGHT ======
Unhandled Promise: TypeError: Failed to fetch
=============================
====== JS ERROR CAUGHT ======
Unhandled Promise: TypeError: Failed to fetch
=============================
====== JS ERROR CAUGHT ======
Unhandled Promise: TypeError: Failed to fetch
=============================
====== JS ERROR CAUGHT ======
Unhandled Promise: TypeError: Failed to fetch
=============================
====== JS ERROR CAUGHT ======
Unhandled Promise: TypeError: Failed to fetch
=============================
====== JS ERROR CAUGHT ======
Unhandled Promise: TypeError: Failed to fetch
=============================
====== JS ERROR CAUGHT ======
Unhandled Promise: TypeError: Failed to fetch
=============================
====== JS ERROR CAUGHT ======
Unhandled Promise: TypeError: Failed to fetch
=============================
====== JS ERROR CAUGHT ======
Unhandled Promise: TypeError: Failed to fetch
=============================
====== JS ERROR CAUGHT ======
Unhandled Promise: TypeError: Failed to fetch
=============================
====== JS ERROR CAUGHT ======
Unhandled Promise: TypeError: Failed to fetch
=============================
====== JS ERROR CAUGHT ======
Unhandled Promise: TypeError: Failed to fetch
=============================
====== JS ERROR CAUGHT ======
Unhandled Promise: TypeError: Failed to fetch
=============================
====== JS ERROR CAUGHT ======
Unhandled Promise: TypeError: Failed to fetch
=============================
====== JS ERROR CAUGHT ======
Unhandled Promise: TypeError: Failed to fetch
=============================
====== JS ERROR CAUGHT ======
Unhandled Promise: TypeError: Failed to fetch
=============================
====== JS ERROR CAUGHT ======
Unhandled Promise: TypeError: Failed to fetch
=============================
====== JS ERROR CAUGHT ======
Unhandled Promise: TypeError: Failed to fetch
=============================
====== JS ERROR CAUGHT ======
Unhandled Promise: TypeError: Failed to fetch
=============================
====== JS ERROR CAUGHT ======
Unhandled Promise: TypeError: Failed to fetch
=============================
====== JS ERROR CAUGHT ======
Unhandled Promise: TypeError: Failed to fetch
=============================
====== JS ERROR CAUGHT ======
Unhandled Promise: TypeError: Failed to fetch
=============================
====== JS ERROR CAUGHT ======
Unhandled Promise: TypeError: Failed to fetch
=============================
====== JS ERROR CAUGHT ======
Unhandled Promise: TypeError: Failed to fetch
=============================
====== JS ERROR CAUGHT ======
Unhandled Promise: TypeError: Failed to fetch
=============================
====== JS ERROR CAUGHT ======
Unhandled Promise: TypeError: Failed to fetch
=============================
====== JS ERROR CAUGHT ======
Unhandled Promise: TypeError: Failed to fetch
=============================
====== JS ERROR CAUGHT ======
Unhandled Promise: TypeError: Failed to fetch
=============================
====== JS ERROR CAUGHT ======
Unhandled Promise: TypeError: Failed to fetch
=============================
====== JS ERROR CAUGHT ======
Unhandled Promise: TypeError: Failed to fetch
=============================
====== JS ERROR CAUGHT ======
Unhandled Promise: TypeError: Failed to fetch
=============================
====== JS ERROR CAUGHT ======
Unhandled Promise: TypeError: Failed to fetch
=============================
====== JS ERROR CAUGHT ======
Unhandled Promise: TypeError: Failed to fetch
=============================
====== JS ERROR CAUGHT ======
Unhandled Promise: TypeError: Failed to fetch
=============================
====== JS ERROR CAUGHT ======
Unhandled Promise: TypeError: Failed to fetch
=============================
====== JS ERROR CAUGHT ======
Unhandled Promise: TypeError: Failed to fetch
=============================
====== JS ERROR CAUGHT ======
Unhandled Promise: TypeError: Failed to fetch
=============================
====== JS ERROR CAUGHT ======
Unhandled Promise: TypeError: Failed to fetch
=============================
====== JS ERROR CAUGHT ======
Unhandled Promise: TypeError: Failed to fetch
=============================
====== JS ERROR CAUGHT ======
Unhandled Promise: TypeError: Failed to fetch
=============================
====== JS ERROR CAUGHT ======
Unhandled Promise: TypeError: Failed to fetch
=============================
====== JS ERROR CAUGHT ======
Unhandled Promise: TypeError: Failed to fetch
=============================
====== JS ERROR CAUGHT ======
Unhandled Promise: TypeError: Failed to fetch
=============================
====== JS ERROR CAUGHT ======
Unhandled Promise: TypeError: Failed to fetch
=============================
====== JS ERROR CAUGHT ======
Unhandled Promise: TypeError: Failed to fetch
=============================
====== JS ERROR CAUGHT ======
Unhandled Promise: TypeError: Failed to fetch
=============================
====== JS ERROR CAUGHT ======
Unhandled Promise: TypeError: Failed to fetch
=============================
====== JS ERROR CAUGHT ======
Unhandled Promise: TypeError: Failed to fetch
=============================
====== JS ERROR CAUGHT ======
Unhandled Promise: TypeError: Failed to fetch
=============================
====== JS ERROR CAUGHT ======
Unhandled Promise: TypeError: Failed to fetch
=============================
====== JS ERROR CAUGHT ======
Unhandled Promise: TypeError: Failed to fetch
=============================
====== JS ERROR CAUGHT ======
Unhandled Promise: TypeError: Failed to fetch
=============================
====== JS ERROR CAUGHT ======
Unhandled Promise: TypeError: Failed to fetch
=============================
====== JS ERROR CAUGHT ======
Unhandled Promise: TypeError: Failed to fetch
=============================
====== JS ERROR CAUGHT ======
Unhandled Promise: TypeError: Failed to fetch
=============================
====== JS ERROR CAUGHT ======
Unhandled Promise: TypeError: Failed to fetch
=============================
====== JS ERROR CAUGHT ======
Unhandled Promise: TypeError: Failed to fetch
=============================
====== JS ERROR CAUGHT ======
Unhandled Promise: TypeError: Failed to fetch
=============================
====== JS ERROR CAUGHT ======
Unhandled Promise: TypeError: Failed to fetch
=============================
====== JS ERROR CAUGHT ======
Unhandled Promise: TypeError: Failed to fetch
=============================
====== JS ERROR CAUGHT ======
Unhandled Promise: TypeError: Failed to fetch
=============================
====== JS ERROR CAUGHT ======
Unhandled Promise: TypeError: Failed to fetch
=============================
====== JS ERROR CAUGHT ======
Unhandled Promise: TypeError: Failed to fetch
=============================
====== JS ERROR CAUGHT ======
Unhandled Promise: TypeError: Failed to fetch
=============================
====== JS ERROR CAUGHT ======
Unhandled Promise: TypeError: Failed to fetch
=============================
====== JS ERROR CAUGHT ======
Unhandled Promise: TypeError: Failed to fetch
=============================
====== JS ERROR CAUGHT ======
Unhandled Promise: TypeError: Failed to fetch
=============================
====== JS ERROR CAUGHT ======
Unhandled Promise: TypeError: Failed to fetch
=============================
====== JS ERROR CAUGHT ======
Unhandled Promise: TypeError: Failed to fetch
=============================
====== JS ERROR CAUGHT ======
Unhandled Promise: TypeError: Failed to fetch
=============================
====== JS ERROR CAUGHT ======
Unhandled Promise: TypeError: Failed to fetch
=============================
====== JS ERROR CAUGHT ======
Unhandled Promise: TypeError: Failed to fetch
=============================
====== JS ERROR CAUGHT ======
Unhandled Promise: TypeError: Failed to fetch
=============================
====== JS ERROR CAUGHT ======
Unhandled Promise: TypeError: Failed to fetch
=============================
====== JS ERROR CAUGHT ======
Unhandled Promise: TypeError: Failed to fetch
=============================
====== JS ERROR CAUGHT ======
Unhandled Promise: TypeError: Failed to fetch
=============================
====== JS ERROR CAUGHT ======
Unhandled Promise: TypeError: Failed to fetch
=============================
====== JS ERROR CAUGHT ======
Unhandled Promise: TypeError: Failed to fetch
=============================
====== JS ERROR CAUGHT ======
Unhandled Promise: TypeError: Failed to fetch
=============================
====== JS ERROR CAUGHT ======
Unhandled Promise: TypeError: Failed to fetch
=============================
====== JS ERROR CAUGHT ======
Unhandled Promise: TypeError: Failed to fetch
=============================
====== JS ERROR CAUGHT ======
Unhandled Promise: TypeError: Failed to fetch
=============================
====== JS ERROR CAUGHT ======
Unhandled Promise: TypeError: Failed to fetch
=============================
====== JS ERROR CAUGHT ======
Unhandled Promise: TypeError: Failed to fetch
=============================
====== JS ERROR CAUGHT ======
Unhandled Promise: TypeError: Failed to fetch
=============================
====== JS ERROR CAUGHT ======
Unhandled Promise: TypeError: Failed to fetch
=============================
====== JS ERROR CAUGHT ======
Unhandled Promise: TypeError: Failed to fetch
=============================
====== JS ERROR CAUGHT ======
Unhandled Promise: TypeError: Failed to fetch
=============================
====== JS ERROR CAUGHT ======
Unhandled Promise: TypeError: Failed to fetch
=============================
====== JS ERROR CAUGHT ======
Unhandled Promise: TypeError: Failed to fetch
=============================
====== JS ERROR CAUGHT ======
Unhandled Promise: TypeError: Failed to fetch
=============================
====== JS ERROR CAUGHT ======
Unhandled Promise: TypeError: Failed to fetch
=============================
====== JS ERROR CAUGHT ======
Unhandled Promise: TypeError: Failed to fetch
=============================
====== JS ERROR CAUGHT ======
Unhandled Promise: TypeError: Failed to fetch
=============================
====== JS ERROR CAUGHT ======
Unhandled Promise: TypeError: Failed to fetch
=============================
====== JS ERROR CAUGHT ======
Unhandled Promise: TypeError: Failed to fetch
=============================
====== JS ERROR CAUGHT ======
Unhandled Promise: TypeError: Failed to fetch
=============================
====== JS ERROR CAUGHT ======
Unhandled Promise: TypeError: Failed to fetch
=============================
====== JS ERROR CAUGHT ======
Unhandled Promise: TypeError: Failed to fetch
=============================
====== JS ERROR CAUGHT ======
Unhandled Promise: TypeError: Failed to fetch
=============================
====== JS ERROR CAUGHT ======
Unhandled Promise: TypeError: Failed to fetch
=============================
====== JS ERROR CAUGHT ======
Unhandled Promise: TypeError: Failed to fetch
=============================
====== JS ERROR CAUGHT ======
Unhandled Promise: TypeError: Failed to fetch
=============================
====== JS ERROR CAUGHT ======
Unhandled Promise: TypeError: Failed to fetch
=============================
====== JS ERROR CAUGHT ======
Unhandled Promise: TypeError: Failed to fetch
=============================
====== JS ERROR CAUGHT ======
Unhandled Promise: TypeError: Failed to fetch
=============================
====== JS ERROR CAUGHT ======
Unhandled Promise: TypeError: Failed to fetch
=============================
====== JS ERROR CAUGHT ======
Unhandled Promise: TypeError: Failed to fetch
=============================
====== JS ERROR CAUGHT ======
Unhandled Promise: TypeError: Failed to fetch
=============================
====== JS ERROR CAUGHT ======
Unhandled Promise: TypeError: Failed to fetch
=============================
====== JS ERROR CAUGHT ======
Unhandled Promise: TypeError: Failed to fetch
=============================
====== JS ERROR CAUGHT ======
Unhandled Promise: TypeError: Failed to fetch
=============================
====== JS ERROR CAUGHT ======
Unhandled Promise: TypeError: Failed to fetch
=============================
====== JS ERROR CAUGHT ======
Unhandled Promise: TypeError: Failed to fetch
=============================
====== JS ERROR CAUGHT ======
Unhandled Promise: TypeError: Failed to fetch
=============================
====== JS ERROR CAUGHT ======
Unhandled Promise: TypeError: Failed to fetch
=============================
====== JS ERROR CAUGHT ======
Unhandled Promise: TypeError: Failed to fetch
=============================
====== JS ERROR CAUGHT ======
Unhandled Promise: TypeError: Failed to fetch
=============================
====== JS ERROR CAUGHT ======
Unhandled Promise: TypeError: Failed to fetch
=============================
====== JS ERROR CAUGHT ======
Unhandled Promise: TypeError: Failed to fetch
=============================
====== JS ERROR CAUGHT ======
Unhandled Promise: TypeError: Failed to fetch
=============================
====== JS ERROR CAUGHT ======
Unhandled Promise: TypeError: Failed to fetch
=============================
====== JS ERROR CAUGHT ======
Unhandled Promise: TypeError: Failed to fetch
=============================
====== JS ERROR CAUGHT ======
Unhandled Promise: TypeError: Failed to fetch
=============================
====== JS ERROR CAUGHT ======
Unhandled Promise: TypeError: Failed to fetch
=============================
====== JS ERROR CAUGHT ======
Unhandled Promise: TypeError: Failed to fetch
=============================
====== JS ERROR CAUGHT ======
Unhandled Promise: TypeError: Failed to fetch
=============================
====== JS ERROR CAUGHT ======
Unhandled Promise: TypeError: Failed to fetch
=============================
====== JS ERROR CAUGHT ======
Unhandled Promise: TypeError: Failed to fetch
=============================
====== JS ERROR CAUGHT ======
Unhandled Promise: TypeError: Failed to fetch
=============================
====== JS ERROR CAUGHT ======
Unhandled Promise: TypeError: Failed to fetch
=============================
====== JS ERROR CAUGHT ======
Unhandled Promise: TypeError: Failed to fetch
=============================
====== JS ERROR CAUGHT ======
Unhandled Promise: TypeError: Failed to fetch
=============================
====== JS ERROR CAUGHT ======
Unhandled Promise: TypeError: Failed to fetch
=============================
====== JS ERROR CAUGHT ======
Unhandled Promise: TypeError: Failed to fetch
=============================
====== JS ERROR CAUGHT ======
Unhandled Promise: TypeError: Failed to fetch
=============================
====== JS ERROR CAUGHT ======
Unhandled Promise: TypeError: Failed to fetch
=============================
====== JS ERROR CAUGHT ======
Unhandled Promise: TypeError: Failed to fetch
=============================
====== JS ERROR CAUGHT ======
Unhandled Promise: TypeError: Failed to fetch
=============================
====== JS ERROR CAUGHT ======
Unhandled Promise: TypeError: Failed to fetch
=============================
====== JS ERROR CAUGHT ======
Unhandled Promise: TypeError: Failed to fetch
=============================
====== JS ERROR CAUGHT ======
Unhandled Promise: TypeError: Failed to fetch
=============================
====== JS ERROR CAUGHT ======
Unhandled Promise: TypeError: Failed to fetch
=============================
====== JS ERROR CAUGHT ======
Unhandled Promise: TypeError: Failed to fetch
=============================
====== JS ERROR CAUGHT ======
Unhandled Promise: TypeError: Failed to fetch
=============================
====== JS ERROR CAUGHT ======
Unhandled Promise: TypeError: Failed to fetch
=============================
====== JS ERROR CAUGHT ======
Unhandled Promise: TypeError: Failed to fetch
=============================
====== JS ERROR CAUGHT ======
Unhandled Promise: TypeError: Failed to fetch
=============================
====== JS ERROR CAUGHT ======
Unhandled Promise: TypeError: Failed to fetch
=============================
====== JS ERROR CAUGHT ======
Unhandled Promise: TypeError: Failed to fetch
=============================
====== JS ERROR CAUGHT ======
Unhandled Promise: TypeError: Failed to fetch
=============================
====== JS ERROR CAUGHT ======
Unhandled Promise: TypeError: Failed to fetch
=============================
====== JS ERROR CAUGHT ======
Unhandled Promise: TypeError: Failed to fetch
=============================
====== JS ERROR CAUGHT ======
Unhandled Promise: TypeError: Failed to fetch
=============================
====== JS ERROR CAUGHT ======
Unhandled Promise: TypeError: Failed to fetch
=============================
====== JS ERROR CAUGHT ======
Unhandled Promise: TypeError: Failed to fetch
=============================
====== JS ERROR CAUGHT ======
Unhandled Promise: TypeError: Failed to fetch
=============================
====== JS ERROR CAUGHT ======
Unhandled Promise: TypeError: Failed to fetch
=============================
====== JS ERROR CAUGHT ======
Unhandled Promise: TypeError: Failed to fetch
=============================
====== JS ERROR CAUGHT ======
Unhandled Promise: TypeError: Failed to fetch
=============================
====== JS ERROR CAUGHT ======
Unhandled Promise: TypeError: Failed to fetch
=============================
====== JS ERROR CAUGHT ======
Unhandled Promise: TypeError: Failed to fetch
=============================
====== JS ERROR CAUGHT ======
Unhandled Promise: TypeError: Failed to fetch
=============================
====== JS ERROR CAUGHT ======
Unhandled Promise: TypeError: Failed to fetch
=============================
====== JS ERROR CAUGHT ======
Unhandled Promise: TypeError: Failed to fetch
=============================
====== JS ERROR CAUGHT ======
Unhandled Promise: TypeError: Failed to fetch
=============================
====== JS ERROR CAUGHT ======
Unhandled Promise: TypeError: Failed to fetch
=============================
====== JS ERROR CAUGHT ======
Unhandled Promise: TypeError: Failed to fetch
=============================
====== JS ERROR CAUGHT ======
Unhandled Promise: TypeError: Failed to fetch
=============================
====== JS ERROR CAUGHT ======
Unhandled Promise: TypeError: Failed to fetch
=============================
====== JS ERROR CAUGHT ======
Unhandled Promise: TypeError: Failed to fetch
=============================
====== JS ERROR CAUGHT ======
Unhandled Promise: TypeError: Failed to fetch
=============================
====== JS ERROR CAUGHT ======
Unhandled Promise: TypeError: Failed to fetch
=============================
====== JS ERROR CAUGHT ======
Unhandled Promise: TypeError: Failed to fetch
=============================
====== JS ERROR CAUGHT ======
Unhandled Promise: TypeError: Failed to fetch
=============================
====== JS ERROR CAUGHT ======
Unhandled Promise: TypeError: Failed to fetch
=============================
====== JS ERROR CAUGHT ======
Unhandled Promise: TypeError: Failed to fetch
=============================
====== JS ERROR CAUGHT ======
Unhandled Promise: TypeError: Failed to fetch
=============================
====== JS ERROR CAUGHT ======
Unhandled Promise: TypeError: Failed to fetch
=============================
====== JS ERROR CAUGHT ======
Unhandled Promise: TypeError: Failed to fetch
=============================
====== JS ERROR CAUGHT ======
Unhandled Promise: TypeError: Failed to fetch
=============================
====== JS ERROR CAUGHT ======
Unhandled Promise: TypeError: Failed to fetch
=============================
====== JS ERROR CAUGHT ======
Unhandled Promise: TypeError: Failed to fetch
=============================
====== JS ERROR CAUGHT ======
Unhandled Promise: TypeError: Failed to fetch
=============================
====== JS ERROR CAUGHT ======
Unhandled Promise: TypeError: Failed to fetch
=============================
====== JS ERROR CAUGHT ======
Unhandled Promise: TypeError: Failed to fetch
=============================
====== JS ERROR CAUGHT ======
Unhandled Promise: TypeError: Failed to fetch
=============================
====== JS ERROR CAUGHT ======
Unhandled Promise: TypeError: Failed to fetch
=============================
====== JS ERROR CAUGHT ======
Unhandled Promise: TypeError: Failed to fetch
=============================
====== JS ERROR CAUGHT ======
Unhandled Promise: TypeError: Failed to fetch
=============================
====== JS ERROR CAUGHT ======
Unhandled Promise: TypeError: Failed to fetch
=============================
====== JS ERROR CAUGHT ======
Unhandled Promise: TypeError: Failed to fetch
=============================
====== JS ERROR CAUGHT ======
Unhandled Promise: TypeError: Failed to fetch
=============================
====== JS ERROR CAUGHT ======
Unhandled Promise: TypeError: Failed to fetch
=============================
====== JS ERROR CAUGHT ======
Unhandled Promise: TypeError: Failed to fetch
=============================
====== JS ERROR CAUGHT ======
Unhandled Promise: TypeError: Failed to fetch
=============================
====== JS ERROR CAUGHT ======
Unhandled Promise: TypeError: Failed to fetch
=============================
====== JS ERROR CAUGHT ======
Unhandled Promise: TypeError: Failed to fetch
=============================
====== JS ERROR CAUGHT ======
Unhandled Promise: TypeError: Failed to fetch
=============================
====== JS ERROR CAUGHT ======
Unhandled Promise: TypeError: Failed to fetch
=============================
====== JS ERROR CAUGHT ======
Unhandled Promise: TypeError: Failed to fetch
=============================
====== JS ERROR CAUGHT ======
Unhandled Promise: TypeError: Failed to fetch
=============================
====== JS ERROR CAUGHT ======
Unhandled Promise: TypeError: Failed to fetch
=============================
====== JS ERROR CAUGHT ======
Unhandled Promise: TypeError: Failed to fetch
=============================
====== JS ERROR CAUGHT ======
Unhandled Promise: TypeError: Failed to fetch
=============================
====== JS ERROR CAUGHT ======
Unhandled Promise: TypeError: Failed to fetch
=============================
====== JS ERROR CAUGHT ======
Unhandled Promise: TypeError: Failed to fetch
=============================
====== JS ERROR CAUGHT ======
Unhandled Promise: TypeError: Failed to fetch
=============================
====== JS ERROR CAUGHT ======
Unhandled Promise: TypeError: Failed to fetch
=============================
====== JS ERROR CAUGHT ======
Unhandled Promise: TypeError: Failed to fetch
=============================
====== JS ERROR CAUGHT ======
Unhandled Promise: TypeError: Failed to fetch
=============================
====== JS ERROR CAUGHT ======
Unhandled Promise: TypeError: Failed to fetch
=============================
====== JS ERROR CAUGHT ======
Unhandled Promise: TypeError: Failed to fetch
=============================
====== JS ERROR CAUGHT ======
Unhandled Promise: TypeError: Failed to fetch
=============================
====== JS ERROR CAUGHT ======
Unhandled Promise: TypeError: Failed to fetch
=============================
====== JS ERROR CAUGHT ======
Unhandled Promise: TypeError: Failed to fetch
=============================
====== JS ERROR CAUGHT ======
Unhandled Promise: TypeError: Failed to fetch
=============================
====== JS ERROR CAUGHT ======
Unhandled Promise: TypeError: Failed to fetch
=============================
====== JS ERROR CAUGHT ======
Unhandled Promise: TypeError: Failed to fetch
=============================
====== JS ERROR CAUGHT ======
Unhandled Promise: TypeError: Failed to fetch
=============================
====== JS ERROR CAUGHT ======
Unhandled Promise: TypeError: Failed to fetch
=============================
====== JS ERROR CAUGHT ======
Unhandled Promise: TypeError: Failed to fetch
=============================
====== JS ERROR CAUGHT ======
Unhandled Promise: TypeError: Failed to fetch
=============================
====== JS ERROR CAUGHT ======
Unhandled Promise: TypeError: Failed to fetch
=============================
====== JS ERROR CAUGHT ======
Unhandled Promise: TypeError: Failed to fetch
=============================
====== JS ERROR CAUGHT ======
Unhandled Promise: TypeError: Failed to fetch
=============================
====== JS ERROR CAUGHT ======
Unhandled Promise: TypeError: Failed to fetch
=============================
====== JS ERROR CAUGHT ======
Unhandled Promise: TypeError: Failed to fetch
=============================
====== JS ERROR CAUGHT ======
Unhandled Promise: TypeError: Failed to fetch
=============================
====== JS ERROR CAUGHT ======
Unhandled Promise: TypeError: Failed to fetch
=============================
====== JS ERROR CAUGHT ======
Unhandled Promise: TypeError: Failed to fetch
=============================
====== JS ERROR CAUGHT ======
Unhandled Promise: TypeError: Failed to fetch
=============================
====== JS ERROR CAUGHT ======
Unhandled Promise: TypeError: Failed to fetch
=============================
====== JS ERROR CAUGHT ======
Unhandled Promise: TypeError: Failed to fetch
=============================
====== JS ERROR CAUGHT ======
Unhandled Promise: TypeError: Failed to fetch
=============================
====== JS ERROR CAUGHT ======
Unhandled Promise: TypeError: Failed to fetch
=============================
====== JS ERROR CAUGHT ======
Unhandled Promise: TypeError: Failed to fetch
=============================
====== JS ERROR CAUGHT ======
Unhandled Promise: TypeError: Failed to fetch
=============================
====== JS ERROR CAUGHT ======
Unhandled Promise: TypeError: Failed to fetch
=============================
====== JS ERROR CAUGHT ======
Unhandled Promise: TypeError: Failed to fetch
=============================
====== JS ERROR CAUGHT ======
Unhandled Promise: TypeError: Failed to fetch
=============================
====== JS ERROR CAUGHT ======
Unhandled Promise: TypeError: Failed to fetch
=============================
====== JS ERROR CAUGHT ======
Unhandled Promise: TypeError: Failed to fetch
=============================
====== JS ERROR CAUGHT ======
Unhandled Promise: TypeError: Failed to fetch
=============================
====== JS ERROR CAUGHT ======
Unhandled Promise: TypeError: Failed to fetch
=============================
====== JS ERROR CAUGHT ======
Unhandled Promise: TypeError: Failed to fetch
=============================
====== JS ERROR CAUGHT ======
Unhandled Promise: TypeError: Failed to fetch
=============================
====== JS ERROR CAUGHT ======
Unhandled Promise: TypeError: Failed to fetch
=============================
====== JS ERROR CAUGHT ======
Unhandled Promise: TypeError: Failed to fetch
=============================
====== JS ERROR CAUGHT ======
Unhandled Promise: TypeError: Failed to fetch
=============================
====== JS ERROR CAUGHT ======
Unhandled Promise: TypeError: Failed to fetch
=============================
====== JS ERROR CAUGHT ======
Unhandled Promise: TypeError: Failed to fetch
=============================
====== JS ERROR CAUGHT ======
Unhandled Promise: TypeError: Failed to fetch
=============================
====== JS ERROR CAUGHT ======
Unhandled Promise: TypeError: Failed to fetch
=============================
====== JS ERROR CAUGHT ======
Unhandled Promise: TypeError: Failed to fetch
=============================
====== JS ERROR CAUGHT ======
Unhandled Promise: TypeError: Failed to fetch
=============================
====== JS ERROR CAUGHT ======
Unhandled Promise: TypeError: Failed to fetch
=============================
====== JS ERROR CAUGHT ======
Unhandled Promise: TypeError: Failed to fetch
=============================
====== JS ERROR CAUGHT ======
Unhandled Promise: TypeError: Failed to fetch
=============================
====== JS ERROR CAUGHT ======
Unhandled Promise: TypeError: Failed to fetch
=============================
====== JS ERROR CAUGHT ======
Unhandled Promise: TypeError: Failed to fetch
=============================
====== JS ERROR CAUGHT ======
Unhandled Promise: TypeError: Failed to fetch
=============================
====== JS ERROR CAUGHT ======
Unhandled Promise: TypeError: Failed to fetch
=============================
====== JS ERROR CAUGHT ======
Unhandled Promise: TypeError: Failed to fetch
=============================
====== JS ERROR CAUGHT ======
Unhandled Promise: TypeError: Failed to fetch
=============================
====== JS ERROR CAUGHT ======
Unhandled Promise: TypeError: Failed to fetch
=============================
====== JS ERROR CAUGHT ======
Unhandled Promise: TypeError: Failed to fetch
=============================
====== JS ERROR CAUGHT ======
Unhandled Promise: TypeError: Failed to fetch
=============================
====== JS ERROR CAUGHT ======
Unhandled Promise: TypeError: Failed to fetch
=============================
====== JS ERROR CAUGHT ======
Unhandled Promise: TypeError: Failed to fetch
=============================
====== JS ERROR CAUGHT ======
Unhandled Promise: TypeError: Failed to fetch
=============================
====== JS ERROR CAUGHT ======
Unhandled Promise: TypeError: Failed to fetch
=============================
====== JS ERROR CAUGHT ======
Unhandled Promise: TypeError: Failed to fetch
=============================
====== JS ERROR CAUGHT ======
Unhandled Promise: TypeError: Failed to fetch
=============================
====== JS ERROR CAUGHT ======
Unhandled Promise: TypeError: Failed to fetch
=============================
====== JS ERROR CAUGHT ======
Unhandled Promise: TypeError: Failed to fetch
=============================
====== JS ERROR CAUGHT ======
Unhandled Promise: TypeError: Failed to fetch
=============================
====== JS ERROR CAUGHT ======
Unhandled Promise: TypeError: Failed to fetch
=============================
====== JS ERROR CAUGHT ======
Unhandled Promise: TypeError: Failed to fetch
=============================
====== JS ERROR CAUGHT ======
Unhandled Promise: TypeError: Failed to fetch
=============================
====== JS ERROR CAUGHT ======
Unhandled Promise: TypeError: Failed to fetch
=============================
====== JS ERROR CAUGHT ======
Unhandled Promise: TypeError: Failed to fetch
=============================
====== JS ERROR CAUGHT ======
Unhandled Promise: TypeError: Failed to fetch
=============================
====== JS ERROR CAUGHT ======
Unhandled Promise: TypeError: Failed to fetch
=============================
====== JS ERROR CAUGHT ======
Unhandled Promise: TypeError: Failed to fetch
=============================
====== JS ERROR CAUGHT ======
Unhandled Promise: TypeError: Failed to fetch
=============================
====== JS ERROR CAUGHT ======
Unhandled Promise: TypeError: Failed to fetch
=============================
====== JS ERROR CAUGHT ======
Unhandled Promise: TypeError: Failed to fetch
=============================
====== JS ERROR CAUGHT ======
Unhandled Promise: TypeError: Failed to fetch
=============================
====== JS ERROR CAUGHT ======
Unhandled Promise: TypeError: Failed to fetch
=============================
====== JS ERROR CAUGHT ======
Unhandled Promise: TypeError: Failed to fetch
=============================
====== JS ERROR CAUGHT ======
Unhandled Promise: TypeError: Failed to fetch
=============================
====== JS ERROR CAUGHT ======
Unhandled Promise: TypeError: Failed to fetch
=============================
====== JS ERROR CAUGHT ======
Unhandled Promise: TypeError: Failed to fetch
=============================
====== JS ERROR CAUGHT ======
Unhandled Promise: TypeError: Failed to fetch
=============================
====== JS ERROR CAUGHT ======
Unhandled Promise: TypeError: Failed to fetch
=============================
====== JS ERROR CAUGHT ======
Unhandled Promise: TypeError: Failed to fetch
=============================
====== JS ERROR CAUGHT ======
Unhandled Promise: TypeError: Failed to fetch
=============================
====== JS ERROR CAUGHT ======
Unhandled Promise: TypeError: Failed to fetch
=============================
====== JS ERROR CAUGHT ======
Unhandled Promise: TypeError: Failed to fetch
=============================
====== JS ERROR CAUGHT ======
Unhandled Promise: TypeError: Failed to fetch
=============================
====== JS ERROR CAUGHT ======
Unhandled Promise: TypeError: Failed to fetch
=============================
====== JS ERROR CAUGHT ======
Unhandled Promise: TypeError: Failed to fetch
=============================
====== JS ERROR CAUGHT ======
Unhandled Promise: TypeError: Failed to fetch
=============================
====== JS ERROR CAUGHT ======
Unhandled Promise: TypeError: Failed to fetch
=============================
====== JS ERROR CAUGHT ======
Unhandled Promise: TypeError: Failed to fetch
=============================
====== JS ERROR CAUGHT ======
Unhandled Promise: TypeError: Failed to fetch
=============================
====== JS ERROR CAUGHT ======
Unhandled Promise: TypeError: Failed to fetch
=============================
====== JS ERROR CAUGHT ======
Unhandled Promise: TypeError: Failed to fetch
=============================
====== JS ERROR CAUGHT ======
Unhandled Promise: TypeError: Failed to fetch
=============================
====== JS ERROR CAUGHT ======
Unhandled Promise: TypeError: Failed to fetch
=============================
====== JS ERROR CAUGHT ======
Unhandled Promise: TypeError: Failed to fetch
=============================
====== JS ERROR CAUGHT ======
Unhandled Promise: TypeError: Failed to fetch
=============================
====== JS ERROR CAUGHT ======
Unhandled Promise: TypeError: Failed to fetch
=============================
====== JS ERROR CAUGHT ======
Unhandled Promise: TypeError: Failed to fetch
=============================
====== JS ERROR CAUGHT ======
Unhandled Promise: TypeError: Failed to fetch
=============================
====== JS ERROR CAUGHT ======
Unhandled Promise: TypeError: Failed to fetch
=============================
====== JS ERROR CAUGHT ======
Unhandled Promise: TypeError: Failed to fetch
=============================
====== JS ERROR CAUGHT ======
Unhandled Promise: TypeError: Failed to fetch
=============================
====== JS ERROR CAUGHT ======
Unhandled Promise: TypeError: Failed to fetch
=============================
====== JS ERROR CAUGHT ======
Unhandled Promise: TypeError: Failed to fetch
=============================
====== JS ERROR CAUGHT ======
Unhandled Promise: TypeError: Failed to fetch
=============================
====== JS ERROR CAUGHT ======
Unhandled Promise: TypeError: Failed to fetch
=============================
====== JS ERROR CAUGHT ======
Unhandled Promise: TypeError: Failed to fetch
=============================
====== JS ERROR CAUGHT ======
Unhandled Promise: TypeError: Failed to fetch
=============================
====== JS ERROR CAUGHT ======
Unhandled Promise: TypeError: Failed to fetch
=============================
====== JS ERROR CAUGHT ======
Unhandled Promise: TypeError: Failed to fetch
=============================
====== JS ERROR CAUGHT ======
Unhandled Promise: TypeError: Failed to fetch
=============================
====== JS ERROR CAUGHT ======
Unhandled Promise: TypeError: Failed to fetch
=============================
====== JS ERROR CAUGHT ======
Unhandled Promise: TypeError: Failed to fetch
=============================
====== JS ERROR CAUGHT ======
Unhandled Promise: TypeError: Failed to fetch
=============================
====== JS ERROR CAUGHT ======
Unhandled Promise: TypeError: Failed to fetch
=============================
====== JS ERROR CAUGHT ======
Unhandled Promise: TypeError: Failed to fetch
=============================
====== JS ERROR CAUGHT ======
Unhandled Promise: TypeError: Failed to fetch
=============================
====== JS ERROR CAUGHT ======
Unhandled Promise: TypeError: Failed to fetch
=============================
====== JS ERROR CAUGHT ======
Unhandled Promise: TypeError: Failed to fetch
=============================
====== JS ERROR CAUGHT ======
Unhandled Promise: TypeError: Failed to fetch
=============================
====== JS ERROR CAUGHT ======
Unhandled Promise: TypeError: Failed to fetch
=============================
====== JS ERROR CAUGHT ======
Unhandled Promise: TypeError: Failed to fetch
=============================
====== JS ERROR CAUGHT ======
Unhandled Promise: TypeError: Failed to fetch
=============================
====== JS ERROR CAUGHT ======
Unhandled Promise: TypeError: Failed to fetch
=============================
====== JS ERROR CAUGHT ======
Unhandled Promise: TypeError: Failed to fetch
=============================
====== JS ERROR CAUGHT ======
Unhandled Promise: TypeError: Failed to fetch
=============================
====== JS ERROR CAUGHT ======
Unhandled Promise: TypeError: Failed to fetch
=============================
====== JS ERROR CAUGHT ======
Unhandled Promise: TypeError: Failed to fetch
=============================
====== JS ERROR CAUGHT ======
Unhandled Promise: TypeError: Failed to fetch
=============================
====== JS ERROR CAUGHT ======
Unhandled Promise: TypeError: Failed to fetch
=============================
====== JS ERROR CAUGHT ======
Unhandled Promise: TypeError: Failed to fetch
=============================
====== JS ERROR CAUGHT ======
Unhandled Promise: TypeError: Failed to fetch
=============================
====== JS ERROR CAUGHT ======
Unhandled Promise: TypeError: Failed to fetch
=============================
====== JS ERROR CAUGHT ======
Unhandled Promise: TypeError: Failed to fetch
=============================
====== JS ERROR CAUGHT ======
Unhandled Promise: TypeError: Failed to fetch
=============================
====== JS ERROR CAUGHT ======
Unhandled Promise: TypeError: Failed to fetch
=============================
====== JS ERROR CAUGHT ======
Unhandled Promise: TypeError: Failed to fetch
=============================
====== JS ERROR CAUGHT ======
Unhandled Promise: TypeError: Failed to fetch
=============================
====== JS ERROR CAUGHT ======
Unhandled Promise: TypeError: Failed to fetch
=============================
====== JS ERROR CAUGHT ======
Unhandled Promise: TypeError: Failed to fetch
=============================
====== JS ERROR CAUGHT ======
Unhandled Promise: TypeError: Failed to fetch
=============================
====== JS ERROR CAUGHT ======
Unhandled Promise: TypeError: Failed to fetch
=============================
====== JS ERROR CAUGHT ======
Unhandled Promise: TypeError: Failed to fetch
=============================
====== JS ERROR CAUGHT ======
Unhandled Promise: TypeError: Failed to fetch
=============================
====== JS ERROR CAUGHT ======
Unhandled Promise: TypeError: Failed to fetch
=============================
====== JS ERROR CAUGHT ======
Unhandled Promise: TypeError: Failed to fetch
=============================
====== JS ERROR CAUGHT ======
Unhandled Promise: TypeError: Failed to fetch
=============================
====== JS ERROR CAUGHT ======
Unhandled Promise: TypeError: Failed to fetch
=============================
====== JS ERROR CAUGHT ======
Unhandled Promise: TypeError: Failed to fetch
=============================
====== JS ERROR CAUGHT ======
Unhandled Promise: TypeError: Failed to fetch
=============================
====== JS ERROR CAUGHT ======
Unhandled Promise: TypeError: Failed to fetch
=============================
====== JS ERROR CAUGHT ======
Unhandled Promise: TypeError: Failed to fetch
=============================
====== JS ERROR CAUGHT ======
Unhandled Promise: TypeError: Failed to fetch
=============================
====== JS ERROR CAUGHT ======
Unhandled Promise: TypeError: Failed to fetch
=============================
====== JS ERROR CAUGHT ======
Unhandled Promise: TypeError: Failed to fetch
=============================
====== JS ERROR CAUGHT ======
Unhandled Promise: TypeError: Failed to fetch
=============================
====== JS ERROR CAUGHT ======
Unhandled Promise: TypeError: Failed to fetch
=============================
====== JS ERROR CAUGHT ======
Unhandled Promise: TypeError: Failed to fetch
=============================
====== JS ERROR CAUGHT ======
Unhandled Promise: TypeError: Failed to fetch
=============================
====== JS ERROR CAUGHT ======
Unhandled Promise: TypeError: Failed to fetch
=============================
====== JS ERROR CAUGHT ======
Unhandled Promise: TypeError: Failed to fetch
=============================
====== JS ERROR CAUGHT ======
Unhandled Promise: TypeError: Failed to fetch
=============================
====== JS ERROR CAUGHT ======
Unhandled Promise: TypeError: Failed to fetch
=============================
====== JS ERROR CAUGHT ======
Unhandled Promise: TypeError: Failed to fetch
=============================
====== JS ERROR CAUGHT ======
Unhandled Promise: TypeError: Failed to fetch
=============================
====== JS ERROR CAUGHT ======
Unhandled Promise: TypeError: Failed to fetch
=============================
====== JS ERROR CAUGHT ======
Unhandled Promise: TypeError: Failed to fetch
=============================
====== JS ERROR CAUGHT ======
Unhandled Promise: TypeError: Failed to fetch
=============================
====== JS ERROR CAUGHT ======
Unhandled Promise: TypeError: Failed to fetch
=============================
====== JS ERROR CAUGHT ======
Unhandled Promise: TypeError: Failed to fetch
=============================
====== JS ERROR CAUGHT ======
Unhandled Promise: TypeError: Failed to fetch
=============================
====== JS ERROR CAUGHT ======
Unhandled Promise: TypeError: Failed to fetch
=============================
====== JS ERROR CAUGHT ======
Unhandled Promise: TypeError: Failed to fetch
=============================
====== JS ERROR CAUGHT ======
Unhandled Promise: TypeError: Failed to fetch
=============================
====== JS ERROR CAUGHT ======
Unhandled Promise: TypeError: Failed to fetch
=============================
====== JS ERROR CAUGHT ======
Unhandled Promise: TypeError: Failed to fetch
=============================
====== JS ERROR CAUGHT ======
Unhandled Promise: TypeError: Failed to fetch
=============================
====== JS ERROR CAUGHT ======
Unhandled Promise: TypeError: Failed to fetch
=============================
====== JS ERROR CAUGHT ======
Unhandled Promise: TypeError: Failed to fetch
=============================
====== JS ERROR CAUGHT ======
Unhandled Promise: TypeError: Failed to fetch
=============================
====== JS ERROR CAUGHT ======
Unhandled Promise: TypeError: Failed to fetch
=============================
====== JS ERROR CAUGHT ======
Unhandled Promise: TypeError: Failed to fetch
=============================
====== JS ERROR CAUGHT ======
Unhandled Promise: TypeError: Failed to fetch
=============================
====== JS ERROR CAUGHT ======
Unhandled Promise: TypeError: Failed to fetch
=============================
====== JS ERROR CAUGHT ======
Unhandled Promise: TypeError: Failed to fetch
=============================
====== JS ERROR CAUGHT ======
Unhandled Promise: TypeError: Failed to fetch
=============================
====== JS ERROR CAUGHT ======
Unhandled Promise: TypeError: Failed to fetch
=============================
====== JS ERROR CAUGHT ======
Unhandled Promise: TypeError: Failed to fetch
=============================
====== JS ERROR CAUGHT ======
Unhandled Promise: TypeError: Failed to fetch
=============================
====== JS ERROR CAUGHT ======
Unhandled Promise: TypeError: Failed to fetch
=============================
====== JS ERROR CAUGHT ======
Unhandled Promise: TypeError: Failed to fetch
=============================
====== JS ERROR CAUGHT ======
Unhandled Promise: TypeError: Failed to fetch
=============================
====== JS ERROR CAUGHT ======
Unhandled Promise: TypeError: Failed to fetch
=============================
====== JS ERROR CAUGHT ======
Unhandled Promise: TypeError: Failed to fetch
=============================
====== JS ERROR CAUGHT ======
Unhandled Promise: TypeError: Failed to fetch
=============================
====== JS ERROR CAUGHT ======
Unhandled Promise: TypeError: Failed to fetch
=============================
====== JS ERROR CAUGHT ======
Unhandled Promise: TypeError: Failed to fetch
=============================
====== JS ERROR CAUGHT ======
Unhandled Promise: TypeError: Failed to fetch
=============================
====== JS ERROR CAUGHT ======
Unhandled Promise: TypeError: Failed to fetch
=============================
====== JS ERROR CAUGHT ======
Unhandled Promise: TypeError: Failed to fetch
=============================
====== JS ERROR CAUGHT ======
Unhandled Promise: TypeError: Failed to fetch
=============================
====== JS ERROR CAUGHT ======
Unhandled Promise: TypeError: Failed to fetch
=============================
====== JS ERROR CAUGHT ======
Unhandled Promise: TypeError: Failed to fetch
=============================
====== JS ERROR CAUGHT ======
Unhandled Promise: TypeError: Failed to fetch
=============================
====== JS ERROR CAUGHT ======
Unhandled Promise: TypeError: Failed to fetch
=============================
====== JS ERROR CAUGHT ======
Unhandled Promise: TypeError: Failed to fetch
=============================
====== JS ERROR CAUGHT ======
Unhandled Promise: TypeError: Failed to fetch
=============================
====== JS ERROR CAUGHT ======
Unhandled Promise: TypeError: Failed to fetch
=============================
====== JS ERROR CAUGHT ======
Unhandled Promise: TypeError: Failed to fetch
=============================
====== JS ERROR CAUGHT ======
Unhandled Promise: TypeError: Failed to fetch
=============================
====== JS ERROR CAUGHT ======
Unhandled Promise: TypeError: Failed to fetch
=============================
====== JS ERROR CAUGHT ======
Unhandled Promise: TypeError: Failed to fetch
=============================
====== JS ERROR CAUGHT ======
Unhandled Promise: TypeError: Failed to fetch
=============================
====== JS ERROR CAUGHT ======
Unhandled Promise: TypeError: Failed to fetch
=============================
====== JS ERROR CAUGHT ======
Unhandled Promise: TypeError: Failed to fetch
=============================
====== JS ERROR CAUGHT ======
Unhandled Promise: TypeError: Failed to fetch
=============================
====== JS ERROR CAUGHT ======
Unhandled Promise: TypeError: Failed to fetch
=============================
====== JS ERROR CAUGHT ======
Unhandled Promise: TypeError: Failed to fetch
=============================
====== JS ERROR CAUGHT ======
Unhandled Promise: TypeError: Failed to fetch
=============================
====== JS ERROR CAUGHT ======
Unhandled Promise: TypeError: Failed to fetch
=============================
====== JS ERROR CAUGHT ======
Unhandled Promise: TypeError: Failed to fetch
=============================
====== JS ERROR CAUGHT ======
Unhandled Promise: TypeError: Failed to fetch
=============================
====== JS ERROR CAUGHT ======
Unhandled Promise: TypeError: Failed to fetch
=============================
====== JS ERROR CAUGHT ======
Unhandled Promise: TypeError: Failed to fetch
=============================
====== JS ERROR CAUGHT ======
Unhandled Promise: TypeError: Failed to fetch
=============================
====== JS ERROR CAUGHT ======
Unhandled Promise: TypeError: Failed to fetch
=============================
====== JS ERROR CAUGHT ======
Unhandled Promise: TypeError: Failed to fetch
=============================
====== JS ERROR CAUGHT ======
Unhandled Promise: TypeError: Failed to fetch
=============================
====== JS ERROR CAUGHT ======
Unhandled Promise: TypeError: Failed to fetch
=============================
====== JS ERROR CAUGHT ======
Unhandled Promise: TypeError: Failed to fetch
=============================
====== JS ERROR CAUGHT ======
Unhandled Promise: TypeError: Failed to fetch
=============================
====== JS ERROR CAUGHT ======
Unhandled Promise: TypeError: Failed to fetch
=============================
====== JS ERROR CAUGHT ======
Unhandled Promise: TypeError: Failed to fetch
=============================
====== JS ERROR CAUGHT ======
Unhandled Promise: TypeError: Failed to fetch
=============================
====== JS ERROR CAUGHT ======
Unhandled Promise: TypeError: Failed to fetch
=============================
====== JS ERROR CAUGHT ======
Unhandled Promise: TypeError: Failed to fetch
=============================
====== JS ERROR CAUGHT ======
Unhandled Promise: TypeError: Failed to fetch
=============================
====== JS ERROR CAUGHT ======
Unhandled Promise: TypeError: Failed to fetch
=============================
====== JS ERROR CAUGHT ======
Unhandled Promise: TypeError: Failed to fetch
=============================
====== JS ERROR CAUGHT ======
Unhandled Promise: TypeError: Failed to fetch
=============================
====== JS ERROR CAUGHT ======
Unhandled Promise: TypeError: Failed to fetch
=============================
====== JS ERROR CAUGHT ======
Unhandled Promise: TypeError: Failed to fetch
=============================
====== JS ERROR CAUGHT ======
Unhandled Promise: TypeError: Failed to fetch
=============================
====== JS ERROR CAUGHT ======
Unhandled Promise: TypeError: Failed to fetch
=============================
====== JS ERROR CAUGHT ======
Unhandled Promise: TypeError: Failed to fetch
=============================
====== JS ERROR CAUGHT ======
Unhandled Promise: TypeError: Failed to fetch
=============================
====== JS ERROR CAUGHT ======
Unhandled Promise: TypeError: Failed to fetch
=============================
====== JS ERROR CAUGHT ======
Unhandled Promise: TypeError: Failed to fetch
=============================
====== JS ERROR CAUGHT ======
Unhandled Promise: TypeError: Failed to fetch
=============================
====== JS ERROR CAUGHT ======
Unhandled Promise: TypeError: Failed to fetch
=============================
====== JS ERROR CAUGHT ======
Unhandled Promise: TypeError: Failed to fetch
=============================
====== JS ERROR CAUGHT ======
Unhandled Promise: TypeError: Failed to fetch
=============================
====== JS ERROR CAUGHT ======
Unhandled Promise: TypeError: Failed to fetch
=============================
====== JS ERROR CAUGHT ======
Unhandled Promise: TypeError: Failed to fetch
=============================
====== JS ERROR CAUGHT ======
Unhandled Promise: TypeError: Failed to fetch
=============================
====== JS ERROR CAUGHT ======
Unhandled Promise: TypeError: Failed to fetch
=============================
====== JS ERROR CAUGHT ======
Unhandled Promise: TypeError: Failed to fetch
=============================
====== JS ERROR CAUGHT ======
Unhandled Promise: TypeError: Failed to fetch
=============================
====== JS ERROR CAUGHT ======
Unhandled Promise: TypeError: Failed to fetch
=============================
====== JS ERROR CAUGHT ======
Unhandled Promise: TypeError: Failed to fetch
=============================
====== JS ERROR CAUGHT ======
Unhandled Promise: TypeError: Failed to fetch
=============================
====== JS ERROR CAUGHT ======
Unhandled Promise: TypeError: Failed to fetch
=============================
====== JS ERROR CAUGHT ======
Unhandled Promise: TypeError: Failed to fetch
=============================
====== JS ERROR CAUGHT ======
Unhandled Promise: TypeError: Failed to fetch
=============================
====== JS ERROR CAUGHT ======
Unhandled Promise: TypeError: Failed to fetch
=============================
====== JS ERROR CAUGHT ======
Unhandled Promise: TypeError: Failed to fetch
=============================
====== JS ERROR CAUGHT ======
Unhandled Promise: TypeError: Failed to fetch
=============================
====== JS ERROR CAUGHT ======
Unhandled Promise: TypeError: Failed to fetch
=============================
====== JS ERROR CAUGHT ======
Unhandled Promise: TypeError: Failed to fetch
=============================
====== JS ERROR CAUGHT ======
Unhandled Promise: TypeError: Failed to fetch
=============================
====== JS ERROR CAUGHT ======
Unhandled Promise: TypeError: Failed to fetch
=============================
====== JS ERROR CAUGHT ======
Unhandled Promise: TypeError: Failed to fetch
=============================
====== JS ERROR CAUGHT ======
Unhandled Promise: TypeError: Failed to fetch
=============================
====== JS ERROR CAUGHT ======
Unhandled Promise: TypeError: Failed to fetch
=============================
====== JS ERROR CAUGHT ======
Unhandled Promise: TypeError: Failed to fetch
=============================
====== JS ERROR CAUGHT ======
Unhandled Promise: TypeError: Failed to fetch
=============================
====== JS ERROR CAUGHT ======
Unhandled Promise: TypeError: Failed to fetch
=============================
====== JS ERROR CAUGHT ======
Unhandled Promise: TypeError: Failed to fetch
=============================
====== JS ERROR CAUGHT ======
Unhandled Promise: TypeError: Failed to fetch
=============================
====== JS ERROR CAUGHT ======
Unhandled Promise: TypeError: Failed to fetch
=============================
====== JS ERROR CAUGHT ======
Unhandled Promise: TypeError: Failed to fetch
=============================
====== JS ERROR CAUGHT ======
Unhandled Promise: TypeError: Failed to fetch
=============================
====== JS ERROR CAUGHT ======
Unhandled Promise: TypeError: Failed to fetch
=============================
====== JS ERROR CAUGHT ======
Unhandled Promise: TypeError: Failed to fetch
=============================
====== JS ERROR CAUGHT ======
Unhandled Promise: TypeError: Failed to fetch
=============================
====== JS ERROR CAUGHT ======
Unhandled Promise: TypeError: Failed to fetch
=============================
====== JS ERROR CAUGHT ======
Unhandled Promise: TypeError: Failed to fetch
=============================
====== JS ERROR CAUGHT ======
Unhandled Promise: TypeError: Failed to fetch
=============================
====== JS ERROR CAUGHT ======
Unhandled Promise: TypeError: Failed to fetch
=============================
====== JS ERROR CAUGHT ======
Unhandled Promise: TypeError: Failed to fetch
=============================
====== JS ERROR CAUGHT ======
Unhandled Promise: TypeError: Failed to fetch
=============================
====== JS ERROR CAUGHT ======
Unhandled Promise: TypeError: Failed to fetch
=============================
====== JS ERROR CAUGHT ======
Unhandled Promise: TypeError: Failed to fetch
=============================
====== JS ERROR CAUGHT ======
Unhandled Promise: TypeError: Failed to fetch
=============================
====== JS ERROR CAUGHT ======
Unhandled Promise: TypeError: Failed to fetch
=============================
====== JS ERROR CAUGHT ======
Unhandled Promise: TypeError: Failed to fetch
=============================
====== JS ERROR CAUGHT ======
Unhandled Promise: TypeError: Failed to fetch
=============================
====== JS ERROR CAUGHT ======
Unhandled Promise: TypeError: Failed to fetch
=============================
====== JS ERROR CAUGHT ======
Unhandled Promise: TypeError: Failed to fetch
=============================
====== JS ERROR CAUGHT ======
Unhandled Promise: TypeError: Failed to fetch
=============================
====== JS ERROR CAUGHT ======
Unhandled Promise: TypeError: Failed to fetch
=============================
====== JS ERROR CAUGHT ======
Unhandled Promise: TypeError: Failed to fetch
=============================
====== JS ERROR CAUGHT ======
Unhandled Promise: TypeError: Failed to fetch
=============================
====== JS ERROR CAUGHT ======
Unhandled Promise: TypeError: Failed to fetch
=============================
====== JS ERROR CAUGHT ======
Unhandled Promise: TypeError: Failed to fetch
=============================
====== JS ERROR CAUGHT ======
Unhandled Promise: TypeError: Failed to fetch
=============================
====== JS ERROR CAUGHT ======
Unhandled Promise: TypeError: Failed to fetch
=============================
====== JS ERROR CAUGHT ======
Unhandled Promise: TypeError: Failed to fetch
=============================
====== JS ERROR CAUGHT ======
Unhandled Promise: TypeError: Failed to fetch
=============================
====== JS ERROR CAUGHT ======
Unhandled Promise: TypeError: Failed to fetch
=============================
====== JS ERROR CAUGHT ======
Unhandled Promise: TypeError: Failed to fetch
=============================
====== JS ERROR CAUGHT ======
Unhandled Promise: TypeError: Failed to fetch
=============================
====== JS ERROR CAUGHT ======
Unhandled Promise: TypeError: Failed to fetch
=============================
====== JS ERROR CAUGHT ======
Unhandled Promise: TypeError: Failed to fetch
=============================
====== JS ERROR CAUGHT ======
Unhandled Promise: TypeError: Failed to fetch
=============================
====== JS ERROR CAUGHT ======
Unhandled Promise: TypeError: Failed to fetch
=============================
====== JS ERROR CAUGHT ======
Unhandled Promise: TypeError: Failed to fetch
=============================
====== JS ERROR CAUGHT ======
Unhandled Promise: TypeError: Failed to fetch
=============================
====== JS ERROR CAUGHT ======
Unhandled Promise: TypeError: Failed to fetch
=============================
====== JS ERROR CAUGHT ======
Unhandled Promise: TypeError: Failed to fetch
=============================
====== JS ERROR CAUGHT ======
Unhandled Promise: TypeError: Failed to fetch
=============================
====== JS ERROR CAUGHT ======
Unhandled Promise: TypeError: Failed to fetch
=============================
====== JS ERROR CAUGHT ======
Unhandled Promise: TypeError: Failed to fetch
=============================
====== JS ERROR CAUGHT ======
Unhandled Promise: TypeError: Failed to fetch
=============================
====== JS ERROR CAUGHT ======
Unhandled Promise: TypeError: Failed to fetch
=============================
====== JS ERROR CAUGHT ======
Unhandled Promise: TypeError: Failed to fetch
=============================
====== JS ERROR CAUGHT ======
Unhandled Promise: TypeError: Failed to fetch
=============================
====== JS ERROR CAUGHT ======
Unhandled Promise: TypeError: Failed to fetch
=============================
====== JS ERROR CAUGHT ======
Unhandled Promise: TypeError: Failed to fetch
=============================
====== JS ERROR CAUGHT ======
Unhandled Promise: TypeError: Failed to fetch
=============================
====== JS ERROR CAUGHT ======
Unhandled Promise: TypeError: Failed to fetch
=============================
====== JS ERROR CAUGHT ======
Unhandled Promise: TypeError: Failed to fetch
=============================
====== JS ERROR CAUGHT ======
Unhandled Promise: TypeError: Failed to fetch
=============================
====== JS ERROR CAUGHT ======
Unhandled Promise: TypeError: Failed to fetch
=============================
====== JS ERROR CAUGHT ======
Unhandled Promise: TypeError: Failed to fetch
=============================
====== JS ERROR CAUGHT ======
Unhandled Promise: TypeError: Failed to fetch
=============================
====== JS ERROR CAUGHT ======
Unhandled Promise: TypeError: Failed to fetch
=============================
====== JS ERROR CAUGHT ======
Unhandled Promise: TypeError: Failed to fetch
=============================
====== JS ERROR CAUGHT ======
Unhandled Promise: TypeError: Failed to fetch
=============================
====== JS ERROR CAUGHT ======
Unhandled Promise: TypeError: Failed to fetch
=============================
====== JS ERROR CAUGHT ======
Unhandled Promise: TypeError: Failed to fetch
=============================
====== JS ERROR CAUGHT ======
Unhandled Promise: TypeError: Failed to fetch
=============================
====== JS ERROR CAUGHT ======
Unhandled Promise: TypeError: Failed to fetch
=============================
====== JS ERROR CAUGHT ======
Unhandled Promise: TypeError: Failed to fetch
=============================
====== JS ERROR CAUGHT ======
Unhandled Promise: TypeError: Failed to fetch
=============================
====== JS ERROR CAUGHT ======
Unhandled Promise: TypeError: Failed to fetch
=============================
====== JS ERROR CAUGHT ======
Unhandled Promise: TypeError: Failed to fetch
=============================
====== JS ERROR CAUGHT ======
Unhandled Promise: TypeError: Failed to fetch
=============================
====== JS ERROR CAUGHT ======
Unhandled Promise: TypeError: Failed to fetch
=============================
====== JS ERROR CAUGHT ======
Unhandled Promise: TypeError: Failed to fetch
=============================
====== JS ERROR CAUGHT ======
Unhandled Promise: TypeError: Failed to fetch
=============================
====== JS ERROR CAUGHT ======
Unhandled Promise: TypeError: Failed to fetch
=============================
====== JS ERROR CAUGHT ======
Unhandled Promise: TypeError: Failed to fetch
=============================
====== JS ERROR CAUGHT ======
Unhandled Promise: TypeError: Failed to fetch
=============================
====== JS ERROR CAUGHT ======
Unhandled Promise: TypeError: Failed to fetch
=============================
====== JS ERROR CAUGHT ======
Unhandled Promise: TypeError: Failed to fetch
=============================
====== JS ERROR CAUGHT ======
Unhandled Promise: TypeError: Failed to fetch
=============================
====== JS ERROR CAUGHT ======
Unhandled Promise: TypeError: Failed to fetch
=============================
====== JS ERROR CAUGHT ======
Unhandled Promise: TypeError: Failed to fetch
=============================
====== JS ERROR CAUGHT ======
Unhandled Promise: TypeError: Failed to fetch
=============================
====== JS ERROR CAUGHT ======
Unhandled Promise: TypeError: Failed to fetch
=============================
====== JS ERROR CAUGHT ======
Unhandled Promise: TypeError: Failed to fetch
=============================
====== JS ERROR CAUGHT ======
Unhandled Promise: TypeError: Failed to fetch
=============================
====== JS ERROR CAUGHT ======
Unhandled Promise: TypeError: Failed to fetch
=============================
====== JS ERROR CAUGHT ======
Unhandled Promise: TypeError: Failed to fetch
=============================
====== JS ERROR CAUGHT ======
Unhandled Promise: TypeError: Failed to fetch
=============================
====== JS ERROR CAUGHT ======
Unhandled Promise: TypeError: Failed to fetch
=============================
====== JS ERROR CAUGHT ======
Unhandled Promise: TypeError: Failed to fetch
=============================
====== JS ERROR CAUGHT ======
Unhandled Promise: TypeError: Failed to fetch
=============================
====== JS ERROR CAUGHT ======
Unhandled Promise: TypeError: Failed to fetch
=============================
====== JS ERROR CAUGHT ======
Unhandled Promise: TypeError: Failed to fetch
=============================
====== JS ERROR CAUGHT ======
Unhandled Promise: TypeError: Failed to fetch
=============================
====== JS ERROR CAUGHT ======
Unhandled Promise: TypeError: Failed to fetch
=============================
====== JS ERROR CAUGHT ======
Unhandled Promise: TypeError: Failed to fetch
=============================
====== JS ERROR CAUGHT ======
Unhandled Promise: TypeError: Failed to fetch
=============================
====== JS ERROR CAUGHT ======
Unhandled Promise: TypeError: Failed to fetch
=============================
====== JS ERROR CAUGHT ======
Unhandled Promise: TypeError: Failed to fetch
=============================
====== JS ERROR CAUGHT ======
Unhandled Promise: TypeError: Failed to fetch
=============================
====== JS ERROR CAUGHT ======
Unhandled Promise: TypeError: Failed to fetch
=============================
====== JS ERROR CAUGHT ======
Unhandled Promise: TypeError: Failed to fetch
=============================
====== JS ERROR CAUGHT ======
Unhandled Promise: TypeError: Failed to fetch
=============================
====== JS ERROR CAUGHT ======
Unhandled Promise: TypeError: Failed to fetch
=============================
====== JS ERROR CAUGHT ======
Unhandled Promise: TypeError: Failed to fetch
=============================
====== JS ERROR CAUGHT ======
Unhandled Promise: TypeError: Failed to fetch
=============================
====== JS ERROR CAUGHT ======
Unhandled Promise: TypeError: Failed to fetch
=============================
====== JS ERROR CAUGHT ======
Unhandled Promise: TypeError: Failed to fetch
=============================
====== JS ERROR CAUGHT ======
Unhandled Promise: TypeError: Failed to fetch
=============================
====== JS ERROR CAUGHT ======
Unhandled Promise: TypeError: Failed to fetch
=============================
====== JS ERROR CAUGHT ======
Unhandled Promise: TypeError: Failed to fetch
=============================
====== JS ERROR CAUGHT ======
Unhandled Promise: TypeError: Failed to fetch
=============================
====== JS ERROR CAUGHT ======
Unhandled Promise: TypeError: Failed to fetch
=============================
====== JS ERROR CAUGHT ======
Unhandled Promise: TypeError: Failed to fetch
=============================
====== JS ERROR CAUGHT ======
Unhandled Promise: TypeError: Failed to fetch
=============================
====== JS ERROR CAUGHT ======
Unhandled Promise: TypeError: Failed to fetch
=============================
====== JS ERROR CAUGHT ======
Unhandled Promise: TypeError: Failed to fetch
=============================
====== JS ERROR CAUGHT ======
Unhandled Promise: TypeError: Failed to fetch
=============================
====== JS ERROR CAUGHT ======
Unhandled Promise: TypeError: Failed to fetch
=============================
====== JS ERROR CAUGHT ======
Unhandled Promise: TypeError: Failed to fetch
=============================
====== JS ERROR CAUGHT ======
Unhandled Promise: TypeError: Failed to fetch
=============================
====== JS ERROR CAUGHT ======
Unhandled Promise: TypeError: Failed to fetch
=============================
====== JS ERROR CAUGHT ======
Unhandled Promise: TypeError: Failed to fetch
=============================
====== JS ERROR CAUGHT ======
Unhandled Promise: TypeError: Failed to fetch
=============================
====== JS ERROR CAUGHT ======
Unhandled Promise: TypeError: Failed to fetch
=============================
====== JS ERROR CAUGHT ======
Unhandled Promise: TypeError: Failed to fetch
=============================
====== JS ERROR CAUGHT ======
Unhandled Promise: TypeError: Failed to fetch
=============================
====== JS ERROR CAUGHT ======
Unhandled Promise: TypeError: Failed to fetch
=============================
====== JS ERROR CAUGHT ======
Unhandled Promise: TypeError: Failed to fetch
=============================
====== JS ERROR CAUGHT ======
Unhandled Promise: TypeError: Failed to fetch
=============================
====== JS ERROR CAUGHT ======
Unhandled Promise: TypeError: Failed to fetch
=============================
====== JS ERROR CAUGHT ======
Unhandled Promise: TypeError: Failed to fetch
=============================
====== JS ERROR CAUGHT ======
Unhandled Promise: TypeError: Failed to fetch
=============================
====== JS ERROR CAUGHT ======
Unhandled Promise: TypeError: Failed to fetch
=============================
====== JS ERROR CAUGHT ======
Unhandled Promise: TypeError: Failed to fetch
=============================
====== JS ERROR CAUGHT ======
Unhandled Promise: TypeError: Failed to fetch
=============================
====== JS ERROR CAUGHT ======
Unhandled Promise: TypeError: Failed to fetch
=============================
====== JS ERROR CAUGHT ======
Unhandled Promise: TypeError: Failed to fetch
=============================
====== JS ERROR CAUGHT ======
Unhandled Promise: TypeError: Failed to fetch
=============================
====== JS ERROR CAUGHT ======
Unhandled Promise: TypeError: Failed to fetch
=============================
====== JS ERROR CAUGHT ======
Unhandled Promise: TypeError: Failed to fetch
=============================
====== JS ERROR CAUGHT ======
Unhandled Promise: TypeError: Failed to fetch
=============================
====== JS ERROR CAUGHT ======
Unhandled Promise: TypeError: Failed to fetch
=============================
====== JS ERROR CAUGHT ======
Unhandled Promise: TypeError: Failed to fetch
=============================
====== JS ERROR CAUGHT ======
Unhandled Promise: TypeError: Failed to fetch
=============================
====== JS ERROR CAUGHT ======
Unhandled Promise: TypeError: Failed to fetch
=============================
====== JS ERROR CAUGHT ======
Unhandled Promise: TypeError: Failed to fetch
=============================
====== JS ERROR CAUGHT ======
Unhandled Promise: TypeError: Failed to fetch
=============================
====== JS ERROR CAUGHT ======
Unhandled Promise: TypeError: Failed to fetch
=============================
====== JS ERROR CAUGHT ======
Unhandled Promise: TypeError: Failed to fetch
=============================
====== JS ERROR CAUGHT ======
Unhandled Promise: TypeError: Failed to fetch
=============================
====== JS ERROR CAUGHT ======
Unhandled Promise: TypeError: Failed to fetch
=============================
====== JS ERROR CAUGHT ======
Unhandled Promise: TypeError: Failed to fetch
=============================
====== JS ERROR CAUGHT ======
Unhandled Promise: TypeError: Failed to fetch
=============================
====== JS ERROR CAUGHT ======
Unhandled Promise: TypeError: Failed to fetch
=============================
====== JS ERROR CAUGHT ======
Unhandled Promise: TypeError: Failed to fetch
=============================
====== JS ERROR CAUGHT ======
Unhandled Promise: TypeError: Failed to fetch
=============================
====== JS ERROR CAUGHT ======
Unhandled Promise: TypeError: Failed to fetch
=============================
====== JS ERROR CAUGHT ======
Unhandled Promise: TypeError: Failed to fetch
=============================
====== JS ERROR CAUGHT ======
Unhandled Promise: TypeError: Failed to fetch
=============================
====== JS ERROR CAUGHT ======
Unhandled Promise: TypeError: Failed to fetch
=============================
====== JS ERROR CAUGHT ======
Unhandled Promise: TypeError: Failed to fetch
=============================
====== JS ERROR CAUGHT ======
Unhandled Promise: TypeError: Failed to fetch
=============================
====== JS ERROR CAUGHT ======
Unhandled Promise: TypeError: Failed to fetch
=============================
====== JS ERROR CAUGHT ======
Unhandled Promise: TypeError: Failed to fetch
=============================
====== JS ERROR CAUGHT ======
Unhandled Promise: TypeError: Failed to fetch
=============================
====== JS ERROR CAUGHT ======
Unhandled Promise: TypeError: Failed to fetch
=============================
====== JS ERROR CAUGHT ======
Unhandled Promise: TypeError: Failed to fetch
=============================
====== JS ERROR CAUGHT ======
Unhandled Promise: TypeError: Failed to fetch
=============================
====== JS ERROR CAUGHT ======
Unhandled Promise: TypeError: Failed to fetch
=============================
====== JS ERROR CAUGHT ======
Unhandled Promise: TypeError: Failed to fetch
=============================
====== JS ERROR CAUGHT ======
Unhandled Promise: TypeError: Failed to fetch
=============================
====== JS ERROR CAUGHT ======
Unhandled Promise: TypeError: Failed to fetch
=============================
====== JS ERROR CAUGHT ======
Unhandled Promise: TypeError: Failed to fetch
=============================
====== JS ERROR CAUGHT ======
Unhandled Promise: TypeError: Failed to fetch
=============================
====== JS ERROR CAUGHT ======
Unhandled Promise: TypeError: Failed to fetch
=============================
====== JS ERROR CAUGHT ======
Unhandled Promise: TypeError: Failed to fetch
=============================
====== JS ERROR CAUGHT ======
Unhandled Promise: TypeError: Failed to fetch
=============================
====== JS ERROR CAUGHT ======
Unhandled Promise: TypeError: Failed to fetch
=============================
====== JS ERROR CAUGHT ======
Unhandled Promise: TypeError: Failed to fetch
=============================
====== JS ERROR CAUGHT ======
Unhandled Promise: TypeError: Failed to fetch
=============================
====== JS ERROR CAUGHT ======
Unhandled Promise: TypeError: Failed to fetch
=============================
====== JS ERROR CAUGHT ======
Unhandled Promise: TypeError: Failed to fetch
=============================
====== JS ERROR CAUGHT ======
Unhandled Promise: TypeError: Failed to fetch
=============================
====== JS ERROR CAUGHT ======
Unhandled Promise: TypeError: Failed to fetch
=============================
====== JS ERROR CAUGHT ======
Unhandled Promise: TypeError: Failed to fetch
=============================
====== JS ERROR CAUGHT ======
Unhandled Promise: TypeError: Failed to fetch
=============================
====== JS ERROR CAUGHT ======
Unhandled Promise: TypeError: Failed to fetch
=============================
====== JS ERROR CAUGHT ======
Unhandled Promise: TypeError: Failed to fetch
=============================
====== JS ERROR CAUGHT ======
Unhandled Promise: TypeError: Failed to fetch
=============================
====== JS ERROR CAUGHT ======
Unhandled Promise: TypeError: Failed to fetch
=============================
====== JS ERROR CAUGHT ======
Unhandled Promise: TypeError: Failed to fetch
=============================
====== JS ERROR CAUGHT ======
Unhandled Promise: TypeError: Failed to fetch
=============================
====== JS ERROR CAUGHT ======
Unhandled Promise: TypeError: Failed to fetch
=============================
====== JS ERROR CAUGHT ======
Unhandled Promise: TypeError: Failed to fetch
=============================
====== JS ERROR CAUGHT ======
Unhandled Promise: TypeError: Failed to fetch
=============================
====== JS ERROR CAUGHT ======
Unhandled Promise: TypeError: Failed to fetch
=============================
====== JS ERROR CAUGHT ======
Unhandled Promise: TypeError: Failed to fetch
=============================
====== JS ERROR CAUGHT ======
Unhandled Promise: TypeError: Failed to fetch
=============================
====== JS ERROR CAUGHT ======
Unhandled Promise: TypeError: Failed to fetch
=============================
====== JS ERROR CAUGHT ======
Unhandled Promise: TypeError: Failed to fetch
=============================
====== JS ERROR CAUGHT ======
Unhandled Promise: TypeError: Failed to fetch
=============================
====== JS ERROR CAUGHT ======
Unhandled Promise: TypeError: Failed to fetch
=============================
====== JS ERROR CAUGHT ======
Unhandled Promise: TypeError: Failed to fetch
=============================
====== JS ERROR CAUGHT ======
Unhandled Promise: TypeError: Failed to fetch
=============================
====== JS ERROR CAUGHT ======
Unhandled Promise: TypeError: Failed to fetch
=============================
====== JS ERROR CAUGHT ======
Unhandled Promise: TypeError: Failed to fetch
=============================
====== JS ERROR CAUGHT ======
Unhandled Promise: TypeError: Failed to fetch
=============================
====== JS ERROR CAUGHT ======
Unhandled Promise: TypeError: Failed to fetch
=============================
====== JS ERROR CAUGHT ======
Unhandled Promise: TypeError: Failed to fetch
=============================
====== JS ERROR CAUGHT ======
Unhandled Promise: TypeError: Failed to fetch
=============================
====== JS ERROR CAUGHT ======
Unhandled Promise: TypeError: Failed to fetch
=============================
====== JS ERROR CAUGHT ======
Unhandled Promise: TypeError: Failed to fetch
=============================
====== JS ERROR CAUGHT ======
Unhandled Promise: TypeError: Failed to fetch
=============================
====== JS ERROR CAUGHT ======
Unhandled Promise: TypeError: Failed to fetch
=============================
====== JS ERROR CAUGHT ======
Unhandled Promise: TypeError: Failed to fetch
=============================
====== JS ERROR CAUGHT ======
Unhandled Promise: TypeError: Failed to fetch
=============================
====== JS ERROR CAUGHT ======
Unhandled Promise: TypeError: Failed to fetch
=============================
====== JS ERROR CAUGHT ======
Unhandled Promise: TypeError: Failed to fetch
=============================
====== JS ERROR CAUGHT ======
Unhandled Promise: TypeError: Failed to fetch
=============================
====== JS ERROR CAUGHT ======
Unhandled Promise: TypeError: Failed to fetch
=============================
====== JS ERROR CAUGHT ======
Unhandled Promise: TypeError: Failed to fetch
=============================
====== JS ERROR CAUGHT ======
Unhandled Promise: TypeError: Failed to fetch
=============================
====== JS ERROR CAUGHT ======
Unhandled Promise: TypeError: Failed to fetch
=============================
====== JS ERROR CAUGHT ======
Unhandled Promise: TypeError: Failed to fetch
=============================
====== JS ERROR CAUGHT ======
Unhandled Promise: TypeError: Failed to fetch
=============================
====== JS ERROR CAUGHT ======
Unhandled Promise: TypeError: Failed to fetch
=============================
====== JS ERROR CAUGHT ======
Unhandled Promise: TypeError: Failed to fetch
=============================
====== JS ERROR CAUGHT ======
Unhandled Promise: TypeError: Failed to fetch
=============================
====== JS ERROR CAUGHT ======
Unhandled Promise: TypeError: Failed to fetch
=============================
====== JS ERROR CAUGHT ======
Unhandled Promise: TypeError: Failed to fetch
=============================
====== JS ERROR CAUGHT ======
Unhandled Promise: TypeError: Failed to fetch
=============================
====== JS ERROR CAUGHT ======
Unhandled Promise: TypeError: Failed to fetch
=============================
====== JS ERROR CAUGHT ======
Unhandled Promise: TypeError: Failed to fetch
=============================
====== JS ERROR CAUGHT ======
Unhandled Promise: TypeError: Failed to fetch
=============================
====== JS ERROR CAUGHT ======
Unhandled Promise: TypeError: Failed to fetch
=============================
====== JS ERROR CAUGHT ======
Unhandled Promise: TypeError: Failed to fetch
=============================
====== JS ERROR CAUGHT ======
Unhandled Promise: TypeError: Failed to fetch
=============================
====== JS ERROR CAUGHT ======
Unhandled Promise: TypeError: Failed to fetch
=============================
====== JS ERROR CAUGHT ======
Unhandled Promise: TypeError: Failed to fetch
=============================
====== JS ERROR CAUGHT ======
Unhandled Promise: TypeError: Failed to fetch
=============================
====== JS ERROR CAUGHT ======
Unhandled Promise: TypeError: Failed to fetch
=============================
====== JS ERROR CAUGHT ======
Unhandled Promise: TypeError: Failed to fetch
=============================
====== JS ERROR CAUGHT ======
Unhandled Promise: TypeError: Failed to fetch
=============================
====== JS ERROR CAUGHT ======
Unhandled Promise: TypeError: Failed to fetch
=============================
====== JS ERROR CAUGHT ======
Unhandled Promise: TypeError: Failed to fetch
=============================
====== JS ERROR CAUGHT ======
Unhandled Promise: TypeError: Failed to fetch
=============================
====== JS ERROR CAUGHT ======
Unhandled Promise: TypeError: Failed to fetch
=============================
====== JS ERROR CAUGHT ======
Unhandled Promise: TypeError: Failed to fetch
=============================
====== JS ERROR CAUGHT ======
Unhandled Promise: TypeError: Failed to fetch
=============================
====== JS ERROR CAUGHT ======
Unhandled Promise: TypeError: Failed to fetch
=============================
====== JS ERROR CAUGHT ======
Unhandled Promise: TypeError: Failed to fetch
=============================
====== JS ERROR CAUGHT ======
Unhandled Promise: TypeError: Failed to fetch
=============================
====== JS ERROR CAUGHT ======
Unhandled Promise: TypeError: Failed to fetch
=============================
====== JS ERROR CAUGHT ======
Unhandled Promise: TypeError: Failed to fetch
=============================
====== JS ERROR CAUGHT ======
Unhandled Promise: TypeError: Failed to fetch
=============================
====== JS ERROR CAUGHT ======
Unhandled Promise: TypeError: Failed to fetch
=============================
====== JS ERROR CAUGHT ======
Unhandled Promise: TypeError: Failed to fetch
=============================
====== JS ERROR CAUGHT ======
Unhandled Promise: TypeError: Failed to fetch
=============================
====== JS ERROR CAUGHT ======
Unhandled Promise: TypeError: Failed to fetch
=============================
====== JS ERROR CAUGHT ======
Unhandled Promise: TypeError: Failed to fetch
=============================
====== JS ERROR CAUGHT ======
Unhandled Promise: TypeError: Failed to fetch
=============================
====== JS ERROR CAUGHT ======
Unhandled Promise: TypeError: Failed to fetch
=============================
====== JS ERROR CAUGHT ======
Unhandled Promise: TypeError: Failed to fetch
=============================
====== JS ERROR CAUGHT ======
Unhandled Promise: TypeError: Failed to fetch
=============================
====== JS ERROR CAUGHT ======
Unhandled Promise: TypeError: Failed to fetch
=============================
====== JS ERROR CAUGHT ======
Unhandled Promise: TypeError: Failed to fetch
=============================
====== JS ERROR CAUGHT ======
Unhandled Promise: TypeError: Failed to fetch
=============================
====== JS ERROR CAUGHT ======
Unhandled Promise: TypeError: Failed to fetch
=============================
====== JS ERROR CAUGHT ======
Unhandled Promise: TypeError: Failed to fetch
=============================
====== JS ERROR CAUGHT ======
Unhandled Promise: TypeError: Failed to fetch
=============================
====== JS ERROR CAUGHT ======
Unhandled Promise: TypeError: Failed to fetch
=============================
====== JS ERROR CAUGHT ======
Unhandled Promise: TypeError: Failed to fetch
=============================
====== JS ERROR CAUGHT ======
Unhandled Promise: TypeError: Failed to fetch
=============================
====== JS ERROR CAUGHT ======
Unhandled Promise: TypeError: Failed to fetch
=============================
====== JS ERROR CAUGHT ======
Unhandled Promise: TypeError: Failed to fetch
=============================
====== JS ERROR CAUGHT ======
Unhandled Promise: TypeError: Failed to fetch
=============================
====== JS ERROR CAUGHT ======
Unhandled Promise: TypeError: Failed to fetch
=============================
====== JS ERROR CAUGHT ======
Unhandled Promise: TypeError: Failed to fetch
=============================
====== JS ERROR CAUGHT ======
Unhandled Promise: TypeError: Failed to fetch
=============================
====== JS ERROR CAUGHT ======
Unhandled Promise: TypeError: Failed to fetch
=============================
====== JS ERROR CAUGHT ======
Unhandled Promise: TypeError: Failed to fetch
=============================
====== JS ERROR CAUGHT ======
Unhandled Promise: TypeError: Failed to fetch
=============================
====== JS ERROR CAUGHT ======
Unhandled Promise: TypeError: Failed to fetch
=============================
====== JS ERROR CAUGHT ======
Unhandled Promise: TypeError: Failed to fetch
=============================
====== JS ERROR CAUGHT ======
Unhandled Promise: TypeError: Failed to fetch
=============================
====== JS ERROR CAUGHT ======
Unhandled Promise: TypeError: Failed to fetch
=============================
====== JS ERROR CAUGHT ======
Unhandled Promise: TypeError: Failed to fetch
=============================
====== JS ERROR CAUGHT ======
Unhandled Promise: TypeError: Failed to fetch
=============================
====== JS ERROR CAUGHT ======
Unhandled Promise: TypeError: Failed to fetch
=============================
====== JS ERROR CAUGHT ======
Unhandled Promise: TypeError: Failed to fetch
=============================
====== JS ERROR CAUGHT ======
Unhandled Promise: TypeError: Failed to fetch
=============================
====== JS ERROR CAUGHT ======
Unhandled Promise: TypeError: Failed to fetch
=============================
====== JS ERROR CAUGHT ======
Unhandled Promise: TypeError: Failed to fetch
=============================
====== JS ERROR CAUGHT ======
Unhandled Promise: TypeError: Failed to fetch
=============================
====== JS ERROR CAUGHT ======
Unhandled Promise: TypeError: Failed to fetch
=============================
====== JS ERROR CAUGHT ======
Unhandled Promise: TypeError: Failed to fetch
=============================
====== JS ERROR CAUGHT ======
Unhandled Promise: TypeError: Failed to fetch
=============================
====== JS ERROR CAUGHT ======
Unhandled Promise: TypeError: Failed to fetch
=============================
====== JS ERROR CAUGHT ======
Unhandled Promise: TypeError: Failed to fetch
=============================
====== JS ERROR CAUGHT ======
Unhandled Promise: TypeError: Failed to fetch
=============================
====== JS ERROR CAUGHT ======
Unhandled Promise: TypeError: Failed to fetch
=============================
====== JS ERROR CAUGHT ======
Unhandled Promise: TypeError: Failed to fetch
=============================
====== JS ERROR CAUGHT ======
Unhandled Promise: TypeError: Failed to fetch
=============================
====== JS ERROR CAUGHT ======
Unhandled Promise: TypeError: Failed to fetch
=============================
====== JS ERROR CAUGHT ======
Unhandled Promise: TypeError: Failed to fetch
=============================
====== JS ERROR CAUGHT ======
Unhandled Promise: TypeError: Failed to fetch
=============================
====== JS ERROR CAUGHT ======
Unhandled Promise: TypeError: Failed to fetch
=============================
====== JS ERROR CAUGHT ======
Unhandled Promise: TypeError: Failed to fetch
=============================
====== JS ERROR CAUGHT ======
Unhandled Promise: TypeError: Failed to fetch
=============================
====== JS ERROR CAUGHT ======
Unhandled Promise: TypeError: Failed to fetch
=============================
====== JS ERROR CAUGHT ======
Unhandled Promise: TypeError: Failed to fetch
=============================
====== JS ERROR CAUGHT ======
Unhandled Promise: TypeError: Failed to fetch
=============================
====== JS ERROR CAUGHT ======
Unhandled Promise: TypeError: Failed to fetch
=============================
====== JS ERROR CAUGHT ======
Unhandled Promise: TypeError: Failed to fetch
=============================
====== JS ERROR CAUGHT ======
Unhandled Promise: TypeError: Failed to fetch
=============================
====== JS ERROR CAUGHT ======
Unhandled Promise: TypeError: Failed to fetch
=============================
====== JS ERROR CAUGHT ======
Unhandled Promise: TypeError: Failed to fetch
=============================
====== JS ERROR CAUGHT ======
Unhandled Promise: TypeError: Failed to fetch
=============================
====== JS ERROR CAUGHT ======
Unhandled Promise: TypeError: Failed to fetch
=============================
====== JS ERROR CAUGHT ======
Unhandled Promise: TypeError: Failed to fetch
=============================
====== JS ERROR CAUGHT ======
Unhandled Promise: TypeError: Failed to fetch
=============================
====== JS ERROR CAUGHT ======
Unhandled Promise: TypeError: Failed to fetch
=============================
====== JS ERROR CAUGHT ======
Unhandled Promise: TypeError: Failed to fetch
=============================
====== JS ERROR CAUGHT ======
Unhandled Promise: TypeError: Failed to fetch
=============================
====== JS ERROR CAUGHT ======
Unhandled Promise: TypeError: Failed to fetch
=============================
====== JS ERROR CAUGHT ======
Unhandled Promise: TypeError: Failed to fetch
=============================
====== JS ERROR CAUGHT ======
Unhandled Promise: TypeError: Failed to fetch
=============================
====== JS ERROR CAUGHT ======
Unhandled Promise: TypeError: Failed to fetch
=============================
====== JS ERROR CAUGHT ======
Unhandled Promise: TypeError: Failed to fetch
=============================
====== JS ERROR CAUGHT ======
Unhandled Promise: TypeError: Failed to fetch
=============================
====== JS ERROR CAUGHT ======
Unhandled Promise: TypeError: Failed to fetch
=============================
====== JS ERROR CAUGHT ======
Unhandled Promise: TypeError: Failed to fetch
=============================
====== JS ERROR CAUGHT ======
Unhandled Promise: TypeError: Failed to fetch
=============================
====== JS ERROR CAUGHT ======
Unhandled Promise: TypeError: Failed to fetch
=============================
====== JS ERROR CAUGHT ======
Unhandled Promise: TypeError: Failed to fetch
=============================
====== JS ERROR CAUGHT ======
Unhandled Promise: TypeError: Failed to fetch
=============================
====== JS ERROR CAUGHT ======
Unhandled Promise: TypeError: Failed to fetch
=============================
====== JS ERROR CAUGHT ======
Unhandled Promise: TypeError: Failed to fetch
=============================
====== JS ERROR CAUGHT ======
Unhandled Promise: TypeError: Failed to fetch
=============================
====== JS ERROR CAUGHT ======
Unhandled Promise: TypeError: Failed to fetch
=============================
====== JS ERROR CAUGHT ======
Unhandled Promise: TypeError: Failed to fetch
=============================
====== JS ERROR CAUGHT ======
Unhandled Promise: TypeError: Failed to fetch
=============================
====== JS ERROR CAUGHT ======
Unhandled Promise: TypeError: Failed to fetch
=============================
====== JS ERROR CAUGHT ======
Unhandled Promise: TypeError: Failed to fetch
=============================
====== JS ERROR CAUGHT ======
Unhandled Promise: TypeError: Failed to fetch
=============================
====== JS ERROR CAUGHT ======
Unhandled Promise: TypeError: Failed to fetch
=============================
====== JS ERROR CAUGHT ======
Unhandled Promise: TypeError: Failed to fetch
=============================
====== JS ERROR CAUGHT ======
Unhandled Promise: TypeError: Failed to fetch
=============================
====== JS ERROR CAUGHT ======
Unhandled Promise: TypeError: Failed to fetch
=============================
====== JS ERROR CAUGHT ======
Unhandled Promise: TypeError: Failed to fetch
=============================
====== JS ERROR CAUGHT ======
Unhandled Promise: TypeError: Failed to fetch
=============================
====== JS ERROR CAUGHT ======
Unhandled Promise: TypeError: Failed to fetch
=============================
====== JS ERROR CAUGHT ======
Unhandled Promise: TypeError: Failed to fetch
=============================
====== JS ERROR CAUGHT ======
Unhandled Promise: TypeError: Failed to fetch
=============================
====== JS ERROR CAUGHT ======
Unhandled Promise: TypeError: Failed to fetch
=============================
====== JS ERROR CAUGHT ======
Unhandled Promise: TypeError: Failed to fetch
=============================
====== JS ERROR CAUGHT ======
Unhandled Promise: TypeError: Failed to fetch
=============================
====== JS ERROR CAUGHT ======
Unhandled Promise: TypeError: Failed to fetch
=============================
====== JS ERROR CAUGHT ======
Unhandled Promise: TypeError: Failed to fetch
=============================
====== JS ERROR CAUGHT ======
Unhandled Promise: TypeError: Failed to fetch
=============================
====== JS ERROR CAUGHT ======
Unhandled Promise: TypeError: Failed to fetch
=============================
====== JS ERROR CAUGHT ======
Unhandled Promise: TypeError: Failed to fetch
=============================
====== JS ERROR CAUGHT ======
Unhandled Promise: TypeError: Failed to fetch
=============================
====== JS ERROR CAUGHT ======
Unhandled Promise: TypeError: Failed to fetch
=============================
====== JS ERROR CAUGHT ======
Unhandled Promise: TypeError: Failed to fetch
=============================
====== JS ERROR CAUGHT ======
Unhandled Promise: TypeError: Failed to fetch
=============================
====== JS ERROR CAUGHT ======
Unhandled Promise: TypeError: Failed to fetch
=============================
====== JS ERROR CAUGHT ======
Unhandled Promise: TypeError: Failed to fetch
=============================
====== JS ERROR CAUGHT ======
Unhandled Promise: TypeError: Failed to fetch
=============================
====== JS ERROR CAUGHT ======
Unhandled Promise: TypeError: Failed to fetch
=============================
====== JS ERROR CAUGHT ======
Unhandled Promise: TypeError: Failed to fetch
=============================
====== JS ERROR CAUGHT ======
Unhandled Promise: TypeError: Failed to fetch
=============================
====== JS ERROR CAUGHT ======
Unhandled Promise: TypeError: Failed to fetch
=============================
====== JS ERROR CAUGHT ======
Unhandled Promise: TypeError: Failed to fetch
=============================
====== JS ERROR CAUGHT ======
Unhandled Promise: TypeError: Failed to fetch
=============================
====== JS ERROR CAUGHT ======
Unhandled Promise: TypeError: Failed to fetch
=============================
====== JS ERROR CAUGHT ======
Unhandled Promise: TypeError: Failed to fetch
=============================
====== JS ERROR CAUGHT ======
Unhandled Promise: TypeError: Failed to fetch
=============================
====== JS ERROR CAUGHT ======
Unhandled Promise: TypeError: Failed to fetch
=============================
====== JS ERROR CAUGHT ======
Unhandled Promise: TypeError: Failed to fetch
=============================
====== JS ERROR CAUGHT ======
Unhandled Promise: TypeError: Failed to fetch
=============================
====== JS ERROR CAUGHT ======
Unhandled Promise: TypeError: Failed to fetch
=============================
====== JS ERROR CAUGHT ======
Unhandled Promise: TypeError: Failed to fetch
=============================
====== JS ERROR CAUGHT ======
Unhandled Promise: TypeError: Failed to fetch
=============================
====== JS ERROR CAUGHT ======
Unhandled Promise: TypeError: Failed to fetch
=============================
====== JS ERROR CAUGHT ======
Unhandled Promise: TypeError: Failed to fetch
=============================
====== JS ERROR CAUGHT ======
Unhandled Promise: TypeError: Failed to fetch
=============================
====== JS ERROR CAUGHT ======
Unhandled Promise: TypeError: Failed to fetch
=============================
====== JS ERROR CAUGHT ======
Unhandled Promise: TypeError: Failed to fetch
=============================
====== JS ERROR CAUGHT ======
Unhandled Promise: TypeError: Failed to fetch
=============================
====== JS ERROR CAUGHT ======
Unhandled Promise: TypeError: Failed to fetch
=============================
====== JS ERROR CAUGHT ======
Unhandled Promise: TypeError: Failed to fetch
=============================
====== JS ERROR CAUGHT ======
Unhandled Promise: TypeError: Failed to fetch
=============================
====== JS ERROR CAUGHT ======
Unhandled Promise: TypeError: Failed to fetch
=============================
====== JS ERROR CAUGHT ======
Unhandled Promise: TypeError: Failed to fetch
=============================
====== JS ERROR CAUGHT ======
Unhandled Promise: TypeError: Failed to fetch
=============================
====== JS ERROR CAUGHT ======
Unhandled Promise: TypeError: Failed to fetch
=============================
====== JS ERROR CAUGHT ======
Unhandled Promise: TypeError: Failed to fetch
=============================
====== JS ERROR CAUGHT ======
Unhandled Promise: TypeError: Failed to fetch
=============================
====== JS ERROR CAUGHT ======
Unhandled Promise: TypeError: Failed to fetch
=============================
====== JS ERROR CAUGHT ======
Unhandled Promise: TypeError: Failed to fetch
=============================
====== JS ERROR CAUGHT ======
Unhandled Promise: TypeError: Failed to fetch
=============================
====== JS ERROR CAUGHT ======
Unhandled Promise: TypeError: Failed to fetch
=============================
====== JS ERROR CAUGHT ======
Unhandled Promise: TypeError: Failed to fetch
=============================
====== JS ERROR CAUGHT ======
Unhandled Promise: TypeError: Failed to fetch
=============================
====== JS ERROR CAUGHT ======
Unhandled Promise: TypeError: Failed to fetch
=============================
====== JS ERROR CAUGHT ======
Unhandled Promise: TypeError: Failed to fetch
=============================
====== JS ERROR CAUGHT ======
Unhandled Promise: TypeError: Failed to fetch
=============================
====== JS ERROR CAUGHT ======
Unhandled Promise: TypeError: Failed to fetch
=============================
====== JS ERROR CAUGHT ======
Unhandled Promise: TypeError: Failed to fetch
=============================
====== JS ERROR CAUGHT ======
Unhandled Promise: TypeError: Failed to fetch
=============================
====== JS ERROR CAUGHT ======
Unhandled Promise: TypeError: Failed to fetch
=============================
====== JS ERROR CAUGHT ======
Unhandled Promise: TypeError: Failed to fetch
=============================
====== JS ERROR CAUGHT ======
Unhandled Promise: TypeError: Failed to fetch
=============================
====== JS ERROR CAUGHT ======
Unhandled Promise: TypeError: Failed to fetch
=============================
====== JS ERROR CAUGHT ======
Unhandled Promise: TypeError: Failed to fetch
=============================
====== JS ERROR CAUGHT ======
Unhandled Promise: TypeError: Failed to fetch
=============================
====== JS ERROR CAUGHT ======
Unhandled Promise: TypeError: Failed to fetch
=============================
====== JS ERROR CAUGHT ======
Unhandled Promise: TypeError: Failed to fetch
=============================
====== JS ERROR CAUGHT ======
Unhandled Promise: TypeError: Failed to fetch
=============================
====== JS ERROR CAUGHT ======
Unhandled Promise: TypeError: Failed to fetch
=============================
====== JS ERROR CAUGHT ======
Unhandled Promise: TypeError: Failed to fetch
=============================
====== JS ERROR CAUGHT ======
Unhandled Promise: TypeError: Failed to fetch
=============================
====== JS ERROR CAUGHT ======
Unhandled Promise: TypeError: Failed to fetch
=============================
====== JS ERROR CAUGHT ======
Unhandled Promise: TypeError: Failed to fetch
=============================
====== JS ERROR CAUGHT ======
Unhandled Promise: TypeError: Failed to fetch
=============================
====== JS ERROR CAUGHT ======
Unhandled Promise: TypeError: Failed to fetch
=============================
====== JS ERROR CAUGHT ======
Unhandled Promise: TypeError: Failed to fetch
=============================
====== JS ERROR CAUGHT ======
Unhandled Promise: TypeError: Failed to fetch
=============================
====== JS ERROR CAUGHT ======
Unhandled Promise: TypeError: Failed to fetch
=============================
====== JS ERROR CAUGHT ======
Unhandled Promise: TypeError: Failed to fetch
=============================
====== JS ERROR CAUGHT ======
Unhandled Promise: TypeError: Failed to fetch
=============================
====== JS ERROR CAUGHT ======
Unhandled Promise: TypeError: Failed to fetch
=============================
====== JS ERROR CAUGHT ======
Unhandled Promise: TypeError: Failed to fetch
=============================
====== JS ERROR CAUGHT ======
Unhandled Promise: TypeError: Failed to fetch
=============================
====== JS ERROR CAUGHT ======
Unhandled Promise: TypeError: Failed to fetch
=============================
====== JS ERROR CAUGHT ======
Unhandled Promise: TypeError: Failed to fetch
=============================
====== JS ERROR CAUGHT ======
Unhandled Promise: TypeError: Failed to fetch
=============================
====== JS ERROR CAUGHT ======
Unhandled Promise: TypeError: Failed to fetch
=============================
====== JS ERROR CAUGHT ======
Unhandled Promise: TypeError: Failed to fetch
=============================
====== JS ERROR CAUGHT ======
Unhandled Promise: TypeError: Failed to fetch
=============================
====== JS ERROR CAUGHT ======
Unhandled Promise: TypeError: Failed to fetch
=============================
====== JS ERROR CAUGHT ======
Unhandled Promise: TypeError: Failed to fetch
=============================
====== JS ERROR CAUGHT ======
Unhandled Promise: TypeError: Failed to fetch
=============================
====== JS ERROR CAUGHT ======
Unhandled Promise: TypeError: Failed to fetch
=============================
====== JS ERROR CAUGHT ======
Unhandled Promise: TypeError: Failed to fetch
=============================
====== JS ERROR CAUGHT ======
Unhandled Promise: TypeError: Failed to fetch
=============================
====== JS ERROR CAUGHT ======
Unhandled Promise: TypeError: Failed to fetch
=============================
====== JS ERROR CAUGHT ======
Unhandled Promise: TypeError: Failed to fetch
=============================
====== JS ERROR CAUGHT ======
Unhandled Promise: TypeError: Failed to fetch
=============================
====== JS ERROR CAUGHT ======
Unhandled Promise: TypeError: Failed to fetch
=============================
====== JS ERROR CAUGHT ======
Unhandled Promise: TypeError: Failed to fetch
=============================
====== JS ERROR CAUGHT ======
Unhandled Promise: TypeError: Failed to fetch
=============================
====== JS ERROR CAUGHT ======
Unhandled Promise: TypeError: Failed to fetch
=============================
====== JS ERROR CAUGHT ======
Unhandled Promise: TypeError: Failed to fetch
=============================
====== JS ERROR CAUGHT ======
Unhandled Promise: TypeError: Failed to fetch
=============================
====== JS ERROR CAUGHT ======
Unhandled Promise: TypeError: Failed to fetch
=============================
====== JS ERROR CAUGHT ======
Unhandled Promise: TypeError: Failed to fetch
=============================
====== JS ERROR CAUGHT ======
Unhandled Promise: TypeError: Failed to fetch
=============================
====== JS ERROR CAUGHT ======
Unhandled Promise: TypeError: Failed to fetch
=============================
====== JS ERROR CAUGHT ======
Unhandled Promise: TypeError: Failed to fetch
=============================
====== JS ERROR CAUGHT ======
Unhandled Promise: TypeError: Failed to fetch
=============================
====== JS ERROR CAUGHT ======
Unhandled Promise: TypeError: Failed to fetch
=============================
====== JS ERROR CAUGHT ======
Unhandled Promise: TypeError: Failed to fetch
=============================
====== JS ERROR CAUGHT ======
Unhandled Promise: TypeError: Failed to fetch
=============================
====== JS ERROR CAUGHT ======
Unhandled Promise: TypeError: Failed to fetch
=============================
====== JS ERROR CAUGHT ======
Unhandled Promise: TypeError: Failed to fetch
=============================
====== JS ERROR CAUGHT ======
Unhandled Promise: TypeError: Failed to fetch
=============================
====== JS ERROR CAUGHT ======
Unhandled Promise: TypeError: Failed to fetch
=============================
====== JS ERROR CAUGHT ======
Unhandled Promise: TypeError: Failed to fetch
=============================
====== JS ERROR CAUGHT ======
Unhandled Promise: TypeError: Failed to fetch
=============================
====== JS ERROR CAUGHT ======
Unhandled Promise: TypeError: Failed to fetch
=============================
====== JS ERROR CAUGHT ======
Unhandled Promise: TypeError: Failed to fetch
=============================
====== JS ERROR CAUGHT ======
Unhandled Promise: TypeError: Failed to fetch
=============================
====== JS ERROR CAUGHT ======
Unhandled Promise: TypeError: Failed to fetch
=============================
====== JS ERROR CAUGHT ======
Unhandled Promise: TypeError: Failed to fetch
=============================
====== JS ERROR CAUGHT ======
Unhandled Promise: TypeError: Failed to fetch
=============================
====== JS ERROR CAUGHT ======
Unhandled Promise: TypeError: Failed to fetch
=============================
====== JS ERROR CAUGHT ======
Unhandled Promise: TypeError: Failed to fetch
=============================
====== JS ERROR CAUGHT ======
Unhandled Promise: TypeError: Failed to fetch
=============================
====== JS ERROR CAUGHT ======
Unhandled Promise: TypeError: Failed to fetch
=============================
====== JS ERROR CAUGHT ======
Unhandled Promise: TypeError: Failed to fetch
=============================
====== JS ERROR CAUGHT ======
Unhandled Promise: TypeError: Failed to fetch
=============================
====== JS ERROR CAUGHT ======
Unhandled Promise: TypeError: Failed to fetch
=============================
====== JS ERROR CAUGHT ======
Unhandled Promise: TypeError: Failed to fetch
=============================
====== JS ERROR CAUGHT ======
Unhandled Promise: TypeError: Failed to fetch
=============================
====== JS ERROR CAUGHT ======
Unhandled Promise: TypeError: Failed to fetch
=============================
====== JS ERROR CAUGHT ======
Unhandled Promise: TypeError: Failed to fetch
=============================
====== JS ERROR CAUGHT ======
Unhandled Promise: TypeError: Failed to fetch
=============================
====== JS ERROR CAUGHT ======
Unhandled Promise: TypeError: Failed to fetch
=============================
====== JS ERROR CAUGHT ======
Unhandled Promise: TypeError: Failed to fetch
=============================
====== JS ERROR CAUGHT ======
Unhandled Promise: TypeError: Failed to fetch
=============================
====== JS ERROR CAUGHT ======
Unhandled Promise: TypeError: Failed to fetch
=============================
====== JS ERROR CAUGHT ======
Unhandled Promise: TypeError: Failed to fetch
=============================
====== JS ERROR CAUGHT ======
Unhandled Promise: TypeError: Failed to fetch
=============================
====== JS ERROR CAUGHT ======
Unhandled Promise: TypeError: Failed to fetch
=============================
====== JS ERROR CAUGHT ======
Unhandled Promise: TypeError: Failed to fetch
=============================
====== JS ERROR CAUGHT ======
Unhandled Promise: TypeError: Failed to fetch
=============================
====== JS ERROR CAUGHT ======
Unhandled Promise: TypeError: Failed to fetch
=============================
====== JS ERROR CAUGHT ======
Unhandled Promise: TypeError: Failed to fetch
=============================
====== JS ERROR CAUGHT ======
Unhandled Promise: TypeError: Failed to fetch
=============================
====== JS ERROR CAUGHT ======
Unhandled Promise: TypeError: Failed to fetch
=============================
====== JS ERROR CAUGHT ======
Unhandled Promise: TypeError: Failed to fetch
=============================
====== JS ERROR CAUGHT ======
Unhandled Promise: TypeError: Failed to fetch
=============================
====== JS ERROR CAUGHT ======
Unhandled Promise: TypeError: Failed to fetch
=============================
====== JS ERROR CAUGHT ======
Unhandled Promise: TypeError: Failed to fetch
=============================
====== JS ERROR CAUGHT ======
Unhandled Promise: TypeError: Failed to fetch
=============================
====== JS ERROR CAUGHT ======
Unhandled Promise: TypeError: Failed to fetch
=============================
====== JS ERROR CAUGHT ======
Unhandled Promise: TypeError: Failed to fetch
=============================
====== JS ERROR CAUGHT ======
Unhandled Promise: TypeError: Failed to fetch
=============================
====== JS ERROR CAUGHT ======
Unhandled Promise: TypeError: Failed to fetch
=============================
====== JS ERROR CAUGHT ======
Unhandled Promise: TypeError: Failed to fetch
=============================
====== JS ERROR CAUGHT ======
Unhandled Promise: TypeError: Failed to fetch
=============================
====== JS ERROR CAUGHT ======
Unhandled Promise: TypeError: Failed to fetch
=============================
====== JS ERROR CAUGHT ======
Unhandled Promise: TypeError: Failed to fetch
=============================
====== JS ERROR CAUGHT ======
Unhandled Promise: TypeError: Failed to fetch
=============================
====== JS ERROR CAUGHT ======
Unhandled Promise: TypeError: Failed to fetch
=============================
====== JS ERROR CAUGHT ======
Unhandled Promise: TypeError: Failed to fetch
=============================
====== JS ERROR CAUGHT ======
Unhandled Promise: TypeError: Failed to fetch
=============================
====== JS ERROR CAUGHT ======
Unhandled Promise: TypeError: Failed to fetch
=============================
====== JS ERROR CAUGHT ======
Unhandled Promise: TypeError: Failed to fetch
=============================
====== JS ERROR CAUGHT ======
Unhandled Promise: TypeError: Failed to fetch
=============================
====== JS ERROR CAUGHT ======
Unhandled Promise: TypeError: Failed to fetch
=============================
====== JS ERROR CAUGHT ======
Unhandled Promise: TypeError: Failed to fetch
=============================
====== JS ERROR CAUGHT ======
Unhandled Promise: TypeError: Failed to fetch
=============================
====== JS ERROR CAUGHT ======
Unhandled Promise: TypeError: Failed to fetch
=============================
====== JS ERROR CAUGHT ======
Unhandled Promise: TypeError: Failed to fetch
=============================
====== JS ERROR CAUGHT ======
Unhandled Promise: TypeError: Failed to fetch
=============================
====== JS ERROR CAUGHT ======
Unhandled Promise: TypeError: Failed to fetch
=============================
====== JS ERROR CAUGHT ======
Unhandled Promise: TypeError: Failed to fetch
=============================
====== JS ERROR CAUGHT ======
Unhandled Promise: TypeError: Failed to fetch
=============================
====== JS ERROR CAUGHT ======
Unhandled Promise: TypeError: Failed to fetch
=============================
====== JS ERROR CAUGHT ======
Unhandled Promise: TypeError: Failed to fetch
=============================
====== JS ERROR CAUGHT ======
Unhandled Promise: TypeError: Failed to fetch
=============================
====== JS ERROR CAUGHT ======
Unhandled Promise: TypeError: Failed to fetch
=============================
====== JS ERROR CAUGHT ======
Unhandled Promise: TypeError: Failed to fetch
=============================
====== JS ERROR CAUGHT ======
Unhandled Promise: TypeError: Failed to fetch
=============================
====== JS ERROR CAUGHT ======
Unhandled Promise: TypeError: Failed to fetch
=============================
====== JS ERROR CAUGHT ======
Unhandled Promise: TypeError: Failed to fetch
=============================
====== JS ERROR CAUGHT ======
Unhandled Promise: TypeError: Failed to fetch
=============================
====== JS ERROR CAUGHT ======
Unhandled Promise: TypeError: Failed to fetch
=============================
====== JS ERROR CAUGHT ======
Unhandled Promise: TypeError: Failed to fetch
=============================
====== JS ERROR CAUGHT ======
Unhandled Promise: TypeError: Failed to fetch
=============================
====== JS ERROR CAUGHT ======
Unhandled Promise: TypeError: Failed to fetch
=============================
====== JS ERROR CAUGHT ======
Unhandled Promise: TypeError: Failed to fetch
=============================
====== JS ERROR CAUGHT ======
Unhandled Promise: TypeError: Failed to fetch
=============================
====== JS ERROR CAUGHT ======
Unhandled Promise: TypeError: Failed to fetch
=============================
====== JS ERROR CAUGHT ======
Unhandled Promise: TypeError: Failed to fetch
=============================
====== JS ERROR CAUGHT ======
Unhandled Promise: TypeError: Failed to fetch
=============================
====== JS ERROR CAUGHT ======
Unhandled Promise: TypeError: Failed to fetch
=============================
====== JS ERROR CAUGHT ======
Unhandled Promise: TypeError: Failed to fetch
=============================
====== JS ERROR CAUGHT ======
Unhandled Promise: TypeError: Failed to fetch
=============================
====== JS ERROR CAUGHT ======
Unhandled Promise: TypeError: Failed to fetch
=============================
====== JS ERROR CAUGHT ======
Unhandled Promise: TypeError: Failed to fetch
=============================
====== JS ERROR CAUGHT ======
Unhandled Promise: TypeError: Failed to fetch
=============================
====== JS ERROR CAUGHT ======
Unhandled Promise: TypeError: Failed to fetch
=============================
====== JS ERROR CAUGHT ======
Unhandled Promise: TypeError: Failed to fetch
=============================
====== JS ERROR CAUGHT ======
Unhandled Promise: TypeError: Failed to fetch
=============================
====== JS ERROR CAUGHT ======
Unhandled Promise: TypeError: Failed to fetch
=============================
====== JS ERROR CAUGHT ======
Unhandled Promise: TypeError: Failed to fetch
=============================
====== JS ERROR CAUGHT ======
Unhandled Promise: TypeError: Failed to fetch
=============================
====== JS ERROR CAUGHT ======
Unhandled Promise: TypeError: Failed to fetch
=============================
====== JS ERROR CAUGHT ======
Unhandled Promise: TypeError: Failed to fetch
=============================
====== JS ERROR CAUGHT ======
Unhandled Promise: TypeError: Failed to fetch
=============================
====== JS ERROR CAUGHT ======
Unhandled Promise: TypeError: Failed to fetch
=============================
====== JS ERROR CAUGHT ======
Unhandled Promise: TypeError: Failed to fetch
=============================
====== JS ERROR CAUGHT ======
Unhandled Promise: TypeError: Failed to fetch
=============================
====== JS ERROR CAUGHT ======
Unhandled Promise: TypeError: Failed to fetch
=============================
====== JS ERROR CAUGHT ======
Unhandled Promise: TypeError: Failed to fetch
=============================
====== JS ERROR CAUGHT ======
Unhandled Promise: TypeError: Failed to fetch
=============================
====== JS ERROR CAUGHT ======
Unhandled Promise: TypeError: Failed to fetch
=============================
====== JS ERROR CAUGHT ======
Unhandled Promise: TypeError: Failed to fetch
=============================
====== JS ERROR CAUGHT ======
Unhandled Promise: TypeError: Failed to fetch
=============================
====== JS ERROR CAUGHT ======
Unhandled Promise: TypeError: Failed to fetch
=============================
====== JS ERROR CAUGHT ======
Unhandled Promise: TypeError: Failed to fetch
=============================
====== JS ERROR CAUGHT ======
Unhandled Promise: TypeError: Failed to fetch
=============================
====== JS ERROR CAUGHT ======
Unhandled Promise: TypeError: Failed to fetch
=============================
====== JS ERROR CAUGHT ======
Unhandled Promise: TypeError: Failed to fetch
=============================
====== JS ERROR CAUGHT ======
Unhandled Promise: TypeError: Failed to fetch
=============================
====== JS ERROR CAUGHT ======
Unhandled Promise: TypeError: Failed to fetch
=============================
====== JS ERROR CAUGHT ======
Unhandled Promise: TypeError: Failed to fetch
=============================
====== JS ERROR CAUGHT ======
Unhandled Promise: TypeError: Failed to fetch
=============================
====== JS ERROR CAUGHT ======
Unhandled Promise: TypeError: Failed to fetch
=============================
====== JS ERROR CAUGHT ======
Unhandled Promise: TypeError: Failed to fetch
=============================
====== JS ERROR CAUGHT ======
Unhandled Promise: TypeError: Failed to fetch
=============================
====== JS ERROR CAUGHT ======
Unhandled Promise: TypeError: Failed to fetch
=============================
====== JS ERROR CAUGHT ======
Unhandled Promise: TypeError: Failed to fetch
=============================
====== JS ERROR CAUGHT ======
Unhandled Promise: TypeError: Failed to fetch
=============================
====== JS ERROR CAUGHT ======
Unhandled Promise: TypeError: Failed to fetch
=============================
====== JS ERROR CAUGHT ======
Unhandled Promise: TypeError: Failed to fetch
=============================
====== JS ERROR CAUGHT ======
Unhandled Promise: TypeError: Failed to fetch
=============================
====== JS ERROR CAUGHT ======
Unhandled Promise: TypeError: Failed to fetch
=============================
====== JS ERROR CAUGHT ======
Unhandled Promise: TypeError: Failed to fetch
=============================
====== JS ERROR CAUGHT ======
Unhandled Promise: TypeError: Failed to fetch
=============================
====== JS ERROR CAUGHT ======
Unhandled Promise: TypeError: Failed to fetch
=============================
====== JS ERROR CAUGHT ======
Unhandled Promise: TypeError: Failed to fetch
=============================
====== JS ERROR CAUGHT ======
Unhandled Promise: TypeError: Failed to fetch
=============================
====== JS ERROR CAUGHT ======
Unhandled Promise: TypeError: Failed to fetch
=============================
====== JS ERROR CAUGHT ======
Unhandled Promise: TypeError: Failed to fetch
=============================
====== JS ERROR CAUGHT ======
Unhandled Promise: TypeError: Failed to fetch
=============================
====== JS ERROR CAUGHT ======
Unhandled Promise: TypeError: Failed to fetch
=============================
====== JS ERROR CAUGHT ======
Unhandled Promise: TypeError: Failed to fetch
=============================
====== JS ERROR CAUGHT ======
Unhandled Promise: TypeError: Failed to fetch
=============================
====== JS ERROR CAUGHT ======
Unhandled Promise: TypeError: Failed to fetch
=============================
====== JS ERROR CAUGHT ======
Unhandled Promise: TypeError: Failed to fetch
=============================
====== JS ERROR CAUGHT ======
Unhandled Promise: TypeError: Failed to fetch
=============================
====== JS ERROR CAUGHT ======
Unhandled Promise: TypeError: Failed to fetch
=============================
====== JS ERROR CAUGHT ======
Unhandled Promise: TypeError: Failed to fetch
=============================
====== JS ERROR CAUGHT ======
Unhandled Promise: TypeError: Failed to fetch
=============================
====== JS ERROR CAUGHT ======
Unhandled Promise: TypeError: Failed to fetch
=============================
====== JS ERROR CAUGHT ======
Unhandled Promise: TypeError: Failed to fetch
=============================
====== JS ERROR CAUGHT ======
Unhandled Promise: TypeError: Failed to fetch
=============================
====== JS ERROR CAUGHT ======
Unhandled Promise: TypeError: Failed to fetch
=============================
====== JS ERROR CAUGHT ======
Unhandled Promise: TypeError: Failed to fetch
=============================
====== JS ERROR CAUGHT ======
Unhandled Promise: TypeError: Failed to fetch
=============================
====== JS ERROR CAUGHT ======
Unhandled Promise: TypeError: Failed to fetch
=============================
====== JS ERROR CAUGHT ======
Unhandled Promise: TypeError: Failed to fetch
=============================
====== JS ERROR CAUGHT ======
Unhandled Promise: TypeError: Failed to fetch
=============================
====== JS ERROR CAUGHT ======
Unhandled Promise: TypeError: Failed to fetch
=============================
====== JS ERROR CAUGHT ======
Unhandled Promise: TypeError: Failed to fetch
=============================
====== JS ERROR CAUGHT ======
Unhandled Promise: TypeError: Failed to fetch
=============================
====== JS ERROR CAUGHT ======
Unhandled Promise: TypeError: Failed to fetch
=============================
====== JS ERROR CAUGHT ======
Unhandled Promise: TypeError: Failed to fetch
=============================
====== JS ERROR CAUGHT ======
Unhandled Promise: TypeError: Failed to fetch
=============================
====== JS ERROR CAUGHT ======
Unhandled Promise: TypeError: Failed to fetch
=============================
====== JS ERROR CAUGHT ======
Unhandled Promise: TypeError: Failed to fetch
=============================
====== JS ERROR CAUGHT ======
Unhandled Promise: TypeError: Failed to fetch
=============================
====== JS ERROR CAUGHT ======
Unhandled Promise: TypeError: Failed to fetch
=============================
====== JS ERROR CAUGHT ======
Unhandled Promise: TypeError: Failed to fetch
=============================
====== JS ERROR CAUGHT ======
Unhandled Promise: TypeError: Failed to fetch
=============================
====== JS ERROR CAUGHT ======
Unhandled Promise: TypeError: Failed to fetch
=============================
====== JS ERROR CAUGHT ======
Unhandled Promise: TypeError: Failed to fetch
=============================
====== JS ERROR CAUGHT ======
Unhandled Promise: TypeError: Failed to fetch
=============================
====== JS ERROR CAUGHT ======
Unhandled Promise: TypeError: Failed to fetch
=============================
====== JS ERROR CAUGHT ======
Unhandled Promise: TypeError: Failed to fetch
=============================
====== JS ERROR CAUGHT ======
Unhandled Promise: TypeError: Failed to fetch
=============================
====== JS ERROR CAUGHT ======
Unhandled Promise: TypeError: Failed to fetch
=============================
====== JS ERROR CAUGHT ======
Unhandled Promise: TypeError: Failed to fetch
=============================
====== JS ERROR CAUGHT ======
Unhandled Promise: TypeError: Failed to fetch
=============================
====== JS ERROR CAUGHT ======
Unhandled Promise: TypeError: Failed to fetch
=============================
====== JS ERROR CAUGHT ======
Unhandled Promise: TypeError: Failed to fetch
=============================
====== JS ERROR CAUGHT ======
Unhandled Promise: TypeError: Failed to fetch
=============================
====== JS ERROR CAUGHT ======
Unhandled Promise: TypeError: Failed to fetch
=============================
====== JS ERROR CAUGHT ======
Unhandled Promise: TypeError: Failed to fetch
=============================
====== JS ERROR CAUGHT ======
Unhandled Promise: TypeError: Failed to fetch
=============================
====== JS ERROR CAUGHT ======
Unhandled Promise: TypeError: Failed to fetch
=============================
====== JS ERROR CAUGHT ======
Unhandled Promise: TypeError: Failed to fetch
=============================
====== JS ERROR CAUGHT ======
Unhandled Promise: TypeError: Failed to fetch
=============================
====== JS ERROR CAUGHT ======
Unhandled Promise: TypeError: Failed to fetch
=============================
====== JS ERROR CAUGHT ======
Unhandled Promise: TypeError: Failed to fetch
=============================
====== JS ERROR CAUGHT ======
Unhandled Promise: TypeError: Failed to fetch
=============================
====== JS ERROR CAUGHT ======
Unhandled Promise: TypeError: Failed to fetch
=============================
====== JS ERROR CAUGHT ======
Unhandled Promise: TypeError: Failed to fetch
=============================
====== JS ERROR CAUGHT ======
Unhandled Promise: TypeError: Failed to fetch
=============================
====== JS ERROR CAUGHT ======
Unhandled Promise: TypeError: Failed to fetch
=============================
====== JS ERROR CAUGHT ======
Unhandled Promise: TypeError: Failed to fetch
=============================
====== JS ERROR CAUGHT ======
Unhandled Promise: TypeError: Failed to fetch
=============================
====== JS ERROR CAUGHT ======
Unhandled Promise: TypeError: Failed to fetch
=============================
====== JS ERROR CAUGHT ======
Unhandled Promise: TypeError: Failed to fetch
=============================
====== JS ERROR CAUGHT ======
Unhandled Promise: TypeError: Failed to fetch
=============================
====== JS ERROR CAUGHT ======
Unhandled Promise: TypeError: Failed to fetch
=============================
====== JS ERROR CAUGHT ======
Unhandled Promise: TypeError: Failed to fetch
=============================
====== JS ERROR CAUGHT ======
Unhandled Promise: TypeError: Failed to fetch
=============================
====== JS ERROR CAUGHT ======
Unhandled Promise: TypeError: Failed to fetch
=============================
====== JS ERROR CAUGHT ======
Unhandled Promise: TypeError: Failed to fetch
=============================
====== JS ERROR CAUGHT ======
Unhandled Promise: TypeError: Failed to fetch
=============================
====== JS ERROR CAUGHT ======
Unhandled Promise: TypeError: Failed to fetch
=============================
====== JS ERROR CAUGHT ======
Unhandled Promise: TypeError: Failed to fetch
=============================
====== JS ERROR CAUGHT ======
Unhandled Promise: TypeError: Failed to fetch
=============================
====== JS ERROR CAUGHT ======
Unhandled Promise: TypeError: Failed to fetch
=============================
====== JS ERROR CAUGHT ======
Unhandled Promise: TypeError: Failed to fetch
=============================
====== JS ERROR CAUGHT ======
Unhandled Promise: TypeError: Failed to fetch
=============================
====== JS ERROR CAUGHT ======
Unhandled Promise: TypeError: Failed to fetch
=============================
====== JS ERROR CAUGHT ======
Unhandled Promise: TypeError: Failed to fetch
=============================
====== JS ERROR CAUGHT ======
Unhandled Promise: TypeError: Failed to fetch
=============================
====== JS ERROR CAUGHT ======
Unhandled Promise: TypeError: Failed to fetch
=============================
====== JS ERROR CAUGHT ======
Unhandled Promise: TypeError: Failed to fetch
=============================
====== JS ERROR CAUGHT ======
Unhandled Promise: TypeError: Failed to fetch
=============================
====== JS ERROR CAUGHT ======
Unhandled Promise: TypeError: Failed to fetch
=============================
====== JS ERROR CAUGHT ======
Unhandled Promise: TypeError: Failed to fetch
=============================
====== JS ERROR CAUGHT ======
Unhandled Promise: TypeError: Failed to fetch
=============================
====== JS ERROR CAUGHT ======
Unhandled Promise: TypeError: Failed to fetch
=============================
====== JS ERROR CAUGHT ======
Unhandled Promise: TypeError: Failed to fetch
=============================
====== JS ERROR CAUGHT ======
Unhandled Promise: TypeError: Failed to fetch
=============================
====== JS ERROR CAUGHT ======
Unhandled Promise: TypeError: Failed to fetch
=============================
====== JS ERROR CAUGHT ======
Unhandled Promise: TypeError: Failed to fetch
=============================
====== JS ERROR CAUGHT ======
Unhandled Promise: TypeError: Failed to fetch
=============================
====== JS ERROR CAUGHT ======
Unhandled Promise: TypeError: Failed to fetch
=============================
====== JS ERROR CAUGHT ======
Unhandled Promise: TypeError: Failed to fetch
=============================
====== JS ERROR CAUGHT ======
Unhandled Promise: TypeError: Failed to fetch
=============================
====== JS ERROR CAUGHT ======
Unhandled Promise: TypeError: Failed to fetch
=============================
====== JS ERROR CAUGHT ======
Unhandled Promise: TypeError: Failed to fetch
=============================
====== JS ERROR CAUGHT ======
Unhandled Promise: TypeError: Failed to fetch
=============================
====== JS ERROR CAUGHT ======
Unhandled Promise: TypeError: Failed to fetch
=============================
====== JS ERROR CAUGHT ======
Unhandled Promise: TypeError: Failed to fetch
=============================
====== JS ERROR CAUGHT ======
Unhandled Promise: TypeError: Failed to fetch
=============================
====== JS ERROR CAUGHT ======
Unhandled Promise: TypeError: Failed to fetch
=============================
====== JS ERROR CAUGHT ======
Unhandled Promise: TypeError: Failed to fetch
=============================
====== JS ERROR CAUGHT ======
Unhandled Promise: TypeError: Failed to fetch
=============================
====== JS ERROR CAUGHT ======
Unhandled Promise: TypeError: Failed to fetch
=============================
====== JS ERROR CAUGHT ======
Unhandled Promise: TypeError: Failed to fetch
=============================
====== JS ERROR CAUGHT ======
Unhandled Promise: TypeError: Failed to fetch
=============================
====== JS ERROR CAUGHT ======
Unhandled Promise: TypeError: Failed to fetch
=============================
====== JS ERROR CAUGHT ======
Unhandled Promise: TypeError: Failed to fetch
=============================
====== JS ERROR CAUGHT ======
Unhandled Promise: TypeError: Failed to fetch
=============================
====== JS ERROR CAUGHT ======
Unhandled Promise: TypeError: Failed to fetch
=============================
====== JS ERROR CAUGHT ======
Unhandled Promise: TypeError: Failed to fetch
=============================
====== JS ERROR CAUGHT ======
Unhandled Promise: TypeError: Failed to fetch
=============================
====== JS ERROR CAUGHT ======
Unhandled Promise: TypeError: Failed to fetch
=============================
====== JS ERROR CAUGHT ======
Unhandled Promise: TypeError: Failed to fetch
=============================
====== JS ERROR CAUGHT ======
Unhandled Promise: TypeError: Failed to fetch
=============================
====== JS ERROR CAUGHT ======
Unhandled Promise: TypeError: Failed to fetch
=============================
====== JS ERROR CAUGHT ======
Unhandled Promise: TypeError: Failed to fetch
=============================
====== JS ERROR CAUGHT ======
Unhandled Promise: TypeError: Failed to fetch
=============================
====== JS ERROR CAUGHT ======
Unhandled Promise: TypeError: Failed to fetch
=============================
====== JS ERROR CAUGHT ======
Unhandled Promise: TypeError: Failed to fetch
=============================
====== JS ERROR CAUGHT ======
Unhandled Promise: TypeError: Failed to fetch
=============================
====== JS ERROR CAUGHT ======
Unhandled Promise: TypeError: Failed to fetch
=============================
====== JS ERROR CAUGHT ======
Unhandled Promise: TypeError: Failed to fetch
=============================
====== JS ERROR CAUGHT ======
Unhandled Promise: TypeError: Failed to fetch
=============================
====== JS ERROR CAUGHT ======
Unhandled Promise: TypeError: Failed to fetch
=============================
====== JS ERROR CAUGHT ======
Unhandled Promise: TypeError: Failed to fetch
=============================
====== JS ERROR CAUGHT ======
Unhandled Promise: TypeError: Failed to fetch
=============================
====== JS ERROR CAUGHT ======
Unhandled Promise: TypeError: Failed to fetch
=============================
====== JS ERROR CAUGHT ======
Unhandled Promise: TypeError: Failed to fetch
=============================
====== JS ERROR CAUGHT ======
Unhandled Promise: TypeError: Failed to fetch
=============================
====== JS ERROR CAUGHT ======
Unhandled Promise: TypeError: Failed to fetch
=============================
====== JS ERROR CAUGHT ======
Unhandled Promise: TypeError: Failed to fetch
=============================
====== JS ERROR CAUGHT ======
Unhandled Promise: TypeError: Failed to fetch
=============================
====== JS ERROR CAUGHT ======
Unhandled Promise: TypeError: Failed to fetch
=============================
====== JS ERROR CAUGHT ======
Unhandled Promise: TypeError: Failed to fetch
=============================
====== JS ERROR CAUGHT ======
Unhandled Promise: TypeError: Failed to fetch
=============================
====== JS ERROR CAUGHT ======
Unhandled Promise: TypeError: Failed to fetch
=============================
====== JS ERROR CAUGHT ======
Unhandled Promise: TypeError: Failed to fetch
=============================
====== JS ERROR CAUGHT ======
Unhandled Promise: TypeError: Failed to fetch
=============================
====== JS ERROR CAUGHT ======
Unhandled Promise: TypeError: Failed to fetch
=============================
====== JS ERROR CAUGHT ======
Unhandled Promise: TypeError: Failed to fetch
=============================
====== JS ERROR CAUGHT ======
Unhandled Promise: TypeError: Failed to fetch
=============================
====== JS ERROR CAUGHT ======
Unhandled Promise: TypeError: Failed to fetch
=============================
====== JS ERROR CAUGHT ======
Unhandled Promise: TypeError: Failed to fetch
=============================
====== JS ERROR CAUGHT ======
Unhandled Promise: TypeError: Failed to fetch
=============================
====== JS ERROR CAUGHT ======
Unhandled Promise: TypeError: Failed to fetch
=============================
====== JS ERROR CAUGHT ======
Unhandled Promise: TypeError: Failed to fetch
=============================
====== JS ERROR CAUGHT ======
Unhandled Promise: TypeError: Failed to fetch
=============================
====== JS ERROR CAUGHT ======
Unhandled Promise: TypeError: Failed to fetch
=============================
====== JS ERROR CAUGHT ======
Unhandled Promise: TypeError: Failed to fetch
=============================
====== JS ERROR CAUGHT ======
Unhandled Promise: TypeError: Failed to fetch
=============================
====== JS ERROR CAUGHT ======
Unhandled Promise: TypeError: Failed to fetch
=============================
====== JS ERROR CAUGHT ======
Unhandled Promise: TypeError: Failed to fetch
=============================
====== JS ERROR CAUGHT ======
Unhandled Promise: TypeError: Failed to fetch
=============================
====== JS ERROR CAUGHT ======
Unhandled Promise: TypeError: Failed to fetch
=============================
====== JS ERROR CAUGHT ======
Unhandled Promise: TypeError: Failed to fetch
=============================
====== JS ERROR CAUGHT ======
Unhandled Promise: TypeError: Failed to fetch
=============================
====== JS ERROR CAUGHT ======
Unhandled Promise: TypeError: Failed to fetch
=============================
====== JS ERROR CAUGHT ======
Unhandled Promise: TypeError: Failed to fetch
=============================
====== JS ERROR CAUGHT ======
Unhandled Promise: TypeError: Failed to fetch
=============================
====== JS ERROR CAUGHT ======
Unhandled Promise: TypeError: Failed to fetch
=============================
====== JS ERROR CAUGHT ======
Unhandled Promise: TypeError: Failed to fetch
=============================
====== JS ERROR CAUGHT ======
Unhandled Promise: TypeError: Failed to fetch
=============================
====== JS ERROR CAUGHT ======
Unhandled Promise: TypeError: Failed to fetch
=============================
====== JS ERROR CAUGHT ======
Unhandled Promise: TypeError: Failed to fetch
=============================
====== JS ERROR CAUGHT ======
Unhandled Promise: TypeError: Failed to fetch
=============================
====== JS ERROR CAUGHT ======
Unhandled Promise: TypeError: Failed to fetch
=============================
====== JS ERROR CAUGHT ======
Unhandled Promise: TypeError: Failed to fetch
=============================
====== JS ERROR CAUGHT ======
Unhandled Promise: TypeError: Failed to fetch
=============================
====== JS ERROR CAUGHT ======
Unhandled Promise: TypeError: Failed to fetch
=============================
====== JS ERROR CAUGHT ======
Unhandled Promise: TypeError: Failed to fetch
=============================
====== JS ERROR CAUGHT ======
Unhandled Promise: TypeError: Failed to fetch
=============================
====== JS ERROR CAUGHT ======
Unhandled Promise: TypeError: Failed to fetch
=============================
====== JS ERROR CAUGHT ======
Unhandled Promise: TypeError: Failed to fetch
=============================
====== JS ERROR CAUGHT ======
Unhandled Promise: TypeError: Failed to fetch
=============================
====== JS ERROR CAUGHT ======
Unhandled Promise: TypeError: Failed to fetch
=============================
====== JS ERROR CAUGHT ======
Unhandled Promise: TypeError: Failed to fetch
=============================
====== JS ERROR CAUGHT ======
Unhandled Promise: TypeError: Failed to fetch
=============================
====== JS ERROR CAUGHT ======
Unhandled Promise: TypeError: Failed to fetch
=============================
====== JS ERROR CAUGHT ======
Unhandled Promise: TypeError: Failed to fetch
=============================
====== JS ERROR CAUGHT ======
Unhandled Promise: TypeError: Failed to fetch
=============================
====== JS ERROR CAUGHT ======
Unhandled Promise: TypeError: Failed to fetch
=============================
====== JS ERROR CAUGHT ======
Unhandled Promise: TypeError: Failed to fetch
=============================
====== JS ERROR CAUGHT ======
Unhandled Promise: TypeError: Failed to fetch
=============================
====== JS ERROR CAUGHT ======
Unhandled Promise: TypeError: Failed to fetch
=============================
====== JS ERROR CAUGHT ======
Unhandled Promise: TypeError: Failed to fetch
=============================
====== JS ERROR CAUGHT ======
Unhandled Promise: TypeError: Failed to fetch
=============================
====== JS ERROR CAUGHT ======
Unhandled Promise: TypeError: Failed to fetch
=============================
====== JS ERROR CAUGHT ======
Unhandled Promise: TypeError: Failed to fetch
=============================
====== JS ERROR CAUGHT ======
Unhandled Promise: TypeError: Failed to fetch
=============================
====== JS ERROR CAUGHT ======
Unhandled Promise: TypeError: Failed to fetch
=============================
====== JS ERROR CAUGHT ======
Unhandled Promise: TypeError: Failed to fetch
=============================
====== JS ERROR CAUGHT ======
Unhandled Promise: TypeError: Failed to fetch
=============================
====== JS ERROR CAUGHT ======
Unhandled Promise: TypeError: Failed to fetch
=============================
====== JS ERROR CAUGHT ======
Unhandled Promise: TypeError: Failed to fetch
=============================
====== JS ERROR CAUGHT ======
Unhandled Promise: TypeError: Failed to fetch
=============================
====== JS ERROR CAUGHT ======
Unhandled Promise: TypeError: Failed to fetch
=============================
====== JS ERROR CAUGHT ======
Unhandled Promise: TypeError: Failed to fetch
=============================
====== JS ERROR CAUGHT ======
Unhandled Promise: TypeError: Failed to fetch
=============================
====== JS ERROR CAUGHT ======
Unhandled Promise: TypeError: Failed to fetch
=============================
====== JS ERROR CAUGHT ======
Unhandled Promise: TypeError: Failed to fetch
=============================
====== JS ERROR CAUGHT ======
Unhandled Promise: TypeError: Failed to fetch
=============================
====== JS ERROR CAUGHT ======
Unhandled Promise: TypeError: Failed to fetch
=============================
====== JS ERROR CAUGHT ======
Unhandled Promise: TypeError: Failed to fetch
=============================
====== JS ERROR CAUGHT ======
Unhandled Promise: TypeError: Failed to fetch
=============================
====== JS ERROR CAUGHT ======
Unhandled Promise: TypeError: Failed to fetch
=============================
====== JS ERROR CAUGHT ======
Unhandled Promise: TypeError: Failed to fetch
=============================
====== JS ERROR CAUGHT ======
Unhandled Promise: TypeError: Failed to fetch
=============================
====== JS ERROR CAUGHT ======
Unhandled Promise: TypeError: Failed to fetch
=============================
====== JS ERROR CAUGHT ======
Unhandled Promise: TypeError: Failed to fetch
=============================
====== JS ERROR CAUGHT ======
Unhandled Promise: TypeError: Failed to fetch
=============================
====== JS ERROR CAUGHT ======
Unhandled Promise: TypeError: Failed to fetch
=============================
====== JS ERROR CAUGHT ======
Unhandled Promise: TypeError: Failed to fetch
=============================
====== JS ERROR CAUGHT ======
Unhandled Promise: TypeError: Failed to fetch
=============================
====== JS ERROR CAUGHT ======
Unhandled Promise: TypeError: Failed to fetch
=============================
====== JS ERROR CAUGHT ======
Unhandled Promise: TypeError: Failed to fetch
=============================
====== JS ERROR CAUGHT ======
Unhandled Promise: TypeError: Failed to fetch
=============================
====== JS ERROR CAUGHT ======
Unhandled Promise: TypeError: Failed to fetch
=============================
====== JS ERROR CAUGHT ======
Unhandled Promise: TypeError: Failed to fetch
=============================
====== JS ERROR CAUGHT ======
Unhandled Promise: TypeError: Failed to fetch
=============================
====== JS ERROR CAUGHT ======
Unhandled Promise: TypeError: Failed to fetch
=============================
====== JS ERROR CAUGHT ======
Unhandled Promise: TypeError: Failed to fetch
=============================
====== JS ERROR CAUGHT ======
Unhandled Promise: TypeError: Failed to fetch
=============================
====== JS ERROR CAUGHT ======
Unhandled Promise: TypeError: Failed to fetch
=============================
====== JS ERROR CAUGHT ======
Unhandled Promise: TypeError: Failed to fetch
=============================
====== JS ERROR CAUGHT ======
Unhandled Promise: TypeError: Failed to fetch
=============================
====== JS ERROR CAUGHT ======
Unhandled Promise: TypeError: Failed to fetch
=============================
====== JS ERROR CAUGHT ======
Unhandled Promise: TypeError: Failed to fetch
=============================
====== JS ERROR CAUGHT ======
Unhandled Promise: TypeError: Failed to fetch
=============================
====== JS ERROR CAUGHT ======
Unhandled Promise: TypeError: Failed to fetch
=============================
====== JS ERROR CAUGHT ======
Unhandled Promise: TypeError: Failed to fetch
=============================
====== JS ERROR CAUGHT ======
Unhandled Promise: TypeError: Failed to fetch
=============================
====== JS ERROR CAUGHT ======
Unhandled Promise: TypeError: Failed to fetch
=============================
====== JS ERROR CAUGHT ======
Unhandled Promise: TypeError: Failed to fetch
=============================
====== JS ERROR CAUGHT ======
Unhandled Promise: TypeError: Failed to fetch
=============================
====== JS ERROR CAUGHT ======
Unhandled Promise: TypeError: Failed to fetch
=============================
====== JS ERROR CAUGHT ======
Unhandled Promise: TypeError: Failed to fetch
=============================
====== JS ERROR CAUGHT ======
Unhandled Promise: TypeError: Failed to fetch
=============================
====== JS ERROR CAUGHT ======
Unhandled Promise: TypeError: Failed to fetch
=============================
====== JS ERROR CAUGHT ======
Unhandled Promise: TypeError: Failed to fetch
=============================
====== JS ERROR CAUGHT ======
Unhandled Promise: TypeError: Failed to fetch
=============================
====== JS ERROR CAUGHT ======
Unhandled Promise: TypeError: Failed to fetch
=============================
====== JS ERROR CAUGHT ======
Unhandled Promise: TypeError: Failed to fetch
=============================
====== JS ERROR CAUGHT ======
Unhandled Promise: TypeError: Failed to fetch
=============================
====== JS ERROR CAUGHT ======
Unhandled Promise: TypeError: Failed to fetch
=============================
====== JS ERROR CAUGHT ======
Unhandled Promise: TypeError: Failed to fetch
=============================
====== JS ERROR CAUGHT ======
Unhandled Promise: TypeError: Failed to fetch
=============================
====== JS ERROR CAUGHT ======
Unhandled Promise: TypeError: Failed to fetch
=============================
====== JS ERROR CAUGHT ======
Unhandled Promise: TypeError: Failed to fetch
=============================
====== JS ERROR CAUGHT ======
Unhandled Promise: TypeError: Failed to fetch
=============================
====== JS ERROR CAUGHT ======
Unhandled Promise: TypeError: Failed to fetch
=============================
====== JS ERROR CAUGHT ======
Unhandled Promise: TypeError: Failed to fetch
=============================
====== JS ERROR CAUGHT ======
Unhandled Promise: TypeError: Failed to fetch
=============================
====== JS ERROR CAUGHT ======
Unhandled Promise: TypeError: Failed to fetch
=============================
====== JS ERROR CAUGHT ======
Unhandled Promise: TypeError: Failed to fetch
=============================
====== JS ERROR CAUGHT ======
Unhandled Promise: TypeError: Failed to fetch
=============================
====== JS ERROR CAUGHT ======
Unhandled Promise: TypeError: Failed to fetch
=============================
====== JS ERROR CAUGHT ======
Unhandled Promise: TypeError: Failed to fetch
=============================
====== JS ERROR CAUGHT ======
Unhandled Promise: TypeError: Failed to fetch
=============================
====== JS ERROR CAUGHT ======
Unhandled Promise: TypeError: Failed to fetch
=============================
====== JS ERROR CAUGHT ======
Unhandled Promise: TypeError: Failed to fetch
=============================
====== JS ERROR CAUGHT ======
Unhandled Promise: TypeError: Failed to fetch
=============================
====== JS ERROR CAUGHT ======
Unhandled Promise: TypeError: Failed to fetch
=============================
====== JS ERROR CAUGHT ======
Unhandled Promise: TypeError: Failed to fetch
=============================
====== JS ERROR CAUGHT ======
Unhandled Promise: TypeError: Failed to fetch
=============================
====== JS ERROR CAUGHT ======
Unhandled Promise: TypeError: Failed to fetch
=============================
====== JS ERROR CAUGHT ======
Unhandled Promise: TypeError: Failed to fetch
=============================
====== JS ERROR CAUGHT ======
Unhandled Promise: TypeError: Failed to fetch
=============================
====== JS ERROR CAUGHT ======
Unhandled Promise: TypeError: Failed to fetch
=============================
====== JS ERROR CAUGHT ======
Unhandled Promise: TypeError: Failed to fetch
=============================
====== JS ERROR CAUGHT ======
Unhandled Promise: TypeError: Failed to fetch
=============================
====== JS ERROR CAUGHT ======
Unhandled Promise: TypeError: Failed to fetch
=============================
====== JS ERROR CAUGHT ======
Unhandled Promise: TypeError: Failed to fetch
=============================
====== JS ERROR CAUGHT ======
Unhandled Promise: TypeError: Failed to fetch
=============================
====== JS ERROR CAUGHT ======
Unhandled Promise: TypeError: Failed to fetch
=============================
====== JS ERROR CAUGHT ======
Unhandled Promise: TypeError: Failed to fetch
=============================
====== JS ERROR CAUGHT ======
Unhandled Promise: TypeError: Failed to fetch
=============================
====== JS ERROR CAUGHT ======
Unhandled Promise: TypeError: Failed to fetch
=============================
====== JS ERROR CAUGHT ======
Unhandled Promise: TypeError: Failed to fetch
=============================
====== JS ERROR CAUGHT ======
Unhandled Promise: TypeError: Failed to fetch
=============================
====== JS ERROR CAUGHT ======
Unhandled Promise: TypeError: Failed to fetch
=============================
====== JS ERROR CAUGHT ======
Unhandled Promise: TypeError: Failed to fetch
=============================
====== JS ERROR CAUGHT ======
Unhandled Promise: TypeError: Failed to fetch
=============================
====== JS ERROR CAUGHT ======
Unhandled Promise: TypeError: Failed to fetch
=============================
====== JS ERROR CAUGHT ======
Unhandled Promise: TypeError: Failed to fetch
=============================
====== JS ERROR CAUGHT ======
Unhandled Promise: TypeError: Failed to fetch
=============================
====== JS ERROR CAUGHT ======
Unhandled Promise: TypeError: Failed to fetch
=============================
====== JS ERROR CAUGHT ======
Unhandled Promise: TypeError: Failed to fetch
=============================
====== JS ERROR CAUGHT ======
Unhandled Promise: TypeError: Failed to fetch
=============================
====== JS ERROR CAUGHT ======
Unhandled Promise: TypeError: Failed to fetch
=============================
====== JS ERROR CAUGHT ======
Unhandled Promise: TypeError: Failed to fetch
=============================
====== JS ERROR CAUGHT ======
Unhandled Promise: TypeError: Failed to fetch
=============================
====== JS ERROR CAUGHT ======
Unhandled Promise: TypeError: Failed to fetch
=============================
====== JS ERROR CAUGHT ======
Unhandled Promise: TypeError: Failed to fetch
=============================
====== JS ERROR CAUGHT ======
Unhandled Promise: TypeError: Failed to fetch
=============================
====== JS ERROR CAUGHT ======
Unhandled Promise: TypeError: Failed to fetch
=============================
====== JS ERROR CAUGHT ======
Unhandled Promise: TypeError: Failed to fetch
=============================
====== JS ERROR CAUGHT ======
Unhandled Promise: TypeError: Failed to fetch
=============================
====== JS ERROR CAUGHT ======
Unhandled Promise: TypeError: Failed to fetch
=============================
====== JS ERROR CAUGHT ======
Unhandled Promise: TypeError: Failed to fetch
=============================
====== JS ERROR CAUGHT ======
Unhandled Promise: TypeError: Failed to fetch
=============================
====== JS ERROR CAUGHT ======
Unhandled Promise: TypeError: Failed to fetch
=============================
====== JS ERROR CAUGHT ======
Unhandled Promise: TypeError: Failed to fetch
=============================
====== JS ERROR CAUGHT ======
Unhandled Promise: TypeError: Failed to fetch
=============================
====== JS ERROR CAUGHT ======
Unhandled Promise: TypeError: Failed to fetch
=============================
====== JS ERROR CAUGHT ======
Unhandled Promise: TypeError: Failed to fetch
=============================
====== JS ERROR CAUGHT ======
Unhandled Promise: TypeError: Failed to fetch
=============================
====== JS ERROR CAUGHT ======
Unhandled Promise: TypeError: Failed to fetch
=============================
====== JS ERROR CAUGHT ======
Unhandled Promise: TypeError: Failed to fetch
=============================
====== JS ERROR CAUGHT ======
Unhandled Promise: TypeError: Failed to fetch
=============================
====== JS ERROR CAUGHT ======
Unhandled Promise: TypeError: Failed to fetch
=============================
====== JS ERROR CAUGHT ======
Unhandled Promise: TypeError: Failed to fetch
=============================
====== JS ERROR CAUGHT ======
Unhandled Promise: TypeError: Failed to fetch
=============================
====== JS ERROR CAUGHT ======
Unhandled Promise: TypeError: Failed to fetch
=============================
====== JS ERROR CAUGHT ======
Unhandled Promise: TypeError: Failed to fetch
=============================
====== JS ERROR CAUGHT ======
Unhandled Promise: TypeError: Failed to fetch
=============================
====== JS ERROR CAUGHT ======
Unhandled Promise: TypeError: Failed to fetch
=============================
====== JS ERROR CAUGHT ======
Unhandled Promise: TypeError: Failed to fetch
=============================
====== JS ERROR CAUGHT ======
Unhandled Promise: TypeError: Failed to fetch
=============================
====== JS ERROR CAUGHT ======
Unhandled Promise: TypeError: Failed to fetch
=============================
====== JS ERROR CAUGHT ======
Unhandled Promise: TypeError: Failed to fetch
=============================
====== JS ERROR CAUGHT ======
Unhandled Promise: TypeError: Failed to fetch
=============================
====== JS ERROR CAUGHT ======
Unhandled Promise: TypeError: Failed to fetch
=============================
====== JS ERROR CAUGHT ======
Unhandled Promise: TypeError: Failed to fetch
=============================
====== JS ERROR CAUGHT ======
Unhandled Promise: TypeError: Failed to fetch
=============================
====== JS ERROR CAUGHT ======
Unhandled Promise: TypeError: Failed to fetch
=============================
====== JS ERROR CAUGHT ======
Unhandled Promise: TypeError: Failed to fetch
=============================
====== JS ERROR CAUGHT ======
Unhandled Promise: TypeError: Failed to fetch
=============================
====== JS ERROR CAUGHT ======
Unhandled Promise: TypeError: Failed to fetch
=============================
====== JS ERROR CAUGHT ======
Unhandled Promise: TypeError: Failed to fetch
=============================
====== JS ERROR CAUGHT ======
Unhandled Promise: TypeError: Failed to fetch
=============================
====== JS ERROR CAUGHT ======
Unhandled Promise: TypeError: Failed to fetch
=============================
====== JS ERROR CAUGHT ======
Unhandled Promise: TypeError: Failed to fetch
=============================
====== JS ERROR CAUGHT ======
Unhandled Promise: TypeError: Failed to fetch
=============================
====== JS ERROR CAUGHT ======
Unhandled Promise: TypeError: Failed to fetch
=============================
====== JS ERROR CAUGHT ======
Unhandled Promise: TypeError: Failed to fetch
=============================
====== JS ERROR CAUGHT ======
Unhandled Promise: TypeError: Failed to fetch
=============================
====== JS ERROR CAUGHT ======
Unhandled Promise: TypeError: Failed to fetch
=============================
====== JS ERROR CAUGHT ======
Unhandled Promise: TypeError: Failed to fetch
=============================
====== JS ERROR CAUGHT ======
Unhandled Promise: TypeError: Failed to fetch
=============================
====== JS ERROR CAUGHT ======
Unhandled Promise: TypeError: Failed to fetch
=============================
====== JS ERROR CAUGHT ======
Unhandled Promise: TypeError: Failed to fetch
=============================
====== JS ERROR CAUGHT ======
Unhandled Promise: TypeError: Failed to fetch
=============================
====== JS ERROR CAUGHT ======
Unhandled Promise: TypeError: Failed to fetch
=============================
====== JS ERROR CAUGHT ======
Unhandled Promise: TypeError: Failed to fetch
=============================
====== JS ERROR CAUGHT ======
Unhandled Promise: TypeError: Failed to fetch
=============================
====== JS ERROR CAUGHT ======
Unhandled Promise: TypeError: Failed to fetch
=============================
====== JS ERROR CAUGHT ======
Unhandled Promise: TypeError: Failed to fetch
=============================
====== JS ERROR CAUGHT ======
Unhandled Promise: TypeError: Failed to fetch
=============================
====== JS ERROR CAUGHT ======
Unhandled Promise: TypeError: Failed to fetch
=============================
====== JS ERROR CAUGHT ======
Unhandled Promise: TypeError: Failed to fetch
=============================
====== JS ERROR CAUGHT ======
Unhandled Promise: TypeError: Failed to fetch
=============================
====== JS ERROR CAUGHT ======
Unhandled Promise: TypeError: Failed to fetch
=============================
====== JS ERROR CAUGHT ======
Unhandled Promise: TypeError: Failed to fetch
=============================
====== JS ERROR CAUGHT ======
Unhandled Promise: TypeError: Failed to fetch
=============================
====== JS ERROR CAUGHT ======
Unhandled Promise: TypeError: Failed to fetch
=============================
====== JS ERROR CAUGHT ======
Unhandled Promise: TypeError: Failed to fetch
=============================
====== JS ERROR CAUGHT ======
Unhandled Promise: TypeError: Failed to fetch
=============================
====== JS ERROR CAUGHT ======
Unhandled Promise: TypeError: Failed to fetch
=============================
====== JS ERROR CAUGHT ======
Unhandled Promise: TypeError: Failed to fetch
=============================
====== JS ERROR CAUGHT ======
Unhandled Promise: TypeError: Failed to fetch
=============================
====== JS ERROR CAUGHT ======
Unhandled Promise: TypeError: Failed to fetch
=============================
====== JS ERROR CAUGHT ======
Unhandled Promise: TypeError: Failed to fetch
=============================
====== JS ERROR CAUGHT ======
Unhandled Promise: TypeError: Failed to fetch
=============================
====== JS ERROR CAUGHT ======
Unhandled Promise: TypeError: Failed to fetch
=============================
====== JS ERROR CAUGHT ======
Unhandled Promise: TypeError: Failed to fetch
=============================
====== JS ERROR CAUGHT ======
Unhandled Promise: TypeError: Failed to fetch
=============================
====== JS ERROR CAUGHT ======
Unhandled Promise: TypeError: Failed to fetch
=============================
====== JS ERROR CAUGHT ======
Unhandled Promise: TypeError: Failed to fetch
=============================
====== JS ERROR CAUGHT ======
Unhandled Promise: TypeError: Failed to fetch
=============================
====== JS ERROR CAUGHT ======
Unhandled Promise: TypeError: Failed to fetch
=============================
====== JS ERROR CAUGHT ======
Unhandled Promise: TypeError: Failed to fetch
=============================
====== JS ERROR CAUGHT ======
Unhandled Promise: TypeError: Failed to fetch
=============================
====== JS ERROR CAUGHT ======
Unhandled Promise: TypeError: Failed to fetch
=============================
====== JS ERROR CAUGHT ======
Unhandled Promise: TypeError: Failed to fetch
=============================
====== JS ERROR CAUGHT ======
Unhandled Promise: TypeError: Failed to fetch
=============================
====== JS ERROR CAUGHT ======
Unhandled Promise: TypeError: Failed to fetch
=============================
====== JS ERROR CAUGHT ======
Unhandled Promise: TypeError: Failed to fetch
=============================
====== JS ERROR CAUGHT ======
Unhandled Promise: TypeError: Failed to fetch
=============================
====== JS ERROR CAUGHT ======
Unhandled Promise: TypeError: Failed to fetch
=============================
====== JS ERROR CAUGHT ======
Unhandled Promise: TypeError: Failed to fetch
=============================
====== JS ERROR CAUGHT ======
Unhandled Promise: TypeError: Failed to fetch
=============================
====== JS ERROR CAUGHT ======
Unhandled Promise: TypeError: Failed to fetch
=============================
====== JS ERROR CAUGHT ======
Unhandled Promise: TypeError: Failed to fetch
=============================
====== JS ERROR CAUGHT ======
Unhandled Promise: TypeError: Failed to fetch
=============================
====== JS ERROR CAUGHT ======
Unhandled Promise: TypeError: Failed to fetch
=============================
====== JS ERROR CAUGHT ======
Unhandled Promise: TypeError: Failed to fetch
=============================
====== JS ERROR CAUGHT ======
Unhandled Promise: TypeError: Failed to fetch
=============================
====== JS ERROR CAUGHT ======
Unhandled Promise: TypeError: Failed to fetch
=============================
====== JS ERROR CAUGHT ======
Unhandled Promise: TypeError: Failed to fetch
=============================
====== JS ERROR CAUGHT ======
Unhandled Promise: TypeError: Failed to fetch
=============================
====== JS ERROR CAUGHT ======
Unhandled Promise: TypeError: Failed to fetch
=============================
====== JS ERROR CAUGHT ======
Unhandled Promise: TypeError: Failed to fetch
=============================
====== JS ERROR CAUGHT ======
Unhandled Promise: TypeError: Failed to fetch
=============================
====== JS ERROR CAUGHT ======
Unhandled Promise: TypeError: Failed to fetch
=============================
====== JS ERROR CAUGHT ======
Unhandled Promise: TypeError: Failed to fetch
=============================
====== JS ERROR CAUGHT ======
Unhandled Promise: TypeError: Failed to fetch
=============================
====== JS ERROR CAUGHT ======
Unhandled Promise: TypeError: Failed to fetch
=============================
====== JS ERROR CAUGHT ======
Unhandled Promise: TypeError: Failed to fetch
=============================
====== JS ERROR CAUGHT ======
Unhandled Promise: TypeError: Failed to fetch
=============================
====== JS ERROR CAUGHT ======
Unhandled Promise: TypeError: Failed to fetch
=============================
====== JS ERROR CAUGHT ======
Unhandled Promise: TypeError: Failed to fetch
=============================
====== JS ERROR CAUGHT ======
Unhandled Promise: TypeError: Failed to fetch
=============================
====== JS ERROR CAUGHT ======
Unhandled Promise: TypeError: Failed to fetch
=============================
====== JS ERROR CAUGHT ======
Unhandled Promise: TypeError: Failed to fetch
=============================
====== JS ERROR CAUGHT ======
Unhandled Promise: TypeError: Failed to fetch
=============================
====== JS ERROR CAUGHT ======
Unhandled Promise: TypeError: Failed to fetch
=============================
====== JS ERROR CAUGHT ======
Unhandled Promise: TypeError: Failed to fetch
=============================
====== JS ERROR CAUGHT ======
Unhandled Promise: TypeError: Failed to fetch
=============================
====== JS ERROR CAUGHT ======
Unhandled Promise: TypeError: Failed to fetch
=============================
====== JS ERROR CAUGHT ======
Unhandled Promise: TypeError: Failed to fetch
=============================
====== JS ERROR CAUGHT ======
Unhandled Promise: TypeError: Failed to fetch
=============================
====== JS ERROR CAUGHT ======
Unhandled Promise: TypeError: Failed to fetch
=============================
====== JS ERROR CAUGHT ======
Unhandled Promise: TypeError: Failed to fetch
=============================
====== JS ERROR CAUGHT ======
Unhandled Promise: TypeError: Failed to fetch
=============================
====== JS ERROR CAUGHT ======
Unhandled Promise: TypeError: Failed to fetch
=============================
====== JS ERROR CAUGHT ======
Unhandled Promise: TypeError: Failed to fetch
=============================
====== JS ERROR CAUGHT ======
Unhandled Promise: TypeError: Failed to fetch
=============================
====== JS ERROR CAUGHT ======
Unhandled Promise: TypeError: Failed to fetch
=============================
====== JS ERROR CAUGHT ======
Unhandled Promise: TypeError: Failed to fetch
=============================
====== JS ERROR CAUGHT ======
Unhandled Promise: TypeError: Failed to fetch
=============================
====== JS ERROR CAUGHT ======
Unhandled Promise: TypeError: Failed to fetch
=============================
====== JS ERROR CAUGHT ======
Unhandled Promise: TypeError: Failed to fetch
=============================
====== JS ERROR CAUGHT ======
Unhandled Promise: TypeError: Failed to fetch
=============================
====== JS ERROR CAUGHT ======
Unhandled Promise: TypeError: Failed to fetch
=============================
====== JS ERROR CAUGHT ======
Unhandled Promise: TypeError: Failed to fetch
=============================
====== JS ERROR CAUGHT ======
Unhandled Promise: TypeError: Failed to fetch
=============================
====== JS ERROR CAUGHT ======
Unhandled Promise: TypeError: Failed to fetch
=============================
====== JS ERROR CAUGHT ======
Unhandled Promise: TypeError: Failed to fetch
=============================
====== JS ERROR CAUGHT ======
Unhandled Promise: TypeError: Failed to fetch
=============================
====== JS ERROR CAUGHT ======
Unhandled Promise: TypeError: Failed to fetch
=============================
====== JS ERROR CAUGHT ======
Unhandled Promise: TypeError: Failed to fetch
=============================
====== JS ERROR CAUGHT ======
Unhandled Promise: TypeError: Failed to fetch
=============================
====== JS ERROR CAUGHT ======
Unhandled Promise: TypeError: Failed to fetch
=============================
====== JS ERROR CAUGHT ======
Unhandled Promise: TypeError: Failed to fetch
=============================
====== JS ERROR CAUGHT ======
Unhandled Promise: TypeError: Failed to fetch
=============================
====== JS ERROR CAUGHT ======
Unhandled Promise: TypeError: Failed to fetch
=============================
====== JS ERROR CAUGHT ======
Unhandled Promise: TypeError: Failed to fetch
=============================
====== JS ERROR CAUGHT ======
Unhandled Promise: TypeError: Failed to fetch
=============================
====== JS ERROR CAUGHT ======
Unhandled Promise: TypeError: Failed to fetch
=============================
====== JS ERROR CAUGHT ======
Unhandled Promise: TypeError: Failed to fetch
=============================
====== JS ERROR CAUGHT ======
Unhandled Promise: TypeError: Failed to fetch
=============================
====== JS ERROR CAUGHT ======
Unhandled Promise: TypeError: Failed to fetch
=============================
====== JS ERROR CAUGHT ======
Unhandled Promise: TypeError: Failed to fetch
=============================
====== JS ERROR CAUGHT ======
Unhandled Promise: TypeError: Failed to fetch
=============================
====== JS ERROR CAUGHT ======
Unhandled Promise: TypeError: Failed to fetch
=============================
====== JS ERROR CAUGHT ======
Unhandled Promise: TypeError: Failed to fetch
=============================
====== JS ERROR CAUGHT ======
Unhandled Promise: TypeError: Failed to fetch
=============================
====== JS ERROR CAUGHT ======
Unhandled Promise: TypeError: Failed to fetch
=============================
====== JS ERROR CAUGHT ======
Unhandled Promise: TypeError: Failed to fetch
=============================
====== JS ERROR CAUGHT ======
Unhandled Promise: TypeError: Failed to fetch
=============================
====== JS ERROR CAUGHT ======
Unhandled Promise: TypeError: Failed to fetch
=============================
====== JS ERROR CAUGHT ======
Unhandled Promise: TypeError: Failed to fetch
=============================
====== JS ERROR CAUGHT ======
Unhandled Promise: TypeError: Failed to fetch
=============================
====== JS ERROR CAUGHT ======
Unhandled Promise: TypeError: Failed to fetch
=============================
====== JS ERROR CAUGHT ======
Unhandled Promise: TypeError: Failed to fetch
=============================
====== JS ERROR CAUGHT ======
Unhandled Promise: TypeError: Failed to fetch
=============================
====== JS ERROR CAUGHT ======
Unhandled Promise: TypeError: Failed to fetch
=============================
====== JS ERROR CAUGHT ======
Unhandled Promise: TypeError: Failed to fetch
=============================
====== JS ERROR CAUGHT ======
Unhandled Promise: TypeError: Failed to fetch
=============================
====== JS ERROR CAUGHT ======
Unhandled Promise: TypeError: Failed to fetch
=============================
====== JS ERROR CAUGHT ======
Unhandled Promise: TypeError: Failed to fetch
=============================
====== JS ERROR CAUGHT ======
Unhandled Promise: TypeError: Failed to fetch
=============================
====== JS ERROR CAUGHT ======
Unhandled Promise: TypeError: Failed to fetch
=============================
====== JS ERROR CAUGHT ======
Unhandled Promise: TypeError: Failed to fetch
=============================
====== JS ERROR CAUGHT ======
Unhandled Promise: TypeError: Failed to fetch
=============================
====== JS ERROR CAUGHT ======
Unhandled Promise: TypeError: Failed to fetch
=============================
====== JS ERROR CAUGHT ======
Unhandled Promise: TypeError: Failed to fetch
=============================
====== JS ERROR CAUGHT ======
Unhandled Promise: TypeError: Failed to fetch
=============================
====== JS ERROR CAUGHT ======
Unhandled Promise: TypeError: Failed to fetch
=============================
====== JS ERROR CAUGHT ======
Unhandled Promise: TypeError: Failed to fetch
=============================
====== JS ERROR CAUGHT ======
Unhandled Promise: TypeError: Failed to fetch
=============================
====== JS ERROR CAUGHT ======
Unhandled Promise: TypeError: Failed to fetch
=============================
====== JS ERROR CAUGHT ======
Unhandled Promise: TypeError: Failed to fetch
=============================
====== JS ERROR CAUGHT ======
Unhandled Promise: TypeError: Failed to fetch
=============================
====== JS ERROR CAUGHT ======
Unhandled Promise: TypeError: Failed to fetch
=============================
====== JS ERROR CAUGHT ======
Unhandled Promise: TypeError: Failed to fetch
=============================
====== JS ERROR CAUGHT ======
Unhandled Promise: TypeError: Failed to fetch
=============================
====== JS ERROR CAUGHT ======
Unhandled Promise: TypeError: Failed to fetch
=============================
====== JS ERROR CAUGHT ======
Unhandled Promise: TypeError: Failed to fetch
=============================
====== JS ERROR CAUGHT ======
Unhandled Promise: TypeError: Failed to fetch
=============================
====== JS ERROR CAUGHT ======
Unhandled Promise: TypeError: Failed to fetch
=============================
====== JS ERROR CAUGHT ======
Unhandled Promise: TypeError: Failed to fetch
=============================
====== JS ERROR CAUGHT ======
Unhandled Promise: TypeError: Failed to fetch
=============================
====== JS ERROR CAUGHT ======
Unhandled Promise: TypeError: Failed to fetch
=============================
====== JS ERROR CAUGHT ======
Unhandled Promise: TypeError: Failed to fetch
=============================
====== JS ERROR CAUGHT ======
Unhandled Promise: TypeError: Failed to fetch
=============================
====== JS ERROR CAUGHT ======
Unhandled Promise: TypeError: Failed to fetch
=============================
====== JS ERROR CAUGHT ======
Unhandled Promise: TypeError: Failed to fetch
=============================
====== JS ERROR CAUGHT ======
Unhandled Promise: TypeError: Failed to fetch
=============================
====== JS ERROR CAUGHT ======
Unhandled Promise: TypeError: Failed to fetch
=============================
====== JS ERROR CAUGHT ======
Unhandled Promise: TypeError: Failed to fetch
=============================
====== JS ERROR CAUGHT ======
Unhandled Promise: TypeError: Failed to fetch
=============================
====== JS ERROR CAUGHT ======
Unhandled Promise: TypeError: Failed to fetch
=============================
====== JS ERROR CAUGHT ======
Unhandled Promise: TypeError: Failed to fetch
=============================
====== JS ERROR CAUGHT ======
Unhandled Promise: TypeError: Failed to fetch
=============================
====== JS ERROR CAUGHT ======
Unhandled Promise: TypeError: Failed to fetch
=============================
====== JS ERROR CAUGHT ======
Unhandled Promise: TypeError: Failed to fetch
=============================
====== JS ERROR CAUGHT ======
Unhandled Promise: TypeError: Failed to fetch
=============================
====== JS ERROR CAUGHT ======
Unhandled Promise: TypeError: Failed to fetch
=============================
====== JS ERROR CAUGHT ======
Unhandled Promise: TypeError: Failed to fetch
=============================
====== JS ERROR CAUGHT ======
Unhandled Promise: TypeError: Failed to fetch
=============================
====== JS ERROR CAUGHT ======
Unhandled Promise: TypeError: Failed to fetch
=============================
====== JS ERROR CAUGHT ======
Unhandled Promise: TypeError: Failed to fetch
=============================
====== JS ERROR CAUGHT ======
Unhandled Promise: TypeError: Failed to fetch
=============================
====== JS ERROR CAUGHT ======
Unhandled Promise: TypeError: Failed to fetch
=============================
====== JS ERROR CAUGHT ======
Unhandled Promise: TypeError: Failed to fetch
=============================
====== JS ERROR CAUGHT ======
Unhandled Promise: TypeError: Failed to fetch
=============================
====== JS ERROR CAUGHT ======
Unhandled Promise: TypeError: Failed to fetch
=============================
====== JS ERROR CAUGHT ======
Unhandled Promise: TypeError: Failed to fetch
=============================
====== JS ERROR CAUGHT ======
Unhandled Promise: TypeError: Failed to fetch
=============================
====== JS ERROR CAUGHT ======
Unhandled Promise: TypeError: Failed to fetch
=============================
====== JS ERROR CAUGHT ======
Unhandled Promise: TypeError: Failed to fetch
=============================
====== JS ERROR CAUGHT ======
Unhandled Promise: TypeError: Failed to fetch
=============================
====== JS ERROR CAUGHT ======
Unhandled Promise: TypeError: Failed to fetch
=============================
====== JS ERROR CAUGHT ======
Unhandled Promise: TypeError: Failed to fetch
=============================
====== JS ERROR CAUGHT ======
Unhandled Promise: TypeError: Failed to fetch
=============================
====== JS ERROR CAUGHT ======
Unhandled Promise: TypeError: Failed to fetch
=============================
====== JS ERROR CAUGHT ======
Unhandled Promise: TypeError: Failed to fetch
=============================
====== JS ERROR CAUGHT ======
Unhandled Promise: TypeError: Failed to fetch
=============================
====== JS ERROR CAUGHT ======
Unhandled Promise: TypeError: Failed to fetch
=============================
====== JS ERROR CAUGHT ======
Unhandled Promise: TypeError: Failed to fetch
=============================
====== JS ERROR CAUGHT ======
Unhandled Promise: TypeError: Failed to fetch
=============================
====== JS ERROR CAUGHT ======
Unhandled Promise: TypeError: Failed to fetch
=============================
====== JS ERROR CAUGHT ======
Unhandled Promise: TypeError: Failed to fetch
=============================
====== JS ERROR CAUGHT ======
Unhandled Promise: TypeError: Failed to fetch
=============================
====== JS ERROR CAUGHT ======
Unhandled Promise: TypeError: Failed to fetch
=============================
====== JS ERROR CAUGHT ======
Unhandled Promise: TypeError: Failed to fetch
=============================
====== JS ERROR CAUGHT ======
Unhandled Promise: TypeError: Failed to fetch
=============================
====== JS ERROR CAUGHT ======
Unhandled Promise: TypeError: Failed to fetch
=============================
====== JS ERROR CAUGHT ======
Unhandled Promise: TypeError: Failed to fetch
=============================
====== JS ERROR CAUGHT ======
Unhandled Promise: TypeError: Failed to fetch
=============================
====== JS ERROR CAUGHT ======
Unhandled Promise: TypeError: Failed to fetch
=============================
====== JS ERROR CAUGHT ======
Unhandled Promise: TypeError: Failed to fetch
=============================
====== JS ERROR CAUGHT ======
Unhandled Promise: TypeError: Failed to fetch
=============================
====== JS ERROR CAUGHT ======
Unhandled Promise: TypeError: Failed to fetch
=============================
====== JS ERROR CAUGHT ======
Unhandled Promise: TypeError: Failed to fetch
=============================
====== JS ERROR CAUGHT ======
Unhandled Promise: TypeError: Failed to fetch
=============================
====== JS ERROR CAUGHT ======
Unhandled Promise: TypeError: Failed to fetch
=============================
====== JS ERROR CAUGHT ======
Unhandled Promise: TypeError: Failed to fetch
=============================
====== JS ERROR CAUGHT ======
Unhandled Promise: TypeError: Failed to fetch
=============================
====== JS ERROR CAUGHT ======
Unhandled Promise: TypeError: Failed to fetch
=============================
====== JS ERROR CAUGHT ======
Unhandled Promise: TypeError: Failed to fetch
=============================
====== JS ERROR CAUGHT ======
Unhandled Promise: TypeError: Failed to fetch
=============================
====== JS ERROR CAUGHT ======
Unhandled Promise: TypeError: Failed to fetch
=============================
====== JS ERROR CAUGHT ======
Unhandled Promise: TypeError: Failed to fetch
=============================
====== JS ERROR CAUGHT ======
Unhandled Promise: TypeError: Failed to fetch
=============================
====== JS ERROR CAUGHT ======
Unhandled Promise: TypeError: Failed to fetch
=============================
====== JS ERROR CAUGHT ======
Unhandled Promise: TypeError: Failed to fetch
=============================
====== JS ERROR CAUGHT ======
Unhandled Promise: TypeError: Failed to fetch
=============================
====== JS ERROR CAUGHT ======
Unhandled Promise: TypeError: Failed to fetch
=============================
====== JS ERROR CAUGHT ======
Unhandled Promise: TypeError: Failed to fetch
=============================
====== JS ERROR CAUGHT ======
Unhandled Promise: TypeError: Failed to fetch
=============================
====== JS ERROR CAUGHT ======
Unhandled Promise: TypeError: Failed to fetch
=============================
====== JS ERROR CAUGHT ======
Unhandled Promise: TypeError: Failed to fetch
=============================
====== JS ERROR CAUGHT ======
Unhandled Promise: TypeError: Failed to fetch
=============================
====== JS ERROR CAUGHT ======
Unhandled Promise: TypeError: Failed to fetch
=============================
====== JS ERROR CAUGHT ======
Unhandled Promise: TypeError: Failed to fetch
=============================
====== JS ERROR CAUGHT ======
Unhandled Promise: TypeError: Failed to fetch
=============================
====== JS ERROR CAUGHT ======
Unhandled Promise: TypeError: Failed to fetch
=============================
====== JS ERROR CAUGHT ======
Unhandled Promise: TypeError: Failed to fetch
=============================
====== JS ERROR CAUGHT ======
Unhandled Promise: TypeError: Failed to fetch
=============================
====== JS ERROR CAUGHT ======
Unhandled Promise: TypeError: Failed to fetch
=============================
====== JS ERROR CAUGHT ======
Unhandled Promise: TypeError: Failed to fetch
=============================
====== JS ERROR CAUGHT ======
Unhandled Promise: TypeError: Failed to fetch
=============================
====== JS ERROR CAUGHT ======
Unhandled Promise: TypeError: Failed to fetch
=============================
====== JS ERROR CAUGHT ======
Unhandled Promise: TypeError: Failed to fetch
=============================
====== JS ERROR CAUGHT ======
Unhandled Promise: TypeError: Failed to fetch
=============================
====== JS ERROR CAUGHT ======
Unhandled Promise: TypeError: Failed to fetch
=============================
====== JS ERROR CAUGHT ======
Unhandled Promise: TypeError: Failed to fetch
=============================
====== JS ERROR CAUGHT ======
Unhandled Promise: TypeError: Failed to fetch
=============================
====== JS ERROR CAUGHT ======
Unhandled Promise: TypeError: Failed to fetch
=============================
====== JS ERROR CAUGHT ======
Unhandled Promise: TypeError: Failed to fetch
=============================
====== JS ERROR CAUGHT ======
Unhandled Promise: TypeError: Failed to fetch
=============================
====== JS ERROR CAUGHT ======
Unhandled Promise: TypeError: Failed to fetch
=============================
====== JS ERROR CAUGHT ======
Unhandled Promise: TypeError: Failed to fetch
=============================
====== JS ERROR CAUGHT ======
Unhandled Promise: TypeError: Failed to fetch
=============================
====== JS ERROR CAUGHT ======
Unhandled Promise: TypeError: Failed to fetch
=============================
====== JS ERROR CAUGHT ======
Unhandled Promise: TypeError: Failed to fetch
=============================
====== JS ERROR CAUGHT ======
Unhandled Promise: TypeError: Failed to fetch
=============================
====== JS ERROR CAUGHT ======
Unhandled Promise: TypeError: Failed to fetch
=============================
====== JS ERROR CAUGHT ======
Unhandled Promise: TypeError: Failed to fetch
=============================
====== JS ERROR CAUGHT ======
Unhandled Promise: TypeError: Failed to fetch
=============================
====== JS ERROR CAUGHT ======
Unhandled Promise: TypeError: Failed to fetch
=============================
====== JS ERROR CAUGHT ======
Unhandled Promise: TypeError: Failed to fetch
=============================
====== JS ERROR CAUGHT ======
Unhandled Promise: TypeError: Failed to fetch
=============================
====== JS ERROR CAUGHT ======
Unhandled Promise: TypeError: Failed to fetch
=============================
====== JS ERROR CAUGHT ======
Unhandled Promise: TypeError: Failed to fetch
=============================
====== JS ERROR CAUGHT ======
Unhandled Promise: TypeError: Failed to fetch
=============================
====== JS ERROR CAUGHT ======
Unhandled Promise: TypeError: Failed to fetch
=============================
====== JS ERROR CAUGHT ======
Unhandled Promise: TypeError: Failed to fetch
=============================
====== JS ERROR CAUGHT ======
Unhandled Promise: TypeError: Failed to fetch
=============================
====== JS ERROR CAUGHT ======
Unhandled Promise: TypeError: Failed to fetch
=============================
====== JS ERROR CAUGHT ======
Unhandled Promise: TypeError: Failed to fetch
=============================
====== JS ERROR CAUGHT ======
Unhandled Promise: TypeError: Failed to fetch
=============================
====== JS ERROR CAUGHT ======
Unhandled Promise: TypeError: Failed to fetch
=============================
====== JS ERROR CAUGHT ======
Unhandled Promise: TypeError: Failed to fetch
=============================
====== JS ERROR CAUGHT ======
Unhandled Promise: TypeError: Failed to fetch
=============================
====== JS ERROR CAUGHT ======
Unhandled Promise: TypeError: Failed to fetch
=============================
====== JS ERROR CAUGHT ======
Unhandled Promise: TypeError: Failed to fetch
=============================
====== JS ERROR CAUGHT ======
Unhandled Promise: TypeError: Failed to fetch
=============================
====== JS ERROR CAUGHT ======
Unhandled Promise: TypeError: Failed to fetch
=============================
====== JS ERROR CAUGHT ======
Unhandled Promise: TypeError: Failed to fetch
=============================
====== JS ERROR CAUGHT ======
Unhandled Promise: TypeError: Failed to fetch
=============================
====== JS ERROR CAUGHT ======
Unhandled Promise: TypeError: Failed to fetch
=============================
====== JS ERROR CAUGHT ======
Unhandled Promise: TypeError: Failed to fetch
=============================
====== JS ERROR CAUGHT ======
Unhandled Promise: TypeError: Failed to fetch
=============================
====== JS ERROR CAUGHT ======
Unhandled Promise: TypeError: Failed to fetch
=============================
====== JS ERROR CAUGHT ======
Unhandled Promise: TypeError: Failed to fetch
=============================
====== JS ERROR CAUGHT ======
Unhandled Promise: TypeError: Failed to fetch
=============================
====== JS ERROR CAUGHT ======
Unhandled Promise: TypeError: Failed to fetch
=============================
====== JS ERROR CAUGHT ======
Unhandled Promise: TypeError: Failed to fetch
=============================
====== JS ERROR CAUGHT ======
Unhandled Promise: TypeError: Failed to fetch
=============================
====== JS ERROR CAUGHT ======
Unhandled Promise: TypeError: Failed to fetch
=============================
====== JS ERROR CAUGHT ======
Unhandled Promise: TypeError: Failed to fetch
=============================
====== JS ERROR CAUGHT ======
Unhandled Promise: TypeError: Failed to fetch
=============================
====== JS ERROR CAUGHT ======
Unhandled Promise: TypeError: Failed to fetch
=============================
====== JS ERROR CAUGHT ======
Unhandled Promise: TypeError: Failed to fetch
=============================
====== JS ERROR CAUGHT ======
Unhandled Promise: TypeError: Failed to fetch
=============================
====== JS ERROR CAUGHT ======
Unhandled Promise: TypeError: Failed to fetch
=============================
====== JS ERROR CAUGHT ======
Unhandled Promise: TypeError: Failed to fetch
=============================
====== JS ERROR CAUGHT ======
Unhandled Promise: TypeError: Failed to fetch
=============================
====== JS ERROR CAUGHT ======
Unhandled Promise: TypeError: Failed to fetch
=============================
====== JS ERROR CAUGHT ======
Unhandled Promise: TypeError: Failed to fetch
=============================
====== JS ERROR CAUGHT ======
Unhandled Promise: TypeError: Failed to fetch
=============================
====== JS ERROR CAUGHT ======
Unhandled Promise: TypeError: Failed to fetch
=============================
====== JS ERROR CAUGHT ======
Unhandled Promise: TypeError: Failed to fetch
=============================
====== JS ERROR CAUGHT ======
Unhandled Promise: TypeError: Failed to fetch
=============================
====== JS ERROR CAUGHT ======
Unhandled Promise: TypeError: Failed to fetch
=============================
====== JS ERROR CAUGHT ======
Unhandled Promise: TypeError: Failed to fetch
=============================
====== JS ERROR CAUGHT ======
Unhandled Promise: TypeError: Failed to fetch
=============================
====== JS ERROR CAUGHT ======
Unhandled Promise: TypeError: Failed to fetch
=============================
====== JS ERROR CAUGHT ======
Unhandled Promise: TypeError: Failed to fetch
=============================
====== JS ERROR CAUGHT ======
Unhandled Promise: TypeError: Failed to fetch
=============================
====== JS ERROR CAUGHT ======
Unhandled Promise: TypeError: Failed to fetch
=============================
====== JS ERROR CAUGHT ======
Unhandled Promise: TypeError: Failed to fetch
=============================
====== JS ERROR CAUGHT ======
Unhandled Promise: TypeError: Failed to fetch
=============================
====== JS ERROR CAUGHT ======
Unhandled Promise: TypeError: Failed to fetch
=============================
====== JS ERROR CAUGHT ======
Unhandled Promise: TypeError: Failed to fetch
=============================
====== JS ERROR CAUGHT ======
Unhandled Promise: TypeError: Failed to fetch
=============================
====== JS ERROR CAUGHT ======
Unhandled Promise: TypeError: Failed to fetch
=============================
====== JS ERROR CAUGHT ======
Unhandled Promise: TypeError: Failed to fetch
=============================
====== JS ERROR CAUGHT ======
Unhandled Promise: TypeError: Failed to fetch
=============================
====== JS ERROR CAUGHT ======
Unhandled Promise: TypeError: Failed to fetch
=============================
====== JS ERROR CAUGHT ======
Unhandled Promise: TypeError: Failed to fetch
=============================
====== JS ERROR CAUGHT ======
Unhandled Promise: TypeError: Failed to fetch
=============================
====== JS ERROR CAUGHT ======
Unhandled Promise: TypeError: Failed to fetch
=============================
====== JS ERROR CAUGHT ======
Unhandled Promise: TypeError: Failed to fetch
=============================
====== JS ERROR CAUGHT ======
Unhandled Promise: TypeError: Failed to fetch
=============================
====== JS ERROR CAUGHT ======
Unhandled Promise: TypeError: Failed to fetch
=============================
====== JS ERROR CAUGHT ======
Unhandled Promise: TypeError: Failed to fetch
=============================
====== JS ERROR CAUGHT ======
Unhandled Promise: TypeError: Failed to fetch
=============================
====== JS ERROR CAUGHT ======
Unhandled Promise: TypeError: Failed to fetch
=============================
====== JS ERROR CAUGHT ======
Unhandled Promise: TypeError: Failed to fetch
=============================
====== JS ERROR CAUGHT ======
Unhandled Promise: TypeError: Failed to fetch
=============================
====== JS ERROR CAUGHT ======
Unhandled Promise: TypeError: Failed to fetch
=============================
====== JS ERROR CAUGHT ======
Unhandled Promise: TypeError: Failed to fetch
=============================
====== JS ERROR CAUGHT ======
Unhandled Promise: TypeError: Failed to fetch
=============================
====== JS ERROR CAUGHT ======
Unhandled Promise: TypeError: Failed to fetch
=============================
====== JS ERROR CAUGHT ======
Unhandled Promise: TypeError: Failed to fetch
=============================
====== JS ERROR CAUGHT ======
Unhandled Promise: TypeError: Failed to fetch
=============================
====== JS ERROR CAUGHT ======
Unhandled Promise: TypeError: Failed to fetch
=============================
====== JS ERROR CAUGHT ======
Unhandled Promise: TypeError: Failed to fetch
=============================
====== JS ERROR CAUGHT ======
Unhandled Promise: TypeError: Failed to fetch
=============================
====== JS ERROR CAUGHT ======
Unhandled Promise: TypeError: Failed to fetch
=============================
====== JS ERROR CAUGHT ======
Unhandled Promise: TypeError: Failed to fetch
=============================
====== JS ERROR CAUGHT ======
Unhandled Promise: TypeError: Failed to fetch
=============================
====== JS ERROR CAUGHT ======
Unhandled Promise: TypeError: Failed to fetch
=============================
====== JS ERROR CAUGHT ======
Unhandled Promise: TypeError: Failed to fetch
=============================
====== JS ERROR CAUGHT ======
Unhandled Promise: TypeError: Failed to fetch
=============================
====== JS ERROR CAUGHT ======
Unhandled Promise: TypeError: Failed to fetch
=============================
====== JS ERROR CAUGHT ======
Unhandled Promise: TypeError: Failed to fetch
=============================
====== JS ERROR CAUGHT ======
Unhandled Promise: TypeError: Failed to fetch
=============================
====== JS ERROR CAUGHT ======
Unhandled Promise: TypeError: Failed to fetch
=============================
====== JS ERROR CAUGHT ======
Unhandled Promise: TypeError: Failed to fetch
=============================
====== JS ERROR CAUGHT ======
Unhandled Promise: TypeError: Failed to fetch
=============================
====== JS ERROR CAUGHT ======
Unhandled Promise: TypeError: Failed to fetch
=============================
====== JS ERROR CAUGHT ======
Unhandled Promise: TypeError: Failed to fetch
=============================
====== JS ERROR CAUGHT ======
Unhandled Promise: TypeError: Failed to fetch
=============================
====== JS ERROR CAUGHT ======
Unhandled Promise: TypeError: Failed to fetch
=============================
====== JS ERROR CAUGHT ======
Unhandled Promise: TypeError: Failed to fetch
=============================
====== JS ERROR CAUGHT ======
Unhandled Promise: TypeError: Failed to fetch
=============================
====== JS ERROR CAUGHT ======
Unhandled Promise: TypeError: Failed to fetch
=============================
====== JS ERROR CAUGHT ======
Unhandled Promise: TypeError: Failed to fetch
=============================
====== JS ERROR CAUGHT ======
Unhandled Promise: TypeError: Failed to fetch
=============================
====== JS ERROR CAUGHT ======
Unhandled Promise: TypeError: Failed to fetch
=============================
====== JS ERROR CAUGHT ======
Unhandled Promise: TypeError: Failed to fetch
=============================
====== JS ERROR CAUGHT ======
Unhandled Promise: TypeError: Failed to fetch
=============================
====== JS ERROR CAUGHT ======
Unhandled Promise: TypeError: Failed to fetch
=============================
====== JS ERROR CAUGHT ======
Unhandled Promise: TypeError: Failed to fetch
=============================
====== JS ERROR CAUGHT ======
Unhandled Promise: TypeError: Failed to fetch
=============================
====== JS ERROR CAUGHT ======
Unhandled Promise: TypeError: Failed to fetch
=============================
====== JS ERROR CAUGHT ======
Unhandled Promise: TypeError: Failed to fetch
=============================
====== JS ERROR CAUGHT ======
Unhandled Promise: TypeError: Failed to fetch
=============================
====== JS ERROR CAUGHT ======
Unhandled Promise: TypeError: Failed to fetch
=============================
====== JS ERROR CAUGHT ======
Unhandled Promise: TypeError: Failed to fetch
=============================
====== JS ERROR CAUGHT ======
Unhandled Promise: TypeError: Failed to fetch
=============================
====== JS ERROR CAUGHT ======
Unhandled Promise: TypeError: Failed to fetch
=============================
====== JS ERROR CAUGHT ======
Unhandled Promise: TypeError: Failed to fetch
=============================
====== JS ERROR CAUGHT ======
Unhandled Promise: TypeError: Failed to fetch
=============================
====== JS ERROR CAUGHT ======
Unhandled Promise: TypeError: Failed to fetch
=============================
====== JS ERROR CAUGHT ======
Unhandled Promise: TypeError: Failed to fetch
=============================
====== JS ERROR CAUGHT ======
Unhandled Promise: TypeError: Failed to fetch
=============================
====== JS ERROR CAUGHT ======
Unhandled Promise: TypeError: Failed to fetch
=============================
====== JS ERROR CAUGHT ======
Unhandled Promise: TypeError: Failed to fetch
=============================
====== JS ERROR CAUGHT ======
Unhandled Promise: TypeError: Failed to fetch
=============================
====== JS ERROR CAUGHT ======
Unhandled Promise: TypeError: Failed to fetch
=============================
====== JS ERROR CAUGHT ======
Unhandled Promise: TypeError: Failed to fetch
=============================
====== JS ERROR CAUGHT ======
Unhandled Promise: TypeError: Failed to fetch
=============================
====== JS ERROR CAUGHT ======
Unhandled Promise: TypeError: Failed to fetch
=============================
====== JS ERROR CAUGHT ======
Unhandled Promise: TypeError: Failed to fetch
=============================
====== JS ERROR CAUGHT ======
Unhandled Promise: TypeError: Failed to fetch
=============================
====== JS ERROR CAUGHT ======
Unhandled Promise: TypeError: Failed to fetch
=============================
====== JS ERROR CAUGHT ======
Unhandled Promise: TypeError: Failed to fetch
=============================
====== JS ERROR CAUGHT ======
Unhandled Promise: TypeError: Failed to fetch
=============================
====== JS ERROR CAUGHT ======
Unhandled Promise: TypeError: Failed to fetch
=============================
====== JS ERROR CAUGHT ======
Unhandled Promise: TypeError: Failed to fetch
=============================
====== JS ERROR CAUGHT ======
Unhandled Promise: TypeError: Failed to fetch
=============================
====== JS ERROR CAUGHT ======
Unhandled Promise: TypeError: Failed to fetch
=============================
====== JS ERROR CAUGHT ======
Unhandled Promise: TypeError: Failed to fetch
=============================
====== JS ERROR CAUGHT ======
Unhandled Promise: TypeError: Failed to fetch
=============================
====== JS ERROR CAUGHT ======
Unhandled Promise: TypeError: Failed to fetch
=============================
====== JS ERROR CAUGHT ======
Unhandled Promise: TypeError: Failed to fetch
=============================
====== JS ERROR CAUGHT ======
Unhandled Promise: TypeError: Failed to fetch
=============================
====== JS ERROR CAUGHT ======
Unhandled Promise: TypeError: Failed to fetch
=============================
====== JS ERROR CAUGHT ======
Unhandled Promise: TypeError: Failed to fetch
=============================
====== JS ERROR CAUGHT ======
Unhandled Promise: TypeError: Failed to fetch
=============================
====== JS ERROR CAUGHT ======
Unhandled Promise: TypeError: Failed to fetch
=============================
====== JS ERROR CAUGHT ======
Unhandled Promise: TypeError: Failed to fetch
=============================
====== JS ERROR CAUGHT ======
Unhandled Promise: TypeError: Failed to fetch
=============================
====== JS ERROR CAUGHT ======
Unhandled Promise: TypeError: Failed to fetch
=============================
====== JS ERROR CAUGHT ======
Unhandled Promise: TypeError: Failed to fetch
=============================
====== JS ERROR CAUGHT ======
Unhandled Promise: TypeError: Failed to fetch
=============================
====== JS ERROR CAUGHT ======
Unhandled Promise: TypeError: Failed to fetch
=============================
====== JS ERROR CAUGHT ======
Unhandled Promise: TypeError: Failed to fetch
=============================
====== JS ERROR CAUGHT ======
Unhandled Promise: TypeError: Failed to fetch
=============================
====== JS ERROR CAUGHT ======
Unhandled Promise: TypeError: Failed to fetch
=============================
====== JS ERROR CAUGHT ======
Unhandled Promise: TypeError: Failed to fetch
=============================
====== JS ERROR CAUGHT ======
Unhandled Promise: TypeError: Failed to fetch
=============================
====== JS ERROR CAUGHT ======
Unhandled Promise: TypeError: Failed to fetch
=============================
====== JS ERROR CAUGHT ======
Unhandled Promise: TypeError: Failed to fetch
=============================
====== JS ERROR CAUGHT ======
Unhandled Promise: TypeError: Failed to fetch
=============================
====== JS ERROR CAUGHT ======
Unhandled Promise: TypeError: Failed to fetch
=============================
====== JS ERROR CAUGHT ======
Unhandled Promise: TypeError: Failed to fetch
=============================
====== JS ERROR CAUGHT ======
Unhandled Promise: TypeError: Failed to fetch
=============================
====== JS ERROR CAUGHT ======
Unhandled Promise: TypeError: Failed to fetch
=============================
====== JS ERROR CAUGHT ======
Unhandled Promise: TypeError: Failed to fetch
=============================
====== JS ERROR CAUGHT ======
Unhandled Promise: TypeError: Failed to fetch
=============================
====== JS ERROR CAUGHT ======
Unhandled Promise: TypeError: Failed to fetch
=============================
====== JS ERROR CAUGHT ======
Unhandled Promise: TypeError: Failed to fetch
=============================
====== JS ERROR CAUGHT ======
Unhandled Promise: TypeError: Failed to fetch
=============================
====== JS ERROR CAUGHT ======
Unhandled Promise: TypeError: Failed to fetch
=============================
====== JS ERROR CAUGHT ======
Unhandled Promise: TypeError: Failed to fetch
=============================
====== JS ERROR CAUGHT ======
Unhandled Promise: TypeError: Failed to fetch
=============================
====== JS ERROR CAUGHT ======
Unhandled Promise: TypeError: Failed to fetch
=============================
====== JS ERROR CAUGHT ======
Unhandled Promise: TypeError: Failed to fetch
=============================
====== JS ERROR CAUGHT ======
Unhandled Promise: TypeError: Failed to fetch
=============================
====== JS ERROR CAUGHT ======
Unhandled Promise: TypeError: Failed to fetch
=============================
====== JS ERROR CAUGHT ======
Unhandled Promise: TypeError: Failed to fetch
=============================
====== JS ERROR CAUGHT ======
Unhandled Promise: TypeError: Failed to fetch
=============================
====== JS ERROR CAUGHT ======
Unhandled Promise: TypeError: Failed to fetch
=============================
====== JS ERROR CAUGHT ======
Unhandled Promise: TypeError: Failed to fetch
=============================
====== JS ERROR CAUGHT ======
Unhandled Promise: TypeError: Failed to fetch
=============================
====== JS ERROR CAUGHT ======
Unhandled Promise: TypeError: Failed to fetch
=============================
====== JS ERROR CAUGHT ======
Unhandled Promise: TypeError: Failed to fetch
=============================
====== JS ERROR CAUGHT ======
Unhandled Promise: TypeError: Failed to fetch
=============================
====== JS ERROR CAUGHT ======
Unhandled Promise: TypeError: Failed to fetch
=============================
====== JS ERROR CAUGHT ======
Unhandled Promise: TypeError: Failed to fetch
=============================
====== JS ERROR CAUGHT ======
Unhandled Promise: TypeError: Failed to fetch
=============================
====== JS ERROR CAUGHT ======
Unhandled Promise: TypeError: Failed to fetch
=============================
====== JS ERROR CAUGHT ======
Unhandled Promise: TypeError: Failed to fetch
=============================
====== JS ERROR CAUGHT ======
Unhandled Promise: TypeError: Failed to fetch
=============================
====== JS ERROR CAUGHT ======
Unhandled Promise: TypeError: Failed to fetch
=============================
====== JS ERROR CAUGHT ======
Unhandled Promise: TypeError: Failed to fetch
=============================
====== JS ERROR CAUGHT ======
Unhandled Promise: TypeError: Failed to fetch
=============================
====== JS ERROR CAUGHT ======
Unhandled Promise: TypeError: Failed to fetch
=============================
====== JS ERROR CAUGHT ======
Unhandled Promise: TypeError: Failed to fetch
=============================
====== JS ERROR CAUGHT ======
Unhandled Promise: TypeError: Failed to fetch
=============================
====== JS ERROR CAUGHT ======
Unhandled Promise: TypeError: Failed to fetch
=============================
====== JS ERROR CAUGHT ======
Unhandled Promise: TypeError: Failed to fetch
=============================
====== JS ERROR CAUGHT ======
Unhandled Promise: TypeError: Failed to fetch
=============================
====== JS ERROR CAUGHT ======
Unhandled Promise: TypeError: Failed to fetch
=============================
====== JS ERROR CAUGHT ======
Unhandled Promise: TypeError: Failed to fetch
=============================
====== JS ERROR CAUGHT ======
Unhandled Promise: TypeError: Failed to fetch
=============================
====== JS ERROR CAUGHT ======
Unhandled Promise: TypeError: Failed to fetch
=============================
====== JS ERROR CAUGHT ======
Unhandled Promise: TypeError: Failed to fetch
=============================
====== JS ERROR CAUGHT ======
Unhandled Promise: TypeError: Failed to fetch
=============================
====== JS ERROR CAUGHT ======
Unhandled Promise: TypeError: Failed to fetch
=============================
====== JS ERROR CAUGHT ======
Unhandled Promise: TypeError: Failed to fetch
=============================
====== JS ERROR CAUGHT ======
Unhandled Promise: TypeError: Failed to fetch
=============================
====== JS ERROR CAUGHT ======
Unhandled Promise: TypeError: Failed to fetch
=============================
====== JS ERROR CAUGHT ======
Unhandled Promise: TypeError: Failed to fetch
=============================
====== JS ERROR CAUGHT ======
Unhandled Promise: TypeError: Failed to fetch
=============================
====== JS ERROR CAUGHT ======
Unhandled Promise: TypeError: Failed to fetch
=============================
====== JS ERROR CAUGHT ======
Unhandled Promise: TypeError: Failed to fetch
=============================
====== JS ERROR CAUGHT ======
Unhandled Promise: TypeError: Failed to fetch
=============================
====== JS ERROR CAUGHT ======
Unhandled Promise: TypeError: Failed to fetch
=============================
====== JS ERROR CAUGHT ======
Unhandled Promise: TypeError: Failed to fetch
=============================
====== JS ERROR CAUGHT ======
Unhandled Promise: TypeError: Failed to fetch
=============================
====== JS ERROR CAUGHT ======
Unhandled Promise: TypeError: Failed to fetch
=============================
====== JS ERROR CAUGHT ======
Unhandled Promise: TypeError: Failed to fetch
=============================
====== JS ERROR CAUGHT ======
Unhandled Promise: TypeError: Failed to fetch
=============================
====== JS ERROR CAUGHT ======
Unhandled Promise: TypeError: Failed to fetch
=============================
====== JS ERROR CAUGHT ======
Unhandled Promise: TypeError: Failed to fetch
=============================
====== JS ERROR CAUGHT ======
Unhandled Promise: TypeError: Failed to fetch
=============================
====== JS ERROR CAUGHT ======
Unhandled Promise: TypeError: Failed to fetch
=============================
====== JS ERROR CAUGHT ======
Unhandled Promise: TypeError: Failed to fetch
=============================
====== JS ERROR CAUGHT ======
Unhandled Promise: TypeError: Failed to fetch
=============================
====== JS ERROR CAUGHT ======
Unhandled Promise: TypeError: Failed to fetch
=============================
====== JS ERROR CAUGHT ======
Unhandled Promise: TypeError: Failed to fetch
=============================
====== JS ERROR CAUGHT ======
Unhandled Promise: TypeError: Failed to fetch
=============================
====== JS ERROR CAUGHT ======
Unhandled Promise: TypeError: Failed to fetch
=============================
====== JS ERROR CAUGHT ======
Unhandled Promise: TypeError: Failed to fetch
=============================
====== JS ERROR CAUGHT ======
Unhandled Promise: TypeError: Failed to fetch
=============================
====== JS ERROR CAUGHT ======
Unhandled Promise: TypeError: Failed to fetch
=============================
====== JS ERROR CAUGHT ======
Unhandled Promise: TypeError: Failed to fetch
=============================
====== JS ERROR CAUGHT ======
Unhandled Promise: TypeError: Failed to fetch
=============================
====== JS ERROR CAUGHT ======
Unhandled Promise: TypeError: Failed to fetch
=============================
====== JS ERROR CAUGHT ======
Unhandled Promise: TypeError: Failed to fetch
=============================
====== JS ERROR CAUGHT ======
Unhandled Promise: TypeError: Failed to fetch
=============================
====== JS ERROR CAUGHT ======
Unhandled Promise: TypeError: Failed to fetch
=============================
====== JS ERROR CAUGHT ======
Unhandled Promise: TypeError: Failed to fetch
=============================
====== JS ERROR CAUGHT ======
Unhandled Promise: TypeError: Failed to fetch
=============================
====== JS ERROR CAUGHT ======
Unhandled Promise: TypeError: Failed to fetch
=============================
====== JS ERROR CAUGHT ======
Unhandled Promise: TypeError: Failed to fetch
=============================
====== JS ERROR CAUGHT ======
Unhandled Promise: TypeError: Failed to fetch
=============================
====== JS ERROR CAUGHT ======
Unhandled Promise: TypeError: Failed to fetch
=============================
====== JS ERROR CAUGHT ======
Unhandled Promise: TypeError: Failed to fetch
=============================
====== JS ERROR CAUGHT ======
Unhandled Promise: TypeError: Failed to fetch
=============================
====== JS ERROR CAUGHT ======
Unhandled Promise: TypeError: Failed to fetch
=============================
====== JS ERROR CAUGHT ======
Unhandled Promise: TypeError: Failed to fetch
=============================
====== JS ERROR CAUGHT ======
Unhandled Promise: TypeError: Failed to fetch
=============================
====== JS ERROR CAUGHT ======
Unhandled Promise: TypeError: Failed to fetch
=============================
====== JS ERROR CAUGHT ======
Unhandled Promise: TypeError: Failed to fetch
=============================
====== JS ERROR CAUGHT ======
Unhandled Promise: TypeError: Failed to fetch
=============================
====== JS ERROR CAUGHT ======
Unhandled Promise: TypeError: Failed to fetch
=============================
====== JS ERROR CAUGHT ======
Unhandled Promise: TypeError: Failed to fetch
=============================
====== JS ERROR CAUGHT ======
Unhandled Promise: TypeError: Failed to fetch
=============================
====== JS ERROR CAUGHT ======
Unhandled Promise: TypeError: Failed to fetch
=============================
====== JS ERROR CAUGHT ======
Unhandled Promise: TypeError: Failed to fetch
=============================
====== JS ERROR CAUGHT ======
Unhandled Promise: TypeError: Failed to fetch
=============================
====== JS ERROR CAUGHT ======
Unhandled Promise: TypeError: Failed to fetch
=============================
====== JS ERROR CAUGHT ======
Unhandled Promise: TypeError: Failed to fetch
=============================
====== JS ERROR CAUGHT ======
Unhandled Promise: TypeError: Failed to fetch
=============================
====== JS ERROR CAUGHT ======
Unhandled Promise: TypeError: Failed to fetch
=============================
====== JS ERROR CAUGHT ======
Unhandled Promise: TypeError: Failed to fetch
=============================
====== JS ERROR CAUGHT ======
Unhandled Promise: TypeError: Failed to fetch
=============================
====== JS ERROR CAUGHT ======
Unhandled Promise: TypeError: Failed to fetch
=============================
====== JS ERROR CAUGHT ======
Unhandled Promise: TypeError: Failed to fetch
=============================
====== JS ERROR CAUGHT ======
Unhandled Promise: TypeError: Failed to fetch
=============================
====== JS ERROR CAUGHT ======
Unhandled Promise: TypeError: Failed to fetch
=============================
====== JS ERROR CAUGHT ======
Unhandled Promise: TypeError: Failed to fetch
=============================
====== JS ERROR CAUGHT ======
Unhandled Promise: TypeError: Failed to fetch
=============================
====== JS ERROR CAUGHT ======
Unhandled Promise: TypeError: Failed to fetch
=============================
====== JS ERROR CAUGHT ======
Unhandled Promise: TypeError: Failed to fetch
=============================
====== JS ERROR CAUGHT ======
Unhandled Promise: TypeError: Failed to fetch
=============================
====== JS ERROR CAUGHT ======
Unhandled Promise: TypeError: Failed to fetch
=============================
====== JS ERROR CAUGHT ======
Unhandled Promise: TypeError: Failed to fetch
=============================
====== JS ERROR CAUGHT ======
Unhandled Promise: TypeError: Failed to fetch
=============================
====== JS ERROR CAUGHT ======
Unhandled Promise: TypeError: Failed to fetch
=============================
====== JS ERROR CAUGHT ======
Unhandled Promise: TypeError: Failed to fetch
=============================
====== JS ERROR CAUGHT ======
Unhandled Promise: TypeError: Failed to fetch
=============================
====== JS ERROR CAUGHT ======
Unhandled Promise: TypeError: Failed to fetch
=============================
====== JS ERROR CAUGHT ======
Unhandled Promise: TypeError: Failed to fetch
=============================
====== JS ERROR CAUGHT ======
Unhandled Promise: TypeError: Failed to fetch
=============================
====== JS ERROR CAUGHT ======
Unhandled Promise: TypeError: Failed to fetch
=============================
====== JS ERROR CAUGHT ======
Unhandled Promise: TypeError: Failed to fetch
=============================
====== JS ERROR CAUGHT ======
Unhandled Promise: TypeError: Failed to fetch
=============================
====== JS ERROR CAUGHT ======
Unhandled Promise: TypeError: Failed to fetch
=============================
====== JS ERROR CAUGHT ======
Unhandled Promise: TypeError: Failed to fetch
=============================
====== JS ERROR CAUGHT ======
Unhandled Promise: TypeError: Failed to fetch
=============================
====== JS ERROR CAUGHT ======
Unhandled Promise: TypeError: Failed to fetch
=============================
====== JS ERROR CAUGHT ======
Unhandled Promise: TypeError: Failed to fetch
=============================
====== JS ERROR CAUGHT ======
Unhandled Promise: TypeError: Failed to fetch
=============================
====== JS ERROR CAUGHT ======
Unhandled Promise: TypeError: Failed to fetch
=============================
====== JS ERROR CAUGHT ======
Unhandled Promise: TypeError: Failed to fetch
=============================
====== JS ERROR CAUGHT ======
Unhandled Promise: TypeError: Failed to fetch
=============================
====== JS ERROR CAUGHT ======
Unhandled Promise: TypeError: Failed to fetch
=============================
====== JS ERROR CAUGHT ======
Unhandled Promise: TypeError: Failed to fetch
=============================
====== JS ERROR CAUGHT ======
Unhandled Promise: TypeError: Failed to fetch
=============================
====== JS ERROR CAUGHT ======
Unhandled Promise: TypeError: Failed to fetch
=============================
====== JS ERROR CAUGHT ======
Unhandled Promise: TypeError: Failed to fetch
=============================
====== JS ERROR CAUGHT ======
Unhandled Promise: TypeError: Failed to fetch
=============================
====== JS ERROR CAUGHT ======
Unhandled Promise: TypeError: Failed to fetch
=============================
====== JS ERROR CAUGHT ======
Unhandled Promise: TypeError: Failed to fetch
=============================
====== JS ERROR CAUGHT ======
Unhandled Promise: TypeError: Failed to fetch
=============================
====== JS ERROR CAUGHT ======
Unhandled Promise: TypeError: Failed to fetch
=============================
====== JS ERROR CAUGHT ======
Unhandled Promise: TypeError: Failed to fetch
=============================
====== JS ERROR CAUGHT ======
Unhandled Promise: TypeError: Failed to fetch
=============================
====== JS ERROR CAUGHT ======
Unhandled Promise: TypeError: Failed to fetch
=============================
====== JS ERROR CAUGHT ======
Unhandled Promise: TypeError: Failed to fetch
=============================
====== JS ERROR CAUGHT ======
Unhandled Promise: TypeError: Failed to fetch
=============================
====== JS ERROR CAUGHT ======
Unhandled Promise: TypeError: Failed to fetch
=============================
====== JS ERROR CAUGHT ======
Unhandled Promise: TypeError: Failed to fetch
=============================
====== JS ERROR CAUGHT ======
Unhandled Promise: TypeError: Failed to fetch
=============================
====== JS ERROR CAUGHT ======
Unhandled Promise: TypeError: Failed to fetch
=============================
====== JS ERROR CAUGHT ======
Unhandled Promise: TypeError: Failed to fetch
=============================
====== JS ERROR CAUGHT ======
Unhandled Promise: TypeError: Failed to fetch
=============================
====== JS ERROR CAUGHT ======
Unhandled Promise: TypeError: Failed to fetch
=============================
====== JS ERROR CAUGHT ======
Unhandled Promise: TypeError: Failed to fetch
=============================
====== JS ERROR CAUGHT ======
Unhandled Promise: TypeError: Failed to fetch
=============================
====== JS ERROR CAUGHT ======
Unhandled Promise: TypeError: Failed to fetch
=============================
====== JS ERROR CAUGHT ======
Unhandled Promise: TypeError: Failed to fetch
=============================
====== JS ERROR CAUGHT ======
Unhandled Promise: TypeError: Failed to fetch
=============================
====== JS ERROR CAUGHT ======
Unhandled Promise: TypeError: Failed to fetch
=============================
====== JS ERROR CAUGHT ======
Unhandled Promise: TypeError: Failed to fetch
=============================
====== JS ERROR CAUGHT ======
Unhandled Promise: TypeError: Failed to fetch
=============================
====== JS ERROR CAUGHT ======
Unhandled Promise: TypeError: Failed to fetch
=============================
====== JS ERROR CAUGHT ======
Unhandled Promise: TypeError: Failed to fetch
=============================
====== JS ERROR CAUGHT ======
Unhandled Promise: TypeError: Failed to fetch
=============================
====== JS ERROR CAUGHT ======
Unhandled Promise: TypeError: Failed to fetch
=============================
====== JS ERROR CAUGHT ======
Unhandled Promise: TypeError: Failed to fetch
=============================
====== JS ERROR CAUGHT ======
Unhandled Promise: TypeError: Failed to fetch
=============================
====== JS ERROR CAUGHT ======
Unhandled Promise: TypeError: Failed to fetch
=============================
====== JS ERROR CAUGHT ======
Unhandled Promise: TypeError: Failed to fetch
=============================
====== JS ERROR CAUGHT ======
Unhandled Promise: TypeError: Failed to fetch
=============================
====== JS ERROR CAUGHT ======
Unhandled Promise: TypeError: Failed to fetch
=============================
====== JS ERROR CAUGHT ======
Unhandled Promise: TypeError: Failed to fetch
=============================
====== JS ERROR CAUGHT ======
Unhandled Promise: TypeError: Failed to fetch
=============================
====== JS ERROR CAUGHT ======
Unhandled Promise: TypeError: Failed to fetch
=============================
====== JS ERROR CAUGHT ======
Unhandled Promise: TypeError: Failed to fetch
=============================
====== JS ERROR CAUGHT ======
Unhandled Promise: TypeError: Failed to fetch
=============================
====== JS ERROR CAUGHT ======
Unhandled Promise: TypeError: Failed to fetch
=============================
====== JS ERROR CAUGHT ======
Unhandled Promise: TypeError: Failed to fetch
=============================
====== JS ERROR CAUGHT ======
Unhandled Promise: TypeError: Failed to fetch
=============================
====== JS ERROR CAUGHT ======
Unhandled Promise: TypeError: Failed to fetch
=============================
====== JS ERROR CAUGHT ======
Unhandled Promise: TypeError: Failed to fetch
=============================
====== JS ERROR CAUGHT ======
Unhandled Promise: TypeError: Failed to fetch
=============================
====== JS ERROR CAUGHT ======
Unhandled Promise: TypeError: Failed to fetch
=============================
====== JS ERROR CAUGHT ======
Unhandled Promise: TypeError: Failed to fetch
=============================
====== JS ERROR CAUGHT ======
Unhandled Promise: TypeError: Failed to fetch
=============================
====== JS ERROR CAUGHT ======
Unhandled Promise: TypeError: Failed to fetch
=============================
====== JS ERROR CAUGHT ======
Unhandled Promise: TypeError: Failed to fetch
=============================
====== JS ERROR CAUGHT ======
Unhandled Promise: TypeError: Failed to fetch
=============================
====== JS ERROR CAUGHT ======
Unhandled Promise: TypeError: Failed to fetch
=============================
====== JS ERROR CAUGHT ======
Unhandled Promise: TypeError: Failed to fetch
=============================
====== JS ERROR CAUGHT ======
Unhandled Promise: TypeError: Failed to fetch
=============================
====== JS ERROR CAUGHT ======
Unhandled Promise: TypeError: Failed to fetch
=============================
====== JS ERROR CAUGHT ======
Unhandled Promise: TypeError: Failed to fetch
=============================
====== JS ERROR CAUGHT ======
Unhandled Promise: TypeError: Failed to fetch
=============================
====== JS ERROR CAUGHT ======
Unhandled Promise: TypeError: Failed to fetch
=============================
====== JS ERROR CAUGHT ======
Unhandled Promise: TypeError: Failed to fetch
=============================
====== JS ERROR CAUGHT ======
Unhandled Promise: TypeError: Failed to fetch
=============================
====== JS ERROR CAUGHT ======
Unhandled Promise: TypeError: Failed to fetch
=============================
====== JS ERROR CAUGHT ======
Unhandled Promise: TypeError: Failed to fetch
=============================
====== JS ERROR CAUGHT ======
Unhandled Promise: TypeError: Failed to fetch
=============================
====== JS ERROR CAUGHT ======
Unhandled Promise: TypeError: Failed to fetch
=============================
====== JS ERROR CAUGHT ======
Unhandled Promise: TypeError: Failed to fetch
=============================
====== JS ERROR CAUGHT ======
Unhandled Promise: TypeError: Failed to fetch
=============================
====== JS ERROR CAUGHT ======
Unhandled Promise: TypeError: Failed to fetch
=============================
====== JS ERROR CAUGHT ======
Unhandled Promise: TypeError: Failed to fetch
=============================
====== JS ERROR CAUGHT ======
Unhandled Promise: TypeError: Failed to fetch
=============================
====== JS ERROR CAUGHT ======
Unhandled Promise: TypeError: Failed to fetch
=============================
====== JS ERROR CAUGHT ======
Unhandled Promise: TypeError: Failed to fetch
=============================
====== JS ERROR CAUGHT ======
Unhandled Promise: TypeError: Failed to fetch
=============================
====== JS ERROR CAUGHT ======
Unhandled Promise: TypeError: Failed to fetch
=============================
====== JS ERROR CAUGHT ======
Unhandled Promise: TypeError: Failed to fetch
=============================
====== JS ERROR CAUGHT ======
Unhandled Promise: TypeError: Failed to fetch
=============================
====== JS ERROR CAUGHT ======
Unhandled Promise: TypeError: Failed to fetch
=============================
====== JS ERROR CAUGHT ======
Unhandled Promise: TypeError: Failed to fetch
=============================
====== JS ERROR CAUGHT ======
Unhandled Promise: TypeError: Failed to fetch
=============================
====== JS ERROR CAUGHT ======
Unhandled Promise: TypeError: Failed to fetch
=============================
====== JS ERROR CAUGHT ======
Unhandled Promise: TypeError: Failed to fetch
=============================
====== JS ERROR CAUGHT ======
Unhandled Promise: TypeError: Failed to fetch
=============================
====== JS ERROR CAUGHT ======
Unhandled Promise: TypeError: Failed to fetch
=============================
====== JS ERROR CAUGHT ======
Unhandled Promise: TypeError: Failed to fetch
=============================
====== JS ERROR CAUGHT ======
Unhandled Promise: TypeError: Failed to fetch
=============================
====== JS ERROR CAUGHT ======
Unhandled Promise: TypeError: Failed to fetch
=============================
====== JS ERROR CAUGHT ======
Unhandled Promise: TypeError: Failed to fetch
=============================
====== JS ERROR CAUGHT ======
Unhandled Promise: TypeError: Failed to fetch
=============================
====== JS ERROR CAUGHT ======
Unhandled Promise: TypeError: Failed to fetch
=============================
====== JS ERROR CAUGHT ======
Unhandled Promise: TypeError: Failed to fetch
=============================
====== JS ERROR CAUGHT ======
Unhandled Promise: TypeError: Failed to fetch
=============================
====== JS ERROR CAUGHT ======
Unhandled Promise: TypeError: Failed to fetch
=============================
====== JS ERROR CAUGHT ======
Unhandled Promise: TypeError: Failed to fetch
=============================
====== JS ERROR CAUGHT ======
Unhandled Promise: TypeError: Failed to fetch
=============================
====== JS ERROR CAUGHT ======
Unhandled Promise: TypeError: Failed to fetch
=============================
====== JS ERROR CAUGHT ======
Unhandled Promise: TypeError: Failed to fetch
=============================
====== JS ERROR CAUGHT ======
Unhandled Promise: TypeError: Failed to fetch
=============================
====== JS ERROR CAUGHT ======
Unhandled Promise: TypeError: Failed to fetch
=============================
====== JS ERROR CAUGHT ======
Unhandled Promise: TypeError: Failed to fetch
=============================
====== JS ERROR CAUGHT ======
Unhandled Promise: TypeError: Failed to fetch
=============================
====== JS ERROR CAUGHT ======
Unhandled Promise: TypeError: Failed to fetch
=============================
====== JS ERROR CAUGHT ======
Unhandled Promise: TypeError: Failed to fetch
=============================
====== JS ERROR CAUGHT ======
Unhandled Promise: TypeError: Failed to fetch
=============================
====== JS ERROR CAUGHT ======
Unhandled Promise: TypeError: Failed to fetch
=============================
====== JS ERROR CAUGHT ======
Unhandled Promise: TypeError: Failed to fetch
=============================
====== JS ERROR CAUGHT ======
Unhandled Promise: TypeError: Failed to fetch
=============================
====== JS ERROR CAUGHT ======
Unhandled Promise: TypeError: Failed to fetch
=============================
====== JS ERROR CAUGHT ======
Unhandled Promise: TypeError: Failed to fetch
=============================
====== JS ERROR CAUGHT ======
Unhandled Promise: TypeError: Failed to fetch
=============================
====== JS ERROR CAUGHT ======
Unhandled Promise: TypeError: Failed to fetch
=============================
====== JS ERROR CAUGHT ======
Unhandled Promise: TypeError: Failed to fetch
=============================
====== JS ERROR CAUGHT ======
Unhandled Promise: TypeError: Failed to fetch
=============================
====== JS ERROR CAUGHT ======
Unhandled Promise: TypeError: Failed to fetch
=============================
====== JS ERROR CAUGHT ======
Unhandled Promise: TypeError: Failed to fetch
=============================
====== JS ERROR CAUGHT ======
Unhandled Promise: TypeError: Failed to fetch
=============================
====== JS ERROR CAUGHT ======
Unhandled Promise: TypeError: Failed to fetch
=============================
====== JS ERROR CAUGHT ======
Unhandled Promise: TypeError: Failed to fetch
=============================
====== JS ERROR CAUGHT ======
Unhandled Promise: TypeError: Failed to fetch
=============================
====== JS ERROR CAUGHT ======
Unhandled Promise: TypeError: Failed to fetch
=============================
====== JS ERROR CAUGHT ======
Unhandled Promise: TypeError: Failed to fetch
=============================
====== JS ERROR CAUGHT ======
Unhandled Promise: TypeError: Failed to fetch
=============================
====== JS ERROR CAUGHT ======
Unhandled Promise: TypeError: Failed to fetch
=============================
====== JS ERROR CAUGHT ======
Unhandled Promise: TypeError: Failed to fetch
=============================
====== JS ERROR CAUGHT ======
Unhandled Promise: TypeError: Failed to fetch
=============================
====== JS ERROR CAUGHT ======
Unhandled Promise: TypeError: Failed to fetch
=============================
====== JS ERROR CAUGHT ======
Unhandled Promise: TypeError: Failed to fetch
=============================
====== JS ERROR CAUGHT ======
Unhandled Promise: TypeError: Failed to fetch
=============================
====== JS ERROR CAUGHT ======
Unhandled Promise: TypeError: Failed to fetch
=============================
====== JS ERROR CAUGHT ======
Unhandled Promise: TypeError: Failed to fetch
=============================
====== JS ERROR CAUGHT ======
Unhandled Promise: TypeError: Failed to fetch
=============================
====== JS ERROR CAUGHT ======
Unhandled Promise: TypeError: Failed to fetch
=============================
====== JS ERROR CAUGHT ======
Unhandled Promise: TypeError: Failed to fetch
=============================
====== JS ERROR CAUGHT ======
Unhandled Promise: TypeError: Failed to fetch
=============================
====== JS ERROR CAUGHT ======
Unhandled Promise: TypeError: Failed to fetch
=============================
====== JS ERROR CAUGHT ======
Unhandled Promise: TypeError: Failed to fetch
=============================
====== JS ERROR CAUGHT ======
Unhandled Promise: TypeError: Failed to fetch
=============================
====== JS ERROR CAUGHT ======
Unhandled Promise: TypeError: Failed to fetch
=============================
====== JS ERROR CAUGHT ======
Unhandled Promise: TypeError: Failed to fetch
=============================
====== JS ERROR CAUGHT ======
Unhandled Promise: TypeError: Failed to fetch
=============================
====== JS ERROR CAUGHT ======
Unhandled Promise: TypeError: Failed to fetch
=============================
====== JS ERROR CAUGHT ======
Unhandled Promise: TypeError: Failed to fetch
=============================
====== JS ERROR CAUGHT ======
Unhandled Promise: TypeError: Failed to fetch
=============================
====== JS ERROR CAUGHT ======
Unhandled Promise: TypeError: Failed to fetch
=============================
====== JS ERROR CAUGHT ======
Unhandled Promise: TypeError: Failed to fetch
=============================
====== JS ERROR CAUGHT ======
Unhandled Promise: TypeError: Failed to fetch
=============================
====== JS ERROR CAUGHT ======
Unhandled Promise: TypeError: Failed to fetch
=============================
====== JS ERROR CAUGHT ======
Unhandled Promise: TypeError: Failed to fetch
=============================
====== JS ERROR CAUGHT ======
Unhandled Promise: TypeError: Failed to fetch
=============================
====== JS ERROR CAUGHT ======
Unhandled Promise: TypeError: Failed to fetch
=============================
====== JS ERROR CAUGHT ======
Unhandled Promise: TypeError: Failed to fetch
=============================
====== JS ERROR CAUGHT ======
Unhandled Promise: TypeError: Failed to fetch
=============================
====== JS ERROR CAUGHT ======
Unhandled Promise: TypeError: Failed to fetch
=============================
====== JS ERROR CAUGHT ======
Unhandled Promise: TypeError: Failed to fetch
=============================
====== JS ERROR CAUGHT ======
Unhandled Promise: TypeError: Failed to fetch
=============================
====== JS ERROR CAUGHT ======
Unhandled Promise: TypeError: Failed to fetch
=============================
====== JS ERROR CAUGHT ======
Unhandled Promise: TypeError: Failed to fetch
=============================
====== JS ERROR CAUGHT ======
Unhandled Promise: TypeError: Failed to fetch
=============================
====== JS ERROR CAUGHT ======
Unhandled Promise: TypeError: Failed to fetch
=============================
====== JS ERROR CAUGHT ======
Unhandled Promise: TypeError: Failed to fetch
=============================
====== JS ERROR CAUGHT ======
Unhandled Promise: TypeError: Failed to fetch
=============================
====== JS ERROR CAUGHT ======
Unhandled Promise: TypeError: Failed to fetch
=============================
====== JS ERROR CAUGHT ======
Unhandled Promise: TypeError: Failed to fetch
=============================
====== JS ERROR CAUGHT ======
Unhandled Promise: TypeError: Failed to fetch
=============================
====== JS ERROR CAUGHT ======
Unhandled Promise: TypeError: Failed to fetch
=============================
====== JS ERROR CAUGHT ======
Unhandled Promise: TypeError: Failed to fetch
=============================
====== JS ERROR CAUGHT ======
Unhandled Promise: TypeError: Failed to fetch
=============================
====== JS ERROR CAUGHT ======
Unhandled Promise: TypeError: Failed to fetch
=============================
====== JS ERROR CAUGHT ======
Unhandled Promise: TypeError: Failed to fetch
=============================
====== JS ERROR CAUGHT ======
Unhandled Promise: TypeError: Failed to fetch
=============================
====== JS ERROR CAUGHT ======
Unhandled Promise: TypeError: Failed to fetch
=============================
====== JS ERROR CAUGHT ======
Unhandled Promise: TypeError: Failed to fetch
=============================
====== JS ERROR CAUGHT ======
Unhandled Promise: TypeError: Failed to fetch
=============================
====== JS ERROR CAUGHT ======
Unhandled Promise: TypeError: Failed to fetch
=============================
====== JS ERROR CAUGHT ======
Unhandled Promise: TypeError: Failed to fetch
=============================
====== JS ERROR CAUGHT ======
Unhandled Promise: TypeError: Failed to fetch
=============================
====== JS ERROR CAUGHT ======
Unhandled Promise: TypeError: Failed to fetch
=============================
====== JS ERROR CAUGHT ======
Unhandled Promise: TypeError: Failed to fetch
=============================
====== JS ERROR CAUGHT ======
Unhandled Promise: TypeError: Failed to fetch
=============================
====== JS ERROR CAUGHT ======
Unhandled Promise: TypeError: Failed to fetch
=============================
====== JS ERROR CAUGHT ======
Unhandled Promise: TypeError: Failed to fetch
=============================
====== JS ERROR CAUGHT ======
Unhandled Promise: TypeError: Failed to fetch
=============================
====== JS ERROR CAUGHT ======
Unhandled Promise: TypeError: Failed to fetch
=============================
====== JS ERROR CAUGHT ======
Unhandled Promise: TypeError: Failed to fetch
=============================
====== JS ERROR CAUGHT ======
Unhandled Promise: TypeError: Failed to fetch
=============================
====== JS ERROR CAUGHT ======
Unhandled Promise: TypeError: Failed to fetch
=============================
====== JS ERROR CAUGHT ======
Unhandled Promise: TypeError: Failed to fetch
=============================
====== JS ERROR CAUGHT ======
Unhandled Promise: TypeError: Failed to fetch
=============================
====== JS ERROR CAUGHT ======
Unhandled Promise: TypeError: Failed to fetch
=============================
====== JS ERROR CAUGHT ======
Unhandled Promise: TypeError: Failed to fetch
=============================
====== JS ERROR CAUGHT ======
Unhandled Promise: TypeError: Failed to fetch
=============================
====== JS ERROR CAUGHT ======
Unhandled Promise: TypeError: Failed to fetch
=============================
====== JS ERROR CAUGHT ======
Unhandled Promise: TypeError: Failed to fetch
=============================
====== JS ERROR CAUGHT ======
Unhandled Promise: TypeError: Failed to fetch
=============================
====== JS ERROR CAUGHT ======
Unhandled Promise: TypeError: Failed to fetch
=============================
====== JS ERROR CAUGHT ======
Unhandled Promise: TypeError: Failed to fetch
=============================
====== JS ERROR CAUGHT ======
Unhandled Promise: TypeError: Failed to fetch
=============================
====== JS ERROR CAUGHT ======
Unhandled Promise: TypeError: Failed to fetch
=============================
====== JS ERROR CAUGHT ======
Unhandled Promise: TypeError: Failed to fetch
=============================
====== JS ERROR CAUGHT ======
Unhandled Promise: TypeError: Failed to fetch
=============================
====== JS ERROR CAUGHT ======
Unhandled Promise: TypeError: Failed to fetch
=============================
====== JS ERROR CAUGHT ======
Unhandled Promise: TypeError: Failed to fetch
=============================
====== JS ERROR CAUGHT ======
Unhandled Promise: TypeError: Failed to fetch
=============================
====== JS ERROR CAUGHT ======
Unhandled Promise: TypeError: Failed to fetch
=============================
====== JS ERROR CAUGHT ======
Unhandled Promise: TypeError: Failed to fetch
=============================
====== JS ERROR CAUGHT ======
Unhandled Promise: TypeError: Failed to fetch
=============================
====== JS ERROR CAUGHT ======
Unhandled Promise: TypeError: Failed to fetch
=============================
====== JS ERROR CAUGHT ======
Unhandled Promise: TypeError: Failed to fetch
=============================
====== JS ERROR CAUGHT ======
Unhandled Promise: TypeError: Failed to fetch
=============================
====== JS ERROR CAUGHT ======
Unhandled Promise: TypeError: Failed to fetch
=============================
====== JS ERROR CAUGHT ======
Unhandled Promise: TypeError: Failed to fetch
=============================
====== JS ERROR CAUGHT ======
Unhandled Promise: TypeError: Failed to fetch
=============================
====== JS ERROR CAUGHT ======
Unhandled Promise: TypeError: Failed to fetch
=============================
====== JS ERROR CAUGHT ======
Unhandled Promise: TypeError: Failed to fetch
=============================
====== JS ERROR CAUGHT ======
Unhandled Promise: TypeError: Failed to fetch
=============================
====== JS ERROR CAUGHT ======
Unhandled Promise: TypeError: Failed to fetch
=============================
====== JS ERROR CAUGHT ======
Unhandled Promise: TypeError: Failed to fetch
=============================
====== JS ERROR CAUGHT ======
Unhandled Promise: TypeError: Failed to fetch
=============================
====== JS ERROR CAUGHT ======
Unhandled Promise: TypeError: Failed to fetch
=============================
====== JS ERROR CAUGHT ======
Unhandled Promise: TypeError: Failed to fetch
=============================
====== JS ERROR CAUGHT ======
Unhandled Promise: TypeError: Failed to fetch
=============================
====== JS ERROR CAUGHT ======
Unhandled Promise: TypeError: Failed to fetch
=============================
====== JS ERROR CAUGHT ======
Unhandled Promise: TypeError: Failed to fetch
=============================
====== JS ERROR CAUGHT ======
Unhandled Promise: TypeError: Failed to fetch
=============================
====== JS ERROR CAUGHT ======
Unhandled Promise: TypeError: Failed to fetch
=============================
====== JS ERROR CAUGHT ======
Unhandled Promise: TypeError: Failed to fetch
=============================
====== JS ERROR CAUGHT ======
Unhandled Promise: TypeError: Failed to fetch
=============================
====== JS ERROR CAUGHT ======
Unhandled Promise: TypeError: Failed to fetch
=============================
====== JS ERROR CAUGHT ======
Unhandled Promise: TypeError: Failed to fetch
=============================
====== JS ERROR CAUGHT ======
Unhandled Promise: TypeError: Failed to fetch
=============================
====== JS ERROR CAUGHT ======
Unhandled Promise: TypeError: Failed to fetch
=============================
====== JS ERROR CAUGHT ======
Unhandled Promise: TypeError: Failed to fetch
=============================
====== JS ERROR CAUGHT ======
Unhandled Promise: TypeError: Failed to fetch
=============================
====== JS ERROR CAUGHT ======
Unhandled Promise: TypeError: Failed to fetch
=============================
====== JS ERROR CAUGHT ======
Unhandled Promise: TypeError: Failed to fetch
=============================
====== JS ERROR CAUGHT ======
Unhandled Promise: TypeError: Failed to fetch
=============================
====== JS ERROR CAUGHT ======
Unhandled Promise: TypeError: Failed to fetch
=============================
====== JS ERROR CAUGHT ======
Unhandled Promise: TypeError: Failed to fetch
=============================
====== JS ERROR CAUGHT ======
Unhandled Promise: TypeError: Failed to fetch
=============================
====== JS ERROR CAUGHT ======
Unhandled Promise: TypeError: Failed to fetch
=============================
====== JS ERROR CAUGHT ======
Unhandled Promise: TypeError: Failed to fetch
=============================
====== JS ERROR CAUGHT ======
Unhandled Promise: TypeError: Failed to fetch
=============================
====== JS ERROR CAUGHT ======
Unhandled Promise: TypeError: Failed to fetch
=============================
====== JS ERROR CAUGHT ======
Unhandled Promise: TypeError: Failed to fetch
=============================
====== JS ERROR CAUGHT ======
Unhandled Promise: TypeError: Failed to fetch
=============================
====== JS ERROR CAUGHT ======
Unhandled Promise: TypeError: Failed to fetch
=============================
====== JS ERROR CAUGHT ======
Unhandled Promise: TypeError: Failed to fetch
=============================
====== JS ERROR CAUGHT ======
Unhandled Promise: TypeError: Failed to fetch
=============================
====== JS ERROR CAUGHT ======
Unhandled Promise: TypeError: Failed to fetch
=============================
====== JS ERROR CAUGHT ======
Unhandled Promise: TypeError: Failed to fetch
=============================
====== JS ERROR CAUGHT ======
Unhandled Promise: TypeError: Failed to fetch
=============================
====== JS ERROR CAUGHT ======
Unhandled Promise: TypeError: Failed to fetch
=============================
====== JS ERROR CAUGHT ======
Unhandled Promise: TypeError: Failed to fetch
=============================
====== JS ERROR CAUGHT ======
Unhandled Promise: TypeError: Failed to fetch
=============================
====== JS ERROR CAUGHT ======
Unhandled Promise: TypeError: Failed to fetch
=============================
====== JS ERROR CAUGHT ======
Unhandled Promise: TypeError: Failed to fetch
=============================
====== JS ERROR CAUGHT ======
Unhandled Promise: TypeError: Failed to fetch
=============================
====== JS ERROR CAUGHT ======
Unhandled Promise: TypeError: Failed to fetch
=============================
====== JS ERROR CAUGHT ======
Unhandled Promise: TypeError: Failed to fetch
=============================
====== JS ERROR CAUGHT ======
Unhandled Promise: TypeError: Failed to fetch
=============================
====== JS ERROR CAUGHT ======
Unhandled Promise: TypeError: Failed to fetch
=============================
====== JS ERROR CAUGHT ======
Unhandled Promise: TypeError: Failed to fetch
=============================
====== JS ERROR CAUGHT ======
Unhandled Promise: TypeError: Failed to fetch
=============================
====== JS ERROR CAUGHT ======
Unhandled Promise: TypeError: Failed to fetch
=============================
====== JS ERROR CAUGHT ======
Unhandled Promise: TypeError: Failed to fetch
=============================
====== JS ERROR CAUGHT ======
Unhandled Promise: TypeError: Failed to fetch
=============================
====== JS ERROR CAUGHT ======
Unhandled Promise: TypeError: Failed to fetch
=============================
====== JS ERROR CAUGHT ======
Unhandled Promise: TypeError: Failed to fetch
=============================
====== JS ERROR CAUGHT ======
Unhandled Promise: TypeError: Failed to fetch
=============================
====== JS ERROR CAUGHT ======
Unhandled Promise: TypeError: Failed to fetch
=============================
====== JS ERROR CAUGHT ======
Unhandled Promise: TypeError: Failed to fetch
=============================
====== JS ERROR CAUGHT ======
Unhandled Promise: TypeError: Failed to fetch
=============================
====== JS ERROR CAUGHT ======
Unhandled Promise: TypeError: Failed to fetch
=============================
====== JS ERROR CAUGHT ======
Unhandled Promise: TypeError: Failed to fetch
=============================
====== JS ERROR CAUGHT ======
Unhandled Promise: TypeError: Failed to fetch
=============================
====== JS ERROR CAUGHT ======
Unhandled Promise: TypeError: Failed to fetch
=============================
====== JS ERROR CAUGHT ======
Unhandled Promise: TypeError: Failed to fetch
=============================
====== JS ERROR CAUGHT ======
Unhandled Promise: TypeError: Failed to fetch
=============================
====== JS ERROR CAUGHT ======
Unhandled Promise: TypeError: Failed to fetch
=============================
====== JS ERROR CAUGHT ======
Unhandled Promise: TypeError: Failed to fetch
=============================
====== JS ERROR CAUGHT ======
Unhandled Promise: TypeError: Failed to fetch
=============================
====== JS ERROR CAUGHT ======
Unhandled Promise: TypeError: Failed to fetch
=============================
====== JS ERROR CAUGHT ======
Unhandled Promise: TypeError: Failed to fetch
=============================
====== JS ERROR CAUGHT ======
Unhandled Promise: TypeError: Failed to fetch
=============================
====== JS ERROR CAUGHT ======
Unhandled Promise: TypeError: Failed to fetch
=============================
====== JS ERROR CAUGHT ======
Unhandled Promise: TypeError: Failed to fetch
=============================
====== JS ERROR CAUGHT ======
Unhandled Promise: TypeError: Failed to fetch
=============================
====== JS ERROR CAUGHT ======
Unhandled Promise: TypeError: Failed to fetch
=============================
====== JS ERROR CAUGHT ======
Unhandled Promise: TypeError: Failed to fetch
=============================
====== JS ERROR CAUGHT ======
Unhandled Promise: TypeError: Failed to fetch
=============================
====== JS ERROR CAUGHT ======
Unhandled Promise: TypeError: Failed to fetch
=============================
====== JS ERROR CAUGHT ======
Unhandled Promise: TypeError: Failed to fetch
=============================
====== JS ERROR CAUGHT ======
Unhandled Promise: TypeError: Failed to fetch
=============================
====== JS ERROR CAUGHT ======
Unhandled Promise: TypeError: Failed to fetch
=============================
====== JS ERROR CAUGHT ======
Unhandled Promise: TypeError: Failed to fetch
=============================
====== JS ERROR CAUGHT ======
Unhandled Promise: TypeError: Failed to fetch
=============================
====== JS ERROR CAUGHT ======
Unhandled Promise: TypeError: Failed to fetch
=============================
====== JS ERROR CAUGHT ======
Unhandled Promise: TypeError: Failed to fetch
=============================
====== JS ERROR CAUGHT ======
Unhandled Promise: TypeError: Failed to fetch
=============================
====== JS ERROR CAUGHT ======
Unhandled Promise: TypeError: Failed to fetch
=============================
====== JS ERROR CAUGHT ======
Unhandled Promise: TypeError: Failed to fetch
=============================
====== JS ERROR CAUGHT ======
Unhandled Promise: TypeError: Failed to fetch
=============================
====== JS ERROR CAUGHT ======
Unhandled Promise: TypeError: Failed to fetch
=============================
====== JS ERROR CAUGHT ======
Unhandled Promise: TypeError: Failed to fetch
=============================
====== JS ERROR CAUGHT ======
Unhandled Promise: TypeError: Failed to fetch
=============================
====== JS ERROR CAUGHT ======
Unhandled Promise: TypeError: Failed to fetch
=============================
====== JS ERROR CAUGHT ======
Unhandled Promise: TypeError: Failed to fetch
=============================
====== JS ERROR CAUGHT ======
Unhandled Promise: TypeError: Failed to fetch
=============================
====== JS ERROR CAUGHT ======
Unhandled Promise: TypeError: Failed to fetch
=============================
====== JS ERROR CAUGHT ======
Unhandled Promise: TypeError: Failed to fetch
=============================
====== JS ERROR CAUGHT ======
Unhandled Promise: TypeError: Failed to fetch
=============================
====== JS ERROR CAUGHT ======
Unhandled Promise: TypeError: Failed to fetch
=============================
====== JS ERROR CAUGHT ======
Unhandled Promise: TypeError: Failed to fetch
=============================
====== JS ERROR CAUGHT ======
Unhandled Promise: TypeError: Failed to fetch
=============================
====== JS ERROR CAUGHT ======
Unhandled Promise: TypeError: Failed to fetch
=============================
====== JS ERROR CAUGHT ======
Unhandled Promise: TypeError: Failed to fetch
=============================
====== JS ERROR CAUGHT ======
Unhandled Promise: TypeError: Failed to fetch
=============================
====== JS ERROR CAUGHT ======
Unhandled Promise: TypeError: Failed to fetch
=============================
====== JS ERROR CAUGHT ======
Unhandled Promise: TypeError: Failed to fetch
=============================
====== JS ERROR CAUGHT ======
Unhandled Promise: TypeError: Failed to fetch
=============================
====== JS ERROR CAUGHT ======
Unhandled Promise: TypeError: Failed to fetch
=============================
====== JS ERROR CAUGHT ======
Unhandled Promise: TypeError: Failed to fetch
=============================
====== JS ERROR CAUGHT ======
Unhandled Promise: TypeError: Failed to fetch
=============================
====== JS ERROR CAUGHT ======
Unhandled Promise: TypeError: Failed to fetch
=============================
====== JS ERROR CAUGHT ======
Unhandled Promise: TypeError: Failed to fetch
=============================
====== JS ERROR CAUGHT ======
Unhandled Promise: TypeError: Failed to fetch
=============================
====== JS ERROR CAUGHT ======
Unhandled Promise: TypeError: Failed to fetch
=============================
====== JS ERROR CAUGHT ======
Unhandled Promise: TypeError: Failed to fetch
=============================
====== JS ERROR CAUGHT ======
Unhandled Promise: TypeError: Failed to fetch
=============================
====== JS ERROR CAUGHT ======
Unhandled Promise: TypeError: Failed to fetch
=============================
====== JS ERROR CAUGHT ======
Unhandled Promise: TypeError: Failed to fetch
=============================
====== JS ERROR CAUGHT ======
Unhandled Promise: TypeError: Failed to fetch
=============================
====== JS ERROR CAUGHT ======
Unhandled Promise: TypeError: Failed to fetch
=============================
====== JS ERROR CAUGHT ======
Unhandled Promise: TypeError: Failed to fetch
=============================
====== JS ERROR CAUGHT ======
Unhandled Promise: TypeError: Failed to fetch
=============================
====== JS ERROR CAUGHT ======
Unhandled Promise: TypeError: Failed to fetch
=============================
====== JS ERROR CAUGHT ======
Unhandled Promise: TypeError: Failed to fetch
=============================
====== JS ERROR CAUGHT ======
Unhandled Promise: TypeError: Failed to fetch
=============================
====== JS ERROR CAUGHT ======
Unhandled Promise: TypeError: Failed to fetch
=============================
====== JS ERROR CAUGHT ======
Unhandled Promise: TypeError: Failed to fetch
=============================
====== JS ERROR CAUGHT ======
Unhandled Promise: TypeError: Failed to fetch
=============================
====== JS ERROR CAUGHT ======
Unhandled Promise: TypeError: Failed to fetch
=============================
====== JS ERROR CAUGHT ======
Unhandled Promise: TypeError: Failed to fetch
=============================
====== JS ERROR CAUGHT ======
Unhandled Promise: TypeError: Failed to fetch
=============================
====== JS ERROR CAUGHT ======
Unhandled Promise: TypeError: Failed to fetch
=============================
====== JS ERROR CAUGHT ======
Unhandled Promise: TypeError: Failed to fetch
=============================
====== JS ERROR CAUGHT ======
Unhandled Promise: TypeError: Failed to fetch
=============================
====== JS ERROR CAUGHT ======
Unhandled Promise: TypeError: Failed to fetch
=============================
====== JS ERROR CAUGHT ======
Unhandled Promise: TypeError: Failed to fetch
=============================
====== JS ERROR CAUGHT ======
Unhandled Promise: TypeError: Failed to fetch
=============================
====== JS ERROR CAUGHT ======
Unhandled Promise: TypeError: Failed to fetch
=============================
====== JS ERROR CAUGHT ======
Unhandled Promise: TypeError: Failed to fetch
=============================
====== JS ERROR CAUGHT ======
Unhandled Promise: TypeError: Failed to fetch
=============================
====== JS ERROR CAUGHT ======
Unhandled Promise: TypeError: Failed to fetch
=============================
====== JS ERROR CAUGHT ======
Unhandled Promise: TypeError: Failed to fetch
=============================
====== JS ERROR CAUGHT ======
Unhandled Promise: TypeError: Failed to fetch
=============================
====== JS ERROR CAUGHT ======
Unhandled Promise: TypeError: Failed to fetch
=============================
====== JS ERROR CAUGHT ======
Unhandled Promise: TypeError: Failed to fetch
=============================
====== JS ERROR CAUGHT ======
Unhandled Promise: TypeError: Failed to fetch
=============================
====== JS ERROR CAUGHT ======
Unhandled Promise: TypeError: Failed to fetch
=============================
====== JS ERROR CAUGHT ======
Unhandled Promise: TypeError: Failed to fetch
=============================
====== JS ERROR CAUGHT ======
Unhandled Promise: TypeError: Failed to fetch
=============================
====== JS ERROR CAUGHT ======
Unhandled Promise: TypeError: Failed to fetch
=============================
====== JS ERROR CAUGHT ======
Unhandled Promise: TypeError: Failed to fetch
=============================
====== JS ERROR CAUGHT ======
Unhandled Promise: TypeError: Failed to fetch
=============================
====== JS ERROR CAUGHT ======
Unhandled Promise: TypeError: Failed to fetch
=============================
====== JS ERROR CAUGHT ======
Unhandled Promise: TypeError: Failed to fetch
=============================
====== JS ERROR CAUGHT ======
Unhandled Promise: TypeError: Failed to fetch
=============================
====== JS ERROR CAUGHT ======
Unhandled Promise: TypeError: Failed to fetch
=============================
====== JS ERROR CAUGHT ======
Unhandled Promise: TypeError: Failed to fetch
=============================
====== JS ERROR CAUGHT ======
Unhandled Promise: TypeError: Failed to fetch
=============================
====== JS ERROR CAUGHT ======
Unhandled Promise: TypeError: Failed to fetch
=============================
====== JS ERROR CAUGHT ======
Unhandled Promise: TypeError: Failed to fetch
=============================
====== JS ERROR CAUGHT ======
Unhandled Promise: TypeError: Failed to fetch
=============================
====== JS ERROR CAUGHT ======
Unhandled Promise: TypeError: Failed to fetch
=============================
====== JS ERROR CAUGHT ======
Unhandled Promise: TypeError: Failed to fetch
=============================
====== JS ERROR CAUGHT ======
Unhandled Promise: TypeError: Failed to fetch
=============================
====== JS ERROR CAUGHT ======
Unhandled Promise: TypeError: Failed to fetch
=============================
====== JS ERROR CAUGHT ======
Unhandled Promise: TypeError: Failed to fetch
=============================
====== JS ERROR CAUGHT ======
Unhandled Promise: TypeError: Failed to fetch
=============================
====== JS ERROR CAUGHT ======
Unhandled Promise: TypeError: Failed to fetch
=============================
====== JS ERROR CAUGHT ======
Unhandled Promise: TypeError: Failed to fetch
=============================
====== JS ERROR CAUGHT ======
Unhandled Promise: TypeError: Failed to fetch
=============================
====== JS ERROR CAUGHT ======
Unhandled Promise: TypeError: Failed to fetch
=============================
====== JS ERROR CAUGHT ======
Unhandled Promise: TypeError: Failed to fetch
=============================
====== JS ERROR CAUGHT ======
Unhandled Promise: TypeError: Failed to fetch
=============================
====== JS ERROR CAUGHT ======
Unhandled Promise: TypeError: Failed to fetch
=============================
====== JS ERROR CAUGHT ======
Unhandled Promise: TypeError: Failed to fetch
=============================
====== JS ERROR CAUGHT ======
Unhandled Promise: TypeError: Failed to fetch
=============================
====== JS ERROR CAUGHT ======
Unhandled Promise: TypeError: Failed to fetch
=============================
====== JS ERROR CAUGHT ======
Unhandled Promise: TypeError: Failed to fetch
=============================
====== JS ERROR CAUGHT ======
Unhandled Promise: TypeError: Failed to fetch
=============================
====== JS ERROR CAUGHT ======
Unhandled Promise: TypeError: Failed to fetch
=============================
====== JS ERROR CAUGHT ======
Unhandled Promise: TypeError: Failed to fetch
=============================
====== JS ERROR CAUGHT ======
Unhandled Promise: TypeError: Failed to fetch
=============================
====== JS ERROR CAUGHT ======
Unhandled Promise: TypeError: Failed to fetch
=============================
====== JS ERROR CAUGHT ======
Unhandled Promise: TypeError: Failed to fetch
=============================
====== JS ERROR CAUGHT ======
Unhandled Promise: TypeError: Failed to fetch
=============================
====== JS ERROR CAUGHT ======
Unhandled Promise: TypeError: Failed to fetch
=============================
====== JS ERROR CAUGHT ======
Unhandled Promise: TypeError: Failed to fetch
=============================
====== JS ERROR CAUGHT ======
Unhandled Promise: TypeError: Failed to fetch
=============================
====== JS ERROR CAUGHT ======
Unhandled Promise: TypeError: Failed to fetch
=============================
====== JS ERROR CAUGHT ======
Unhandled Promise: TypeError: Failed to fetch
=============================
====== JS ERROR CAUGHT ======
Unhandled Promise: TypeError: Failed to fetch
=============================
====== JS ERROR CAUGHT ======
Unhandled Promise: TypeError: Failed to fetch
=============================
====== JS ERROR CAUGHT ======
Unhandled Promise: TypeError: Failed to fetch
=============================
====== JS ERROR CAUGHT ======
Unhandled Promise: TypeError: Failed to fetch
=============================
====== JS ERROR CAUGHT ======
Unhandled Promise: TypeError: Failed to fetch
=============================
====== JS ERROR CAUGHT ======
Unhandled Promise: TypeError: Failed to fetch
=============================
====== JS ERROR CAUGHT ======
Unhandled Promise: TypeError: Failed to fetch
=============================
====== JS ERROR CAUGHT ======
Unhandled Promise: TypeError: Failed to fetch
=============================
====== JS ERROR CAUGHT ======
Unhandled Promise: TypeError: Failed to fetch
=============================
====== JS ERROR CAUGHT ======
Unhandled Promise: TypeError: Failed to fetch
=============================
====== JS ERROR CAUGHT ======
Unhandled Promise: TypeError: Failed to fetch
=============================
====== JS ERROR CAUGHT ======
Unhandled Promise: TypeError: Failed to fetch
=============================
====== JS ERROR CAUGHT ======
Unhandled Promise: TypeError: Failed to fetch
=============================
====== JS ERROR CAUGHT ======
Unhandled Promise: TypeError: Failed to fetch
=============================
====== JS ERROR CAUGHT ======
Unhandled Promise: TypeError: Failed to fetch
=============================
====== JS ERROR CAUGHT ======
Unhandled Promise: TypeError: Failed to fetch
=============================
====== JS ERROR CAUGHT ======
Unhandled Promise: TypeError: Failed to fetch
=============================
====== JS ERROR CAUGHT ======
Unhandled Promise: TypeError: Failed to fetch
=============================
====== JS ERROR CAUGHT ======
Unhandled Promise: TypeError: Failed to fetch
=============================
====== JS ERROR CAUGHT ======
Unhandled Promise: TypeError: Failed to fetch
=============================
====== JS ERROR CAUGHT ======
Unhandled Promise: TypeError: Failed to fetch
=============================
====== JS ERROR CAUGHT ======
Unhandled Promise: TypeError: Failed to fetch
=============================
====== JS ERROR CAUGHT ======
Unhandled Promise: TypeError: Failed to fetch
=============================
====== JS ERROR CAUGHT ======
Unhandled Promise: TypeError: Failed to fetch
=============================
====== JS ERROR CAUGHT ======
Unhandled Promise: TypeError: Failed to fetch
=============================
====== JS ERROR CAUGHT ======
Unhandled Promise: TypeError: Failed to fetch
=============================
====== JS ERROR CAUGHT ======
Unhandled Promise: TypeError: Failed to fetch
=============================
====== JS ERROR CAUGHT ======
Unhandled Promise: TypeError: Failed to fetch
=============================
====== JS ERROR CAUGHT ======
Unhandled Promise: TypeError: Failed to fetch
=============================
====== JS ERROR CAUGHT ======
Unhandled Promise: TypeError: Failed to fetch
=============================
====== JS ERROR CAUGHT ======
Unhandled Promise: TypeError: Failed to fetch
=============================
====== JS ERROR CAUGHT ======
Unhandled Promise: TypeError: Failed to fetch
=============================
====== JS ERROR CAUGHT ======
Unhandled Promise: TypeError: Failed to fetch
=============================
====== JS ERROR CAUGHT ======
Unhandled Promise: TypeError: Failed to fetch
=============================
====== JS ERROR CAUGHT ======
Unhandled Promise: TypeError: Failed to fetch
=============================
====== JS ERROR CAUGHT ======
Unhandled Promise: TypeError: Failed to fetch
=============================
====== JS ERROR CAUGHT ======
Unhandled Promise: TypeError: Failed to fetch
=============================
====== JS ERROR CAUGHT ======
Unhandled Promise: TypeError: Failed to fetch
=============================
====== JS ERROR CAUGHT ======
Unhandled Promise: TypeError: Failed to fetch
=============================
====== JS ERROR CAUGHT ======
Unhandled Promise: TypeError: Failed to fetch
=============================
====== JS ERROR CAUGHT ======
Unhandled Promise: TypeError: Failed to fetch
=============================
====== JS ERROR CAUGHT ======
Unhandled Promise: TypeError: Failed to fetch
=============================
====== JS ERROR CAUGHT ======
Unhandled Promise: TypeError: Failed to fetch
=============================
====== JS ERROR CAUGHT ======
Unhandled Promise: TypeError: Failed to fetch
=============================
====== JS ERROR CAUGHT ======
Unhandled Promise: TypeError: Failed to fetch
=============================
====== JS ERROR CAUGHT ======
Unhandled Promise: TypeError: Failed to fetch
=============================
====== JS ERROR CAUGHT ======
Unhandled Promise: TypeError: Failed to fetch
=============================
====== JS ERROR CAUGHT ======
Unhandled Promise: TypeError: Failed to fetch
=============================
====== JS ERROR CAUGHT ======
Unhandled Promise: TypeError: Failed to fetch
=============================
====== JS ERROR CAUGHT ======
Unhandled Promise: TypeError: Failed to fetch
=============================
====== JS ERROR CAUGHT ======
Unhandled Promise: TypeError: Failed to fetch
=============================
====== JS ERROR CAUGHT ======
Unhandled Promise: TypeError: Failed to fetch
=============================
====== JS ERROR CAUGHT ======
Unhandled Promise: TypeError: Failed to fetch
=============================
====== JS ERROR CAUGHT ======
Unhandled Promise: TypeError: Failed to fetch
=============================
====== JS ERROR CAUGHT ======
Unhandled Promise: TypeError: Failed to fetch
=============================
====== JS ERROR CAUGHT ======
Unhandled Promise: TypeError: Failed to fetch
=============================
====== JS ERROR CAUGHT ======
Unhandled Promise: TypeError: Failed to fetch
=============================
====== JS ERROR CAUGHT ======
Unhandled Promise: TypeError: Failed to fetch
=============================
====== JS ERROR CAUGHT ======
Unhandled Promise: TypeError: Failed to fetch
=============================
====== JS ERROR CAUGHT ======
Unhandled Promise: TypeError: Failed to fetch
=============================
====== JS ERROR CAUGHT ======
Unhandled Promise: TypeError: Failed to fetch
=============================
====== JS ERROR CAUGHT ======
Unhandled Promise: TypeError: Failed to fetch
=============================
====== JS ERROR CAUGHT ======
Unhandled Promise: TypeError: Failed to fetch
=============================
====== JS ERROR CAUGHT ======
Unhandled Promise: TypeError: Failed to fetch
=============================
====== JS ERROR CAUGHT ======
Unhandled Promise: TypeError: Failed to fetch
=============================
====== JS ERROR CAUGHT ======
Unhandled Promise: TypeError: Failed to fetch
=============================
====== JS ERROR CAUGHT ======
Unhandled Promise: TypeError: Failed to fetch
=============================
====== JS ERROR CAUGHT ======
Unhandled Promise: TypeError: Failed to fetch
=============================
====== JS ERROR CAUGHT ======
Unhandled Promise: TypeError: Failed to fetch
=============================
====== JS ERROR CAUGHT ======
Unhandled Promise: TypeError: Failed to fetch
=============================
====== JS ERROR CAUGHT ======
Unhandled Promise: TypeError: Failed to fetch
=============================
====== JS ERROR CAUGHT ======
Unhandled Promise: TypeError: Failed to fetch
=============================
====== JS ERROR CAUGHT ======
Unhandled Promise: TypeError: Failed to fetch
=============================
====== JS ERROR CAUGHT ======
Unhandled Promise: TypeError: Failed to fetch
=============================
====== JS ERROR CAUGHT ======
Unhandled Promise: TypeError: Failed to fetch
=============================
====== JS ERROR CAUGHT ======
Unhandled Promise: TypeError: Failed to fetch
=============================
====== JS ERROR CAUGHT ======
Unhandled Promise: TypeError: Failed to fetch
=============================
====== JS ERROR CAUGHT ======
Unhandled Promise: TypeError: Failed to fetch
=============================
====== JS ERROR CAUGHT ======
Unhandled Promise: TypeError: Failed to fetch
=============================
====== JS ERROR CAUGHT ======
Unhandled Promise: TypeError: Failed to fetch
=============================
====== JS ERROR CAUGHT ======
Unhandled Promise: TypeError: Failed to fetch
=============================
====== JS ERROR CAUGHT ======
Unhandled Promise: TypeError: Failed to fetch
=============================
====== JS ERROR CAUGHT ======
Unhandled Promise: TypeError: Failed to fetch
=============================
====== JS ERROR CAUGHT ======
Unhandled Promise: TypeError: Failed to fetch
=============================
====== JS ERROR CAUGHT ======
Unhandled Promise: TypeError: Failed to fetch
=============================
====== JS ERROR CAUGHT ======
Unhandled Promise: TypeError: Failed to fetch
=============================
====== JS ERROR CAUGHT ======
Unhandled Promise: TypeError: Failed to fetch
=============================
====== JS ERROR CAUGHT ======
Unhandled Promise: TypeError: Failed to fetch
=============================
====== JS ERROR CAUGHT ======
Unhandled Promise: TypeError: Failed to fetch
=============================
====== JS ERROR CAUGHT ======
Unhandled Promise: TypeError: Failed to fetch
=============================
====== JS ERROR CAUGHT ======
Unhandled Promise: TypeError: Failed to fetch
=============================
====== JS ERROR CAUGHT ======
Unhandled Promise: TypeError: Failed to fetch
=============================
====== JS ERROR CAUGHT ======
Unhandled Promise: TypeError: Failed to fetch
=============================
====== JS ERROR CAUGHT ======
Unhandled Promise: TypeError: Failed to fetch
=============================
====== JS ERROR CAUGHT ======
Unhandled Promise: TypeError: Failed to fetch
=============================
====== JS ERROR CAUGHT ======
Unhandled Promise: TypeError: Failed to fetch
=============================
====== JS ERROR CAUGHT ======
Unhandled Promise: TypeError: Failed to fetch
=============================
====== JS ERROR CAUGHT ======
Unhandled Promise: TypeError: Failed to fetch
=============================
====== JS ERROR CAUGHT ======
Unhandled Promise: TypeError: Failed to fetch
=============================
====== JS ERROR CAUGHT ======
Unhandled Promise: TypeError: Failed to fetch
=============================
====== JS ERROR CAUGHT ======
Unhandled Promise: TypeError: Failed to fetch
=============================
====== JS ERROR CAUGHT ======
Unhandled Promise: TypeError: Failed to fetch
=============================
====== JS ERROR CAUGHT ======
Unhandled Promise: TypeError: Failed to fetch
=============================
====== JS ERROR CAUGHT ======
Unhandled Promise: TypeError: Failed to fetch
=============================
====== JS ERROR CAUGHT ======
Unhandled Promise: TypeError: Failed to fetch
=============================
====== JS ERROR CAUGHT ======
Unhandled Promise: TypeError: Failed to fetch
=============================
====== JS ERROR CAUGHT ======
Unhandled Promise: TypeError: Failed to fetch
=============================
====== JS ERROR CAUGHT ======
Unhandled Promise: TypeError: Failed to fetch
=============================
====== JS ERROR CAUGHT ======
Unhandled Promise: TypeError: Failed to fetch
=============================
====== JS ERROR CAUGHT ======
Unhandled Promise: TypeError: Failed to fetch
=============================
====== JS ERROR CAUGHT ======
Unhandled Promise: TypeError: Failed to fetch
=============================
====== JS ERROR CAUGHT ======
Unhandled Promise: TypeError: Failed to fetch
=============================
====== JS ERROR CAUGHT ======
Unhandled Promise: TypeError: Failed to fetch
=============================
====== JS ERROR CAUGHT ======
Unhandled Promise: TypeError: Failed to fetch
=============================
====== JS ERROR CAUGHT ======
Unhandled Promise: TypeError: Failed to fetch
=============================
====== JS ERROR CAUGHT ======
Unhandled Promise: TypeError: Failed to fetch
=============================
====== JS ERROR CAUGHT ======
Unhandled Promise: TypeError: Failed to fetch
=============================
====== JS ERROR CAUGHT ======
Unhandled Promise: TypeError: Failed to fetch
=============================
====== JS ERROR CAUGHT ======
Unhandled Promise: TypeError: Failed to fetch
=============================
====== JS ERROR CAUGHT ======
Unhandled Promise: TypeError: Failed to fetch
=============================
====== JS ERROR CAUGHT ======
Unhandled Promise: TypeError: Failed to fetch
=============================
====== JS ERROR CAUGHT ======
Unhandled Promise: TypeError: Failed to fetch
=============================
====== JS ERROR CAUGHT ======
Unhandled Promise: TypeError: Failed to fetch
=============================
====== JS ERROR CAUGHT ======
Unhandled Promise: TypeError: Failed to fetch
=============================
====== JS ERROR CAUGHT ======
Unhandled Promise: TypeError: Failed to fetch
=============================
====== JS ERROR CAUGHT ======
Unhandled Promise: TypeError: Failed to fetch
=============================
====== JS ERROR CAUGHT ======
Unhandled Promise: TypeError: Failed to fetch
=============================
====== JS ERROR CAUGHT ======
Unhandled Promise: TypeError: Failed to fetch
=============================
====== JS ERROR CAUGHT ======
Unhandled Promise: TypeError: Failed to fetch
=============================
====== JS ERROR CAUGHT ======
Unhandled Promise: TypeError: Failed to fetch
=============================
====== JS ERROR CAUGHT ======
Unhandled Promise: TypeError: Failed to fetch
=============================
====== JS ERROR CAUGHT ======
Unhandled Promise: TypeError: Failed to fetch
=============================
====== JS ERROR CAUGHT ======
Unhandled Promise: TypeError: Failed to fetch
=============================
====== JS ERROR CAUGHT ======
Unhandled Promise: TypeError: Failed to fetch
=============================
====== JS ERROR CAUGHT ======
Unhandled Promise: TypeError: Failed to fetch
=============================
====== JS ERROR CAUGHT ======
Unhandled Promise: TypeError: Failed to fetch
=============================
====== JS ERROR CAUGHT ======
Unhandled Promise: TypeError: Failed to fetch
=============================
====== JS ERROR CAUGHT ======
Unhandled Promise: TypeError: Failed to fetch
=============================
====== JS ERROR CAUGHT ======
Unhandled Promise: TypeError: Failed to fetch
=============================
====== JS ERROR CAUGHT ======
Unhandled Promise: TypeError: Failed to fetch
=============================
====== JS ERROR CAUGHT ======
Unhandled Promise: TypeError: Failed to fetch
=============================
====== JS ERROR CAUGHT ======
Unhandled Promise: TypeError: Failed to fetch
=============================
====== JS ERROR CAUGHT ======
Unhandled Promise: TypeError: Failed to fetch
=============================
====== JS ERROR CAUGHT ======
Unhandled Promise: TypeError: Failed to fetch
=============================
====== JS ERROR CAUGHT ======
Unhandled Promise: TypeError: Failed to fetch
=============================
====== JS ERROR CAUGHT ======
Unhandled Promise: TypeError: Failed to fetch
=============================
====== JS ERROR CAUGHT ======
Unhandled Promise: TypeError: Failed to fetch
=============================
====== JS ERROR CAUGHT ======
Unhandled Promise: TypeError: Failed to fetch
=============================
====== JS ERROR CAUGHT ======
Unhandled Promise: TypeError: Failed to fetch
=============================
====== JS ERROR CAUGHT ======
Unhandled Promise: TypeError: Failed to fetch
=============================
====== JS ERROR CAUGHT ======
Unhandled Promise: TypeError: Failed to fetch
=============================
====== JS ERROR CAUGHT ======
Unhandled Promise: TypeError: Failed to fetch
=============================
====== JS ERROR CAUGHT ======
Unhandled Promise: TypeError: Failed to fetch
=============================
====== JS ERROR CAUGHT ======
Unhandled Promise: TypeError: Failed to fetch
=============================
====== JS ERROR CAUGHT ======
Unhandled Promise: TypeError: Failed to fetch
=============================
====== JS ERROR CAUGHT ======
Unhandled Promise: TypeError: Failed to fetch
=============================
====== JS ERROR CAUGHT ======
Unhandled Promise: TypeError: Failed to fetch
=============================
====== JS ERROR CAUGHT ======
Unhandled Promise: TypeError: Failed to fetch
=============================
====== JS ERROR CAUGHT ======
Unhandled Promise: TypeError: Failed to fetch
=============================
====== JS ERROR CAUGHT ======
Unhandled Promise: TypeError: Failed to fetch
=============================
====== JS ERROR CAUGHT ======
Unhandled Promise: TypeError: Failed to fetch
=============================
====== JS ERROR CAUGHT ======
Unhandled Promise: TypeError: Failed to fetch
=============================
====== JS ERROR CAUGHT ======
Unhandled Promise: TypeError: Failed to fetch
=============================
====== JS ERROR CAUGHT ======
Unhandled Promise: TypeError: Failed to fetch
=============================
====== JS ERROR CAUGHT ======
Unhandled Promise: TypeError: Failed to fetch
=============================
====== JS ERROR CAUGHT ======
Unhandled Promise: TypeError: Failed to fetch
=============================
====== JS ERROR CAUGHT ======
Unhandled Promise: TypeError: Failed to fetch
=============================
====== JS ERROR CAUGHT ======
Unhandled Promise: TypeError: Failed to fetch
=============================
====== JS ERROR CAUGHT ======
Unhandled Promise: TypeError: Failed to fetch
=============================
====== JS ERROR CAUGHT ======
Unhandled Promise: TypeError: Failed to fetch
=============================
====== JS ERROR CAUGHT ======
Unhandled Promise: TypeError: Failed to fetch
=============================
====== JS ERROR CAUGHT ======
Unhandled Promise: TypeError: Failed to fetch
=============================
====== JS ERROR CAUGHT ======
Unhandled Promise: TypeError: Failed to fetch
=============================
====== JS ERROR CAUGHT ======
Unhandled Promise: TypeError: Failed to fetch
=============================
====== JS ERROR CAUGHT ======
Unhandled Promise: TypeError: Failed to fetch
=============================
====== JS ERROR CAUGHT ======
Unhandled Promise: TypeError: Failed to fetch
=============================
====== JS ERROR CAUGHT ======
Unhandled Promise: TypeError: Failed to fetch
=============================
====== JS ERROR CAUGHT ======
Unhandled Promise: TypeError: Failed to fetch
=============================
====== JS ERROR CAUGHT ======
Unhandled Promise: TypeError: Failed to fetch
=============================
====== JS ERROR CAUGHT ======
Unhandled Promise: TypeError: Failed to fetch
=============================
====== JS ERROR CAUGHT ======
Unhandled Promise: TypeError: Failed to fetch
=============================
====== JS ERROR CAUGHT ======
Unhandled Promise: TypeError: Failed to fetch
=============================
====== JS ERROR CAUGHT ======
Unhandled Promise: TypeError: Failed to fetch
=============================
====== JS ERROR CAUGHT ======
Unhandled Promise: TypeError: Failed to fetch
=============================
====== JS ERROR CAUGHT ======
Unhandled Promise: TypeError: Failed to fetch
=============================
====== JS ERROR CAUGHT ======
Unhandled Promise: TypeError: Failed to fetch
=============================
====== JS ERROR CAUGHT ======
Unhandled Promise: TypeError: Failed to fetch
=============================
====== JS ERROR CAUGHT ======
Unhandled Promise: TypeError: Failed to fetch
=============================
====== JS ERROR CAUGHT ======
Unhandled Promise: TypeError: Failed to fetch
=============================
====== JS ERROR CAUGHT ======
Unhandled Promise: TypeError: Failed to fetch
=============================
====== JS ERROR CAUGHT ======
Unhandled Promise: TypeError: Failed to fetch
=============================
====== JS ERROR CAUGHT ======
Unhandled Promise: TypeError: Failed to fetch
=============================
====== JS ERROR CAUGHT ======
Unhandled Promise: TypeError: Failed to fetch
=============================
====== JS ERROR CAUGHT ======
Unhandled Promise: TypeError: Failed to fetch
=============================
====== JS ERROR CAUGHT ======
Unhandled Promise: TypeError: Failed to fetch
=============================
====== JS ERROR CAUGHT ======
Unhandled Promise: TypeError: Failed to fetch
=============================
====== JS ERROR CAUGHT ======
Unhandled Promise: TypeError: Failed to fetch
=============================
====== JS ERROR CAUGHT ======
Unhandled Promise: TypeError: Failed to fetch
=============================
====== JS ERROR CAUGHT ======
Unhandled Promise: TypeError: Failed to fetch
=============================
====== JS ERROR CAUGHT ======
Unhandled Promise: TypeError: Failed to fetch
=============================
====== JS ERROR CAUGHT ======
Unhandled Promise: TypeError: Failed to fetch
=============================
====== JS ERROR CAUGHT ======
Unhandled Promise: TypeError: Failed to fetch
=============================
====== JS ERROR CAUGHT ======
Unhandled Promise: TypeError: Failed to fetch
=============================
====== JS ERROR CAUGHT ======
Unhandled Promise: TypeError: Failed to fetch
=============================
====== JS ERROR CAUGHT ======
Unhandled Promise: TypeError: Failed to fetch
=============================
====== JS ERROR CAUGHT ======
Unhandled Promise: TypeError: Failed to fetch
=============================
====== JS ERROR CAUGHT ======
Unhandled Promise: TypeError: Failed to fetch
=============================
====== JS ERROR CAUGHT ======
Unhandled Promise: TypeError: Failed to fetch
=============================
====== JS ERROR CAUGHT ======
Unhandled Promise: TypeError: Failed to fetch
=============================
====== JS ERROR CAUGHT ======
Unhandled Promise: TypeError: Failed to fetch
=============================
====== JS ERROR CAUGHT ======
Unhandled Promise: TypeError: Failed to fetch
=============================
====== JS ERROR CAUGHT ======
Unhandled Promise: TypeError: Failed to fetch
=============================
====== JS ERROR CAUGHT ======
Unhandled Promise: TypeError: Failed to fetch
=============================
====== JS ERROR CAUGHT ======
Unhandled Promise: TypeError: Failed to fetch
=============================
====== JS ERROR CAUGHT ======
Unhandled Promise: TypeError: Failed to fetch
=============================
====== JS ERROR CAUGHT ======
Unhandled Promise: TypeError: Failed to fetch
=============================
====== JS ERROR CAUGHT ======
Unhandled Promise: TypeError: Failed to fetch
=============================
====== JS ERROR CAUGHT ======
Unhandled Promise: TypeError: Failed to fetch
=============================
====== JS ERROR CAUGHT ======
Unhandled Promise: TypeError: Failed to fetch
=============================
====== JS ERROR CAUGHT ======
Unhandled Promise: TypeError: Failed to fetch
=============================
====== JS ERROR CAUGHT ======
Unhandled Promise: TypeError: Failed to fetch
=============================
====== JS ERROR CAUGHT ======
Unhandled Promise: TypeError: Failed to fetch
=============================
====== JS ERROR CAUGHT ======
Unhandled Promise: TypeError: Failed to fetch
=============================
====== JS ERROR CAUGHT ======
Unhandled Promise: TypeError: Failed to fetch
=============================
====== JS ERROR CAUGHT ======
Unhandled Promise: TypeError: Failed to fetch
=============================
====== JS ERROR CAUGHT ======
Unhandled Promise: TypeError: Failed to fetch
=============================
====== JS ERROR CAUGHT ======
Unhandled Promise: TypeError: Failed to fetch
=============================
====== JS ERROR CAUGHT ======
Unhandled Promise: TypeError: Failed to fetch
=============================
====== JS ERROR CAUGHT ======
Unhandled Promise: TypeError: Failed to fetch
=============================
====== JS ERROR CAUGHT ======
Unhandled Promise: TypeError: Failed to fetch
=============================
====== JS ERROR CAUGHT ======
Unhandled Promise: TypeError: Failed to fetch
=============================
====== JS ERROR CAUGHT ======
Unhandled Promise: TypeError: Failed to fetch
=============================
====== JS ERROR CAUGHT ======
Unhandled Promise: TypeError: Failed to fetch
=============================
====== JS ERROR CAUGHT ======
Unhandled Promise: TypeError: Failed to fetch
=============================
====== JS ERROR CAUGHT ======
Unhandled Promise: TypeError: Failed to fetch
=============================
====== JS ERROR CAUGHT ======
Unhandled Promise: TypeError: Failed to fetch
=============================
====== JS ERROR CAUGHT ======
Unhandled Promise: TypeError: Failed to fetch
=============================
====== JS ERROR CAUGHT ======
Unhandled Promise: TypeError: Failed to fetch
=============================
====== JS ERROR CAUGHT ======
Unhandled Promise: TypeError: Failed to fetch
=============================
====== JS ERROR CAUGHT ======
Unhandled Promise: TypeError: Failed to fetch
=============================
====== JS ERROR CAUGHT ======
Unhandled Promise: TypeError: Failed to fetch
=============================
====== JS ERROR CAUGHT ======
Unhandled Promise: TypeError: Failed to fetch
=============================
====== JS ERROR CAUGHT ======
Unhandled Promise: TypeError: Failed to fetch
=============================
====== JS ERROR CAUGHT ======
Unhandled Promise: TypeError: Failed to fetch
=============================
====== JS ERROR CAUGHT ======
Unhandled Promise: TypeError: Failed to fetch
=============================
====== JS ERROR CAUGHT ======
Unhandled Promise: TypeError: Failed to fetch
=============================
====== JS ERROR CAUGHT ======
Unhandled Promise: TypeError: Failed to fetch
=============================
====== JS ERROR CAUGHT ======
Unhandled Promise: TypeError: Failed to fetch
=============================
====== JS ERROR CAUGHT ======
Unhandled Promise: TypeError: Failed to fetch
=============================
====== JS ERROR CAUGHT ======
Unhandled Promise: TypeError: Failed to fetch
=============================
====== JS ERROR CAUGHT ======
Unhandled Promise: TypeError: Failed to fetch
=============================
====== JS ERROR CAUGHT ======
Unhandled Promise: TypeError: Failed to fetch
=============================
====== JS ERROR CAUGHT ======
Unhandled Promise: TypeError: Failed to fetch
=============================
====== JS ERROR CAUGHT ======
Unhandled Promise: TypeError: Failed to fetch
=============================
====== JS ERROR CAUGHT ======
Unhandled Promise: TypeError: Failed to fetch
=============================
====== JS ERROR CAUGHT ======
Unhandled Promise: TypeError: Failed to fetch
=============================
====== JS ERROR CAUGHT ======
Unhandled Promise: TypeError: Failed to fetch
=============================
====== JS ERROR CAUGHT ======
Unhandled Promise: TypeError: Failed to fetch
=============================
====== JS ERROR CAUGHT ======
Unhandled Promise: TypeError: Failed to fetch
=============================
====== JS ERROR CAUGHT ======
Unhandled Promise: TypeError: Failed to fetch
=============================
====== JS ERROR CAUGHT ======
Unhandled Promise: TypeError: Failed to fetch
=============================
====== JS ERROR CAUGHT ======
Unhandled Promise: TypeError: Failed to fetch
=============================
====== JS ERROR CAUGHT ======
Unhandled Promise: TypeError: Failed to fetch
=============================
====== JS ERROR CAUGHT ======
Unhandled Promise: TypeError: Failed to fetch
=============================
====== JS ERROR CAUGHT ======
Unhandled Promise: TypeError: Failed to fetch
=============================
====== JS ERROR CAUGHT ======
Unhandled Promise: TypeError: Failed to fetch
=============================
====== JS ERROR CAUGHT ======
Unhandled Promise: TypeError: Failed to fetch
=============================
====== JS ERROR CAUGHT ======
Unhandled Promise: TypeError: Failed to fetch
=============================
====== JS ERROR CAUGHT ======
Unhandled Promise: TypeError: Failed to fetch
=============================
====== JS ERROR CAUGHT ======
Unhandled Promise: TypeError: Failed to fetch
=============================
====== JS ERROR CAUGHT ======
Unhandled Promise: TypeError: Failed to fetch
=============================
====== JS ERROR CAUGHT ======
Unhandled Promise: TypeError: Failed to fetch
=============================
====== JS ERROR CAUGHT ======
Unhandled Promise: TypeError: Failed to fetch
=============================
====== JS ERROR CAUGHT ======
Unhandled Promise: TypeError: Failed to fetch
=============================
====== JS ERROR CAUGHT ======
Unhandled Promise: TypeError: Failed to fetch
=============================
====== JS ERROR CAUGHT ======
Unhandled Promise: TypeError: Failed to fetch
=============================
====== JS ERROR CAUGHT ======
Unhandled Promise: TypeError: Failed to fetch
=============================
====== JS ERROR CAUGHT ======
Unhandled Promise: TypeError: Failed to fetch
=============================
====== JS ERROR CAUGHT ======
Unhandled Promise: TypeError: Failed to fetch
=============================
====== JS ERROR CAUGHT ======
Unhandled Promise: TypeError: Failed to fetch
=============================
====== JS ERROR CAUGHT ======
Unhandled Promise: TypeError: Failed to fetch
=============================
====== JS ERROR CAUGHT ======
Unhandled Promise: TypeError: Failed to fetch
=============================
====== JS ERROR CAUGHT ======
Unhandled Promise: TypeError: Failed to fetch
=============================
====== JS ERROR CAUGHT ======
Unhandled Promise: TypeError: Failed to fetch
=============================
====== JS ERROR CAUGHT ======
Unhandled Promise: TypeError: Failed to fetch
=============================
====== JS ERROR CAUGHT ======
Unhandled Promise: TypeError: Failed to fetch
=============================
====== JS ERROR CAUGHT ======
Unhandled Promise: TypeError: Failed to fetch
=============================
====== JS ERROR CAUGHT ======
Unhandled Promise: TypeError: Failed to fetch
=============================
====== JS ERROR CAUGHT ======
Unhandled Promise: TypeError: Failed to fetch
=============================
====== JS ERROR CAUGHT ======
Unhandled Promise: TypeError: Failed to fetch
=============================
====== JS ERROR CAUGHT ======
Unhandled Promise: TypeError: Failed to fetch
=============================
====== JS ERROR CAUGHT ======
Unhandled Promise: TypeError: Failed to fetch
=============================
====== JS ERROR CAUGHT ======
Unhandled Promise: TypeError: Failed to fetch
=============================
====== JS ERROR CAUGHT ======
Unhandled Promise: TypeError: Failed to fetch
=============================
====== JS ERROR CAUGHT ======
Unhandled Promise: TypeError: Failed to fetch
=============================
====== JS ERROR CAUGHT ======
Unhandled Promise: TypeError: Failed to fetch
=============================
====== JS ERROR CAUGHT ======
Unhandled Promise: TypeError: Failed to fetch
=============================
====== JS ERROR CAUGHT ======
Unhandled Promise: TypeError: Failed to fetch
=============================
====== JS ERROR CAUGHT ======
Unhandled Promise: TypeError: Failed to fetch
=============================
====== JS ERROR CAUGHT ======
Unhandled Promise: TypeError: Failed to fetch
=============================
====== JS ERROR CAUGHT ======
Unhandled Promise: TypeError: Failed to fetch
=============================
====== JS ERROR CAUGHT ======
Unhandled Promise: TypeError: Failed to fetch
=============================
====== JS ERROR CAUGHT ======
Unhandled Promise: TypeError: Failed to fetch
=============================
====== JS ERROR CAUGHT ======
Unhandled Promise: TypeError: Failed to fetch
=============================
====== JS ERROR CAUGHT ======
Unhandled Promise: TypeError: Failed to fetch
=============================
====== JS ERROR CAUGHT ======
Unhandled Promise: TypeError: Failed to fetch
=============================
====== JS ERROR CAUGHT ======
Unhandled Promise: TypeError: Failed to fetch
=============================
====== JS ERROR CAUGHT ======
Unhandled Promise: TypeError: Failed to fetch
=============================
====== JS ERROR CAUGHT ======
Unhandled Promise: TypeError: Failed to fetch
=============================
====== JS ERROR CAUGHT ======
Unhandled Promise: TypeError: Failed to fetch
=============================
====== JS ERROR CAUGHT ======
Unhandled Promise: TypeError: Failed to fetch
=============================
====== JS ERROR CAUGHT ======
Unhandled Promise: TypeError: Failed to fetch
=============================
====== JS ERROR CAUGHT ======
Unhandled Promise: TypeError: Failed to fetch
=============================
====== JS ERROR CAUGHT ======
Unhandled Promise: TypeError: Failed to fetch
=============================
====== JS ERROR CAUGHT ======
Unhandled Promise: TypeError: Failed to fetch
=============================
====== JS ERROR CAUGHT ======
Unhandled Promise: TypeError: Failed to fetch
=============================
====== JS ERROR CAUGHT ======
Unhandled Promise: TypeError: Failed to fetch
=============================
====== JS ERROR CAUGHT ======
Unhandled Promise: TypeError: Failed to fetch
=============================
====== JS ERROR CAUGHT ======
Unhandled Promise: TypeError: Failed to fetch
=============================
====== JS ERROR CAUGHT ======
Unhandled Promise: TypeError: Failed to fetch
=============================
====== JS ERROR CAUGHT ======
Unhandled Promise: TypeError: Failed to fetch
=============================
====== JS ERROR CAUGHT ======
Unhandled Promise: TypeError: Failed to fetch
=============================
====== JS ERROR CAUGHT ======
Unhandled Promise: TypeError: Failed to fetch
=============================
====== JS ERROR CAUGHT ======
Unhandled Promise: TypeError: Failed to fetch
=============================
====== JS ERROR CAUGHT ======
Unhandled Promise: TypeError: Failed to fetch
=============================
====== JS ERROR CAUGHT ======
Unhandled Promise: TypeError: Failed to fetch
=============================
====== JS ERROR CAUGHT ======
Unhandled Promise: TypeError: Failed to fetch
=============================
====== JS ERROR CAUGHT ======
Unhandled Promise: TypeError: Failed to fetch
=============================
====== JS ERROR CAUGHT ======
Unhandled Promise: TypeError: Failed to fetch
=============================
====== JS ERROR CAUGHT ======
Unhandled Promise: TypeError: Failed to fetch
=============================
====== JS ERROR CAUGHT ======
Unhandled Promise: TypeError: Failed to fetch
=============================
====== JS ERROR CAUGHT ======
Unhandled Promise: TypeError: Failed to fetch
=============================
====== JS ERROR CAUGHT ======
Unhandled Promise: TypeError: Failed to fetch
=============================
====== JS ERROR CAUGHT ======
Unhandled Promise: TypeError: Failed to fetch
=============================
====== JS ERROR CAUGHT ======
Unhandled Promise: TypeError: Failed to fetch
=============================
====== JS ERROR CAUGHT ======
Unhandled Promise: TypeError: Failed to fetch
=============================
====== JS ERROR CAUGHT ======
Unhandled Promise: TypeError: Failed to fetch
=============================
====== JS ERROR CAUGHT ======
Unhandled Promise: TypeError: Failed to fetch
=============================
====== JS ERROR CAUGHT ======
Unhandled Promise: TypeError: Failed to fetch
=============================
====== JS ERROR CAUGHT ======
Unhandled Promise: TypeError: Failed to fetch
=============================
====== JS ERROR CAUGHT ======
Unhandled Promise: TypeError: Failed to fetch
=============================
====== JS ERROR CAUGHT ======
Unhandled Promise: TypeError: Failed to fetch
=============================
====== JS ERROR CAUGHT ======
Unhandled Promise: TypeError: Failed to fetch
=============================
====== JS ERROR CAUGHT ======
Unhandled Promise: TypeError: Failed to fetch
=============================
====== JS ERROR CAUGHT ======
Unhandled Promise: TypeError: Failed to fetch
=============================
====== JS ERROR CAUGHT ======
Unhandled Promise: TypeError: Failed to fetch
=============================
====== JS ERROR CAUGHT ======
Unhandled Promise: TypeError: Failed to fetch
=============================
====== JS ERROR CAUGHT ======
Unhandled Promise: TypeError: Failed to fetch
=============================
====== JS ERROR CAUGHT ======
Unhandled Promise: TypeError: Failed to fetch
=============================
====== JS ERROR CAUGHT ======
Unhandled Promise: TypeError: Failed to fetch
=============================
====== JS ERROR CAUGHT ======
Unhandled Promise: TypeError: Failed to fetch
=============================
====== JS ERROR CAUGHT ======
Unhandled Promise: TypeError: Failed to fetch
=============================
====== JS ERROR CAUGHT ======
Unhandled Promise: TypeError: Failed to fetch
=============================
====== JS ERROR CAUGHT ======
Unhandled Promise: TypeError: Failed to fetch
=============================
====== JS ERROR CAUGHT ======
Unhandled Promise: TypeError: Failed to fetch
=============================
====== JS ERROR CAUGHT ======
Unhandled Promise: TypeError: Failed to fetch
=============================
====== JS ERROR CAUGHT ======
Unhandled Promise: TypeError: Failed to fetch
=============================
====== JS ERROR CAUGHT ======
Unhandled Promise: TypeError: Failed to fetch
=============================
====== JS ERROR CAUGHT ======
Unhandled Promise: TypeError: Failed to fetch
=============================
====== JS ERROR CAUGHT ======
Unhandled Promise: TypeError: Failed to fetch
=============================
====== JS ERROR CAUGHT ======
Unhandled Promise: TypeError: Failed to fetch
=============================
====== JS ERROR CAUGHT ======
Unhandled Promise: TypeError: Failed to fetch
=============================
====== JS ERROR CAUGHT ======
Unhandled Promise: TypeError: Failed to fetch
=============================
====== JS ERROR CAUGHT ======
Unhandled Promise: TypeError: Failed to fetch
=============================
====== JS ERROR CAUGHT ======
Unhandled Promise: TypeError: Failed to fetch
=============================
====== JS ERROR CAUGHT ======
Unhandled Promise: TypeError: Failed to fetch
=============================
====== JS ERROR CAUGHT ======
Unhandled Promise: TypeError: Failed to fetch
=============================
====== JS ERROR CAUGHT ======
Unhandled Promise: TypeError: Failed to fetch
=============================
====== JS ERROR CAUGHT ======
Unhandled Promise: TypeError: Failed to fetch
=============================
====== JS ERROR CAUGHT ======
Unhandled Promise: TypeError: Failed to fetch
=============================
====== JS ERROR CAUGHT ======
Unhandled Promise: TypeError: Failed to fetch
=============================
====== JS ERROR CAUGHT ======
Unhandled Promise: TypeError: Failed to fetch
=============================
====== JS ERROR CAUGHT ======
Unhandled Promise: TypeError: Failed to fetch
=============================
====== JS ERROR CAUGHT ======
Unhandled Promise: TypeError: Failed to fetch
=============================
====== JS ERROR CAUGHT ======
Unhandled Promise: TypeError: Failed to fetch
=============================
====== JS ERROR CAUGHT ======
Unhandled Promise: TypeError: Failed to fetch
=============================
====== JS ERROR CAUGHT ======
Unhandled Promise: TypeError: Failed to fetch
=============================
====== JS ERROR CAUGHT ======
Unhandled Promise: TypeError: Failed to fetch
=============================
====== JS ERROR CAUGHT ======
Unhandled Promise: TypeError: Failed to fetch
=============================
====== JS ERROR CAUGHT ======
Unhandled Promise: TypeError: Failed to fetch
=============================
====== JS ERROR CAUGHT ======
Unhandled Promise: TypeError: Failed to fetch
=============================
====== JS ERROR CAUGHT ======
Unhandled Promise: TypeError: Failed to fetch
=============================
====== JS ERROR CAUGHT ======
Unhandled Promise: TypeError: Failed to fetch
=============================
====== JS ERROR CAUGHT ======
Unhandled Promise: TypeError: Failed to fetch
=============================
====== JS ERROR CAUGHT ======
Unhandled Promise: TypeError: Failed to fetch
=============================
====== JS ERROR CAUGHT ======
Unhandled Promise: TypeError: Failed to fetch
=============================
====== JS ERROR CAUGHT ======
Unhandled Promise: TypeError: Failed to fetch
=============================
====== JS ERROR CAUGHT ======
Unhandled Promise: TypeError: Failed to fetch
=============================
====== JS ERROR CAUGHT ======
Unhandled Promise: TypeError: Failed to fetch
=============================
====== JS ERROR CAUGHT ======
Unhandled Promise: TypeError: Failed to fetch
=============================
====== JS ERROR CAUGHT ======
Unhandled Promise: TypeError: Failed to fetch
=============================
====== JS ERROR CAUGHT ======
Unhandled Promise: TypeError: Failed to fetch
=============================
====== JS ERROR CAUGHT ======
Unhandled Promise: TypeError: Failed to fetch
=============================
====== JS ERROR CAUGHT ======
Unhandled Promise: TypeError: Failed to fetch
=============================
====== JS ERROR CAUGHT ======
Unhandled Promise: TypeError: Failed to fetch
=============================
====== JS ERROR CAUGHT ======
Unhandled Promise: TypeError: Failed to fetch
=============================
====== JS ERROR CAUGHT ======
Unhandled Promise: TypeError: Failed to fetch
=============================
====== JS ERROR CAUGHT ======
Unhandled Promise: TypeError: Failed to fetch
=============================
====== JS ERROR CAUGHT ======
Unhandled Promise: TypeError: Failed to fetch
=============================
====== JS ERROR CAUGHT ======
Unhandled Promise: TypeError: Failed to fetch
=============================
====== JS ERROR CAUGHT ======
Unhandled Promise: TypeError: Failed to fetch
=============================
====== JS ERROR CAUGHT ======
Unhandled Promise: TypeError: Failed to fetch
=============================
====== JS ERROR CAUGHT ======
Unhandled Promise: TypeError: Failed to fetch
=============================
====== JS ERROR CAUGHT ======
Unhandled Promise: TypeError: Failed to fetch
=============================
====== JS ERROR CAUGHT ======
Unhandled Promise: TypeError: Failed to fetch
=============================
====== JS ERROR CAUGHT ======
Unhandled Promise: TypeError: Failed to fetch
=============================
====== JS ERROR CAUGHT ======
Unhandled Promise: TypeError: Failed to fetch
=============================
====== JS ERROR CAUGHT ======
Unhandled Promise: TypeError: Failed to fetch
=============================
====== JS ERROR CAUGHT ======
Unhandled Promise: TypeError: Failed to fetch
=============================
====== JS ERROR CAUGHT ======
Unhandled Promise: TypeError: Failed to fetch
=============================
====== JS ERROR CAUGHT ======
Unhandled Promise: TypeError: Failed to fetch
=============================
====== JS ERROR CAUGHT ======
Unhandled Promise: TypeError: Failed to fetch
=============================
====== JS ERROR CAUGHT ======
Unhandled Promise: TypeError: Failed to fetch
=============================
====== JS ERROR CAUGHT ======
Unhandled Promise: TypeError: Failed to fetch
=============================
====== JS ERROR CAUGHT ======
Unhandled Promise: TypeError: Failed to fetch
=============================
====== JS ERROR CAUGHT ======
Unhandled Promise: TypeError: Failed to fetch
=============================
====== JS ERROR CAUGHT ======
Unhandled Promise: TypeError: Failed to fetch
=============================
====== JS ERROR CAUGHT ======
Unhandled Promise: TypeError: Failed to fetch
=============================
====== JS ERROR CAUGHT ======
Unhandled Promise: TypeError: Failed to fetch
=============================
====== JS ERROR CAUGHT ======
Unhandled Promise: TypeError: Failed to fetch
=============================
====== JS ERROR CAUGHT ======
Unhandled Promise: TypeError: Failed to fetch
=============================
====== JS ERROR CAUGHT ======
Unhandled Promise: TypeError: Failed to fetch
=============================
====== JS ERROR CAUGHT ======
Unhandled Promise: TypeError: Failed to fetch
=============================
====== JS ERROR CAUGHT ======
Unhandled Promise: TypeError: Failed to fetch
=============================
====== JS ERROR CAUGHT ======
Unhandled Promise: TypeError: Failed to fetch
=============================
====== JS ERROR CAUGHT ======
Unhandled Promise: TypeError: Failed to fetch
=============================
====== JS ERROR CAUGHT ======
Unhandled Promise: TypeError: Failed to fetch
=============================
====== JS ERROR CAUGHT ======
Unhandled Promise: TypeError: Failed to fetch
=============================
====== JS ERROR CAUGHT ======
Unhandled Promise: TypeError: Failed to fetch
=============================
====== JS ERROR CAUGHT ======
Unhandled Promise: TypeError: Failed to fetch
=============================
====== JS ERROR CAUGHT ======
Unhandled Promise: TypeError: Failed to fetch
=============================
====== JS ERROR CAUGHT ======
Unhandled Promise: TypeError: Failed to fetch
=============================
====== JS ERROR CAUGHT ======
Unhandled Promise: TypeError: Failed to fetch
=============================
====== JS ERROR CAUGHT ======
Unhandled Promise: TypeError: Failed to fetch
=============================
====== JS ERROR CAUGHT ======
Unhandled Promise: TypeError: Failed to fetch
=============================
====== JS ERROR CAUGHT ======
Unhandled Promise: TypeError: Failed to fetch
=============================
====== JS ERROR CAUGHT ======
Unhandled Promise: TypeError: Failed to fetch
=============================
====== JS ERROR CAUGHT ======
Unhandled Promise: TypeError: Failed to fetch
=============================
====== JS ERROR CAUGHT ======
Unhandled Promise: TypeError: Failed to fetch
=============================
====== JS ERROR CAUGHT ======
Unhandled Promise: TypeError: Failed to fetch
=============================
====== JS ERROR CAUGHT ======
Unhandled Promise: TypeError: Failed to fetch
=============================
====== JS ERROR CAUGHT ======
Unhandled Promise: TypeError: Failed to fetch
=============================
====== JS ERROR CAUGHT ======
Unhandled Promise: TypeError: Failed to fetch
=============================
====== JS ERROR CAUGHT ======
Unhandled Promise: TypeError: Failed to fetch
=============================
====== JS ERROR CAUGHT ======
Unhandled Promise: TypeError: Failed to fetch
=============================
====== JS ERROR CAUGHT ======
Unhandled Promise: TypeError: Failed to fetch
=============================
====== JS ERROR CAUGHT ======
Unhandled Promise: TypeError: Failed to fetch
=============================
====== JS ERROR CAUGHT ======
Unhandled Promise: TypeError: Failed to fetch
=============================
====== JS ERROR CAUGHT ======
Unhandled Promise: TypeError: Failed to fetch
=============================
====== JS ERROR CAUGHT ======
Unhandled Promise: TypeError: Failed to fetch
=============================
====== JS ERROR CAUGHT ======
Unhandled Promise: TypeError: Failed to fetch
=============================
====== JS ERROR CAUGHT ======
Unhandled Promise: TypeError: Failed to fetch
=============================
====== JS ERROR CAUGHT ======
Unhandled Promise: TypeError: Failed to fetch
=============================
====== JS ERROR CAUGHT ======
Unhandled Promise: TypeError: Failed to fetch
=============================
====== JS ERROR CAUGHT ======
Unhandled Promise: TypeError: Failed to fetch
=============================
====== JS ERROR CAUGHT ======
Unhandled Promise: TypeError: Failed to fetch
=============================
====== JS ERROR CAUGHT ======
Unhandled Promise: TypeError: Failed to fetch
=============================
====== JS ERROR CAUGHT ======
Unhandled Promise: TypeError: Failed to fetch
=============================
====== JS ERROR CAUGHT ======
Unhandled Promise: TypeError: Failed to fetch
=============================
====== JS ERROR CAUGHT ======
Unhandled Promise: TypeError: Failed to fetch
=============================
====== JS ERROR CAUGHT ======
Unhandled Promise: TypeError: Failed to fetch
=============================
====== JS ERROR CAUGHT ======
Unhandled Promise: TypeError: Failed to fetch
=============================
====== JS ERROR CAUGHT ======
Unhandled Promise: TypeError: Failed to fetch
=============================
====== JS ERROR CAUGHT ======
Unhandled Promise: TypeError: Failed to fetch
=============================
====== JS ERROR CAUGHT ======
Unhandled Promise: TypeError: Failed to fetch
=============================
====== JS ERROR CAUGHT ======
Unhandled Promise: TypeError: Failed to fetch
=============================
====== JS ERROR CAUGHT ======
Unhandled Promise: TypeError: Failed to fetch
=============================
====== JS ERROR CAUGHT ======
Unhandled Promise: TypeError: Failed to fetch
=============================
====== JS ERROR CAUGHT ======
Unhandled Promise: TypeError: Failed to fetch
=============================
====== JS ERROR CAUGHT ======
Unhandled Promise: TypeError: Failed to fetch
=============================
====== JS ERROR CAUGHT ======
Unhandled Promise: TypeError: Failed to fetch
=============================
====== JS ERROR CAUGHT ======
Unhandled Promise: TypeError: Failed to fetch
=============================
====== JS ERROR CAUGHT ======
Unhandled Promise: TypeError: Failed to fetch
=============================
====== JS ERROR CAUGHT ======
Unhandled Promise: TypeError: Failed to fetch
=============================
====== JS ERROR CAUGHT ======
Unhandled Promise: TypeError: Failed to fetch
=============================
====== JS ERROR CAUGHT ======
Unhandled Promise: TypeError: Failed to fetch
=============================
====== JS ERROR CAUGHT ======
Unhandled Promise: TypeError: Failed to fetch
=============================
====== JS ERROR CAUGHT ======
Unhandled Promise: TypeError: Failed to fetch
=============================
====== JS ERROR CAUGHT ======
Unhandled Promise: TypeError: Failed to fetch
=============================
====== JS ERROR CAUGHT ======
Unhandled Promise: TypeError: Failed to fetch
=============================
====== JS ERROR CAUGHT ======
Unhandled Promise: TypeError: Failed to fetch
=============================
====== JS ERROR CAUGHT ======
Unhandled Promise: TypeError: Failed to fetch
=============================
====== JS ERROR CAUGHT ======
Unhandled Promise: TypeError: Failed to fetch
=============================
====== JS ERROR CAUGHT ======
Unhandled Promise: TypeError: Failed to fetch
=============================
====== JS ERROR CAUGHT ======
Unhandled Promise: TypeError: Failed to fetch
=============================
====== JS ERROR CAUGHT ======
Unhandled Promise: TypeError: Failed to fetch
=============================
====== JS ERROR CAUGHT ======
Unhandled Promise: TypeError: Failed to fetch
=============================
====== JS ERROR CAUGHT ======
Unhandled Promise: TypeError: Failed to fetch
=============================
====== JS ERROR CAUGHT ======
Unhandled Promise: TypeError: Failed to fetch
=============================
====== JS ERROR CAUGHT ======
Unhandled Promise: TypeError: Failed to fetch
=============================
====== JS ERROR CAUGHT ======
Unhandled Promise: TypeError: Failed to fetch
=============================
====== JS ERROR CAUGHT ======
Unhandled Promise: TypeError: Failed to fetch
=============================
====== JS ERROR CAUGHT ======
Unhandled Promise: TypeError: Failed to fetch
=============================
====== JS ERROR CAUGHT ======
Unhandled Promise: TypeError: Failed to fetch
=============================
====== JS ERROR CAUGHT ======
Unhandled Promise: TypeError: Failed to fetch
=============================
====== JS ERROR CAUGHT ======
Unhandled Promise: TypeError: Failed to fetch
=============================
====== JS ERROR CAUGHT ======
Unhandled Promise: TypeError: Failed to fetch
=============================
====== JS ERROR CAUGHT ======
Unhandled Promise: TypeError: Failed to fetch
=============================
====== JS ERROR CAUGHT ======
Unhandled Promise: TypeError: Failed to fetch
=============================
====== JS ERROR CAUGHT ======
Unhandled Promise: TypeError: Failed to fetch
=============================
====== JS ERROR CAUGHT ======
Unhandled Promise: TypeError: Failed to fetch
=============================
====== JS ERROR CAUGHT ======
Unhandled Promise: TypeError: Failed to fetch
=============================
====== JS ERROR CAUGHT ======
Unhandled Promise: TypeError: Failed to fetch
=============================
====== JS ERROR CAUGHT ======
Unhandled Promise: TypeError: Failed to fetch
=============================
====== JS ERROR CAUGHT ======
Unhandled Promise: TypeError: Failed to fetch
=============================
====== JS ERROR CAUGHT ======
Unhandled Promise: TypeError: Failed to fetch
=============================
====== JS ERROR CAUGHT ======
Unhandled Promise: TypeError: Failed to fetch
=============================
====== JS ERROR CAUGHT ======
Unhandled Promise: TypeError: Failed to fetch
=============================
====== JS ERROR CAUGHT ======
Unhandled Promise: TypeError: Failed to fetch
=============================
====== JS ERROR CAUGHT ======
Unhandled Promise: TypeError: Failed to fetch
=============================
====== JS ERROR CAUGHT ======
Unhandled Promise: TypeError: Failed to fetch
=============================
====== JS ERROR CAUGHT ======
Unhandled Promise: TypeError: Failed to fetch
=============================
====== JS ERROR CAUGHT ======
Unhandled Promise: TypeError: Failed to fetch
=============================
====== JS ERROR CAUGHT ======
Unhandled Promise: TypeError: Failed to fetch
=============================
====== JS ERROR CAUGHT ======
Unhandled Promise: TypeError: Failed to fetch
=============================
====== JS ERROR CAUGHT ======
Unhandled Promise: TypeError: Failed to fetch
=============================
====== JS ERROR CAUGHT ======
Unhandled Promise: TypeError: Failed to fetch
=============================
====== JS ERROR CAUGHT ======
Unhandled Promise: TypeError: Failed to fetch
=============================
====== JS ERROR CAUGHT ======
Unhandled Promise: TypeError: Failed to fetch
=============================
====== JS ERROR CAUGHT ======
Unhandled Promise: TypeError: Failed to fetch
=============================
====== JS ERROR CAUGHT ======
Unhandled Promise: TypeError: Failed to fetch
=============================
====== JS ERROR CAUGHT ======
Unhandled Promise: TypeError: Failed to fetch
=============================
====== JS ERROR CAUGHT ======
Unhandled Promise: TypeError: Failed to fetch
=============================
====== JS ERROR CAUGHT ======
Unhandled Promise: TypeError: Failed to fetch
=============================
====== JS ERROR CAUGHT ======
Unhandled Promise: TypeError: Failed to fetch
=============================
====== JS ERROR CAUGHT ======
Unhandled Promise: TypeError: Failed to fetch
=============================
====== JS ERROR CAUGHT ======
Unhandled Promise: TypeError: Failed to fetch
=============================
====== JS ERROR CAUGHT ======
Unhandled Promise: TypeError: Failed to fetch
=============================
====== JS ERROR CAUGHT ======
Unhandled Promise: TypeError: Failed to fetch
=============================
====== JS ERROR CAUGHT ======
Unhandled Promise: TypeError: Failed to fetch
=============================
====== JS ERROR CAUGHT ======
Unhandled Promise: TypeError: Failed to fetch
=============================
====== JS ERROR CAUGHT ======
Unhandled Promise: TypeError: Failed to fetch
=============================
====== JS ERROR CAUGHT ======
Unhandled Promise: TypeError: Failed to fetch
=============================
====== JS ERROR CAUGHT ======
Unhandled Promise: TypeError: Failed to fetch
=============================
====== JS ERROR CAUGHT ======
Unhandled Promise: TypeError: Failed to fetch
=============================
====== JS ERROR CAUGHT ======
Unhandled Promise: TypeError: Failed to fetch
=============================
====== JS ERROR CAUGHT ======
Unhandled Promise: TypeError: Failed to fetch
=============================
====== JS ERROR CAUGHT ======
Unhandled Promise: TypeError: Failed to fetch
=============================
====== JS ERROR CAUGHT ======
Unhandled Promise: TypeError: Failed to fetch
=============================
====== JS ERROR CAUGHT ======
Unhandled Promise: TypeError: Failed to fetch
=============================
====== JS ERROR CAUGHT ======
Unhandled Promise: TypeError: Failed to fetch
=============================
====== JS ERROR CAUGHT ======
Unhandled Promise: TypeError: Failed to fetch
=============================
====== JS ERROR CAUGHT ======
Unhandled Promise: TypeError: Failed to fetch
=============================
====== JS ERROR CAUGHT ======
Unhandled Promise: TypeError: Failed to fetch
=============================
====== JS ERROR CAUGHT ======
Unhandled Promise: TypeError: Failed to fetch
=============================
====== JS ERROR CAUGHT ======
Unhandled Promise: TypeError: Failed to fetch
=============================
====== JS ERROR CAUGHT ======
Unhandled Promise: TypeError: Failed to fetch
=============================
====== JS ERROR CAUGHT ======
Unhandled Promise: TypeError: Failed to fetch
=============================
====== JS ERROR CAUGHT ======
Unhandled Promise: TypeError: Failed to fetch
=============================
====== JS ERROR CAUGHT ======
Unhandled Promise: TypeError: Failed to fetch
=============================
====== JS ERROR CAUGHT ======
Unhandled Promise: TypeError: Failed to fetch
=============================
====== JS ERROR CAUGHT ======
Unhandled Promise: TypeError: Failed to fetch
=============================
====== JS ERROR CAUGHT ======
Unhandled Promise: TypeError: Failed to fetch
=============================
====== JS ERROR CAUGHT ======
Unhandled Promise: TypeError: Failed to fetch
=============================
====== JS ERROR CAUGHT ======
Unhandled Promise: TypeError: Failed to fetch
=============================
====== JS ERROR CAUGHT ======
Unhandled Promise: TypeError: Failed to fetch
=============================
====== JS ERROR CAUGHT ======
Unhandled Promise: TypeError: Failed to fetch
=============================
====== JS ERROR CAUGHT ======
Unhandled Promise: TypeError: Failed to fetch
=============================
====== JS ERROR CAUGHT ======
Unhandled Promise: TypeError: Failed to fetch
=============================
====== JS ERROR CAUGHT ======
Unhandled Promise: TypeError: Failed to fetch
=============================
====== JS ERROR CAUGHT ======
Unhandled Promise: TypeError: Failed to fetch
=============================
====== JS ERROR CAUGHT ======
Unhandled Promise: TypeError: Failed to fetch
=============================
====== JS ERROR CAUGHT ======
Unhandled Promise: TypeError: Failed to fetch
=============================
====== JS ERROR CAUGHT ======
Unhandled Promise: TypeError: Failed to fetch
=============================
====== JS ERROR CAUGHT ======
Unhandled Promise: TypeError: Failed to fetch
=============================
====== JS ERROR CAUGHT ======
Unhandled Promise: TypeError: Failed to fetch
=============================
====== JS ERROR CAUGHT ======
Unhandled Promise: TypeError: Failed to fetch
=============================
====== JS ERROR CAUGHT ======
Unhandled Promise: TypeError: Failed to fetch
=============================
====== JS ERROR CAUGHT ======
Unhandled Promise: TypeError: Failed to fetch
=============================
====== JS ERROR CAUGHT ======
Unhandled Promise: TypeError: Failed to fetch
=============================
====== JS ERROR CAUGHT ======
Unhandled Promise: TypeError: Failed to fetch
=============================
====== JS ERROR CAUGHT ======
Unhandled Promise: TypeError: Failed to fetch
=============================
====== JS ERROR CAUGHT ======
Unhandled Promise: TypeError: Failed to fetch
=============================
====== JS ERROR CAUGHT ======
Unhandled Promise: TypeError: Failed to fetch
=============================
====== JS ERROR CAUGHT ======
Unhandled Promise: TypeError: Failed to fetch
=============================
====== JS ERROR CAUGHT ======
Unhandled Promise: TypeError: Failed to fetch
=============================
====== JS ERROR CAUGHT ======
Unhandled Promise: TypeError: Failed to fetch
=============================
====== JS ERROR CAUGHT ======
Unhandled Promise: TypeError: Failed to fetch
=============================
====== JS ERROR CAUGHT ======
Unhandled Promise: TypeError: Failed to fetch
=============================
====== JS ERROR CAUGHT ======
Unhandled Promise: TypeError: Failed to fetch
=============================
====== JS ERROR CAUGHT ======
Unhandled Promise: TypeError: Failed to fetch
=============================
====== JS ERROR CAUGHT ======
Unhandled Promise: TypeError: Failed to fetch
=============================
====== JS ERROR CAUGHT ======
Unhandled Promise: TypeError: Failed to fetch
=============================
====== JS ERROR CAUGHT ======
Unhandled Promise: TypeError: Failed to fetch
=============================
====== JS ERROR CAUGHT ======
Unhandled Promise: TypeError: Failed to fetch
=============================
====== JS ERROR CAUGHT ======
Unhandled Promise: TypeError: Failed to fetch
=============================
====== JS ERROR CAUGHT ======
Unhandled Promise: TypeError: Failed to fetch
=============================
====== JS ERROR CAUGHT ======
Unhandled Promise: TypeError: Failed to fetch
=============================
====== JS ERROR CAUGHT ======
Unhandled Promise: TypeError: Failed to fetch
=============================
====== JS ERROR CAUGHT ======
Unhandled Promise: TypeError: Failed to fetch
=============================
====== JS ERROR CAUGHT ======
Unhandled Promise: TypeError: Failed to fetch
=============================
====== JS ERROR CAUGHT ======
Unhandled Promise: TypeError: Failed to fetch
=============================
====== JS ERROR CAUGHT ======
Unhandled Promise: TypeError: Failed to fetch
=============================
====== JS ERROR CAUGHT ======
Unhandled Promise: TypeError: Failed to fetch
=============================
====== JS ERROR CAUGHT ======
Unhandled Promise: TypeError: Failed to fetch
=============================
====== JS ERROR CAUGHT ======
Unhandled Promise: TypeError: Failed to fetch
=============================
====== JS ERROR CAUGHT ======
Unhandled Promise: TypeError: Failed to fetch
=============================
====== JS ERROR CAUGHT ======
Unhandled Promise: TypeError: Failed to fetch
=============================
====== JS ERROR CAUGHT ======
Unhandled Promise: TypeError: Failed to fetch
=============================
====== JS ERROR CAUGHT ======
Unhandled Promise: TypeError: Failed to fetch
=============================
====== JS ERROR CAUGHT ======
Unhandled Promise: TypeError: Failed to fetch
=============================
====== JS ERROR CAUGHT ======
Unhandled Promise: TypeError: Failed to fetch
=============================
====== JS ERROR CAUGHT ======
Unhandled Promise: TypeError: Failed to fetch
=============================
====== JS ERROR CAUGHT ======
Unhandled Promise: TypeError: Failed to fetch
=============================
====== JS ERROR CAUGHT ======
Unhandled Promise: TypeError: Failed to fetch
=============================
====== JS ERROR CAUGHT ======
Unhandled Promise: TypeError: Failed to fetch
=============================
====== JS ERROR CAUGHT ======
Unhandled Promise: TypeError: Failed to fetch
=============================
====== JS ERROR CAUGHT ======
Unhandled Promise: TypeError: Failed to fetch
=============================
====== JS ERROR CAUGHT ======
Unhandled Promise: TypeError: Failed to fetch
=============================
====== JS ERROR CAUGHT ======
Unhandled Promise: TypeError: Failed to fetch
=============================
====== JS ERROR CAUGHT ======
Unhandled Promise: TypeError: Failed to fetch
=============================
====== JS ERROR CAUGHT ======
Unhandled Promise: TypeError: Failed to fetch
=============================
====== JS ERROR CAUGHT ======
Unhandled Promise: TypeError: Failed to fetch
=============================
====== JS ERROR CAUGHT ======
Unhandled Promise: TypeError: Failed to fetch
=============================
====== JS ERROR CAUGHT ======
Unhandled Promise: TypeError: Failed to fetch
=============================
====== JS ERROR CAUGHT ======
Unhandled Promise: TypeError: Failed to fetch
=============================
====== JS ERROR CAUGHT ======
Unhandled Promise: TypeError: Failed to fetch
=============================
====== JS ERROR CAUGHT ======
Unhandled Promise: TypeError: Failed to fetch
=============================
====== JS ERROR CAUGHT ======
Unhandled Promise: TypeError: Failed to fetch
=============================
====== JS ERROR CAUGHT ======
Unhandled Promise: TypeError: Failed to fetch
=============================
====== JS ERROR CAUGHT ======
Unhandled Promise: TypeError: Failed to fetch
=============================
====== JS ERROR CAUGHT ======
Unhandled Promise: TypeError: Failed to fetch
=============================
====== JS ERROR CAUGHT ======
Unhandled Promise: TypeError: Failed to fetch
=============================
====== JS ERROR CAUGHT ======
Unhandled Promise: TypeError: Failed to fetch
=============================
====== JS ERROR CAUGHT ======
Unhandled Promise: TypeError: Failed to fetch
=============================
====== JS ERROR CAUGHT ======
Unhandled Promise: TypeError: Failed to fetch
=============================
====== JS ERROR CAUGHT ======
Unhandled Promise: TypeError: Failed to fetch
=============================
====== JS ERROR CAUGHT ======
Unhandled Promise: TypeError: Failed to fetch
=============================
====== JS ERROR CAUGHT ======
Unhandled Promise: TypeError: Failed to fetch
=============================
====== JS ERROR CAUGHT ======
Unhandled Promise: TypeError: Failed to fetch
=============================
====== JS ERROR CAUGHT ======
Unhandled Promise: TypeError: Failed to fetch
=============================
====== JS ERROR CAUGHT ======
Unhandled Promise: TypeError: Failed to fetch
=============================
====== JS ERROR CAUGHT ======
Unhandled Promise: TypeError: Failed to fetch
=============================
====== JS ERROR CAUGHT ======
Unhandled Promise: TypeError: Failed to fetch
=============================
====== JS ERROR CAUGHT ======
Unhandled Promise: TypeError: Failed to fetch
=============================
====== JS ERROR CAUGHT ======
Unhandled Promise: TypeError: Failed to fetch
=============================
====== JS ERROR CAUGHT ======
Unhandled Promise: TypeError: Failed to fetch
=============================
====== JS ERROR CAUGHT ======
Unhandled Promise: TypeError: Failed to fetch
=============================
====== JS ERROR CAUGHT ======
Unhandled Promise: TypeError: Failed to fetch
=============================
====== JS ERROR CAUGHT ======
Unhandled Promise: TypeError: Failed to fetch
=============================
====== JS ERROR CAUGHT ======
Unhandled Promise: TypeError: Failed to fetch
=============================
====== JS ERROR CAUGHT ======
Unhandled Promise: TypeError: Failed to fetch
=============================
====== JS ERROR CAUGHT ======
Unhandled Promise: TypeError: Failed to fetch
=============================
====== JS ERROR CAUGHT ======
Unhandled Promise: TypeError: Failed to fetch
=============================
====== JS ERROR CAUGHT ======
Unhandled Promise: TypeError: Failed to fetch
=============================
====== JS ERROR CAUGHT ======
Unhandled Promise: TypeError: Failed to fetch
=============================
====== JS ERROR CAUGHT ======
Unhandled Promise: TypeError: Failed to fetch
=============================
====== JS ERROR CAUGHT ======
Unhandled Promise: TypeError: Failed to fetch
=============================
====== JS ERROR CAUGHT ======
Unhandled Promise: TypeError: Failed to fetch
=============================
====== JS ERROR CAUGHT ======
Unhandled Promise: TypeError: Failed to fetch
=============================
====== JS ERROR CAUGHT ======
Unhandled Promise: TypeError: Failed to fetch
=============================
====== JS ERROR CAUGHT ======
Unhandled Promise: TypeError: Failed to fetch
=============================
====== JS ERROR CAUGHT ======
Unhandled Promise: TypeError: Failed to fetch
=============================
====== JS ERROR CAUGHT ======
Unhandled Promise: TypeError: Failed to fetch
=============================
====== JS ERROR CAUGHT ======
Unhandled Promise: TypeError: Failed to fetch
=============================
====== JS ERROR CAUGHT ======
Unhandled Promise: TypeError: Failed to fetch
=============================
====== JS ERROR CAUGHT ======
Unhandled Promise: TypeError: Failed to fetch
=============================
====== JS ERROR CAUGHT ======
Unhandled Promise: TypeError: Failed to fetch
=============================
====== JS ERROR CAUGHT ======
Unhandled Promise: TypeError: Failed to fetch
=============================
====== JS ERROR CAUGHT ======
Unhandled Promise: TypeError: Failed to fetch
=============================
====== JS ERROR CAUGHT ======
Unhandled Promise: TypeError: Failed to fetch
=============================
====== JS ERROR CAUGHT ======
Unhandled Promise: TypeError: Failed to fetch
=============================
====== JS ERROR CAUGHT ======
Unhandled Promise: TypeError: Failed to fetch
=============================
====== JS ERROR CAUGHT ======
Unhandled Promise: TypeError: Failed to fetch
=============================
====== JS ERROR CAUGHT ======
Unhandled Promise: TypeError: Failed to fetch
=============================
====== JS ERROR CAUGHT ======
Unhandled Promise: TypeError: Failed to fetch
=============================
====== JS ERROR CAUGHT ======
Unhandled Promise: TypeError: Failed to fetch
=============================
====== JS ERROR CAUGHT ======
Unhandled Promise: TypeError: Failed to fetch
=============================
====== JS ERROR CAUGHT ======
Unhandled Promise: TypeError: Failed to fetch
=============================
====== JS ERROR CAUGHT ======
Unhandled Promise: TypeError: Failed to fetch
=============================
====== JS ERROR CAUGHT ======
Unhandled Promise: TypeError: Failed to fetch
=============================
====== JS ERROR CAUGHT ======
Unhandled Promise: TypeError: Failed to fetch
=============================
====== JS ERROR CAUGHT ======
Unhandled Promise: TypeError: Failed to fetch
=============================
====== JS ERROR CAUGHT ======
Unhandled Promise: TypeError: Failed to fetch
=============================
====== JS ERROR CAUGHT ======
Unhandled Promise: TypeError: Failed to fetch
=============================
====== JS ERROR CAUGHT ======
Unhandled Promise: TypeError: Failed to fetch
=============================
====== JS ERROR CAUGHT ======
Unhandled Promise: TypeError: Failed to fetch
=============================
====== JS ERROR CAUGHT ======
Unhandled Promise: TypeError: Failed to fetch
=============================
====== JS ERROR CAUGHT ======
Unhandled Promise: TypeError: Failed to fetch
=============================
====== JS ERROR CAUGHT ======
Unhandled Promise: TypeError: Failed to fetch
=============================
====== JS ERROR CAUGHT ======
Unhandled Promise: TypeError: Failed to fetch
=============================
====== JS ERROR CAUGHT ======
Unhandled Promise: TypeError: Failed to fetch
=============================
====== JS ERROR CAUGHT ======
Unhandled Promise: TypeError: Failed to fetch
=============================
====== JS ERROR CAUGHT ======
Unhandled Promise: TypeError: Failed to fetch
=============================
====== JS ERROR CAUGHT ======
Unhandled Promise: TypeError: Failed to fetch
=============================
====== JS ERROR CAUGHT ======
Unhandled Promise: TypeError: Failed to fetch
=============================
====== JS ERROR CAUGHT ======
Unhandled Promise: TypeError: Failed to fetch
=============================
====== JS ERROR CAUGHT ======
Unhandled Promise: TypeError: Failed to fetch
=============================
====== JS ERROR CAUGHT ======
Unhandled Promise: TypeError: Failed to fetch
=============================
====== JS ERROR CAUGHT ======
Unhandled Promise: TypeError: Failed to fetch
=============================
====== JS ERROR CAUGHT ======
Unhandled Promise: TypeError: Failed to fetch
=============================
====== JS ERROR CAUGHT ======
Unhandled Promise: TypeError: Failed to fetch
=============================
====== JS ERROR CAUGHT ======
Unhandled Promise: TypeError: Failed to fetch
=============================
====== JS ERROR CAUGHT ======
Unhandled Promise: TypeError: Failed to fetch
=============================
====== JS ERROR CAUGHT ======
Unhandled Promise: TypeError: Failed to fetch
=============================
====== JS ERROR CAUGHT ======
Unhandled Promise: TypeError: Failed to fetch
=============================
====== JS ERROR CAUGHT ======
Unhandled Promise: TypeError: Failed to fetch
=============================
====== JS ERROR CAUGHT ======
Unhandled Promise: TypeError: Failed to fetch
=============================
====== JS ERROR CAUGHT ======
Unhandled Promise: TypeError: Failed to fetch
=============================
====== JS ERROR CAUGHT ======
Unhandled Promise: TypeError: Failed to fetch
=============================
====== JS ERROR CAUGHT ======
Unhandled Promise: TypeError: Failed to fetch
=============================
====== JS ERROR CAUGHT ======
Unhandled Promise: TypeError: Failed to fetch
=============================
====== JS ERROR CAUGHT ======
Unhandled Promise: TypeError: Failed to fetch
=============================
====== JS ERROR CAUGHT ======
Unhandled Promise: TypeError: Failed to fetch
=============================
====== JS ERROR CAUGHT ======
Unhandled Promise: TypeError: Failed to fetch
=============================
====== JS ERROR CAUGHT ======
Unhandled Promise: TypeError: Failed to fetch
=============================
====== JS ERROR CAUGHT ======
Unhandled Promise: TypeError: Failed to fetch
=============================
====== JS ERROR CAUGHT ======
Unhandled Promise: TypeError: Failed to fetch
=============================
====== JS ERROR CAUGHT ======
Unhandled Promise: TypeError: Failed to fetch
=============================
====== JS ERROR CAUGHT ======
Unhandled Promise: TypeError: Failed to fetch
=============================
====== JS ERROR CAUGHT ======
Unhandled Promise: TypeError: Failed to fetch
=============================
====== JS ERROR CAUGHT ======
Unhandled Promise: TypeError: Failed to fetch
=============================
====== JS ERROR CAUGHT ======
Unhandled Promise: TypeError: Failed to fetch
=============================
====== JS ERROR CAUGHT ======
Unhandled Promise: TypeError: Failed to fetch
=============================
====== JS ERROR CAUGHT ======
Unhandled Promise: TypeError: Failed to fetch
=============================
====== JS ERROR CAUGHT ======
Unhandled Promise: TypeError: Failed to fetch
=============================
====== JS ERROR CAUGHT ======
Unhandled Promise: TypeError: Failed to fetch
=============================
====== JS ERROR CAUGHT ======
Unhandled Promise: TypeError: Failed to fetch
=============================
====== JS ERROR CAUGHT ======
Unhandled Promise: TypeError: Failed to fetch
=============================
====== JS ERROR CAUGHT ======
Unhandled Promise: TypeError: Failed to fetch
=============================
====== JS ERROR CAUGHT ======
Unhandled Promise: TypeError: Failed to fetch
=============================
====== JS ERROR CAUGHT ======
Unhandled Promise: TypeError: Failed to fetch
=============================
====== JS ERROR CAUGHT ======
Unhandled Promise: TypeError: Failed to fetch
=============================
====== JS ERROR CAUGHT ======
Unhandled Promise: TypeError: Failed to fetch
=============================
====== JS ERROR CAUGHT ======
Unhandled Promise: TypeError: Failed to fetch
=============================
====== JS ERROR CAUGHT ======
Unhandled Promise: TypeError: Failed to fetch
=============================
====== JS ERROR CAUGHT ======
Unhandled Promise: TypeError: Failed to fetch
=============================
====== JS ERROR CAUGHT ======
Unhandled Promise: TypeError: Failed to fetch
=============================
====== JS ERROR CAUGHT ======
Unhandled Promise: TypeError: Failed to fetch
=============================
====== JS ERROR CAUGHT ======
Unhandled Promise: TypeError: Failed to fetch
=============================
====== JS ERROR CAUGHT ======
Unhandled Promise: TypeError: Failed to fetch
=============================
====== JS ERROR CAUGHT ======
Unhandled Promise: TypeError: Failed to fetch
=============================
====== JS ERROR CAUGHT ======
Unhandled Promise: TypeError: Failed to fetch
=============================
====== JS ERROR CAUGHT ======
Unhandled Promise: TypeError: Failed to fetch
=============================
====== JS ERROR CAUGHT ======
Unhandled Promise: TypeError: Failed to fetch
=============================
====== JS ERROR CAUGHT ======
Unhandled Promise: TypeError: Failed to fetch
=============================
====== JS ERROR CAUGHT ======
Unhandled Promise: TypeError: Failed to fetch
=============================
====== JS ERROR CAUGHT ======
Unhandled Promise: TypeError: Failed to fetch
=============================
====== JS ERROR CAUGHT ======
Unhandled Promise: TypeError: Failed to fetch
=============================
====== JS ERROR CAUGHT ======
Unhandled Promise: TypeError: Failed to fetch
=============================
====== JS ERROR CAUGHT ======
Unhandled Promise: TypeError: Failed to fetch
=============================
====== JS ERROR CAUGHT ======
Unhandled Promise: TypeError: Failed to fetch
=============================
====== JS ERROR CAUGHT ======
Unhandled Promise: TypeError: Failed to fetch
=============================
====== JS ERROR CAUGHT ======
Unhandled Promise: TypeError: Failed to fetch
=============================
====== JS ERROR CAUGHT ======
Unhandled Promise: TypeError: Failed to fetch
=============================
====== JS ERROR CAUGHT ======
Unhandled Promise: TypeError: Failed to fetch
=============================
====== JS ERROR CAUGHT ======
Unhandled Promise: TypeError: Failed to fetch
=============================
====== JS ERROR CAUGHT ======
Unhandled Promise: TypeError: Failed to fetch
=============================
====== JS ERROR CAUGHT ======
Unhandled Promise: TypeError: Failed to fetch
=============================
====== JS ERROR CAUGHT ======
Unhandled Promise: TypeError: Failed to fetch
=============================
====== JS ERROR CAUGHT ======
Unhandled Promise: TypeError: Failed to fetch
=============================
====== JS ERROR CAUGHT ======
Unhandled Promise: TypeError: Failed to fetch
=============================
====== JS ERROR CAUGHT ======
Unhandled Promise: TypeError: Failed to fetch
=============================
====== JS ERROR CAUGHT ======
Unhandled Promise: TypeError: Failed to fetch
=============================
====== JS ERROR CAUGHT ======
Unhandled Promise: TypeError: Failed to fetch
=============================
====== JS ERROR CAUGHT ======
Unhandled Promise: TypeError: Failed to fetch
=============================
====== JS ERROR CAUGHT ======
Unhandled Promise: TypeError: Failed to fetch
=============================
====== JS ERROR CAUGHT ======
Unhandled Promise: TypeError: Failed to fetch
=============================
====== JS ERROR CAUGHT ======
Unhandled Promise: TypeError: Failed to fetch
=============================
====== JS ERROR CAUGHT ======
Unhandled Promise: TypeError: Failed to fetch
=============================
====== JS ERROR CAUGHT ======
Unhandled Promise: TypeError: Failed to fetch
=============================
====== JS ERROR CAUGHT ======
Unhandled Promise: TypeError: Failed to fetch
=============================
====== JS ERROR CAUGHT ======
Unhandled Promise: TypeError: Failed to fetch
=============================
====== JS ERROR CAUGHT ======
Unhandled Promise: TypeError: Failed to fetch
=============================
====== JS ERROR CAUGHT ======
Unhandled Promise: TypeError: Failed to fetch
=============================
====== JS ERROR CAUGHT ======
Unhandled Promise: TypeError: Failed to fetch
=============================
====== JS ERROR CAUGHT ======
Unhandled Promise: TypeError: Failed to fetch
=============================
====== JS ERROR CAUGHT ======
Unhandled Promise: TypeError: Failed to fetch
=============================
====== JS ERROR CAUGHT ======
Unhandled Promise: TypeError: Failed to fetch
=============================
====== JS ERROR CAUGHT ======
Unhandled Promise: TypeError: Failed to fetch
=============================
====== JS ERROR CAUGHT ======
Unhandled Promise: TypeError: Failed to fetch
=============================
====== JS ERROR CAUGHT ======
Unhandled Promise: TypeError: Failed to fetch
=============================
====== JS ERROR CAUGHT ======
Unhandled Promise: TypeError: Failed to fetch
=============================
====== JS ERROR CAUGHT ======
Unhandled Promise: TypeError: Failed to fetch
=============================
====== JS ERROR CAUGHT ======
Unhandled Promise: TypeError: Failed to fetch
=============================
====== JS ERROR CAUGHT ======
Unhandled Promise: TypeError: Failed to fetch
=============================
====== JS ERROR CAUGHT ======
Unhandled Promise: TypeError: Failed to fetch
=============================
====== JS ERROR CAUGHT ======
Unhandled Promise: TypeError: Failed to fetch
=============================
====== JS ERROR CAUGHT ======
Unhandled Promise: TypeError: Failed to fetch
=============================
====== JS ERROR CAUGHT ======
Unhandled Promise: TypeError: Failed to fetch
=============================
====== JS ERROR CAUGHT ======
Unhandled Promise: TypeError: Failed to fetch
=============================
====== JS ERROR CAUGHT ======
Unhandled Promise: TypeError: Failed to fetch
=============================
====== JS ERROR CAUGHT ======
Unhandled Promise: TypeError: Failed to fetch
=============================
====== JS ERROR CAUGHT ======
Unhandled Promise: TypeError: Failed to fetch
=============================
====== JS ERROR CAUGHT ======
Unhandled Promise: TypeError: Failed to fetch
=============================
====== JS ERROR CAUGHT ======
Unhandled Promise: TypeError: Failed to fetch
=============================
====== JS ERROR CAUGHT ======
Unhandled Promise: TypeError: Failed to fetch
=============================
====== JS ERROR CAUGHT ======
Unhandled Promise: TypeError: Failed to fetch
=============================
====== JS ERROR CAUGHT ======
Unhandled Promise: TypeError: Failed to fetch
=============================
====== JS ERROR CAUGHT ======
Unhandled Promise: TypeError: Failed to fetch
=============================
====== JS ERROR CAUGHT ======
Unhandled Promise: TypeError: Failed to fetch
=============================
====== JS ERROR CAUGHT ======
Unhandled Promise: TypeError: Failed to fetch
=============================
====== JS ERROR CAUGHT ======
Unhandled Promise: TypeError: Failed to fetch
=============================
====== JS ERROR CAUGHT ======
Unhandled Promise: TypeError: Failed to fetch
=============================
====== JS ERROR CAUGHT ======
Unhandled Promise: TypeError: Failed to fetch
=============================
====== JS ERROR CAUGHT ======
Unhandled Promise: TypeError: Failed to fetch
=============================
====== JS ERROR CAUGHT ======
Unhandled Promise: TypeError: Failed to fetch
=============================
====== JS ERROR CAUGHT ======
Unhandled Promise: TypeError: Failed to fetch
=============================
====== JS ERROR CAUGHT ======
Unhandled Promise: TypeError: Failed to fetch
=============================
====== JS ERROR CAUGHT ======
Unhandled Promise: TypeError: Failed to fetch
=============================
====== JS ERROR CAUGHT ======
Unhandled Promise: TypeError: Failed to fetch
=============================
====== JS ERROR CAUGHT ======
Unhandled Promise: TypeError: Failed to fetch
=============================
====== JS ERROR CAUGHT ======
Unhandled Promise: TypeError: Failed to fetch
=============================
====== JS ERROR CAUGHT ======
Unhandled Promise: TypeError: Failed to fetch
=============================
====== JS ERROR CAUGHT ======
Unhandled Promise: TypeError: Failed to fetch
=============================
====== JS ERROR CAUGHT ======
Unhandled Promise: TypeError: Failed to fetch
=============================
====== JS ERROR CAUGHT ======
Unhandled Promise: TypeError: Failed to fetch
=============================
====== JS ERROR CAUGHT ======
Unhandled Promise: TypeError: Failed to fetch
=============================
====== JS ERROR CAUGHT ======
Unhandled Promise: TypeError: Failed to fetch
=============================
====== JS ERROR CAUGHT ======
Unhandled Promise: TypeError: Failed to fetch
=============================
====== JS ERROR CAUGHT ======
Unhandled Promise: TypeError: Failed to fetch
=============================
====== JS ERROR CAUGHT ======
Unhandled Promise: TypeError: Failed to fetch
=============================
====== JS ERROR CAUGHT ======
Unhandled Promise: TypeError: Failed to fetch
=============================
====== JS ERROR CAUGHT ======
Unhandled Promise: TypeError: Failed to fetch
=============================
====== JS ERROR CAUGHT ======
Unhandled Promise: TypeError: Failed to fetch
=============================
====== JS ERROR CAUGHT ======
Unhandled Promise: TypeError: Failed to fetch
=============================
====== JS ERROR CAUGHT ======
Unhandled Promise: TypeError: Failed to fetch
=============================
====== JS ERROR CAUGHT ======
Unhandled Promise: TypeError: Failed to fetch
=============================
====== JS ERROR CAUGHT ======
Unhandled Promise: TypeError: Failed to fetch
=============================
====== JS ERROR CAUGHT ======
Unhandled Promise: TypeError: Failed to fetch
=============================
====== JS ERROR CAUGHT ======
Unhandled Promise: TypeError: Failed to fetch
=============================
====== JS ERROR CAUGHT ======
Unhandled Promise: TypeError: Failed to fetch
=============================
====== JS ERROR CAUGHT ======
Unhandled Promise: TypeError: Failed to fetch
=============================
====== JS ERROR CAUGHT ======
Unhandled Promise: TypeError: Failed to fetch
=============================
====== JS ERROR CAUGHT ======
Unhandled Promise: TypeError: Failed to fetch
=============================
====== JS ERROR CAUGHT ======
Unhandled Promise: TypeError: Failed to fetch
=============================
====== JS ERROR CAUGHT ======
Unhandled Promise: TypeError: Failed to fetch
=============================
====== JS ERROR CAUGHT ======
Unhandled Promise: TypeError: Failed to fetch
=============================
====== JS ERROR CAUGHT ======
Unhandled Promise: TypeError: Failed to fetch
=============================
====== JS ERROR CAUGHT ======
Unhandled Promise: TypeError: Failed to fetch
=============================
====== JS ERROR CAUGHT ======
Unhandled Promise: TypeError: Failed to fetch
=============================
====== JS ERROR CAUGHT ======
Unhandled Promise: TypeError: Failed to fetch
=============================
====== JS ERROR CAUGHT ======
Unhandled Promise: TypeError: Failed to fetch
=============================
====== JS ERROR CAUGHT ======
Unhandled Promise: TypeError: Failed to fetch
=============================
====== JS ERROR CAUGHT ======
Unhandled Promise: TypeError: Failed to fetch
=============================
====== JS ERROR CAUGHT ======
Unhandled Promise: TypeError: Failed to fetch
=============================
====== JS ERROR CAUGHT ======
Unhandled Promise: TypeError: Failed to fetch
=============================
====== JS ERROR CAUGHT ======
Unhandled Promise: TypeError: Failed to fetch
=============================
====== JS ERROR CAUGHT ======
Unhandled Promise: TypeError: Failed to fetch
=============================
====== JS ERROR CAUGHT ======
Unhandled Promise: TypeError: Failed to fetch
=============================
====== JS ERROR CAUGHT ======
Unhandled Promise: TypeError: Failed to fetch
=============================
====== JS ERROR CAUGHT ======
Unhandled Promise: TypeError: Failed to fetch
=============================
====== JS ERROR CAUGHT ======
Unhandled Promise: TypeError: Failed to fetch
=============================
====== JS ERROR CAUGHT ======
Unhandled Promise: TypeError: Failed to fetch
=============================
====== JS ERROR CAUGHT ======
Unhandled Promise: TypeError: Failed to fetch
=============================
====== JS ERROR CAUGHT ======
Unhandled Promise: TypeError: Failed to fetch
=============================
====== JS ERROR CAUGHT ======
Unhandled Promise: TypeError: Failed to fetch
=============================
====== JS ERROR CAUGHT ======
Unhandled Promise: TypeError: Failed to fetch
=============================
====== JS ERROR CAUGHT ======
Unhandled Promise: TypeError: Failed to fetch
=============================
====== JS ERROR CAUGHT ======
Unhandled Promise: TypeError: Failed to fetch
=============================
====== JS ERROR CAUGHT ======
Unhandled Promise: TypeError: Failed to fetch
=============================
====== JS ERROR CAUGHT ======
Unhandled Promise: TypeError: Failed to fetch
=============================
====== JS ERROR CAUGHT ======
Unhandled Promise: TypeError: Failed to fetch
=============================
====== JS ERROR CAUGHT ======
Unhandled Promise: TypeError: Failed to fetch
=============================
====== JS ERROR CAUGHT ======
Unhandled Promise: TypeError: Failed to fetch
=============================
====== JS ERROR CAUGHT ======
Unhandled Promise: TypeError: Failed to fetch
=============================
====== JS ERROR CAUGHT ======
Unhandled Promise: TypeError: Failed to fetch
=============================
====== JS ERROR CAUGHT ======
Unhandled Promise: TypeError: Failed to fetch
=============================
====== JS ERROR CAUGHT ======
Unhandled Promise: TypeError: Failed to fetch
=============================
====== JS ERROR CAUGHT ======
Unhandled Promise: TypeError: Failed to fetch
=============================
====== JS ERROR CAUGHT ======
Unhandled Promise: TypeError: Failed to fetch
=============================
====== JS ERROR CAUGHT ======
Unhandled Promise: TypeError: Failed to fetch
=============================
====== JS ERROR CAUGHT ======
Unhandled Promise: TypeError: Failed to fetch
=============================
====== JS ERROR CAUGHT ======
Unhandled Promise: TypeError: Failed to fetch
=============================
====== JS ERROR CAUGHT ======
Unhandled Promise: TypeError: Failed to fetch
=============================
====== JS ERROR CAUGHT ======
Unhandled Promise: TypeError: Failed to fetch
=============================
====== JS ERROR CAUGHT ======
Unhandled Promise: TypeError: Failed to fetch
=============================
====== JS ERROR CAUGHT ======
Unhandled Promise: TypeError: Failed to fetch
=============================
====== JS ERROR CAUGHT ======
Unhandled Promise: TypeError: Failed to fetch
=============================
====== JS ERROR CAUGHT ======
Unhandled Promise: TypeError: Failed to fetch
=============================
====== JS ERROR CAUGHT ======
Unhandled Promise: TypeError: Failed to fetch
=============================
====== JS ERROR CAUGHT ======
Unhandled Promise: TypeError: Failed to fetch
=============================
====== JS ERROR CAUGHT ======
Unhandled Promise: TypeError: Failed to fetch
=============================
====== JS ERROR CAUGHT ======
Unhandled Promise: TypeError: Failed to fetch
=============================
====== JS ERROR CAUGHT ======
Unhandled Promise: TypeError: Failed to fetch
=============================
====== JS ERROR CAUGHT ======
Unhandled Promise: TypeError: Failed to fetch
=============================
====== JS ERROR CAUGHT ======
Unhandled Promise: TypeError: Failed to fetch
=============================
====== JS ERROR CAUGHT ======
Unhandled Promise: TypeError: Failed to fetch
=============================
====== JS ERROR CAUGHT ======
Unhandled Promise: TypeError: Failed to fetch
=============================
====== JS ERROR CAUGHT ======
Unhandled Promise: TypeError: Failed to fetch
=============================
====== JS ERROR CAUGHT ======
Unhandled Promise: TypeError: Failed to fetch
=============================
====== JS ERROR CAUGHT ======
Unhandled Promise: TypeError: Failed to fetch
=============================
====== JS ERROR CAUGHT ======
Unhandled Promise: TypeError: Failed to fetch
=============================
====== JS ERROR CAUGHT ======
Unhandled Promise: TypeError: Failed to fetch
=============================
====== JS ERROR CAUGHT ======
Unhandled Promise: TypeError: Failed to fetch
=============================
====== JS ERROR CAUGHT ======
Unhandled Promise: TypeError: Failed to fetch
=============================
====== JS ERROR CAUGHT ======
Unhandled Promise: TypeError: Failed to fetch
=============================
====== JS ERROR CAUGHT ======
Unhandled Promise: TypeError: Failed to fetch
=============================
====== JS ERROR CAUGHT ======
Unhandled Promise: TypeError: Failed to fetch
=============================
====== JS ERROR CAUGHT ======
Unhandled Promise: TypeError: Failed to fetch
=============================
====== JS ERROR CAUGHT ======
Unhandled Promise: TypeError: Failed to fetch
=============================
====== JS ERROR CAUGHT ======
Unhandled Promise: TypeError: Failed to fetch
=============================
====== JS ERROR CAUGHT ======
Unhandled Promise: TypeError: Failed to fetch
=============================
====== JS ERROR CAUGHT ======
Unhandled Promise: TypeError: Failed to fetch
=============================
====== JS ERROR CAUGHT ======
Unhandled Promise: TypeError: Failed to fetch
=============================
====== JS ERROR CAUGHT ======
Unhandled Promise: TypeError: Failed to fetch
=============================
====== JS ERROR CAUGHT ======
Unhandled Promise: TypeError: Failed to fetch
=============================
====== JS ERROR CAUGHT ======
Unhandled Promise: TypeError: Failed to fetch
=============================
====== JS ERROR CAUGHT ======
Unhandled Promise: TypeError: Failed to fetch
=============================
====== JS ERROR CAUGHT ======
Unhandled Promise: TypeError: Failed to fetch
=============================
====== JS ERROR CAUGHT ======
Unhandled Promise: TypeError: Failed to fetch
=============================
====== JS ERROR CAUGHT ======
Unhandled Promise: TypeError: Failed to fetch
=============================
====== JS ERROR CAUGHT ======
Unhandled Promise: TypeError: Failed to fetch
=============================
====== JS ERROR CAUGHT ======
Unhandled Promise: TypeError: Failed to fetch
=============================
====== JS ERROR CAUGHT ======
Unhandled Promise: TypeError: Failed to fetch
=============================
====== JS ERROR CAUGHT ======
Unhandled Promise: TypeError: Failed to fetch
=============================
====== JS ERROR CAUGHT ======
Unhandled Promise: TypeError: Failed to fetch
=============================
====== JS ERROR CAUGHT ======
Unhandled Promise: TypeError: Failed to fetch
=============================
====== JS ERROR CAUGHT ======
Unhandled Promise: TypeError: Failed to fetch
=============================
====== JS ERROR CAUGHT ======
Unhandled Promise: TypeError: Failed to fetch
=============================
====== JS ERROR CAUGHT ======
Unhandled Promise: TypeError: Failed to fetch
=============================
====== JS ERROR CAUGHT ======
Unhandled Promise: TypeError: Failed to fetch
=============================
====== JS ERROR CAUGHT ======
Unhandled Promise: TypeError: Failed to fetch
=============================
====== JS ERROR CAUGHT ======
Unhandled Promise: TypeError: Failed to fetch
=============================
====== JS ERROR CAUGHT ======
Unhandled Promise: TypeError: Failed to fetch
=============================
====== JS ERROR CAUGHT ======
Unhandled Promise: TypeError: Failed to fetch
=============================
====== JS ERROR CAUGHT ======
Unhandled Promise: TypeError: Failed to fetch
=============================
====== JS ERROR CAUGHT ======
Unhandled Promise: TypeError: Failed to fetch
=============================
====== JS ERROR CAUGHT ======
Unhandled Promise: TypeError: Failed to fetch
=============================
====== JS ERROR CAUGHT ======
Unhandled Promise: TypeError: Failed to fetch
=============================
====== JS ERROR CAUGHT ======
Unhandled Promise: TypeError: Failed to fetch
=============================
====== JS ERROR CAUGHT ======
Unhandled Promise: TypeError: Failed to fetch
=============================
====== JS ERROR CAUGHT ======
Unhandled Promise: TypeError: Failed to fetch
=============================
====== JS ERROR CAUGHT ======
Unhandled Promise: TypeError: Failed to fetch
=============================
====== JS ERROR CAUGHT ======
Unhandled Promise: TypeError: Failed to fetch
=============================
====== JS ERROR CAUGHT ======
Unhandled Promise: TypeError: Failed to fetch
=============================
====== JS ERROR CAUGHT ======
Unhandled Promise: TypeError: Failed to fetch
=============================
====== JS ERROR CAUGHT ======
Unhandled Promise: TypeError: Failed to fetch
=============================
====== JS ERROR CAUGHT ======
Unhandled Promise: TypeError: Failed to fetch
=============================
====== JS ERROR CAUGHT ======
Unhandled Promise: TypeError: Failed to fetch
=============================
====== JS ERROR CAUGHT ======
Unhandled Promise: TypeError: Failed to fetch
=============================
====== JS ERROR CAUGHT ======
Unhandled Promise: TypeError: Failed to fetch
=============================
====== JS ERROR CAUGHT ======
Unhandled Promise: TypeError: Failed to fetch
=============================
====== JS ERROR CAUGHT ======
Unhandled Promise: TypeError: Failed to fetch
=============================
====== JS ERROR CAUGHT ======
Unhandled Promise: TypeError: Failed to fetch
=============================
====== JS ERROR CAUGHT ======
Unhandled Promise: TypeError: Failed to fetch
=============================
====== JS ERROR CAUGHT ======
Unhandled Promise: TypeError: Failed to fetch
=============================
====== JS ERROR CAUGHT ======
Unhandled Promise: TypeError: Failed to fetch
=============================
====== JS ERROR CAUGHT ======
Unhandled Promise: TypeError: Failed to fetch
=============================
====== JS ERROR CAUGHT ======
Unhandled Promise: TypeError: Failed to fetch
=============================
====== JS ERROR CAUGHT ======
Unhandled Promise: TypeError: Failed to fetch
=============================
====== JS ERROR CAUGHT ======
Unhandled Promise: TypeError: Failed to fetch
=============================
====== JS ERROR CAUGHT ======
Unhandled Promise: TypeError: Failed to fetch
=============================
====== JS ERROR CAUGHT ======
Unhandled Promise: TypeError: Failed to fetch
=============================
====== JS ERROR CAUGHT ======
Unhandled Promise: TypeError: Failed to fetch
=============================
====== JS ERROR CAUGHT ======
Unhandled Promise: TypeError: Failed to fetch
=============================
====== JS ERROR CAUGHT ======
Unhandled Promise: TypeError: Failed to fetch
=============================
====== JS ERROR CAUGHT ======
Unhandled Promise: TypeError: Failed to fetch
=============================
====== JS ERROR CAUGHT ======
Unhandled Promise: TypeError: Failed to fetch
=============================
====== JS ERROR CAUGHT ======
Unhandled Promise: TypeError: Failed to fetch
=============================
====== JS ERROR CAUGHT ======
Unhandled Promise: TypeError: Failed to fetch
=============================
====== JS ERROR CAUGHT ======
Unhandled Promise: TypeError: Failed to fetch
=============================
====== JS ERROR CAUGHT ======
Unhandled Promise: TypeError: Failed to fetch
=============================
====== JS ERROR CAUGHT ======
Unhandled Promise: TypeError: Failed to fetch
=============================
====== JS ERROR CAUGHT ======
Unhandled Promise: TypeError: Failed to fetch
=============================
====== JS ERROR CAUGHT ======
Unhandled Promise: TypeError: Failed to fetch
=============================
====== JS ERROR CAUGHT ======
Unhandled Promise: TypeError: Failed to fetch
=============================
====== JS ERROR CAUGHT ======
Unhandled Promise: TypeError: Failed to fetch
=============================
====== JS ERROR CAUGHT ======
Unhandled Promise: TypeError: Failed to fetch
=============================
====== JS ERROR CAUGHT ======
Unhandled Promise: TypeError: Failed to fetch
=============================
====== JS ERROR CAUGHT ======
Unhandled Promise: TypeError: Failed to fetch
=============================
====== JS ERROR CAUGHT ======
Unhandled Promise: TypeError: Failed to fetch
=============================
====== JS ERROR CAUGHT ======
Unhandled Promise: TypeError: Failed to fetch
=============================
====== JS ERROR CAUGHT ======
Unhandled Promise: TypeError: Failed to fetch
=============================
====== JS ERROR CAUGHT ======
Unhandled Promise: TypeError: Failed to fetch
=============================
====== JS ERROR CAUGHT ======
Unhandled Promise: TypeError: Failed to fetch
=============================
====== JS ERROR CAUGHT ======
Unhandled Promise: TypeError: Failed to fetch
=============================
====== JS ERROR CAUGHT ======
Unhandled Promise: TypeError: Failed to fetch
=============================
====== JS ERROR CAUGHT ======
Unhandled Promise: TypeError: Failed to fetch
=============================
====== JS ERROR CAUGHT ======
Unhandled Promise: TypeError: Failed to fetch
=============================
====== JS ERROR CAUGHT ======
Unhandled Promise: TypeError: Failed to fetch
=============================
====== JS ERROR CAUGHT ======
Unhandled Promise: TypeError: Failed to fetch
=============================
====== JS ERROR CAUGHT ======
Unhandled Promise: TypeError: Failed to fetch
=============================
====== JS ERROR CAUGHT ======
Unhandled Promise: TypeError: Failed to fetch
=============================
====== JS ERROR CAUGHT ======
Unhandled Promise: TypeError: Failed to fetch
=============================
====== JS ERROR CAUGHT ======
Unhandled Promise: TypeError: Failed to fetch
=============================
====== JS ERROR CAUGHT ======
Unhandled Promise: TypeError: Failed to fetch
=============================
====== JS ERROR CAUGHT ======
Unhandled Promise: TypeError: Failed to fetch
=============================
====== JS ERROR CAUGHT ======
Unhandled Promise: TypeError: Failed to fetch
=============================
====== JS ERROR CAUGHT ======
Unhandled Promise: TypeError: Failed to fetch
=============================
====== JS ERROR CAUGHT ======
Unhandled Promise: TypeError: Failed to fetch
=============================
====== JS ERROR CAUGHT ======
Unhandled Promise: TypeError: Failed to fetch
=============================
====== JS ERROR CAUGHT ======
Unhandled Promise: TypeError: Failed to fetch
=============================
====== JS ERROR CAUGHT ======
Unhandled Promise: TypeError: Failed to fetch
=============================
====== JS ERROR CAUGHT ======
Unhandled Promise: TypeError: Failed to fetch
=============================
====== JS ERROR CAUGHT ======
Unhandled Promise: TypeError: Failed to fetch
=============================
====== JS ERROR CAUGHT ======
Unhandled Promise: TypeError: Failed to fetch
=============================
====== JS ERROR CAUGHT ======
Unhandled Promise: TypeError: Failed to fetch
=============================
====== JS ERROR CAUGHT ======
Unhandled Promise: TypeError: Failed to fetch
=============================
====== JS ERROR CAUGHT ======
Unhandled Promise: TypeError: Failed to fetch
=============================
====== JS ERROR CAUGHT ======
Unhandled Promise: TypeError: Failed to fetch
=============================
====== JS ERROR CAUGHT ======
Unhandled Promise: TypeError: Failed to fetch
=============================
====== JS ERROR CAUGHT ======
Unhandled Promise: TypeError: Failed to fetch
=============================
====== JS ERROR CAUGHT ======
Unhandled Promise: TypeError: Failed to fetch
=============================
====== JS ERROR CAUGHT ======
Unhandled Promise: TypeError: Failed to fetch
=============================
====== JS ERROR CAUGHT ======
Unhandled Promise: TypeError: Failed to fetch
=============================
====== JS ERROR CAUGHT ======
Unhandled Promise: TypeError: Failed to fetch
=============================
====== JS ERROR CAUGHT ======
Unhandled Promise: TypeError: Failed to fetch
=============================
====== JS ERROR CAUGHT ======
Unhandled Promise: TypeError: Failed to fetch
=============================
====== JS ERROR CAUGHT ======
Unhandled Promise: TypeError: Failed to fetch
=============================
====== JS ERROR CAUGHT ======
Unhandled Promise: TypeError: Failed to fetch
=============================
====== JS ERROR CAUGHT ======
Unhandled Promise: TypeError: Failed to fetch
=============================
====== JS ERROR CAUGHT ======
Unhandled Promise: TypeError: Failed to fetch
=============================
====== JS ERROR CAUGHT ======
Unhandled Promise: TypeError: Failed to fetch
=============================
====== JS ERROR CAUGHT ======
Unhandled Promise: TypeError: Failed to fetch
=============================
====== JS ERROR CAUGHT ======
Unhandled Promise: TypeError: Failed to fetch
=============================
====== JS ERROR CAUGHT ======
Unhandled Promise: TypeError: Failed to fetch
=============================
====== JS ERROR CAUGHT ======
Unhandled Promise: TypeError: Failed to fetch
=============================
====== JS ERROR CAUGHT ======
Unhandled Promise: TypeError: Failed to fetch
=============================
====== JS ERROR CAUGHT ======
Unhandled Promise: TypeError: Failed to fetch
=============================
====== JS ERROR CAUGHT ======
Unhandled Promise: TypeError: Failed to fetch
=============================
====== JS ERROR CAUGHT ======
Unhandled Promise: TypeError: Failed to fetch
=============================
====== JS ERROR CAUGHT ======
Unhandled Promise: TypeError: Failed to fetch
=============================
====== JS ERROR CAUGHT ======
Unhandled Promise: TypeError: Failed to fetch
=============================
====== JS ERROR CAUGHT ======
Unhandled Promise: TypeError: Failed to fetch
=============================
====== JS ERROR CAUGHT ======
Unhandled Promise: TypeError: Failed to fetch
=============================
====== JS ERROR CAUGHT ======
Unhandled Promise: TypeError: Failed to fetch
=============================
====== JS ERROR CAUGHT ======
Unhandled Promise: TypeError: Failed to fetch
=============================
====== JS ERROR CAUGHT ======
Unhandled Promise: TypeError: Failed to fetch
=============================
====== JS ERROR CAUGHT ======
Unhandled Promise: TypeError: Failed to fetch
=============================
====== JS ERROR CAUGHT ======
Unhandled Promise: TypeError: Failed to fetch
=============================
====== JS ERROR CAUGHT ======
Unhandled Promise: TypeError: Failed to fetch
=============================
====== JS ERROR CAUGHT ======
Unhandled Promise: TypeError: Failed to fetch
=============================
====== JS ERROR CAUGHT ======
Unhandled Promise: TypeError: Failed to fetch
=============================
====== JS ERROR CAUGHT ======
Unhandled Promise: TypeError: Failed to fetch
=============================
====== JS ERROR CAUGHT ======
Unhandled Promise: TypeError: Failed to fetch
=============================
====== JS ERROR CAUGHT ======
Unhandled Promise: TypeError: Failed to fetch
=============================
====== JS ERROR CAUGHT ======
Unhandled Promise: TypeError: Failed to fetch
=============================
====== JS ERROR CAUGHT ======
Unhandled Promise: TypeError: Failed to fetch
=============================
====== JS ERROR CAUGHT ======
Unhandled Promise: TypeError: Failed to fetch
=============================
====== JS ERROR CAUGHT ======
Unhandled Promise: TypeError: Failed to fetch
=============================
====== JS ERROR CAUGHT ======
Unhandled Promise: TypeError: Failed to fetch
=============================
====== JS ERROR CAUGHT ======
Unhandled Promise: TypeError: Failed to fetch
=============================
====== JS ERROR CAUGHT ======
Unhandled Promise: TypeError: Failed to fetch
=============================
====== JS ERROR CAUGHT ======
Unhandled Promise: TypeError: Failed to fetch
=============================
====== JS ERROR CAUGHT ======
Unhandled Promise: TypeError: Failed to fetch
=============================
====== JS ERROR CAUGHT ======
Unhandled Promise: TypeError: Failed to fetch
=============================
====== JS ERROR CAUGHT ======
Unhandled Promise: TypeError: Failed to fetch
=============================
====== JS ERROR CAUGHT ======
Unhandled Promise: TypeError: Failed to fetch
=============================
====== JS ERROR CAUGHT ======
Unhandled Promise: TypeError: Failed to fetch
=============================
====== JS ERROR CAUGHT ======
Unhandled Promise: TypeError: Failed to fetch
=============================
====== JS ERROR CAUGHT ======
Unhandled Promise: TypeError: Failed to fetch
=============================
====== JS ERROR CAUGHT ======
Unhandled Promise: TypeError: Failed to fetch
=============================
====== JS ERROR CAUGHT ======
Unhandled Promise: TypeError: Failed to fetch
=============================
====== JS ERROR CAUGHT ======
Unhandled Promise: TypeError: Failed to fetch
=============================
====== JS ERROR CAUGHT ======
Unhandled Promise: TypeError: Failed to fetch
=============================
====== JS ERROR CAUGHT ======
Unhandled Promise: TypeError: Failed to fetch
=============================
====== JS ERROR CAUGHT ======
Unhandled Promise: TypeError: Failed to fetch
=============================
====== JS ERROR CAUGHT ======
Unhandled Promise: TypeError: Failed to fetch
=============================
====== JS ERROR CAUGHT ======
Unhandled Promise: TypeError: Failed to fetch
=============================
====== JS ERROR CAUGHT ======
Unhandled Promise: TypeError: Failed to fetch
=============================
====== JS ERROR CAUGHT ======
Unhandled Promise: TypeError: Failed to fetch
=============================
====== JS ERROR CAUGHT ======
Unhandled Promise: TypeError: Failed to fetch
=============================
====== JS ERROR CAUGHT ======
Unhandled Promise: TypeError: Failed to fetch
=============================
====== JS ERROR CAUGHT ======
Unhandled Promise: TypeError: Failed to fetch
=============================
====== JS ERROR CAUGHT ======
Unhandled Promise: TypeError: Failed to fetch
=============================
====== JS ERROR CAUGHT ======
Unhandled Promise: TypeError: Failed to fetch
=============================
====== JS ERROR CAUGHT ======
Unhandled Promise: TypeError: Failed to fetch
=============================
====== JS ERROR CAUGHT ======
Unhandled Promise: TypeError: Failed to fetch
=============================
====== JS ERROR CAUGHT ======
Unhandled Promise: TypeError: Failed to fetch
=============================
====== JS ERROR CAUGHT ======
Unhandled Promise: TypeError: Failed to fetch
=============================
====== JS ERROR CAUGHT ======
Unhandled Promise: TypeError: Failed to fetch
=============================
====== JS ERROR CAUGHT ======
Unhandled Promise: TypeError: Failed to fetch
=============================
====== JS ERROR CAUGHT ======
Unhandled Promise: TypeError: Failed to fetch
=============================
====== JS ERROR CAUGHT ======
Unhandled Promise: TypeError: Failed to fetch
=============================
====== JS ERROR CAUGHT ======
Unhandled Promise: TypeError: Failed to fetch
=============================
====== JS ERROR CAUGHT ======
Unhandled Promise: TypeError: Failed to fetch
=============================
====== JS ERROR CAUGHT ======
Unhandled Promise: TypeError: Failed to fetch
=============================
====== JS ERROR CAUGHT ======
Unhandled Promise: TypeError: Failed to fetch
=============================
====== JS ERROR CAUGHT ======
Unhandled Promise: TypeError: Failed to fetch
=============================
====== JS ERROR CAUGHT ======
Unhandled Promise: TypeError: Failed to fetch
=============================
====== JS ERROR CAUGHT ======
Unhandled Promise: TypeError: Failed to fetch
=============================
====== JS ERROR CAUGHT ======
Unhandled Promise: TypeError: Failed to fetch
=============================
====== JS ERROR CAUGHT ======
Unhandled Promise: TypeError: Failed to fetch
=============================
====== JS ERROR CAUGHT ======
Unhandled Promise: TypeError: Failed to fetch
=============================
====== JS ERROR CAUGHT ======
Unhandled Promise: TypeError: Failed to fetch
=============================
====== JS ERROR CAUGHT ======
Unhandled Promise: TypeError: Failed to fetch
=============================
====== JS ERROR CAUGHT ======
Unhandled Promise: TypeError: Failed to fetch
=============================
====== JS ERROR CAUGHT ======
Unhandled Promise: TypeError: Failed to fetch
=============================
====== JS ERROR CAUGHT ======
Unhandled Promise: TypeError: Failed to fetch
=============================
====== JS ERROR CAUGHT ======
Unhandled Promise: TypeError: Failed to fetch
=============================
====== JS ERROR CAUGHT ======
Unhandled Promise: TypeError: Failed to fetch
=============================
====== JS ERROR CAUGHT ======
Unhandled Promise: TypeError: Failed to fetch
=============================
====== JS ERROR CAUGHT ======
Unhandled Promise: TypeError: Failed to fetch
=============================
====== JS ERROR CAUGHT ======
Unhandled Promise: TypeError: Failed to fetch
=============================
====== JS ERROR CAUGHT ======
Unhandled Promise: TypeError: Failed to fetch
=============================
====== JS ERROR CAUGHT ======
Unhandled Promise: TypeError: Failed to fetch
=============================
====== JS ERROR CAUGHT ======
Unhandled Promise: TypeError: Failed to fetch
=============================
====== JS ERROR CAUGHT ======
Unhandled Promise: TypeError: Failed to fetch
=============================
====== JS ERROR CAUGHT ======
Unhandled Promise: TypeError: Failed to fetch
=============================
====== JS ERROR CAUGHT ======
Unhandled Promise: TypeError: Failed to fetch
=============================
====== JS ERROR CAUGHT ======
Unhandled Promise: TypeError: Failed to fetch
=============================
====== JS ERROR CAUGHT ======
Unhandled Promise: TypeError: Failed to fetch
=============================
====== JS ERROR CAUGHT ======
Unhandled Promise: TypeError: Failed to fetch
=============================
====== JS ERROR CAUGHT ======
Unhandled Promise: TypeError: Failed to fetch
=============================
====== JS ERROR CAUGHT ======
Unhandled Promise: TypeError: Failed to fetch
=============================
====== JS ERROR CAUGHT ======
Unhandled Promise: TypeError: Failed to fetch
=============================
====== JS ERROR CAUGHT ======
Unhandled Promise: TypeError: Failed to fetch
=============================
====== JS ERROR CAUGHT ======
Unhandled Promise: TypeError: Failed to fetch
=============================
====== JS ERROR CAUGHT ======
Unhandled Promise: TypeError: Failed to fetch
=============================
====== JS ERROR CAUGHT ======
Unhandled Promise: TypeError: Failed to fetch
=============================
====== JS ERROR CAUGHT ======
Unhandled Promise: TypeError: Failed to fetch
=============================
====== JS ERROR CAUGHT ======
Unhandled Promise: TypeError: Failed to fetch
=============================
====== JS ERROR CAUGHT ======
Unhandled Promise: TypeError: Failed to fetch
=============================
====== JS ERROR CAUGHT ======
Unhandled Promise: TypeError: Failed to fetch
=============================
====== JS ERROR CAUGHT ======
Unhandled Promise: TypeError: Failed to fetch
=============================
====== JS ERROR CAUGHT ======
Unhandled Promise: TypeError: Failed to fetch
=============================
====== JS ERROR CAUGHT ======
Unhandled Promise: TypeError: Failed to fetch
=============================
====== JS ERROR CAUGHT ======
Unhandled Promise: TypeError: Failed to fetch
=============================
====== JS ERROR CAUGHT ======
Unhandled Promise: TypeError: Failed to fetch
=============================
====== JS ERROR CAUGHT ======
Unhandled Promise: TypeError: Failed to fetch
=============================
====== JS ERROR CAUGHT ======
Unhandled Promise: TypeError: Failed to fetch
=============================
====== JS ERROR CAUGHT ======
Unhandled Promise: TypeError: Failed to fetch
=============================
====== JS ERROR CAUGHT ======
Unhandled Promise: TypeError: Failed to fetch
=============================
====== JS ERROR CAUGHT ======
Unhandled Promise: TypeError: Failed to fetch
=============================
====== JS ERROR CAUGHT ======
Unhandled Promise: TypeError: Failed to fetch
=============================
====== JS ERROR CAUGHT ======
Unhandled Promise: TypeError: Failed to fetch
=============================
====== JS ERROR CAUGHT ======
Unhandled Promise: TypeError: Failed to fetch
=============================
====== JS ERROR CAUGHT ======
Unhandled Promise: TypeError: Failed to fetch
=============================
====== JS ERROR CAUGHT ======
Unhandled Promise: TypeError: Failed to fetch
=============================
====== JS ERROR CAUGHT ======
Unhandled Promise: TypeError: Failed to fetch
=============================
====== JS ERROR CAUGHT ======
Unhandled Promise: TypeError: Failed to fetch
=============================
====== JS ERROR CAUGHT ======
Unhandled Promise: TypeError: Failed to fetch
=============================
====== JS ERROR CAUGHT ======
Unhandled Promise: TypeError: Failed to fetch
=============================
====== JS ERROR CAUGHT ======
Unhandled Promise: TypeError: Failed to fetch
=============================
====== JS ERROR CAUGHT ======
Unhandled Promise: TypeError: Failed to fetch
=============================
====== JS ERROR CAUGHT ======
Unhandled Promise: TypeError: Failed to fetch
=============================
====== JS ERROR CAUGHT ======
Unhandled Promise: TypeError: Failed to fetch
=============================
====== JS ERROR CAUGHT ======
Unhandled Promise: TypeError: Failed to fetch
=============================
====== JS ERROR CAUGHT ======
Unhandled Promise: TypeError: Failed to fetch
=============================
====== JS ERROR CAUGHT ======
Unhandled Promise: TypeError: Failed to fetch
=============================
====== JS ERROR CAUGHT ======
Unhandled Promise: TypeError: Failed to fetch
=============================
====== JS ERROR CAUGHT ======
Unhandled Promise: TypeError: Failed to fetch
=============================
====== JS ERROR CAUGHT ======
Unhandled Promise: TypeError: Failed to fetch
=============================
====== JS ERROR CAUGHT ======
Unhandled Promise: TypeError: Failed to fetch
=============================
====== JS ERROR CAUGHT ======
Unhandled Promise: TypeError: Failed to fetch
=============================
====== JS ERROR CAUGHT ======
Unhandled Promise: TypeError: Failed to fetch
=============================
====== JS ERROR CAUGHT ======
Unhandled Promise: TypeError: Failed to fetch
=============================
====== JS ERROR CAUGHT ======
Unhandled Promise: TypeError: Failed to fetch
=============================
====== JS ERROR CAUGHT ======
Unhandled Promise: TypeError: Failed to fetch
=============================
====== JS ERROR CAUGHT ======
Unhandled Promise: TypeError: Failed to fetch
=============================
====== JS ERROR CAUGHT ======
Unhandled Promise: TypeError: Failed to fetch
=============================
====== JS ERROR CAUGHT ======
Unhandled Promise: TypeError: Failed to fetch
=============================
====== JS ERROR CAUGHT ======
Unhandled Promise: TypeError: Failed to fetch
=============================
====== JS ERROR CAUGHT ======
Unhandled Promise: TypeError: Failed to fetch
=============================
====== JS ERROR CAUGHT ======
Unhandled Promise: TypeError: Failed to fetch
=============================
====== JS ERROR CAUGHT ======
Unhandled Promise: TypeError: Failed to fetch
=============================
====== JS ERROR CAUGHT ======
Unhandled Promise: TypeError: Failed to fetch
=============================
====== JS ERROR CAUGHT ======
Unhandled Promise: TypeError: Failed to fetch
=============================
====== JS ERROR CAUGHT ======
Unhandled Promise: TypeError: Failed to fetch
=============================
====== JS ERROR CAUGHT ======
Unhandled Promise: TypeError: Failed to fetch
=============================
====== JS ERROR CAUGHT ======
Unhandled Promise: TypeError: Failed to fetch
=============================
====== JS ERROR CAUGHT ======
Unhandled Promise: TypeError: Failed to fetch
=============================
====== JS ERROR CAUGHT ======
Unhandled Promise: TypeError: Failed to fetch
=============================
====== JS ERROR CAUGHT ======
Unhandled Promise: TypeError: Failed to fetch
=============================
====== JS ERROR CAUGHT ======
Unhandled Promise: TypeError: Failed to fetch
=============================
====== JS ERROR CAUGHT ======
Unhandled Promise: TypeError: Failed to fetch
=============================
====== JS ERROR CAUGHT ======
Unhandled Promise: TypeError: Failed to fetch
=============================
====== JS ERROR CAUGHT ======
Unhandled Promise: TypeError: Failed to fetch
=============================
====== JS ERROR CAUGHT ======
Unhandled Promise: TypeError: Failed to fetch
=============================
====== JS ERROR CAUGHT ======
Unhandled Promise: TypeError: Failed to fetch
=============================
====== JS ERROR CAUGHT ======
Unhandled Promise: TypeError: Failed to fetch
=============================
====== JS ERROR CAUGHT ======
Unhandled Promise: TypeError: Failed to fetch
=============================
====== JS ERROR CAUGHT ======
Unhandled Promise: TypeError: Failed to fetch
=============================
====== JS ERROR CAUGHT ======
Unhandled Promise: TypeError: Failed to fetch
=============================
====== JS ERROR CAUGHT ======
Unhandled Promise: TypeError: Failed to fetch
=============================
====== JS ERROR CAUGHT ======
Unhandled Promise: TypeError: Failed to fetch
=============================
====== JS ERROR CAUGHT ======
Unhandled Promise: TypeError: Failed to fetch
=============================
====== JS ERROR CAUGHT ======
Unhandled Promise: TypeError: Failed to fetch
=============================
====== JS ERROR CAUGHT ======
Unhandled Promise: TypeError: Failed to fetch
=============================
====== JS ERROR CAUGHT ======
Unhandled Promise: TypeError: Failed to fetch
=============================
====== JS ERROR CAUGHT ======
Unhandled Promise: TypeError: Failed to fetch
=============================
====== JS ERROR CAUGHT ======
Unhandled Promise: TypeError: Failed to fetch
=============================
====== JS ERROR CAUGHT ======
Unhandled Promise: TypeError: Failed to fetch
=============================
====== JS ERROR CAUGHT ======
Unhandled Promise: TypeError: Failed to fetch
=============================
====== JS ERROR CAUGHT ======
Unhandled Promise: TypeError: Failed to fetch
=============================
====== JS ERROR CAUGHT ======
Unhandled Promise: TypeError: Failed to fetch
=============================
====== JS ERROR CAUGHT ======
Unhandled Promise: TypeError: Failed to fetch
=============================
====== JS ERROR CAUGHT ======
Unhandled Promise: TypeError: Failed to fetch
=============================
====== JS ERROR CAUGHT ======
Unhandled Promise: TypeError: Failed to fetch
=============================
====== JS ERROR CAUGHT ======
Unhandled Promise: TypeError: Failed to fetch
=============================
====== JS ERROR CAUGHT ======
Unhandled Promise: TypeError: Failed to fetch
=============================
====== JS ERROR CAUGHT ======
Unhandled Promise: TypeError: Failed to fetch
=============================
====== JS ERROR CAUGHT ======
Unhandled Promise: TypeError: Failed to fetch
=============================
====== JS ERROR CAUGHT ======
Unhandled Promise: TypeError: Failed to fetch
=============================
====== JS ERROR CAUGHT ======
Unhandled Promise: TypeError: Failed to fetch
=============================
====== JS ERROR CAUGHT ======
Unhandled Promise: TypeError: Failed to fetch
=============================
====== JS ERROR CAUGHT ======
Unhandled Promise: TypeError: Failed to fetch
=============================
====== JS ERROR CAUGHT ======
Unhandled Promise: TypeError: Failed to fetch
=============================
====== JS ERROR CAUGHT ======
Unhandled Promise: TypeError: Failed to fetch
=============================
====== JS ERROR CAUGHT ======
Unhandled Promise: TypeError: Failed to fetch
=============================
====== JS ERROR CAUGHT ======
Unhandled Promise: TypeError: Failed to fetch
=============================
====== JS ERROR CAUGHT ======
Unhandled Promise: TypeError: Failed to fetch
=============================
====== JS ERROR CAUGHT ======
Unhandled Promise: TypeError: Failed to fetch
=============================
====== JS ERROR CAUGHT ======
Unhandled Promise: TypeError: Failed to fetch
=============================
====== JS ERROR CAUGHT ======
Unhandled Promise: TypeError: Failed to fetch
=============================
====== JS ERROR CAUGHT ======
Unhandled Promise: TypeError: Failed to fetch
=============================
====== JS ERROR CAUGHT ======
Unhandled Promise: TypeError: Failed to fetch
=============================
====== JS ERROR CAUGHT ======
Unhandled Promise: TypeError: Failed to fetch
=============================
====== JS ERROR CAUGHT ======
Unhandled Promise: TypeError: Failed to fetch
=============================
====== JS ERROR CAUGHT ======
Unhandled Promise: TypeError: Failed to fetch
=============================
====== JS ERROR CAUGHT ======
Unhandled Promise: TypeError: Failed to fetch
=============================
====== JS ERROR CAUGHT ======
Unhandled Promise: TypeError: Failed to fetch
=============================
====== JS ERROR CAUGHT ======
Unhandled Promise: TypeError: Failed to fetch
=============================
====== JS ERROR CAUGHT ======
Unhandled Promise: TypeError: Failed to fetch
=============================
====== JS ERROR CAUGHT ======
Unhandled Promise: TypeError: Failed to fetch
=============================
====== JS ERROR CAUGHT ======
Unhandled Promise: TypeError: Failed to fetch
=============================
====== JS ERROR CAUGHT ======
Unhandled Promise: TypeError: Failed to fetch
=============================
====== JS ERROR CAUGHT ======
Unhandled Promise: TypeError: Failed to fetch
=============================
====== JS ERROR CAUGHT ======
Unhandled Promise: TypeError: Failed to fetch
=============================
====== JS ERROR CAUGHT ======
Unhandled Promise: TypeError: Failed to fetch
=============================
====== JS ERROR CAUGHT ======
Unhandled Promise: TypeError: Failed to fetch
=============================
====== JS ERROR CAUGHT ======
Unhandled Promise: TypeError: Failed to fetch
=============================
====== JS ERROR CAUGHT ======
Unhandled Promise: TypeError: Failed to fetch
=============================
====== JS ERROR CAUGHT ======
Unhandled Promise: TypeError: Failed to fetch
=============================
====== JS ERROR CAUGHT ======
Unhandled Promise: TypeError: Failed to fetch
=============================
====== JS ERROR CAUGHT ======
Unhandled Promise: TypeError: Failed to fetch
=============================
====== JS ERROR CAUGHT ======
Unhandled Promise: TypeError: Failed to fetch
=============================
====== JS ERROR CAUGHT ======
Unhandled Promise: TypeError: Failed to fetch
=============================
====== JS ERROR CAUGHT ======
Unhandled Promise: TypeError: Failed to fetch
=============================
====== JS ERROR CAUGHT ======
Unhandled Promise: TypeError: Failed to fetch
=============================
====== JS ERROR CAUGHT ======
Unhandled Promise: TypeError: Failed to fetch
=============================
====== JS ERROR CAUGHT ======
Unhandled Promise: TypeError: Failed to fetch
=============================
====== JS ERROR CAUGHT ======
Unhandled Promise: TypeError: Failed to fetch
=============================
====== JS ERROR CAUGHT ======
Unhandled Promise: TypeError: Failed to fetch
=============================
====== JS ERROR CAUGHT ======
Unhandled Promise: TypeError: Failed to fetch
=============================
====== JS ERROR CAUGHT ======
Unhandled Promise: TypeError: Failed to fetch
=============================
====== JS ERROR CAUGHT ======
Unhandled Promise: TypeError: Failed to fetch
=============================
====== JS ERROR CAUGHT ======
Unhandled Promise: TypeError: Failed to fetch
=============================
====== JS ERROR CAUGHT ======
Unhandled Promise: TypeError: Failed to fetch
=============================
====== JS ERROR CAUGHT ======
Unhandled Promise: TypeError: Failed to fetch
=============================
====== JS ERROR CAUGHT ======
Unhandled Promise: TypeError: Failed to fetch
=============================
====== JS ERROR CAUGHT ======
Unhandled Promise: TypeError: Failed to fetch
=============================
====== JS ERROR CAUGHT ======
Unhandled Promise: TypeError: Failed to fetch
=============================
====== JS ERROR CAUGHT ======
Unhandled Promise: TypeError: Failed to fetch
=============================
====== JS ERROR CAUGHT ======
Unhandled Promise: TypeError: Failed to fetch
=============================
====== JS ERROR CAUGHT ======
Unhandled Promise: TypeError: Failed to fetch
=============================
====== JS ERROR CAUGHT ======
Unhandled Promise: TypeError: Failed to fetch
=============================
====== JS ERROR CAUGHT ======
Unhandled Promise: TypeError: Failed to fetch
=============================
====== JS ERROR CAUGHT ======
Unhandled Promise: TypeError: Failed to fetch
=============================
====== JS ERROR CAUGHT ======
Unhandled Promise: TypeError: Failed to fetch
=============================
====== JS ERROR CAUGHT ======
Unhandled Promise: TypeError: Failed to fetch
=============================
====== JS ERROR CAUGHT ======
Unhandled Promise: TypeError: Failed to fetch
=============================
====== JS ERROR CAUGHT ======
Unhandled Promise: TypeError: Failed to fetch
=============================
====== JS ERROR CAUGHT ======
Unhandled Promise: TypeError: Failed to fetch
=============================
====== JS ERROR CAUGHT ======
Unhandled Promise: TypeError: Failed to fetch
=============================
====== JS ERROR CAUGHT ======
Unhandled Promise: TypeError: Failed to fetch
=============================
====== JS ERROR CAUGHT ======
Unhandled Promise: TypeError: Failed to fetch
=============================
====== JS ERROR CAUGHT ======
Unhandled Promise: TypeError: Failed to fetch
=============================
====== JS ERROR CAUGHT ======
Unhandled Promise: TypeError: Failed to fetch
=============================
====== JS ERROR CAUGHT ======
Unhandled Promise: TypeError: Failed to fetch
=============================
====== JS ERROR CAUGHT ======
Unhandled Promise: TypeError: Failed to fetch
=============================
====== JS ERROR CAUGHT ======
Unhandled Promise: TypeError: Failed to fetch
=============================
====== JS ERROR CAUGHT ======
Unhandled Promise: TypeError: Failed to fetch
=============================
====== JS ERROR CAUGHT ======
Unhandled Promise: TypeError: Failed to fetch
=============================
====== JS ERROR CAUGHT ======
Unhandled Promise: TypeError: Failed to fetch
=============================
====== JS ERROR CAUGHT ======
Unhandled Promise: TypeError: Failed to fetch
=============================
====== JS ERROR CAUGHT ======
Unhandled Promise: TypeError: Failed to fetch
=============================
====== JS ERROR CAUGHT ======
Unhandled Promise: TypeError: Failed to fetch
=============================
====== JS ERROR CAUGHT ======
Unhandled Promise: TypeError: Failed to fetch
=============================
====== JS ERROR CAUGHT ======
Unhandled Promise: TypeError: Failed to fetch
=============================
====== JS ERROR CAUGHT ======
Unhandled Promise: TypeError: Failed to fetch
=============================
====== JS ERROR CAUGHT ======
Unhandled Promise: TypeError: Failed to fetch
=============================
====== JS ERROR CAUGHT ======
Unhandled Promise: TypeError: Failed to fetch
=============================
====== JS ERROR CAUGHT ======
Unhandled Promise: TypeError: Failed to fetch
=============================
====== JS ERROR CAUGHT ======
Unhandled Promise: TypeError: Failed to fetch
=============================
====== JS ERROR CAUGHT ======
Unhandled Promise: TypeError: Failed to fetch
=============================
====== JS ERROR CAUGHT ======
Unhandled Promise: TypeError: Failed to fetch
=============================
====== JS ERROR CAUGHT ======
Unhandled Promise: TypeError: Failed to fetch
=============================
====== JS ERROR CAUGHT ======
Unhandled Promise: TypeError: Failed to fetch
=============================
====== JS ERROR CAUGHT ======
Unhandled Promise: TypeError: Failed to fetch
=============================
====== JS ERROR CAUGHT ======
Unhandled Promise: TypeError: Failed to fetch
=============================
====== JS ERROR CAUGHT ======
Unhandled Promise: TypeError: Failed to fetch
=============================
====== JS ERROR CAUGHT ======
Unhandled Promise: TypeError: Failed to fetch
=============================
====== JS ERROR CAUGHT ======
Unhandled Promise: TypeError: Failed to fetch
=============================
====== JS ERROR CAUGHT ======
Unhandled Promise: TypeError: Failed to fetch
=============================
====== JS ERROR CAUGHT ======
Unhandled Promise: TypeError: Failed to fetch
=============================
====== JS ERROR CAUGHT ======
Unhandled Promise: TypeError: Failed to fetch
=============================
====== JS ERROR CAUGHT ======
Unhandled Promise: TypeError: Failed to fetch
=============================
====== JS ERROR CAUGHT ======
Unhandled Promise: TypeError: Failed to fetch
=============================
====== JS ERROR CAUGHT ======
Unhandled Promise: TypeError: Failed to fetch
=============================
====== JS ERROR CAUGHT ======
Unhandled Promise: TypeError: Failed to fetch
=============================
====== JS ERROR CAUGHT ======
Unhandled Promise: TypeError: Failed to fetch
=============================
====== JS ERROR CAUGHT ======
Unhandled Promise: TypeError: Failed to fetch
=============================
====== JS ERROR CAUGHT ======
Unhandled Promise: TypeError: Failed to fetch
=============================
====== JS ERROR CAUGHT ======
Unhandled Promise: TypeError: Failed to fetch
=============================
====== JS ERROR CAUGHT ======
Unhandled Promise: TypeError: Failed to fetch
=============================
====== JS ERROR CAUGHT ======
Unhandled Promise: TypeError: Failed to fetch
=============================
====== JS ERROR CAUGHT ======
Unhandled Promise: TypeError: Failed to fetch
=============================
====== JS ERROR CAUGHT ======
Unhandled Promise: TypeError: Failed to fetch
=============================
====== JS ERROR CAUGHT ======
Unhandled Promise: TypeError: Failed to fetch
=============================
====== JS ERROR CAUGHT ======
Unhandled Promise: TypeError: Failed to fetch
=============================
====== JS ERROR CAUGHT ======
Unhandled Promise: TypeError: Failed to fetch
=============================
====== JS ERROR CAUGHT ======
Unhandled Promise: TypeError: Failed to fetch
=============================
====== JS ERROR CAUGHT ======
Unhandled Promise: TypeError: Failed to fetch
=============================
====== JS ERROR CAUGHT ======
Unhandled Promise: TypeError: Failed to fetch
=============================
====== JS ERROR CAUGHT ======
Unhandled Promise: TypeError: Failed to fetch
=============================
====== JS ERROR CAUGHT ======
Unhandled Promise: TypeError: Failed to fetch
=============================
====== JS ERROR CAUGHT ======
Unhandled Promise: TypeError: Failed to fetch
=============================
====== JS ERROR CAUGHT ======
Unhandled Promise: TypeError: Failed to fetch
=============================
====== JS ERROR CAUGHT ======
Unhandled Promise: TypeError: Failed to fetch
=============================
====== JS ERROR CAUGHT ======
Unhandled Promise: TypeError: Failed to fetch
=============================
====== JS ERROR CAUGHT ======
Unhandled Promise: TypeError: Failed to fetch
=============================
====== JS ERROR CAUGHT ======
Unhandled Promise: TypeError: Failed to fetch
=============================
====== JS ERROR CAUGHT ======
Unhandled Promise: TypeError: Failed to fetch
=============================
====== JS ERROR CAUGHT ======
Unhandled Promise: TypeError: Failed to fetch
=============================
====== JS ERROR CAUGHT ======
Unhandled Promise: TypeError: Failed to fetch
=============================
====== JS ERROR CAUGHT ======
Unhandled Promise: TypeError: Failed to fetch
=============================
====== JS ERROR CAUGHT ======
Unhandled Promise: TypeError: Failed to fetch
=============================
====== JS ERROR CAUGHT ======
Unhandled Promise: TypeError: Failed to fetch
=============================
====== JS ERROR CAUGHT ======
Unhandled Promise: TypeError: Failed to fetch
=============================
====== JS ERROR CAUGHT ======
Unhandled Promise: TypeError: Failed to fetch
=============================
====== JS ERROR CAUGHT ======
Unhandled Promise: TypeError: Failed to fetch
=============================
====== JS ERROR CAUGHT ======
Unhandled Promise: TypeError: Failed to fetch
=============================
====== JS ERROR CAUGHT ======
Unhandled Promise: TypeError: Failed to fetch
=============================
====== JS ERROR CAUGHT ======
Unhandled Promise: TypeError: Failed to fetch
=============================
====== JS ERROR CAUGHT ======
Unhandled Promise: TypeError: Failed to fetch
=============================
====== JS ERROR CAUGHT ======
Unhandled Promise: TypeError: Failed to fetch
=============================
====== JS ERROR CAUGHT ======
Unhandled Promise: TypeError: Failed to fetch
=============================
====== JS ERROR CAUGHT ======
Unhandled Promise: TypeError: Failed to fetch
=============================
====== JS ERROR CAUGHT ======
Unhandled Promise: TypeError: Failed to fetch
=============================
====== JS ERROR CAUGHT ======
Unhandled Promise: TypeError: Failed to fetch
=============================
====== JS ERROR CAUGHT ======
Unhandled Promise: TypeError: Failed to fetch
=============================
====== JS ERROR CAUGHT ======
Unhandled Promise: TypeError: Failed to fetch
=============================
====== JS ERROR CAUGHT ======
Unhandled Promise: TypeError: Failed to fetch
=============================
====== JS ERROR CAUGHT ======
Unhandled Promise: TypeError: Failed to fetch
=============================
====== JS ERROR CAUGHT ======
Unhandled Promise: TypeError: Failed to fetch
=============================
====== JS ERROR CAUGHT ======
Unhandled Promise: TypeError: Failed to fetch
=============================
====== JS ERROR CAUGHT ======
Unhandled Promise: TypeError: Failed to fetch
=============================
====== JS ERROR CAUGHT ======
Unhandled Promise: TypeError: Failed to fetch
=============================
====== JS ERROR CAUGHT ======
Unhandled Promise: TypeError: Failed to fetch
=============================
====== JS ERROR CAUGHT ======
Unhandled Promise: TypeError: Failed to fetch
=============================
====== JS ERROR CAUGHT ======
Unhandled Promise: TypeError: Failed to fetch
=============================
====== JS ERROR CAUGHT ======
Unhandled Promise: TypeError: Failed to fetch
=============================
====== JS ERROR CAUGHT ======
Unhandled Promise: TypeError: Failed to fetch
=============================
====== JS ERROR CAUGHT ======
Unhandled Promise: TypeError: Failed to fetch
=============================
====== JS ERROR CAUGHT ======
Unhandled Promise: TypeError: Failed to fetch
=============================
====== JS ERROR CAUGHT ======
Unhandled Promise: TypeError: Failed to fetch
=============================
====== JS ERROR CAUGHT ======
Unhandled Promise: TypeError: Failed to fetch
=============================
====== JS ERROR CAUGHT ======
Unhandled Promise: TypeError: Failed to fetch
=============================
====== JS ERROR CAUGHT ======
Unhandled Promise: TypeError: Failed to fetch
=============================
====== JS ERROR CAUGHT ======
Unhandled Promise: TypeError: Failed to fetch
=============================
====== JS ERROR CAUGHT ======
Unhandled Promise: TypeError: Failed to fetch
=============================
====== JS ERROR CAUGHT ======
Unhandled Promise: TypeError: Failed to fetch
=============================
====== JS ERROR CAUGHT ======
Unhandled Promise: TypeError: Failed to fetch
=============================
====== JS ERROR CAUGHT ======
Unhandled Promise: TypeError: Failed to fetch
=============================
====== JS ERROR CAUGHT ======
Unhandled Promise: TypeError: Failed to fetch
=============================
====== JS ERROR CAUGHT ======
Unhandled Promise: TypeError: Failed to fetch
=============================
====== JS ERROR CAUGHT ======
Unhandled Promise: TypeError: Failed to fetch
=============================
====== JS ERROR CAUGHT ======
Unhandled Promise: TypeError: Failed to fetch
=============================
====== JS ERROR CAUGHT ======
Unhandled Promise: TypeError: Failed to fetch
=============================
====== JS ERROR CAUGHT ======
Unhandled Promise: TypeError: Failed to fetch
=============================
====== JS ERROR CAUGHT ======
Unhandled Promise: TypeError: Failed to fetch
=============================
====== JS ERROR CAUGHT ======
Unhandled Promise: TypeError: Failed to fetch
=============================
====== JS ERROR CAUGHT ======
Unhandled Promise: TypeError: Failed to fetch
=============================
====== JS ERROR CAUGHT ======
Unhandled Promise: TypeError: Failed to fetch
=============================
====== JS ERROR CAUGHT ======
Unhandled Promise: TypeError: Failed to fetch
=============================
====== JS ERROR CAUGHT ======
Unhandled Promise: TypeError: Failed to fetch
=============================
====== JS ERROR CAUGHT ======
Unhandled Promise: TypeError: Failed to fetch
=============================
====== JS ERROR CAUGHT ======
Unhandled Promise: TypeError: Failed to fetch
=============================
====== JS ERROR CAUGHT ======
Unhandled Promise: TypeError: Failed to fetch
=============================
====== JS ERROR CAUGHT ======
Unhandled Promise: TypeError: Failed to fetch
=============================
====== JS ERROR CAUGHT ======
Unhandled Promise: TypeError: Failed to fetch
=============================
====== JS ERROR CAUGHT ======
Unhandled Promise: TypeError: Failed to fetch
=============================
====== JS ERROR CAUGHT ======
Unhandled Promise: TypeError: Failed to fetch
=============================
====== JS ERROR CAUGHT ======
Unhandled Promise: TypeError: Failed to fetch
=============================
====== JS ERROR CAUGHT ======
Unhandled Promise: TypeError: Failed to fetch
=============================
====== JS ERROR CAUGHT ======
Unhandled Promise: TypeError: Failed to fetch
=============================
====== JS ERROR CAUGHT ======
Unhandled Promise: TypeError: Failed to fetch
=============================
====== JS ERROR CAUGHT ======
Unhandled Promise: TypeError: Failed to fetch
=============================
====== JS ERROR CAUGHT ======
Unhandled Promise: TypeError: Failed to fetch
=============================
====== JS ERROR CAUGHT ======
Unhandled Promise: TypeError: Failed to fetch
=============================
====== JS ERROR CAUGHT ======
Unhandled Promise: TypeError: Failed to fetch
=============================
====== JS ERROR CAUGHT ======
Unhandled Promise: TypeError: Failed to fetch
=============================
====== JS ERROR CAUGHT ======
Unhandled Promise: TypeError: Failed to fetch
=============================
====== JS ERROR CAUGHT ======
Unhandled Promise: TypeError: Failed to fetch
=============================
====== JS ERROR CAUGHT ======
Unhandled Promise: TypeError: Failed to fetch
=============================
====== JS ERROR CAUGHT ======
Unhandled Promise: TypeError: Failed to fetch
=============================
====== JS ERROR CAUGHT ======
Unhandled Promise: TypeError: Failed to fetch
=============================
====== JS ERROR CAUGHT ======
Unhandled Promise: TypeError: Failed to fetch
=============================
====== JS ERROR CAUGHT ======
Unhandled Promise: TypeError: Failed to fetch
=============================
====== JS ERROR CAUGHT ======
Unhandled Promise: TypeError: Failed to fetch
=============================
====== JS ERROR CAUGHT ======
Unhandled Promise: TypeError: Failed to fetch
=============================
====== JS ERROR CAUGHT ======
Unhandled Promise: TypeError: Failed to fetch
=============================
====== JS ERROR CAUGHT ======
Unhandled Promise: TypeError: Failed to fetch
=============================
====== JS ERROR CAUGHT ======
Unhandled Promise: TypeError: Failed to fetch
=============================
====== JS ERROR CAUGHT ======
Unhandled Promise: TypeError: Failed to fetch
=============================
====== JS ERROR CAUGHT ======
Unhandled Promise: TypeError: Failed to fetch
=============================
====== JS ERROR CAUGHT ======
Unhandled Promise: TypeError: Failed to fetch
=============================
====== JS ERROR CAUGHT ======
Unhandled Promise: TypeError: Failed to fetch
=============================
====== JS ERROR CAUGHT ======
Unhandled Promise: TypeError: Failed to fetch
=============================
====== JS ERROR CAUGHT ======
Unhandled Promise: TypeError: Failed to fetch
=============================
====== JS ERROR CAUGHT ======
Unhandled Promise: TypeError: Failed to fetch
=============================
====== JS ERROR CAUGHT ======
Unhandled Promise: TypeError: Failed to fetch
=============================
====== JS ERROR CAUGHT ======
Unhandled Promise: TypeError: Failed to fetch
=============================
====== JS ERROR CAUGHT ======
Unhandled Promise: TypeError: Failed to fetch
=============================
====== JS ERROR CAUGHT ======
Unhandled Promise: TypeError: Failed to fetch
=============================
====== JS ERROR CAUGHT ======
Unhandled Promise: TypeError: Failed to fetch
=============================
====== JS ERROR CAUGHT ======
Unhandled Promise: TypeError: Failed to fetch
=============================
====== JS ERROR CAUGHT ======
Unhandled Promise: TypeError: Failed to fetch
=============================
====== JS ERROR CAUGHT ======
Unhandled Promise: TypeError: Failed to fetch
=============================
====== JS ERROR CAUGHT ======
Unhandled Promise: TypeError: Failed to fetch
=============================
====== JS ERROR CAUGHT ======
Unhandled Promise: TypeError: Failed to fetch
=============================
====== JS ERROR CAUGHT ======
Unhandled Promise: TypeError: Failed to fetch
=============================
====== JS ERROR CAUGHT ======
Unhandled Promise: TypeError: Failed to fetch
=============================
====== JS ERROR CAUGHT ======
Unhandled Promise: TypeError: Failed to fetch
=============================
====== JS ERROR CAUGHT ======
Unhandled Promise: TypeError: Failed to fetch
=============================
====== JS ERROR CAUGHT ======
Unhandled Promise: TypeError: Failed to fetch
=============================
====== JS ERROR CAUGHT ======
Unhandled Promise: TypeError: Failed to fetch
=============================
====== JS ERROR CAUGHT ======
Unhandled Promise: TypeError: Failed to fetch
=============================
====== JS ERROR CAUGHT ======
Unhandled Promise: TypeError: Failed to fetch
=============================
====== JS ERROR CAUGHT ======
Unhandled Promise: TypeError: Failed to fetch
=============================
====== JS ERROR CAUGHT ======
Unhandled Promise: TypeError: Failed to fetch
=============================
====== JS ERROR CAUGHT ======
Unhandled Promise: TypeError: Failed to fetch
=============================
====== JS ERROR CAUGHT ======
Unhandled Promise: TypeError: Failed to fetch
=============================
====== JS ERROR CAUGHT ======
Unhandled Promise: TypeError: Failed to fetch
=============================
====== JS ERROR CAUGHT ======
Unhandled Promise: TypeError: Failed to fetch
=============================
====== JS ERROR CAUGHT ======
Unhandled Promise: TypeError: Failed to fetch
=============================
====== JS ERROR CAUGHT ======
Unhandled Promise: TypeError: Failed to fetch
=============================
====== JS ERROR CAUGHT ======
Unhandled Promise: TypeError: Failed to fetch
=============================
====== JS ERROR CAUGHT ======
Unhandled Promise: TypeError: Failed to fetch
=============================
====== JS ERROR CAUGHT ======
Unhandled Promise: TypeError: Failed to fetch
=============================
====== JS ERROR CAUGHT ======
Unhandled Promise: TypeError: Failed to fetch
=============================
====== JS ERROR CAUGHT ======
Unhandled Promise: TypeError: Failed to fetch
=============================
====== JS ERROR CAUGHT ======
Unhandled Promise: TypeError: Failed to fetch
=============================
====== JS ERROR CAUGHT ======
Unhandled Promise: TypeError: Failed to fetch
=============================
====== JS ERROR CAUGHT ======
Unhandled Promise: TypeError: Failed to fetch
=============================
====== JS ERROR CAUGHT ======
Unhandled Promise: TypeError: Failed to fetch
=============================
====== JS ERROR CAUGHT ======
Unhandled Promise: TypeError: Failed to fetch
=============================
====== JS ERROR CAUGHT ======
Unhandled Promise: TypeError: Failed to fetch
=============================
====== JS ERROR CAUGHT ======
Unhandled Promise: TypeError: Failed to fetch
=============================
====== JS ERROR CAUGHT ======
Unhandled Promise: TypeError: Failed to fetch
=============================
====== JS ERROR CAUGHT ======
Unhandled Promise: TypeError: Failed to fetch
=============================
====== JS ERROR CAUGHT ======
Unhandled Promise: TypeError: Failed to fetch
=============================
====== JS ERROR CAUGHT ======
Unhandled Promise: TypeError: Failed to fetch
=============================
====== JS ERROR CAUGHT ======
Unhandled Promise: TypeError: Failed to fetch
=============================
====== JS ERROR CAUGHT ======
Unhandled Promise: TypeError: Failed to fetch
=============================
====== JS ERROR CAUGHT ======
Unhandled Promise: TypeError: Failed to fetch
=============================
====== JS ERROR CAUGHT ======
Unhandled Promise: TypeError: Failed to fetch
=============================
====== JS ERROR CAUGHT ======
Unhandled Promise: TypeError: Failed to fetch
=============================
====== JS ERROR CAUGHT ======
Unhandled Promise: TypeError: Failed to fetch
=============================
====== JS ERROR CAUGHT ======
Unhandled Promise: TypeError: Failed to fetch
=============================
====== JS ERROR CAUGHT ======
Unhandled Promise: TypeError: Failed to fetch
=============================
====== JS ERROR CAUGHT ======
Unhandled Promise: TypeError: Failed to fetch
=============================
====== JS ERROR CAUGHT ======
Unhandled Promise: TypeError: Failed to fetch
=============================
====== JS ERROR CAUGHT ======
Unhandled Promise: TypeError: Failed to fetch
=============================
====== JS ERROR CAUGHT ======
Unhandled Promise: TypeError: Failed to fetch
=============================
====== JS ERROR CAUGHT ======
Unhandled Promise: TypeError: Failed to fetch
=============================
====== JS ERROR CAUGHT ======
Unhandled Promise: TypeError: Failed to fetch
=============================
====== JS ERROR CAUGHT ======
Unhandled Promise: TypeError: Failed to fetch
=============================
====== JS ERROR CAUGHT ======
Unhandled Promise: TypeError: Failed to fetch
=============================
====== JS ERROR CAUGHT ======
Unhandled Promise: TypeError: Failed to fetch
=============================
====== JS ERROR CAUGHT ======
Unhandled Promise: TypeError: Failed to fetch
=============================
====== JS ERROR CAUGHT ======
Unhandled Promise: TypeError: Failed to fetch
=============================
====== JS ERROR CAUGHT ======
Unhandled Promise: TypeError: Failed to fetch
=============================
====== JS ERROR CAUGHT ======
Unhandled Promise: TypeError: Failed to fetch
=============================
====== JS ERROR CAUGHT ======
Unhandled Promise: TypeError: Failed to fetch
=============================
====== JS ERROR CAUGHT ======
Unhandled Promise: TypeError: Failed to fetch
=============================
====== JS ERROR CAUGHT ======
Unhandled Promise: TypeError: Failed to fetch
=============================
====== JS ERROR CAUGHT ======
Unhandled Promise: TypeError: Failed to fetch
=============================
====== JS ERROR CAUGHT ======
Unhandled Promise: TypeError: Failed to fetch
=============================
====== JS ERROR CAUGHT ======
Unhandled Promise: TypeError: Failed to fetch
=============================
====== JS ERROR CAUGHT ======
Unhandled Promise: TypeError: Failed to fetch
=============================
====== JS ERROR CAUGHT ======
Unhandled Promise: TypeError: Failed to fetch
=============================
====== JS ERROR CAUGHT ======
Unhandled Promise: TypeError: Failed to fetch
=============================
====== JS ERROR CAUGHT ======
Unhandled Promise: TypeError: Failed to fetch
=============================
====== JS ERROR CAUGHT ======
Unhandled Promise: TypeError: Failed to fetch
=============================
====== JS ERROR CAUGHT ======
Unhandled Promise: TypeError: Failed to fetch
=============================
====== JS ERROR CAUGHT ======
Unhandled Promise: TypeError: Failed to fetch
=============================
====== JS ERROR CAUGHT ======
Unhandled Promise: TypeError: Failed to fetch
=============================
====== JS ERROR CAUGHT ======
Unhandled Promise: TypeError: Failed to fetch
=============================
====== JS ERROR CAUGHT ======
Unhandled Promise: TypeError: Failed to fetch
=============================
====== JS ERROR CAUGHT ======
Unhandled Promise: TypeError: Failed to fetch
=============================
====== JS ERROR CAUGHT ======
Unhandled Promise: TypeError: Failed to fetch
=============================
====== JS ERROR CAUGHT ======
Unhandled Promise: TypeError: Failed to fetch
=============================
====== JS ERROR CAUGHT ======
Unhandled Promise: TypeError: Failed to fetch
=============================
====== JS ERROR CAUGHT ======
Unhandled Promise: TypeError: Failed to fetch
=============================
====== JS ERROR CAUGHT ======
Unhandled Promise: TypeError: Failed to fetch
=============================
====== JS ERROR CAUGHT ======
Unhandled Promise: TypeError: Failed to fetch
=============================
====== JS ERROR CAUGHT ======
Unhandled Promise: TypeError: Failed to fetch
=============================
====== JS ERROR CAUGHT ======
Unhandled Promise: TypeError: Failed to fetch
=============================
====== JS ERROR CAUGHT ======
Unhandled Promise: TypeError: Failed to fetch
=============================
====== JS ERROR CAUGHT ======
Unhandled Promise: TypeError: Failed to fetch
=============================
====== JS ERROR CAUGHT ======
Unhandled Promise: TypeError: Failed to fetch
=============================
====== JS ERROR CAUGHT ======
Unhandled Promise: TypeError: Failed to fetch
=============================
====== JS ERROR CAUGHT ======
Unhandled Promise: TypeError: Failed to fetch
=============================
====== JS ERROR CAUGHT ======
Unhandled Promise: TypeError: Failed to fetch
=============================
====== JS ERROR CAUGHT ======
Unhandled Promise: TypeError: Failed to fetch
=============================
====== JS ERROR CAUGHT ======
Unhandled Promise: TypeError: Failed to fetch
=============================
====== JS ERROR CAUGHT ======
Unhandled Promise: TypeError: Failed to fetch
=============================
====== JS ERROR CAUGHT ======
Unhandled Promise: TypeError: Failed to fetch
=============================
====== JS ERROR CAUGHT ======
Unhandled Promise: TypeError: Failed to fetch
=============================
====== JS ERROR CAUGHT ======
Unhandled Promise: TypeError: Failed to fetch
=============================
====== JS ERROR CAUGHT ======
Unhandled Promise: TypeError: Failed to fetch
=============================
====== JS ERROR CAUGHT ======
Unhandled Promise: TypeError: Failed to fetch
=============================
====== JS ERROR CAUGHT ======
Unhandled Promise: TypeError: Failed to fetch
=============================
====== JS ERROR CAUGHT ======
Unhandled Promise: TypeError: Failed to fetch
=============================
====== JS ERROR CAUGHT ======
Unhandled Promise: TypeError: Failed to fetch
=============================
====== JS ERROR CAUGHT ======
Unhandled Promise: TypeError: Failed to fetch
=============================
====== JS ERROR CAUGHT ======
Unhandled Promise: TypeError: Failed to fetch
=============================
====== JS ERROR CAUGHT ======
Unhandled Promise: TypeError: Failed to fetch
=============================
====== JS ERROR CAUGHT ======
Unhandled Promise: TypeError: Failed to fetch
=============================
====== JS ERROR CAUGHT ======
Unhandled Promise: TypeError: Failed to fetch
=============================
====== JS ERROR CAUGHT ======
Unhandled Promise: TypeError: Failed to fetch
=============================
====== JS ERROR CAUGHT ======
Unhandled Promise: TypeError: Failed to fetch
=============================
====== JS ERROR CAUGHT ======
Unhandled Promise: TypeError: Failed to fetch
=============================
====== JS ERROR CAUGHT ======
Unhandled Promise: TypeError: Failed to fetch
=============================
====== JS ERROR CAUGHT ======
Unhandled Promise: TypeError: Failed to fetch
=============================
====== JS ERROR CAUGHT ======
Unhandled Promise: TypeError: Failed to fetch
=============================
====== JS ERROR CAUGHT ======
Unhandled Promise: TypeError: Failed to fetch
=============================
====== JS ERROR CAUGHT ======
Unhandled Promise: TypeError: Failed to fetch
=============================
====== JS ERROR CAUGHT ======
Unhandled Promise: TypeError: Failed to fetch
=============================
====== JS ERROR CAUGHT ======
Unhandled Promise: TypeError: Failed to fetch
=============================
====== JS ERROR CAUGHT ======
Unhandled Promise: TypeError: Failed to fetch
=============================
====== JS ERROR CAUGHT ======
Unhandled Promise: TypeError: Failed to fetch
=============================
====== JS ERROR CAUGHT ======
Unhandled Promise: TypeError: Failed to fetch
=============================
====== JS ERROR CAUGHT ======
Unhandled Promise: TypeError: Failed to fetch
=============================
====== JS ERROR CAUGHT ======
Unhandled Promise: TypeError: Failed to fetch
=============================
====== JS ERROR CAUGHT ======
Unhandled Promise: TypeError: Failed to fetch
=============================
====== JS ERROR CAUGHT ======
Unhandled Promise: TypeError: Failed to fetch
=============================
====== JS ERROR CAUGHT ======
Unhandled Promise: TypeError: Failed to fetch
=============================
====== JS ERROR CAUGHT ======
Unhandled Promise: TypeError: Failed to fetch
=============================
====== JS ERROR CAUGHT ======
Unhandled Promise: TypeError: Failed to fetch
=============================
====== JS ERROR CAUGHT ======
Unhandled Promise: TypeError: Failed to fetch
=============================
====== JS ERROR CAUGHT ======
Unhandled Promise: TypeError: Failed to fetch
=============================
====== JS ERROR CAUGHT ======
Unhandled Promise: TypeError: Failed to fetch
=============================
====== JS ERROR CAUGHT ======
Unhandled Promise: TypeError: Failed to fetch
=============================
====== JS ERROR CAUGHT ======
Unhandled Promise: TypeError: Failed to fetch
=============================
====== JS ERROR CAUGHT ======
Unhandled Promise: TypeError: Failed to fetch
=============================
====== JS ERROR CAUGHT ======
Unhandled Promise: TypeError: Failed to fetch
=============================
====== JS ERROR CAUGHT ======
Unhandled Promise: TypeError: Failed to fetch
=============================
====== JS ERROR CAUGHT ======
Unhandled Promise: TypeError: Failed to fetch
=============================
====== JS ERROR CAUGHT ======
Unhandled Promise: TypeError: Failed to fetch
=============================
====== JS ERROR CAUGHT ======
Unhandled Promise: TypeError: Failed to fetch
=============================
====== JS ERROR CAUGHT ======
Unhandled Promise: TypeError: Failed to fetch
=============================
====== JS ERROR CAUGHT ======
Unhandled Promise: TypeError: Failed to fetch
=============================
====== JS ERROR CAUGHT ======
Unhandled Promise: TypeError: Failed to fetch
=============================
====== JS ERROR CAUGHT ======
Unhandled Promise: TypeError: Failed to fetch
=============================
====== JS ERROR CAUGHT ======
Unhandled Promise: TypeError: Failed to fetch
=============================
====== JS ERROR CAUGHT ======
Unhandled Promise: TypeError: Failed to fetch
=============================
====== JS ERROR CAUGHT ======
Unhandled Promise: TypeError: Failed to fetch
=============================
====== JS ERROR CAUGHT ======
Unhandled Promise: TypeError: Failed to fetch
=============================
====== JS ERROR CAUGHT ======
Unhandled Promise: TypeError: Failed to fetch
=============================
====== JS ERROR CAUGHT ======
Unhandled Promise: TypeError: Failed to fetch
=============================
====== JS ERROR CAUGHT ======
Unhandled Promise: TypeError: Failed to fetch
=============================
====== JS ERROR CAUGHT ======
Unhandled Promise: TypeError: Failed to fetch
=============================
====== JS ERROR CAUGHT ======
Unhandled Promise: TypeError: Failed to fetch
=============================
====== JS ERROR CAUGHT ======
Unhandled Promise: TypeError: Failed to fetch
=============================
====== JS ERROR CAUGHT ======
Unhandled Promise: TypeError: Failed to fetch
=============================
====== JS ERROR CAUGHT ======
Unhandled Promise: TypeError: Failed to fetch
=============================
====== JS ERROR CAUGHT ======
Unhandled Promise: TypeError: Failed to fetch
=============================
====== JS ERROR CAUGHT ======
Unhandled Promise: TypeError: Failed to fetch
=============================
====== JS ERROR CAUGHT ======
Unhandled Promise: TypeError: Failed to fetch
=============================
====== JS ERROR CAUGHT ======
Unhandled Promise: TypeError: Failed to fetch
=============================
====== JS ERROR CAUGHT ======
Unhandled Promise: TypeError: Failed to fetch
=============================
====== JS ERROR CAUGHT ======
Unhandled Promise: TypeError: Failed to fetch
=============================
====== JS ERROR CAUGHT ======
Unhandled Promise: TypeError: Failed to fetch
=============================
====== JS ERROR CAUGHT ======
Unhandled Promise: TypeError: Failed to fetch
=============================
====== JS ERROR CAUGHT ======
Unhandled Promise: TypeError: Failed to fetch
=============================
====== JS ERROR CAUGHT ======
Unhandled Promise: TypeError: Failed to fetch
=============================
====== JS ERROR CAUGHT ======
Unhandled Promise: TypeError: Failed to fetch
=============================
====== JS ERROR CAUGHT ======
Unhandled Promise: TypeError: Failed to fetch
=============================
====== JS ERROR CAUGHT ======
Unhandled Promise: TypeError: Failed to fetch
=============================
====== JS ERROR CAUGHT ======
Unhandled Promise: TypeError: Failed to fetch
=============================
====== JS ERROR CAUGHT ======
Unhandled Promise: TypeError: Failed to fetch
=============================
====== JS ERROR CAUGHT ======
Unhandled Promise: TypeError: Failed to fetch
=============================
====== JS ERROR CAUGHT ======
Unhandled Promise: TypeError: Failed to fetch
=============================
====== JS ERROR CAUGHT ======
Unhandled Promise: TypeError: Failed to fetch
=============================
====== JS ERROR CAUGHT ======
Unhandled Promise: TypeError: Failed to fetch
=============================
====== JS ERROR CAUGHT ======
Unhandled Promise: TypeError: Failed to fetch
=============================
====== JS ERROR CAUGHT ======
Unhandled Promise: TypeError: Failed to fetch
=============================
====== JS ERROR CAUGHT ======
Unhandled Promise: TypeError: Failed to fetch
=============================
====== JS ERROR CAUGHT ======
Unhandled Promise: TypeError: Failed to fetch
=============================
====== JS ERROR CAUGHT ======
Unhandled Promise: TypeError: Failed to fetch
=============================
====== JS ERROR CAUGHT ======
Unhandled Promise: TypeError: Failed to fetch
=============================
====== JS ERROR CAUGHT ======
Unhandled Promise: TypeError: Failed to fetch
=============================
====== JS ERROR CAUGHT ======
Unhandled Promise: TypeError: Failed to fetch
=============================
====== JS ERROR CAUGHT ======
Unhandled Promise: TypeError: Failed to fetch
=============================
====== JS ERROR CAUGHT ======
Unhandled Promise: TypeError: Failed to fetch
=============================
====== JS ERROR CAUGHT ======
Unhandled Promise: TypeError: Failed to fetch
=============================
====== JS ERROR CAUGHT ======
Unhandled Promise: TypeError: Failed to fetch
=============================
====== JS ERROR CAUGHT ======
Unhandled Promise: TypeError: Failed to fetch
=============================
====== JS ERROR CAUGHT ======
Unhandled Promise: TypeError: Failed to fetch
=============================
====== JS ERROR CAUGHT ======
Unhandled Promise: TypeError: Failed to fetch
=============================
====== JS ERROR CAUGHT ======
Unhandled Promise: TypeError: Failed to fetch
=============================
====== JS ERROR CAUGHT ======
Unhandled Promise: TypeError: Failed to fetch
=============================
====== JS ERROR CAUGHT ======
Unhandled Promise: TypeError: Failed to fetch
=============================
====== JS ERROR CAUGHT ======
Unhandled Promise: TypeError: Failed to fetch
=============================
====== JS ERROR CAUGHT ======
Unhandled Promise: TypeError: Failed to fetch
=============================
====== JS ERROR CAUGHT ======
Unhandled Promise: TypeError: Failed to fetch
=============================
====== JS ERROR CAUGHT ======
Unhandled Promise: TypeError: Failed to fetch
=============================
====== JS ERROR CAUGHT ======
Unhandled Promise: TypeError: Failed to fetch
=============================
====== JS ERROR CAUGHT ======
Unhandled Promise: TypeError: Failed to fetch
=============================
====== JS ERROR CAUGHT ======
Unhandled Promise: TypeError: Failed to fetch
=============================
====== JS ERROR CAUGHT ======
Unhandled Promise: TypeError: Failed to fetch
=============================
====== JS ERROR CAUGHT ======
Unhandled Promise: TypeError: Failed to fetch
=============================
====== JS ERROR CAUGHT ======
Unhandled Promise: TypeError: Failed to fetch
=============================
====== JS ERROR CAUGHT ======
Unhandled Promise: TypeError: Failed to fetch
=============================
====== JS ERROR CAUGHT ======
Unhandled Promise: TypeError: Failed to fetch
=============================
====== JS ERROR CAUGHT ======
Unhandled Promise: TypeError: Failed to fetch
=============================
====== JS ERROR CAUGHT ======
Unhandled Promise: TypeError: Failed to fetch
=============================
====== JS ERROR CAUGHT ======
Unhandled Promise: TypeError: Failed to fetch
=============================
====== JS ERROR CAUGHT ======
Unhandled Promise: TypeError: Failed to fetch
=============================
====== JS ERROR CAUGHT ======
Unhandled Promise: TypeError: Failed to fetch
=============================
====== JS ERROR CAUGHT ======
Unhandled Promise: TypeError: Failed to fetch
=============================
====== JS ERROR CAUGHT ======
Unhandled Promise: TypeError: Failed to fetch
=============================
====== JS ERROR CAUGHT ======
Unhandled Promise: TypeError: Failed to fetch
=============================
====== JS ERROR CAUGHT ======
Unhandled Promise: TypeError: Failed to fetch
=============================
====== JS ERROR CAUGHT ======
Unhandled Promise: TypeError: Failed to fetch
=============================
====== JS ERROR CAUGHT ======
Unhandled Promise: TypeError: Failed to fetch
=============================
====== JS ERROR CAUGHT ======
Unhandled Promise: TypeError: Failed to fetch
=============================
====== JS ERROR CAUGHT ======
Unhandled Promise: TypeError: Failed to fetch
=============================
====== JS ERROR CAUGHT ======
Unhandled Promise: TypeError: Failed to fetch
=============================
====== JS ERROR CAUGHT ======
Unhandled Promise: TypeError: Failed to fetch
=============================
====== JS ERROR CAUGHT ======
Unhandled Promise: TypeError: Failed to fetch
=============================
====== JS ERROR CAUGHT ======
Unhandled Promise: TypeError: Failed to fetch
=============================
====== JS ERROR CAUGHT ======
Unhandled Promise: TypeError: Failed to fetch
=============================
====== JS ERROR CAUGHT ======
Unhandled Promise: TypeError: Failed to fetch
=============================
====== JS ERROR CAUGHT ======
Unhandled Promise: TypeError: Failed to fetch
=============================
====== JS ERROR CAUGHT ======
Unhandled Promise: TypeError: Failed to fetch
=============================
====== JS ERROR CAUGHT ======
Unhandled Promise: TypeError: Failed to fetch
=============================
====== JS ERROR CAUGHT ======
Unhandled Promise: TypeError: Failed to fetch
=============================
====== JS ERROR CAUGHT ======
Unhandled Promise: TypeError: Failed to fetch
=============================
====== JS ERROR CAUGHT ======
Unhandled Promise: TypeError: Failed to fetch
=============================
====== JS ERROR CAUGHT ======
Unhandled Promise: TypeError: Failed to fetch
=============================
====== JS ERROR CAUGHT ======
Unhandled Promise: TypeError: Failed to fetch
=============================
====== JS ERROR CAUGHT ======
Unhandled Promise: TypeError: Failed to fetch
=============================
====== JS ERROR CAUGHT ======
Unhandled Promise: TypeError: Failed to fetch
=============================
====== JS ERROR CAUGHT ======
Unhandled Promise: TypeError: Failed to fetch
=============================
====== JS ERROR CAUGHT ======
Unhandled Promise: TypeError: Failed to fetch
=============================
====== JS ERROR CAUGHT ======
Unhandled Promise: TypeError: Failed to fetch
=============================
====== JS ERROR CAUGHT ======
Unhandled Promise: TypeError: Failed to fetch
=============================
====== JS ERROR CAUGHT ======
Unhandled Promise: TypeError: Failed to fetch
=============================
====== JS ERROR CAUGHT ======
Unhandled Promise: TypeError: Failed to fetch
=============================
====== JS ERROR CAUGHT ======
Unhandled Promise: TypeError: Failed to fetch
=============================
====== JS ERROR CAUGHT ======
Unhandled Promise: TypeError: Failed to fetch
=============================
====== JS ERROR CAUGHT ======
Unhandled Promise: TypeError: Failed to fetch
=============================
====== JS ERROR CAUGHT ======
Unhandled Promise: TypeError: Failed to fetch
=============================
====== JS ERROR CAUGHT ======
Unhandled Promise: TypeError: Failed to fetch
=============================
====== JS ERROR CAUGHT ======
Unhandled Promise: TypeError: Failed to fetch
=============================
====== JS ERROR CAUGHT ======
Unhandled Promise: TypeError: Failed to fetch
=============================
====== JS ERROR CAUGHT ======
Unhandled Promise: TypeError: Failed to fetch
=============================
====== JS ERROR CAUGHT ======
Unhandled Promise: TypeError: Failed to fetch
=============================
====== JS ERROR CAUGHT ======
Unhandled Promise: TypeError: Failed to fetch
=============================
====== JS ERROR CAUGHT ======
Unhandled Promise: TypeError: Failed to fetch
=============================
====== JS ERROR CAUGHT ======
Unhandled Promise: TypeError: Failed to fetch
=============================
====== JS ERROR CAUGHT ======
Unhandled Promise: TypeError: Failed to fetch
=============================
====== JS ERROR CAUGHT ======
Unhandled Promise: TypeError: Failed to fetch
=============================
====== JS ERROR CAUGHT ======
Unhandled Promise: TypeError: Failed to fetch
=============================
====== JS ERROR CAUGHT ======
Unhandled Promise: TypeError: Failed to fetch
=============================
====== JS ERROR CAUGHT ======
Unhandled Promise: TypeError: Failed to fetch
=============================
====== JS ERROR CAUGHT ======
Unhandled Promise: TypeError: Failed to fetch
=============================
====== JS ERROR CAUGHT ======
Unhandled Promise: TypeError: Failed to fetch
=============================
====== JS ERROR CAUGHT ======
Unhandled Promise: TypeError: Failed to fetch
=============================
====== JS ERROR CAUGHT ======
Unhandled Promise: TypeError: Failed to fetch
=============================
====== JS ERROR CAUGHT ======
Unhandled Promise: TypeError: Failed to fetch
=============================
====== JS ERROR CAUGHT ======
Unhandled Promise: TypeError: Failed to fetch
=============================
====== JS ERROR CAUGHT ======
Unhandled Promise: TypeError: Failed to fetch
=============================
====== JS ERROR CAUGHT ======
Unhandled Promise: TypeError: Failed to fetch
=============================
====== JS ERROR CAUGHT ======
Unhandled Promise: TypeError: Failed to fetch
=============================
====== JS ERROR CAUGHT ======
Unhandled Promise: TypeError: Failed to fetch
=============================
====== JS ERROR CAUGHT ======
Unhandled Promise: TypeError: Failed to fetch
=============================
====== JS ERROR CAUGHT ======
Unhandled Promise: TypeError: Failed to fetch
=============================
====== JS ERROR CAUGHT ======
Unhandled Promise: TypeError: Failed to fetch
=============================
====== JS ERROR CAUGHT ======
Unhandled Promise: TypeError: Failed to fetch
=============================
====== JS ERROR CAUGHT ======
Unhandled Promise: TypeError: Failed to fetch
=============================
====== JS ERROR CAUGHT ======
Unhandled Promise: TypeError: Failed to fetch
=============================
====== JS ERROR CAUGHT ======
Unhandled Promise: TypeError: Failed to fetch
=============================
====== JS ERROR CAUGHT ======
Unhandled Promise: TypeError: Failed to fetch
=============================
====== JS ERROR CAUGHT ======
Unhandled Promise: TypeError: Failed to fetch
=============================
====== JS ERROR CAUGHT ======
Unhandled Promise: TypeError: Failed to fetch
=============================
====== JS ERROR CAUGHT ======
Unhandled Promise: TypeError: Failed to fetch
=============================
====== JS ERROR CAUGHT ======
Unhandled Promise: TypeError: Failed to fetch
=============================
====== JS ERROR CAUGHT ======
Unhandled Promise: TypeError: Failed to fetch
=============================
====== JS ERROR CAUGHT ======
Unhandled Promise: TypeError: Failed to fetch
=============================
====== JS ERROR CAUGHT ======
Unhandled Promise: TypeError: Failed to fetch
=============================
====== JS ERROR CAUGHT ======
Unhandled Promise: TypeError: Failed to fetch
=============================
====== JS ERROR CAUGHT ======
Unhandled Promise: TypeError: Failed to fetch
=============================
====== JS ERROR CAUGHT ======
Unhandled Promise: TypeError: Failed to fetch
=============================
====== JS ERROR CAUGHT ======
Unhandled Promise: TypeError: Failed to fetch
=============================
====== JS ERROR CAUGHT ======
Unhandled Promise: TypeError: Failed to fetch
=============================
====== JS ERROR CAUGHT ======
Unhandled Promise: TypeError: Failed to fetch
=============================
====== JS ERROR CAUGHT ======
Unhandled Promise: TypeError: Failed to fetch
=============================
====== JS ERROR CAUGHT ======
Unhandled Promise: TypeError: Failed to fetch
=============================
====== JS ERROR CAUGHT ======
Unhandled Promise: TypeError: Failed to fetch
=============================
====== JS ERROR CAUGHT ======
Unhandled Promise: TypeError: Failed to fetch
=============================
====== JS ERROR CAUGHT ======
Unhandled Promise: TypeError: Failed to fetch
=============================
====== JS ERROR CAUGHT ======
Unhandled Promise: TypeError: Failed to fetch
=============================
====== JS ERROR CAUGHT ======
Unhandled Promise: TypeError: Failed to fetch
=============================
====== JS ERROR CAUGHT ======
Unhandled Promise: TypeError: Failed to fetch
=============================
====== JS ERROR CAUGHT ======
Unhandled Promise: TypeError: Failed to fetch
=============================
====== JS ERROR CAUGHT ======
Unhandled Promise: TypeError: Failed to fetch
=============================
====== JS ERROR CAUGHT ======
Unhandled Promise: TypeError: Failed to fetch
=============================
====== JS ERROR CAUGHT ======
Unhandled Promise: TypeError: Failed to fetch
=============================
====== JS ERROR CAUGHT ======
Unhandled Promise: TypeError: Failed to fetch
=============================
====== JS ERROR CAUGHT ======
Unhandled Promise: TypeError: Failed to fetch
=============================
====== JS ERROR CAUGHT ======
Unhandled Promise: TypeError: Failed to fetch
=============================
====== JS ERROR CAUGHT ======
Unhandled Promise: TypeError: Failed to fetch
=============================
====== JS ERROR CAUGHT ======
Unhandled Promise: TypeError: Failed to fetch
=============================
====== JS ERROR CAUGHT ======
Unhandled Promise: TypeError: Failed to fetch
=============================
====== JS ERROR CAUGHT ======
Unhandled Promise: TypeError: Failed to fetch
=============================
====== JS ERROR CAUGHT ======
Unhandled Promise: TypeError: Failed to fetch
=============================
====== JS ERROR CAUGHT ======
Unhandled Promise: TypeError: Failed to fetch
=============================
====== JS ERROR CAUGHT ======
Unhandled Promise: TypeError: Failed to fetch
=============================
====== JS ERROR CAUGHT ======
Unhandled Promise: TypeError: Failed to fetch
=============================
====== JS ERROR CAUGHT ======
Unhandled Promise: TypeError: Failed to fetch
=============================
====== JS ERROR CAUGHT ======
Unhandled Promise: TypeError: Failed to fetch
=============================
====== JS ERROR CAUGHT ======
Unhandled Promise: TypeError: Failed to fetch
=============================
====== JS ERROR CAUGHT ======
Unhandled Promise: TypeError: Failed to fetch
=============================
====== JS ERROR CAUGHT ======
Unhandled Promise: TypeError: Failed to fetch
=============================
====== JS ERROR CAUGHT ======
Unhandled Promise: TypeError: Failed to fetch
=============================
====== JS ERROR CAUGHT ======
Unhandled Promise: TypeError: Failed to fetch
=============================
====== JS ERROR CAUGHT ======
Unhandled Promise: TypeError: Failed to fetch
=============================
====== JS ERROR CAUGHT ======
Unhandled Promise: TypeError: Failed to fetch
=============================
====== JS ERROR CAUGHT ======
Unhandled Promise: TypeError: Failed to fetch
=============================
====== JS ERROR CAUGHT ======
Unhandled Promise: TypeError: Failed to fetch
=============================
====== JS ERROR CAUGHT ======
Unhandled Promise: TypeError: Failed to fetch
=============================
====== JS ERROR CAUGHT ======
Unhandled Promise: TypeError: Failed to fetch
=============================
====== JS ERROR CAUGHT ======
Unhandled Promise: TypeError: Failed to fetch
=============================
====== JS ERROR CAUGHT ======
Unhandled Promise: TypeError: Failed to fetch
=============================
====== JS ERROR CAUGHT ======
Unhandled Promise: TypeError: Failed to fetch
=============================
====== JS ERROR CAUGHT ======
Unhandled Promise: TypeError: Failed to fetch
=============================
====== JS ERROR CAUGHT ======
Unhandled Promise: TypeError: Failed to fetch
=============================
====== JS ERROR CAUGHT ======
Unhandled Promise: TypeError: Failed to fetch
=============================
====== JS ERROR CAUGHT ======
Unhandled Promise: TypeError: Failed to fetch
=============================
====== JS ERROR CAUGHT ======
Unhandled Promise: TypeError: Failed to fetch
=============================
====== JS ERROR CAUGHT ======
Unhandled Promise: TypeError: Failed to fetch
=============================
====== JS ERROR CAUGHT ======
Unhandled Promise: TypeError: Failed to fetch
=============================
====== JS ERROR CAUGHT ======
Unhandled Promise: TypeError: Failed to fetch
=============================
====== JS ERROR CAUGHT ======
Unhandled Promise: TypeError: Failed to fetch
=============================
====== JS ERROR CAUGHT ======
Unhandled Promise: TypeError: Failed to fetch
=============================
====== JS ERROR CAUGHT ======
Unhandled Promise: TypeError: Failed to fetch
=============================
====== JS ERROR CAUGHT ======
Unhandled Promise: TypeError: Failed to fetch
=============================
====== JS ERROR CAUGHT ======
Unhandled Promise: TypeError: Failed to fetch
=============================
====== JS ERROR CAUGHT ======
Unhandled Promise: TypeError: Failed to fetch
=============================
====== JS ERROR CAUGHT ======
Unhandled Promise: TypeError: Failed to fetch
=============================
====== JS ERROR CAUGHT ======
Unhandled Promise: TypeError: Failed to fetch
=============================
====== JS ERROR CAUGHT ======
Unhandled Promise: TypeError: Failed to fetch
=============================
====== JS ERROR CAUGHT ======
Unhandled Promise: TypeError: Failed to fetch
=============================
====== JS ERROR CAUGHT ======
Unhandled Promise: TypeError: Failed to fetch
=============================
====== JS ERROR CAUGHT ======
Unhandled Promise: TypeError: Failed to fetch
=============================
====== JS ERROR CAUGHT ======
Unhandled Promise: TypeError: Failed to fetch
=============================
====== JS ERROR CAUGHT ======
Unhandled Promise: TypeError: Failed to fetch
=============================
====== JS ERROR CAUGHT ======
Unhandled Promise: TypeError: Failed to fetch
=============================
====== JS ERROR CAUGHT ======
Unhandled Promise: TypeError: Failed to fetch
=============================
====== JS ERROR CAUGHT ======
Unhandled Promise: TypeError: Failed to fetch
=============================
====== JS ERROR CAUGHT ======
Unhandled Promise: TypeError: Failed to fetch
=============================
====== JS ERROR CAUGHT ======
Unhandled Promise: TypeError: Failed to fetch
=============================
====== JS ERROR CAUGHT ======
Unhandled Promise: TypeError: Failed to fetch
=============================
====== JS ERROR CAUGHT ======
Unhandled Promise: TypeError: Failed to fetch
=============================
====== JS ERROR CAUGHT ======
Unhandled Promise: TypeError: Failed to fetch
=============================
====== JS ERROR CAUGHT ======
Unhandled Promise: TypeError: Failed to fetch
=============================
====== JS ERROR CAUGHT ======
Unhandled Promise: TypeError: Failed to fetch
=============================
====== JS ERROR CAUGHT ======
Unhandled Promise: TypeError: Failed to fetch
=============================
====== JS ERROR CAUGHT ======
Unhandled Promise: TypeError: Failed to fetch
=============================
====== JS ERROR CAUGHT ======
Unhandled Promise: TypeError: Failed to fetch
=============================
====== JS ERROR CAUGHT ======
Unhandled Promise: TypeError: Failed to fetch
=============================
====== JS ERROR CAUGHT ======
Unhandled Promise: TypeError: Failed to fetch
=============================
====== JS ERROR CAUGHT ======
Unhandled Promise: TypeError: Failed to fetch
=============================
====== JS ERROR CAUGHT ======
Unhandled Promise: TypeError: Failed to fetch
=============================
====== JS ERROR CAUGHT ======
Unhandled Promise: TypeError: Failed to fetch
=============================
====== JS ERROR CAUGHT ======
Unhandled Promise: TypeError: Failed to fetch
=============================
====== JS ERROR CAUGHT ======
Unhandled Promise: TypeError: Failed to fetch
=============================
====== JS ERROR CAUGHT ======
Unhandled Promise: TypeError: Failed to fetch
=============================
====== JS ERROR CAUGHT ======
Unhandled Promise: TypeError: Failed to fetch
=============================
====== JS ERROR CAUGHT ======
Unhandled Promise: TypeError: Failed to fetch
=============================
====== JS ERROR CAUGHT ======
Unhandled Promise: TypeError: Failed to fetch
=============================
====== JS ERROR CAUGHT ======
Unhandled Promise: TypeError: Failed to fetch
=============================
====== JS ERROR CAUGHT ======
Unhandled Promise: TypeError: Failed to fetch
=============================
====== JS ERROR CAUGHT ======
Unhandled Promise: TypeError: Failed to fetch
=============================
====== JS ERROR CAUGHT ======
Unhandled Promise: TypeError: Failed to fetch
=============================
====== JS ERROR CAUGHT ======
Unhandled Promise: TypeError: Failed to fetch
=============================
====== JS ERROR CAUGHT ======
Unhandled Promise: TypeError: Failed to fetch
=============================
====== JS ERROR CAUGHT ======
Unhandled Promise: TypeError: Failed to fetch
=============================
====== JS ERROR CAUGHT ======
Unhandled Promise: TypeError: Failed to fetch
=============================
====== JS ERROR CAUGHT ======
Unhandled Promise: TypeError: Failed to fetch
=============================
====== JS ERROR CAUGHT ======
Unhandled Promise: TypeError: Failed to fetch
=============================
====== JS ERROR CAUGHT ======
Unhandled Promise: TypeError: Failed to fetch
=============================
====== JS ERROR CAUGHT ======
Unhandled Promise: TypeError: Failed to fetch
=============================
====== JS ERROR CAUGHT ======
Unhandled Promise: TypeError: Failed to fetch
=============================
====== JS ERROR CAUGHT ======
Unhandled Promise: TypeError: Failed to fetch
=============================
====== JS ERROR CAUGHT ======
Unhandled Promise: TypeError: Failed to fetch
=============================
====== JS ERROR CAUGHT ======
Unhandled Promise: TypeError: Failed to fetch
=============================
====== JS ERROR CAUGHT ======
Unhandled Promise: TypeError: Failed to fetch
=============================
====== JS ERROR CAUGHT ======
Unhandled Promise: TypeError: Failed to fetch
=============================
====== JS ERROR CAUGHT ======
Unhandled Promise: TypeError: Failed to fetch
=============================
====== JS ERROR CAUGHT ======
Unhandled Promise: TypeError: Failed to fetch
=============================
====== JS ERROR CAUGHT ======
Unhandled Promise: TypeError: Failed to fetch
=============================
====== JS ERROR CAUGHT ======
Unhandled Promise: TypeError: Failed to fetch
=============================
====== JS ERROR CAUGHT ======
Unhandled Promise: TypeError: Failed to fetch
=============================
====== JS ERROR CAUGHT ======
Unhandled Promise: TypeError: Failed to fetch
=============================
====== JS ERROR CAUGHT ======
Unhandled Promise: TypeError: Failed to fetch
=============================
====== JS ERROR CAUGHT ======
Unhandled Promise: TypeError: Failed to fetch
=============================
====== JS ERROR CAUGHT ======
Unhandled Promise: TypeError: Failed to fetch
=============================
====== JS ERROR CAUGHT ======
Unhandled Promise: TypeError: Failed to fetch
=============================
====== JS ERROR CAUGHT ======
Unhandled Promise: TypeError: Failed to fetch
=============================
====== JS ERROR CAUGHT ======
Unhandled Promise: TypeError: Failed to fetch
=============================
====== JS ERROR CAUGHT ======
Unhandled Promise: TypeError: Failed to fetch
=============================
====== JS ERROR CAUGHT ======
Unhandled Promise: TypeError: Failed to fetch
=============================
====== JS ERROR CAUGHT ======
Unhandled Promise: TypeError: Failed to fetch
=============================
====== JS ERROR CAUGHT ======
Unhandled Promise: TypeError: Failed to fetch
=============================
====== JS ERROR CAUGHT ======
Unhandled Promise: TypeError: Failed to fetch
=============================
====== JS ERROR CAUGHT ======
Unhandled Promise: TypeError: Failed to fetch
=============================
====== JS ERROR CAUGHT ======
Unhandled Promise: TypeError: Failed to fetch
=============================
====== JS ERROR CAUGHT ======
Unhandled Promise: TypeError: Failed to fetch
=============================
====== JS ERROR CAUGHT ======
Unhandled Promise: TypeError: Failed to fetch
=============================
====== JS ERROR CAUGHT ======
Unhandled Promise: TypeError: Failed to fetch
=============================
====== JS ERROR CAUGHT ======
Unhandled Promise: TypeError: Failed to fetch
=============================
====== JS ERROR CAUGHT ======
Unhandled Promise: TypeError: Failed to fetch
=============================
====== JS ERROR CAUGHT ======
Unhandled Promise: TypeError: Failed to fetch
=============================
====== JS ERROR CAUGHT ======
Unhandled Promise: TypeError: Failed to fetch
=============================
====== JS ERROR CAUGHT ======
Unhandled Promise: TypeError: Failed to fetch
=============================
====== JS ERROR CAUGHT ======
Unhandled Promise: TypeError: Failed to fetch
=============================
====== JS ERROR CAUGHT ======
Unhandled Promise: TypeError: Failed to fetch
=============================
====== JS ERROR CAUGHT ======
Unhandled Promise: TypeError: Failed to fetch
=============================
====== JS ERROR CAUGHT ======
Unhandled Promise: TypeError: Failed to fetch
=============================
====== JS ERROR CAUGHT ======
Unhandled Promise: TypeError: Failed to fetch
=============================
====== JS ERROR CAUGHT ======
Unhandled Promise: TypeError: Failed to fetch
=============================
====== JS ERROR CAUGHT ======
Unhandled Promise: TypeError: Failed to fetch
=============================
====== JS ERROR CAUGHT ======
Unhandled Promise: TypeError: Failed to fetch
=============================
====== JS ERROR CAUGHT ======
Unhandled Promise: TypeError: Failed to fetch
=============================
====== JS ERROR CAUGHT ======
Unhandled Promise: TypeError: Failed to fetch
=============================
====== JS ERROR CAUGHT ======
Unhandled Promise: TypeError: Failed to fetch
=============================
====== JS ERROR CAUGHT ======
Unhandled Promise: TypeError: Failed to fetch
=============================
====== JS ERROR CAUGHT ======
Unhandled Promise: TypeError: Failed to fetch
=============================
====== JS ERROR CAUGHT ======
Unhandled Promise: TypeError: Failed to fetch
=============================
====== JS ERROR CAUGHT ======
Unhandled Promise: TypeError: Failed to fetch
=============================
====== JS ERROR CAUGHT ======
Unhandled Promise: TypeError: Failed to fetch
=============================
====== JS ERROR CAUGHT ======
Unhandled Promise: TypeError: Failed to fetch
=============================
====== JS ERROR CAUGHT ======
Unhandled Promise: TypeError: Failed to fetch
=============================
====== JS ERROR CAUGHT ======
Unhandled Promise: TypeError: Failed to fetch
=============================
====== JS ERROR CAUGHT ======
Unhandled Promise: TypeError: Failed to fetch
=============================
====== JS ERROR CAUGHT ======
Unhandled Promise: TypeError: Failed to fetch
=============================
====== JS ERROR CAUGHT ======
Unhandled Promise: TypeError: Failed to fetch
=============================
====== JS ERROR CAUGHT ======
Unhandled Promise: TypeError: Failed to fetch
=============================
====== JS ERROR CAUGHT ======
Unhandled Promise: TypeError: Failed to fetch
=============================
====== JS ERROR CAUGHT ======
Unhandled Promise: TypeError: Failed to fetch
=============================
====== JS ERROR CAUGHT ======
Unhandled Promise: TypeError: Failed to fetch
=============================
====== JS ERROR CAUGHT ======
Unhandled Promise: TypeError: Failed to fetch
=============================
====== JS ERROR CAUGHT ======
Unhandled Promise: TypeError: Failed to fetch
=============================
====== JS ERROR CAUGHT ======
Unhandled Promise: TypeError: Failed to fetch
=============================
====== JS ERROR CAUGHT ======
Unhandled Promise: TypeError: Failed to fetch
=============================
====== JS ERROR CAUGHT ======
Unhandled Promise: TypeError: Failed to fetch
=============================
====== JS ERROR CAUGHT ======
Unhandled Promise: TypeError: Failed to fetch
=============================
====== JS ERROR CAUGHT ======
Unhandled Promise: TypeError: Failed to fetch
=============================
====== JS ERROR CAUGHT ======
Unhandled Promise: TypeError: Failed to fetch
=============================
====== JS ERROR CAUGHT ======
Unhandled Promise: TypeError: Failed to fetch
=============================
====== JS ERROR CAUGHT ======
Unhandled Promise: TypeError: Failed to fetch
=============================
====== JS ERROR CAUGHT ======
Unhandled Promise: TypeError: Failed to fetch
=============================
====== JS ERROR CAUGHT ======
Unhandled Promise: TypeError: Failed to fetch
=============================
====== JS ERROR CAUGHT ======
Unhandled Promise: TypeError: Failed to fetch
=============================
====== JS ERROR CAUGHT ======
Unhandled Promise: TypeError: Failed to fetch
=============================
====== JS ERROR CAUGHT ======
Unhandled Promise: TypeError: Failed to fetch
=============================
====== JS ERROR CAUGHT ======
Unhandled Promise: TypeError: Failed to fetch
=============================
====== JS ERROR CAUGHT ======
Unhandled Promise: TypeError: Failed to fetch
=============================
====== JS ERROR CAUGHT ======
Unhandled Promise: TypeError: Failed to fetch
=============================
====== JS ERROR CAUGHT ======
Unhandled Promise: TypeError: Failed to fetch
=============================
====== JS ERROR CAUGHT ======
Unhandled Promise: TypeError: Failed to fetch
=============================
====== JS ERROR CAUGHT ======
Unhandled Promise: TypeError: Failed to fetch
=============================
====== JS ERROR CAUGHT ======
Unhandled Promise: TypeError: Failed to fetch
=============================
====== JS ERROR CAUGHT ======
Unhandled Promise: TypeError: Failed to fetch
=============================
====== JS ERROR CAUGHT ======
Unhandled Promise: TypeError: Failed to fetch
=============================
====== JS ERROR CAUGHT ======
Unhandled Promise: TypeError: Failed to fetch
=============================
====== JS ERROR CAUGHT ======
Unhandled Promise: TypeError: Failed to fetch
=============================
====== JS ERROR CAUGHT ======
Unhandled Promise: TypeError: Failed to fetch
=============================
====== JS ERROR CAUGHT ======
Unhandled Promise: TypeError: Failed to fetch
=============================
====== JS ERROR CAUGHT ======
Unhandled Promise: TypeError: Failed to fetch
=============================
====== JS ERROR CAUGHT ======
Unhandled Promise: TypeError: Failed to fetch
=============================
====== JS ERROR CAUGHT ======
Unhandled Promise: TypeError: Failed to fetch
=============================
====== JS ERROR CAUGHT ======
Unhandled Promise: TypeError: Failed to fetch
=============================
====== JS ERROR CAUGHT ======
Unhandled Promise: TypeError: Failed to fetch
=============================
====== JS ERROR CAUGHT ======
Unhandled Promise: TypeError: Failed to fetch
=============================
====== JS ERROR CAUGHT ======
Unhandled Promise: TypeError: Failed to fetch
=============================
====== JS ERROR CAUGHT ======
Unhandled Promise: TypeError: Failed to fetch
=============================
====== JS ERROR CAUGHT ======
Unhandled Promise: TypeError: Failed to fetch
=============================
====== JS ERROR CAUGHT ======
Unhandled Promise: TypeError: Failed to fetch
=============================
====== JS ERROR CAUGHT ======
Unhandled Promise: TypeError: Failed to fetch
=============================
====== JS ERROR CAUGHT ======
Unhandled Promise: TypeError: Failed to fetch
=============================
====== JS ERROR CAUGHT ======
Unhandled Promise: TypeError: Failed to fetch
=============================
====== JS ERROR CAUGHT ======
Unhandled Promise: TypeError: Failed to fetch
=============================
====== JS ERROR CAUGHT ======
Unhandled Promise: TypeError: Failed to fetch
=============================
====== JS ERROR CAUGHT ======
Unhandled Promise: TypeError: Failed to fetch
=============================
====== JS ERROR CAUGHT ======
Unhandled Promise: TypeError: Failed to fetch
=============================
====== JS ERROR CAUGHT ======
Unhandled Promise: TypeError: Failed to fetch
=============================
====== JS ERROR CAUGHT ======
Unhandled Promise: TypeError: Failed to fetch
=============================
====== JS ERROR CAUGHT ======
Unhandled Promise: TypeError: Failed to fetch
=============================
====== JS ERROR CAUGHT ======
Unhandled Promise: TypeError: Failed to fetch
=============================
====== JS ERROR CAUGHT ======
Unhandled Promise: TypeError: Failed to fetch
=============================
====== JS ERROR CAUGHT ======
Unhandled Promise: TypeError: Failed to fetch
=============================
====== JS ERROR CAUGHT ======
Unhandled Promise: TypeError: Failed to fetch
=============================
====== JS ERROR CAUGHT ======
Unhandled Promise: TypeError: Failed to fetch
=============================
====== JS ERROR CAUGHT ======
Unhandled Promise: TypeError: Failed to fetch
=============================
====== JS ERROR CAUGHT ======
Unhandled Promise: TypeError: Failed to fetch
=============================
====== JS ERROR CAUGHT ======
Unhandled Promise: TypeError: Failed to fetch
=============================
====== JS ERROR CAUGHT ======
Unhandled Promise: TypeError: Failed to fetch
=============================
====== JS ERROR CAUGHT ======
Unhandled Promise: TypeError: Failed to fetch
=============================
====== JS ERROR CAUGHT ======
Unhandled Promise: TypeError: Failed to fetch
=============================
====== JS ERROR CAUGHT ======
Unhandled Promise: TypeError: Failed to fetch
=============================
====== JS ERROR CAUGHT ======
Unhandled Promise: TypeError: Failed to fetch
=============================
====== JS ERROR CAUGHT ======
Unhandled Promise: TypeError: Failed to fetch
=============================
====== JS ERROR CAUGHT ======
Unhandled Promise: TypeError: Failed to fetch
=============================
====== JS ERROR CAUGHT ======
Unhandled Promise: TypeError: Failed to fetch
=============================
====== JS ERROR CAUGHT ======
Unhandled Promise: TypeError: Failed to fetch
=============================
====== JS ERROR CAUGHT ======
Unhandled Promise: TypeError: Failed to fetch
=============================
====== JS ERROR CAUGHT ======
Unhandled Promise: TypeError: Failed to fetch
=============================
====== JS ERROR CAUGHT ======
Unhandled Promise: TypeError: Failed to fetch
=============================
====== JS ERROR CAUGHT ======
Unhandled Promise: TypeError: Failed to fetch
=============================
====== JS ERROR CAUGHT ======
Unhandled Promise: TypeError: Failed to fetch
=============================
====== JS ERROR CAUGHT ======
Unhandled Promise: TypeError: Failed to fetch
=============================
====== JS ERROR CAUGHT ======
Unhandled Promise: TypeError: Failed to fetch
=============================
====== JS ERROR CAUGHT ======
Unhandled Promise: TypeError: Failed to fetch
=============================
====== JS ERROR CAUGHT ======
Unhandled Promise: TypeError: Failed to fetch
=============================
====== JS ERROR CAUGHT ======
Unhandled Promise: TypeError: Failed to fetch
=============================
====== JS ERROR CAUGHT ======
Unhandled Promise: TypeError: Failed to fetch
=============================
====== JS ERROR CAUGHT ======
Unhandled Promise: TypeError: Failed to fetch
=============================
====== JS ERROR CAUGHT ======
Unhandled Promise: TypeError: Failed to fetch
=============================
====== JS ERROR CAUGHT ======
Unhandled Promise: TypeError: Failed to fetch
=============================
====== JS ERROR CAUGHT ======
Unhandled Promise: TypeError: Failed to fetch
=============================
====== JS ERROR CAUGHT ======
Unhandled Promise: TypeError: Failed to fetch
=============================
====== JS ERROR CAUGHT ======
Unhandled Promise: TypeError: Failed to fetch
=============================
====== JS ERROR CAUGHT ======
Unhandled Promise: TypeError: Failed to fetch
=============================
====== JS ERROR CAUGHT ======
Unhandled Promise: TypeError: Failed to fetch
=============================
====== JS ERROR CAUGHT ======
Unhandled Promise: TypeError: Failed to fetch
=============================
====== JS ERROR CAUGHT ======
Unhandled Promise: TypeError: Failed to fetch
=============================
====== JS ERROR CAUGHT ======
Unhandled Promise: TypeError: Failed to fetch
=============================
====== JS ERROR CAUGHT ======
Unhandled Promise: TypeError: Failed to fetch
=============================
====== JS ERROR CAUGHT ======
Unhandled Promise: TypeError: Failed to fetch
=============================
====== JS ERROR CAUGHT ======
Unhandled Promise: TypeError: Failed to fetch
=============================
====== JS ERROR CAUGHT ======
Unhandled Promise: TypeError: Failed to fetch
=============================
====== JS ERROR CAUGHT ======
Unhandled Promise: TypeError: Failed to fetch
=============================
====== JS ERROR CAUGHT ======
Unhandled Promise: TypeError: Failed to fetch
=============================
====== JS ERROR CAUGHT ======
Unhandled Promise: TypeError: Failed to fetch
=============================
====== JS ERROR CAUGHT ======
Unhandled Promise: TypeError: Failed to fetch
=============================
====== JS ERROR CAUGHT ======
Unhandled Promise: TypeError: Failed to fetch
=============================
====== JS ERROR CAUGHT ======
Unhandled Promise: TypeError: Failed to fetch
=============================
====== JS ERROR CAUGHT ======
Unhandled Promise: TypeError: Failed to fetch
=============================
====== JS ERROR CAUGHT ======
Unhandled Promise: TypeError: Failed to fetch
=============================
====== JS ERROR CAUGHT ======
Unhandled Promise: TypeError: Failed to fetch
=============================
====== JS ERROR CAUGHT ======
Unhandled Promise: TypeError: Failed to fetch
=============================
====== JS ERROR CAUGHT ======
Unhandled Promise: TypeError: Failed to fetch
=============================
====== JS ERROR CAUGHT ======
Unhandled Promise: TypeError: Failed to fetch
=============================
====== JS ERROR CAUGHT ======
Unhandled Promise: TypeError: Failed to fetch
=============================
====== JS ERROR CAUGHT ======
Unhandled Promise: TypeError: Failed to fetch
=============================
====== JS ERROR CAUGHT ======
Unhandled Promise: TypeError: Failed to fetch
=============================
====== JS ERROR CAUGHT ======
Unhandled Promise: TypeError: Failed to fetch
=============================
====== JS ERROR CAUGHT ======
Unhandled Promise: TypeError: Failed to fetch
=============================
====== JS ERROR CAUGHT ======
Unhandled Promise: TypeError: Failed to fetch
=============================
====== JS ERROR CAUGHT ======
Unhandled Promise: TypeError: Failed to fetch
=============================
====== JS ERROR CAUGHT ======
Unhandled Promise: TypeError: Failed to fetch
=============================
====== JS ERROR CAUGHT ======
Unhandled Promise: TypeError: Failed to fetch
=============================
====== JS ERROR CAUGHT ======
Unhandled Promise: TypeError: Failed to fetch
=============================
====== JS ERROR CAUGHT ======
Unhandled Promise: TypeError: Failed to fetch
=============================
====== JS ERROR CAUGHT ======
Unhandled Promise: TypeError: Failed to fetch
=============================
====== JS ERROR CAUGHT ======
Unhandled Promise: TypeError: Failed to fetch
=============================
====== JS ERROR CAUGHT ======
Unhandled Promise: TypeError: Failed to fetch
=============================
====== JS ERROR CAUGHT ======
Unhandled Promise: TypeError: Failed to fetch
=============================
====== JS ERROR CAUGHT ======
Unhandled Promise: TypeError: Failed to fetch
=============================
====== JS ERROR CAUGHT ======
Unhandled Promise: TypeError: Failed to fetch
=============================
====== JS ERROR CAUGHT ======
Unhandled Promise: TypeError: Failed to fetch
=============================
====== JS ERROR CAUGHT ======
Unhandled Promise: TypeError: Failed to fetch
=============================
====== JS ERROR CAUGHT ======
Unhandled Promise: TypeError: Failed to fetch
=============================
====== JS ERROR CAUGHT ======
Unhandled Promise: TypeError: Failed to fetch
=============================
====== JS ERROR CAUGHT ======
Unhandled Promise: TypeError: Failed to fetch
=============================
====== JS ERROR CAUGHT ======
Unhandled Promise: TypeError: Failed to fetch
=============================
====== JS ERROR CAUGHT ======
Unhandled Promise: TypeError: Failed to fetch
=============================
====== JS ERROR CAUGHT ======
Unhandled Promise: TypeError: Failed to fetch
=============================
====== JS ERROR CAUGHT ======
Unhandled Promise: TypeError: Failed to fetch
=============================
====== JS ERROR CAUGHT ======
Unhandled Promise: TypeError: Failed to fetch
=============================
====== JS ERROR CAUGHT ======
Unhandled Promise: TypeError: Failed to fetch
=============================
====== JS ERROR CAUGHT ======
Unhandled Promise: TypeError: Failed to fetch
=============================
====== JS ERROR CAUGHT ======
Unhandled Promise: TypeError: Failed to fetch
=============================
====== JS ERROR CAUGHT ======
Unhandled Promise: TypeError: Failed to fetch
=============================
====== JS ERROR CAUGHT ======
Unhandled Promise: TypeError: Failed to fetch
=============================
====== JS ERROR CAUGHT ======
Unhandled Promise: TypeError: Failed to fetch
=============================
====== JS ERROR CAUGHT ======
Unhandled Promise: TypeError: Failed to fetch
=============================
====== JS ERROR CAUGHT ======
Unhandled Promise: TypeError: Failed to fetch
=============================
====== JS ERROR CAUGHT ======
Unhandled Promise: TypeError: Failed to fetch
=============================
====== JS ERROR CAUGHT ======
Unhandled Promise: TypeError: Failed to fetch
=============================
====== JS ERROR CAUGHT ======
Unhandled Promise: TypeError: Failed to fetch
=============================
====== JS ERROR CAUGHT ======
Unhandled Promise: TypeError: Failed to fetch
=============================
====== JS ERROR CAUGHT ======
Unhandled Promise: TypeError: Failed to fetch
=============================
====== JS ERROR CAUGHT ======
Unhandled Promise: TypeError: Failed to fetch
=============================
====== JS ERROR CAUGHT ======
Unhandled Promise: TypeError: Failed to fetch
=============================
====== JS ERROR CAUGHT ======
Unhandled Promise: TypeError: Failed to fetch
=============================
====== JS ERROR CAUGHT ======
Unhandled Promise: TypeError: Failed to fetch
=============================
====== JS ERROR CAUGHT ======
Unhandled Promise: TypeError: Failed to fetch
=============================
====== JS ERROR CAUGHT ======
Unhandled Promise: TypeError: Failed to fetch
=============================
====== JS ERROR CAUGHT ======
Unhandled Promise: TypeError: Failed to fetch
=============================
====== JS ERROR CAUGHT ======
Unhandled Promise: TypeError: Failed to fetch
=============================
====== JS ERROR CAUGHT ======
Unhandled Promise: TypeError: Failed to fetch
=============================
====== JS ERROR CAUGHT ======
Unhandled Promise: TypeError: Failed to fetch
=============================
====== JS ERROR CAUGHT ======
Unhandled Promise: TypeError: Failed to fetch
=============================
====== JS ERROR CAUGHT ======
Unhandled Promise: TypeError: Failed to fetch
=============================
====== JS ERROR CAUGHT ======
Unhandled Promise: TypeError: Failed to fetch
=============================
====== JS ERROR CAUGHT ======
Unhandled Promise: TypeError: Failed to fetch
=============================
====== JS ERROR CAUGHT ======
Unhandled Promise: TypeError: Failed to fetch
=============================
====== JS ERROR CAUGHT ======
Unhandled Promise: TypeError: Failed to fetch
=============================
====== JS ERROR CAUGHT ======
Unhandled Promise: TypeError: Failed to fetch
=============================
====== JS ERROR CAUGHT ======
Unhandled Promise: TypeError: Failed to fetch
=============================
====== JS ERROR CAUGHT ======
Unhandled Promise: TypeError: Failed to fetch
=============================
====== JS ERROR CAUGHT ======
Unhandled Promise: TypeError: Failed to fetch
=============================
====== JS ERROR CAUGHT ======
Unhandled Promise: TypeError: Failed to fetch
=============================
====== JS ERROR CAUGHT ======
Unhandled Promise: TypeError: Failed to fetch
=============================
====== JS ERROR CAUGHT ======
Unhandled Promise: TypeError: Failed to fetch
=============================
====== JS ERROR CAUGHT ======
Unhandled Promise: TypeError: Failed to fetch
=============================
====== JS ERROR CAUGHT ======
Unhandled Promise: TypeError: Failed to fetch
=============================
====== JS ERROR CAUGHT ======
Unhandled Promise: TypeError: Failed to fetch
=============================
====== JS ERROR CAUGHT ======
Unhandled Promise: TypeError: Failed to fetch
=============================
====== JS ERROR CAUGHT ======
Unhandled Promise: TypeError: Failed to fetch
=============================
====== JS ERROR CAUGHT ======
Unhandled Promise: TypeError: Failed to fetch
=============================
====== JS ERROR CAUGHT ======
Unhandled Promise: TypeError: Failed to fetch
=============================
====== JS ERROR CAUGHT ======
Unhandled Promise: TypeError: Failed to fetch
=============================
====== JS ERROR CAUGHT ======
Unhandled Promise: TypeError: Failed to fetch
=============================
====== JS ERROR CAUGHT ======
Unhandled Promise: TypeError: Failed to fetch
=============================
====== JS ERROR CAUGHT ======
Unhandled Promise: TypeError: Failed to fetch
=============================
====== JS ERROR CAUGHT ======
Unhandled Promise: TypeError: Failed to fetch
=============================
====== JS ERROR CAUGHT ======
Unhandled Promise: TypeError: Failed to fetch
=============================
====== JS ERROR CAUGHT ======
Unhandled Promise: TypeError: Failed to fetch
=============================
====== JS ERROR CAUGHT ======
Unhandled Promise: TypeError: Failed to fetch
=============================
====== JS ERROR CAUGHT ======
Unhandled Promise: TypeError: Failed to fetch
=============================
====== JS ERROR CAUGHT ======
Unhandled Promise: TypeError: Failed to fetch
=============================
====== JS ERROR CAUGHT ======
Unhandled Promise: TypeError: Failed to fetch
=============================
====== JS ERROR CAUGHT ======
Unhandled Promise: TypeError: Failed to fetch
=============================
====== JS ERROR CAUGHT ======
Unhandled Promise: TypeError: Failed to fetch
=============================
====== JS ERROR CAUGHT ======
Unhandled Promise: TypeError: Failed to fetch
=============================
====== JS ERROR CAUGHT ======
Unhandled Promise: TypeError: Failed to fetch
=============================
====== JS ERROR CAUGHT ======
Unhandled Promise: TypeError: Failed to fetch
=============================
====== JS ERROR CAUGHT ======
Unhandled Promise: TypeError: Failed to fetch
=============================
====== JS ERROR CAUGHT ======
Unhandled Promise: TypeError: Failed to fetch
=============================
====== JS ERROR CAUGHT ======
Unhandled Promise: TypeError: Failed to fetch
=============================
====== JS ERROR CAUGHT ======
Unhandled Promise: TypeError: Failed to fetch
=============================
====== JS ERROR CAUGHT ======
Unhandled Promise: TypeError: Failed to fetch
=============================
====== JS ERROR CAUGHT ======
Unhandled Promise: TypeError: Failed to fetch
=============================
====== JS ERROR CAUGHT ======
Unhandled Promise: TypeError: Failed to fetch
=============================
====== JS ERROR CAUGHT ======
Unhandled Promise: TypeError: Failed to fetch
=============================
====== JS ERROR CAUGHT ======
Unhandled Promise: TypeError: Failed to fetch
=============================
====== JS ERROR CAUGHT ======
Unhandled Promise: TypeError: Failed to fetch
=============================
====== JS ERROR CAUGHT ======
Unhandled Promise: TypeError: Failed to fetch
=============================
====== JS ERROR CAUGHT ======
Unhandled Promise: TypeError: Failed to fetch
=============================
====== JS ERROR CAUGHT ======
Unhandled Promise: TypeError: Failed to fetch
=============================
====== JS ERROR CAUGHT ======
Unhandled Promise: TypeError: Failed to fetch
=============================
====== JS ERROR CAUGHT ======
Unhandled Promise: TypeError: Failed to fetch
=============================
====== JS ERROR CAUGHT ======
Unhandled Promise: TypeError: Failed to fetch
=============================
====== JS ERROR CAUGHT ======
Unhandled Promise: TypeError: Failed to fetch
=============================
====== JS ERROR CAUGHT ======
Unhandled Promise: TypeError: Failed to fetch
=============================
====== JS ERROR CAUGHT ======
Unhandled Promise: TypeError: Failed to fetch
=============================
====== JS ERROR CAUGHT ======
Unhandled Promise: TypeError: Failed to fetch
=============================
====== JS ERROR CAUGHT ======
Unhandled Promise: TypeError: Failed to fetch
=============================
====== JS ERROR CAUGHT ======
Unhandled Promise: TypeError: Failed to fetch
=============================
====== JS ERROR CAUGHT ======
Unhandled Promise: TypeError: Failed to fetch
=============================
====== JS ERROR CAUGHT ======
Unhandled Promise: TypeError: Failed to fetch
=============================
====== JS ERROR CAUGHT ======
Unhandled Promise: TypeError: Failed to fetch
=============================
====== JS ERROR CAUGHT ======
Unhandled Promise: TypeError: Failed to fetch
=============================
====== JS ERROR CAUGHT ======
Unhandled Promise: TypeError: Failed to fetch
=============================
====== JS ERROR CAUGHT ======
Unhandled Promise: TypeError: Failed to fetch
=============================
====== JS ERROR CAUGHT ======
Unhandled Promise: TypeError: Failed to fetch
=============================
====== JS ERROR CAUGHT ======
Unhandled Promise: TypeError: Failed to fetch
=============================
====== JS ERROR CAUGHT ======
Unhandled Promise: TypeError: Failed to fetch
=============================
====== JS ERROR CAUGHT ======
Unhandled Promise: TypeError: Failed to fetch
=============================
====== JS ERROR CAUGHT ======
Unhandled Promise: TypeError: Failed to fetch
=============================
====== JS ERROR CAUGHT ======
Unhandled Promise: TypeError: Failed to fetch
=============================
====== JS ERROR CAUGHT ======
Unhandled Promise: TypeError: Failed to fetch
=============================
====== JS ERROR CAUGHT ======
Unhandled Promise: TypeError: Failed to fetch
=============================
====== JS ERROR CAUGHT ======
Unhandled Promise: TypeError: Failed to fetch
=============================
====== JS ERROR CAUGHT ======
Unhandled Promise: TypeError: Failed to fetch
=============================
====== JS ERROR CAUGHT ======
Unhandled Promise: TypeError: Failed to fetch
=============================
====== JS ERROR CAUGHT ======
Unhandled Promise: TypeError: Failed to fetch
=============================
====== JS ERROR CAUGHT ======
Unhandled Promise: TypeError: Failed to fetch
=============================
====== JS ERROR CAUGHT ======
Unhandled Promise: TypeError: Failed to fetch
=============================
====== JS ERROR CAUGHT ======
Unhandled Promise: TypeError: Failed to fetch
=============================
====== JS ERROR CAUGHT ======
Unhandled Promise: TypeError: Failed to fetch
=============================
====== JS ERROR CAUGHT ======
Unhandled Promise: TypeError: Failed to fetch
=============================
====== JS ERROR CAUGHT ======
Unhandled Promise: TypeError: Failed to fetch
=============================
====== JS ERROR CAUGHT ======
Unhandled Promise: TypeError: Failed to fetch
=============================
====== JS ERROR CAUGHT ======
Unhandled Promise: TypeError: Failed to fetch
=============================
====== JS ERROR CAUGHT ======
Unhandled Promise: TypeError: Failed to fetch
=============================
====== JS ERROR CAUGHT ======
Unhandled Promise: TypeError: Failed to fetch
=============================
====== JS ERROR CAUGHT ======
Unhandled Promise: TypeError: Failed to fetch
=============================
====== JS ERROR CAUGHT ======
Unhandled Promise: TypeError: Failed to fetch
=============================
====== JS ERROR CAUGHT ======
Unhandled Promise: TypeError: Failed to fetch
=============================
====== JS ERROR CAUGHT ======
Unhandled Promise: TypeError: Failed to fetch
=============================
====== JS ERROR CAUGHT ======
Unhandled Promise: TypeError: Failed to fetch
=============================
====== JS ERROR CAUGHT ======
Unhandled Promise: TypeError: Failed to fetch
=============================
====== JS ERROR CAUGHT ======
Unhandled Promise: TypeError: Failed to fetch
=============================
====== JS ERROR CAUGHT ======
Unhandled Promise: TypeError: Failed to fetch
=============================
====== JS ERROR CAUGHT ======
Unhandled Promise: TypeError: Failed to fetch
=============================
====== JS ERROR CAUGHT ======
Unhandled Promise: TypeError: Failed to fetch
=============================
====== JS ERROR CAUGHT ======
Unhandled Promise: TypeError: Failed to fetch
=============================
====== JS ERROR CAUGHT ======
Unhandled Promise: TypeError: Failed to fetch
=============================
====== JS ERROR CAUGHT ======
Unhandled Promise: TypeError: Failed to fetch
=============================
====== JS ERROR CAUGHT ======
Unhandled Promise: TypeError: Failed to fetch
=============================
====== JS ERROR CAUGHT ======
Unhandled Promise: TypeError: Failed to fetch
=============================
====== JS ERROR CAUGHT ======
Unhandled Promise: TypeError: Failed to fetch
=============================
====== JS ERROR CAUGHT ======
Unhandled Promise: TypeError: Failed to fetch
=============================
====== JS ERROR CAUGHT ======
Unhandled Promise: TypeError: Failed to fetch
=============================
====== JS ERROR CAUGHT ======
Unhandled Promise: TypeError: Failed to fetch
=============================
====== JS ERROR CAUGHT ======
Unhandled Promise: TypeError: Failed to fetch
=============================
====== JS ERROR CAUGHT ======
Unhandled Promise: TypeError: Failed to fetch
=============================
====== JS ERROR CAUGHT ======
Unhandled Promise: TypeError: Failed to fetch
=============================
====== JS ERROR CAUGHT ======
Unhandled Promise: TypeError: Failed to fetch
=============================
====== JS ERROR CAUGHT ======
Unhandled Promise: TypeError: Failed to fetch
=============================
====== JS ERROR CAUGHT ======
Unhandled Promise: TypeError: Failed to fetch
=============================
====== JS ERROR CAUGHT ======
Unhandled Promise: TypeError: Failed to fetch
=============================
====== JS ERROR CAUGHT ======
Unhandled Promise: TypeError: Failed to fetch
=============================
====== JS ERROR CAUGHT ======
Unhandled Promise: TypeError: Failed to fetch
=============================
====== JS ERROR CAUGHT ======
Unhandled Promise: TypeError: Failed to fetch
=============================
====== JS ERROR CAUGHT ======
Unhandled Promise: TypeError: Failed to fetch
=============================
====== JS ERROR CAUGHT ======
Unhandled Promise: TypeError: Failed to fetch
=============================
====== JS ERROR CAUGHT ======
Unhandled Promise: TypeError: Failed to fetch
=============================
====== JS ERROR CAUGHT ======
Unhandled Promise: TypeError: Failed to fetch
=============================
====== JS ERROR CAUGHT ======
Unhandled Promise: TypeError: Failed to fetch
=============================
====== JS ERROR CAUGHT ======
Unhandled Promise: TypeError: Failed to fetch
=============================
====== JS ERROR CAUGHT ======
Unhandled Promise: TypeError: Failed to fetch
=============================
====== JS ERROR CAUGHT ======
Unhandled Promise: TypeError: Failed to fetch
=============================
====== JS ERROR CAUGHT ======
Unhandled Promise: TypeError: Failed to fetch
=============================
====== JS ERROR CAUGHT ======
Unhandled Promise: TypeError: Failed to fetch
=============================
====== JS ERROR CAUGHT ======
Unhandled Promise: TypeError: Failed to fetch
=============================
====== JS ERROR CAUGHT ======
Unhandled Promise: TypeError: Failed to fetch
=============================
====== JS ERROR CAUGHT ======
Unhandled Promise: TypeError: Failed to fetch
=============================
====== JS ERROR CAUGHT ======
Unhandled Promise: TypeError: Failed to fetch
=============================
====== JS ERROR CAUGHT ======
Unhandled Promise: TypeError: Failed to fetch
=============================
====== JS ERROR CAUGHT ======
Unhandled Promise: TypeError: Failed to fetch
=============================
====== JS ERROR CAUGHT ======
Unhandled Promise: TypeError: Failed to fetch
=============================
====== JS ERROR CAUGHT ======
Unhandled Promise: TypeError: Failed to fetch
=============================
====== JS ERROR CAUGHT ======
Unhandled Promise: TypeError: Failed to fetch
=============================
====== JS ERROR CAUGHT ======
Unhandled Promise: TypeError: Failed to fetch
=============================
====== JS ERROR CAUGHT ======
Unhandled Promise: TypeError: Failed to fetch
=============================
====== JS ERROR CAUGHT ======
Unhandled Promise: TypeError: Failed to fetch
=============================
====== JS ERROR CAUGHT ======
Unhandled Promise: TypeError: Failed to fetch
=============================
====== JS ERROR CAUGHT ======
Unhandled Promise: TypeError: Failed to fetch
=============================
====== JS ERROR CAUGHT ======
Unhandled Promise: TypeError: Failed to fetch
=============================
====== JS ERROR CAUGHT ======
Unhandled Promise: TypeError: Failed to fetch
=============================
====== JS ERROR CAUGHT ======
Unhandled Promise: TypeError: Failed to fetch
=============================
====== JS ERROR CAUGHT ======
Unhandled Promise: TypeError: Failed to fetch
=============================
====== JS ERROR CAUGHT ======
Unhandled Promise: TypeError: Failed to fetch
=============================
====== JS ERROR CAUGHT ======
Unhandled Promise: TypeError: Failed to fetch
=============================
====== JS ERROR CAUGHT ======
Unhandled Promise: TypeError: Failed to fetch
=============================
====== JS ERROR CAUGHT ======
Unhandled Promise: TypeError: Failed to fetch
=============================
====== JS ERROR CAUGHT ======
Unhandled Promise: TypeError: Failed to fetch
=============================
====== JS ERROR CAUGHT ======
Unhandled Promise: TypeError: Failed to fetch
=============================
====== JS ERROR CAUGHT ======
Unhandled Promise: TypeError: Failed to fetch
=============================
====== JS ERROR CAUGHT ======
Unhandled Promise: TypeError: Failed to fetch
=============================
====== JS ERROR CAUGHT ======
Unhandled Promise: TypeError: Failed to fetch
=============================
====== JS ERROR CAUGHT ======
Unhandled Promise: TypeError: Failed to fetch
=============================
====== JS ERROR CAUGHT ======
Unhandled Promise: TypeError: Failed to fetch
=============================
====== JS ERROR CAUGHT ======
Unhandled Promise: TypeError: Failed to fetch
=============================
====== JS ERROR CAUGHT ======
Unhandled Promise: TypeError: Failed to fetch
=============================
====== JS ERROR CAUGHT ======
Unhandled Promise: TypeError: Failed to fetch
=============================
====== JS ERROR CAUGHT ======
Unhandled Promise: TypeError: Failed to fetch
=============================
====== JS ERROR CAUGHT ======
Unhandled Promise: TypeError: Failed to fetch
=============================
====== JS ERROR CAUGHT ======
Unhandled Promise: TypeError: Failed to fetch
=============================
====== JS ERROR CAUGHT ======
Unhandled Promise: TypeError: Failed to fetch
=============================
====== JS ERROR CAUGHT ======
Unhandled Promise: TypeError: Failed to fetch
=============================
====== JS ERROR CAUGHT ======
Unhandled Promise: TypeError: Failed to fetch
=============================
====== JS ERROR CAUGHT ======
Unhandled Promise: TypeError: Failed to fetch
=============================
====== JS ERROR CAUGHT ======
Unhandled Promise: TypeError: Failed to fetch
=============================
====== JS ERROR CAUGHT ======
Unhandled Promise: TypeError: Failed to fetch
=============================
====== JS ERROR CAUGHT ======
Unhandled Promise: TypeError: Failed to fetch
=============================
====== JS ERROR CAUGHT ======
Unhandled Promise: TypeError: Failed to fetch
=============================
====== JS ERROR CAUGHT ======
Unhandled Promise: TypeError: Failed to fetch
=============================
====== JS ERROR CAUGHT ======
Unhandled Promise: TypeError: Failed to fetch
=============================
====== JS ERROR CAUGHT ======
Unhandled Promise: TypeError: Failed to fetch
=============================
====== JS ERROR CAUGHT ======
Unhandled Promise: TypeError: Failed to fetch
=============================
====== JS ERROR CAUGHT ======
Unhandled Promise: TypeError: Failed to fetch
=============================
====== JS ERROR CAUGHT ======
Unhandled Promise: TypeError: Failed to fetch
=============================
====== JS ERROR CAUGHT ======
Unhandled Promise: TypeError: Failed to fetch
=============================
====== JS ERROR CAUGHT ======
Unhandled Promise: TypeError: Failed to fetch
=============================
====== JS ERROR CAUGHT ======
Unhandled Promise: TypeError: Failed to fetch
=============================
====== JS ERROR CAUGHT ======
Unhandled Promise: TypeError: Failed to fetch
=============================
====== JS ERROR CAUGHT ======
Unhandled Promise: TypeError: Failed to fetch
=============================
====== JS ERROR CAUGHT ======
Unhandled Promise: TypeError: Failed to fetch
=============================
====== JS ERROR CAUGHT ======
Unhandled Promise: TypeError: Failed to fetch
=============================
====== JS ERROR CAUGHT ======
Unhandled Promise: TypeError: Failed to fetch
=============================
====== JS ERROR CAUGHT ======
Unhandled Promise: TypeError: Failed to fetch
=============================
====== JS ERROR CAUGHT ======
Unhandled Promise: TypeError: Failed to fetch
=============================
====== JS ERROR CAUGHT ======
Unhandled Promise: TypeError: Failed to fetch
=============================
====== JS ERROR CAUGHT ======
Unhandled Promise: TypeError: Failed to fetch
=============================
====== JS ERROR CAUGHT ======
Unhandled Promise: TypeError: Failed to fetch
=============================
====== JS ERROR CAUGHT ======
Unhandled Promise: TypeError: Failed to fetch
=============================
====== JS ERROR CAUGHT ======
Unhandled Promise: TypeError: Failed to fetch
=============================
====== JS ERROR CAUGHT ======
Unhandled Promise: TypeError: Failed to fetch
=============================
====== JS ERROR CAUGHT ======
Unhandled Promise: TypeError: Failed to fetch
=============================
====== JS ERROR CAUGHT ======
Unhandled Promise: TypeError: Failed to fetch
=============================
====== JS ERROR CAUGHT ======
Unhandled Promise: TypeError: Failed to fetch
=============================
====== JS ERROR CAUGHT ======
Unhandled Promise: TypeError: Failed to fetch
=============================
====== JS ERROR CAUGHT ======
Unhandled Promise: TypeError: Failed to fetch
=============================
====== JS ERROR CAUGHT ======
Unhandled Promise: TypeError: Failed to fetch
=============================
====== JS ERROR CAUGHT ======
Unhandled Promise: TypeError: Failed to fetch
=============================
====== JS ERROR CAUGHT ======
Unhandled Promise: TypeError: Failed to fetch
=============================
====== JS ERROR CAUGHT ======
Unhandled Promise: TypeError: Failed to fetch
=============================
====== JS ERROR CAUGHT ======
Unhandled Promise: TypeError: Failed to fetch
=============================
====== JS ERROR CAUGHT ======
Unhandled Promise: TypeError: Failed to fetch
=============================
====== JS ERROR CAUGHT ======
Unhandled Promise: TypeError: Failed to fetch
=============================
====== JS ERROR CAUGHT ======
Unhandled Promise: TypeError: Failed to fetch
=============================
====== JS ERROR CAUGHT ======
Unhandled Promise: TypeError: Failed to fetch
=============================
====== JS ERROR CAUGHT ======
Unhandled Promise: TypeError: Failed to fetch
=============================
====== JS ERROR CAUGHT ======
Unhandled Promise: TypeError: Failed to fetch
=============================
====== JS ERROR CAUGHT ======
Unhandled Promise: TypeError: Failed to fetch
=============================
====== JS ERROR CAUGHT ======
Unhandled Promise: TypeError: Failed to fetch
=============================
====== JS ERROR CAUGHT ======
Unhandled Promise: TypeError: Failed to fetch
=============================
====== JS ERROR CAUGHT ======
Unhandled Promise: TypeError: Failed to fetch
=============================
====== JS ERROR CAUGHT ======
Unhandled Promise: TypeError: Failed to fetch
=============================
====== JS ERROR CAUGHT ======
Unhandled Promise: TypeError: Failed to fetch
=============================
====== JS ERROR CAUGHT ======
Unhandled Promise: TypeError: Failed to fetch
=============================
====== JS ERROR CAUGHT ======
Unhandled Promise: TypeError: Failed to fetch
=============================
====== JS ERROR CAUGHT ======
Unhandled Promise: TypeError: Failed to fetch
=============================
====== JS ERROR CAUGHT ======
Unhandled Promise: TypeError: Failed to fetch
=============================
====== JS ERROR CAUGHT ======
Unhandled Promise: TypeError: Failed to fetch
=============================
====== JS ERROR CAUGHT ======
Unhandled Promise: TypeError: Failed to fetch
=============================
====== JS ERROR CAUGHT ======
Unhandled Promise: TypeError: Failed to fetch
=============================
====== JS ERROR CAUGHT ======
Unhandled Promise: TypeError: Failed to fetch
=============================
====== JS ERROR CAUGHT ======
Unhandled Promise: TypeError: Failed to fetch
=============================
====== JS ERROR CAUGHT ======
Unhandled Promise: TypeError: Failed to fetch
=============================
====== JS ERROR CAUGHT ======
Unhandled Promise: TypeError: Failed to fetch
=============================
====== JS ERROR CAUGHT ======
Unhandled Promise: TypeError: Failed to fetch
=============================
====== JS ERROR CAUGHT ======
Unhandled Promise: TypeError: Failed to fetch
=============================
====== JS ERROR CAUGHT ======
Unhandled Promise: TypeError: Failed to fetch
=============================
====== JS ERROR CAUGHT ======
Unhandled Promise: TypeError: Failed to fetch
=============================
====== JS ERROR CAUGHT ======
Unhandled Promise: TypeError: Failed to fetch
=============================
====== JS ERROR CAUGHT ======
Unhandled Promise: TypeError: Failed to fetch
=============================
====== JS ERROR CAUGHT ======
Unhandled Promise: TypeError: Failed to fetch
=============================
====== JS ERROR CAUGHT ======
Unhandled Promise: TypeError: Failed to fetch
=============================
====== JS ERROR CAUGHT ======
Unhandled Promise: TypeError: Failed to fetch
=============================
====== JS ERROR CAUGHT ======
Unhandled Promise: TypeError: Failed to fetch
=============================
====== JS ERROR CAUGHT ======
Unhandled Promise: TypeError: Failed to fetch
=============================
====== JS ERROR CAUGHT ======
Unhandled Promise: TypeError: Failed to fetch
=============================
====== JS ERROR CAUGHT ======
Unhandled Promise: TypeError: Failed to fetch
=============================
====== JS ERROR CAUGHT ======
Unhandled Promise: TypeError: Failed to fetch
=============================
====== JS ERROR CAUGHT ======
Unhandled Promise: TypeError: Failed to fetch
=============================
====== JS ERROR CAUGHT ======
Unhandled Promise: TypeError: Failed to fetch
=============================
====== JS ERROR CAUGHT ======
Unhandled Promise: TypeError: Failed to fetch
=============================
====== JS ERROR CAUGHT ======
Unhandled Promise: TypeError: Failed to fetch
=============================
====== JS ERROR CAUGHT ======
Unhandled Promise: TypeError: Failed to fetch
=============================
====== JS ERROR CAUGHT ======
Unhandled Promise: TypeError: Failed to fetch
=============================
====== JS ERROR CAUGHT ======
Unhandled Promise: TypeError: Failed to fetch
=============================
====== JS ERROR CAUGHT ======
Unhandled Promise: TypeError: Failed to fetch
=============================
====== JS ERROR CAUGHT ======
Unhandled Promise: TypeError: Failed to fetch
=============================
====== JS ERROR CAUGHT ======
Unhandled Promise: TypeError: Failed to fetch
=============================
====== JS ERROR CAUGHT ======
Unhandled Promise: TypeError: Failed to fetch
=============================
====== JS ERROR CAUGHT ======
Unhandled Promise: TypeError: Failed to fetch
=============================
====== JS ERROR CAUGHT ======
Unhandled Promise: TypeError: Failed to fetch
=============================
====== JS ERROR CAUGHT ======
Unhandled Promise: TypeError: Failed to fetch
=============================
====== JS ERROR CAUGHT ======
Unhandled Promise: TypeError: Failed to fetch
=============================
====== JS ERROR CAUGHT ======
Unhandled Promise: TypeError: Failed to fetch
=============================
====== JS ERROR CAUGHT ======
Unhandled Promise: TypeError: Failed to fetch
=============================
====== JS ERROR CAUGHT ======
Unhandled Promise: TypeError: Failed to fetch
=============================
====== JS ERROR CAUGHT ======
Unhandled Promise: TypeError: Failed to fetch
=============================
====== JS ERROR CAUGHT ======
Unhandled Promise: TypeError: Failed to fetch
=============================
====== JS ERROR CAUGHT ======
Unhandled Promise: TypeError: Failed to fetch
=============================
====== JS ERROR CAUGHT ======
Unhandled Promise: TypeError: Failed to fetch
=============================
====== JS ERROR CAUGHT ======
Unhandled Promise: TypeError: Failed to fetch
=============================
====== JS ERROR CAUGHT ======
Unhandled Promise: TypeError: Failed to fetch
=============================
====== JS ERROR CAUGHT ======
Unhandled Promise: TypeError: Failed to fetch
=============================
====== JS ERROR CAUGHT ======
Unhandled Promise: TypeError: Failed to fetch
=============================
====== JS ERROR CAUGHT ======
Unhandled Promise: TypeError: Failed to fetch
=============================
====== JS ERROR CAUGHT ======
Unhandled Promise: TypeError: Failed to fetch
=============================
====== JS ERROR CAUGHT ======
Unhandled Promise: TypeError: Failed to fetch
=============================
====== JS ERROR CAUGHT ======
Unhandled Promise: TypeError: Failed to fetch
=============================
====== JS ERROR CAUGHT ======
Unhandled Promise: TypeError: Failed to fetch
=============================
====== JS ERROR CAUGHT ======
Unhandled Promise: TypeError: Failed to fetch
=============================
====== JS ERROR CAUGHT ======
Unhandled Promise: TypeError: Failed to fetch
=============================
====== JS ERROR CAUGHT ======
Unhandled Promise: TypeError: Failed to fetch
=============================
====== JS ERROR CAUGHT ======
Unhandled Promise: TypeError: Failed to fetch
=============================
====== JS ERROR CAUGHT ======
Unhandled Promise: TypeError: Failed to fetch
=============================
====== JS ERROR CAUGHT ======
Unhandled Promise: TypeError: Failed to fetch
=============================
====== JS ERROR CAUGHT ======
Unhandled Promise: TypeError: Failed to fetch
=============================
====== JS ERROR CAUGHT ======
Unhandled Promise: TypeError: Failed to fetch
=============================
====== JS ERROR CAUGHT ======
Unhandled Promise: TypeError: Failed to fetch
=============================
====== JS ERROR CAUGHT ======
Unhandled Promise: TypeError: Failed to fetch
=============================
====== JS ERROR CAUGHT ======
Unhandled Promise: TypeError: Failed to fetch
=============================
====== JS ERROR CAUGHT ======
Unhandled Promise: TypeError: Failed to fetch
=============================
====== JS ERROR CAUGHT ======
Unhandled Promise: TypeError: Failed to fetch
=============================
====== JS ERROR CAUGHT ======
Unhandled Promise: TypeError: Failed to fetch
=============================
====== JS ERROR CAUGHT ======
Unhandled Promise: TypeError: Failed to fetch
=============================
====== JS ERROR CAUGHT ======
Unhandled Promise: TypeError: Failed to fetch
=============================
====== JS ERROR CAUGHT ======
Unhandled Promise: TypeError: Failed to fetch
=============================
====== JS ERROR CAUGHT ======
Unhandled Promise: TypeError: Failed to fetch
=============================
====== JS ERROR CAUGHT ======
Unhandled Promise: TypeError: Failed to fetch
=============================
====== JS ERROR CAUGHT ======
Unhandled Promise: TypeError: Failed to fetch
=============================
====== JS ERROR CAUGHT ======
Unhandled Promise: TypeError: Failed to fetch
=============================
====== JS ERROR CAUGHT ======
Unhandled Promise: TypeError: Failed to fetch
=============================
====== JS ERROR CAUGHT ======
Unhandled Promise: TypeError: Failed to fetch
=============================
====== JS ERROR CAUGHT ======
Unhandled Promise: TypeError: Failed to fetch
=============================
====== JS ERROR CAUGHT ======
Unhandled Promise: TypeError: Failed to fetch
=============================
====== JS ERROR CAUGHT ======
Unhandled Promise: TypeError: Failed to fetch
=============================
====== JS ERROR CAUGHT ======
Unhandled Promise: TypeError: Failed to fetch
=============================
====== JS ERROR CAUGHT ======
Unhandled Promise: TypeError: Failed to fetch
=============================
====== JS ERROR CAUGHT ======
Unhandled Promise: TypeError: Failed to fetch
=============================
====== JS ERROR CAUGHT ======
Unhandled Promise: TypeError: Failed to fetch
=============================
====== JS ERROR CAUGHT ======
Unhandled Promise: TypeError: Failed to fetch
=============================
====== JS ERROR CAUGHT ======
Unhandled Promise: TypeError: Failed to fetch
=============================
====== JS ERROR CAUGHT ======
Unhandled Promise: TypeError: Failed to fetch
=============================
====== JS ERROR CAUGHT ======
Unhandled Promise: TypeError: Failed to fetch
=============================
====== JS ERROR CAUGHT ======
Unhandled Promise: TypeError: Failed to fetch
=============================
====== JS ERROR CAUGHT ======
Unhandled Promise: TypeError: Failed to fetch
=============================
====== JS ERROR CAUGHT ======
Unhandled Promise: TypeError: Failed to fetch
=============================
====== JS ERROR CAUGHT ======
Unhandled Promise: TypeError: Failed to fetch
=============================
====== JS ERROR CAUGHT ======
Unhandled Promise: TypeError: Failed to fetch
=============================
====== JS ERROR CAUGHT ======
Unhandled Promise: TypeError: Failed to fetch
=============================
====== JS ERROR CAUGHT ======
Unhandled Promise: TypeError: Failed to fetch
=============================
====== JS ERROR CAUGHT ======
Unhandled Promise: TypeError: Failed to fetch
=============================
====== JS ERROR CAUGHT ======
Unhandled Promise: TypeError: Failed to fetch
=============================
====== JS ERROR CAUGHT ======
Unhandled Promise: TypeError: Failed to fetch
=============================
====== JS ERROR CAUGHT ======
Unhandled Promise: TypeError: Failed to fetch
=============================
====== JS ERROR CAUGHT ======
Unhandled Promise: TypeError: Failed to fetch
=============================
====== JS ERROR CAUGHT ======
Unhandled Promise: TypeError: Failed to fetch
=============================
====== JS ERROR CAUGHT ======
Unhandled Promise: TypeError: Failed to fetch
=============================
====== JS ERROR CAUGHT ======
Unhandled Promise: TypeError: Failed to fetch
=============================
====== JS ERROR CAUGHT ======
Unhandled Promise: TypeError: Failed to fetch
=============================
====== JS ERROR CAUGHT ======
Unhandled Promise: TypeError: Failed to fetch
=============================
====== JS ERROR CAUGHT ======
Unhandled Promise: TypeError: Failed to fetch
=============================
====== JS ERROR CAUGHT ======
Unhandled Promise: TypeError: Failed to fetch
=============================
====== JS ERROR CAUGHT ======
Unhandled Promise: TypeError: Failed to fetch
=============================
====== JS ERROR CAUGHT ======
Unhandled Promise: TypeError: Failed to fetch
=============================
====== JS ERROR CAUGHT ======
Unhandled Promise: TypeError: Failed to fetch
=============================
====== JS ERROR CAUGHT ======
Unhandled Promise: TypeError: Failed to fetch
=============================
====== JS ERROR CAUGHT ======
Unhandled Promise: TypeError: Failed to fetch
=============================
====== JS ERROR CAUGHT ======
Unhandled Promise: TypeError: Failed to fetch
=============================
====== JS ERROR CAUGHT ======
Unhandled Promise: TypeError: Failed to fetch
=============================
====== JS ERROR CAUGHT ======
Unhandled Promise: TypeError: Failed to fetch
=============================
====== JS ERROR CAUGHT ======
Unhandled Promise: TypeError: Failed to fetch
=============================
====== JS ERROR CAUGHT ======
Unhandled Promise: TypeError: Failed to fetch
=============================
====== JS ERROR CAUGHT ======
Unhandled Promise: TypeError: Failed to fetch
=============================
====== JS ERROR CAUGHT ======
Unhandled Promise: TypeError: Failed to fetch
=============================
====== JS ERROR CAUGHT ======
Unhandled Promise: TypeError: Failed to fetch
=============================
====== JS ERROR CAUGHT ======
Unhandled Promise: TypeError: Failed to fetch
=============================
====== JS ERROR CAUGHT ======
Unhandled Promise: TypeError: Failed to fetch
=============================
====== JS ERROR CAUGHT ======
Unhandled Promise: TypeError: Failed to fetch
=============================
====== JS ERROR CAUGHT ======
Unhandled Promise: TypeError: Failed to fetch
=============================
====== JS ERROR CAUGHT ======
Unhandled Promise: TypeError: Failed to fetch
=============================
====== JS ERROR CAUGHT ======
Unhandled Promise: TypeError: Failed to fetch
=============================
====== JS ERROR CAUGHT ======
Unhandled Promise: TypeError: Failed to fetch
=============================
====== JS ERROR CAUGHT ======
Unhandled Promise: TypeError: Failed to fetch
=============================
====== JS ERROR CAUGHT ======
Unhandled Promise: TypeError: Failed to fetch
=============================
====== JS ERROR CAUGHT ======
Unhandled Promise: TypeError: Failed to fetch
=============================
====== JS ERROR CAUGHT ======
Unhandled Promise: TypeError: Failed to fetch
=============================
====== JS ERROR CAUGHT ======
Unhandled Promise: TypeError: Failed to fetch
=============================
====== JS ERROR CAUGHT ======
Unhandled Promise: TypeError: Failed to fetch
=============================
====== JS ERROR CAUGHT ======
Unhandled Promise: TypeError: Failed to fetch
=============================
====== JS ERROR CAUGHT ======
Unhandled Promise: TypeError: Failed to fetch
=============================
====== JS ERROR CAUGHT ======
Unhandled Promise: TypeError: Failed to fetch
=============================
====== JS ERROR CAUGHT ======
Unhandled Promise: TypeError: Failed to fetch
=============================
====== JS ERROR CAUGHT ======
Unhandled Promise: TypeError: Failed to fetch
=============================
====== JS ERROR CAUGHT ======
Unhandled Promise: TypeError: Failed to fetch
=============================
====== JS ERROR CAUGHT ======
Unhandled Promise: TypeError: Failed to fetch
=============================
====== JS ERROR CAUGHT ======
Unhandled Promise: TypeError: Failed to fetch
=============================
====== JS ERROR CAUGHT ======
Unhandled Promise: TypeError: Failed to fetch
=============================
====== JS ERROR CAUGHT ======
Unhandled Promise: TypeError: Failed to fetch
=============================
====== JS ERROR CAUGHT ======
Unhandled Promise: TypeError: Failed to fetch
=============================
====== JS ERROR CAUGHT ======
Unhandled Promise: TypeError: Failed to fetch
=============================
====== JS ERROR CAUGHT ======
Unhandled Promise: TypeError: Failed to fetch
=============================
====== JS ERROR CAUGHT ======
Unhandled Promise: TypeError: Failed to fetch
=============================
====== JS ERROR CAUGHT ======
Unhandled Promise: TypeError: Failed to fetch
=============================
====== JS ERROR CAUGHT ======
Unhandled Promise: TypeError: Failed to fetch
=============================
====== JS ERROR CAUGHT ======
Unhandled Promise: TypeError: Failed to fetch
=============================
====== JS ERROR CAUGHT ======
Unhandled Promise: TypeError: Failed to fetch
=============================
====== JS ERROR CAUGHT ======
Unhandled Promise: TypeError: Failed to fetch
=============================
====== JS ERROR CAUGHT ======
Unhandled Promise: TypeError: Failed to fetch
=============================
====== JS ERROR CAUGHT ======
Unhandled Promise: TypeError: Failed to fetch
=============================
====== JS ERROR CAUGHT ======
Unhandled Promise: TypeError: Failed to fetch
=============================
====== JS ERROR CAUGHT ======
Unhandled Promise: TypeError: Failed to fetch
=============================
====== JS ERROR CAUGHT ======
Unhandled Promise: TypeError: Failed to fetch
=============================
====== JS ERROR CAUGHT ======
Unhandled Promise: TypeError: Failed to fetch
=============================
====== JS ERROR CAUGHT ======
Unhandled Promise: TypeError: Failed to fetch
=============================
====== JS ERROR CAUGHT ======
Unhandled Promise: TypeError: Failed to fetch
=============================
====== JS ERROR CAUGHT ======
Unhandled Promise: TypeError: Failed to fetch
=============================
====== JS ERROR CAUGHT ======
Unhandled Promise: TypeError: Failed to fetch
=============================
====== JS ERROR CAUGHT ======
Unhandled Promise: TypeError: Failed to fetch
=============================
====== JS ERROR CAUGHT ======
Unhandled Promise: TypeError: Failed to fetch
=============================
====== JS ERROR CAUGHT ======
Unhandled Promise: TypeError: Failed to fetch
=============================
====== JS ERROR CAUGHT ======
Unhandled Promise: TypeError: Failed to fetch
=============================
====== JS ERROR CAUGHT ======
Unhandled Promise: TypeError: Failed to fetch
=============================
====== JS ERROR CAUGHT ======
Unhandled Promise: TypeError: Failed to fetch
=============================
====== JS ERROR CAUGHT ======
Unhandled Promise: TypeError: Failed to fetch
=============================
====== JS ERROR CAUGHT ======
Unhandled Promise: TypeError: Failed to fetch
=============================
====== JS ERROR CAUGHT ======
Unhandled Promise: TypeError: Failed to fetch
=============================
====== JS ERROR CAUGHT ======
Unhandled Promise: TypeError: Failed to fetch
=============================
====== JS ERROR CAUGHT ======
Unhandled Promise: TypeError: Failed to fetch
=============================
====== JS ERROR CAUGHT ======
Unhandled Promise: TypeError: Failed to fetch
=============================
====== JS ERROR CAUGHT ======
Unhandled Promise: TypeError: Failed to fetch
=============================
====== JS ERROR CAUGHT ======
Unhandled Promise: TypeError: Failed to fetch
=============================
====== JS ERROR CAUGHT ======
Unhandled Promise: TypeError: Failed to fetch
=============================
====== JS ERROR CAUGHT ======
Unhandled Promise: TypeError: Failed to fetch
=============================
====== JS ERROR CAUGHT ======
Unhandled Promise: TypeError: Failed to fetch
=============================
====== JS ERROR CAUGHT ======
Unhandled Promise: TypeError: Failed to fetch
=============================
====== JS ERROR CAUGHT ======
Unhandled Promise: TypeError: Failed to fetch
=============================
====== JS ERROR CAUGHT ======
Unhandled Promise: TypeError: Failed to fetch
=============================
====== JS ERROR CAUGHT ======
Unhandled Promise: TypeError: Failed to fetch
=============================
====== JS ERROR CAUGHT ======
Unhandled Promise: TypeError: Failed to fetch
=============================
====== JS ERROR CAUGHT ======
Unhandled Promise: TypeError: Failed to fetch
=============================
====== JS ERROR CAUGHT ======
Unhandled Promise: TypeError: Failed to fetch
=============================
====== JS ERROR CAUGHT ======
Unhandled Promise: TypeError: Failed to fetch
=============================
====== JS ERROR CAUGHT ======
Unhandled Promise: TypeError: Failed to fetch
=============================
====== JS ERROR CAUGHT ======
Unhandled Promise: TypeError: Failed to fetch
=============================
====== JS ERROR CAUGHT ======
Unhandled Promise: TypeError: Failed to fetch
=============================
====== JS ERROR CAUGHT ======
Unhandled Promise: TypeError: Failed to fetch
=============================
====== JS ERROR CAUGHT ======
Unhandled Promise: TypeError: Failed to fetch
=============================
====== JS ERROR CAUGHT ======
Unhandled Promise: TypeError: Failed to fetch
=============================
====== JS ERROR CAUGHT ======
Unhandled Promise: TypeError: Failed to fetch
=============================
====== JS ERROR CAUGHT ======
Unhandled Promise: TypeError: Failed to fetch
=============================
====== JS ERROR CAUGHT ======
Unhandled Promise: TypeError: Failed to fetch
=============================
====== JS ERROR CAUGHT ======
Unhandled Promise: TypeError: Failed to fetch
=============================
====== JS ERROR CAUGHT ======
Unhandled Promise: TypeError: Failed to fetch
=============================
====== JS ERROR CAUGHT ======
Unhandled Promise: TypeError: Failed to fetch
=============================
====== JS ERROR CAUGHT ======
Unhandled Promise: TypeError: Failed to fetch
=============================
====== JS ERROR CAUGHT ======
Unhandled Promise: TypeError: Failed to fetch
=============================
====== JS ERROR CAUGHT ======
Unhandled Promise: TypeError: Failed to fetch
=============================
====== JS ERROR CAUGHT ======
Unhandled Promise: TypeError: Failed to fetch
=============================
====== JS ERROR CAUGHT ======
Unhandled Promise: TypeError: Failed to fetch
=============================
====== JS ERROR CAUGHT ======
Unhandled Promise: TypeError: Failed to fetch
=============================
====== JS ERROR CAUGHT ======
Unhandled Promise: TypeError: Failed to fetch
=============================
====== JS ERROR CAUGHT ======
Unhandled Promise: TypeError: Failed to fetch
=============================
====== JS ERROR CAUGHT ======
Unhandled Promise: TypeError: Failed to fetch
=============================
====== JS ERROR CAUGHT ======
Unhandled Promise: TypeError: Failed to fetch
=============================
====== JS ERROR CAUGHT ======
Unhandled Promise: TypeError: Failed to fetch
=============================
====== JS ERROR CAUGHT ======
Unhandled Promise: TypeError: Failed to fetch
=============================
====== JS ERROR CAUGHT ======
Unhandled Promise: TypeError: Failed to fetch
=============================
====== JS ERROR CAUGHT ======
Unhandled Promise: TypeError: Failed to fetch
=============================
====== JS ERROR CAUGHT ======
Unhandled Promise: TypeError: Failed to fetch
=============================
====== JS ERROR CAUGHT ======
Unhandled Promise: TypeError: Failed to fetch
=============================
====== JS ERROR CAUGHT ======
Unhandled Promise: TypeError: Failed to fetch
=============================
====== JS ERROR CAUGHT ======
Unhandled Promise: TypeError: Failed to fetch
=============================
====== JS ERROR CAUGHT ======
Unhandled Promise: TypeError: Failed to fetch
=============================
====== JS ERROR CAUGHT ======
Unhandled Promise: TypeError: Failed to fetch
=============================
====== JS ERROR CAUGHT ======
Unhandled Promise: TypeError: Failed to fetch
=============================
====== JS ERROR CAUGHT ======
Unhandled Promise: TypeError: Failed to fetch
=============================
====== JS ERROR CAUGHT ======
Unhandled Promise: TypeError: Failed to fetch
=============================
====== JS ERROR CAUGHT ======
Unhandled Promise: TypeError: Failed to fetch
=============================
====== JS ERROR CAUGHT ======
Unhandled Promise: TypeError: Failed to fetch
=============================
====== JS ERROR CAUGHT ======
Unhandled Promise: TypeError: Failed to fetch
=============================
====== JS ERROR CAUGHT ======
Unhandled Promise: TypeError: Failed to fetch
=============================
====== JS ERROR CAUGHT ======
Unhandled Promise: TypeError: Failed to fetch
=============================
====== JS ERROR CAUGHT ======
Unhandled Promise: TypeError: Failed to fetch
=============================
====== JS ERROR CAUGHT ======
Unhandled Promise: TypeError: Failed to fetch
=============================
====== JS ERROR CAUGHT ======
Unhandled Promise: TypeError: Failed to fetch
=============================
====== JS ERROR CAUGHT ======
Unhandled Promise: TypeError: Failed to fetch
=============================
====== JS ERROR CAUGHT ======
Unhandled Promise: TypeError: Failed to fetch
=============================
====== JS ERROR CAUGHT ======
Unhandled Promise: TypeError: Failed to fetch
=============================
====== JS ERROR CAUGHT ======
Unhandled Promise: TypeError: Failed to fetch
=============================
====== JS ERROR CAUGHT ======
Unhandled Promise: TypeError: Failed to fetch
=============================
====== JS ERROR CAUGHT ======
Unhandled Promise: TypeError: Failed to fetch
=============================
====== JS ERROR CAUGHT ======
Unhandled Promise: TypeError: Failed to fetch
=============================
====== JS ERROR CAUGHT ======
Unhandled Promise: TypeError: Failed to fetch
=============================
====== JS ERROR CAUGHT ======
Unhandled Promise: TypeError: Failed to fetch
=============================
====== JS ERROR CAUGHT ======
Unhandled Promise: TypeError: Failed to fetch
=============================
====== JS ERROR CAUGHT ======
Unhandled Promise: TypeError: Failed to fetch
=============================
====== JS ERROR CAUGHT ======
Unhandled Promise: TypeError: Failed to fetch
=============================
====== JS ERROR CAUGHT ======
Unhandled Promise: TypeError: Failed to fetch
=============================
====== JS ERROR CAUGHT ======
Unhandled Promise: TypeError: Failed to fetch
=============================
====== JS ERROR CAUGHT ======
Unhandled Promise: TypeError: Failed to fetch
=============================
====== JS ERROR CAUGHT ======
Unhandled Promise: TypeError: Failed to fetch
=============================
====== JS ERROR CAUGHT ======
Unhandled Promise: TypeError: Failed to fetch
=============================
====== JS ERROR CAUGHT ======
Unhandled Promise: TypeError: Failed to fetch
=============================
====== JS ERROR CAUGHT ======
Unhandled Promise: TypeError: Failed to fetch
=============================
====== JS ERROR CAUGHT ======
Unhandled Promise: TypeError: Failed to fetch
=============================
====== JS ERROR CAUGHT ======
Unhandled Promise: TypeError: Failed to fetch
=============================
====== JS ERROR CAUGHT ======
Unhandled Promise: TypeError: Failed to fetch
=============================
====== JS ERROR CAUGHT ======
Unhandled Promise: TypeError: Failed to fetch
=============================
====== JS ERROR CAUGHT ======
Unhandled Promise: TypeError: Failed to fetch
=============================
====== JS ERROR CAUGHT ======
Unhandled Promise: TypeError: Failed to fetch
=============================
====== JS ERROR CAUGHT ======
Unhandled Promise: TypeError: Failed to fetch
=============================
====== JS ERROR CAUGHT ======
Unhandled Promise: TypeError: Failed to fetch
=============================
====== JS ERROR CAUGHT ======
Unhandled Promise: TypeError: Failed to fetch
=============================
====== JS ERROR CAUGHT ======
Unhandled Promise: TypeError: Failed to fetch
=============================
====== JS ERROR CAUGHT ======
Unhandled Promise: TypeError: Failed to fetch
=============================
====== JS ERROR CAUGHT ======
Unhandled Promise: TypeError: Failed to fetch
=============================
====== JS ERROR CAUGHT ======
Unhandled Promise: TypeError: Failed to fetch
=============================
====== JS ERROR CAUGHT ======
Unhandled Promise: TypeError: Failed to fetch
=============================
====== JS ERROR CAUGHT ======
Unhandled Promise: TypeError: Failed to fetch
=============================
====== JS ERROR CAUGHT ======
Unhandled Promise: TypeError: Failed to fetch
=============================
====== JS ERROR CAUGHT ======
Unhandled Promise: TypeError: Failed to fetch
=============================
====== JS ERROR CAUGHT ======
Unhandled Promise: TypeError: Failed to fetch
=============================
====== JS ERROR CAUGHT ======
Unhandled Promise: TypeError: Failed to fetch
=============================
====== JS ERROR CAUGHT ======
Unhandled Promise: TypeError: Failed to fetch
=============================
====== JS ERROR CAUGHT ======
Unhandled Promise: TypeError: Failed to fetch
=============================
====== JS ERROR CAUGHT ======
Unhandled Promise: TypeError: Failed to fetch
=============================
====== JS ERROR CAUGHT ======
Unhandled Promise: TypeError: Failed to fetch
=============================
====== JS ERROR CAUGHT ======
Unhandled Promise: TypeError: Failed to fetch
=============================
====== JS ERROR CAUGHT ======
Unhandled Promise: TypeError: Failed to fetch
=============================
====== JS ERROR CAUGHT ======
Unhandled Promise: TypeError: Failed to fetch
=============================
====== JS ERROR CAUGHT ======
Unhandled Promise: TypeError: Failed to fetch
=============================
====== JS ERROR CAUGHT ======
Unhandled Promise: TypeError: Failed to fetch
=============================
====== JS ERROR CAUGHT ======
Unhandled Promise: TypeError: Failed to fetch
=============================
====== JS ERROR CAUGHT ======
Unhandled Promise: TypeError: Failed to fetch
=============================
====== JS ERROR CAUGHT ======
Unhandled Promise: TypeError: Failed to fetch
=============================
====== JS ERROR CAUGHT ======
Unhandled Promise: TypeError: Failed to fetch
=============================
====== JS ERROR CAUGHT ======
Unhandled Promise: TypeError: Failed to fetch
=============================
====== JS ERROR CAUGHT ======
Unhandled Promise: TypeError: Failed to fetch
=============================
====== JS ERROR CAUGHT ======
Unhandled Promise: TypeError: Failed to fetch
=============================
====== JS ERROR CAUGHT ======
Unhandled Promise: TypeError: Failed to fetch
=============================
====== JS ERROR CAUGHT ======
Unhandled Promise: TypeError: Failed to fetch
=============================
====== JS ERROR CAUGHT ======
Unhandled Promise: TypeError: Failed to fetch
=============================
====== JS ERROR CAUGHT ======
Unhandled Promise: TypeError: Failed to fetch
=============================
====== JS ERROR CAUGHT ======
Unhandled Promise: TypeError: Failed to fetch
=============================
====== JS ERROR CAUGHT ======
Unhandled Promise: TypeError: Failed to fetch
=============================
====== JS ERROR CAUGHT ======
Unhandled Promise: TypeError: Failed to fetch
=============================
====== JS ERROR CAUGHT ======
Unhandled Promise: TypeError: Failed to fetch
=============================
====== JS ERROR CAUGHT ======
Unhandled Promise: TypeError: Failed to fetch
=============================
====== JS ERROR CAUGHT ======
Unhandled Promise: TypeError: Failed to fetch
=============================
====== JS ERROR CAUGHT ======
Unhandled Promise: TypeError: Failed to fetch
=============================
====== JS ERROR CAUGHT ======
Unhandled Promise: TypeError: Failed to fetch
=============================
====== JS ERROR CAUGHT ======
Unhandled Promise: TypeError: Failed to fetch
=============================
====== JS ERROR CAUGHT ======
Unhandled Promise: TypeError: Failed to fetch
=============================
====== JS ERROR CAUGHT ======
Unhandled Promise: TypeError: Failed to fetch
=============================
====== JS ERROR CAUGHT ======
Unhandled Promise: TypeError: Failed to fetch
=============================
====== JS ERROR CAUGHT ======
Unhandled Promise: TypeError: Failed to fetch
=============================
====== JS ERROR CAUGHT ======
Unhandled Promise: TypeError: Failed to fetch
=============================
====== JS ERROR CAUGHT ======
Unhandled Promise: TypeError: Failed to fetch
=============================
====== JS ERROR CAUGHT ======
Unhandled Promise: TypeError: Failed to fetch
=============================
====== JS ERROR CAUGHT ======
Unhandled Promise: TypeError: Failed to fetch
=============================
====== JS ERROR CAUGHT ======
Unhandled Promise: TypeError: Failed to fetch
=============================
====== JS ERROR CAUGHT ======
Unhandled Promise: TypeError: Failed to fetch
=============================
====== JS ERROR CAUGHT ======
Unhandled Promise: TypeError: Failed to fetch
=============================
====== JS ERROR CAUGHT ======
Unhandled Promise: TypeError: Failed to fetch
=============================
====== JS ERROR CAUGHT ======
Unhandled Promise: TypeError: Failed to fetch
=============================
====== JS ERROR CAUGHT ======
Unhandled Promise: TypeError: Failed to fetch
=============================
====== JS ERROR CAUGHT ======
Unhandled Promise: TypeError: Failed to fetch
=============================
====== JS ERROR CAUGHT ======
Unhandled Promise: TypeError: Failed to fetch
=============================
====== JS ERROR CAUGHT ======
Unhandled Promise: TypeError: Failed to fetch
=============================
====== JS ERROR CAUGHT ======
Unhandled Promise: TypeError: Failed to fetch
=============================
====== JS ERROR CAUGHT ======
Unhandled Promise: TypeError: Failed to fetch
=============================
====== JS ERROR CAUGHT ======
Unhandled Promise: TypeError: Failed to fetch
=============================
====== JS ERROR CAUGHT ======
Unhandled Promise: TypeError: Failed to fetch
=============================
====== JS ERROR CAUGHT ======
Unhandled Promise: TypeError: Failed to fetch
=============================
====== JS ERROR CAUGHT ======
Unhandled Promise: TypeError: Failed to fetch
=============================
====== JS ERROR CAUGHT ======
Unhandled Promise: TypeError: Failed to fetch
=============================
====== JS ERROR CAUGHT ======
Unhandled Promise: TypeError: Failed to fetch
=============================
====== JS ERROR CAUGHT ======
Unhandled Promise: TypeError: Failed to fetch
=============================
====== JS ERROR CAUGHT ======
Unhandled Promise: TypeError: Failed to fetch
=============================
====== JS ERROR CAUGHT ======
Unhandled Promise: TypeError: Failed to fetch
=============================
====== JS ERROR CAUGHT ======
Unhandled Promise: TypeError: Failed to fetch
=============================
====== JS ERROR CAUGHT ======
Unhandled Promise: TypeError: Failed to fetch
=============================
====== JS ERROR CAUGHT ======
Unhandled Promise: TypeError: Failed to fetch
=============================
====== JS ERROR CAUGHT ======
Unhandled Promise: TypeError: Failed to fetch
=============================
====== JS ERROR CAUGHT ======
Unhandled Promise: TypeError: Failed to fetch
=============================
====== JS ERROR CAUGHT ======
Unhandled Promise: TypeError: Failed to fetch
=============================
====== JS ERROR CAUGHT ======
Unhandled Promise: TypeError: Failed to fetch
=============================
====== JS ERROR CAUGHT ======
Unhandled Promise: TypeError: Failed to fetch
=============================
====== JS ERROR CAUGHT ======
Unhandled Promise: TypeError: Failed to fetch
=============================
====== JS ERROR CAUGHT ======
Unhandled Promise: TypeError: Failed to fetch
=============================
====== JS ERROR CAUGHT ======
Unhandled Promise: TypeError: Failed to fetch
=============================
====== JS ERROR CAUGHT ======
Unhandled Promise: TypeError: Failed to fetch
=============================
====== JS ERROR CAUGHT ======
Unhandled Promise: TypeError: Failed to fetch
=============================
====== JS ERROR CAUGHT ======
Unhandled Promise: TypeError: Failed to fetch
=============================
====== JS ERROR CAUGHT ======
Unhandled Promise: TypeError: Failed to fetch
=============================
====== JS ERROR CAUGHT ======
Unhandled Promise: TypeError: Failed to fetch
=============================
====== JS ERROR CAUGHT ======
Unhandled Promise: TypeError: Failed to fetch
=============================
====== JS ERROR CAUGHT ======
Unhandled Promise: TypeError: Failed to fetch
=============================
====== JS ERROR CAUGHT ======
Unhandled Promise: TypeError: Failed to fetch
=============================
====== JS ERROR CAUGHT ======
Unhandled Promise: TypeError: Failed to fetch
=============================
====== JS ERROR CAUGHT ======
Unhandled Promise: TypeError: Failed to fetch
=============================
====== JS ERROR CAUGHT ======
Unhandled Promise: TypeError: Failed to fetch
=============================
====== JS ERROR CAUGHT ======
Unhandled Promise: TypeError: Failed to fetch
=============================
====== JS ERROR CAUGHT ======
Unhandled Promise: TypeError: Failed to fetch
=============================
====== JS ERROR CAUGHT ======
Unhandled Promise: TypeError: Failed to fetch
=============================
====== JS ERROR CAUGHT ======
Unhandled Promise: TypeError: Failed to fetch
=============================
====== JS ERROR CAUGHT ======
Unhandled Promise: TypeError: Failed to fetch
=============================
====== JS ERROR CAUGHT ======
Unhandled Promise: TypeError: Failed to fetch
=============================
====== JS ERROR CAUGHT ======
Unhandled Promise: TypeError: Failed to fetch
=============================
====== JS ERROR CAUGHT ======
Unhandled Promise: TypeError: Failed to fetch
=============================
====== JS ERROR CAUGHT ======
Unhandled Promise: TypeError: Failed to fetch
=============================
====== JS ERROR CAUGHT ======
Unhandled Promise: TypeError: Failed to fetch
=============================
====== JS ERROR CAUGHT ======
Unhandled Promise: TypeError: Failed to fetch
=============================
====== JS ERROR CAUGHT ======
Unhandled Promise: TypeError: Failed to fetch
=============================
====== JS ERROR CAUGHT ======
Unhandled Promise: TypeError: Failed to fetch
=============================
====== JS ERROR CAUGHT ======
Unhandled Promise: TypeError: Failed to fetch
=============================
====== JS ERROR CAUGHT ======
Unhandled Promise: TypeError: Failed to fetch
=============================
====== JS ERROR CAUGHT ======
Unhandled Promise: TypeError: Failed to fetch
=============================
====== JS ERROR CAUGHT ======
Unhandled Promise: TypeError: Failed to fetch
=============================
====== JS ERROR CAUGHT ======
Unhandled Promise: TypeError: Failed to fetch
=============================
====== JS ERROR CAUGHT ======
Unhandled Promise: TypeError: Failed to fetch
=============================
====== JS ERROR CAUGHT ======
Unhandled Promise: TypeError: Failed to fetch
=============================
====== JS ERROR CAUGHT ======
Unhandled Promise: TypeError: Failed to fetch
=============================
====== JS ERROR CAUGHT ======
Unhandled Promise: TypeError: Failed to fetch
=============================
====== JS ERROR CAUGHT ======
Unhandled Promise: TypeError: Failed to fetch
=============================
====== JS ERROR CAUGHT ======
Unhandled Promise: TypeError: Failed to fetch
=============================
====== JS ERROR CAUGHT ======
Unhandled Promise: TypeError: Failed to fetch
=============================
====== JS ERROR CAUGHT ======
Unhandled Promise: TypeError: Failed to fetch
=============================
====== JS ERROR CAUGHT ======
Unhandled Promise: TypeError: Failed to fetch
=============================
====== JS ERROR CAUGHT ======
Unhandled Promise: TypeError: Failed to fetch
=============================
====== JS ERROR CAUGHT ======
Unhandled Promise: TypeError: Failed to fetch
=============================
====== JS ERROR CAUGHT ======
Unhandled Promise: TypeError: Failed to fetch
=============================
====== JS ERROR CAUGHT ======
Unhandled Promise: TypeError: Failed to fetch
=============================
====== JS ERROR CAUGHT ======
Unhandled Promise: TypeError: Failed to fetch
=============================
====== JS ERROR CAUGHT ======
Unhandled Promise: TypeError: Failed to fetch
=============================
====== JS ERROR CAUGHT ======
Unhandled Promise: TypeError: Failed to fetch
=============================
====== JS ERROR CAUGHT ======
Unhandled Promise: TypeError: Failed to fetch
=============================
====== JS ERROR CAUGHT ======
Unhandled Promise: TypeError: Failed to fetch
=============================
====== JS ERROR CAUGHT ======
Unhandled Promise: TypeError: Failed to fetch
=============================
====== JS ERROR CAUGHT ======
Unhandled Promise: TypeError: Failed to fetch
=============================
====== JS ERROR CAUGHT ======
Unhandled Promise: TypeError: Failed to fetch
=============================
====== JS ERROR CAUGHT ======
Unhandled Promise: TypeError: Failed to fetch
=============================
====== JS ERROR CAUGHT ======
Unhandled Promise: TypeError: Failed to fetch
=============================
====== JS ERROR CAUGHT ======
Unhandled Promise: TypeError: Failed to fetch
=============================
====== JS ERROR CAUGHT ======
Unhandled Promise: TypeError: Failed to fetch
=============================
====== JS ERROR CAUGHT ======
Unhandled Promise: TypeError: Failed to fetch
=============================
====== JS ERROR CAUGHT ======
Unhandled Promise: TypeError: Failed to fetch
=============================
====== JS ERROR CAUGHT ======
Unhandled Promise: TypeError: Failed to fetch
=============================
====== JS ERROR CAUGHT ======
Unhandled Promise: TypeError: Failed to fetch
=============================
====== JS ERROR CAUGHT ======
Unhandled Promise: TypeError: Failed to fetch
=============================
====== JS ERROR CAUGHT ======
Unhandled Promise: TypeError: Failed to fetch
=============================
====== JS ERROR CAUGHT ======
Unhandled Promise: TypeError: Failed to fetch
=============================
====== JS ERROR CAUGHT ======
Unhandled Promise: TypeError: Failed to fetch
=============================
====== JS ERROR CAUGHT ======
Unhandled Promise: TypeError: Failed to fetch
=============================
====== JS ERROR CAUGHT ======
Unhandled Promise: TypeError: Failed to fetch
=============================
====== JS ERROR CAUGHT ======
Unhandled Promise: TypeError: Failed to fetch
=============================
====== JS ERROR CAUGHT ======
Unhandled Promise: TypeError: Failed to fetch
=============================
====== JS ERROR CAUGHT ======
Unhandled Promise: TypeError: Failed to fetch
=============================
====== JS ERROR CAUGHT ======
Unhandled Promise: TypeError: Failed to fetch
=============================
====== JS ERROR CAUGHT ======
Unhandled Promise: TypeError: Failed to fetch
=============================
====== JS ERROR CAUGHT ======
Unhandled Promise: TypeError: Failed to fetch
=============================
====== JS ERROR CAUGHT ======
Unhandled Promise: TypeError: Failed to fetch
=============================
====== JS ERROR CAUGHT ======
Unhandled Promise: TypeError: Failed to fetch
=============================
====== JS ERROR CAUGHT ======
Unhandled Promise: TypeError: Failed to fetch
=============================
====== JS ERROR CAUGHT ======
Unhandled Promise: TypeError: Failed to fetch
=============================
====== JS ERROR CAUGHT ======
Unhandled Promise: TypeError: Failed to fetch
=============================
====== JS ERROR CAUGHT ======
Unhandled Promise: TypeError: Failed to fetch
=============================
====== JS ERROR CAUGHT ======
Unhandled Promise: TypeError: Failed to fetch
=============================
====== JS ERROR CAUGHT ======
Unhandled Promise: TypeError: Failed to fetch
=============================
====== JS ERROR CAUGHT ======
Unhandled Promise: TypeError: Failed to fetch
=============================
====== JS ERROR CAUGHT ======
Unhandled Promise: TypeError: Failed to fetch
=============================
====== JS ERROR CAUGHT ======
Unhandled Promise: TypeError: Failed to fetch
=============================
====== JS ERROR CAUGHT ======
Unhandled Promise: TypeError: Failed to fetch
=============================
====== JS ERROR CAUGHT ======
Unhandled Promise: TypeError: Failed to fetch
=============================
====== JS ERROR CAUGHT ======
Unhandled Promise: TypeError: Failed to fetch
=============================
====== JS ERROR CAUGHT ======
Unhandled Promise: TypeError: Failed to fetch
=============================
====== JS ERROR CAUGHT ======
Unhandled Promise: TypeError: Failed to fetch
=============================
====== JS ERROR CAUGHT ======
Unhandled Promise: TypeError: Failed to fetch
=============================
====== JS ERROR CAUGHT ======
Unhandled Promise: TypeError: Failed to fetch
=============================
====== JS ERROR CAUGHT ======
Unhandled Promise: TypeError: Failed to fetch
=============================
====== JS ERROR CAUGHT ======
Unhandled Promise: TypeError: Failed to fetch
=============================
====== JS ERROR CAUGHT ======
Unhandled Promise: TypeError: Failed to fetch
=============================
====== JS ERROR CAUGHT ======
Unhandled Promise: TypeError: Failed to fetch
=============================
====== JS ERROR CAUGHT ======
Unhandled Promise: TypeError: Failed to fetch
=============================
====== JS ERROR CAUGHT ======
Unhandled Promise: TypeError: Failed to fetch
=============================
====== JS ERROR CAUGHT ======
Unhandled Promise: TypeError: Failed to fetch
=============================
====== JS ERROR CAUGHT ======
Unhandled Promise: TypeError: Failed to fetch
=============================
====== JS ERROR CAUGHT ======
Unhandled Promise: TypeError: Failed to fetch
=============================
====== JS ERROR CAUGHT ======
Unhandled Promise: TypeError: Failed to fetch
=============================
====== JS ERROR CAUGHT ======
Unhandled Promise: TypeError: Failed to fetch
=============================
====== JS ERROR CAUGHT ======
Unhandled Promise: TypeError: Failed to fetch
=============================
====== JS ERROR CAUGHT ======
Unhandled Promise: TypeError: Failed to fetch
=============================
====== JS ERROR CAUGHT ======
Unhandled Promise: TypeError: Failed to fetch
=============================
====== JS ERROR CAUGHT ======
Unhandled Promise: TypeError: Failed to fetch
=============================
====== JS ERROR CAUGHT ======
Unhandled Promise: TypeError: Failed to fetch
=============================
====== JS ERROR CAUGHT ======
Unhandled Promise: TypeError: Failed to fetch
=============================
====== JS ERROR CAUGHT ======
Unhandled Promise: TypeError: Failed to fetch
=============================
====== JS ERROR CAUGHT ======
Unhandled Promise: TypeError: Failed to fetch
=============================
====== JS ERROR CAUGHT ======
Unhandled Promise: TypeError: Failed to fetch
=============================
====== JS ERROR CAUGHT ======
Unhandled Promise: TypeError: Failed to fetch
=============================
====== JS ERROR CAUGHT ======
Unhandled Promise: TypeError: Failed to fetch
=============================
====== JS ERROR CAUGHT ======
Unhandled Promise: TypeError: Failed to fetch
=============================
====== JS ERROR CAUGHT ======
Unhandled Promise: TypeError: Failed to fetch
=============================
====== JS ERROR CAUGHT ======
Unhandled Promise: TypeError: Failed to fetch
=============================
====== JS ERROR CAUGHT ======
Unhandled Promise: TypeError: Failed to fetch
=============================
====== JS ERROR CAUGHT ======
Unhandled Promise: TypeError: Failed to fetch
=============================
====== JS ERROR CAUGHT ======
Unhandled Promise: TypeError: Failed to fetch
=============================
====== JS ERROR CAUGHT ======
Unhandled Promise: TypeError: Failed to fetch
=============================
====== JS ERROR CAUGHT ======
Unhandled Promise: TypeError: Failed to fetch
=============================
====== JS ERROR CAUGHT ======
Unhandled Promise: TypeError: Failed to fetch
=============================
====== JS ERROR CAUGHT ======
Unhandled Promise: TypeError: Failed to fetch
=============================
====== JS ERROR CAUGHT ======
Unhandled Promise: TypeError: Failed to fetch
=============================
====== JS ERROR CAUGHT ======
Unhandled Promise: TypeError: Failed to fetch
=============================
====== JS ERROR CAUGHT ======
Unhandled Promise: TypeError: Failed to fetch
=============================
====== JS ERROR CAUGHT ======
Unhandled Promise: TypeError: Failed to fetch
=============================
====== JS ERROR CAUGHT ======
Unhandled Promise: TypeError: Failed to fetch
=============================
====== JS ERROR CAUGHT ======
Unhandled Promise: TypeError: Failed to fetch
=============================
====== JS ERROR CAUGHT ======
Unhandled Promise: TypeError: Failed to fetch
=============================
====== JS ERROR CAUGHT ======
Unhandled Promise: TypeError: Failed to fetch
=============================
====== JS ERROR CAUGHT ======
Unhandled Promise: TypeError: Failed to fetch
=============================
====== JS ERROR CAUGHT ======
Unhandled Promise: TypeError: Failed to fetch
=============================
====== JS ERROR CAUGHT ======
Unhandled Promise: TypeError: Failed to fetch
=============================
====== JS ERROR CAUGHT ======
Unhandled Promise: TypeError: Failed to fetch
=============================
====== JS ERROR CAUGHT ======
Unhandled Promise: TypeError: Failed to fetch
=============================
====== JS ERROR CAUGHT ======
Unhandled Promise: TypeError: Failed to fetch
=============================
====== JS ERROR CAUGHT ======
Unhandled Promise: TypeError: Failed to fetch
=============================
====== JS ERROR CAUGHT ======
Unhandled Promise: TypeError: Failed to fetch
=============================
====== JS ERROR CAUGHT ======
Unhandled Promise: TypeError: Failed to fetch
=============================
====== JS ERROR CAUGHT ======
Unhandled Promise: TypeError: Failed to fetch
=============================
====== JS ERROR CAUGHT ======
Unhandled Promise: TypeError: Failed to fetch
=============================
====== JS ERROR CAUGHT ======
Unhandled Promise: TypeError: Failed to fetch
=============================
====== JS ERROR CAUGHT ======
Unhandled Promise: TypeError: Failed to fetch
=============================
====== JS ERROR CAUGHT ======
Unhandled Promise: TypeError: Failed to fetch
=============================
====== JS ERROR CAUGHT ======
Unhandled Promise: TypeError: Failed to fetch
=============================
====== JS ERROR CAUGHT ======
Unhandled Promise: TypeError: Failed to fetch
=============================
====== JS ERROR CAUGHT ======
Unhandled Promise: TypeError: Failed to fetch
=============================
====== JS ERROR CAUGHT ======
Unhandled Promise: TypeError: Failed to fetch
=============================
====== JS ERROR CAUGHT ======
Unhandled Promise: TypeError: Failed to fetch
=============================
====== JS ERROR CAUGHT ======
Unhandled Promise: TypeError: Failed to fetch
=============================
====== JS ERROR CAUGHT ======
Unhandled Promise: TypeError: Failed to fetch
=============================
====== JS ERROR CAUGHT ======
Unhandled Promise: TypeError: Failed to fetch
=============================
====== JS ERROR CAUGHT ======
Unhandled Promise: TypeError: Failed to fetch
=============================
====== JS ERROR CAUGHT ======
Unhandled Promise: TypeError: Failed to fetch
=============================
====== JS ERROR CAUGHT ======
Unhandled Promise: TypeError: Failed to fetch
=============================
====== JS ERROR CAUGHT ======
Unhandled Promise: TypeError: Failed to fetch
=============================
====== JS ERROR CAUGHT ======
Unhandled Promise: TypeError: Failed to fetch
=============================
====== JS ERROR CAUGHT ======
Unhandled Promise: TypeError: Failed to fetch
=============================
====== JS ERROR CAUGHT ======
Unhandled Promise: TypeError: Failed to fetch
=============================
====== JS ERROR CAUGHT ======
Unhandled Promise: TypeError: Failed to fetch
=============================
====== JS ERROR CAUGHT ======
Unhandled Promise: TypeError: Failed to fetch
=============================
====== JS ERROR CAUGHT ======
Unhandled Promise: TypeError: Failed to fetch
=============================
====== JS ERROR CAUGHT ======
Unhandled Promise: TypeError: Failed to fetch
=============================
====== JS ERROR CAUGHT ======
Unhandled Promise: TypeError: Failed to fetch
=============================
====== JS ERROR CAUGHT ======
Unhandled Promise: TypeError: Failed to fetch
=============================
====== JS ERROR CAUGHT ======
Unhandled Promise: TypeError: Failed to fetch
=============================
====== JS ERROR CAUGHT ======
Unhandled Promise: TypeError: Failed to fetch
=============================
====== JS ERROR CAUGHT ======
Unhandled Promise: TypeError: Failed to fetch
=============================
====== JS ERROR CAUGHT ======
Unhandled Promise: TypeError: Failed to fetch
=============================
====== JS ERROR CAUGHT ======
Unhandled Promise: TypeError: Failed to fetch
=============================
====== JS ERROR CAUGHT ======
Unhandled Promise: TypeError: Failed to fetch
=============================
====== JS ERROR CAUGHT ======
Unhandled Promise: TypeError: Failed to fetch
=============================
====== JS ERROR CAUGHT ======
Unhandled Promise: TypeError: Failed to fetch
=============================
====== JS ERROR CAUGHT ======
Unhandled Promise: TypeError: Failed to fetch
=============================
====== JS ERROR CAUGHT ======
Unhandled Promise: TypeError: Failed to fetch
=============================
====== JS ERROR CAUGHT ======
Unhandled Promise: TypeError: Failed to fetch
=============================
====== JS ERROR CAUGHT ======
Unhandled Promise: TypeError: Failed to fetch
=============================
====== JS ERROR CAUGHT ======
Unhandled Promise: TypeError: Failed to fetch
=============================
====== JS ERROR CAUGHT ======
Unhandled Promise: TypeError: Failed to fetch
=============================
====== JS ERROR CAUGHT ======
Unhandled Promise: TypeError: Failed to fetch
=============================
====== JS ERROR CAUGHT ======
Unhandled Promise: TypeError: Failed to fetch
=============================
====== JS ERROR CAUGHT ======
Unhandled Promise: TypeError: Failed to fetch
=============================
====== JS ERROR CAUGHT ======
Unhandled Promise: TypeError: Failed to fetch
=============================
====== JS ERROR CAUGHT ======
Unhandled Promise: TypeError: Failed to fetch
=============================
====== JS ERROR CAUGHT ======
Unhandled Promise: TypeError: Failed to fetch
=============================
====== JS ERROR CAUGHT ======
Unhandled Promise: TypeError: Failed to fetch
=============================
====== JS ERROR CAUGHT ======
Unhandled Promise: TypeError: Failed to fetch
=============================
====== JS ERROR CAUGHT ======
Unhandled Promise: TypeError: Failed to fetch
=============================
====== JS ERROR CAUGHT ======
Unhandled Promise: TypeError: Failed to fetch
=============================
====== JS ERROR CAUGHT ======
Unhandled Promise: TypeError: Failed to fetch
=============================
====== JS ERROR CAUGHT ======
Unhandled Promise: TypeError: Failed to fetch
=============================
====== JS ERROR CAUGHT ======
Unhandled Promise: TypeError: Failed to fetch
=============================
====== JS ERROR CAUGHT ======
Unhandled Promise: TypeError: Failed to fetch
=============================
====== JS ERROR CAUGHT ======
Unhandled Promise: TypeError: Failed to fetch
=============================
====== JS ERROR CAUGHT ======
Unhandled Promise: TypeError: Failed to fetch
=============================
====== JS ERROR CAUGHT ======
Unhandled Promise: TypeError: Failed to fetch
=============================
====== JS ERROR CAUGHT ======
Unhandled Promise: TypeError: Failed to fetch
=============================
====== JS ERROR CAUGHT ======
Unhandled Promise: TypeError: Failed to fetch
=============================
====== JS ERROR CAUGHT ======
Unhandled Promise: TypeError: Failed to fetch
=============================
====== JS ERROR CAUGHT ======
Unhandled Promise: TypeError: Failed to fetch
=============================
====== JS ERROR CAUGHT ======
Unhandled Promise: TypeError: Failed to fetch
=============================
====== JS ERROR CAUGHT ======
Unhandled Promise: TypeError: Failed to fetch
=============================
====== JS ERROR CAUGHT ======
Unhandled Promise: TypeError: Failed to fetch
=============================
====== JS ERROR CAUGHT ======
Unhandled Promise: TypeError: Failed to fetch
=============================
====== JS ERROR CAUGHT ======
Unhandled Promise: TypeError: Failed to fetch
=============================
====== JS ERROR CAUGHT ======
Unhandled Promise: TypeError: Failed to fetch
=============================
====== JS ERROR CAUGHT ======
Unhandled Promise: TypeError: Failed to fetch
=============================
====== JS ERROR CAUGHT ======
Unhandled Promise: TypeError: Failed to fetch
=============================
====== JS ERROR CAUGHT ======
Unhandled Promise: TypeError: Failed to fetch
=============================
====== JS ERROR CAUGHT ======
Unhandled Promise: TypeError: Failed to fetch
=============================
====== JS ERROR CAUGHT ======
Unhandled Promise: TypeError: Failed to fetch
=============================
====== JS ERROR CAUGHT ======
Unhandled Promise: TypeError: Failed to fetch
=============================
====== JS ERROR CAUGHT ======
Unhandled Promise: TypeError: Failed to fetch
=============================
====== JS ERROR CAUGHT ======
Unhandled Promise: TypeError: Failed to fetch
=============================
====== JS ERROR CAUGHT ======
Unhandled Promise: TypeError: Failed to fetch
=============================
====== JS ERROR CAUGHT ======
Unhandled Promise: TypeError: Failed to fetch
=============================
====== JS ERROR CAUGHT ======
Unhandled Promise: TypeError: Failed to fetch
=============================
====== JS ERROR CAUGHT ======
Unhandled Promise: TypeError: Failed to fetch
=============================
====== JS ERROR CAUGHT ======
Unhandled Promise: TypeError: Failed to fetch
=============================
====== JS ERROR CAUGHT ======
Unhandled Promise: TypeError: Failed to fetch
=============================
====== JS ERROR CAUGHT ======
Unhandled Promise: TypeError: Failed to fetch
=============================
====== JS ERROR CAUGHT ======
Unhandled Promise: TypeError: Failed to fetch
=============================
====== JS ERROR CAUGHT ======
Unhandled Promise: TypeError: Failed to fetch
=============================
====== JS ERROR CAUGHT ======
Unhandled Promise: TypeError: Failed to fetch
=============================
====== JS ERROR CAUGHT ======
Unhandled Promise: TypeError: Failed to fetch
=============================
====== JS ERROR CAUGHT ======
Unhandled Promise: TypeError: Failed to fetch
=============================
====== JS ERROR CAUGHT ======
Unhandled Promise: TypeError: Failed to fetch
=============================
====== JS ERROR CAUGHT ======
Unhandled Promise: TypeError: Failed to fetch
=============================
====== JS ERROR CAUGHT ======
Unhandled Promise: TypeError: Failed to fetch
=============================
====== JS ERROR CAUGHT ======
Unhandled Promise: TypeError: Failed to fetch
=============================
====== JS ERROR CAUGHT ======
Unhandled Promise: TypeError: Failed to fetch
=============================
====== JS ERROR CAUGHT ======
Unhandled Promise: TypeError: Failed to fetch
=============================
====== JS ERROR CAUGHT ======
Unhandled Promise: TypeError: Failed to fetch
=============================
====== JS ERROR CAUGHT ======
Unhandled Promise: TypeError: Failed to fetch
=============================
====== JS ERROR CAUGHT ======
Unhandled Promise: TypeError: Failed to fetch
=============================
====== JS ERROR CAUGHT ======
Unhandled Promise: TypeError: Failed to fetch
=============================
====== JS ERROR CAUGHT ======
Unhandled Promise: TypeError: Failed to fetch
=============================
====== JS ERROR CAUGHT ======
Unhandled Promise: TypeError: Failed to fetch
=============================
====== JS ERROR CAUGHT ======
Unhandled Promise: TypeError: Failed to fetch
=============================
====== JS ERROR CAUGHT ======
Unhandled Promise: TypeError: Failed to fetch
=============================
====== JS ERROR CAUGHT ======
Unhandled Promise: TypeError: Failed to fetch
=============================
====== JS ERROR CAUGHT ======
Unhandled Promise: TypeError: Failed to fetch
=============================
====== JS ERROR CAUGHT ======
Unhandled Promise: TypeError: Failed to fetch
=============================
====== JS ERROR CAUGHT ======
Unhandled Promise: TypeError: Failed to fetch
=============================
====== JS ERROR CAUGHT ======
Unhandled Promise: TypeError: Failed to fetch
=============================
====== JS ERROR CAUGHT ======
Unhandled Promise: TypeError: Failed to fetch
=============================
====== JS ERROR CAUGHT ======
Unhandled Promise: TypeError: Failed to fetch
=============================
====== JS ERROR CAUGHT ======
Unhandled Promise: TypeError: Failed to fetch
=============================
====== JS ERROR CAUGHT ======
Unhandled Promise: TypeError: Failed to fetch
=============================
====== JS ERROR CAUGHT ======
Unhandled Promise: TypeError: Failed to fetch
=============================
====== JS ERROR CAUGHT ======
Unhandled Promise: TypeError: Failed to fetch
=============================
====== JS ERROR CAUGHT ======
Unhandled Promise: TypeError: Failed to fetch
=============================
====== JS ERROR CAUGHT ======
Unhandled Promise: TypeError: Failed to fetch
=============================
====== JS ERROR CAUGHT ======
Unhandled Promise: TypeError: Failed to fetch
=============================
====== JS ERROR CAUGHT ======
Unhandled Promise: TypeError: Failed to fetch
=============================
====== JS ERROR CAUGHT ======
Unhandled Promise: TypeError: Failed to fetch
=============================
====== JS ERROR CAUGHT ======
Unhandled Promise: TypeError: Failed to fetch
=============================
====== JS ERROR CAUGHT ======
Unhandled Promise: TypeError: Failed to fetch
=============================
====== JS ERROR CAUGHT ======
Unhandled Promise: TypeError: Failed to fetch
=============================
====== JS ERROR CAUGHT ======
Unhandled Promise: TypeError: Failed to fetch
=============================
====== JS ERROR CAUGHT ======
Unhandled Promise: TypeError: Failed to fetch
=============================
====== JS ERROR CAUGHT ======
Unhandled Promise: TypeError: Failed to fetch
=============================
====== JS ERROR CAUGHT ======
Unhandled Promise: TypeError: Failed to fetch
=============================
====== JS ERROR CAUGHT ======
Unhandled Promise: TypeError: Failed to fetch
=============================
====== JS ERROR CAUGHT ======
Unhandled Promise: TypeError: Failed to fetch
=============================
====== JS ERROR CAUGHT ======
Unhandled Promise: TypeError: Failed to fetch
=============================
====== JS ERROR CAUGHT ======
Unhandled Promise: TypeError: Failed to fetch
=============================
====== JS ERROR CAUGHT ======
Unhandled Promise: TypeError: Failed to fetch
=============================
====== JS ERROR CAUGHT ======
Unhandled Promise: TypeError: Failed to fetch
=============================
====== JS ERROR CAUGHT ======
Unhandled Promise: TypeError: Failed to fetch
=============================
====== JS ERROR CAUGHT ======
Unhandled Promise: TypeError: Failed to fetch
=============================
====== JS ERROR CAUGHT ======
Unhandled Promise: TypeError: Failed to fetch
=============================
====== JS ERROR CAUGHT ======
Unhandled Promise: TypeError: Failed to fetch
=============================
====== JS ERROR CAUGHT ======
Unhandled Promise: TypeError: Failed to fetch
=============================
====== JS ERROR CAUGHT ======
Unhandled Promise: TypeError: Failed to fetch
=============================
====== JS ERROR CAUGHT ======
Unhandled Promise: TypeError: Failed to fetch
=============================
====== JS ERROR CAUGHT ======
Unhandled Promise: TypeError: Failed to fetch
=============================
====== JS ERROR CAUGHT ======
Unhandled Promise: TypeError: Failed to fetch
=============================
====== JS ERROR CAUGHT ======
Unhandled Promise: TypeError: Failed to fetch
=============================
====== JS ERROR CAUGHT ======
Unhandled Promise: TypeError: Failed to fetch
=============================
====== JS ERROR CAUGHT ======
Unhandled Promise: TypeError: Failed to fetch
=============================
====== JS ERROR CAUGHT ======
Unhandled Promise: TypeError: Failed to fetch
=============================
====== JS ERROR CAUGHT ======
Unhandled Promise: TypeError: Failed to fetch
=============================
====== JS ERROR CAUGHT ======
Unhandled Promise: TypeError: Failed to fetch
=============================
====== JS ERROR CAUGHT ======
Unhandled Promise: TypeError: Failed to fetch
=============================
====== JS ERROR CAUGHT ======
Unhandled Promise: TypeError: Failed to fetch
=============================
====== JS ERROR CAUGHT ======
Unhandled Promise: TypeError: Failed to fetch
=============================
====== JS ERROR CAUGHT ======
Unhandled Promise: TypeError: Failed to fetch
=============================
====== JS ERROR CAUGHT ======
Unhandled Promise: TypeError: Failed to fetch
=============================
====== JS ERROR CAUGHT ======
Unhandled Promise: TypeError: Failed to fetch
=============================
====== JS ERROR CAUGHT ======
Unhandled Promise: TypeError: Failed to fetch
=============================
====== JS ERROR CAUGHT ======
Unhandled Promise: TypeError: Failed to fetch
=============================
====== JS ERROR CAUGHT ======
Unhandled Promise: TypeError: Failed to fetch
=============================
====== JS ERROR CAUGHT ======
Unhandled Promise: TypeError: Failed to fetch
=============================
====== JS ERROR CAUGHT ======
Unhandled Promise: TypeError: Failed to fetch
=============================
====== JS ERROR CAUGHT ======
Unhandled Promise: TypeError: Failed to fetch
=============================
====== JS ERROR CAUGHT ======
Unhandled Promise: TypeError: Failed to fetch
=============================
====== JS ERROR CAUGHT ======
Unhandled Promise: TypeError: Failed to fetch
=============================
====== JS ERROR CAUGHT ======
Unhandled Promise: TypeError: Failed to fetch
=============================
====== JS ERROR CAUGHT ======
Unhandled Promise: TypeError: Failed to fetch
=============================
====== JS ERROR CAUGHT ======
Unhandled Promise: TypeError: Failed to fetch
=============================
====== JS ERROR CAUGHT ======
Unhandled Promise: TypeError: Failed to fetch
=============================
====== JS ERROR CAUGHT ======
Unhandled Promise: TypeError: Failed to fetch
=============================
====== JS ERROR CAUGHT ======
Unhandled Promise: TypeError: Failed to fetch
=============================
====== JS ERROR CAUGHT ======
Unhandled Promise: TypeError: Failed to fetch
=============================
====== JS ERROR CAUGHT ======
Unhandled Promise: TypeError: Failed to fetch
=============================
====== JS ERROR CAUGHT ======
Unhandled Promise: TypeError: Failed to fetch
=============================
====== JS ERROR CAUGHT ======
Unhandled Promise: TypeError: Failed to fetch
=============================
====== JS ERROR CAUGHT ======
Unhandled Promise: TypeError: Failed to fetch
=============================
====== JS ERROR CAUGHT ======
Unhandled Promise: TypeError: Failed to fetch
=============================
====== JS ERROR CAUGHT ======
Unhandled Promise: TypeError: Failed to fetch
=============================
====== JS ERROR CAUGHT ======
Unhandled Promise: TypeError: Failed to fetch
=============================
====== JS ERROR CAUGHT ======
Unhandled Promise: TypeError: Failed to fetch
=============================
====== JS ERROR CAUGHT ======
Unhandled Promise: TypeError: Failed to fetch
=============================
====== JS ERROR CAUGHT ======
Unhandled Promise: TypeError: Failed to fetch
=============================
====== JS ERROR CAUGHT ======
Unhandled Promise: TypeError: Failed to fetch
=============================
====== JS ERROR CAUGHT ======
Unhandled Promise: TypeError: Failed to fetch
=============================
====== JS ERROR CAUGHT ======
Unhandled Promise: TypeError: Failed to fetch
=============================
====== JS ERROR CAUGHT ======
Unhandled Promise: TypeError: Failed to fetch
=============================
====== JS ERROR CAUGHT ======
Unhandled Promise: TypeError: Failed to fetch
=============================
====== JS ERROR CAUGHT ======
Unhandled Promise: TypeError: Failed to fetch
=============================
====== JS ERROR CAUGHT ======
Unhandled Promise: TypeError: Failed to fetch
=============================
====== JS ERROR CAUGHT ======
Unhandled Promise: TypeError: Failed to fetch
=============================
====== JS ERROR CAUGHT ======
Unhandled Promise: TypeError: Failed to fetch
=============================
====== JS ERROR CAUGHT ======
Unhandled Promise: TypeError: Failed to fetch
=============================
====== JS ERROR CAUGHT ======
Unhandled Promise: TypeError: Failed to fetch
=============================
====== JS ERROR CAUGHT ======
Unhandled Promise: TypeError: Failed to fetch
=============================
====== JS ERROR CAUGHT ======
Unhandled Promise: TypeError: Failed to fetch
=============================
====== JS ERROR CAUGHT ======
Unhandled Promise: TypeError: Failed to fetch
=============================
====== JS ERROR CAUGHT ======
Unhandled Promise: TypeError: Failed to fetch
=============================
====== JS ERROR CAUGHT ======
Unhandled Promise: TypeError: Failed to fetch
=============================
====== JS ERROR CAUGHT ======
Unhandled Promise: TypeError: Failed to fetch
=============================
====== JS ERROR CAUGHT ======
Unhandled Promise: TypeError: Failed to fetch
=============================
====== JS ERROR CAUGHT ======
Unhandled Promise: TypeError: Failed to fetch
=============================
====== JS ERROR CAUGHT ======
Unhandled Promise: TypeError: Failed to fetch
=============================
====== JS ERROR CAUGHT ======
Unhandled Promise: TypeError: Failed to fetch
=============================
====== JS ERROR CAUGHT ======
Unhandled Promise: TypeError: Failed to fetch
=============================
====== JS ERROR CAUGHT ======
Unhandled Promise: TypeError: Failed to fetch
=============================
====== JS ERROR CAUGHT ======
Unhandled Promise: TypeError: Failed to fetch
=============================
====== JS ERROR CAUGHT ======
Unhandled Promise: TypeError: Failed to fetch
=============================
====== JS ERROR CAUGHT ======
Unhandled Promise: TypeError: Failed to fetch
=============================
====== JS ERROR CAUGHT ======
Unhandled Promise: TypeError: Failed to fetch
=============================
====== JS ERROR CAUGHT ======
Unhandled Promise: TypeError: Failed to fetch
=============================
====== JS ERROR CAUGHT ======
Unhandled Promise: TypeError: Failed to fetch
=============================
====== JS ERROR CAUGHT ======
Unhandled Promise: TypeError: Failed to fetch
=============================
====== JS ERROR CAUGHT ======
Unhandled Promise: TypeError: Failed to fetch
=============================
====== JS ERROR CAUGHT ======
Unhandled Promise: TypeError: Failed to fetch
=============================
====== JS ERROR CAUGHT ======
Unhandled Promise: TypeError: Failed to fetch
=============================
====== JS ERROR CAUGHT ======
Unhandled Promise: TypeError: Failed to fetch
=============================
====== JS ERROR CAUGHT ======
Unhandled Promise: TypeError: Failed to fetch
=============================
====== JS ERROR CAUGHT ======
Unhandled Promise: TypeError: Failed to fetch
=============================
====== JS ERROR CAUGHT ======
Unhandled Promise: TypeError: Failed to fetch
=============================
====== JS ERROR CAUGHT ======
Unhandled Promise: TypeError: Failed to fetch
=============================
====== JS ERROR CAUGHT ======
Unhandled Promise: TypeError: Failed to fetch
=============================
====== JS ERROR CAUGHT ======
Unhandled Promise: TypeError: Failed to fetch
=============================
====== JS ERROR CAUGHT ======
Unhandled Promise: TypeError: Failed to fetch
=============================
====== JS ERROR CAUGHT ======
Unhandled Promise: TypeError: Failed to fetch
=============================
====== JS ERROR CAUGHT ======
Unhandled Promise: TypeError: Failed to fetch
=============================
====== JS ERROR CAUGHT ======
Unhandled Promise: TypeError: Failed to fetch
=============================
====== JS ERROR CAUGHT ======
Unhandled Promise: TypeError: Failed to fetch
=============================
====== JS ERROR CAUGHT ======
Unhandled Promise: TypeError: Failed to fetch
=============================
====== JS ERROR CAUGHT ======
Unhandled Promise: TypeError: Failed to fetch
=============================
====== JS ERROR CAUGHT ======
Unhandled Promise: TypeError: Failed to fetch
=============================
====== JS ERROR CAUGHT ======
Unhandled Promise: TypeError: Failed to fetch
=============================
====== JS ERROR CAUGHT ======
Unhandled Promise: TypeError: Failed to fetch
=============================
====== JS ERROR CAUGHT ======
Unhandled Promise: TypeError: Failed to fetch
=============================
====== JS ERROR CAUGHT ======
Unhandled Promise: TypeError: Failed to fetch
=============================
====== JS ERROR CAUGHT ======
Unhandled Promise: TypeError: Failed to fetch
=============================
====== JS ERROR CAUGHT ======
Unhandled Promise: TypeError: Failed to fetch
=============================
====== JS ERROR CAUGHT ======
Unhandled Promise: TypeError: Failed to fetch
=============================
====== JS ERROR CAUGHT ======
Unhandled Promise: TypeError: Failed to fetch
=============================
====== JS ERROR CAUGHT ======
Unhandled Promise: TypeError: Failed to fetch
=============================
====== JS ERROR CAUGHT ======
Unhandled Promise: TypeError: Failed to fetch
=============================
====== JS ERROR CAUGHT ======
Unhandled Promise: TypeError: Failed to fetch
=============================
====== JS ERROR CAUGHT ======
Unhandled Promise: TypeError: Failed to fetch
=============================
====== JS ERROR CAUGHT ======
Unhandled Promise: TypeError: Failed to fetch
=============================
====== JS ERROR CAUGHT ======
Unhandled Promise: TypeError: Failed to fetch
=============================
====== JS ERROR CAUGHT ======
Unhandled Promise: TypeError: Failed to fetch
=============================
====== JS ERROR CAUGHT ======
Unhandled Promise: TypeError: Failed to fetch
=============================
====== JS ERROR CAUGHT ======
Unhandled Promise: TypeError: Failed to fetch
=============================
====== JS ERROR CAUGHT ======
Unhandled Promise: TypeError: Failed to fetch
=============================
====== JS ERROR CAUGHT ======
Unhandled Promise: TypeError: Failed to fetch
=============================
====== JS ERROR CAUGHT ======
Unhandled Promise: TypeError: Failed to fetch
=============================
====== JS ERROR CAUGHT ======
Unhandled Promise: TypeError: Failed to fetch
=============================
====== JS ERROR CAUGHT ======
Unhandled Promise: TypeError: Failed to fetch
=============================
====== JS ERROR CAUGHT ======
Unhandled Promise: TypeError: Failed to fetch
=============================
====== JS ERROR CAUGHT ======
Unhandled Promise: TypeError: Failed to fetch
=============================
====== JS ERROR CAUGHT ======
Unhandled Promise: TypeError: Failed to fetch
=============================
====== JS ERROR CAUGHT ======
Unhandled Promise: TypeError: Failed to fetch
=============================
====== JS ERROR CAUGHT ======
Unhandled Promise: TypeError: Failed to fetch
=============================
====== JS ERROR CAUGHT ======
Unhandled Promise: TypeError: Failed to fetch
=============================
====== JS ERROR CAUGHT ======
Unhandled Promise: TypeError: Failed to fetch
=============================
====== JS ERROR CAUGHT ======
Unhandled Promise: TypeError: Failed to fetch
=============================
====== JS ERROR CAUGHT ======
Unhandled Promise: TypeError: Failed to fetch
=============================
====== JS ERROR CAUGHT ======
Unhandled Promise: TypeError: Failed to fetch
=============================
====== JS ERROR CAUGHT ======
Unhandled Promise: TypeError: Failed to fetch
=============================
====== JS ERROR CAUGHT ======
Unhandled Promise: TypeError: Failed to fetch
=============================
====== JS ERROR CAUGHT ======
Unhandled Promise: TypeError: Failed to fetch
=============================
====== JS ERROR CAUGHT ======
Unhandled Promise: TypeError: Failed to fetch
=============================
====== JS ERROR CAUGHT ======
Unhandled Promise: TypeError: Failed to fetch
=============================
====== JS ERROR CAUGHT ======
Unhandled Promise: TypeError: Failed to fetch
=============================
====== JS ERROR CAUGHT ======
Unhandled Promise: TypeError: Failed to fetch
=============================
====== JS ERROR CAUGHT ======
Unhandled Promise: TypeError: Failed to fetch
=============================
====== JS ERROR CAUGHT ======
Unhandled Promise: TypeError: Failed to fetch
=============================
====== JS ERROR CAUGHT ======
Unhandled Promise: TypeError: Failed to fetch
=============================
====== JS ERROR CAUGHT ======
Unhandled Promise: TypeError: Failed to fetch
=============================
====== JS ERROR CAUGHT ======
Unhandled Promise: TypeError: Failed to fetch
=============================
====== JS ERROR CAUGHT ======
Unhandled Promise: TypeError: Failed to fetch
=============================
====== JS ERROR CAUGHT ======
Unhandled Promise: TypeError: Failed to fetch
=============================
====== JS ERROR CAUGHT ======
Unhandled Promise: TypeError: Failed to fetch
=============================
====== JS ERROR CAUGHT ======
Unhandled Promise: TypeError: Failed to fetch
=============================
====== JS ERROR CAUGHT ======
Unhandled Promise: TypeError: Failed to fetch
=============================
====== JS ERROR CAUGHT ======
Unhandled Promise: TypeError: Failed to fetch
=============================
====== JS ERROR CAUGHT ======
Unhandled Promise: TypeError: Failed to fetch
=============================
====== JS ERROR CAUGHT ======
Unhandled Promise: TypeError: Failed to fetch
=============================
====== JS ERROR CAUGHT ======
Unhandled Promise: TypeError: Failed to fetch
=============================
====== JS ERROR CAUGHT ======
Unhandled Promise: TypeError: Failed to fetch
=============================
====== JS ERROR CAUGHT ======
Unhandled Promise: TypeError: Failed to fetch
=============================
====== JS ERROR CAUGHT ======
Unhandled Promise: TypeError: Failed to fetch
=============================
====== JS ERROR CAUGHT ======
Unhandled Promise: TypeError: Failed to fetch
=============================
====== JS ERROR CAUGHT ======
Unhandled Promise: TypeError: Failed to fetch
=============================
====== JS ERROR CAUGHT ======
Unhandled Promise: TypeError: Failed to fetch
=============================
====== JS ERROR CAUGHT ======
Unhandled Promise: TypeError: Failed to fetch
=============================
====== JS ERROR CAUGHT ======
Unhandled Promise: TypeError: Failed to fetch
=============================
====== JS ERROR CAUGHT ======
Unhandled Promise: TypeError: Failed to fetch
=============================
====== JS ERROR CAUGHT ======
Unhandled Promise: TypeError: Failed to fetch
=============================
====== JS ERROR CAUGHT ======
Unhandled Promise: TypeError: Failed to fetch
=============================
====== JS ERROR CAUGHT ======
Unhandled Promise: TypeError: Failed to fetch
=============================
====== JS ERROR CAUGHT ======
Unhandled Promise: TypeError: Failed to fetch
=============================
====== JS ERROR CAUGHT ======
Unhandled Promise: TypeError: Failed to fetch
=============================
====== JS ERROR CAUGHT ======
Unhandled Promise: TypeError: Failed to fetch
=============================
====== JS ERROR CAUGHT ======
Unhandled Promise: TypeError: Failed to fetch
=============================
====== JS ERROR CAUGHT ======
Unhandled Promise: TypeError: Failed to fetch
=============================
====== JS ERROR CAUGHT ======
Unhandled Promise: TypeError: Failed to fetch
=============================
====== JS ERROR CAUGHT ======
Unhandled Promise: TypeError: Failed to fetch
=============================
====== JS ERROR CAUGHT ======
Unhandled Promise: TypeError: Failed to fetch
=============================
====== JS ERROR CAUGHT ======
Unhandled Promise: TypeError: Failed to fetch
=============================
====== JS ERROR CAUGHT ======
Unhandled Promise: TypeError: Failed to fetch
=============================
====== JS ERROR CAUGHT ======
Unhandled Promise: TypeError: Failed to fetch
=============================
====== JS ERROR CAUGHT ======
Unhandled Promise: TypeError: Failed to fetch
=============================
====== JS ERROR CAUGHT ======
Unhandled Promise: TypeError: Failed to fetch
=============================
====== JS ERROR CAUGHT ======
Unhandled Promise: TypeError: Failed to fetch
=============================
====== JS ERROR CAUGHT ======
Unhandled Promise: TypeError: Failed to fetch
=============================
====== JS ERROR CAUGHT ======
Unhandled Promise: TypeError: Failed to fetch
=============================
====== JS ERROR CAUGHT ======
Unhandled Promise: TypeError: Failed to fetch
=============================
====== JS ERROR CAUGHT ======
Unhandled Promise: TypeError: Failed to fetch
=============================
====== JS ERROR CAUGHT ======
Unhandled Promise: TypeError: Failed to fetch
=============================
====== JS ERROR CAUGHT ======
Unhandled Promise: TypeError: Failed to fetch
=============================
====== JS ERROR CAUGHT ======
Unhandled Promise: TypeError: Failed to fetch
=============================
====== JS ERROR CAUGHT ======
Unhandled Promise: TypeError: Failed to fetch
=============================
====== JS ERROR CAUGHT ======
Unhandled Promise: TypeError: Failed to fetch
=============================
====== JS ERROR CAUGHT ======
Unhandled Promise: TypeError: Failed to fetch
=============================
====== JS ERROR CAUGHT ======
Unhandled Promise: TypeError: Failed to fetch
=============================
====== JS ERROR CAUGHT ======
Unhandled Promise: TypeError: Failed to fetch
=============================
====== JS ERROR CAUGHT ======
Unhandled Promise: TypeError: Failed to fetch
=============================
====== JS ERROR CAUGHT ======
Unhandled Promise: TypeError: Failed to fetch
=============================
====== JS ERROR CAUGHT ======
Unhandled Promise: TypeError: Failed to fetch
=============================
====== JS ERROR CAUGHT ======
Unhandled Promise: TypeError: Failed to fetch
=============================
====== JS ERROR CAUGHT ======
Unhandled Promise: TypeError: Failed to fetch
=============================
====== JS ERROR CAUGHT ======
Unhandled Promise: TypeError: Failed to fetch
=============================
====== JS ERROR CAUGHT ======
Unhandled Promise: TypeError: Failed to fetch
=============================
====== JS ERROR CAUGHT ======
Unhandled Promise: TypeError: Failed to fetch
=============================
====== JS ERROR CAUGHT ======
Unhandled Promise: TypeError: Failed to fetch
=============================
====== JS ERROR CAUGHT ======
Unhandled Promise: TypeError: Failed to fetch
=============================
====== JS ERROR CAUGHT ======
Unhandled Promise: TypeError: Failed to fetch
=============================
====== JS ERROR CAUGHT ======
Unhandled Promise: TypeError: Failed to fetch
=============================
====== JS ERROR CAUGHT ======
Unhandled Promise: TypeError: Failed to fetch
=============================
====== JS ERROR CAUGHT ======
Unhandled Promise: TypeError: Failed to fetch
=============================
====== JS ERROR CAUGHT ======
Unhandled Promise: TypeError: Failed to fetch
=============================
====== JS ERROR CAUGHT ======
Unhandled Promise: TypeError: Failed to fetch
=============================
====== JS ERROR CAUGHT ======
Unhandled Promise: TypeError: Failed to fetch
=============================
====== JS ERROR CAUGHT ======
Unhandled Promise: TypeError: Failed to fetch
=============================
====== JS ERROR CAUGHT ======
Unhandled Promise: TypeError: Failed to fetch
=============================
====== JS ERROR CAUGHT ======
Unhandled Promise: TypeError: Failed to fetch
=============================
====== JS ERROR CAUGHT ======
Unhandled Promise: TypeError: Failed to fetch
=============================
====== JS ERROR CAUGHT ======
Unhandled Promise: TypeError: Failed to fetch
=============================
====== JS ERROR CAUGHT ======
Unhandled Promise: TypeError: Failed to fetch
=============================
====== JS ERROR CAUGHT ======
Unhandled Promise: TypeError: Failed to fetch
=============================
====== JS ERROR CAUGHT ======
Unhandled Promise: TypeError: Failed to fetch
=============================
====== JS ERROR CAUGHT ======
Unhandled Promise: TypeError: Failed to fetch
=============================
====== JS ERROR CAUGHT ======
Unhandled Promise: TypeError: Failed to fetch
=============================
====== JS ERROR CAUGHT ======
Unhandled Promise: TypeError: Failed to fetch
=============================
====== JS ERROR CAUGHT ======
Unhandled Promise: TypeError: Failed to fetch
=============================
====== JS ERROR CAUGHT ======
Unhandled Promise: TypeError: Failed to fetch
=============================
====== JS ERROR CAUGHT ======
Unhandled Promise: TypeError: Failed to fetch
=============================
====== JS ERROR CAUGHT ======
Unhandled Promise: TypeError: Failed to fetch
=============================
====== JS ERROR CAUGHT ======
Unhandled Promise: TypeError: Failed to fetch
=============================
====== JS ERROR CAUGHT ======
Unhandled Promise: TypeError: Failed to fetch
=============================
====== JS ERROR CAUGHT ======
Unhandled Promise: TypeError: Failed to fetch
=============================
====== JS ERROR CAUGHT ======
Unhandled Promise: TypeError: Failed to fetch
=============================
====== JS ERROR CAUGHT ======
Unhandled Promise: TypeError: Failed to fetch
=============================
====== JS ERROR CAUGHT ======
Unhandled Promise: TypeError: Failed to fetch
=============================
====== JS ERROR CAUGHT ======
Unhandled Promise: TypeError: Failed to fetch
=============================
====== JS ERROR CAUGHT ======
Unhandled Promise: TypeError: Failed to fetch
=============================
====== JS ERROR CAUGHT ======
Unhandled Promise: TypeError: Failed to fetch
=============================
====== JS ERROR CAUGHT ======
Unhandled Promise: TypeError: Failed to fetch
=============================
====== JS ERROR CAUGHT ======
Unhandled Promise: TypeError: Failed to fetch
=============================
====== JS ERROR CAUGHT ======
Unhandled Promise: TypeError: Failed to fetch
=============================
====== JS ERROR CAUGHT ======
Unhandled Promise: TypeError: Failed to fetch
=============================
====== JS ERROR CAUGHT ======
Unhandled Promise: TypeError: Failed to fetch
=============================
====== JS ERROR CAUGHT ======
Unhandled Promise: TypeError: Failed to fetch
=============================
====== JS ERROR CAUGHT ======
Unhandled Promise: TypeError: Failed to fetch
=============================
====== JS ERROR CAUGHT ======
Unhandled Promise: TypeError: Failed to fetch
=============================
====== JS ERROR CAUGHT ======
Unhandled Promise: TypeError: Failed to fetch
=============================
====== JS ERROR CAUGHT ======
Unhandled Promise: TypeError: Failed to fetch
=============================
====== JS ERROR CAUGHT ======
Unhandled Promise: TypeError: Failed to fetch
=============================
====== JS ERROR CAUGHT ======
Unhandled Promise: TypeError: Failed to fetch
=============================
====== JS ERROR CAUGHT ======
Unhandled Promise: TypeError: Failed to fetch
=============================
====== JS ERROR CAUGHT ======
Unhandled Promise: TypeError: Failed to fetch
=============================
====== JS ERROR CAUGHT ======
Unhandled Promise: TypeError: Failed to fetch
=============================
====== JS ERROR CAUGHT ======
Unhandled Promise: TypeError: Failed to fetch
=============================
====== JS ERROR CAUGHT ======
Unhandled Promise: TypeError: Failed to fetch
=============================
====== JS ERROR CAUGHT ======
Unhandled Promise: TypeError: Failed to fetch
=============================
====== JS ERROR CAUGHT ======
Unhandled Promise: TypeError: Failed to fetch
=============================
====== JS ERROR CAUGHT ======
Unhandled Promise: TypeError: Failed to fetch
=============================
====== JS ERROR CAUGHT ======
Unhandled Promise: TypeError: Failed to fetch
=============================
====== JS ERROR CAUGHT ======
Unhandled Promise: TypeError: Failed to fetch
=============================
====== JS ERROR CAUGHT ======
Unhandled Promise: TypeError: Failed to fetch
=============================
====== JS ERROR CAUGHT ======
Unhandled Promise: TypeError: Failed to fetch
=============================
====== JS ERROR CAUGHT ======
Unhandled Promise: TypeError: Failed to fetch
=============================
====== JS ERROR CAUGHT ======
Unhandled Promise: TypeError: Failed to fetch
=============================
====== JS ERROR CAUGHT ======
Unhandled Promise: TypeError: Failed to fetch
=============================
====== JS ERROR CAUGHT ======
Unhandled Promise: TypeError: Failed to fetch
=============================
====== JS ERROR CAUGHT ======
Unhandled Promise: TypeError: Failed to fetch
=============================
====== JS ERROR CAUGHT ======
Unhandled Promise: TypeError: Failed to fetch
=============================
====== JS ERROR CAUGHT ======
Unhandled Promise: TypeError: Failed to fetch
=============================
====== JS ERROR CAUGHT ======
Unhandled Promise: TypeError: Failed to fetch
=============================
====== JS ERROR CAUGHT ======
Unhandled Promise: TypeError: Failed to fetch
=============================
====== JS ERROR CAUGHT ======
Unhandled Promise: TypeError: Failed to fetch
=============================
====== JS ERROR CAUGHT ======
Unhandled Promise: TypeError: Failed to fetch
=============================
====== JS ERROR CAUGHT ======
Unhandled Promise: TypeError: Failed to fetch
=============================
====== JS ERROR CAUGHT ======
Unhandled Promise: TypeError: Failed to fetch
=============================
====== JS ERROR CAUGHT ======
Unhandled Promise: TypeError: Failed to fetch
=============================
====== JS ERROR CAUGHT ======
Unhandled Promise: TypeError: Failed to fetch
=============================
====== JS ERROR CAUGHT ======
Unhandled Promise: TypeError: Failed to fetch
=============================
====== JS ERROR CAUGHT ======
Unhandled Promise: TypeError: Failed to fetch
=============================
====== JS ERROR CAUGHT ======
Unhandled Promise: TypeError: Failed to fetch
=============================
====== JS ERROR CAUGHT ======
Unhandled Promise: TypeError: Failed to fetch
=============================
====== JS ERROR CAUGHT ======
Unhandled Promise: TypeError: Failed to fetch
=============================
====== JS ERROR CAUGHT ======
Unhandled Promise: TypeError: Failed to fetch
=============================
====== JS ERROR CAUGHT ======
Unhandled Promise: TypeError: Failed to fetch
=============================
====== JS ERROR CAUGHT ======
Unhandled Promise: TypeError: Failed to fetch
=============================
====== JS ERROR CAUGHT ======
Unhandled Promise: TypeError: Failed to fetch
=============================
====== JS ERROR CAUGHT ======
Unhandled Promise: TypeError: Failed to fetch
=============================
====== JS ERROR CAUGHT ======
Unhandled Promise: TypeError: Failed to fetch
=============================
====== JS ERROR CAUGHT ======
Unhandled Promise: TypeError: Failed to fetch
=============================
====== JS ERROR CAUGHT ======
Unhandled Promise: TypeError: Failed to fetch
=============================
====== JS ERROR CAUGHT ======
Unhandled Promise: TypeError: Failed to fetch
=============================
====== JS ERROR CAUGHT ======
Unhandled Promise: TypeError: Failed to fetch
=============================
====== JS ERROR CAUGHT ======
Unhandled Promise: TypeError: Failed to fetch
=============================
====== JS ERROR CAUGHT ======
Unhandled Promise: TypeError: Failed to fetch
=============================
====== JS ERROR CAUGHT ======
Unhandled Promise: TypeError: Failed to fetch
=============================
====== JS ERROR CAUGHT ======
Unhandled Promise: TypeError: Failed to fetch
=============================
====== JS ERROR CAUGHT ======
Unhandled Promise: TypeError: Failed to fetch
=============================
====== JS ERROR CAUGHT ======
Unhandled Promise: TypeError: Failed to fetch
=============================
====== JS ERROR CAUGHT ======
Unhandled Promise: TypeError: Failed to fetch
=============================
====== JS ERROR CAUGHT ======
Unhandled Promise: TypeError: Failed to fetch
=============================
====== JS ERROR CAUGHT ======
Unhandled Promise: TypeError: Failed to fetch
=============================
====== JS ERROR CAUGHT ======
Unhandled Promise: TypeError: Failed to fetch
=============================
====== JS ERROR CAUGHT ======
Unhandled Promise: TypeError: Failed to fetch
=============================
====== JS ERROR CAUGHT ======
Unhandled Promise: TypeError: Failed to fetch
=============================
====== JS ERROR CAUGHT ======
Unhandled Promise: TypeError: Failed to fetch
=============================
====== JS ERROR CAUGHT ======
Unhandled Promise: TypeError: Failed to fetch
=============================
====== JS ERROR CAUGHT ======
Unhandled Promise: TypeError: Failed to fetch
=============================
====== JS ERROR CAUGHT ======
Unhandled Promise: TypeError: Failed to fetch
=============================
====== JS ERROR CAUGHT ======
Unhandled Promise: TypeError: Failed to fetch
=============================
====== JS ERROR CAUGHT ======
Unhandled Promise: TypeError: Failed to fetch
=============================
====== JS ERROR CAUGHT ======
Unhandled Promise: TypeError: Failed to fetch
=============================
====== JS ERROR CAUGHT ======
Unhandled Promise: TypeError: Failed to fetch
=============================
====== JS ERROR CAUGHT ======
Unhandled Promise: TypeError: Failed to fetch
=============================
====== JS ERROR CAUGHT ======
Unhandled Promise: TypeError: Failed to fetch
=============================
====== JS ERROR CAUGHT ======
Unhandled Promise: TypeError: Failed to fetch
=============================
====== JS ERROR CAUGHT ======
Unhandled Promise: TypeError: Failed to fetch
=============================
====== JS ERROR CAUGHT ======
Unhandled Promise: TypeError: Failed to fetch
=============================
====== JS ERROR CAUGHT ======
Unhandled Promise: TypeError: Failed to fetch
=============================
====== JS ERROR CAUGHT ======
Unhandled Promise: TypeError: Failed to fetch
=============================
====== JS ERROR CAUGHT ======
Unhandled Promise: TypeError: Failed to fetch
=============================
====== JS ERROR CAUGHT ======
Unhandled Promise: TypeError: Failed to fetch
=============================
====== JS ERROR CAUGHT ======
Unhandled Promise: TypeError: Failed to fetch
=============================
====== JS ERROR CAUGHT ======
Unhandled Promise: TypeError: Failed to fetch
=============================
====== JS ERROR CAUGHT ======
Unhandled Promise: TypeError: Failed to fetch
=============================
====== JS ERROR CAUGHT ======
Unhandled Promise: TypeError: Failed to fetch
=============================
====== JS ERROR CAUGHT ======
Unhandled Promise: TypeError: Failed to fetch
=============================
====== JS ERROR CAUGHT ======
Unhandled Promise: TypeError: Failed to fetch
=============================
====== JS ERROR CAUGHT ======
Unhandled Promise: TypeError: Failed to fetch
=============================
====== JS ERROR CAUGHT ======
Unhandled Promise: TypeError: Failed to fetch
=============================
====== JS ERROR CAUGHT ======
Unhandled Promise: TypeError: Failed to fetch
=============================
====== JS ERROR CAUGHT ======
Unhandled Promise: TypeError: Failed to fetch
=============================
====== JS ERROR CAUGHT ======
Unhandled Promise: TypeError: Failed to fetch
=============================
====== JS ERROR CAUGHT ======
Unhandled Promise: TypeError: Failed to fetch
=============================
====== JS ERROR CAUGHT ======
Unhandled Promise: TypeError: Failed to fetch
=============================
====== JS ERROR CAUGHT ======
Unhandled Promise: TypeError: Failed to fetch
=============================
====== JS ERROR CAUGHT ======
Unhandled Promise: TypeError: Failed to fetch
=============================
====== JS ERROR CAUGHT ======
Unhandled Promise: TypeError: Failed to fetch
=============================
====== JS ERROR CAUGHT ======
Unhandled Promise: TypeError: Failed to fetch
=============================
====== JS ERROR CAUGHT ======
Unhandled Promise: TypeError: Failed to fetch
=============================
====== JS ERROR CAUGHT ======
Unhandled Promise: TypeError: Failed to fetch
=============================
====== JS ERROR CAUGHT ======
Unhandled Promise: TypeError: Failed to fetch
=============================
====== JS ERROR CAUGHT ======
Unhandled Promise: TypeError: Failed to fetch
=============================
====== JS ERROR CAUGHT ======
Unhandled Promise: TypeError: Failed to fetch
=============================
====== JS ERROR CAUGHT ======
Unhandled Promise: TypeError: Failed to fetch
=============================
====== JS ERROR CAUGHT ======
Unhandled Promise: TypeError: Failed to fetch
=============================
====== JS ERROR CAUGHT ======
Unhandled Promise: TypeError: Failed to fetch
=============================
====== JS ERROR CAUGHT ======
Unhandled Promise: TypeError: Failed to fetch
=============================
====== JS ERROR CAUGHT ======
Unhandled Promise: TypeError: Failed to fetch
=============================
====== JS ERROR CAUGHT ======
Unhandled Promise: TypeError: Failed to fetch
=============================
====== JS ERROR CAUGHT ======
Unhandled Promise: TypeError: Failed to fetch
=============================
====== JS ERROR CAUGHT ======
Unhandled Promise: TypeError: Failed to fetch
=============================
====== JS ERROR CAUGHT ======
Unhandled Promise: TypeError: Failed to fetch
=============================
====== JS ERROR CAUGHT ======
Unhandled Promise: TypeError: Failed to fetch
=============================
====== JS ERROR CAUGHT ======
Unhandled Promise: TypeError: Failed to fetch
=============================
====== JS ERROR CAUGHT ======
Unhandled Promise: TypeError: Failed to fetch
=============================
====== JS ERROR CAUGHT ======
Unhandled Promise: TypeError: Failed to fetch
=============================
====== JS ERROR CAUGHT ======
Unhandled Promise: TypeError: Failed to fetch
=============================
====== JS ERROR CAUGHT ======
Unhandled Promise: TypeError: Failed to fetch
=============================
====== JS ERROR CAUGHT ======
Unhandled Promise: TypeError: Failed to fetch
=============================
====== JS ERROR CAUGHT ======
Unhandled Promise: TypeError: Failed to fetch
=============================
====== JS ERROR CAUGHT ======
Unhandled Promise: TypeError: Failed to fetch
=============================
====== JS ERROR CAUGHT ======
Unhandled Promise: TypeError: Failed to fetch
=============================
====== JS ERROR CAUGHT ======
Unhandled Promise: TypeError: Failed to fetch
=============================
====== JS ERROR CAUGHT ======
Unhandled Promise: TypeError: Failed to fetch
=============================
====== JS ERROR CAUGHT ======
Unhandled Promise: TypeError: Failed to fetch
=============================
====== JS ERROR CAUGHT ======
Unhandled Promise: TypeError: Failed to fetch
=============================
====== JS ERROR CAUGHT ======
Unhandled Promise: TypeError: Failed to fetch
=============================
====== JS ERROR CAUGHT ======
Unhandled Promise: TypeError: Failed to fetch
=============================
====== JS ERROR CAUGHT ======
Unhandled Promise: TypeError: Failed to fetch
=============================
====== JS ERROR CAUGHT ======
Unhandled Promise: TypeError: Failed to fetch
=============================
====== JS ERROR CAUGHT ======
Unhandled Promise: TypeError: Failed to fetch
=============================
====== JS ERROR CAUGHT ======
Unhandled Promise: TypeError: Failed to fetch
=============================
====== JS ERROR CAUGHT ======
Unhandled Promise: TypeError: Failed to fetch
=============================
====== JS ERROR CAUGHT ======
Unhandled Promise: TypeError: Failed to fetch
=============================
====== JS ERROR CAUGHT ======
Unhandled Promise: TypeError: Failed to fetch
=============================
====== JS ERROR CAUGHT ======
Unhandled Promise: TypeError: Failed to fetch
=============================
====== JS ERROR CAUGHT ======
Unhandled Promise: TypeError: Failed to fetch
=============================
====== JS ERROR CAUGHT ======
Unhandled Promise: TypeError: Failed to fetch
=============================
====== JS ERROR CAUGHT ======
Unhandled Promise: TypeError: Failed to fetch
=============================
====== JS ERROR CAUGHT ======
Unhandled Promise: TypeError: Failed to fetch
=============================
====== JS ERROR CAUGHT ======
Unhandled Promise: TypeError: Failed to fetch
=============================
====== JS ERROR CAUGHT ======
Unhandled Promise: TypeError: Failed to fetch
=============================
====== JS ERROR CAUGHT ======
Unhandled Promise: TypeError: Failed to fetch
=============================
====== JS ERROR CAUGHT ======
Unhandled Promise: TypeError: Failed to fetch
=============================
====== JS ERROR CAUGHT ======
Unhandled Promise: TypeError: Failed to fetch
=============================
====== JS ERROR CAUGHT ======
Unhandled Promise: TypeError: Failed to fetch
=============================
====== JS ERROR CAUGHT ======
Unhandled Promise: TypeError: Failed to fetch
=============================
====== JS ERROR CAUGHT ======
Unhandled Promise: TypeError: Failed to fetch
=============================
====== JS ERROR CAUGHT ======
Unhandled Promise: TypeError: Failed to fetch
=============================
====== JS ERROR CAUGHT ======
Unhandled Promise: TypeError: Failed to fetch
=============================
====== JS ERROR CAUGHT ======
Unhandled Promise: TypeError: Failed to fetch
=============================
====== JS ERROR CAUGHT ======
Unhandled Promise: TypeError: Failed to fetch
=============================
====== JS ERROR CAUGHT ======
Unhandled Promise: TypeError: Failed to fetch
=============================
====== JS ERROR CAUGHT ======
Unhandled Promise: TypeError: Failed to fetch
=============================
====== JS ERROR CAUGHT ======
Unhandled Promise: TypeError: Failed to fetch
=============================
====== JS ERROR CAUGHT ======
Unhandled Promise: TypeError: Failed to fetch
=============================
====== JS ERROR CAUGHT ======
Unhandled Promise: TypeError: Failed to fetch
=============================
====== JS ERROR CAUGHT ======
Unhandled Promise: TypeError: Failed to fetch
=============================
====== JS ERROR CAUGHT ======
Unhandled Promise: TypeError: Failed to fetch
=============================
====== JS ERROR CAUGHT ======
Unhandled Promise: TypeError: Failed to fetch
=============================
====== JS ERROR CAUGHT ======
Unhandled Promise: TypeError: Failed to fetch
=============================
====== JS ERROR CAUGHT ======
Unhandled Promise: TypeError: Failed to fetch
=============================
====== JS ERROR CAUGHT ======
Unhandled Promise: TypeError: Failed to fetch
=============================
====== JS ERROR CAUGHT ======
Unhandled Promise: TypeError: Failed to fetch
=============================
====== JS ERROR CAUGHT ======
Unhandled Promise: TypeError: Failed to fetch
=============================
====== JS ERROR CAUGHT ======
Unhandled Promise: TypeError: Failed to fetch
=============================
====== JS ERROR CAUGHT ======
Unhandled Promise: TypeError: Failed to fetch
=============================
====== JS ERROR CAUGHT ======
Unhandled Promise: TypeError: Failed to fetch
=============================
====== JS ERROR CAUGHT ======
Unhandled Promise: TypeError: Failed to fetch
=============================
====== JS ERROR CAUGHT ======
Unhandled Promise: TypeError: Failed to fetch
=============================
====== JS ERROR CAUGHT ======
Unhandled Promise: TypeError: Failed to fetch
=============================
====== JS ERROR CAUGHT ======
Unhandled Promise: TypeError: Failed to fetch
=============================
====== JS ERROR CAUGHT ======
Unhandled Promise: TypeError: Failed to fetch
=============================
====== JS ERROR CAUGHT ======
Unhandled Promise: TypeError: Failed to fetch
=============================
====== JS ERROR CAUGHT ======
Unhandled Promise: TypeError: Failed to fetch
=============================
====== JS ERROR CAUGHT ======
Unhandled Promise: TypeError: Failed to fetch
=============================
====== JS ERROR CAUGHT ======
Unhandled Promise: TypeError: Failed to fetch
=============================
====== JS ERROR CAUGHT ======
Unhandled Promise: TypeError: Failed to fetch
=============================
====== JS ERROR CAUGHT ======
Unhandled Promise: TypeError: Failed to fetch
=============================
====== JS ERROR CAUGHT ======
Unhandled Promise: TypeError: Failed to fetch
=============================
====== JS ERROR CAUGHT ======
Unhandled Promise: TypeError: Failed to fetch
=============================
====== JS ERROR CAUGHT ======
Unhandled Promise: TypeError: Failed to fetch
=============================
====== JS ERROR CAUGHT ======
Unhandled Promise: TypeError: Failed to fetch
=============================
====== JS ERROR CAUGHT ======
Unhandled Promise: TypeError: Failed to fetch
=============================
====== JS ERROR CAUGHT ======
Unhandled Promise: TypeError: Failed to fetch
=============================
====== JS ERROR CAUGHT ======
Unhandled Promise: TypeError: Failed to fetch
=============================
====== JS ERROR CAUGHT ======
Unhandled Promise: TypeError: Failed to fetch
=============================
====== JS ERROR CAUGHT ======
Unhandled Promise: TypeError: Failed to fetch
=============================
====== JS ERROR CAUGHT ======
Unhandled Promise: TypeError: Failed to fetch
=============================
====== JS ERROR CAUGHT ======
Unhandled Promise: TypeError: Failed to fetch
=============================
====== JS ERROR CAUGHT ======
Unhandled Promise: TypeError: Failed to fetch
=============================
====== JS ERROR CAUGHT ======
Unhandled Promise: TypeError: Failed to fetch
=============================
====== JS ERROR CAUGHT ======
Unhandled Promise: TypeError: Failed to fetch
=============================
====== JS ERROR CAUGHT ======
Unhandled Promise: TypeError: Failed to fetch
=============================
====== JS ERROR CAUGHT ======
Unhandled Promise: TypeError: Failed to fetch
=============================
====== JS ERROR CAUGHT ======
Unhandled Promise: TypeError: Failed to fetch
=============================
====== JS ERROR CAUGHT ======
Unhandled Promise: TypeError: Failed to fetch
=============================
====== JS ERROR CAUGHT ======
Unhandled Promise: TypeError: Failed to fetch
=============================
====== JS ERROR CAUGHT ======
Unhandled Promise: TypeError: Failed to fetch
=============================
====== JS ERROR CAUGHT ======
Unhandled Promise: TypeError: Failed to fetch
=============================
====== JS ERROR CAUGHT ======
Unhandled Promise: TypeError: Failed to fetch
=============================
====== JS ERROR CAUGHT ======
Unhandled Promise: TypeError: Failed to fetch
=============================
====== JS ERROR CAUGHT ======
Unhandled Promise: TypeError: Failed to fetch
=============================
====== JS ERROR CAUGHT ======
Unhandled Promise: TypeError: Failed to fetch
=============================
====== JS ERROR CAUGHT ======
Unhandled Promise: TypeError: Failed to fetch
=============================
====== JS ERROR CAUGHT ======
Unhandled Promise: TypeError: Failed to fetch
=============================
====== JS ERROR CAUGHT ======
Unhandled Promise: TypeError: Failed to fetch
=============================
====== JS ERROR CAUGHT ======
Unhandled Promise: TypeError: Failed to fetch
=============================
====== JS ERROR CAUGHT ======
Unhandled Promise: TypeError: Failed to fetch
=============================
====== JS ERROR CAUGHT ======
Unhandled Promise: TypeError: Failed to fetch
=============================
====== JS ERROR CAUGHT ======
Unhandled Promise: TypeError: Failed to fetch
=============================
====== JS ERROR CAUGHT ======
Unhandled Promise: TypeError: Failed to fetch
=============================
====== JS ERROR CAUGHT ======
Unhandled Promise: TypeError: Failed to fetch
=============================
====== JS ERROR CAUGHT ======
Unhandled Promise: TypeError: Failed to fetch
=============================
====== JS ERROR CAUGHT ======
Unhandled Promise: TypeError: Failed to fetch
=============================
====== JS ERROR CAUGHT ======
Unhandled Promise: TypeError: Failed to fetch
=============================
====== JS ERROR CAUGHT ======
Unhandled Promise: TypeError: Failed to fetch
=============================
====== JS ERROR CAUGHT ======
Unhandled Promise: TypeError: Failed to fetch
=============================
====== JS ERROR CAUGHT ======
Unhandled Promise: TypeError: Failed to fetch
=============================
====== JS ERROR CAUGHT ======
Unhandled Promise: TypeError: Failed to fetch
=============================
====== JS ERROR CAUGHT ======
Unhandled Promise: TypeError: Failed to fetch
=============================
====== JS ERROR CAUGHT ======
Unhandled Promise: TypeError: Failed to fetch
=============================
====== JS ERROR CAUGHT ======
Unhandled Promise: TypeError: Failed to fetch
=============================
====== JS ERROR CAUGHT ======
Unhandled Promise: TypeError: Failed to fetch
=============================
====== JS ERROR CAUGHT ======
Unhandled Promise: TypeError: Failed to fetch
=============================
====== JS ERROR CAUGHT ======
Unhandled Promise: TypeError: Failed to fetch
=============================
====== JS ERROR CAUGHT ======
Unhandled Promise: TypeError: Failed to fetch
=============================
====== JS ERROR CAUGHT ======
Unhandled Promise: TypeError: Failed to fetch
=============================
====== JS ERROR CAUGHT ======
Unhandled Promise: TypeError: Failed to fetch
=============================
====== JS ERROR CAUGHT ======
Unhandled Promise: TypeError: Failed to fetch
=============================
====== JS ERROR CAUGHT ======
Unhandled Promise: TypeError: Failed to fetch
=============================
====== JS ERROR CAUGHT ======
Unhandled Promise: TypeError: Failed to fetch
=============================
====== JS ERROR CAUGHT ======
Unhandled Promise: TypeError: Failed to fetch
=============================
====== JS ERROR CAUGHT ======
Unhandled Promise: TypeError: Failed to fetch
=============================
====== JS ERROR CAUGHT ======
Unhandled Promise: TypeError: Failed to fetch
=============================
====== JS ERROR CAUGHT ======
Unhandled Promise: TypeError: Failed to fetch
=============================
====== JS ERROR CAUGHT ======
Unhandled Promise: TypeError: Failed to fetch
=============================
====== JS ERROR CAUGHT ======
Unhandled Promise: TypeError: Failed to fetch
=============================
====== JS ERROR CAUGHT ======
Unhandled Promise: TypeError: Failed to fetch
=============================
====== JS ERROR CAUGHT ======
Unhandled Promise: TypeError: Failed to fetch
=============================
====== JS ERROR CAUGHT ======
Unhandled Promise: TypeError: Failed to fetch
=============================
====== JS ERROR CAUGHT ======
Unhandled Promise: TypeError: Failed to fetch
=============================
====== JS ERROR CAUGHT ======
Unhandled Promise: TypeError: Failed to fetch
=============================
====== JS ERROR CAUGHT ======
Unhandled Promise: TypeError: Failed to fetch
=============================
====== JS ERROR CAUGHT ======
Unhandled Promise: TypeError: Failed to fetch
=============================
====== JS ERROR CAUGHT ======
Unhandled Promise: TypeError: Failed to fetch
=============================
====== JS ERROR CAUGHT ======
Unhandled Promise: TypeError: Failed to fetch
=============================
====== JS ERROR CAUGHT ======
Unhandled Promise: TypeError: Failed to fetch
=============================
====== JS ERROR CAUGHT ======
Unhandled Promise: TypeError: Failed to fetch
=============================
====== JS ERROR CAUGHT ======
Unhandled Promise: TypeError: Failed to fetch
=============================
====== JS ERROR CAUGHT ======
Unhandled Promise: TypeError: Failed to fetch
=============================
====== JS ERROR CAUGHT ======
Unhandled Promise: TypeError: Failed to fetch
=============================
====== JS ERROR CAUGHT ======
Unhandled Promise: TypeError: Failed to fetch
=============================
====== JS ERROR CAUGHT ======
Unhandled Promise: TypeError: Failed to fetch
=============================
====== JS ERROR CAUGHT ======
Unhandled Promise: TypeError: Failed to fetch
=============================
====== JS ERROR CAUGHT ======
Unhandled Promise: TypeError: Failed to fetch
=============================
====== JS ERROR CAUGHT ======
Unhandled Promise: TypeError: Failed to fetch
=============================
====== JS ERROR CAUGHT ======
Unhandled Promise: TypeError: Failed to fetch
=============================
====== JS ERROR CAUGHT ======
Unhandled Promise: TypeError: Failed to fetch
=============================
====== JS ERROR CAUGHT ======
Unhandled Promise: TypeError: Failed to fetch
=============================
====== JS ERROR CAUGHT ======
Unhandled Promise: TypeError: Failed to fetch
=============================
====== JS ERROR CAUGHT ======
Unhandled Promise: TypeError: Failed to fetch
=============================
====== JS ERROR CAUGHT ======
Unhandled Promise: TypeError: Failed to fetch
=============================
====== JS ERROR CAUGHT ======
Unhandled Promise: TypeError: Failed to fetch
=============================
====== JS ERROR CAUGHT ======
Unhandled Promise: TypeError: Failed to fetch
=============================
====== JS ERROR CAUGHT ======
Unhandled Promise: TypeError: Failed to fetch
=============================
====== JS ERROR CAUGHT ======
Unhandled Promise: TypeError: Failed to fetch
=============================
====== JS ERROR CAUGHT ======
Unhandled Promise: TypeError: Failed to fetch
=============================
====== JS ERROR CAUGHT ======
Unhandled Promise: TypeError: Failed to fetch
=============================
====== JS ERROR CAUGHT ======
Unhandled Promise: TypeError: Failed to fetch
=============================
====== JS ERROR CAUGHT ======
Unhandled Promise: TypeError: Failed to fetch
=============================
====== JS ERROR CAUGHT ======
Unhandled Promise: TypeError: Failed to fetch
=============================
====== JS ERROR CAUGHT ======
Unhandled Promise: TypeError: Failed to fetch
=============================
====== JS ERROR CAUGHT ======
Unhandled Promise: TypeError: Failed to fetch
=============================
====== JS ERROR CAUGHT ======
Unhandled Promise: TypeError: Failed to fetch
=============================
====== JS ERROR CAUGHT ======
Unhandled Promise: TypeError: Failed to fetch
=============================
====== JS ERROR CAUGHT ======
Unhandled Promise: TypeError: Failed to fetch
=============================
====== JS ERROR CAUGHT ======
Unhandled Promise: TypeError: Failed to fetch
=============================
====== JS ERROR CAUGHT ======
Unhandled Promise: TypeError: Failed to fetch
=============================
====== JS ERROR CAUGHT ======
Unhandled Promise: TypeError: Failed to fetch
=============================
====== JS ERROR CAUGHT ======
Unhandled Promise: TypeError: Failed to fetch
=============================
====== JS ERROR CAUGHT ======
Unhandled Promise: TypeError: Failed to fetch
=============================
====== JS ERROR CAUGHT ======
Unhandled Promise: TypeError: Failed to fetch
=============================
====== JS ERROR CAUGHT ======
Unhandled Promise: TypeError: Failed to fetch
=============================
====== JS ERROR CAUGHT ======
Unhandled Promise: TypeError: Failed to fetch
=============================
====== JS ERROR CAUGHT ======
Unhandled Promise: TypeError: Failed to fetch
=============================
====== JS ERROR CAUGHT ======
Unhandled Promise: TypeError: Failed to fetch
=============================
====== JS ERROR CAUGHT ======
Unhandled Promise: TypeError: Failed to fetch
=============================
====== JS ERROR CAUGHT ======
Unhandled Promise: TypeError: Failed to fetch
=============================
====== JS ERROR CAUGHT ======
Unhandled Promise: TypeError: Failed to fetch
=============================
====== JS ERROR CAUGHT ======
Unhandled Promise: TypeError: Failed to fetch
=============================
====== JS ERROR CAUGHT ======
Unhandled Promise: TypeError: Failed to fetch
=============================
====== JS ERROR CAUGHT ======
Unhandled Promise: TypeError: Failed to fetch
=============================
====== JS ERROR CAUGHT ======
Unhandled Promise: TypeError: Failed to fetch
=============================
====== JS ERROR CAUGHT ======
Unhandled Promise: TypeError: Failed to fetch
=============================
====== JS ERROR CAUGHT ======
Unhandled Promise: TypeError: Failed to fetch
=============================
====== JS ERROR CAUGHT ======
Unhandled Promise: TypeError: Failed to fetch
=============================
====== JS ERROR CAUGHT ======
Unhandled Promise: TypeError: Failed to fetch
=============================
====== JS ERROR CAUGHT ======
Unhandled Promise: TypeError: Failed to fetch
=============================
====== JS ERROR CAUGHT ======
Unhandled Promise: TypeError: Failed to fetch
=============================
====== JS ERROR CAUGHT ======
Unhandled Promise: TypeError: Failed to fetch
=============================
====== JS ERROR CAUGHT ======
Unhandled Promise: TypeError: Failed to fetch
=============================
====== JS ERROR CAUGHT ======
Unhandled Promise: TypeError: Failed to fetch
=============================
====== JS ERROR CAUGHT ======
Unhandled Promise: TypeError: Failed to fetch
=============================
====== JS ERROR CAUGHT ======
Unhandled Promise: TypeError: Failed to fetch
=============================
====== JS ERROR CAUGHT ======
Unhandled Promise: TypeError: Failed to fetch
=============================
====== JS ERROR CAUGHT ======
Unhandled Promise: TypeError: Failed to fetch
=============================
====== JS ERROR CAUGHT ======
Unhandled Promise: TypeError: Failed to fetch
=============================
====== JS ERROR CAUGHT ======
Unhandled Promise: TypeError: Failed to fetch
=============================
====== JS ERROR CAUGHT ======
Unhandled Promise: TypeError: Failed to fetch
=============================
====== JS ERROR CAUGHT ======
Unhandled Promise: TypeError: Failed to fetch
=============================
====== JS ERROR CAUGHT ======
Unhandled Promise: TypeError: Failed to fetch
=============================
====== JS ERROR CAUGHT ======
Unhandled Promise: TypeError: Failed to fetch
=============================
====== JS ERROR CAUGHT ======
Unhandled Promise: TypeError: Failed to fetch
=============================
====== JS ERROR CAUGHT ======
Unhandled Promise: TypeError: Failed to fetch
=============================
====== JS ERROR CAUGHT ======
Unhandled Promise: TypeError: Failed to fetch
=============================
====== JS ERROR CAUGHT ======
Unhandled Promise: TypeError: Failed to fetch
=============================
====== JS ERROR CAUGHT ======
Unhandled Promise: TypeError: Failed to fetch
=============================
====== JS ERROR CAUGHT ======
Unhandled Promise: TypeError: Failed to fetch
=============================
====== JS ERROR CAUGHT ======
Unhandled Promise: TypeError: Failed to fetch
=============================
====== JS ERROR CAUGHT ======
Unhandled Promise: TypeError: Failed to fetch
=============================
====== JS ERROR CAUGHT ======
Unhandled Promise: TypeError: Failed to fetch
=============================
====== JS ERROR CAUGHT ======
Unhandled Promise: TypeError: Failed to fetch
=============================
====== JS ERROR CAUGHT ======
Unhandled Promise: TypeError: Failed to fetch
=============================
====== JS ERROR CAUGHT ======
Unhandled Promise: TypeError: Failed to fetch
=============================
====== JS ERROR CAUGHT ======
Unhandled Promise: TypeError: Failed to fetch
=============================
====== JS ERROR CAUGHT ======
Unhandled Promise: TypeError: Failed to fetch
=============================
====== JS ERROR CAUGHT ======
Unhandled Promise: TypeError: Failed to fetch
=============================
====== JS ERROR CAUGHT ======
Unhandled Promise: TypeError: Failed to fetch
=============================
====== JS ERROR CAUGHT ======
Unhandled Promise: TypeError: Failed to fetch
=============================
====== JS ERROR CAUGHT ======
Unhandled Promise: TypeError: Failed to fetch
=============================
====== JS ERROR CAUGHT ======
Unhandled Promise: TypeError: Failed to fetch
=============================
====== JS ERROR CAUGHT ======
Unhandled Promise: TypeError: Failed to fetch
=============================
====== JS ERROR CAUGHT ======
Unhandled Promise: TypeError: Failed to fetch
=============================
====== JS ERROR CAUGHT ======
Unhandled Promise: TypeError: Failed to fetch
=============================
====== JS ERROR CAUGHT ======
Unhandled Promise: TypeError: Failed to fetch
=============================
====== JS ERROR CAUGHT ======
Unhandled Promise: TypeError: Failed to fetch
=============================
====== JS ERROR CAUGHT ======
Unhandled Promise: TypeError: Failed to fetch
=============================
====== JS ERROR CAUGHT ======
Unhandled Promise: TypeError: Failed to fetch
=============================
====== JS ERROR CAUGHT ======
Unhandled Promise: TypeError: Failed to fetch
=============================
====== JS ERROR CAUGHT ======
Unhandled Promise: TypeError: Failed to fetch
=============================
====== JS ERROR CAUGHT ======
Unhandled Promise: TypeError: Failed to fetch
=============================
====== JS ERROR CAUGHT ======
Unhandled Promise: TypeError: Failed to fetch
=============================
====== JS ERROR CAUGHT ======
Unhandled Promise: TypeError: Failed to fetch
=============================
====== JS ERROR CAUGHT ======
Unhandled Promise: TypeError: Failed to fetch
=============================
====== JS ERROR CAUGHT ======
Unhandled Promise: TypeError: Failed to fetch
=============================
====== JS ERROR CAUGHT ======
Unhandled Promise: TypeError: Failed to fetch
=============================
====== JS ERROR CAUGHT ======
Unhandled Promise: TypeError: Failed to fetch
=============================
====== JS ERROR CAUGHT ======
Unhandled Promise: TypeError: Failed to fetch
=============================
====== JS ERROR CAUGHT ======
Unhandled Promise: TypeError: Failed to fetch
=============================
====== JS ERROR CAUGHT ======
Unhandled Promise: TypeError: Failed to fetch
=============================
====== JS ERROR CAUGHT ======
Unhandled Promise: TypeError: Failed to fetch
=============================
====== JS ERROR CAUGHT ======
Unhandled Promise: TypeError: Failed to fetch
=============================
====== JS ERROR CAUGHT ======
Unhandled Promise: TypeError: Failed to fetch
=============================
====== JS ERROR CAUGHT ======
Unhandled Promise: TypeError: Failed to fetch
=============================
====== JS ERROR CAUGHT ======
Unhandled Promise: TypeError: Failed to fetch
=============================
====== JS ERROR CAUGHT ======
Unhandled Promise: TypeError: Failed to fetch
=============================
====== JS ERROR CAUGHT ======
Unhandled Promise: TypeError: Failed to fetch
=============================
====== JS ERROR CAUGHT ======
Unhandled Promise: TypeError: Failed to fetch
=============================
====== JS ERROR CAUGHT ======
Unhandled Promise: TypeError: Failed to fetch
=============================
====== JS ERROR CAUGHT ======
Unhandled Promise: TypeError: Failed to fetch
=============================
====== JS ERROR CAUGHT ======
Unhandled Promise: TypeError: Failed to fetch
=============================
====== JS ERROR CAUGHT ======
Unhandled Promise: TypeError: Failed to fetch
=============================
====== JS ERROR CAUGHT ======
Unhandled Promise: TypeError: Failed to fetch
=============================
====== JS ERROR CAUGHT ======
Unhandled Promise: TypeError: Failed to fetch
=============================
====== JS ERROR CAUGHT ======
Unhandled Promise: TypeError: Failed to fetch
=============================
====== JS ERROR CAUGHT ======
Unhandled Promise: TypeError: Failed to fetch
=============================
====== JS ERROR CAUGHT ======
Unhandled Promise: TypeError: Failed to fetch
=============================
====== JS ERROR CAUGHT ======
Unhandled Promise: TypeError: Failed to fetch
=============================
====== JS ERROR CAUGHT ======
Unhandled Promise: TypeError: Failed to fetch
=============================
====== JS ERROR CAUGHT ======
Unhandled Promise: TypeError: Failed to fetch
=============================
====== JS ERROR CAUGHT ======
Unhandled Promise: TypeError: Failed to fetch
=============================
====== JS ERROR CAUGHT ======
Unhandled Promise: TypeError: Failed to fetch
=============================
====== JS ERROR CAUGHT ======
Unhandled Promise: TypeError: Failed to fetch
=============================
====== JS ERROR CAUGHT ======
Unhandled Promise: TypeError: Failed to fetch
=============================
====== JS ERROR CAUGHT ======
Unhandled Promise: TypeError: Failed to fetch
=============================
====== JS ERROR CAUGHT ======
Unhandled Promise: TypeError: Failed to fetch
=============================
====== JS ERROR CAUGHT ======
Unhandled Promise: TypeError: Failed to fetch
=============================
====== JS ERROR CAUGHT ======
Unhandled Promise: TypeError: Failed to fetch
=============================
====== JS ERROR CAUGHT ======
Unhandled Promise: TypeError: Failed to fetch
=============================
====== JS ERROR CAUGHT ======
Unhandled Promise: TypeError: Failed to fetch
=============================
====== JS ERROR CAUGHT ======
Unhandled Promise: TypeError: Failed to fetch
=============================
====== JS ERROR CAUGHT ======
Unhandled Promise: TypeError: Failed to fetch
=============================
====== JS ERROR CAUGHT ======
Unhandled Promise: TypeError: Failed to fetch
=============================
====== JS ERROR CAUGHT ======
Unhandled Promise: TypeError: Failed to fetch
=============================
====== JS ERROR CAUGHT ======
Unhandled Promise: TypeError: Failed to fetch
=============================
====== JS ERROR CAUGHT ======
Unhandled Promise: TypeError: Failed to fetch
=============================
====== JS ERROR CAUGHT ======
Unhandled Promise: TypeError: Failed to fetch
=============================
====== JS ERROR CAUGHT ======
Unhandled Promise: TypeError: Failed to fetch
=============================
====== JS ERROR CAUGHT ======
Unhandled Promise: TypeError: Failed to fetch
=============================
====== JS ERROR CAUGHT ======
Unhandled Promise: TypeError: Failed to fetch
=============================
====== JS ERROR CAUGHT ======
Unhandled Promise: TypeError: Failed to fetch
=============================
====== JS ERROR CAUGHT ======
Unhandled Promise: TypeError: Failed to fetch
=============================
====== JS ERROR CAUGHT ======
Unhandled Promise: TypeError: Failed to fetch
=============================
====== JS ERROR CAUGHT ======
Unhandled Promise: TypeError: Failed to fetch
=============================
====== JS ERROR CAUGHT ======
Unhandled Promise: TypeError: Failed to fetch
=============================
====== JS ERROR CAUGHT ======
Unhandled Promise: TypeError: Failed to fetch
=============================
====== JS ERROR CAUGHT ======
Unhandled Promise: TypeError: Failed to fetch
=============================
====== JS ERROR CAUGHT ======
Unhandled Promise: TypeError: Failed to fetch
=============================
====== JS ERROR CAUGHT ======
Unhandled Promise: TypeError: Failed to fetch
=============================
====== JS ERROR CAUGHT ======
Unhandled Promise: TypeError: Failed to fetch
=============================
====== JS ERROR CAUGHT ======
Unhandled Promise: TypeError: Failed to fetch
=============================
====== JS ERROR CAUGHT ======
Unhandled Promise: TypeError: Failed to fetch
=============================
====== JS ERROR CAUGHT ======
Unhandled Promise: TypeError: Failed to fetch
=============================
====== JS ERROR CAUGHT ======
Unhandled Promise: TypeError: Failed to fetch
=============================
====== JS ERROR CAUGHT ======
Unhandled Promise: TypeError: Failed to fetch
=============================
====== JS ERROR CAUGHT ======
Unhandled Promise: TypeError: Failed to fetch
=============================
====== JS ERROR CAUGHT ======
Unhandled Promise: TypeError: Failed to fetch
=============================
====== JS ERROR CAUGHT ======
Unhandled Promise: TypeError: Failed to fetch
=============================
====== JS ERROR CAUGHT ======
Unhandled Promise: TypeError: Failed to fetch
=============================
====== JS ERROR CAUGHT ======
Unhandled Promise: TypeError: Failed to fetch
=============================
====== JS ERROR CAUGHT ======
Unhandled Promise: TypeError: Failed to fetch
=============================
====== JS ERROR CAUGHT ======
Unhandled Promise: TypeError: Failed to fetch
=============================
====== JS ERROR CAUGHT ======
Unhandled Promise: TypeError: Failed to fetch
=============================
====== JS ERROR CAUGHT ======
Unhandled Promise: TypeError: Failed to fetch
=============================
====== JS ERROR CAUGHT ======
Unhandled Promise: TypeError: Failed to fetch
=============================
====== JS ERROR CAUGHT ======
Unhandled Promise: TypeError: Failed to fetch
=============================
====== JS ERROR CAUGHT ======
Unhandled Promise: TypeError: Failed to fetch
=============================
====== JS ERROR CAUGHT ======
Unhandled Promise: TypeError: Failed to fetch
=============================
====== JS ERROR CAUGHT ======
Unhandled Promise: TypeError: Failed to fetch
=============================
====== JS ERROR CAUGHT ======
Unhandled Promise: TypeError: Failed to fetch
=============================
====== JS ERROR CAUGHT ======
Unhandled Promise: TypeError: Failed to fetch
=============================
====== JS ERROR CAUGHT ======
Unhandled Promise: TypeError: Failed to fetch
=============================
====== JS ERROR CAUGHT ======
Unhandled Promise: TypeError: Failed to fetch
=============================
====== JS ERROR CAUGHT ======
Unhandled Promise: TypeError: Failed to fetch
=============================
====== JS ERROR CAUGHT ======
Unhandled Promise: TypeError: Failed to fetch
=============================
====== JS ERROR CAUGHT ======
Unhandled Promise: TypeError: Failed to fetch
=============================
====== JS ERROR CAUGHT ======
Unhandled Promise: TypeError: Failed to fetch
=============================
====== JS ERROR CAUGHT ======
Unhandled Promise: TypeError: Failed to fetch
=============================
====== JS ERROR CAUGHT ======
Unhandled Promise: TypeError: Failed to fetch
=============================
====== JS ERROR CAUGHT ======
Unhandled Promise: TypeError: Failed to fetch
=============================
====== JS ERROR CAUGHT ======
Unhandled Promise: TypeError: Failed to fetch
=============================
====== JS ERROR CAUGHT ======
Unhandled Promise: TypeError: Failed to fetch
=============================
====== JS ERROR CAUGHT ======
Unhandled Promise: TypeError: Failed to fetch
=============================
====== JS ERROR CAUGHT ======
Unhandled Promise: TypeError: Failed to fetch
=============================
====== JS ERROR CAUGHT ======
Unhandled Promise: TypeError: Failed to fetch
=============================
====== JS ERROR CAUGHT ======
Unhandled Promise: TypeError: Failed to fetch
=============================
====== JS ERROR CAUGHT ======
Unhandled Promise: TypeError: Failed to fetch
=============================
====== JS ERROR CAUGHT ======
Unhandled Promise: TypeError: Failed to fetch
=============================
====== JS ERROR CAUGHT ======
Unhandled Promise: TypeError: Failed to fetch
=============================
====== JS ERROR CAUGHT ======
Unhandled Promise: TypeError: Failed to fetch
=============================
====== JS ERROR CAUGHT ======
Unhandled Promise: TypeError: Failed to fetch
=============================
====== JS ERROR CAUGHT ======
Unhandled Promise: TypeError: Failed to fetch
=============================
====== JS ERROR CAUGHT ======
Unhandled Promise: TypeError: Failed to fetch
=============================
====== JS ERROR CAUGHT ======
Unhandled Promise: TypeError: Failed to fetch
=============================
====== JS ERROR CAUGHT ======
Unhandled Promise: TypeError: Failed to fetch
=============================
====== JS ERROR CAUGHT ======
Unhandled Promise: TypeError: Failed to fetch
=============================
====== JS ERROR CAUGHT ======
Unhandled Promise: TypeError: Failed to fetch
=============================
====== JS ERROR CAUGHT ======
Unhandled Promise: TypeError: Failed to fetch
=============================
====== JS ERROR CAUGHT ======
Unhandled Promise: TypeError: Failed to fetch
=============================
====== JS ERROR CAUGHT ======
Unhandled Promise: TypeError: Failed to fetch
=============================
====== JS ERROR CAUGHT ======
Unhandled Promise: TypeError: Failed to fetch
=============================
====== JS ERROR CAUGHT ======
Unhandled Promise: TypeError: Failed to fetch
=============================
====== JS ERROR CAUGHT ======
Unhandled Promise: TypeError: Failed to fetch
=============================
====== JS ERROR CAUGHT ======
Unhandled Promise: TypeError: Failed to fetch
=============================
====== JS ERROR CAUGHT ======
Unhandled Promise: TypeError: Failed to fetch
=============================
====== JS ERROR CAUGHT ======
Unhandled Promise: TypeError: Failed to fetch
=============================
====== JS ERROR CAUGHT ======
Unhandled Promise: TypeError: Failed to fetch
=============================
====== JS ERROR CAUGHT ======
Unhandled Promise: TypeError: Failed to fetch
=============================
====== JS ERROR CAUGHT ======
Unhandled Promise: TypeError: Failed to fetch
=============================
====== JS ERROR CAUGHT ======
Unhandled Promise: TypeError: Failed to fetch
=============================
====== JS ERROR CAUGHT ======
Unhandled Promise: TypeError: Failed to fetch
=============================
====== JS ERROR CAUGHT ======
Unhandled Promise: TypeError: Failed to fetch
=============================
====== JS ERROR CAUGHT ======
Unhandled Promise: TypeError: Failed to fetch
=============================
====== JS ERROR CAUGHT ======
Unhandled Promise: TypeError: Failed to fetch
=============================
====== JS ERROR CAUGHT ======
Unhandled Promise: TypeError: Failed to fetch
=============================
====== JS ERROR CAUGHT ======
Unhandled Promise: TypeError: Failed to fetch
=============================
====== JS ERROR CAUGHT ======
Unhandled Promise: TypeError: Failed to fetch
=============================
====== JS ERROR CAUGHT ======
Unhandled Promise: TypeError: Failed to fetch
=============================
====== JS ERROR CAUGHT ======
Unhandled Promise: TypeError: Failed to fetch
=============================
====== JS ERROR CAUGHT ======
Unhandled Promise: TypeError: Failed to fetch
=============================
====== JS ERROR CAUGHT ======
Unhandled Promise: TypeError: Failed to fetch
=============================
====== JS ERROR CAUGHT ======
Unhandled Promise: TypeError: Failed to fetch
=============================
====== JS ERROR CAUGHT ======
Unhandled Promise: TypeError: Failed to fetch
=============================
====== JS ERROR CAUGHT ======
Unhandled Promise: TypeError: Failed to fetch
=============================
====== JS ERROR CAUGHT ======
Unhandled Promise: TypeError: Failed to fetch
=============================
====== JS ERROR CAUGHT ======
Unhandled Promise: TypeError: Failed to fetch
=============================
====== JS ERROR CAUGHT ======
Unhandled Promise: TypeError: Failed to fetch
=============================
====== JS ERROR CAUGHT ======
Unhandled Promise: TypeError: Failed to fetch
=============================
====== JS ERROR CAUGHT ======
Unhandled Promise: TypeError: Failed to fetch
=============================
====== JS ERROR CAUGHT ======
Unhandled Promise: TypeError: Failed to fetch
=============================
====== JS ERROR CAUGHT ======
Unhandled Promise: TypeError: Failed to fetch
=============================
====== JS ERROR CAUGHT ======
Unhandled Promise: TypeError: Failed to fetch
=============================
====== JS ERROR CAUGHT ======
Unhandled Promise: TypeError: Failed to fetch
=============================
====== JS ERROR CAUGHT ======
Unhandled Promise: TypeError: Failed to fetch
=============================
====== JS ERROR CAUGHT ======
Unhandled Promise: TypeError: Failed to fetch
=============================
====== JS ERROR CAUGHT ======
Unhandled Promise: TypeError: Failed to fetch
=============================
====== JS ERROR CAUGHT ======
Unhandled Promise: TypeError: Failed to fetch
=============================
====== JS ERROR CAUGHT ======
Unhandled Promise: TypeError: Failed to fetch
=============================
====== JS ERROR CAUGHT ======
Unhandled Promise: TypeError: Failed to fetch
=============================
====== JS ERROR CAUGHT ======
Unhandled Promise: TypeError: Failed to fetch
=============================
====== JS ERROR CAUGHT ======
Unhandled Promise: TypeError: Failed to fetch
=============================
====== JS ERROR CAUGHT ======
Unhandled Promise: TypeError: Failed to fetch
=============================
====== JS ERROR CAUGHT ======
Unhandled Promise: TypeError: Failed to fetch
=============================
====== JS ERROR CAUGHT ======
Unhandled Promise: TypeError: Failed to fetch
=============================
====== JS ERROR CAUGHT ======
Unhandled Promise: TypeError: Failed to fetch
=============================
====== JS ERROR CAUGHT ======
Unhandled Promise: TypeError: Failed to fetch
=============================
====== JS ERROR CAUGHT ======
Unhandled Promise: TypeError: Failed to fetch
=============================
====== JS ERROR CAUGHT ======
Unhandled Promise: TypeError: Failed to fetch
=============================
====== JS ERROR CAUGHT ======
Unhandled Promise: TypeError: Failed to fetch
=============================
====== JS ERROR CAUGHT ======
Unhandled Promise: TypeError: Failed to fetch
=============================
====== JS ERROR CAUGHT ======
Unhandled Promise: TypeError: Failed to fetch
=============================
====== JS ERROR CAUGHT ======
Unhandled Promise: TypeError: Failed to fetch
=============================
====== JS ERROR CAUGHT ======
Unhandled Promise: TypeError: Failed to fetch
=============================
====== JS ERROR CAUGHT ======
Unhandled Promise: TypeError: Failed to fetch
=============================
====== JS ERROR CAUGHT ======
Unhandled Promise: TypeError: Failed to fetch
=============================
====== JS ERROR CAUGHT ======
Unhandled Promise: TypeError: Failed to fetch
=============================
====== JS ERROR CAUGHT ======
Unhandled Promise: TypeError: Failed to fetch
=============================
====== JS ERROR CAUGHT ======
Unhandled Promise: TypeError: Failed to fetch
=============================
====== JS ERROR CAUGHT ======
Unhandled Promise: TypeError: Failed to fetch
=============================
====== JS ERROR CAUGHT ======
Unhandled Promise: TypeError: Failed to fetch
=============================
====== JS ERROR CAUGHT ======
Unhandled Promise: TypeError: Failed to fetch
=============================
====== JS ERROR CAUGHT ======
Unhandled Promise: TypeError: Failed to fetch
=============================
====== JS ERROR CAUGHT ======
Unhandled Promise: TypeError: Failed to fetch
=============================
====== JS ERROR CAUGHT ======
Unhandled Promise: TypeError: Failed to fetch
=============================
====== JS ERROR CAUGHT ======
Unhandled Promise: TypeError: Failed to fetch
=============================
====== JS ERROR CAUGHT ======
Unhandled Promise: TypeError: Failed to fetch
=============================
====== JS ERROR CAUGHT ======
Unhandled Promise: TypeError: Failed to fetch
=============================
====== JS ERROR CAUGHT ======
Unhandled Promise: TypeError: Failed to fetch
=============================
====== JS ERROR CAUGHT ======
Unhandled Promise: TypeError: Failed to fetch
=============================
====== JS ERROR CAUGHT ======
Unhandled Promise: TypeError: Failed to fetch
=============================
====== JS ERROR CAUGHT ======
Unhandled Promise: TypeError: Failed to fetch
=============================
====== JS ERROR CAUGHT ======
Unhandled Promise: TypeError: Failed to fetch
=============================
====== JS ERROR CAUGHT ======
Unhandled Promise: TypeError: Failed to fetch
=============================
====== JS ERROR CAUGHT ======
Unhandled Promise: TypeError: Failed to fetch
=============================
====== JS ERROR CAUGHT ======
Unhandled Promise: TypeError: Failed to fetch
=============================
====== JS ERROR CAUGHT ======
Unhandled Promise: TypeError: Failed to fetch
=============================
====== JS ERROR CAUGHT ======
Unhandled Promise: TypeError: Failed to fetch
=============================
====== JS ERROR CAUGHT ======
Unhandled Promise: TypeError: Failed to fetch
=============================
====== JS ERROR CAUGHT ======
Unhandled Promise: TypeError: Failed to fetch
=============================
====== JS ERROR CAUGHT ======
Unhandled Promise: TypeError: Failed to fetch
=============================
====== JS ERROR CAUGHT ======
Unhandled Promise: TypeError: Failed to fetch
=============================
====== JS ERROR CAUGHT ======
Unhandled Promise: TypeError: Failed to fetch
=============================
====== JS ERROR CAUGHT ======
Unhandled Promise: TypeError: Failed to fetch
=============================
====== JS ERROR CAUGHT ======
Unhandled Promise: TypeError: Failed to fetch
=============================
====== JS ERROR CAUGHT ======
Unhandled Promise: TypeError: Failed to fetch
=============================
====== JS ERROR CAUGHT ======
Unhandled Promise: TypeError: Failed to fetch
=============================
====== JS ERROR CAUGHT ======
Unhandled Promise: TypeError: Failed to fetch
=============================
====== JS ERROR CAUGHT ======
Unhandled Promise: TypeError: Failed to fetch
=============================
====== JS ERROR CAUGHT ======
Unhandled Promise: TypeError: Failed to fetch
=============================
====== JS ERROR CAUGHT ======
Unhandled Promise: TypeError: Failed to fetch
=============================
====== JS ERROR CAUGHT ======
Unhandled Promise: TypeError: Failed to fetch
=============================
====== JS ERROR CAUGHT ======
Unhandled Promise: TypeError: Failed to fetch
=============================
====== JS ERROR CAUGHT ======
Unhandled Promise: TypeError: Failed to fetch
=============================
====== JS ERROR CAUGHT ======
Unhandled Promise: TypeError: Failed to fetch
=============================
====== JS ERROR CAUGHT ======
Unhandled Promise: TypeError: Failed to fetch
=============================
====== JS ERROR CAUGHT ======
Unhandled Promise: TypeError: Failed to fetch
=============================
====== JS ERROR CAUGHT ======
Unhandled Promise: TypeError: Failed to fetch
=============================
====== JS ERROR CAUGHT ======
Unhandled Promise: TypeError: Failed to fetch
=============================
====== JS ERROR CAUGHT ======
Unhandled Promise: TypeError: Failed to fetch
=============================
====== JS ERROR CAUGHT ======
Unhandled Promise: TypeError: Failed to fetch
=============================
====== JS ERROR CAUGHT ======
Unhandled Promise: TypeError: Failed to fetch
=============================
====== JS ERROR CAUGHT ======
Unhandled Promise: TypeError: Failed to fetch
=============================
====== JS ERROR CAUGHT ======
Unhandled Promise: TypeError: Failed to fetch
=============================
====== JS ERROR CAUGHT ======
Unhandled Promise: TypeError: Failed to fetch
=============================
====== JS ERROR CAUGHT ======
Unhandled Promise: TypeError: Failed to fetch
=============================
====== JS ERROR CAUGHT ======
Unhandled Promise: TypeError: Failed to fetch
=============================
====== JS ERROR CAUGHT ======
Unhandled Promise: TypeError: Failed to fetch
=============================
====== JS ERROR CAUGHT ======
Unhandled Promise: TypeError: Failed to fetch
=============================
====== JS ERROR CAUGHT ======
Unhandled Promise: TypeError: Failed to fetch
=============================
====== JS ERROR CAUGHT ======
Unhandled Promise: TypeError: Failed to fetch
=============================
====== JS ERROR CAUGHT ======
Unhandled Promise: TypeError: Failed to fetch
=============================
====== JS ERROR CAUGHT ======
Unhandled Promise: TypeError: Failed to fetch
=============================
====== JS ERROR CAUGHT ======
Unhandled Promise: TypeError: Failed to fetch
=============================
====== JS ERROR CAUGHT ======
Unhandled Promise: TypeError: Failed to fetch
=============================
====== JS ERROR CAUGHT ======
Unhandled Promise: TypeError: Failed to fetch
=============================
====== JS ERROR CAUGHT ======
Unhandled Promise: TypeError: Failed to fetch
=============================
====== JS ERROR CAUGHT ======
Unhandled Promise: TypeError: Failed to fetch
=============================
====== JS ERROR CAUGHT ======
Unhandled Promise: TypeError: Failed to fetch
=============================
====== JS ERROR CAUGHT ======
Unhandled Promise: TypeError: Failed to fetch
=============================
====== JS ERROR CAUGHT ======
Unhandled Promise: TypeError: Failed to fetch
=============================
====== JS ERROR CAUGHT ======
Unhandled Promise: TypeError: Failed to fetch
=============================
====== JS ERROR CAUGHT ======
Unhandled Promise: TypeError: Failed to fetch
=============================
====== JS ERROR CAUGHT ======
Unhandled Promise: TypeError: Failed to fetch
=============================
====== JS ERROR CAUGHT ======
Unhandled Promise: TypeError: Failed to fetch
=============================
====== JS ERROR CAUGHT ======
Unhandled Promise: TypeError: Failed to fetch
=============================
====== JS ERROR CAUGHT ======
Unhandled Promise: TypeError: Failed to fetch
=============================
====== JS ERROR CAUGHT ======
Unhandled Promise: TypeError: Failed to fetch
=============================
====== JS ERROR CAUGHT ======
Unhandled Promise: TypeError: Failed to fetch
=============================
====== JS ERROR CAUGHT ======
Unhandled Promise: TypeError: Failed to fetch
=============================
====== JS ERROR CAUGHT ======
Unhandled Promise: TypeError: Failed to fetch
=============================
====== JS ERROR CAUGHT ======
Unhandled Promise: TypeError: Failed to fetch
=============================
====== JS ERROR CAUGHT ======
Unhandled Promise: TypeError: Failed to fetch
=============================
====== JS ERROR CAUGHT ======
Unhandled Promise: TypeError: Failed to fetch
=============================
====== JS ERROR CAUGHT ======
Unhandled Promise: TypeError: Failed to fetch
=============================
====== JS ERROR CAUGHT ======
Unhandled Promise: TypeError: Failed to fetch
=============================
====== JS ERROR CAUGHT ======
Unhandled Promise: TypeError: Failed to fetch
=============================
====== JS ERROR CAUGHT ======
Unhandled Promise: TypeError: Failed to fetch
=============================
====== JS ERROR CAUGHT ======
Unhandled Promise: TypeError: Failed to fetch
=============================
====== JS ERROR CAUGHT ======
Unhandled Promise: TypeError: Failed to fetch
=============================
====== JS ERROR CAUGHT ======
Unhandled Promise: TypeError: Failed to fetch
=============================
====== JS ERROR CAUGHT ======
Unhandled Promise: TypeError: Failed to fetch
=============================
====== JS ERROR CAUGHT ======
Unhandled Promise: TypeError: Failed to fetch
=============================
====== JS ERROR CAUGHT ======
Unhandled Promise: TypeError: Failed to fetch
=============================
====== JS ERROR CAUGHT ======
Unhandled Promise: TypeError: Failed to fetch
=============================
====== JS ERROR CAUGHT ======
Unhandled Promise: TypeError: Failed to fetch
=============================
====== JS ERROR CAUGHT ======
Unhandled Promise: TypeError: Failed to fetch
=============================
====== JS ERROR CAUGHT ======
Unhandled Promise: TypeError: Failed to fetch
=============================
====== JS ERROR CAUGHT ======
Unhandled Promise: TypeError: Failed to fetch
=============================
====== JS ERROR CAUGHT ======
Unhandled Promise: TypeError: Failed to fetch
=============================
====== JS ERROR CAUGHT ======
Unhandled Promise: TypeError: Failed to fetch
=============================
====== JS ERROR CAUGHT ======
Unhandled Promise: TypeError: Failed to fetch
=============================
====== JS ERROR CAUGHT ======
Unhandled Promise: TypeError: Failed to fetch
=============================
====== JS ERROR CAUGHT ======
Unhandled Promise: TypeError: Failed to fetch
=============================
====== JS ERROR CAUGHT ======
Unhandled Promise: TypeError: Failed to fetch
=============================
====== JS ERROR CAUGHT ======
Unhandled Promise: TypeError: Failed to fetch
=============================
====== JS ERROR CAUGHT ======
Unhandled Promise: TypeError: Failed to fetch
=============================
====== JS ERROR CAUGHT ======
Unhandled Promise: TypeError: Failed to fetch
=============================
====== JS ERROR CAUGHT ======
Unhandled Promise: TypeError: Failed to fetch
=============================
====== JS ERROR CAUGHT ======
Unhandled Promise: TypeError: Failed to fetch
=============================
====== JS ERROR CAUGHT ======
Unhandled Promise: TypeError: Failed to fetch
=============================
====== JS ERROR CAUGHT ======
Unhandled Promise: TypeError: Failed to fetch
=============================
====== JS ERROR CAUGHT ======
Unhandled Promise: TypeError: Failed to fetch
=============================
====== JS ERROR CAUGHT ======
Unhandled Promise: TypeError: Failed to fetch
=============================
====== JS ERROR CAUGHT ======
Unhandled Promise: TypeError: Failed to fetch
=============================
====== JS ERROR CAUGHT ======
Unhandled Promise: TypeError: Failed to fetch
=============================
====== JS ERROR CAUGHT ======
Unhandled Promise: TypeError: Failed to fetch
=============================
====== JS ERROR CAUGHT ======
Unhandled Promise: TypeError: Failed to fetch
=============================
====== JS ERROR CAUGHT ======
Unhandled Promise: TypeError: Failed to fetch
=============================
====== JS ERROR CAUGHT ======
Unhandled Promise: TypeError: Failed to fetch
=============================
====== JS ERROR CAUGHT ======
Unhandled Promise: TypeError: Failed to fetch
=============================
====== JS ERROR CAUGHT ======
Unhandled Promise: TypeError: Failed to fetch
=============================
====== JS ERROR CAUGHT ======
Unhandled Promise: TypeError: Failed to fetch
=============================
====== JS ERROR CAUGHT ======
Unhandled Promise: TypeError: Failed to fetch
=============================
====== JS ERROR CAUGHT ======
Unhandled Promise: TypeError: Failed to fetch
=============================
====== JS ERROR CAUGHT ======
Unhandled Promise: TypeError: Failed to fetch
=============================
====== JS ERROR CAUGHT ======
Unhandled Promise: TypeError: Failed to fetch
=============================
====== JS ERROR CAUGHT ======
Unhandled Promise: TypeError: Failed to fetch
=============================
====== JS ERROR CAUGHT ======
Unhandled Promise: TypeError: Failed to fetch
=============================
====== JS ERROR CAUGHT ======
Unhandled Promise: TypeError: Failed to fetch
=============================
====== JS ERROR CAUGHT ======
Unhandled Promise: TypeError: Failed to fetch
=============================
====== JS ERROR CAUGHT ======
Unhandled Promise: TypeError: Failed to fetch
=============================
====== JS ERROR CAUGHT ======
Unhandled Promise: TypeError: Failed to fetch
=============================
====== JS ERROR CAUGHT ======
Unhandled Promise: TypeError: Failed to fetch
=============================
====== JS ERROR CAUGHT ======
Unhandled Promise: TypeError: Failed to fetch
=============================
====== JS ERROR CAUGHT ======
Unhandled Promise: TypeError: Failed to fetch
=============================
====== JS ERROR CAUGHT ======
Unhandled Promise: TypeError: Failed to fetch
=============================
====== JS ERROR CAUGHT ======
Unhandled Promise: TypeError: Failed to fetch
=============================
====== JS ERROR CAUGHT ======
Unhandled Promise: TypeError: Failed to fetch
=============================
====== JS ERROR CAUGHT ======
Unhandled Promise: TypeError: Failed to fetch
=============================
====== JS ERROR CAUGHT ======
Unhandled Promise: TypeError: Failed to fetch
=============================
====== JS ERROR CAUGHT ======
Unhandled Promise: TypeError: Failed to fetch
=============================
====== JS ERROR CAUGHT ======
Unhandled Promise: TypeError: Failed to fetch
=============================
====== JS ERROR CAUGHT ======
Unhandled Promise: TypeError: Failed to fetch
=============================
====== JS ERROR CAUGHT ======
Unhandled Promise: TypeError: Failed to fetch
=============================
====== JS ERROR CAUGHT ======
Unhandled Promise: TypeError: Failed to fetch
=============================
====== JS ERROR CAUGHT ======
Unhandled Promise: TypeError: Failed to fetch
=============================
====== JS ERROR CAUGHT ======
Unhandled Promise: TypeError: Failed to fetch
=============================
====== JS ERROR CAUGHT ======
Unhandled Promise: TypeError: Failed to fetch
=============================
====== JS ERROR CAUGHT ======
Unhandled Promise: TypeError: Failed to fetch
=============================
====== JS ERROR CAUGHT ======
Unhandled Promise: TypeError: Failed to fetch
=============================
====== JS ERROR CAUGHT ======
Unhandled Promise: TypeError: Failed to fetch
=============================
====== JS ERROR CAUGHT ======
Unhandled Promise: TypeError: Failed to fetch
=============================
====== JS ERROR CAUGHT ======
Unhandled Promise: TypeError: Failed to fetch
=============================
====== JS ERROR CAUGHT ======
Unhandled Promise: TypeError: Failed to fetch
=============================
====== JS ERROR CAUGHT ======
Unhandled Promise: TypeError: Failed to fetch
=============================
====== JS ERROR CAUGHT ======
Unhandled Promise: TypeError: Failed to fetch
=============================
====== JS ERROR CAUGHT ======
Unhandled Promise: TypeError: Failed to fetch
=============================
====== JS ERROR CAUGHT ======
Unhandled Promise: TypeError: Failed to fetch
=============================
====== JS ERROR CAUGHT ======
Unhandled Promise: TypeError: Failed to fetch
=============================
====== JS ERROR CAUGHT ======
Unhandled Promise: TypeError: Failed to fetch
=============================
====== JS ERROR CAUGHT ======
Unhandled Promise: TypeError: Failed to fetch
=============================
====== JS ERROR CAUGHT ======
Unhandled Promise: TypeError: Failed to fetch
=============================
====== JS ERROR CAUGHT ======
Unhandled Promise: TypeError: Failed to fetch
=============================
====== JS ERROR CAUGHT ======
Unhandled Promise: TypeError: Failed to fetch
=============================
====== JS ERROR CAUGHT ======
Unhandled Promise: TypeError: Failed to fetch
=============================
====== JS ERROR CAUGHT ======
Unhandled Promise: TypeError: Failed to fetch
=============================
====== JS ERROR CAUGHT ======
Unhandled Promise: TypeError: Failed to fetch
=============================
====== JS ERROR CAUGHT ======
Unhandled Promise: TypeError: Failed to fetch
=============================
====== JS ERROR CAUGHT ======
Unhandled Promise: TypeError: Failed to fetch
=============================
====== JS ERROR CAUGHT ======
Unhandled Promise: TypeError: Failed to fetch
=============================
====== JS ERROR CAUGHT ======
Unhandled Promise: TypeError: Failed to fetch
=============================
====== JS ERROR CAUGHT ======
Unhandled Promise: TypeError: Failed to fetch
=============================
====== JS ERROR CAUGHT ======
Unhandled Promise: TypeError: Failed to fetch
=============================
====== JS ERROR CAUGHT ======
Unhandled Promise: TypeError: Failed to fetch
=============================
====== JS ERROR CAUGHT ======
Unhandled Promise: TypeError: Failed to fetch
=============================
====== JS ERROR CAUGHT ======
Unhandled Promise: TypeError: Failed to fetch
=============================
====== JS ERROR CAUGHT ======
Unhandled Promise: TypeError: Failed to fetch
=============================
====== JS ERROR CAUGHT ======
Unhandled Promise: TypeError: Failed to fetch
=============================
====== JS ERROR CAUGHT ======
Unhandled Promise: TypeError: Failed to fetch
=============================
====== JS ERROR CAUGHT ======
Unhandled Promise: TypeError: Failed to fetch
=============================
====== JS ERROR CAUGHT ======
Unhandled Promise: TypeError: Failed to fetch
=============================
====== JS ERROR CAUGHT ======
Unhandled Promise: TypeError: Failed to fetch
=============================
====== JS ERROR CAUGHT ======
Unhandled Promise: TypeError: Failed to fetch
=============================
====== JS ERROR CAUGHT ======
Unhandled Promise: TypeError: Failed to fetch
=============================
====== JS ERROR CAUGHT ======
Unhandled Promise: TypeError: Failed to fetch
=============================
====== JS ERROR CAUGHT ======
Unhandled Promise: TypeError: Failed to fetch
=============================
====== JS ERROR CAUGHT ======
Unhandled Promise: TypeError: Failed to fetch
=============================
====== JS ERROR CAUGHT ======
Unhandled Promise: TypeError: Failed to fetch
=============================
====== JS ERROR CAUGHT ======
Unhandled Promise: TypeError: Failed to fetch
=============================
====== JS ERROR CAUGHT ======
Unhandled Promise: TypeError: Failed to fetch
=============================
====== JS ERROR CAUGHT ======
Unhandled Promise: TypeError: Failed to fetch
=============================
====== JS ERROR CAUGHT ======
Unhandled Promise: TypeError: Failed to fetch
=============================
====== JS ERROR CAUGHT ======
Unhandled Promise: TypeError: Failed to fetch
=============================
====== JS ERROR CAUGHT ======
Unhandled Promise: TypeError: Failed to fetch
=============================
====== JS ERROR CAUGHT ======
Unhandled Promise: TypeError: Failed to fetch
=============================
====== JS ERROR CAUGHT ======
Unhandled Promise: TypeError: Failed to fetch
=============================
====== JS ERROR CAUGHT ======
Unhandled Promise: TypeError: Failed to fetch
=============================
====== JS ERROR CAUGHT ======
Unhandled Promise: TypeError: Failed to fetch
=============================
====== JS ERROR CAUGHT ======
Unhandled Promise: TypeError: Failed to fetch
=============================
====== JS ERROR CAUGHT ======
Unhandled Promise: TypeError: Failed to fetch
=============================
====== JS ERROR CAUGHT ======
Unhandled Promise: TypeError: Failed to fetch
=============================
====== JS ERROR CAUGHT ======
Unhandled Promise: TypeError: Failed to fetch
=============================
====== JS ERROR CAUGHT ======
Unhandled Promise: TypeError: Failed to fetch
=============================
====== JS ERROR CAUGHT ======
Unhandled Promise: TypeError: Failed to fetch
=============================
====== JS ERROR CAUGHT ======
Unhandled Promise: TypeError: Failed to fetch
=============================
====== JS ERROR CAUGHT ======
Unhandled Promise: TypeError: Failed to fetch
=============================
====== JS ERROR CAUGHT ======
Unhandled Promise: TypeError: Failed to fetch
=============================
====== JS ERROR CAUGHT ======
Unhandled Promise: TypeError: Failed to fetch
=============================
====== JS ERROR CAUGHT ======
Unhandled Promise: TypeError: Failed to fetch
=============================
====== JS ERROR CAUGHT ======
Unhandled Promise: TypeError: Failed to fetch
=============================
====== JS ERROR CAUGHT ======
Unhandled Promise: TypeError: Failed to fetch
=============================
====== JS ERROR CAUGHT ======
Unhandled Promise: TypeError: Failed to fetch
=============================
====== JS ERROR CAUGHT ======
Unhandled Promise: TypeError: Failed to fetch
=============================
====== JS ERROR CAUGHT ======
Unhandled Promise: TypeError: Failed to fetch
=============================
====== JS ERROR CAUGHT ======
Unhandled Promise: TypeError: Failed to fetch
=============================
====== JS ERROR CAUGHT ======
Unhandled Promise: TypeError: Failed to fetch
=============================
====== JS ERROR CAUGHT ======
Unhandled Promise: TypeError: Failed to fetch
=============================
====== JS ERROR CAUGHT ======
Unhandled Promise: TypeError: Failed to fetch
=============================
====== JS ERROR CAUGHT ======
Unhandled Promise: TypeError: Failed to fetch
=============================
====== JS ERROR CAUGHT ======
Unhandled Promise: TypeError: Failed to fetch
=============================
====== JS ERROR CAUGHT ======
Unhandled Promise: TypeError: Failed to fetch
=============================
====== JS ERROR CAUGHT ======
Unhandled Promise: TypeError: Failed to fetch
=============================
====== JS ERROR CAUGHT ======
Unhandled Promise: TypeError: Failed to fetch
=============================
====== JS ERROR CAUGHT ======
Unhandled Promise: TypeError: Failed to fetch
=============================
====== JS ERROR CAUGHT ======
Unhandled Promise: TypeError: Failed to fetch
=============================
====== JS ERROR CAUGHT ======
Unhandled Promise: TypeError: Failed to fetch
=============================
====== JS ERROR CAUGHT ======
Unhandled Promise: TypeError: Failed to fetch
=============================
====== JS ERROR CAUGHT ======
Unhandled Promise: TypeError: Failed to fetch
=============================
====== JS ERROR CAUGHT ======
Unhandled Promise: TypeError: Failed to fetch
=============================
====== JS ERROR CAUGHT ======
Unhandled Promise: TypeError: Failed to fetch
=============================
====== JS ERROR CAUGHT ======
Unhandled Promise: TypeError: Failed to fetch
=============================
====== JS ERROR CAUGHT ======
Unhandled Promise: TypeError: Failed to fetch
=============================
====== JS ERROR CAUGHT ======
Unhandled Promise: TypeError: Failed to fetch
=============================
====== JS ERROR CAUGHT ======
Unhandled Promise: TypeError: Failed to fetch
=============================
====== JS ERROR CAUGHT ======
Unhandled Promise: TypeError: Failed to fetch
=============================
====== JS ERROR CAUGHT ======
Unhandled Promise: TypeError: Failed to fetch
=============================
====== JS ERROR CAUGHT ======
Unhandled Promise: TypeError: Failed to fetch
=============================
====== JS ERROR CAUGHT ======
Unhandled Promise: TypeError: Failed to fetch
=============================
====== JS ERROR CAUGHT ======
Unhandled Promise: TypeError: Failed to fetch
=============================
====== JS ERROR CAUGHT ======
Unhandled Promise: TypeError: Failed to fetch
=============================
====== JS ERROR CAUGHT ======
Unhandled Promise: TypeError: Failed to fetch
=============================
====== JS ERROR CAUGHT ======
Unhandled Promise: TypeError: Failed to fetch
=============================
====== JS ERROR CAUGHT ======
Unhandled Promise: TypeError: Failed to fetch
=============================
====== JS ERROR CAUGHT ======
Unhandled Promise: TypeError: Failed to fetch
=============================
====== JS ERROR CAUGHT ======
Unhandled Promise: TypeError: Failed to fetch
=============================
====== JS ERROR CAUGHT ======
Unhandled Promise: TypeError: Failed to fetch
=============================
====== JS ERROR CAUGHT ======
Unhandled Promise: TypeError: Failed to fetch
=============================
====== JS ERROR CAUGHT ======
Unhandled Promise: TypeError: Failed to fetch
=============================
====== JS ERROR CAUGHT ======
Unhandled Promise: TypeError: Failed to fetch
=============================
====== JS ERROR CAUGHT ======
Unhandled Promise: TypeError: Failed to fetch
=============================
====== JS ERROR CAUGHT ======
Unhandled Promise: TypeError: Failed to fetch
=============================
====== JS ERROR CAUGHT ======
Unhandled Promise: TypeError: Failed to fetch
=============================
====== JS ERROR CAUGHT ======
Unhandled Promise: TypeError: Failed to fetch
=============================
====== JS ERROR CAUGHT ======
Unhandled Promise: TypeError: Failed to fetch
=============================
====== JS ERROR CAUGHT ======
Unhandled Promise: TypeError: Failed to fetch
=============================
====== JS ERROR CAUGHT ======
Unhandled Promise: TypeError: Failed to fetch
=============================
====== JS ERROR CAUGHT ======
Unhandled Promise: TypeError: Failed to fetch
=============================
====== JS ERROR CAUGHT ======
Unhandled Promise: TypeError: Failed to fetch
=============================
====== JS ERROR CAUGHT ======
Unhandled Promise: TypeError: Failed to fetch
=============================
====== JS ERROR CAUGHT ======
Unhandled Promise: TypeError: Failed to fetch
=============================
====== JS ERROR CAUGHT ======
Unhandled Promise: TypeError: Failed to fetch
=============================
====== JS ERROR CAUGHT ======
Unhandled Promise: TypeError: Failed to fetch
=============================
====== JS ERROR CAUGHT ======
Unhandled Promise: TypeError: Failed to fetch
=============================
====== JS ERROR CAUGHT ======
Unhandled Promise: TypeError: Failed to fetch
=============================
====== JS ERROR CAUGHT ======
Unhandled Promise: TypeError: Failed to fetch
=============================
====== JS ERROR CAUGHT ======
Unhandled Promise: TypeError: Failed to fetch
=============================
====== JS ERROR CAUGHT ======
Unhandled Promise: TypeError: Failed to fetch
=============================
====== JS ERROR CAUGHT ======
Unhandled Promise: TypeError: Failed to fetch
=============================
====== JS ERROR CAUGHT ======
Unhandled Promise: TypeError: Failed to fetch
=============================
====== JS ERROR CAUGHT ======
Unhandled Promise: TypeError: Failed to fetch
=============================
====== JS ERROR CAUGHT ======
Unhandled Promise: TypeError: Failed to fetch
=============================
====== JS ERROR CAUGHT ======
Unhandled Promise: TypeError: Failed to fetch
=============================
====== JS ERROR CAUGHT ======
Unhandled Promise: TypeError: Failed to fetch
=============================
====== JS ERROR CAUGHT ======
Unhandled Promise: TypeError: Failed to fetch
=============================
====== JS ERROR CAUGHT ======
Unhandled Promise: TypeError: Failed to fetch
=============================
====== JS ERROR CAUGHT ======
Unhandled Promise: TypeError: Failed to fetch
=============================
====== JS ERROR CAUGHT ======
Unhandled Promise: TypeError: Failed to fetch
=============================
====== JS ERROR CAUGHT ======
Unhandled Promise: TypeError: Failed to fetch
=============================
====== JS ERROR CAUGHT ======
Unhandled Promise: TypeError: Failed to fetch
=============================
====== JS ERROR CAUGHT ======
Unhandled Promise: TypeError: Failed to fetch
=============================
====== JS ERROR CAUGHT ======
Unhandled Promise: TypeError: Failed to fetch
=============================
====== JS ERROR CAUGHT ======
Unhandled Promise: TypeError: Failed to fetch
=============================
====== JS ERROR CAUGHT ======
Unhandled Promise: TypeError: Failed to fetch
=============================
====== JS ERROR CAUGHT ======
Unhandled Promise: TypeError: Failed to fetch
=============================
====== JS ERROR CAUGHT ======
Unhandled Promise: TypeError: Failed to fetch
=============================
====== JS ERROR CAUGHT ======
Unhandled Promise: TypeError: Failed to fetch
=============================
====== JS ERROR CAUGHT ======
Unhandled Promise: TypeError: Failed to fetch
=============================
====== JS ERROR CAUGHT ======
Unhandled Promise: TypeError: Failed to fetch
=============================
====== JS ERROR CAUGHT ======
Unhandled Promise: TypeError: Failed to fetch
=============================
====== JS ERROR CAUGHT ======
Unhandled Promise: TypeError: Failed to fetch
=============================
====== JS ERROR CAUGHT ======
Unhandled Promise: TypeError: Failed to fetch
=============================
====== JS ERROR CAUGHT ======
Unhandled Promise: TypeError: Failed to fetch
=============================
====== JS ERROR CAUGHT ======
Unhandled Promise: TypeError: Failed to fetch
=============================
====== JS ERROR CAUGHT ======
Unhandled Promise: TypeError: Failed to fetch
=============================
====== JS ERROR CAUGHT ======
Unhandled Promise: TypeError: Failed to fetch
=============================
====== JS ERROR CAUGHT ======
Unhandled Promise: TypeError: Failed to fetch
=============================
====== JS ERROR CAUGHT ======
Unhandled Promise: TypeError: Failed to fetch
=============================
====== JS ERROR CAUGHT ======
Unhandled Promise: TypeError: Failed to fetch
=============================
====== JS ERROR CAUGHT ======
Unhandled Promise: TypeError: Failed to fetch
=============================
====== JS ERROR CAUGHT ======
Unhandled Promise: TypeError: Failed to fetch
=============================
====== JS ERROR CAUGHT ======
Unhandled Promise: TypeError: Failed to fetch
=============================
====== JS ERROR CAUGHT ======
Unhandled Promise: TypeError: Failed to fetch
=============================
====== JS ERROR CAUGHT ======
Unhandled Promise: TypeError: Failed to fetch
=============================
====== JS ERROR CAUGHT ======
Unhandled Promise: TypeError: Failed to fetch
=============================
====== JS ERROR CAUGHT ======
Unhandled Promise: TypeError: Failed to fetch
=============================
====== JS ERROR CAUGHT ======
Unhandled Promise: TypeError: Failed to fetch
=============================
====== JS ERROR CAUGHT ======
Unhandled Promise: TypeError: Failed to fetch
=============================
====== JS ERROR CAUGHT ======
Unhandled Promise: TypeError: Failed to fetch
=============================
====== JS ERROR CAUGHT ======
Unhandled Promise: TypeError: Failed to fetch
=============================
====== JS ERROR CAUGHT ======
Unhandled Promise: TypeError: Failed to fetch
=============================
====== JS ERROR CAUGHT ======
Unhandled Promise: TypeError: Failed to fetch
=============================
====== JS ERROR CAUGHT ======
Unhandled Promise: TypeError: Failed to fetch
=============================
====== JS ERROR CAUGHT ======
Unhandled Promise: TypeError: Failed to fetch
=============================
====== JS ERROR CAUGHT ======
Unhandled Promise: TypeError: Failed to fetch
=============================
====== JS ERROR CAUGHT ======
Unhandled Promise: TypeError: Failed to fetch
=============================
====== JS ERROR CAUGHT ======
Unhandled Promise: TypeError: Failed to fetch
=============================
====== JS ERROR CAUGHT ======
Unhandled Promise: TypeError: Failed to fetch
=============================
====== JS ERROR CAUGHT ======
Unhandled Promise: TypeError: Failed to fetch
=============================
====== JS ERROR CAUGHT ======
Unhandled Promise: TypeError: Failed to fetch
=============================
====== JS ERROR CAUGHT ======
Unhandled Promise: TypeError: Failed to fetch
=============================
====== JS ERROR CAUGHT ======
Unhandled Promise: TypeError: Failed to fetch
=============================
====== JS ERROR CAUGHT ======
Unhandled Promise: TypeError: Failed to fetch
=============================
====== JS ERROR CAUGHT ======
Unhandled Promise: TypeError: Failed to fetch
=============================
====== JS ERROR CAUGHT ======
Unhandled Promise: TypeError: Failed to fetch
=============================
====== JS ERROR CAUGHT ======
Unhandled Promise: TypeError: Failed to fetch
=============================
====== JS ERROR CAUGHT ======
Unhandled Promise: TypeError: Failed to fetch
=============================
====== JS ERROR CAUGHT ======
Unhandled Promise: TypeError: Failed to fetch
=============================
====== JS ERROR CAUGHT ======
Unhandled Promise: TypeError: Failed to fetch
=============================
====== JS ERROR CAUGHT ======
Unhandled Promise: TypeError: Failed to fetch
=============================
====== JS ERROR CAUGHT ======
Unhandled Promise: TypeError: Failed to fetch
=============================
====== JS ERROR CAUGHT ======
Unhandled Promise: TypeError: Failed to fetch
=============================
====== JS ERROR CAUGHT ======
Unhandled Promise: TypeError: Failed to fetch
=============================
====== JS ERROR CAUGHT ======
Unhandled Promise: TypeError: Failed to fetch
=============================
====== JS ERROR CAUGHT ======
Unhandled Promise: TypeError: Failed to fetch
=============================
====== JS ERROR CAUGHT ======
Unhandled Promise: TypeError: Failed to fetch
=============================
====== JS ERROR CAUGHT ======
Unhandled Promise: TypeError: Failed to fetch
=============================
====== JS ERROR CAUGHT ======
Unhandled Promise: TypeError: Failed to fetch
=============================
====== JS ERROR CAUGHT ======
Unhandled Promise: TypeError: Failed to fetch
=============================
====== JS ERROR CAUGHT ======
Unhandled Promise: TypeError: Failed to fetch
=============================
====== JS ERROR CAUGHT ======
Unhandled Promise: TypeError: Failed to fetch
=============================
====== JS ERROR CAUGHT ======
Unhandled Promise: TypeError: Failed to fetch
=============================
====== JS ERROR CAUGHT ======
Unhandled Promise: TypeError: Failed to fetch
=============================
====== JS ERROR CAUGHT ======
Unhandled Promise: TypeError: Failed to fetch
=============================
====== JS ERROR CAUGHT ======
Unhandled Promise: TypeError: Failed to fetch
=============================
====== JS ERROR CAUGHT ======
Unhandled Promise: TypeError: Failed to fetch
=============================
====== JS ERROR CAUGHT ======
Unhandled Promise: TypeError: Failed to fetch
=============================
====== JS ERROR CAUGHT ======
Unhandled Promise: TypeError: Failed to fetch
=============================
====== JS ERROR CAUGHT ======
Unhandled Promise: TypeError: Failed to fetch
=============================
====== JS ERROR CAUGHT ======
Unhandled Promise: TypeError: Failed to fetch
=============================
====== JS ERROR CAUGHT ======
Unhandled Promise: TypeError: Failed to fetch
=============================
====== JS ERROR CAUGHT ======
Unhandled Promise: TypeError: Failed to fetch
=============================
====== JS ERROR CAUGHT ======
Unhandled Promise: TypeError: Failed to fetch
=============================
====== JS ERROR CAUGHT ======
Unhandled Promise: TypeError: Failed to fetch
=============================
====== JS ERROR CAUGHT ======
Unhandled Promise: TypeError: Failed to fetch
=============================
====== JS ERROR CAUGHT ======
Unhandled Promise: TypeError: Failed to fetch
=============================
====== JS ERROR CAUGHT ======
Unhandled Promise: TypeError: Failed to fetch
=============================
====== JS ERROR CAUGHT ======
Unhandled Promise: TypeError: Failed to fetch
=============================
====== JS ERROR CAUGHT ======
Unhandled Promise: TypeError: Failed to fetch
=============================
====== JS ERROR CAUGHT ======
Unhandled Promise: TypeError: Failed to fetch
=============================
====== JS ERROR CAUGHT ======
Unhandled Promise: TypeError: Failed to fetch
=============================
====== JS ERROR CAUGHT ======
Unhandled Promise: TypeError: Failed to fetch
=============================
====== JS ERROR CAUGHT ======
Unhandled Promise: TypeError: Failed to fetch
=============================
====== JS ERROR CAUGHT ======
Unhandled Promise: TypeError: Failed to fetch
=============================
====== JS ERROR CAUGHT ======
Unhandled Promise: TypeError: Failed to fetch
=============================
====== JS ERROR CAUGHT ======
Unhandled Promise: TypeError: Failed to fetch
=============================
====== JS ERROR CAUGHT ======
Unhandled Promise: TypeError: Failed to fetch
=============================
====== JS ERROR CAUGHT ======
Unhandled Promise: TypeError: Failed to fetch
=============================
====== JS ERROR CAUGHT ======
Unhandled Promise: TypeError: Failed to fetch
=============================
====== JS ERROR CAUGHT ======
Unhandled Promise: TypeError: Failed to fetch
=============================
====== JS ERROR CAUGHT ======
Unhandled Promise: TypeError: Failed to fetch
=============================
====== JS ERROR CAUGHT ======
Unhandled Promise: TypeError: Failed to fetch
=============================
====== JS ERROR CAUGHT ======
Unhandled Promise: TypeError: Failed to fetch
=============================
====== JS ERROR CAUGHT ======
Unhandled Promise: TypeError: Failed to fetch
=============================
====== JS ERROR CAUGHT ======
Unhandled Promise: TypeError: Failed to fetch
=============================
====== JS ERROR CAUGHT ======
Unhandled Promise: TypeError: Failed to fetch
=============================
====== JS ERROR CAUGHT ======
Unhandled Promise: TypeError: Failed to fetch
=============================
====== JS ERROR CAUGHT ======
Unhandled Promise: TypeError: Failed to fetch
=============================
====== JS ERROR CAUGHT ======
Unhandled Promise: TypeError: Failed to fetch
=============================
====== JS ERROR CAUGHT ======
Unhandled Promise: TypeError: Failed to fetch
=============================
====== JS ERROR CAUGHT ======
Unhandled Promise: TypeError: Failed to fetch
=============================
====== JS ERROR CAUGHT ======
Unhandled Promise: TypeError: Failed to fetch
=============================
====== JS ERROR CAUGHT ======
Unhandled Promise: TypeError: Failed to fetch
=============================
====== JS ERROR CAUGHT ======
Unhandled Promise: TypeError: Failed to fetch
=============================
====== JS ERROR CAUGHT ======
Unhandled Promise: TypeError: Failed to fetch
=============================
====== JS ERROR CAUGHT ======
Unhandled Promise: TypeError: Failed to fetch
=============================
====== JS ERROR CAUGHT ======
Unhandled Promise: TypeError: Failed to fetch
=============================
====== JS ERROR CAUGHT ======
Unhandled Promise: TypeError: Failed to fetch
=============================
====== JS ERROR CAUGHT ======
Unhandled Promise: TypeError: Failed to fetch
=============================
====== JS ERROR CAUGHT ======
Unhandled Promise: TypeError: Failed to fetch
=============================
====== JS ERROR CAUGHT ======
Unhandled Promise: TypeError: Failed to fetch
=============================
====== JS ERROR CAUGHT ======
Unhandled Promise: TypeError: Failed to fetch
=============================
====== JS ERROR CAUGHT ======
Unhandled Promise: TypeError: Failed to fetch
=============================
====== JS ERROR CAUGHT ======
Unhandled Promise: TypeError: Failed to fetch
=============================
====== JS ERROR CAUGHT ======
Unhandled Promise: TypeError: Failed to fetch
=============================
====== JS ERROR CAUGHT ======
Unhandled Promise: TypeError: Failed to fetch
=============================
====== JS ERROR CAUGHT ======
Unhandled Promise: TypeError: Failed to fetch
=============================
====== JS ERROR CAUGHT ======
Unhandled Promise: TypeError: Failed to fetch
=============================
====== JS ERROR CAUGHT ======
Unhandled Promise: TypeError: Failed to fetch
=============================
====== JS ERROR CAUGHT ======
Unhandled Promise: TypeError: Failed to fetch
=============================
====== JS ERROR CAUGHT ======
Unhandled Promise: TypeError: Failed to fetch
=============================
====== JS ERROR CAUGHT ======
Unhandled Promise: TypeError: Failed to fetch
=============================
====== JS ERROR CAUGHT ======
Unhandled Promise: TypeError: Failed to fetch
=============================
====== JS ERROR CAUGHT ======
Unhandled Promise: TypeError: Failed to fetch
=============================
====== JS ERROR CAUGHT ======
Unhandled Promise: TypeError: Failed to fetch
=============================
====== JS ERROR CAUGHT ======
Unhandled Promise: TypeError: Failed to fetch
=============================
====== JS ERROR CAUGHT ======
Unhandled Promise: TypeError: Failed to fetch
=============================
====== JS ERROR CAUGHT ======
Unhandled Promise: TypeError: Failed to fetch
=============================
====== JS ERROR CAUGHT ======
Unhandled Promise: TypeError: Failed to fetch
=============================
====== JS ERROR CAUGHT ======
Unhandled Promise: TypeError: Failed to fetch
=============================
====== JS ERROR CAUGHT ======
Unhandled Promise: TypeError: Failed to fetch
=============================
====== JS ERROR CAUGHT ======
Unhandled Promise: TypeError: Failed to fetch
=============================
====== JS ERROR CAUGHT ======
Unhandled Promise: TypeError: Failed to fetch
=============================
====== JS ERROR CAUGHT ======
Unhandled Promise: TypeError: Failed to fetch
=============================
====== JS ERROR CAUGHT ======
Unhandled Promise: TypeError: Failed to fetch
=============================
====== JS ERROR CAUGHT ======
Unhandled Promise: TypeError: Failed to fetch
=============================
====== JS ERROR CAUGHT ======
Unhandled Promise: TypeError: Failed to fetch
=============================
====== JS ERROR CAUGHT ======
Unhandled Promise: TypeError: Failed to fetch
=============================
====== JS ERROR CAUGHT ======
Unhandled Promise: TypeError: Failed to fetch
=============================
====== JS ERROR CAUGHT ======
Unhandled Promise: TypeError: Failed to fetch
=============================
====== JS ERROR CAUGHT ======
Unhandled Promise: TypeError: Failed to fetch
=============================
====== JS ERROR CAUGHT ======
Unhandled Promise: TypeError: Failed to fetch
=============================
====== JS ERROR CAUGHT ======
Unhandled Promise: TypeError: Failed to fetch
=============================
====== JS ERROR CAUGHT ======
Unhandled Promise: TypeError: Failed to fetch
=============================
====== JS ERROR CAUGHT ======
Unhandled Promise: TypeError: Failed to fetch
=============================
====== JS ERROR CAUGHT ======
Unhandled Promise: TypeError: Failed to fetch
=============================
====== JS ERROR CAUGHT ======
Unhandled Promise: TypeError: Failed to fetch
=============================
====== JS ERROR CAUGHT ======
Unhandled Promise: TypeError: Failed to fetch
=============================
====== JS ERROR CAUGHT ======
Unhandled Promise: TypeError: Failed to fetch
=============================
====== JS ERROR CAUGHT ======
Unhandled Promise: TypeError: Failed to fetch
=============================
====== JS ERROR CAUGHT ======
Unhandled Promise: TypeError: Failed to fetch
=============================
====== JS ERROR CAUGHT ======
Unhandled Promise: TypeError: Failed to fetch
=============================
====== JS ERROR CAUGHT ======
Unhandled Promise: TypeError: Failed to fetch
=============================
====== JS ERROR CAUGHT ======
Unhandled Promise: TypeError: Failed to fetch
=============================
====== JS ERROR CAUGHT ======
Unhandled Promise: TypeError: Failed to fetch
=============================
====== JS ERROR CAUGHT ======
Unhandled Promise: TypeError: Failed to fetch
=============================
====== JS ERROR CAUGHT ======
Unhandled Promise: TypeError: Failed to fetch
=============================
====== JS ERROR CAUGHT ======
Unhandled Promise: TypeError: Failed to fetch
=============================
====== JS ERROR CAUGHT ======
Unhandled Promise: TypeError: Failed to fetch
=============================
====== JS ERROR CAUGHT ======
Unhandled Promise: TypeError: Failed to fetch
=============================
====== JS ERROR CAUGHT ======
Unhandled Promise: TypeError: Failed to fetch
=============================
====== JS ERROR CAUGHT ======
Unhandled Promise: TypeError: Failed to fetch
=============================
====== JS ERROR CAUGHT ======
Unhandled Promise: TypeError: Failed to fetch
=============================
====== JS ERROR CAUGHT ======
Unhandled Promise: TypeError: Failed to fetch
=============================
====== JS ERROR CAUGHT ======
Unhandled Promise: TypeError: Failed to fetch
=============================
====== JS ERROR CAUGHT ======
Unhandled Promise: TypeError: Failed to fetch
=============================
====== JS ERROR CAUGHT ======
Unhandled Promise: TypeError: Failed to fetch
=============================
====== JS ERROR CAUGHT ======
Unhandled Promise: TypeError: Failed to fetch
=============================
====== JS ERROR CAUGHT ======
Unhandled Promise: TypeError: Failed to fetch
=============================
====== JS ERROR CAUGHT ======
Unhandled Promise: TypeError: Failed to fetch
=============================
====== JS ERROR CAUGHT ======
Unhandled Promise: TypeError: Failed to fetch
=============================
====== JS ERROR CAUGHT ======
Unhandled Promise: TypeError: Failed to fetch
=============================
====== JS ERROR CAUGHT ======
Unhandled Promise: TypeError: Failed to fetch
=============================
====== JS ERROR CAUGHT ======
Unhandled Promise: TypeError: Failed to fetch
=============================
====== JS ERROR CAUGHT ======
Unhandled Promise: TypeError: Failed to fetch
=============================
====== JS ERROR CAUGHT ======
Unhandled Promise: TypeError: Failed to fetch
=============================
====== JS ERROR CAUGHT ======
Unhandled Promise: TypeError: Failed to fetch
=============================
====== JS ERROR CAUGHT ======
Unhandled Promise: TypeError: Failed to fetch
=============================
====== JS ERROR CAUGHT ======
Unhandled Promise: TypeError: Failed to fetch
=============================
====== JS ERROR CAUGHT ======
Unhandled Promise: TypeError: Failed to fetch
=============================
====== JS ERROR CAUGHT ======
Unhandled Promise: TypeError: Failed to fetch
=============================
====== JS ERROR CAUGHT ======
Unhandled Promise: TypeError: Failed to fetch
=============================
====== JS ERROR CAUGHT ======
Unhandled Promise: TypeError: Failed to fetch
=============================
====== JS ERROR CAUGHT ======
Unhandled Promise: TypeError: Failed to fetch
=============================
====== JS ERROR CAUGHT ======
Unhandled Promise: TypeError: Failed to fetch
=============================
====== JS ERROR CAUGHT ======
Unhandled Promise: TypeError: Failed to fetch
=============================
====== JS ERROR CAUGHT ======
Unhandled Promise: TypeError: Failed to fetch
=============================
====== JS ERROR CAUGHT ======
Unhandled Promise: TypeError: Failed to fetch
=============================
====== JS ERROR CAUGHT ======
Unhandled Promise: TypeError: Failed to fetch
=============================
====== JS ERROR CAUGHT ======
Unhandled Promise: TypeError: Failed to fetch
=============================
====== JS ERROR CAUGHT ======
Unhandled Promise: TypeError: Failed to fetch
=============================
====== JS ERROR CAUGHT ======
Unhandled Promise: TypeError: Failed to fetch
=============================
====== JS ERROR CAUGHT ======
Unhandled Promise: TypeError: Failed to fetch
=============================
====== JS ERROR CAUGHT ======
Unhandled Promise: TypeError: Failed to fetch
=============================
====== JS ERROR CAUGHT ======
Unhandled Promise: TypeError: Failed to fetch
=============================
====== JS ERROR CAUGHT ======
Unhandled Promise: TypeError: Failed to fetch
=============================
====== JS ERROR CAUGHT ======
Unhandled Promise: TypeError: Failed to fetch
=============================
====== JS ERROR CAUGHT ======
Unhandled Promise: TypeError: Failed to fetch
=============================
====== JS ERROR CAUGHT ======
Unhandled Promise: TypeError: Failed to fetch
=============================
====== JS ERROR CAUGHT ======
Unhandled Promise: TypeError: Failed to fetch
=============================
====== JS ERROR CAUGHT ======
Unhandled Promise: TypeError: Failed to fetch
=============================
====== JS ERROR CAUGHT ======
Unhandled Promise: TypeError: Failed to fetch
=============================
====== JS ERROR CAUGHT ======
Unhandled Promise: TypeError: Failed to fetch
=============================
====== JS ERROR CAUGHT ======
Unhandled Promise: TypeError: Failed to fetch
=============================
====== JS ERROR CAUGHT ======
Unhandled Promise: TypeError: Failed to fetch
=============================
====== JS ERROR CAUGHT ======
Unhandled Promise: TypeError: Failed to fetch
=============================
====== JS ERROR CAUGHT ======
Unhandled Promise: TypeError: Failed to fetch
=============================
====== JS ERROR CAUGHT ======
Unhandled Promise: TypeError: Failed to fetch
=============================
====== JS ERROR CAUGHT ======
Unhandled Promise: TypeError: Failed to fetch
=============================
====== JS ERROR CAUGHT ======
Unhandled Promise: TypeError: Failed to fetch
=============================
====== JS ERROR CAUGHT ======
Unhandled Promise: TypeError: Failed to fetch
=============================
====== JS ERROR CAUGHT ======
Unhandled Promise: TypeError: Failed to fetch
=============================
====== JS ERROR CAUGHT ======
Unhandled Promise: TypeError: Failed to fetch
=============================
====== JS ERROR CAUGHT ======
Unhandled Promise: TypeError: Failed to fetch
=============================
====== JS ERROR CAUGHT ======
Unhandled Promise: TypeError: Failed to fetch
=============================
====== JS ERROR CAUGHT ======
Unhandled Promise: TypeError: Failed to fetch
=============================
====== JS ERROR CAUGHT ======
Unhandled Promise: TypeError: Failed to fetch
=============================
====== JS ERROR CAUGHT ======
Unhandled Promise: TypeError: Failed to fetch
=============================
====== JS ERROR CAUGHT ======
Unhandled Promise: TypeError: Failed to fetch
=============================
====== JS ERROR CAUGHT ======
Unhandled Promise: TypeError: Failed to fetch
=============================
====== JS ERROR CAUGHT ======
Unhandled Promise: TypeError: Failed to fetch
=============================
====== JS ERROR CAUGHT ======
Unhandled Promise: TypeError: Failed to fetch
=============================
====== JS ERROR CAUGHT ======
Unhandled Promise: TypeError: Failed to fetch
=============================
====== JS ERROR CAUGHT ======
Unhandled Promise: TypeError: Failed to fetch
=============================
====== JS ERROR CAUGHT ======
Unhandled Promise: TypeError: Failed to fetch
=============================
====== JS ERROR CAUGHT ======
Unhandled Promise: TypeError: Failed to fetch
=============================
====== JS ERROR CAUGHT ======
Unhandled Promise: TypeError: Failed to fetch
=============================
====== JS ERROR CAUGHT ======
Unhandled Promise: TypeError: Failed to fetch
=============================
====== JS ERROR CAUGHT ======
Unhandled Promise: TypeError: Failed to fetch
=============================
====== JS ERROR CAUGHT ======
Unhandled Promise: TypeError: Failed to fetch
=============================
====== JS ERROR CAUGHT ======
Unhandled Promise: TypeError: Failed to fetch
=============================
====== JS ERROR CAUGHT ======
Unhandled Promise: TypeError: Failed to fetch
=============================
====== JS ERROR CAUGHT ======
Unhandled Promise: TypeError: Failed to fetch
=============================
====== JS ERROR CAUGHT ======
Unhandled Promise: TypeError: Failed to fetch
=============================
====== JS ERROR CAUGHT ======
Unhandled Promise: TypeError: Failed to fetch
=============================
====== JS ERROR CAUGHT ======
Unhandled Promise: TypeError: Failed to fetch
=============================
====== JS ERROR CAUGHT ======
Unhandled Promise: TypeError: Failed to fetch
=============================
====== JS ERROR CAUGHT ======
Unhandled Promise: TypeError: Failed to fetch
=============================
====== JS ERROR CAUGHT ======
Unhandled Promise: TypeError: Failed to fetch
=============================
====== JS ERROR CAUGHT ======
Unhandled Promise: TypeError: Failed to fetch
=============================
====== JS ERROR CAUGHT ======
Unhandled Promise: TypeError: Failed to fetch
=============================
====== JS ERROR CAUGHT ======
Unhandled Promise: TypeError: Failed to fetch
=============================
====== JS ERROR CAUGHT ======
Unhandled Promise: TypeError: Failed to fetch
=============================
====== JS ERROR CAUGHT ======
Unhandled Promise: TypeError: Failed to fetch
=============================
====== JS ERROR CAUGHT ======
Unhandled Promise: TypeError: Failed to fetch
=============================
====== JS ERROR CAUGHT ======
Unhandled Promise: TypeError: Failed to fetch
=============================
====== JS ERROR CAUGHT ======
Unhandled Promise: TypeError: Failed to fetch
=============================
====== JS ERROR CAUGHT ======
Unhandled Promise: TypeError: Failed to fetch
=============================
====== JS ERROR CAUGHT ======
Unhandled Promise: TypeError: Failed to fetch
=============================
====== JS ERROR CAUGHT ======
Unhandled Promise: TypeError: Failed to fetch
=============================
====== JS ERROR CAUGHT ======
Unhandled Promise: TypeError: Failed to fetch
=============================
====== JS ERROR CAUGHT ======
Unhandled Promise: TypeError: Failed to fetch
=============================
====== JS ERROR CAUGHT ======
Unhandled Promise: TypeError: Failed to fetch
=============================
====== JS ERROR CAUGHT ======
Unhandled Promise: TypeError: Failed to fetch
=============================
====== JS ERROR CAUGHT ======
Unhandled Promise: TypeError: Failed to fetch
=============================
====== JS ERROR CAUGHT ======
Unhandled Promise: TypeError: Failed to fetch
=============================
====== JS ERROR CAUGHT ======
Unhandled Promise: TypeError: Failed to fetch
=============================
====== JS ERROR CAUGHT ======
Unhandled Promise: TypeError: Failed to fetch
=============================
====== JS ERROR CAUGHT ======
Unhandled Promise: TypeError: Failed to fetch
=============================
====== JS ERROR CAUGHT ======
Unhandled Promise: TypeError: Failed to fetch
=============================
====== JS ERROR CAUGHT ======
Unhandled Promise: TypeError: Failed to fetch
=============================
====== JS ERROR CAUGHT ======
Unhandled Promise: TypeError: Failed to fetch
=============================
====== JS ERROR CAUGHT ======
Unhandled Promise: TypeError: Failed to fetch
=============================
====== JS ERROR CAUGHT ======
Unhandled Promise: TypeError: Failed to fetch
=============================
====== JS ERROR CAUGHT ======
Unhandled Promise: TypeError: Failed to fetch
=============================
====== JS ERROR CAUGHT ======
Unhandled Promise: TypeError: Failed to fetch
=============================
====== JS ERROR CAUGHT ======
Unhandled Promise: TypeError: Failed to fetch
=============================
====== JS ERROR CAUGHT ======
Unhandled Promise: TypeError: Failed to fetch
=============================
====== JS ERROR CAUGHT ======
Unhandled Promise: TypeError: Failed to fetch
=============================
====== JS ERROR CAUGHT ======
Unhandled Promise: TypeError: Failed to fetch
=============================
====== JS ERROR CAUGHT ======
Unhandled Promise: TypeError: Failed to fetch
=============================
====== JS ERROR CAUGHT ======
Unhandled Promise: TypeError: Failed to fetch
=============================
====== JS ERROR CAUGHT ======
Unhandled Promise: TypeError: Failed to fetch
=============================
====== JS ERROR CAUGHT ======
Unhandled Promise: TypeError: Failed to fetch
=============================
====== JS ERROR CAUGHT ======
Unhandled Promise: TypeError: Failed to fetch
=============================
====== JS ERROR CAUGHT ======
Unhandled Promise: TypeError: Failed to fetch
=============================
====== JS ERROR CAUGHT ======
Unhandled Promise: TypeError: Failed to fetch
=============================
====== JS ERROR CAUGHT ======
Unhandled Promise: TypeError: Failed to fetch
=============================
====== JS ERROR CAUGHT ======
Unhandled Promise: TypeError: Failed to fetch
=============================
====== JS ERROR CAUGHT ======
Unhandled Promise: TypeError: Failed to fetch
=============================
====== JS ERROR CAUGHT ======
Unhandled Promise: TypeError: Failed to fetch
=============================
====== JS ERROR CAUGHT ======
Unhandled Promise: TypeError: Failed to fetch
=============================
====== JS ERROR CAUGHT ======
Unhandled Promise: TypeError: Failed to fetch
=============================
====== JS ERROR CAUGHT ======
Unhandled Promise: TypeError: Failed to fetch
=============================
====== JS ERROR CAUGHT ======
Unhandled Promise: TypeError: Failed to fetch
=============================
====== JS ERROR CAUGHT ======
Unhandled Promise: TypeError: Failed to fetch
=============================
====== JS ERROR CAUGHT ======
Unhandled Promise: TypeError: Failed to fetch
=============================
====== JS ERROR CAUGHT ======
Unhandled Promise: TypeError: Failed to fetch
=============================
====== JS ERROR CAUGHT ======
Unhandled Promise: TypeError: Failed to fetch
=============================
====== JS ERROR CAUGHT ======
Unhandled Promise: TypeError: Failed to fetch
=============================
====== JS ERROR CAUGHT ======
Unhandled Promise: TypeError: Failed to fetch
=============================
====== JS ERROR CAUGHT ======
Unhandled Promise: TypeError: Failed to fetch
=============================
====== JS ERROR CAUGHT ======
Unhandled Promise: TypeError: Failed to fetch
=============================
====== JS ERROR CAUGHT ======
Unhandled Promise: TypeError: Failed to fetch
=============================
====== JS ERROR CAUGHT ======
Unhandled Promise: TypeError: Failed to fetch
=============================
====== JS ERROR CAUGHT ======
Unhandled Promise: TypeError: Failed to fetch
=============================
====== JS ERROR CAUGHT ======
Unhandled Promise: TypeError: Failed to fetch
=============================
====== JS ERROR CAUGHT ======
Unhandled Promise: TypeError: Failed to fetch
=============================
====== JS ERROR CAUGHT ======
Unhandled Promise: TypeError: Failed to fetch
=============================
====== JS ERROR CAUGHT ======
Unhandled Promise: TypeError: Failed to fetch
=============================
====== JS ERROR CAUGHT ======
Unhandled Promise: TypeError: Failed to fetch
=============================
====== JS ERROR CAUGHT ======
Unhandled Promise: TypeError: Failed to fetch
=============================
====== JS ERROR CAUGHT ======
Unhandled Promise: TypeError: Failed to fetch
=============================
====== JS ERROR CAUGHT ======
Unhandled Promise: TypeError: Failed to fetch
=============================
====== JS ERROR CAUGHT ======
Unhandled Promise: TypeError: Failed to fetch
=============================
====== JS ERROR CAUGHT ======
Unhandled Promise: TypeError: Failed to fetch
=============================
====== JS ERROR CAUGHT ======
Unhandled Promise: TypeError: Failed to fetch
=============================
====== JS ERROR CAUGHT ======
Unhandled Promise: TypeError: Failed to fetch
=============================
====== JS ERROR CAUGHT ======
Unhandled Promise: TypeError: Failed to fetch
=============================
====== JS ERROR CAUGHT ======
Unhandled Promise: TypeError: Failed to fetch
=============================
====== JS ERROR CAUGHT ======
Unhandled Promise: TypeError: Failed to fetch
=============================
====== JS ERROR CAUGHT ======
Unhandled Promise: TypeError: Failed to fetch
=============================
====== JS ERROR CAUGHT ======
Unhandled Promise: TypeError: Failed to fetch
=============================
====== JS ERROR CAUGHT ======
Unhandled Promise: TypeError: Failed to fetch
=============================
====== JS ERROR CAUGHT ======
Unhandled Promise: TypeError: Failed to fetch
=============================
====== JS ERROR CAUGHT ======
Unhandled Promise: TypeError: Failed to fetch
=============================
====== JS ERROR CAUGHT ======
Unhandled Promise: TypeError: Failed to fetch
=============================
====== JS ERROR CAUGHT ======
Unhandled Promise: TypeError: Failed to fetch
=============================
====== JS ERROR CAUGHT ======
Unhandled Promise: TypeError: Failed to fetch
=============================
====== JS ERROR CAUGHT ======
Unhandled Promise: TypeError: Failed to fetch
=============================
====== JS ERROR CAUGHT ======
Unhandled Promise: TypeError: Failed to fetch
=============================
====== JS ERROR CAUGHT ======
Unhandled Promise: TypeError: Failed to fetch
=============================
====== JS ERROR CAUGHT ======
Unhandled Promise: TypeError: Failed to fetch
=============================
====== JS ERROR CAUGHT ======
Unhandled Promise: TypeError: Failed to fetch
=============================
====== JS ERROR CAUGHT ======
Unhandled Promise: TypeError: Failed to fetch
=============================
====== JS ERROR CAUGHT ======
Unhandled Promise: TypeError: Failed to fetch
=============================
====== JS ERROR CAUGHT ======
Unhandled Promise: TypeError: Failed to fetch
=============================
====== JS ERROR CAUGHT ======
Unhandled Promise: TypeError: Failed to fetch
=============================
====== JS ERROR CAUGHT ======
Unhandled Promise: TypeError: Failed to fetch
=============================
====== JS ERROR CAUGHT ======
Unhandled Promise: TypeError: Failed to fetch
=============================
====== JS ERROR CAUGHT ======
Unhandled Promise: TypeError: Failed to fetch
=============================
====== JS ERROR CAUGHT ======
Unhandled Promise: TypeError: Failed to fetch
=============================
====== JS ERROR CAUGHT ======
Unhandled Promise: TypeError: Failed to fetch
=============================
====== JS ERROR CAUGHT ======
Unhandled Promise: TypeError: Failed to fetch
=============================
====== JS ERROR CAUGHT ======
Unhandled Promise: TypeError: Failed to fetch
=============================
====== JS ERROR CAUGHT ======
Unhandled Promise: TypeError: Failed to fetch
=============================
====== JS ERROR CAUGHT ======
Unhandled Promise: TypeError: Failed to fetch
=============================
====== JS ERROR CAUGHT ======
Unhandled Promise: TypeError: Failed to fetch
=============================
====== JS ERROR CAUGHT ======
Unhandled Promise: TypeError: Failed to fetch
=============================
====== JS ERROR CAUGHT ======
Unhandled Promise: TypeError: Failed to fetch
=============================
====== JS ERROR CAUGHT ======
Unhandled Promise: TypeError: Failed to fetch
=============================
====== JS ERROR CAUGHT ======
Unhandled Promise: TypeError: Failed to fetch
=============================
====== JS ERROR CAUGHT ======
Unhandled Promise: TypeError: Failed to fetch
=============================
====== JS ERROR CAUGHT ======
Unhandled Promise: TypeError: Failed to fetch
=============================
====== JS ERROR CAUGHT ======
Unhandled Promise: TypeError: Failed to fetch
=============================
====== JS ERROR CAUGHT ======
Unhandled Promise: TypeError: Failed to fetch
=============================
====== JS ERROR CAUGHT ======
Unhandled Promise: TypeError: Failed to fetch
=============================
====== JS ERROR CAUGHT ======
Unhandled Promise: TypeError: Failed to fetch
=============================
====== JS ERROR CAUGHT ======
Unhandled Promise: TypeError: Failed to fetch
=============================
====== JS ERROR CAUGHT ======
Unhandled Promise: TypeError: Failed to fetch
=============================
====== JS ERROR CAUGHT ======
Unhandled Promise: TypeError: Failed to fetch
=============================
====== JS ERROR CAUGHT ======
Unhandled Promise: TypeError: Failed to fetch
=============================
====== JS ERROR CAUGHT ======
Unhandled Promise: TypeError: Failed to fetch
=============================
====== JS ERROR CAUGHT ======
Unhandled Promise: TypeError: Failed to fetch
=============================
====== JS ERROR CAUGHT ======
Unhandled Promise: TypeError: Failed to fetch
=============================
====== JS ERROR CAUGHT ======
Unhandled Promise: TypeError: Failed to fetch
=============================
====== JS ERROR CAUGHT ======
Unhandled Promise: TypeError: Failed to fetch
=============================
====== JS ERROR CAUGHT ======
Unhandled Promise: TypeError: Failed to fetch
=============================
====== JS ERROR CAUGHT ======
Unhandled Promise: TypeError: Failed to fetch
=============================
====== JS ERROR CAUGHT ======
Unhandled Promise: TypeError: Failed to fetch
=============================
====== JS ERROR CAUGHT ======
Unhandled Promise: TypeError: Failed to fetch
=============================
====== JS ERROR CAUGHT ======
Unhandled Promise: TypeError: Failed to fetch
=============================
====== JS ERROR CAUGHT ======
Unhandled Promise: TypeError: Failed to fetch
=============================
====== JS ERROR CAUGHT ======
Unhandled Promise: TypeError: Failed to fetch
=============================
====== JS ERROR CAUGHT ======
Unhandled Promise: TypeError: Failed to fetch
=============================
====== JS ERROR CAUGHT ======
Unhandled Promise: TypeError: Failed to fetch
=============================
====== JS ERROR CAUGHT ======
Unhandled Promise: TypeError: Failed to fetch
=============================
====== JS ERROR CAUGHT ======
Unhandled Promise: TypeError: Failed to fetch
=============================
====== JS ERROR CAUGHT ======
Unhandled Promise: TypeError: Failed to fetch
=============================
====== JS ERROR CAUGHT ======
Unhandled Promise: TypeError: Failed to fetch
=============================
====== JS ERROR CAUGHT ======
Unhandled Promise: TypeError: Failed to fetch
=============================
====== JS ERROR CAUGHT ======
Unhandled Promise: TypeError: Failed to fetch
=============================
====== JS ERROR CAUGHT ======
Unhandled Promise: TypeError: Failed to fetch
=============================
====== JS ERROR CAUGHT ======
Unhandled Promise: TypeError: Failed to fetch
=============================
====== JS ERROR CAUGHT ======
Unhandled Promise: TypeError: Failed to fetch
=============================
====== JS ERROR CAUGHT ======
Unhandled Promise: TypeError: Failed to fetch
=============================
====== JS ERROR CAUGHT ======
Unhandled Promise: TypeError: Failed to fetch
=============================
====== JS ERROR CAUGHT ======
Unhandled Promise: TypeError: Failed to fetch
=============================
====== JS ERROR CAUGHT ======
Unhandled Promise: TypeError: Failed to fetch
=============================
====== JS ERROR CAUGHT ======
Unhandled Promise: TypeError: Failed to fetch
=============================
====== JS ERROR CAUGHT ======
Unhandled Promise: TypeError: Failed to fetch
=============================
====== JS ERROR CAUGHT ======
Unhandled Promise: TypeError: Failed to fetch
=============================
====== JS ERROR CAUGHT ======
Unhandled Promise: TypeError: Failed to fetch
=============================
====== JS ERROR CAUGHT ======
Unhandled Promise: TypeError: Failed to fetch
=============================
====== JS ERROR CAUGHT ======
Unhandled Promise: TypeError: Failed to fetch
=============================
====== JS ERROR CAUGHT ======
Unhandled Promise: TypeError: Failed to fetch
=============================
====== JS ERROR CAUGHT ======
Unhandled Promise: TypeError: Failed to fetch
=============================
====== JS ERROR CAUGHT ======
Unhandled Promise: TypeError: Failed to fetch
=============================
====== JS ERROR CAUGHT ======
Unhandled Promise: TypeError: Failed to fetch
=============================
====== JS ERROR CAUGHT ======
Unhandled Promise: TypeError: Failed to fetch
=============================
====== JS ERROR CAUGHT ======
Unhandled Promise: TypeError: Failed to fetch
=============================
====== JS ERROR CAUGHT ======
Unhandled Promise: TypeError: Failed to fetch
=============================
====== JS ERROR CAUGHT ======
Unhandled Promise: TypeError: Failed to fetch
=============================
====== JS ERROR CAUGHT ======
Unhandled Promise: TypeError: Failed to fetch
=============================
====== JS ERROR CAUGHT ======
Unhandled Promise: TypeError: Failed to fetch
=============================
====== JS ERROR CAUGHT ======
Unhandled Promise: TypeError: Failed to fetch
=============================
====== JS ERROR CAUGHT ======
Unhandled Promise: TypeError: Failed to fetch
=============================
====== JS ERROR CAUGHT ======
Unhandled Promise: TypeError: Failed to fetch
=============================
====== JS ERROR CAUGHT ======
Unhandled Promise: TypeError: Failed to fetch
=============================
====== JS ERROR CAUGHT ======
Unhandled Promise: TypeError: Failed to fetch
=============================
====== JS ERROR CAUGHT ======
Unhandled Promise: TypeError: Failed to fetch
=============================
====== JS ERROR CAUGHT ======
Unhandled Promise: TypeError: Failed to fetch
=============================
====== JS ERROR CAUGHT ======
Unhandled Promise: TypeError: Failed to fetch
=============================
====== JS ERROR CAUGHT ======
Unhandled Promise: TypeError: Failed to fetch
=============================
====== JS ERROR CAUGHT ======
Unhandled Promise: TypeError: Failed to fetch
=============================
====== JS ERROR CAUGHT ======
Unhandled Promise: TypeError: Failed to fetch
=============================
====== JS ERROR CAUGHT ======
Unhandled Promise: TypeError: Failed to fetch
=============================
====== JS ERROR CAUGHT ======
Unhandled Promise: TypeError: Failed to fetch
=============================
====== JS ERROR CAUGHT ======
Unhandled Promise: TypeError: Failed to fetch
=============================
====== JS ERROR CAUGHT ======
Unhandled Promise: TypeError: Failed to fetch
=============================
====== JS ERROR CAUGHT ======
Unhandled Promise: TypeError: Failed to fetch
=============================
====== JS ERROR CAUGHT ======
Unhandled Promise: TypeError: Failed to fetch
=============================
====== JS ERROR CAUGHT ======
Unhandled Promise: TypeError: Failed to fetch
=============================
====== JS ERROR CAUGHT ======
Unhandled Promise: TypeError: Failed to fetch
=============================
====== JS ERROR CAUGHT ======
Unhandled Promise: TypeError: Failed to fetch
=============================
====== JS ERROR CAUGHT ======
Unhandled Promise: TypeError: Failed to fetch
=============================
====== JS ERROR CAUGHT ======
Unhandled Promise: TypeError: Failed to fetch
=============================
====== JS ERROR CAUGHT ======
Unhandled Promise: TypeError: Failed to fetch
=============================
====== JS ERROR CAUGHT ======
Unhandled Promise: TypeError: Failed to fetch
=============================
====== JS ERROR CAUGHT ======
Unhandled Promise: TypeError: Failed to fetch
=============================
====== JS ERROR CAUGHT ======
Unhandled Promise: TypeError: Failed to fetch
=============================
====== JS ERROR CAUGHT ======
Unhandled Promise: TypeError: Failed to fetch
=============================
====== JS ERROR CAUGHT ======
Unhandled Promise: TypeError: Failed to fetch
=============================
====== JS ERROR CAUGHT ======
Unhandled Promise: TypeError: Failed to fetch
=============================
====== JS ERROR CAUGHT ======
Unhandled Promise: TypeError: Failed to fetch
=============================
====== JS ERROR CAUGHT ======
Unhandled Promise: TypeError: Failed to fetch
=============================
====== JS ERROR CAUGHT ======
Unhandled Promise: TypeError: Failed to fetch
=============================
====== JS ERROR CAUGHT ======
Unhandled Promise: TypeError: Failed to fetch
=============================
====== JS ERROR CAUGHT ======
Unhandled Promise: TypeError: Failed to fetch
=============================
====== JS ERROR CAUGHT ======
Unhandled Promise: TypeError: Failed to fetch
=============================
====== JS ERROR CAUGHT ======
Unhandled Promise: TypeError: Failed to fetch
=============================
====== JS ERROR CAUGHT ======
Unhandled Promise: TypeError: Failed to fetch
=============================
====== JS ERROR CAUGHT ======
Unhandled Promise: TypeError: Failed to fetch
=============================
====== JS ERROR CAUGHT ======
Unhandled Promise: TypeError: Failed to fetch
=============================
====== JS ERROR CAUGHT ======
Unhandled Promise: TypeError: Failed to fetch
=============================
====== JS ERROR CAUGHT ======
Unhandled Promise: TypeError: Failed to fetch
=============================
====== JS ERROR CAUGHT ======
Unhandled Promise: TypeError: Failed to fetch
=============================
====== JS ERROR CAUGHT ======
Unhandled Promise: TypeError: Failed to fetch
=============================
====== JS ERROR CAUGHT ======
Unhandled Promise: TypeError: Failed to fetch
=============================
====== JS ERROR CAUGHT ======
Unhandled Promise: TypeError: Failed to fetch
=============================
====== JS ERROR CAUGHT ======
Unhandled Promise: TypeError: Failed to fetch
=============================
====== JS ERROR CAUGHT ======
Unhandled Promise: TypeError: Failed to fetch
=============================
====== JS ERROR CAUGHT ======
Unhandled Promise: TypeError: Failed to fetch
=============================
====== JS ERROR CAUGHT ======
Unhandled Promise: TypeError: Failed to fetch
=============================
====== JS ERROR CAUGHT ======
Unhandled Promise: TypeError: Failed to fetch
=============================
====== JS ERROR CAUGHT ======
Unhandled Promise: TypeError: Failed to fetch
=============================
====== JS ERROR CAUGHT ======
Unhandled Promise: TypeError: Failed to fetch
=============================
====== JS ERROR CAUGHT ======
Unhandled Promise: TypeError: Failed to fetch
=============================
====== JS ERROR CAUGHT ======
Unhandled Promise: TypeError: Failed to fetch
=============================
====== JS ERROR CAUGHT ======
Unhandled Promise: TypeError: Failed to fetch
=============================
====== JS ERROR CAUGHT ======
Unhandled Promise: TypeError: Failed to fetch
=============================
====== JS ERROR CAUGHT ======
Unhandled Promise: TypeError: Failed to fetch
=============================
====== JS ERROR CAUGHT ======
Unhandled Promise: TypeError: Failed to fetch
=============================
====== JS ERROR CAUGHT ======
Unhandled Promise: TypeError: Failed to fetch
=============================
====== JS ERROR CAUGHT ======
Unhandled Promise: TypeError: Failed to fetch
=============================
====== JS ERROR CAUGHT ======
Unhandled Promise: TypeError: Failed to fetch
=============================
====== JS ERROR CAUGHT ======
Unhandled Promise: TypeError: Failed to fetch
=============================
====== JS ERROR CAUGHT ======
Unhandled Promise: TypeError: Failed to fetch
=============================
====== JS ERROR CAUGHT ======
Unhandled Promise: TypeError: Failed to fetch
=============================
====== JS ERROR CAUGHT ======
Unhandled Promise: TypeError: Failed to fetch
=============================
====== JS ERROR CAUGHT ======
Unhandled Promise: TypeError: Failed to fetch
=============================
====== JS ERROR CAUGHT ======
Unhandled Promise: TypeError: Failed to fetch
=============================
====== JS ERROR CAUGHT ======
Unhandled Promise: TypeError: Failed to fetch
=============================
====== JS ERROR CAUGHT ======
Unhandled Promise: TypeError: Failed to fetch
=============================
====== JS ERROR CAUGHT ======
Unhandled Promise: TypeError: Failed to fetch
=============================
====== JS ERROR CAUGHT ======
Unhandled Promise: TypeError: Failed to fetch
=============================
====== JS ERROR CAUGHT ======
Unhandled Promise: TypeError: Failed to fetch
=============================
====== JS ERROR CAUGHT ======
Unhandled Promise: TypeError: Failed to fetch
=============================
====== JS ERROR CAUGHT ======
Unhandled Promise: TypeError: Failed to fetch
=============================
====== JS ERROR CAUGHT ======
Unhandled Promise: TypeError: Failed to fetch
=============================
====== JS ERROR CAUGHT ======
Unhandled Promise: TypeError: Failed to fetch
=============================
====== JS ERROR CAUGHT ======
Unhandled Promise: TypeError: Failed to fetch
=============================
====== JS ERROR CAUGHT ======
Unhandled Promise: TypeError: Failed to fetch
=============================
====== JS ERROR CAUGHT ======
Unhandled Promise: TypeError: Failed to fetch
=============================
====== JS ERROR CAUGHT ======
Unhandled Promise: TypeError: Failed to fetch
=============================
====== JS ERROR CAUGHT ======
Unhandled Promise: TypeError: Failed to fetch
=============================
====== JS ERROR CAUGHT ======
Unhandled Promise: TypeError: Failed to fetch
=============================
====== JS ERROR CAUGHT ======
Unhandled Promise: TypeError: Failed to fetch
=============================
====== JS ERROR CAUGHT ======
Unhandled Promise: TypeError: Failed to fetch
=============================
====== JS ERROR CAUGHT ======
Unhandled Promise: TypeError: Failed to fetch
=============================
====== JS ERROR CAUGHT ======
Unhandled Promise: TypeError: Failed to fetch
=============================
====== JS ERROR CAUGHT ======
Unhandled Promise: TypeError: Failed to fetch
=============================
====== JS ERROR CAUGHT ======
Unhandled Promise: TypeError: Failed to fetch
=============================
====== JS ERROR CAUGHT ======
Unhandled Promise: TypeError: Failed to fetch
=============================
====== JS ERROR CAUGHT ======
Unhandled Promise: TypeError: Failed to fetch
=============================
====== JS ERROR CAUGHT ======
Unhandled Promise: TypeError: Failed to fetch
=============================
====== JS ERROR CAUGHT ======
Unhandled Promise: TypeError: Failed to fetch
=============================
====== JS ERROR CAUGHT ======
Unhandled Promise: TypeError: Failed to fetch
=============================
====== JS ERROR CAUGHT ======
Unhandled Promise: TypeError: Failed to fetch
=============================
====== JS ERROR CAUGHT ======
Unhandled Promise: TypeError: Failed to fetch
=============================
====== JS ERROR CAUGHT ======
Unhandled Promise: TypeError: Failed to fetch
=============================
====== JS ERROR CAUGHT ======
Unhandled Promise: TypeError: Failed to fetch
=============================
====== JS ERROR CAUGHT ======
Unhandled Promise: TypeError: Failed to fetch
=============================
====== JS ERROR CAUGHT ======
Unhandled Promise: TypeError: Failed to fetch
=============================
====== JS ERROR CAUGHT ======
Unhandled Promise: TypeError: Failed to fetch
=============================
====== JS ERROR CAUGHT ======
Unhandled Promise: TypeError: Failed to fetch
=============================
====== JS ERROR CAUGHT ======
Unhandled Promise: TypeError: Failed to fetch
=============================
====== JS ERROR CAUGHT ======
Unhandled Promise: TypeError: Failed to fetch
=============================
====== JS ERROR CAUGHT ======
Unhandled Promise: TypeError: Failed to fetch
=============================
====== JS ERROR CAUGHT ======
Unhandled Promise: TypeError: Failed to fetch
=============================
====== JS ERROR CAUGHT ======
Unhandled Promise: TypeError: Failed to fetch
=============================
====== JS ERROR CAUGHT ======
Unhandled Promise: TypeError: Failed to fetch
=============================
====== JS ERROR CAUGHT ======
Unhandled Promise: TypeError: Failed to fetch
=============================
====== JS ERROR CAUGHT ======
Unhandled Promise: TypeError: Failed to fetch
=============================
====== JS ERROR CAUGHT ======
Unhandled Promise: TypeError: Failed to fetch
=============================
====== JS ERROR CAUGHT ======
Unhandled Promise: TypeError: Failed to fetch
=============================
====== JS ERROR CAUGHT ======
Unhandled Promise: TypeError: Failed to fetch
=============================
====== JS ERROR CAUGHT ======
Unhandled Promise: TypeError: Failed to fetch
=============================
====== JS ERROR CAUGHT ======
Unhandled Promise: TypeError: Failed to fetch
=============================
====== JS ERROR CAUGHT ======
Unhandled Promise: TypeError: Failed to fetch
=============================
====== JS ERROR CAUGHT ======
Unhandled Promise: TypeError: Failed to fetch
=============================
====== JS ERROR CAUGHT ======
Unhandled Promise: TypeError: Failed to fetch
=============================
====== JS ERROR CAUGHT ======
Unhandled Promise: TypeError: Failed to fetch
=============================
====== JS ERROR CAUGHT ======
Unhandled Promise: TypeError: Failed to fetch
=============================
====== JS ERROR CAUGHT ======
Unhandled Promise: TypeError: Failed to fetch
=============================
====== JS ERROR CAUGHT ======
Unhandled Promise: TypeError: Failed to fetch
=============================
====== JS ERROR CAUGHT ======
Unhandled Promise: TypeError: Failed to fetch
=============================
====== JS ERROR CAUGHT ======
Unhandled Promise: TypeError: Failed to fetch
=============================
====== JS ERROR CAUGHT ======
Unhandled Promise: TypeError: Failed to fetch
=============================
====== JS ERROR CAUGHT ======
Unhandled Promise: TypeError: Failed to fetch
=============================
====== JS ERROR CAUGHT ======
Unhandled Promise: TypeError: Failed to fetch
=============================
====== JS ERROR CAUGHT ======
Unhandled Promise: TypeError: Failed to fetch
=============================
====== JS ERROR CAUGHT ======
Unhandled Promise: TypeError: Failed to fetch
=============================
====== JS ERROR CAUGHT ======
Unhandled Promise: TypeError: Failed to fetch
=============================
====== JS ERROR CAUGHT ======
Unhandled Promise: TypeError: Failed to fetch
=============================
====== JS ERROR CAUGHT ======
Unhandled Promise: TypeError: Failed to fetch
=============================
====== JS ERROR CAUGHT ======
Unhandled Promise: TypeError: Failed to fetch
=============================
====== JS ERROR CAUGHT ======
Unhandled Promise: TypeError: Failed to fetch
=============================
====== JS ERROR CAUGHT ======
Unhandled Promise: TypeError: Failed to fetch
=============================
====== JS ERROR CAUGHT ======
Unhandled Promise: TypeError: Failed to fetch
=============================
====== JS ERROR CAUGHT ======
Unhandled Promise: TypeError: Failed to fetch
=============================
====== JS ERROR CAUGHT ======
Unhandled Promise: TypeError: Failed to fetch
=============================
====== JS ERROR CAUGHT ======
Unhandled Promise: TypeError: Failed to fetch
=============================
====== JS ERROR CAUGHT ======
Unhandled Promise: TypeError: Failed to fetch
=============================
====== JS ERROR CAUGHT ======
Unhandled Promise: TypeError: Failed to fetch
=============================
====== JS ERROR CAUGHT ======
Unhandled Promise: TypeError: Failed to fetch
=============================
====== JS ERROR CAUGHT ======
Unhandled Promise: TypeError: Failed to fetch
=============================
====== JS ERROR CAUGHT ======
Unhandled Promise: TypeError: Failed to fetch
=============================
====== JS ERROR CAUGHT ======
Unhandled Promise: TypeError: Failed to fetch
=============================
====== JS ERROR CAUGHT ======
Unhandled Promise: TypeError: Failed to fetch
=============================
====== JS ERROR CAUGHT ======
Unhandled Promise: TypeError: Failed to fetch
=============================
====== JS ERROR CAUGHT ======
Unhandled Promise: TypeError: Failed to fetch
=============================
====== JS ERROR CAUGHT ======
Unhandled Promise: TypeError: Failed to fetch
=============================
====== JS ERROR CAUGHT ======
Unhandled Promise: TypeError: Failed to fetch
=============================
====== JS ERROR CAUGHT ======
Unhandled Promise: TypeError: Failed to fetch
=============================
====== JS ERROR CAUGHT ======
Unhandled Promise: TypeError: Failed to fetch
=============================
====== JS ERROR CAUGHT ======
Unhandled Promise: TypeError: Failed to fetch
=============================
====== JS ERROR CAUGHT ======
Unhandled Promise: TypeError: Failed to fetch
=============================
====== JS ERROR CAUGHT ======
Unhandled Promise: TypeError: Failed to fetch
=============================
====== JS ERROR CAUGHT ======
Unhandled Promise: TypeError: Failed to fetch
=============================
====== JS ERROR CAUGHT ======
Unhandled Promise: TypeError: Failed to fetch
=============================
====== JS ERROR CAUGHT ======
Unhandled Promise: TypeError: Failed to fetch
=============================
====== JS ERROR CAUGHT ======
Unhandled Promise: TypeError: Failed to fetch
=============================
====== JS ERROR CAUGHT ======
Unhandled Promise: TypeError: Failed to fetch
=============================
====== JS ERROR CAUGHT ======
Unhandled Promise: TypeError: Failed to fetch
=============================
====== JS ERROR CAUGHT ======
Unhandled Promise: TypeError: Failed to fetch
=============================
====== JS ERROR CAUGHT ======
Unhandled Promise: TypeError: Failed to fetch
=============================
====== JS ERROR CAUGHT ======
Unhandled Promise: TypeError: Failed to fetch
=============================
====== JS ERROR CAUGHT ======
Unhandled Promise: TypeError: Failed to fetch
=============================
====== JS ERROR CAUGHT ======
Unhandled Promise: TypeError: Failed to fetch
=============================
====== JS ERROR CAUGHT ======
Unhandled Promise: TypeError: Failed to fetch
=============================
====== JS ERROR CAUGHT ======
Unhandled Promise: TypeError: Failed to fetch
=============================
====== JS ERROR CAUGHT ======
Unhandled Promise: TypeError: Failed to fetch
=============================
====== JS ERROR CAUGHT ======
Unhandled Promise: TypeError: Failed to fetch
=============================
====== JS ERROR CAUGHT ======
Unhandled Promise: TypeError: Failed to fetch
=============================
====== JS ERROR CAUGHT ======
Unhandled Promise: TypeError: Failed to fetch
=============================
====== JS ERROR CAUGHT ======
Unhandled Promise: TypeError: Failed to fetch
=============================
====== JS ERROR CAUGHT ======
Unhandled Promise: TypeError: Failed to fetch
=============================
====== JS ERROR CAUGHT ======
Unhandled Promise: TypeError: Failed to fetch
=============================
====== JS ERROR CAUGHT ======
Unhandled Promise: TypeError: Failed to fetch
=============================
====== JS ERROR CAUGHT ======
Unhandled Promise: TypeError: Failed to fetch
=============================
====== JS ERROR CAUGHT ======
Unhandled Promise: TypeError: Failed to fetch
=============================
====== JS ERROR CAUGHT ======
Unhandled Promise: TypeError: Failed to fetch
=============================
====== JS ERROR CAUGHT ======
Unhandled Promise: TypeError: Failed to fetch
=============================
====== JS ERROR CAUGHT ======
Unhandled Promise: TypeError: Failed to fetch
=============================
====== JS ERROR CAUGHT ======
Unhandled Promise: TypeError: Failed to fetch
=============================
====== JS ERROR CAUGHT ======
Unhandled Promise: TypeError: Failed to fetch
=============================
====== JS ERROR CAUGHT ======
Unhandled Promise: TypeError: Failed to fetch
=============================
====== JS ERROR CAUGHT ======
Unhandled Promise: TypeError: Failed to fetch
=============================
====== JS ERROR CAUGHT ======
Unhandled Promise: TypeError: Failed to fetch
=============================
====== JS ERROR CAUGHT ======
Unhandled Promise: TypeError: Failed to fetch
=============================
====== JS ERROR CAUGHT ======
Unhandled Promise: TypeError: Failed to fetch
=============================
====== JS ERROR CAUGHT ======
Unhandled Promise: TypeError: Failed to fetch
=============================
====== JS ERROR CAUGHT ======
Unhandled Promise: TypeError: Failed to fetch
=============================
====== JS ERROR CAUGHT ======
Unhandled Promise: TypeError: Failed to fetch
=============================
====== JS ERROR CAUGHT ======
Unhandled Promise: TypeError: Failed to fetch
=============================
====== JS ERROR CAUGHT ======
Unhandled Promise: TypeError: Failed to fetch
=============================
====== JS ERROR CAUGHT ======
Unhandled Promise: TypeError: Failed to fetch
=============================
====== JS ERROR CAUGHT ======
Unhandled Promise: TypeError: Failed to fetch
=============================
====== JS ERROR CAUGHT ======
Unhandled Promise: TypeError: Failed to fetch
=============================
====== JS ERROR CAUGHT ======
Unhandled Promise: TypeError: Failed to fetch
=============================
====== JS ERROR CAUGHT ======
Unhandled Promise: TypeError: Failed to fetch
=============================
====== JS ERROR CAUGHT ======
Unhandled Promise: TypeError: Failed to fetch
=============================
====== JS ERROR CAUGHT ======
Unhandled Promise: TypeError: Failed to fetch
=============================
====== JS ERROR CAUGHT ======
Unhandled Promise: TypeError: Failed to fetch
=============================
====== JS ERROR CAUGHT ======
Unhandled Promise: TypeError: Failed to fetch
=============================
====== JS ERROR CAUGHT ======
Unhandled Promise: TypeError: Failed to fetch
=============================
====== JS ERROR CAUGHT ======
Unhandled Promise: TypeError: Failed to fetch
=============================
====== JS ERROR CAUGHT ======
Unhandled Promise: TypeError: Failed to fetch
=============================
====== JS ERROR CAUGHT ======
Unhandled Promise: TypeError: Failed to fetch
=============================
====== JS ERROR CAUGHT ======
Unhandled Promise: TypeError: Failed to fetch
=============================
====== JS ERROR CAUGHT ======
Unhandled Promise: TypeError: Failed to fetch
=============================
====== JS ERROR CAUGHT ======
Unhandled Promise: TypeError: Failed to fetch
=============================
====== JS ERROR CAUGHT ======
Unhandled Promise: TypeError: Failed to fetch
=============================
====== JS ERROR CAUGHT ======
Unhandled Promise: TypeError: Failed to fetch
=============================
====== JS ERROR CAUGHT ======
Unhandled Promise: TypeError: Failed to fetch
=============================
====== JS ERROR CAUGHT ======
Unhandled Promise: TypeError: Failed to fetch
=============================
====== JS ERROR CAUGHT ======
Unhandled Promise: TypeError: Failed to fetch
=============================
====== JS ERROR CAUGHT ======
Unhandled Promise: TypeError: Failed to fetch
=============================
====== JS ERROR CAUGHT ======
Unhandled Promise: TypeError: Failed to fetch
=============================
====== JS ERROR CAUGHT ======
Unhandled Promise: TypeError: Failed to fetch
=============================
====== JS ERROR CAUGHT ======
Unhandled Promise: TypeError: Failed to fetch
=============================
====== JS ERROR CAUGHT ======
Unhandled Promise: TypeError: Failed to fetch
=============================
====== JS ERROR CAUGHT ======
Unhandled Promise: TypeError: Failed to fetch
=============================
====== JS ERROR CAUGHT ======
Unhandled Promise: TypeError: Failed to fetch
=============================
====== JS ERROR CAUGHT ======
Unhandled Promise: TypeError: Failed to fetch
=============================
====== JS ERROR CAUGHT ======
Unhandled Promise: TypeError: Failed to fetch
=============================
====== JS ERROR CAUGHT ======
Unhandled Promise: TypeError: Failed to fetch
=============================
====== JS ERROR CAUGHT ======
Unhandled Promise: TypeError: Failed to fetch
=============================
====== JS ERROR CAUGHT ======
Unhandled Promise: TypeError: Failed to fetch
=============================
====== JS ERROR CAUGHT ======
Unhandled Promise: TypeError: Failed to fetch
=============================
====== JS ERROR CAUGHT ======
Unhandled Promise: TypeError: Failed to fetch
=============================
====== JS ERROR CAUGHT ======
Unhandled Promise: TypeError: Failed to fetch
=============================
====== JS ERROR CAUGHT ======
Unhandled Promise: TypeError: Failed to fetch
=============================
====== JS ERROR CAUGHT ======
Unhandled Promise: TypeError: Failed to fetch
=============================
====== JS ERROR CAUGHT ======
Unhandled Promise: TypeError: Failed to fetch
=============================
====== JS ERROR CAUGHT ======
Unhandled Promise: TypeError: Failed to fetch
=============================
====== JS ERROR CAUGHT ======
Unhandled Promise: TypeError: Failed to fetch
=============================
====== JS ERROR CAUGHT ======
Unhandled Promise: TypeError: Failed to fetch
=============================
====== JS ERROR CAUGHT ======
Unhandled Promise: TypeError: Failed to fetch
=============================
====== JS ERROR CAUGHT ======
Unhandled Promise: TypeError: Failed to fetch
=============================
====== JS ERROR CAUGHT ======
Unhandled Promise: TypeError: Failed to fetch
=============================
====== JS ERROR CAUGHT ======
Unhandled Promise: TypeError: Failed to fetch
=============================
====== JS ERROR CAUGHT ======
Unhandled Promise: TypeError: Failed to fetch
=============================
====== JS ERROR CAUGHT ======
Unhandled Promise: TypeError: Failed to fetch
=============================
====== JS ERROR CAUGHT ======
Unhandled Promise: TypeError: Failed to fetch
=============================
====== JS ERROR CAUGHT ======
Unhandled Promise: TypeError: Failed to fetch
=============================
====== JS ERROR CAUGHT ======
Unhandled Promise: TypeError: Failed to fetch
=============================
====== JS ERROR CAUGHT ======
Unhandled Promise: TypeError: Failed to fetch
=============================
====== JS ERROR CAUGHT ======
Unhandled Promise: TypeError: Failed to fetch
=============================
====== JS ERROR CAUGHT ======
Unhandled Promise: TypeError: Failed to fetch
=============================
====== JS ERROR CAUGHT ======
Unhandled Promise: TypeError: Failed to fetch
=============================
====== JS ERROR CAUGHT ======
Unhandled Promise: TypeError: Failed to fetch
=============================
====== JS ERROR CAUGHT ======
Unhandled Promise: TypeError: Failed to fetch
=============================
====== JS ERROR CAUGHT ======
Unhandled Promise: TypeError: Failed to fetch
=============================
====== JS ERROR CAUGHT ======
Unhandled Promise: TypeError: Failed to fetch
=============================
====== JS ERROR CAUGHT ======
Unhandled Promise: TypeError: Failed to fetch
=============================
====== JS ERROR CAUGHT ======
Unhandled Promise: TypeError: Failed to fetch
=============================
====== JS ERROR CAUGHT ======
Unhandled Promise: TypeError: Failed to fetch
=============================
====== JS ERROR CAUGHT ======
Unhandled Promise: TypeError: Failed to fetch
=============================
====== JS ERROR CAUGHT ======
Unhandled Promise: TypeError: Failed to fetch
=============================
====== JS ERROR CAUGHT ======
Unhandled Promise: TypeError: Failed to fetch
=============================
====== JS ERROR CAUGHT ======
Unhandled Promise: TypeError: Failed to fetch
=============================
====== JS ERROR CAUGHT ======
Unhandled Promise: TypeError: Failed to fetch
=============================
====== JS ERROR CAUGHT ======
Unhandled Promise: TypeError: Failed to fetch
=============================
====== JS ERROR CAUGHT ======
Unhandled Promise: TypeError: Failed to fetch
=============================
====== JS ERROR CAUGHT ======
Unhandled Promise: TypeError: Failed to fetch
=============================
====== JS ERROR CAUGHT ======
Unhandled Promise: TypeError: Failed to fetch
=============================
====== JS ERROR CAUGHT ======
Unhandled Promise: TypeError: Failed to fetch
=============================
====== JS ERROR CAUGHT ======
Unhandled Promise: TypeError: Failed to fetch
=============================
====== JS ERROR CAUGHT ======
Unhandled Promise: TypeError: Failed to fetch
=============================
====== JS ERROR CAUGHT ======
Unhandled Promise: TypeError: Failed to fetch
=============================
====== JS ERROR CAUGHT ======
Unhandled Promise: TypeError: Failed to fetch
=============================
====== JS ERROR CAUGHT ======
Unhandled Promise: TypeError: Failed to fetch
=============================
====== JS ERROR CAUGHT ======
Unhandled Promise: TypeError: Failed to fetch
=============================
====== JS ERROR CAUGHT ======
Unhandled Promise: TypeError: Failed to fetch
=============================
====== JS ERROR CAUGHT ======
Unhandled Promise: TypeError: Failed to fetch
=============================
====== JS ERROR CAUGHT ======
Unhandled Promise: TypeError: Failed to fetch
=============================
====== JS ERROR CAUGHT ======
Unhandled Promise: TypeError: Failed to fetch
=============================
====== JS ERROR CAUGHT ======
Unhandled Promise: TypeError: Failed to fetch
=============================
====== JS ERROR CAUGHT ======
Unhandled Promise: TypeError: Failed to fetch
=============================
====== JS ERROR CAUGHT ======
Unhandled Promise: TypeError: Failed to fetch
=============================
====== JS ERROR CAUGHT ======
Unhandled Promise: TypeError: Failed to fetch
=============================
====== JS ERROR CAUGHT ======
Unhandled Promise: TypeError: Failed to fetch
=============================
====== JS ERROR CAUGHT ======
Unhandled Promise: TypeError: Failed to fetch
=============================
====== JS ERROR CAUGHT ======
Unhandled Promise: TypeError: Failed to fetch
=============================
====== JS ERROR CAUGHT ======
Unhandled Promise: TypeError: Failed to fetch
=============================
====== JS ERROR CAUGHT ======
Unhandled Promise: TypeError: Failed to fetch
=============================
====== JS ERROR CAUGHT ======
Unhandled Promise: TypeError: Failed to fetch
=============================
====== JS ERROR CAUGHT ======
Unhandled Promise: TypeError: Failed to fetch
=============================
====== JS ERROR CAUGHT ======
Unhandled Promise: TypeError: Failed to fetch
=============================
====== JS ERROR CAUGHT ======
Unhandled Promise: TypeError: Failed to fetch
=============================
====== JS ERROR CAUGHT ======
Unhandled Promise: TypeError: Failed to fetch
=============================
====== JS ERROR CAUGHT ======
Unhandled Promise: TypeError: Failed to fetch
=============================
====== JS ERROR CAUGHT ======
Unhandled Promise: TypeError: Failed to fetch
=============================
====== JS ERROR CAUGHT ======
Unhandled Promise: TypeError: Failed to fetch
=============================
====== JS ERROR CAUGHT ======
Unhandled Promise: TypeError: Failed to fetch
=============================
====== JS ERROR CAUGHT ======
Unhandled Promise: TypeError: Failed to fetch
=============================
====== JS ERROR CAUGHT ======
Unhandled Promise: TypeError: Failed to fetch
=============================
====== JS ERROR CAUGHT ======
Unhandled Promise: TypeError: Failed to fetch
=============================
====== JS ERROR CAUGHT ======
Unhandled Promise: TypeError: Failed to fetch
=============================
====== JS ERROR CAUGHT ======
Unhandled Promise: TypeError: Failed to fetch
=============================
====== JS ERROR CAUGHT ======
Unhandled Promise: TypeError: Failed to fetch
=============================
====== JS ERROR CAUGHT ======
Unhandled Promise: TypeError: Failed to fetch
=============================
====== JS ERROR CAUGHT ======
Unhandled Promise: TypeError: Failed to fetch
=============================
====== JS ERROR CAUGHT ======
Unhandled Promise: TypeError: Failed to fetch
=============================
====== JS ERROR CAUGHT ======
Unhandled Promise: TypeError: Failed to fetch
=============================
====== JS ERROR CAUGHT ======
Unhandled Promise: TypeError: Failed to fetch
=============================
====== JS ERROR CAUGHT ======
Unhandled Promise: TypeError: Failed to fetch
=============================
====== JS ERROR CAUGHT ======
Unhandled Promise: TypeError: Failed to fetch
=============================
====== JS ERROR CAUGHT ======
Unhandled Promise: TypeError: Failed to fetch
=============================
====== JS ERROR CAUGHT ======
Unhandled Promise: TypeError: Failed to fetch
=============================
====== JS ERROR CAUGHT ======
Unhandled Promise: TypeError: Failed to fetch
=============================
====== JS ERROR CAUGHT ======
Unhandled Promise: TypeError: Failed to fetch
=============================
====== JS ERROR CAUGHT ======
Unhandled Promise: TypeError: Failed to fetch
=============================
====== JS ERROR CAUGHT ======
Unhandled Promise: TypeError: Failed to fetch
=============================
====== JS ERROR CAUGHT ======
Unhandled Promise: TypeError: Failed to fetch
=============================
====== JS ERROR CAUGHT ======
Unhandled Promise: TypeError: Failed to fetch
=============================
====== JS ERROR CAUGHT ======
Unhandled Promise: TypeError: Failed to fetch
=============================
====== JS ERROR CAUGHT ======
Unhandled Promise: TypeError: Failed to fetch
=============================
====== JS ERROR CAUGHT ======
Unhandled Promise: TypeError: Failed to fetch
=============================
====== JS ERROR CAUGHT ======
Unhandled Promise: TypeError: Failed to fetch
=============================
====== JS ERROR CAUGHT ======
Unhandled Promise: TypeError: Failed to fetch
=============================
====== JS ERROR CAUGHT ======
Unhandled Promise: TypeError: Failed to fetch
=============================
====== JS ERROR CAUGHT ======
Unhandled Promise: TypeError: Failed to fetch
=============================
====== JS ERROR CAUGHT ======
Unhandled Promise: TypeError: Failed to fetch
=============================
====== JS ERROR CAUGHT ======
Unhandled Promise: TypeError: Failed to fetch
=============================
====== JS ERROR CAUGHT ======
Unhandled Promise: TypeError: Failed to fetch
=============================
====== JS ERROR CAUGHT ======
Unhandled Promise: TypeError: Failed to fetch
=============================
====== JS ERROR CAUGHT ======
Unhandled Promise: TypeError: Failed to fetch
=============================
====== JS ERROR CAUGHT ======
Unhandled Promise: TypeError: Failed to fetch
=============================
====== JS ERROR CAUGHT ======
Unhandled Promise: TypeError: Failed to fetch
=============================
====== JS ERROR CAUGHT ======
Unhandled Promise: TypeError: Failed to fetch
=============================
====== JS ERROR CAUGHT ======
Unhandled Promise: TypeError: Failed to fetch
=============================
====== JS ERROR CAUGHT ======
Unhandled Promise: TypeError: Failed to fetch
=============================
====== JS ERROR CAUGHT ======
Unhandled Promise: TypeError: Failed to fetch
=============================
====== JS ERROR CAUGHT ======
Unhandled Promise: TypeError: Failed to fetch
=============================
====== JS ERROR CAUGHT ======
Unhandled Promise: TypeError: Failed to fetch
=============================
====== JS ERROR CAUGHT ======
Unhandled Promise: TypeError: Failed to fetch
=============================
====== JS ERROR CAUGHT ======
Unhandled Promise: TypeError: Failed to fetch
=============================
====== JS ERROR CAUGHT ======
Unhandled Promise: TypeError: Failed to fetch
=============================
====== JS ERROR CAUGHT ======
Unhandled Promise: TypeError: Failed to fetch
=============================
====== JS ERROR CAUGHT ======
Unhandled Promise: TypeError: Failed to fetch
=============================
====== JS ERROR CAUGHT ======
Unhandled Promise: TypeError: Failed to fetch
=============================
====== JS ERROR CAUGHT ======
Unhandled Promise: TypeError: Failed to fetch
=============================
====== JS ERROR CAUGHT ======
Unhandled Promise: TypeError: Failed to fetch
=============================
====== JS ERROR CAUGHT ======
Unhandled Promise: TypeError: Failed to fetch
=============================
====== JS ERROR CAUGHT ======
Unhandled Promise: TypeError: Failed to fetch
=============================
====== JS ERROR CAUGHT ======
Unhandled Promise: TypeError: Failed to fetch
=============================
====== JS ERROR CAUGHT ======
Unhandled Promise: TypeError: Failed to fetch
=============================
====== JS ERROR CAUGHT ======
Unhandled Promise: TypeError: Failed to fetch
=============================
====== JS ERROR CAUGHT ======
Unhandled Promise: TypeError: Failed to fetch
=============================
====== JS ERROR CAUGHT ======
Unhandled Promise: TypeError: Failed to fetch
=============================
====== JS ERROR CAUGHT ======
Unhandled Promise: TypeError: Failed to fetch
=============================
====== JS ERROR CAUGHT ======
Unhandled Promise: TypeError: Failed to fetch
=============================
====== JS ERROR CAUGHT ======
Unhandled Promise: TypeError: Failed to fetch
=============================
====== JS ERROR CAUGHT ======
Unhandled Promise: TypeError: Failed to fetch
=============================
====== JS ERROR CAUGHT ======
Unhandled Promise: TypeError: Failed to fetch
=============================
====== JS ERROR CAUGHT ======
Unhandled Promise: TypeError: Failed to fetch
=============================
====== JS ERROR CAUGHT ======
Unhandled Promise: TypeError: Failed to fetch
=============================
====== JS ERROR CAUGHT ======
Unhandled Promise: TypeError: Failed to fetch
=============================
====== JS ERROR CAUGHT ======
Unhandled Promise: TypeError: Failed to fetch
=============================
====== JS ERROR CAUGHT ======
Unhandled Promise: TypeError: Failed to fetch
=============================
====== JS ERROR CAUGHT ======
Unhandled Promise: TypeError: Failed to fetch
=============================
====== JS ERROR CAUGHT ======
Unhandled Promise: TypeError: Failed to fetch
=============================
====== JS ERROR CAUGHT ======
Unhandled Promise: TypeError: Failed to fetch
=============================
====== JS ERROR CAUGHT ======
Unhandled Promise: TypeError: Failed to fetch
=============================
====== JS ERROR CAUGHT ======
Unhandled Promise: TypeError: Failed to fetch
=============================
====== JS ERROR CAUGHT ======
Unhandled Promise: TypeError: Failed to fetch
=============================
====== JS ERROR CAUGHT ======
Unhandled Promise: TypeError: Failed to fetch
=============================
====== JS ERROR CAUGHT ======
Unhandled Promise: TypeError: Failed to fetch
=============================
====== JS ERROR CAUGHT ======
Unhandled Promise: TypeError: Failed to fetch
=============================
====== JS ERROR CAUGHT ======
Unhandled Promise: TypeError: Failed to fetch
=============================
====== JS ERROR CAUGHT ======
Unhandled Promise: TypeError: Failed to fetch
=============================
====== JS ERROR CAUGHT ======
Unhandled Promise: TypeError: Failed to fetch
=============================
====== JS ERROR CAUGHT ======
Unhandled Promise: TypeError: Failed to fetch
=============================
====== JS ERROR CAUGHT ======
Unhandled Promise: TypeError: Failed to fetch
=============================
====== JS ERROR CAUGHT ======
Unhandled Promise: TypeError: Failed to fetch
=============================
====== JS ERROR CAUGHT ======
Unhandled Promise: TypeError: Failed to fetch
=============================
====== JS ERROR CAUGHT ======
Unhandled Promise: TypeError: Failed to fetch
=============================
====== JS ERROR CAUGHT ======
Unhandled Promise: TypeError: Failed to fetch
=============================
====== JS ERROR CAUGHT ======
Unhandled Promise: TypeError: Failed to fetch
=============================
====== JS ERROR CAUGHT ======
Unhandled Promise: TypeError: Failed to fetch
=============================
====== JS ERROR CAUGHT ======
Unhandled Promise: TypeError: Failed to fetch
=============================
====== JS ERROR CAUGHT ======
Unhandled Promise: TypeError: Failed to fetch
=============================
====== JS ERROR CAUGHT ======
Unhandled Promise: TypeError: Failed to fetch
=============================
====== JS ERROR CAUGHT ======
Unhandled Promise: TypeError: Failed to fetch
=============================
====== JS ERROR CAUGHT ======
Unhandled Promise: TypeError: Failed to fetch
=============================
====== JS ERROR CAUGHT ======
Unhandled Promise: TypeError: Failed to fetch
=============================
====== JS ERROR CAUGHT ======
Unhandled Promise: TypeError: Failed to fetch
=============================
====== JS ERROR CAUGHT ======
Unhandled Promise: TypeError: Failed to fetch
=============================
====== JS ERROR CAUGHT ======
Unhandled Promise: TypeError: Failed to fetch
=============================
====== JS ERROR CAUGHT ======
Unhandled Promise: TypeError: Failed to fetch
=============================
====== JS ERROR CAUGHT ======
Unhandled Promise: TypeError: Failed to fetch
=============================
====== JS ERROR CAUGHT ======
Unhandled Promise: TypeError: Failed to fetch
=============================
====== JS ERROR CAUGHT ======
Unhandled Promise: TypeError: Failed to fetch
=============================
====== JS ERROR CAUGHT ======
Unhandled Promise: TypeError: Failed to fetch
=============================
====== JS ERROR CAUGHT ======
Unhandled Promise: TypeError: Failed to fetch
=============================
====== JS ERROR CAUGHT ======
Unhandled Promise: TypeError: Failed to fetch
=============================
====== JS ERROR CAUGHT ======
Unhandled Promise: TypeError: Failed to fetch
=============================
====== JS ERROR CAUGHT ======
Unhandled Promise: TypeError: Failed to fetch
=============================
====== JS ERROR CAUGHT ======
Unhandled Promise: TypeError: Failed to fetch
=============================
====== JS ERROR CAUGHT ======
Unhandled Promise: TypeError: Failed to fetch
=============================
====== JS ERROR CAUGHT ======
Unhandled Promise: TypeError: Failed to fetch
=============================
====== JS ERROR CAUGHT ======
Unhandled Promise: TypeError: Failed to fetch
=============================
====== JS ERROR CAUGHT ======
Unhandled Promise: TypeError: Failed to fetch
=============================
====== JS ERROR CAUGHT ======
Unhandled Promise: TypeError: Failed to fetch
=============================
====== JS ERROR CAUGHT ======
Unhandled Promise: TypeError: Failed to fetch
=============================
====== JS ERROR CAUGHT ======
Unhandled Promise: TypeError: Failed to fetch
=============================
====== JS ERROR CAUGHT ======
Unhandled Promise: TypeError: Failed to fetch
=============================
====== JS ERROR CAUGHT ======
Unhandled Promise: TypeError: Failed to fetch
=============================
====== JS ERROR CAUGHT ======
Unhandled Promise: TypeError: Failed to fetch
=============================
====== JS ERROR CAUGHT ======
Unhandled Promise: TypeError: Failed to fetch
=============================
====== JS ERROR CAUGHT ======
Unhandled Promise: TypeError: Failed to fetch
=============================
====== JS ERROR CAUGHT ======
Unhandled Promise: TypeError: Failed to fetch
=============================
====== JS ERROR CAUGHT ======
Unhandled Promise: TypeError: Failed to fetch
=============================
====== JS ERROR CAUGHT ======
Unhandled Promise: TypeError: Failed to fetch
=============================
====== JS ERROR CAUGHT ======
Unhandled Promise: TypeError: Failed to fetch
=============================
====== JS ERROR CAUGHT ======
Unhandled Promise: TypeError: Failed to fetch
=============================
====== JS ERROR CAUGHT ======
Unhandled Promise: TypeError: Failed to fetch
=============================
====== JS ERROR CAUGHT ======
Unhandled Promise: TypeError: Failed to fetch
=============================
====== JS ERROR CAUGHT ======
Unhandled Promise: TypeError: Failed to fetch
=============================
====== JS ERROR CAUGHT ======
Unhandled Promise: TypeError: Failed to fetch
=============================
====== JS ERROR CAUGHT ======
Unhandled Promise: TypeError: Failed to fetch
=============================
====== JS ERROR CAUGHT ======
Unhandled Promise: TypeError: Failed to fetch
=============================
====== JS ERROR CAUGHT ======
Unhandled Promise: TypeError: Failed to fetch
=============================
====== JS ERROR CAUGHT ======
Unhandled Promise: TypeError: Failed to fetch
=============================
====== JS ERROR CAUGHT ======
Unhandled Promise: TypeError: Failed to fetch
=============================
====== JS ERROR CAUGHT ======
Unhandled Promise: TypeError: Failed to fetch
=============================
====== JS ERROR CAUGHT ======
Unhandled Promise: TypeError: Failed to fetch
=============================
====== JS ERROR CAUGHT ======
Unhandled Promise: TypeError: Failed to fetch
=============================
====== JS ERROR CAUGHT ======
Unhandled Promise: TypeError: Failed to fetch
=============================
====== JS ERROR CAUGHT ======
Unhandled Promise: TypeError: Failed to fetch
=============================
====== JS ERROR CAUGHT ======
Unhandled Promise: TypeError: Failed to fetch
=============================
====== JS ERROR CAUGHT ======
Unhandled Promise: TypeError: Failed to fetch
=============================
====== JS ERROR CAUGHT ======
Unhandled Promise: TypeError: Failed to fetch
=============================
====== JS ERROR CAUGHT ======
Unhandled Promise: TypeError: Failed to fetch
=============================
====== JS ERROR CAUGHT ======
Unhandled Promise: TypeError: Failed to fetch
=============================
====== JS ERROR CAUGHT ======
Unhandled Promise: TypeError: Failed to fetch
=============================
====== JS ERROR CAUGHT ======
Unhandled Promise: TypeError: Failed to fetch
=============================
====== JS ERROR CAUGHT ======
Unhandled Promise: TypeError: Failed to fetch
=============================
====== JS ERROR CAUGHT ======
Unhandled Promise: TypeError: Failed to fetch
=============================
====== JS ERROR CAUGHT ======
Unhandled Promise: TypeError: Failed to fetch
=============================
====== JS ERROR CAUGHT ======
Unhandled Promise: TypeError: Failed to fetch
=============================
====== JS ERROR CAUGHT ======
Unhandled Promise: TypeError: Failed to fetch
=============================
====== JS ERROR CAUGHT ======
Unhandled Promise: TypeError: Failed to fetch
=============================
====== JS ERROR CAUGHT ======
Unhandled Promise: TypeError: Failed to fetch
=============================
====== JS ERROR CAUGHT ======
Unhandled Promise: TypeError: Failed to fetch
=============================
====== JS ERROR CAUGHT ======
Unhandled Promise: TypeError: Failed to fetch
=============================
====== JS ERROR CAUGHT ======
Unhandled Promise: TypeError: Failed to fetch
=============================
====== JS ERROR CAUGHT ======
Unhandled Promise: TypeError: Failed to fetch
=============================
====== JS ERROR CAUGHT ======
Unhandled Promise: TypeError: Failed to fetch
=============================
====== JS ERROR CAUGHT ======
Unhandled Promise: TypeError: Failed to fetch
=============================
====== JS ERROR CAUGHT ======
Unhandled Promise: TypeError: Failed to fetch
=============================
====== JS ERROR CAUGHT ======
Unhandled Promise: TypeError: Failed to fetch
=============================
====== JS ERROR CAUGHT ======
Unhandled Promise: TypeError: Failed to fetch
=============================
====== JS ERROR CAUGHT ======
Unhandled Promise: TypeError: Failed to fetch
=============================
====== JS ERROR CAUGHT ======
Unhandled Promise: TypeError: Failed to fetch
=============================
====== JS ERROR CAUGHT ======
Unhandled Promise: TypeError: Failed to fetch
=============================
====== JS ERROR CAUGHT ======
Unhandled Promise: TypeError: Failed to fetch
=============================
====== JS ERROR CAUGHT ======
Unhandled Promise: TypeError: Failed to fetch
=============================
====== JS ERROR CAUGHT ======
Unhandled Promise: TypeError: Failed to fetch
=============================
====== JS ERROR CAUGHT ======
Unhandled Promise: TypeError: Failed to fetch
=============================
====== JS ERROR CAUGHT ======
Unhandled Promise: TypeError: Failed to fetch
=============================
====== JS ERROR CAUGHT ======
Unhandled Promise: TypeError: Failed to fetch
=============================
====== JS ERROR CAUGHT ======
Unhandled Promise: TypeError: Failed to fetch
=============================
====== JS ERROR CAUGHT ======
Unhandled Promise: TypeError: Failed to fetch
=============================
====== JS ERROR CAUGHT ======
Unhandled Promise: TypeError: Failed to fetch
=============================
====== JS ERROR CAUGHT ======
Unhandled Promise: TypeError: Failed to fetch
=============================
====== JS ERROR CAUGHT ======
Unhandled Promise: TypeError: Failed to fetch
=============================
====== JS ERROR CAUGHT ======
Unhandled Promise: TypeError: Failed to fetch
=============================
====== JS ERROR CAUGHT ======
Unhandled Promise: TypeError: Failed to fetch
=============================
====== JS ERROR CAUGHT ======
Unhandled Promise: TypeError: Failed to fetch
=============================
====== JS ERROR CAUGHT ======
Unhandled Promise: TypeError: Failed to fetch
=============================
====== JS ERROR CAUGHT ======
Unhandled Promise: TypeError: Failed to fetch
=============================
====== JS ERROR CAUGHT ======
Unhandled Promise: TypeError: Failed to fetch
=============================
====== JS ERROR CAUGHT ======
Unhandled Promise: TypeError: Failed to fetch
=============================
====== JS ERROR CAUGHT ======
Unhandled Promise: TypeError: Failed to fetch
=============================
====== JS ERROR CAUGHT ======
Unhandled Promise: TypeError: Failed to fetch
=============================
====== JS ERROR CAUGHT ======
Unhandled Promise: TypeError: Failed to fetch
=============================
====== JS ERROR CAUGHT ======
Unhandled Promise: TypeError: Failed to fetch
=============================
====== JS ERROR CAUGHT ======
Unhandled Promise: TypeError: Failed to fetch
=============================
====== JS ERROR CAUGHT ======
Unhandled Promise: TypeError: Failed to fetch
=============================
====== JS ERROR CAUGHT ======
Unhandled Promise: TypeError: Failed to fetch
=============================
====== JS ERROR CAUGHT ======
Unhandled Promise: TypeError: Failed to fetch
=============================
====== JS ERROR CAUGHT ======
Unhandled Promise: TypeError: Failed to fetch
=============================
====== JS ERROR CAUGHT ======
Unhandled Promise: TypeError: Failed to fetch
=============================
====== JS ERROR CAUGHT ======
Unhandled Promise: TypeError: Failed to fetch
=============================
====== JS ERROR CAUGHT ======
Unhandled Promise: TypeError: Failed to fetch
=============================
====== JS ERROR CAUGHT ======
Unhandled Promise: TypeError: Failed to fetch
=============================
====== JS ERROR CAUGHT ======
Unhandled Promise: TypeError: Failed to fetch
=============================
====== JS ERROR CAUGHT ======
Unhandled Promise: TypeError: Failed to fetch
=============================
====== JS ERROR CAUGHT ======
Unhandled Promise: TypeError: Failed to fetch
=============================
====== JS ERROR CAUGHT ======
Unhandled Promise: TypeError: Failed to fetch
=============================
====== JS ERROR CAUGHT ======
Unhandled Promise: TypeError: Failed to fetch
=============================
====== JS ERROR CAUGHT ======
Unhandled Promise: TypeError: Failed to fetch
=============================
====== JS ERROR CAUGHT ======
Unhandled Promise: TypeError: Failed to fetch
=============================
====== JS ERROR CAUGHT ======
Unhandled Promise: TypeError: Failed to fetch
=============================
====== JS ERROR CAUGHT ======
Unhandled Promise: TypeError: Failed to fetch
=============================
====== JS ERROR CAUGHT ======
Unhandled Promise: TypeError: Failed to fetch
=============================
====== JS ERROR CAUGHT ======
Unhandled Promise: TypeError: Failed to fetch
=============================
====== JS ERROR CAUGHT ======
Unhandled Promise: TypeError: Failed to fetch
=============================
====== JS ERROR CAUGHT ======
Unhandled Promise: TypeError: Failed to fetch
=============================
====== JS ERROR CAUGHT ======
Unhandled Promise: TypeError: Failed to fetch
=============================
====== JS ERROR CAUGHT ======
Unhandled Promise: TypeError: Failed to fetch
=============================
====== JS ERROR CAUGHT ======
Unhandled Promise: TypeError: Failed to fetch
=============================
====== JS ERROR CAUGHT ======
Unhandled Promise: TypeError: Failed to fetch
=============================
====== JS ERROR CAUGHT ======
Unhandled Promise: TypeError: Failed to fetch
=============================
====== JS ERROR CAUGHT ======
Unhandled Promise: TypeError: Failed to fetch
=============================
====== JS ERROR CAUGHT ======
Unhandled Promise: TypeError: Failed to fetch
=============================
====== JS ERROR CAUGHT ======
Unhandled Promise: TypeError: Failed to fetch
=============================
====== JS ERROR CAUGHT ======
Unhandled Promise: TypeError: Failed to fetch
=============================
====== JS ERROR CAUGHT ======
Unhandled Promise: TypeError: Failed to fetch
=============================
====== JS ERROR CAUGHT ======
Unhandled Promise: TypeError: Failed to fetch
=============================
====== JS ERROR CAUGHT ======
Unhandled Promise: TypeError: Failed to fetch
=============================
====== JS ERROR CAUGHT ======
Unhandled Promise: TypeError: Failed to fetch
=============================
====== JS ERROR CAUGHT ======
Unhandled Promise: TypeError: Failed to fetch
=============================
====== JS ERROR CAUGHT ======
Unhandled Promise: TypeError: Failed to fetch
=============================
====== JS ERROR CAUGHT ======
Unhandled Promise: TypeError: Failed to fetch
=============================
====== JS ERROR CAUGHT ======
Unhandled Promise: TypeError: Failed to fetch
=============================
====== JS ERROR CAUGHT ======
Unhandled Promise: TypeError: Failed to fetch
=============================
====== JS ERROR CAUGHT ======
Unhandled Promise: TypeError: Failed to fetch
=============================
====== JS ERROR CAUGHT ======
Unhandled Promise: TypeError: Failed to fetch
=============================
====== JS ERROR CAUGHT ======
Unhandled Promise: TypeError: Failed to fetch
=============================
====== JS ERROR CAUGHT ======
Unhandled Promise: TypeError: Failed to fetch
=============================
====== JS ERROR CAUGHT ======
Unhandled Promise: TypeError: Failed to fetch
=============================
====== JS ERROR CAUGHT ======
Unhandled Promise: TypeError: Failed to fetch
=============================
====== JS ERROR CAUGHT ======
Unhandled Promise: TypeError: Failed to fetch
=============================
====== JS ERROR CAUGHT ======
Unhandled Promise: TypeError: Failed to fetch
=============================
====== JS ERROR CAUGHT ======
Unhandled Promise: TypeError: Failed to fetch
=============================
====== JS ERROR CAUGHT ======
Unhandled Promise: TypeError: Failed to fetch
=============================
====== JS ERROR CAUGHT ======
Unhandled Promise: TypeError: Failed to fetch
=============================
====== JS ERROR CAUGHT ======
Unhandled Promise: TypeError: Failed to fetch
=============================
====== JS ERROR CAUGHT ======
Unhandled Promise: TypeError: Failed to fetch
=============================
====== JS ERROR CAUGHT ======
Unhandled Promise: TypeError: Failed to fetch
=============================
====== JS ERROR CAUGHT ======
Unhandled Promise: TypeError: Failed to fetch
=============================
====== JS ERROR CAUGHT ======
Unhandled Promise: TypeError: Failed to fetch
=============================
====== JS ERROR CAUGHT ======
Unhandled Promise: TypeError: Failed to fetch
=============================
====== JS ERROR CAUGHT ======
Unhandled Promise: TypeError: Failed to fetch
=============================
====== JS ERROR CAUGHT ======
Unhandled Promise: TypeError: Failed to fetch
=============================
====== JS ERROR CAUGHT ======
Unhandled Promise: TypeError: Failed to fetch
=============================
====== JS ERROR CAUGHT ======
Unhandled Promise: TypeError: Failed to fetch
=============================
====== JS ERROR CAUGHT ======
Unhandled Promise: TypeError: Failed to fetch
=============================
====== JS ERROR CAUGHT ======
Unhandled Promise: TypeError: Failed to fetch
=============================
====== JS ERROR CAUGHT ======
Unhandled Promise: TypeError: Failed to fetch
=============================
====== JS ERROR CAUGHT ======
Unhandled Promise: TypeError: Failed to fetch
=============================
====== JS ERROR CAUGHT ======
Unhandled Promise: TypeError: Failed to fetch
=============================
====== JS ERROR CAUGHT ======
Unhandled Promise: TypeError: Failed to fetch
=============================
====== JS ERROR CAUGHT ======
Unhandled Promise: TypeError: Failed to fetch
=============================
====== JS ERROR CAUGHT ======
Unhandled Promise: TypeError: Failed to fetch
=============================
====== JS ERROR CAUGHT ======
Unhandled Promise: TypeError: Failed to fetch
=============================
====== JS ERROR CAUGHT ======
Unhandled Promise: TypeError: Failed to fetch
=============================
====== JS ERROR CAUGHT ======
Unhandled Promise: TypeError: Failed to fetch
=============================
====== JS ERROR CAUGHT ======
Unhandled Promise: TypeError: Failed to fetch
=============================
====== JS ERROR CAUGHT ======
Unhandled Promise: TypeError: Failed to fetch
=============================
====== JS ERROR CAUGHT ======
Unhandled Promise: TypeError: Failed to fetch
=============================
====== JS ERROR CAUGHT ======
Unhandled Promise: TypeError: Failed to fetch
=============================
====== JS ERROR CAUGHT ======
Unhandled Promise: TypeError: Failed to fetch
=============================
====== JS ERROR CAUGHT ======
Unhandled Promise: TypeError: Failed to fetch
=============================
====== JS ERROR CAUGHT ======
Unhandled Promise: TypeError: Failed to fetch
=============================
====== JS ERROR CAUGHT ======
Unhandled Promise: TypeError: Failed to fetch
=============================
====== JS ERROR CAUGHT ======
Unhandled Promise: TypeError: Failed to fetch
=============================
====== JS ERROR CAUGHT ======
Unhandled Promise: TypeError: Failed to fetch
=============================
====== JS ERROR CAUGHT ======
Unhandled Promise: TypeError: Failed to fetch
=============================
====== JS ERROR CAUGHT ======
Unhandled Promise: TypeError: Failed to fetch
=============================
====== JS ERROR CAUGHT ======
Unhandled Promise: TypeError: Failed to fetch
=============================
====== JS ERROR CAUGHT ======
Unhandled Promise: TypeError: Failed to fetch
=============================
====== JS ERROR CAUGHT ======
Unhandled Promise: TypeError: Failed to fetch
=============================
====== JS ERROR CAUGHT ======
Unhandled Promise: TypeError: Failed to fetch
=============================
====== JS ERROR CAUGHT ======
Unhandled Promise: TypeError: Failed to fetch
=============================
====== JS ERROR CAUGHT ======
Unhandled Promise: TypeError: Failed to fetch
=============================
====== JS ERROR CAUGHT ======
Unhandled Promise: TypeError: Failed to fetch
=============================
====== JS ERROR CAUGHT ======
Unhandled Promise: TypeError: Failed to fetch
=============================
====== JS ERROR CAUGHT ======
Unhandled Promise: TypeError: Failed to fetch
=============================
====== JS ERROR CAUGHT ======
Unhandled Promise: TypeError: Failed to fetch
=============================
====== JS ERROR CAUGHT ======
Unhandled Promise: TypeError: Failed to fetch
=============================
====== JS ERROR CAUGHT ======
Unhandled Promise: TypeError: Failed to fetch
=============================
====== JS ERROR CAUGHT ======
Unhandled Promise: TypeError: Failed to fetch
=============================
====== JS ERROR CAUGHT ======
Unhandled Promise: TypeError: Failed to fetch
=============================
====== JS ERROR CAUGHT ======
Unhandled Promise: TypeError: Failed to fetch
=============================
====== JS ERROR CAUGHT ======
Unhandled Promise: TypeError: Failed to fetch
=============================
====== JS ERROR CAUGHT ======
Unhandled Promise: TypeError: Failed to fetch
=============================
====== JS ERROR CAUGHT ======
Unhandled Promise: TypeError: Failed to fetch
=============================
====== JS ERROR CAUGHT ======
Unhandled Promise: TypeError: Failed to fetch
=============================
====== JS ERROR CAUGHT ======
Unhandled Promise: TypeError: Failed to fetch
=============================
====== JS ERROR CAUGHT ======
Unhandled Promise: TypeError: Failed to fetch
=============================
====== JS ERROR CAUGHT ======
Unhandled Promise: TypeError: Failed to fetch
=============================
====== JS ERROR CAUGHT ======
Unhandled Promise: TypeError: Failed to fetch
=============================
====== JS ERROR CAUGHT ======
Unhandled Promise: TypeError: Failed to fetch
=============================
====== JS ERROR CAUGHT ======
Unhandled Promise: TypeError: Failed to fetch
=============================
====== JS ERROR CAUGHT ======
Unhandled Promise: TypeError: Failed to fetch
=============================
====== JS ERROR CAUGHT ======
Unhandled Promise: TypeError: Failed to fetch
=============================
====== JS ERROR CAUGHT ======
Unhandled Promise: TypeError: Failed to fetch
=============================
====== JS ERROR CAUGHT ======
Unhandled Promise: TypeError: Failed to fetch
=============================
====== JS ERROR CAUGHT ======
Unhandled Promise: TypeError: Failed to fetch
=============================
====== JS ERROR CAUGHT ======
Unhandled Promise: TypeError: Failed to fetch
=============================
====== JS ERROR CAUGHT ======
Unhandled Promise: TypeError: Failed to fetch
=============================
====== JS ERROR CAUGHT ======
Unhandled Promise: TypeError: Failed to fetch
=============================
====== JS ERROR CAUGHT ======
Unhandled Promise: TypeError: Failed to fetch
=============================
====== JS ERROR CAUGHT ======
Unhandled Promise: TypeError: Failed to fetch
=============================
====== JS ERROR CAUGHT ======
Unhandled Promise: TypeError: Failed to fetch
=============================
====== JS ERROR CAUGHT ======
Unhandled Promise: TypeError: Failed to fetch
=============================
====== JS ERROR CAUGHT ======
Unhandled Promise: TypeError: Failed to fetch
=============================
====== JS ERROR CAUGHT ======
Unhandled Promise: TypeError: Failed to fetch
=============================
====== JS ERROR CAUGHT ======
Unhandled Promise: TypeError: Failed to fetch
=============================
====== JS ERROR CAUGHT ======
Unhandled Promise: TypeError: Failed to fetch
=============================
====== JS ERROR CAUGHT ======
Unhandled Promise: TypeError: Failed to fetch
=============================
====== JS ERROR CAUGHT ======
Unhandled Promise: TypeError: Failed to fetch
=============================
====== JS ERROR CAUGHT ======
Unhandled Promise: TypeError: Failed to fetch
=============================
====== JS ERROR CAUGHT ======
Unhandled Promise: TypeError: Failed to fetch
=============================
====== JS ERROR CAUGHT ======
Unhandled Promise: TypeError: Failed to fetch
=============================
====== JS ERROR CAUGHT ======
Unhandled Promise: TypeError: Failed to fetch
=============================
====== JS ERROR CAUGHT ======
Unhandled Promise: TypeError: Failed to fetch
=============================
====== JS ERROR CAUGHT ======
Unhandled Promise: TypeError: Failed to fetch
=============================
====== JS ERROR CAUGHT ======
Unhandled Promise: TypeError: Failed to fetch
=============================
====== JS ERROR CAUGHT ======
Unhandled Promise: TypeError: Failed to fetch
=============================
====== JS ERROR CAUGHT ======
Unhandled Promise: TypeError: Failed to fetch
=============================
====== JS ERROR CAUGHT ======
Unhandled Promise: TypeError: Failed to fetch
=============================
====== JS ERROR CAUGHT ======
Unhandled Promise: TypeError: Failed to fetch
=============================
====== JS ERROR CAUGHT ======
Unhandled Promise: TypeError: Failed to fetch
=============================
====== JS ERROR CAUGHT ======
Unhandled Promise: TypeError: Failed to fetch
=============================
====== JS ERROR CAUGHT ======
Unhandled Promise: TypeError: Failed to fetch
=============================
====== JS ERROR CAUGHT ======
Unhandled Promise: TypeError: Failed to fetch
=============================
====== JS ERROR CAUGHT ======
Unhandled Promise: TypeError: Failed to fetch
=============================
====== JS ERROR CAUGHT ======
Unhandled Promise: TypeError: Failed to fetch
=============================
====== JS ERROR CAUGHT ======
Unhandled Promise: TypeError: Failed to fetch
=============================
====== JS ERROR CAUGHT ======
Unhandled Promise: TypeError: Failed to fetch
=============================
====== JS ERROR CAUGHT ======
Unhandled Promise: TypeError: Failed to fetch
=============================
====== JS ERROR CAUGHT ======
Unhandled Promise: TypeError: Failed to fetch
=============================
====== JS ERROR CAUGHT ======
Unhandled Promise: TypeError: Failed to fetch
=============================
====== JS ERROR CAUGHT ======
Unhandled Promise: TypeError: Failed to fetch
=============================
====== JS ERROR CAUGHT ======
Unhandled Promise: TypeError: Failed to fetch
=============================
====== JS ERROR CAUGHT ======
Unhandled Promise: TypeError: Failed to fetch
=============================
====== JS ERROR CAUGHT ======
Unhandled Promise: TypeError: Failed to fetch
=============================
====== JS ERROR CAUGHT ======
Unhandled Promise: TypeError: Failed to fetch
=============================
====== JS ERROR CAUGHT ======
Unhandled Promise: TypeError: Failed to fetch
=============================
====== JS ERROR CAUGHT ======
Unhandled Promise: TypeError: Failed to fetch
=============================
====== JS ERROR CAUGHT ======
Unhandled Promise: TypeError: Failed to fetch
=============================
====== JS ERROR CAUGHT ======
Unhandled Promise: TypeError: Failed to fetch
=============================
====== JS ERROR CAUGHT ======
Unhandled Promise: TypeError: Failed to fetch
=============================
====== JS ERROR CAUGHT ======
Unhandled Promise: TypeError: Failed to fetch
=============================
====== JS ERROR CAUGHT ======
Unhandled Promise: TypeError: Failed to fetch
=============================
====== JS ERROR CAUGHT ======
Unhandled Promise: TypeError: Failed to fetch
=============================
====== JS ERROR CAUGHT ======
Unhandled Promise: TypeError: Failed to fetch
=============================
====== JS ERROR CAUGHT ======
Unhandled Promise: TypeError: Failed to fetch
=============================
====== JS ERROR CAUGHT ======
Unhandled Promise: TypeError: Failed to fetch
=============================
====== JS ERROR CAUGHT ======
Unhandled Promise: TypeError: Failed to fetch
=============================
====== JS ERROR CAUGHT ======
Unhandled Promise: TypeError: Failed to fetch
=============================
====== JS ERROR CAUGHT ======
Unhandled Promise: TypeError: Failed to fetch
=============================
====== JS ERROR CAUGHT ======
Unhandled Promise: TypeError: Failed to fetch
=============================
====== JS ERROR CAUGHT ======
Unhandled Promise: TypeError: Failed to fetch
=============================
====== JS ERROR CAUGHT ======
Unhandled Promise: TypeError: Failed to fetch
=============================
====== JS ERROR CAUGHT ======
Unhandled Promise: TypeError: Failed to fetch
=============================
====== JS ERROR CAUGHT ======
Unhandled Promise: TypeError: Failed to fetch
=============================
====== JS ERROR CAUGHT ======
Unhandled Promise: TypeError: Failed to fetch
=============================
====== JS ERROR CAUGHT ======
Unhandled Promise: TypeError: Failed to fetch
=============================
====== JS ERROR CAUGHT ======
Unhandled Promise: TypeError: Failed to fetch
=============================
====== JS ERROR CAUGHT ======
Unhandled Promise: TypeError: Failed to fetch
=============================
====== JS ERROR CAUGHT ======
Unhandled Promise: TypeError: Failed to fetch
=============================
====== JS ERROR CAUGHT ======
Unhandled Promise: TypeError: Failed to fetch
=============================
====== JS ERROR CAUGHT ======
Unhandled Promise: TypeError: Failed to fetch
=============================
====== JS ERROR CAUGHT ======
Unhandled Promise: TypeError: Failed to fetch
=============================
====== JS ERROR CAUGHT ======
Unhandled Promise: TypeError: Failed to fetch
=============================
====== JS ERROR CAUGHT ======
Unhandled Promise: TypeError: Failed to fetch
=============================
====== JS ERROR CAUGHT ======
Unhandled Promise: TypeError: Failed to fetch
=============================
====== JS ERROR CAUGHT ======
Unhandled Promise: TypeError: Failed to fetch
=============================
====== JS ERROR CAUGHT ======
Unhandled Promise: TypeError: Failed to fetch
=============================
====== JS ERROR CAUGHT ======
Unhandled Promise: TypeError: Failed to fetch
=============================
====== JS ERROR CAUGHT ======
Unhandled Promise: TypeError: Failed to fetch
=============================
====== JS ERROR CAUGHT ======
Unhandled Promise: TypeError: Failed to fetch
=============================
====== JS ERROR CAUGHT ======
Unhandled Promise: TypeError: Failed to fetch
=============================
====== JS ERROR CAUGHT ======
Unhandled Promise: TypeError: Failed to fetch
=============================
====== JS ERROR CAUGHT ======
Unhandled Promise: TypeError: Failed to fetch
=============================
====== JS ERROR CAUGHT ======
Unhandled Promise: TypeError: Failed to fetch
=============================
====== JS ERROR CAUGHT ======
Unhandled Promise: TypeError: Failed to fetch
=============================
====== JS ERROR CAUGHT ======
Unhandled Promise: TypeError: Failed to fetch
=============================
====== JS ERROR CAUGHT ======
Unhandled Promise: TypeError: Failed to fetch
=============================
====== JS ERROR CAUGHT ======
Unhandled Promise: TypeError: Failed to fetch
=============================
====== JS ERROR CAUGHT ======
Unhandled Promise: TypeError: Failed to fetch
=============================
====== JS ERROR CAUGHT ======
Unhandled Promise: TypeError: Failed to fetch
=============================
====== JS ERROR CAUGHT ======
Unhandled Promise: TypeError: Failed to fetch
=============================
====== JS ERROR CAUGHT ======
Unhandled Promise: TypeError: Failed to fetch
=============================
====== JS ERROR CAUGHT ======
Unhandled Promise: TypeError: Failed to fetch
=============================
====== JS ERROR CAUGHT ======
Unhandled Promise: TypeError: Failed to fetch
=============================
====== JS ERROR CAUGHT ======
Unhandled Promise: TypeError: Failed to fetch
=============================
====== JS ERROR CAUGHT ======
Unhandled Promise: TypeError: Failed to fetch
=============================
====== JS ERROR CAUGHT ======
Unhandled Promise: TypeError: Failed to fetch
=============================
====== JS ERROR CAUGHT ======
Unhandled Promise: TypeError: Failed to fetch
=============================
====== JS ERROR CAUGHT ======
Unhandled Promise: TypeError: Failed to fetch
=============================
====== JS ERROR CAUGHT ======
Unhandled Promise: TypeError: Failed to fetch
=============================
====== JS ERROR CAUGHT ======
Unhandled Promise: TypeError: Failed to fetch
=============================
====== JS ERROR CAUGHT ======
Unhandled Promise: TypeError: Failed to fetch
=============================
====== JS ERROR CAUGHT ======
Unhandled Promise: TypeError: Failed to fetch
=============================
====== JS ERROR CAUGHT ======
Unhandled Promise: TypeError: Failed to fetch
=============================
====== JS ERROR CAUGHT ======
Unhandled Promise: TypeError: Failed to fetch
=============================
====== JS ERROR CAUGHT ======
Unhandled Promise: TypeError: Failed to fetch
=============================
====== JS ERROR CAUGHT ======
Unhandled Promise: TypeError: Failed to fetch
=============================
====== JS ERROR CAUGHT ======
Unhandled Promise: TypeError: Failed to fetch
=============================
====== JS ERROR CAUGHT ======
Unhandled Promise: TypeError: Failed to fetch
=============================
====== JS ERROR CAUGHT ======
Unhandled Promise: TypeError: Failed to fetch
=============================
====== JS ERROR CAUGHT ======
Unhandled Promise: TypeError: Failed to fetch
=============================
====== JS ERROR CAUGHT ======
Unhandled Promise: TypeError: Failed to fetch
=============================
====== JS ERROR CAUGHT ======
Unhandled Promise: TypeError: Failed to fetch
=============================
====== JS ERROR CAUGHT ======
Unhandled Promise: TypeError: Failed to fetch
=============================
====== JS ERROR CAUGHT ======
Unhandled Promise: TypeError: Failed to fetch
=============================
====== JS ERROR CAUGHT ======
Unhandled Promise: TypeError: Failed to fetch
=============================
====== JS ERROR CAUGHT ======
Unhandled Promise: TypeError: Failed to fetch
=============================
====== JS ERROR CAUGHT ======
Unhandled Promise: TypeError: Failed to fetch
=============================
====== JS ERROR CAUGHT ======
Unhandled Promise: TypeError: Failed to fetch
=============================
====== JS ERROR CAUGHT ======
Unhandled Promise: TypeError: Failed to fetch
=============================
====== JS ERROR CAUGHT ======
Unhandled Promise: TypeError: Failed to fetch
=============================
====== JS ERROR CAUGHT ======
Unhandled Promise: TypeError: Failed to fetch
=============================
====== JS ERROR CAUGHT ======
Unhandled Promise: TypeError: Failed to fetch
=============================
====== JS ERROR CAUGHT ======
Unhandled Promise: TypeError: Failed to fetch
=============================
====== JS ERROR CAUGHT ======
Unhandled Promise: TypeError: Failed to fetch
=============================
====== JS ERROR CAUGHT ======
Unhandled Promise: TypeError: Failed to fetch
=============================
====== JS ERROR CAUGHT ======
Unhandled Promise: TypeError: Failed to fetch
=============================
====== JS ERROR CAUGHT ======
Unhandled Promise: TypeError: Failed to fetch
=============================
====== JS ERROR CAUGHT ======
Unhandled Promise: TypeError: Failed to fetch
=============================
====== JS ERROR CAUGHT ======
Unhandled Promise: TypeError: Failed to fetch
=============================
====== JS ERROR CAUGHT ======
Unhandled Promise: TypeError: Failed to fetch
=============================
====== JS ERROR CAUGHT ======
Unhandled Promise: TypeError: Failed to fetch
=============================
====== JS ERROR CAUGHT ======
Unhandled Promise: TypeError: Failed to fetch
=============================
====== JS ERROR CAUGHT ======
Unhandled Promise: TypeError: Failed to fetch
=============================
====== JS ERROR CAUGHT ======
Unhandled Promise: TypeError: Failed to fetch
=============================
====== JS ERROR CAUGHT ======
Unhandled Promise: TypeError: Failed to fetch
=============================
====== JS ERROR CAUGHT ======
Unhandled Promise: TypeError: Failed to fetch
=============================
====== JS ERROR CAUGHT ======
Unhandled Promise: TypeError: Failed to fetch
=============================
====== JS ERROR CAUGHT ======
Unhandled Promise: TypeError: Failed to fetch
=============================
====== JS ERROR CAUGHT ======
Unhandled Promise: TypeError: Failed to fetch
=============================
====== JS ERROR CAUGHT ======
Unhandled Promise: TypeError: Failed to fetch
=============================
====== JS ERROR CAUGHT ======
Unhandled Promise: TypeError: Failed to fetch
=============================
====== JS ERROR CAUGHT ======
Unhandled Promise: TypeError: Failed to fetch
=============================
====== JS ERROR CAUGHT ======
Unhandled Promise: TypeError: Failed to fetch
=============================
====== JS ERROR CAUGHT ======
Unhandled Promise: TypeError: Failed to fetch
=============================
====== JS ERROR CAUGHT ======
Unhandled Promise: TypeError: Failed to fetch
=============================
====== JS ERROR CAUGHT ======
Unhandled Promise: TypeError: Failed to fetch
=============================
====== JS ERROR CAUGHT ======
Unhandled Promise: TypeError: Failed to fetch
=============================
====== JS ERROR CAUGHT ======
Unhandled Promise: TypeError: Failed to fetch
=============================
====== JS ERROR CAUGHT ======
Unhandled Promise: TypeError: Failed to fetch
=============================
====== JS ERROR CAUGHT ======
Unhandled Promise: TypeError: Failed to fetch
=============================
====== JS ERROR CAUGHT ======
Unhandled Promise: TypeError: Failed to fetch
=============================
====== JS ERROR CAUGHT ======
Unhandled Promise: TypeError: Failed to fetch
=============================
====== JS ERROR CAUGHT ======
Unhandled Promise: TypeError: Failed to fetch
=============================
====== JS ERROR CAUGHT ======
Unhandled Promise: TypeError: Failed to fetch
=============================
====== JS ERROR CAUGHT ======
Unhandled Promise: TypeError: Failed to fetch
=============================
====== JS ERROR CAUGHT ======
Unhandled Promise: TypeError: Failed to fetch
=============================
====== JS ERROR CAUGHT ======
Unhandled Promise: TypeError: Failed to fetch
=============================
====== JS ERROR CAUGHT ======
Unhandled Promise: TypeError: Failed to fetch
=============================
====== JS ERROR CAUGHT ======
Unhandled Promise: TypeError: Failed to fetch
=============================
====== JS ERROR CAUGHT ======
Unhandled Promise: TypeError: Failed to fetch
=============================
====== JS ERROR CAUGHT ======
Unhandled Promise: TypeError: Failed to fetch
=============================
====== JS ERROR CAUGHT ======
Unhandled Promise: TypeError: Failed to fetch
=============================
====== JS ERROR CAUGHT ======
Unhandled Promise: TypeError: Failed to fetch
=============================
====== JS ERROR CAUGHT ======
Unhandled Promise: TypeError: Failed to fetch
=============================
====== JS ERROR CAUGHT ======
Unhandled Promise: TypeError: Failed to fetch
=============================
====== JS ERROR CAUGHT ======
Unhandled Promise: TypeError: Failed to fetch
=============================
====== JS ERROR CAUGHT ======
Unhandled Promise: TypeError: Failed to fetch
=============================
====== JS ERROR CAUGHT ======
Unhandled Promise: TypeError: Failed to fetch
=============================
====== JS ERROR CAUGHT ======
Unhandled Promise: TypeError: Failed to fetch
=============================
====== JS ERROR CAUGHT ======
Unhandled Promise: TypeError: Failed to fetch
=============================
====== JS ERROR CAUGHT ======
Unhandled Promise: TypeError: Failed to fetch
=============================
====== JS ERROR CAUGHT ======
Unhandled Promise: TypeError: Failed to fetch
=============================
====== JS ERROR CAUGHT ======
Unhandled Promise: TypeError: Failed to fetch
=============================
====== JS ERROR CAUGHT ======
Unhandled Promise: TypeError: Failed to fetch
=============================
====== JS ERROR CAUGHT ======
Unhandled Promise: TypeError: Failed to fetch
=============================
====== JS ERROR CAUGHT ======
Unhandled Promise: TypeError: Failed to fetch
=============================
====== JS ERROR CAUGHT ======
Unhandled Promise: TypeError: Failed to fetch
=============================
====== JS ERROR CAUGHT ======
Unhandled Promise: TypeError: Failed to fetch
=============================
====== JS ERROR CAUGHT ======
Unhandled Promise: TypeError: Failed to fetch
=============================
====== JS ERROR CAUGHT ======
Unhandled Promise: TypeError: Failed to fetch
=============================
====== JS ERROR CAUGHT ======
Unhandled Promise: TypeError: Failed to fetch
=============================
====== JS ERROR CAUGHT ======
Unhandled Promise: TypeError: Failed to fetch
=============================
====== JS ERROR CAUGHT ======
Unhandled Promise: TypeError: Failed to fetch
=============================
====== JS ERROR CAUGHT ======
Unhandled Promise: TypeError: Failed to fetch
=============================
====== JS ERROR CAUGHT ======
Unhandled Promise: TypeError: Failed to fetch
=============================
====== JS ERROR CAUGHT ======
Unhandled Promise: TypeError: Failed to fetch
=============================
====== JS ERROR CAUGHT ======
Unhandled Promise: TypeError: Failed to fetch
=============================
====== JS ERROR CAUGHT ======
Unhandled Promise: TypeError: Failed to fetch
=============================
====== JS ERROR CAUGHT ======
Unhandled Promise: TypeError: Failed to fetch
=============================
====== JS ERROR CAUGHT ======
Unhandled Promise: TypeError: Failed to fetch
=============================
====== JS ERROR CAUGHT ======
Unhandled Promise: TypeError: Failed to fetch
=============================
====== JS ERROR CAUGHT ======
Unhandled Promise: TypeError: Failed to fetch
=============================
====== JS ERROR CAUGHT ======
Unhandled Promise: TypeError: Failed to fetch
=============================
====== JS ERROR CAUGHT ======
Unhandled Promise: TypeError: Failed to fetch
=============================
====== JS ERROR CAUGHT ======
Unhandled Promise: TypeError: Failed to fetch
=============================
====== JS ERROR CAUGHT ======
Unhandled Promise: TypeError: Failed to fetch
=============================
====== JS ERROR CAUGHT ======
Unhandled Promise: TypeError: Failed to fetch
=============================
====== JS ERROR CAUGHT ======
Unhandled Promise: TypeError: Failed to fetch
=============================
====== JS ERROR CAUGHT ======
Unhandled Promise: TypeError: Failed to fetch
=============================
====== JS ERROR CAUGHT ======
Unhandled Promise: TypeError: Failed to fetch
=============================
====== JS ERROR CAUGHT ======
Unhandled Promise: TypeError: Failed to fetch
=============================
====== JS ERROR CAUGHT ======
Unhandled Promise: TypeError: Failed to fetch
=============================
====== JS ERROR CAUGHT ======
Unhandled Promise: TypeError: Failed to fetch
=============================
====== JS ERROR CAUGHT ======
Unhandled Promise: TypeError: Failed to fetch
=============================
====== JS ERROR CAUGHT ======
Unhandled Promise: TypeError: Failed to fetch
=============================
====== JS ERROR CAUGHT ======
Unhandled Promise: TypeError: Failed to fetch
=============================
====== JS ERROR CAUGHT ======
Unhandled Promise: TypeError: Failed to fetch
=============================
====== JS ERROR CAUGHT ======
Unhandled Promise: TypeError: Failed to fetch
=============================
====== JS ERROR CAUGHT ======
Unhandled Promise: TypeError: Failed to fetch
=============================
====== JS ERROR CAUGHT ======
Unhandled Promise: TypeError: Failed to fetch
=============================
====== JS ERROR CAUGHT ======
Unhandled Promise: TypeError: Failed to fetch
=============================
====== JS ERROR CAUGHT ======
Unhandled Promise: TypeError: Failed to fetch
=============================
====== JS ERROR CAUGHT ======
Unhandled Promise: TypeError: Failed to fetch
=============================
====== JS ERROR CAUGHT ======
Unhandled Promise: TypeError: Failed to fetch
=============================
====== JS ERROR CAUGHT ======
Unhandled Promise: TypeError: Failed to fetch
=============================
====== JS ERROR CAUGHT ======
Unhandled Promise: TypeError: Failed to fetch
=============================
====== JS ERROR CAUGHT ======
Unhandled Promise: TypeError: Failed to fetch
=============================
====== JS ERROR CAUGHT ======
Unhandled Promise: TypeError: Failed to fetch
=============================
====== JS ERROR CAUGHT ======
Unhandled Promise: TypeError: Failed to fetch
=============================
====== JS ERROR CAUGHT ======
Unhandled Promise: TypeError: Failed to fetch
=============================
====== JS ERROR CAUGHT ======
Unhandled Promise: TypeError: Failed to fetch
=============================
====== JS ERROR CAUGHT ======
Unhandled Promise: TypeError: Failed to fetch
=============================
====== JS ERROR CAUGHT ======
Unhandled Promise: TypeError: Failed to fetch
=============================
====== JS ERROR CAUGHT ======
Unhandled Promise: TypeError: Failed to fetch
=============================
====== JS ERROR CAUGHT ======
Unhandled Promise: TypeError: Failed to fetch
=============================
====== JS ERROR CAUGHT ======
Unhandled Promise: TypeError: Failed to fetch
=============================
====== JS ERROR CAUGHT ======
Unhandled Promise: TypeError: Failed to fetch
=============================
====== JS ERROR CAUGHT ======
Unhandled Promise: TypeError: Failed to fetch
=============================
====== JS ERROR CAUGHT ======
Unhandled Promise: TypeError: Failed to fetch
=============================
====== JS ERROR CAUGHT ======
Unhandled Promise: TypeError: Failed to fetch
=============================
====== JS ERROR CAUGHT ======
Unhandled Promise: TypeError: Failed to fetch
=============================
====== JS ERROR CAUGHT ======
Unhandled Promise: TypeError: Failed to fetch
=============================
====== JS ERROR CAUGHT ======
Unhandled Promise: TypeError: Failed to fetch
=============================
====== JS ERROR CAUGHT ======
Unhandled Promise: TypeError: Failed to fetch
=============================
====== JS ERROR CAUGHT ======
Unhandled Promise: TypeError: Failed to fetch
=============================
====== JS ERROR CAUGHT ======
Unhandled Promise: TypeError: Failed to fetch
=============================
====== JS ERROR CAUGHT ======
Unhandled Promise: TypeError: Failed to fetch
=============================
====== JS ERROR CAUGHT ======
Unhandled Promise: TypeError: Failed to fetch
=============================
====== JS ERROR CAUGHT ======
Unhandled Promise: TypeError: Failed to fetch
=============================
====== JS ERROR CAUGHT ======
Unhandled Promise: TypeError: Failed to fetch
=============================
====== JS ERROR CAUGHT ======
Unhandled Promise: TypeError: Failed to fetch
=============================
====== JS ERROR CAUGHT ======
Unhandled Promise: TypeError: Failed to fetch
=============================
====== JS ERROR CAUGHT ======
Unhandled Promise: TypeError: Failed to fetch
=============================
====== JS ERROR CAUGHT ======
Unhandled Promise: TypeError: Failed to fetch
=============================
====== JS ERROR CAUGHT ======
Unhandled Promise: TypeError: Failed to fetch
=============================
====== JS ERROR CAUGHT ======
Unhandled Promise: TypeError: Failed to fetch
=============================
====== JS ERROR CAUGHT ======
Unhandled Promise: TypeError: Failed to fetch
=============================
====== JS ERROR CAUGHT ======
Unhandled Promise: TypeError: Failed to fetch
=============================
====== JS ERROR CAUGHT ======
Unhandled Promise: TypeError: Failed to fetch
=============================
====== JS ERROR CAUGHT ======
Unhandled Promise: TypeError: Failed to fetch
=============================
====== JS ERROR CAUGHT ======
Unhandled Promise: TypeError: Failed to fetch
=============================
====== JS ERROR CAUGHT ======
Unhandled Promise: TypeError: Failed to fetch
=============================
====== JS ERROR CAUGHT ======
Unhandled Promise: TypeError: Failed to fetch
=============================
====== JS ERROR CAUGHT ======
Unhandled Promise: TypeError: Failed to fetch
=============================
====== JS ERROR CAUGHT ======
Unhandled Promise: TypeError: Failed to fetch
=============================
====== JS ERROR CAUGHT ======
Unhandled Promise: TypeError: Failed to fetch
=============================
====== JS ERROR CAUGHT ======
Unhandled Promise: TypeError: Failed to fetch
=============================
====== JS ERROR CAUGHT ======
Unhandled Promise: TypeError: Failed to fetch
=============================
====== JS ERROR CAUGHT ======
Unhandled Promise: TypeError: Failed to fetch
=============================
====== JS ERROR CAUGHT ======
Unhandled Promise: TypeError: Failed to fetch
=============================
====== JS ERROR CAUGHT ======
Unhandled Promise: TypeError: Failed to fetch
=============================
====== JS ERROR CAUGHT ======
Unhandled Promise: TypeError: Failed to fetch
=============================
====== JS ERROR CAUGHT ======
Unhandled Promise: TypeError: Failed to fetch
=============================
====== JS ERROR CAUGHT ======
Unhandled Promise: TypeError: Failed to fetch
=============================
====== JS ERROR CAUGHT ======
Unhandled Promise: TypeError: Failed to fetch
=============================
====== JS ERROR CAUGHT ======
Unhandled Promise: TypeError: Failed to fetch
=============================
====== JS ERROR CAUGHT ======
Unhandled Promise: TypeError: Failed to fetch
=============================
====== JS ERROR CAUGHT ======
Unhandled Promise: TypeError: Failed to fetch
=============================
====== JS ERROR CAUGHT ======
Unhandled Promise: TypeError: Failed to fetch
=============================
====== JS ERROR CAUGHT ======
Unhandled Promise: TypeError: Failed to fetch
=============================
====== JS ERROR CAUGHT ======
Unhandled Promise: TypeError: Failed to fetch
=============================
====== JS ERROR CAUGHT ======
Unhandled Promise: TypeError: Failed to fetch
=============================
====== JS ERROR CAUGHT ======
Unhandled Promise: TypeError: Failed to fetch
=============================
====== JS ERROR CAUGHT ======
Unhandled Promise: TypeError: Failed to fetch
=============================
====== JS ERROR CAUGHT ======
Unhandled Promise: TypeError: Failed to fetch
=============================
====== JS ERROR CAUGHT ======
Unhandled Promise: TypeError: Failed to fetch
=============================
====== JS ERROR CAUGHT ======
Unhandled Promise: TypeError: Failed to fetch
=============================
====== JS ERROR CAUGHT ======
Unhandled Promise: TypeError: Failed to fetch
=============================
====== JS ERROR CAUGHT ======
Unhandled Promise: TypeError: Failed to fetch
=============================
====== JS ERROR CAUGHT ======
Unhandled Promise: TypeError: Failed to fetch
=============================
====== JS ERROR CAUGHT ======
Unhandled Promise: TypeError: Failed to fetch
=============================
====== JS ERROR CAUGHT ======
Unhandled Promise: TypeError: Failed to fetch
=============================
====== JS ERROR CAUGHT ======
Unhandled Promise: TypeError: Failed to fetch
=============================
====== JS ERROR CAUGHT ======
Unhandled Promise: TypeError: Failed to fetch
=============================
====== JS ERROR CAUGHT ======
Unhandled Promise: TypeError: Failed to fetch
=============================
====== JS ERROR CAUGHT ======
Unhandled Promise: TypeError: Failed to fetch
=============================
====== JS ERROR CAUGHT ======
Unhandled Promise: TypeError: Failed to fetch
=============================
====== JS ERROR CAUGHT ======
Unhandled Promise: TypeError: Failed to fetch
=============================
====== JS ERROR CAUGHT ======
Unhandled Promise: TypeError: Failed to fetch
=============================
====== JS ERROR CAUGHT ======
Unhandled Promise: TypeError: Failed to fetch
=============================
====== JS ERROR CAUGHT ======
Unhandled Promise: TypeError: Failed to fetch
=============================
====== JS ERROR CAUGHT ======
Unhandled Promise: TypeError: Failed to fetch
=============================
====== JS ERROR CAUGHT ======
Unhandled Promise: TypeError: Failed to fetch
=============================
====== JS ERROR CAUGHT ======
Unhandled Promise: TypeError: Failed to fetch
=============================
====== JS ERROR CAUGHT ======
Unhandled Promise: TypeError: Failed to fetch
=============================
====== JS ERROR CAUGHT ======
Unhandled Promise: TypeError: Failed to fetch
=============================
====== JS ERROR CAUGHT ======
Unhandled Promise: TypeError: Failed to fetch
=============================
====== JS ERROR CAUGHT ======
Unhandled Promise: TypeError: Failed to fetch
=============================
====== JS ERROR CAUGHT ======
Unhandled Promise: TypeError: Failed to fetch
=============================
====== JS ERROR CAUGHT ======
Unhandled Promise: TypeError: Failed to fetch
=============================
====== JS ERROR CAUGHT ======
Unhandled Promise: TypeError: Failed to fetch
=============================
====== JS ERROR CAUGHT ======
Unhandled Promise: TypeError: Failed to fetch
=============================
====== JS ERROR CAUGHT ======
Unhandled Promise: TypeError: Failed to fetch
=============================
====== JS ERROR CAUGHT ======
Unhandled Promise: TypeError: Failed to fetch
=============================
====== JS ERROR CAUGHT ======
Unhandled Promise: TypeError: Failed to fetch
=============================
====== JS ERROR CAUGHT ======
Unhandled Promise: TypeError: Failed to fetch
=============================
====== JS ERROR CAUGHT ======
Unhandled Promise: TypeError: Failed to fetch
=============================
====== JS ERROR CAUGHT ======
Unhandled Promise: TypeError: Failed to fetch
=============================
====== JS ERROR CAUGHT ======
Unhandled Promise: TypeError: Failed to fetch
=============================
====== JS ERROR CAUGHT ======
Unhandled Promise: TypeError: Failed to fetch
=============================
====== JS ERROR CAUGHT ======
Unhandled Promise: TypeError: Failed to fetch
=============================
====== JS ERROR CAUGHT ======
Unhandled Promise: TypeError: Failed to fetch
=============================
====== JS ERROR CAUGHT ======
Unhandled Promise: TypeError: Failed to fetch
=============================
====== JS ERROR CAUGHT ======
Unhandled Promise: TypeError: Failed to fetch
=============================
====== JS ERROR CAUGHT ======
Unhandled Promise: TypeError: Failed to fetch
=============================
====== JS ERROR CAUGHT ======
Unhandled Promise: TypeError: Failed to fetch
=============================
====== JS ERROR CAUGHT ======
Unhandled Promise: TypeError: Failed to fetch
=============================
====== JS ERROR CAUGHT ======
Unhandled Promise: TypeError: Failed to fetch
=============================
====== JS ERROR CAUGHT ======
Unhandled Promise: TypeError: Failed to fetch
=============================
====== JS ERROR CAUGHT ======
Unhandled Promise: TypeError: Failed to fetch
=============================
====== JS ERROR CAUGHT ======
Unhandled Promise: TypeError: Failed to fetch
=============================
====== JS ERROR CAUGHT ======
Unhandled Promise: TypeError: Failed to fetch
=============================
====== JS ERROR CAUGHT ======
Unhandled Promise: TypeError: Failed to fetch
=============================
====== JS ERROR CAUGHT ======
Unhandled Promise: TypeError: Failed to fetch
=============================
====== JS ERROR CAUGHT ======
Unhandled Promise: TypeError: Failed to fetch
=============================
====== JS ERROR CAUGHT ======
Unhandled Promise: TypeError: Failed to fetch
=============================
====== JS ERROR CAUGHT ======
Unhandled Promise: TypeError: Failed to fetch
=============================
====== JS ERROR CAUGHT ======
Unhandled Promise: TypeError: Failed to fetch
=============================
====== JS ERROR CAUGHT ======
Unhandled Promise: TypeError: Failed to fetch
=============================
====== JS ERROR CAUGHT ======
Unhandled Promise: TypeError: Failed to fetch
=============================
====== JS ERROR CAUGHT ======
Unhandled Promise: TypeError: Failed to fetch
=============================
====== JS ERROR CAUGHT ======
Unhandled Promise: TypeError: Failed to fetch
=============================
====== JS ERROR CAUGHT ======
Unhandled Promise: TypeError: Failed to fetch
=============================
====== JS ERROR CAUGHT ======
Unhandled Promise: TypeError: Failed to fetch
=============================
====== JS ERROR CAUGHT ======
Unhandled Promise: TypeError: Failed to fetch
=============================
====== JS ERROR CAUGHT ======
Unhandled Promise: TypeError: Failed to fetch
=============================
====== JS ERROR CAUGHT ======
Unhandled Promise: TypeError: Failed to fetch
=============================
====== JS ERROR CAUGHT ======
Unhandled Promise: TypeError: Failed to fetch
=============================
====== JS ERROR CAUGHT ======
Unhandled Promise: TypeError: Failed to fetch
=============================
====== JS ERROR CAUGHT ======
Unhandled Promise: TypeError: Failed to fetch
=============================
====== JS ERROR CAUGHT ======
Unhandled Promise: TypeError: Failed to fetch
=============================
====== JS ERROR CAUGHT ======
Unhandled Promise: TypeError: Failed to fetch
=============================
====== JS ERROR CAUGHT ======
Unhandled Promise: TypeError: Failed to fetch
=============================
====== JS ERROR CAUGHT ======
Unhandled Promise: TypeError: Failed to fetch
=============================
====== JS ERROR CAUGHT ======
Unhandled Promise: TypeError: Failed to fetch
=============================
====== JS ERROR CAUGHT ======
Unhandled Promise: TypeError: Failed to fetch
=============================
====== JS ERROR CAUGHT ======
Unhandled Promise: TypeError: Failed to fetch
=============================
====== JS ERROR CAUGHT ======
Unhandled Promise: TypeError: Failed to fetch
=============================
====== JS ERROR CAUGHT ======
Unhandled Promise: TypeError: Failed to fetch
=============================
====== JS ERROR CAUGHT ======
Unhandled Promise: TypeError: Failed to fetch
=============================
====== JS ERROR CAUGHT ======
Unhandled Promise: TypeError: Failed to fetch
=============================
====== JS ERROR CAUGHT ======
Unhandled Promise: TypeError: Failed to fetch
=============================
====== JS ERROR CAUGHT ======
Unhandled Promise: TypeError: Failed to fetch
=============================
====== JS ERROR CAUGHT ======
Unhandled Promise: TypeError: Failed to fetch
=============================
====== JS ERROR CAUGHT ======
Unhandled Promise: TypeError: Failed to fetch
=============================
====== JS ERROR CAUGHT ======
Unhandled Promise: TypeError: Failed to fetch
=============================
====== JS ERROR CAUGHT ======
Unhandled Promise: TypeError: Failed to fetch
=============================
====== JS ERROR CAUGHT ======
Unhandled Promise: TypeError: Failed to fetch
=============================
====== JS ERROR CAUGHT ======
Unhandled Promise: TypeError: Failed to fetch
=============================
====== JS ERROR CAUGHT ======
Unhandled Promise: TypeError: Failed to fetch
=============================
====== JS ERROR CAUGHT ======
Unhandled Promise: TypeError: Failed to fetch
=============================
====== JS ERROR CAUGHT ======
Unhandled Promise: TypeError: Failed to fetch
=============================
====== JS ERROR CAUGHT ======
Unhandled Promise: TypeError: Failed to fetch
=============================
====== JS ERROR CAUGHT ======
Unhandled Promise: TypeError: Failed to fetch
=============================
====== JS ERROR CAUGHT ======
Unhandled Promise: TypeError: Failed to fetch
=============================
====== JS ERROR CAUGHT ======
Unhandled Promise: TypeError: Failed to fetch
=============================
====== JS ERROR CAUGHT ======
Unhandled Promise: TypeError: Failed to fetch
=============================
====== JS ERROR CAUGHT ======
Unhandled Promise: TypeError: Failed to fetch
=============================
====== JS ERROR CAUGHT ======
Unhandled Promise: TypeError: Failed to fetch
=============================
====== JS ERROR CAUGHT ======
Unhandled Promise: TypeError: Failed to fetch
=============================
====== JS ERROR CAUGHT ======
Unhandled Promise: TypeError: Failed to fetch
=============================
====== JS ERROR CAUGHT ======
Unhandled Promise: TypeError: Failed to fetch
=============================
====== JS ERROR CAUGHT ======
Unhandled Promise: TypeError: Failed to fetch
=============================
====== JS ERROR CAUGHT ======
Unhandled Promise: TypeError: Failed to fetch
=============================
====== JS ERROR CAUGHT ======
Unhandled Promise: TypeError: Failed to fetch
=============================
====== JS ERROR CAUGHT ======
Unhandled Promise: TypeError: Failed to fetch
=============================
====== JS ERROR CAUGHT ======
Unhandled Promise: TypeError: Failed to fetch
=============================
====== JS ERROR CAUGHT ======
Unhandled Promise: TypeError: Failed to fetch
=============================
====== JS ERROR CAUGHT ======
Unhandled Promise: TypeError: Failed to fetch
=============================
====== JS ERROR CAUGHT ======
Unhandled Promise: TypeError: Failed to fetch
=============================
====== JS ERROR CAUGHT ======
Unhandled Promise: TypeError: Failed to fetch
=============================
====== JS ERROR CAUGHT ======
Unhandled Promise: TypeError: Failed to fetch
=============================
====== JS ERROR CAUGHT ======
Unhandled Promise: TypeError: Failed to fetch
=============================
====== JS ERROR CAUGHT ======
Unhandled Promise: TypeError: Failed to fetch
=============================
====== JS ERROR CAUGHT ======
Unhandled Promise: TypeError: Failed to fetch
=============================
====== JS ERROR CAUGHT ======
Unhandled Promise: TypeError: Failed to fetch
=============================
====== JS ERROR CAUGHT ======
Unhandled Promise: TypeError: Failed to fetch
=============================
====== JS ERROR CAUGHT ======
Unhandled Promise: TypeError: Failed to fetch
=============================
====== JS ERROR CAUGHT ======
Unhandled Promise: TypeError: Failed to fetch
=============================
====== JS ERROR CAUGHT ======
Unhandled Promise: TypeError: Failed to fetch
=============================
====== JS ERROR CAUGHT ======
Unhandled Promise: TypeError: Failed to fetch
=============================
====== JS ERROR CAUGHT ======
Unhandled Promise: TypeError: Failed to fetch
=============================
====== JS ERROR CAUGHT ======
Unhandled Promise: TypeError: Failed to fetch
=============================
====== JS ERROR CAUGHT ======
Unhandled Promise: TypeError: Failed to fetch
=============================
====== JS ERROR CAUGHT ======
Unhandled Promise: TypeError: Failed to fetch
=============================
====== JS ERROR CAUGHT ======
Unhandled Promise: TypeError: Failed to fetch
=============================
====== JS ERROR CAUGHT ======
Unhandled Promise: TypeError: Failed to fetch
=============================
====== JS ERROR CAUGHT ======
Unhandled Promise: TypeError: Failed to fetch
=============================
====== JS ERROR CAUGHT ======
Unhandled Promise: TypeError: Failed to fetch
=============================
====== JS ERROR CAUGHT ======
Unhandled Promise: TypeError: Failed to fetch
=============================
====== JS ERROR CAUGHT ======
Unhandled Promise: TypeError: Failed to fetch
=============================
====== JS ERROR CAUGHT ======
Unhandled Promise: TypeError: Failed to fetch
=============================
====== JS ERROR CAUGHT ======
Unhandled Promise: TypeError: Failed to fetch
=============================
====== JS ERROR CAUGHT ======
Unhandled Promise: TypeError: Failed to fetch
=============================
====== JS ERROR CAUGHT ======
Unhandled Promise: TypeError: Failed to fetch
=============================
====== JS ERROR CAUGHT ======
Unhandled Promise: TypeError: Failed to fetch
=============================
====== JS ERROR CAUGHT ======
Unhandled Promise: TypeError: Failed to fetch
=============================
====== JS ERROR CAUGHT ======
Unhandled Promise: TypeError: Failed to fetch
=============================
====== JS ERROR CAUGHT ======
Unhandled Promise: TypeError: Failed to fetch
=============================
====== JS ERROR CAUGHT ======
Unhandled Promise: TypeError: Failed to fetch
=============================
====== JS ERROR CAUGHT ======
Unhandled Promise: TypeError: Failed to fetch
=============================
====== JS ERROR CAUGHT ======
Unhandled Promise: TypeError: Failed to fetch
=============================
====== JS ERROR CAUGHT ======
Unhandled Promise: TypeError: Failed to fetch
=============================
====== JS ERROR CAUGHT ======
Unhandled Promise: TypeError: Failed to fetch
=============================
====== JS ERROR CAUGHT ======
Unhandled Promise: TypeError: Failed to fetch
=============================
====== JS ERROR CAUGHT ======
Unhandled Promise: TypeError: Failed to fetch
=============================
====== JS ERROR CAUGHT ======
Unhandled Promise: TypeError: Failed to fetch
=============================
====== JS ERROR CAUGHT ======
Unhandled Promise: TypeError: Failed to fetch
=============================
====== JS ERROR CAUGHT ======
Unhandled Promise: TypeError: Failed to fetch
=============================
====== JS ERROR CAUGHT ======
Unhandled Promise: TypeError: Failed to fetch
=============================
====== JS ERROR CAUGHT ======
Unhandled Promise: TypeError: Failed to fetch
=============================
====== JS ERROR CAUGHT ======
Unhandled Promise: TypeError: Failed to fetch
=============================
====== JS ERROR CAUGHT ======
Unhandled Promise: TypeError: Failed to fetch
=============================
====== JS ERROR CAUGHT ======
Unhandled Promise: TypeError: Failed to fetch
=============================
====== JS ERROR CAUGHT ======
Unhandled Promise: TypeError: Failed to fetch
=============================
====== JS ERROR CAUGHT ======
Unhandled Promise: TypeError: Failed to fetch
=============================
====== JS ERROR CAUGHT ======
Unhandled Promise: TypeError: Failed to fetch
=============================
====== JS ERROR CAUGHT ======
Unhandled Promise: TypeError: Failed to fetch
=============================
====== JS ERROR CAUGHT ======
Unhandled Promise: TypeError: Failed to fetch
=============================
====== JS ERROR CAUGHT ======
Unhandled Promise: TypeError: Failed to fetch
=============================
====== JS ERROR CAUGHT ======
Unhandled Promise: TypeError: Failed to fetch
=============================
====== JS ERROR CAUGHT ======
Unhandled Promise: TypeError: Failed to fetch
=============================
====== JS ERROR CAUGHT ======
Unhandled Promise: TypeError: Failed to fetch
=============================
====== JS ERROR CAUGHT ======
Unhandled Promise: TypeError: Failed to fetch
=============================
====== JS ERROR CAUGHT ======
Unhandled Promise: TypeError: Failed to fetch
=============================
====== JS ERROR CAUGHT ======
Unhandled Promise: TypeError: Failed to fetch
=============================
====== JS ERROR CAUGHT ======
Unhandled Promise: TypeError: Failed to fetch
=============================
====== JS ERROR CAUGHT ======
Unhandled Promise: TypeError: Failed to fetch
=============================
====== JS ERROR CAUGHT ======
Unhandled Promise: TypeError: Failed to fetch
=============================
====== JS ERROR CAUGHT ======
Unhandled Promise: TypeError: Failed to fetch
=============================
====== JS ERROR CAUGHT ======
Unhandled Promise: TypeError: Failed to fetch
=============================
====== JS ERROR CAUGHT ======
Unhandled Promise: TypeError: Failed to fetch
=============================
====== JS ERROR CAUGHT ======
Unhandled Promise: TypeError: Failed to fetch
=============================
====== JS ERROR CAUGHT ======
Unhandled Promise: TypeError: Failed to fetch
=============================
====== JS ERROR CAUGHT ======
Unhandled Promise: TypeError: Failed to fetch
=============================
====== JS ERROR CAUGHT ======
Unhandled Promise: TypeError: Failed to fetch
=============================
====== JS ERROR CAUGHT ======
Unhandled Promise: TypeError: Failed to fetch
=============================
====== JS ERROR CAUGHT ======
Unhandled Promise: TypeError: Failed to fetch
=============================
====== JS ERROR CAUGHT ======
Unhandled Promise: TypeError: Failed to fetch
=============================
====== JS ERROR CAUGHT ======
Unhandled Promise: TypeError: Failed to fetch
=============================
====== JS ERROR CAUGHT ======
Unhandled Promise: TypeError: Failed to fetch
=============================
====== JS ERROR CAUGHT ======
Unhandled Promise: TypeError: Failed to fetch
=============================
====== JS ERROR CAUGHT ======
Unhandled Promise: TypeError: Failed to fetch
=============================
====== JS ERROR CAUGHT ======
Unhandled Promise: TypeError: Failed to fetch
=============================
====== JS ERROR CAUGHT ======
Unhandled Promise: TypeError: Failed to fetch
=============================
====== JS ERROR CAUGHT ======
Unhandled Promise: TypeError: Failed to fetch
=============================
====== JS ERROR CAUGHT ======
Unhandled Promise: TypeError: Failed to fetch
=============================
====== JS ERROR CAUGHT ======
Unhandled Promise: TypeError: Failed to fetch
=============================
====== JS ERROR CAUGHT ======
Unhandled Promise: TypeError: Failed to fetch
=============================
====== JS ERROR CAUGHT ======
Unhandled Promise: TypeError: Failed to fetch
=============================
====== JS ERROR CAUGHT ======
Unhandled Promise: TypeError: Failed to fetch
=============================
====== JS ERROR CAUGHT ======
Unhandled Promise: TypeError: Failed to fetch
=============================
====== JS ERROR CAUGHT ======
Unhandled Promise: TypeError: Failed to fetch
=============================
====== JS ERROR CAUGHT ======
Unhandled Promise: TypeError: Failed to fetch
=============================
====== JS ERROR CAUGHT ======
Unhandled Promise: TypeError: Failed to fetch
=============================
====== JS ERROR CAUGHT ======
Unhandled Promise: TypeError: Failed to fetch
=============================
====== JS ERROR CAUGHT ======
Unhandled Promise: TypeError: Failed to fetch
=============================
====== JS ERROR CAUGHT ======
Unhandled Promise: TypeError: Failed to fetch
=============================
====== JS ERROR CAUGHT ======
Unhandled Promise: TypeError: Failed to fetch
=============================
====== JS ERROR CAUGHT ======
Unhandled Promise: TypeError: Failed to fetch
=============================
====== JS ERROR CAUGHT ======
Unhandled Promise: TypeError: Failed to fetch
=============================
====== JS ERROR CAUGHT ======
Unhandled Promise: TypeError: Failed to fetch
=============================
====== JS ERROR CAUGHT ======
Unhandled Promise: TypeError: Failed to fetch
=============================
====== JS ERROR CAUGHT ======
Unhandled Promise: TypeError: Failed to fetch
=============================
====== JS ERROR CAUGHT ======
Unhandled Promise: TypeError: Failed to fetch
=============================
====== JS ERROR CAUGHT ======
Unhandled Promise: TypeError: Failed to fetch
=============================
====== JS ERROR CAUGHT ======
Unhandled Promise: TypeError: Failed to fetch
=============================
====== JS ERROR CAUGHT ======
Unhandled Promise: TypeError: Failed to fetch
=============================
====== JS ERROR CAUGHT ======
Unhandled Promise: TypeError: Failed to fetch
=============================
====== JS ERROR CAUGHT ======
Unhandled Promise: TypeError: Failed to fetch
=============================
====== JS ERROR CAUGHT ======
Unhandled Promise: TypeError: Failed to fetch
=============================
====== JS ERROR CAUGHT ======
Unhandled Promise: TypeError: Failed to fetch
=============================
====== JS ERROR CAUGHT ======
Unhandled Promise: TypeError: Failed to fetch
=============================
====== JS ERROR CAUGHT ======
Unhandled Promise: TypeError: Failed to fetch
=============================
====== JS ERROR CAUGHT ======
Unhandled Promise: TypeError: Failed to fetch
=============================
====== JS ERROR CAUGHT ======
Unhandled Promise: TypeError: Failed to fetch
=============================
====== JS ERROR CAUGHT ======
Unhandled Promise: TypeError: Failed to fetch
=============================
====== JS ERROR CAUGHT ======
Unhandled Promise: TypeError: Failed to fetch
=============================
====== JS ERROR CAUGHT ======
Unhandled Promise: TypeError: Failed to fetch
=============================
====== JS ERROR CAUGHT ======
Unhandled Promise: TypeError: Failed to fetch
=============================
====== JS ERROR CAUGHT ======
Unhandled Promise: TypeError: Failed to fetch
=============================
====== JS ERROR CAUGHT ======
Unhandled Promise: TypeError: Failed to fetch
=============================
====== JS ERROR CAUGHT ======
Unhandled Promise: TypeError: Failed to fetch
=============================
====== JS ERROR CAUGHT ======
Unhandled Promise: TypeError: Failed to fetch
=============================
====== JS ERROR CAUGHT ======
Unhandled Promise: TypeError: Failed to fetch
=============================
====== JS ERROR CAUGHT ======
Unhandled Promise: TypeError: Failed to fetch
=============================
====== JS ERROR CAUGHT ======
Unhandled Promise: TypeError: Failed to fetch
=============================
====== JS ERROR CAUGHT ======
Unhandled Promise: TypeError: Failed to fetch
=============================
====== JS ERROR CAUGHT ======
Unhandled Promise: TypeError: Failed to fetch
=============================
====== JS ERROR CAUGHT ======
Unhandled Promise: TypeError: Failed to fetch
=============================
====== JS ERROR CAUGHT ======
Unhandled Promise: TypeError: Failed to fetch
=============================
====== JS ERROR CAUGHT ======
Unhandled Promise: TypeError: Failed to fetch
=============================
====== JS ERROR CAUGHT ======
Unhandled Promise: TypeError: Failed to fetch
=============================
====== JS ERROR CAUGHT ======
Unhandled Promise: TypeError: Failed to fetch
=============================
====== JS ERROR CAUGHT ======
Unhandled Promise: TypeError: Failed to fetch
=============================
====== JS ERROR CAUGHT ======
Unhandled Promise: TypeError: Failed to fetch
=============================
====== JS ERROR CAUGHT ======
Unhandled Promise: TypeError: Failed to fetch
=============================
====== JS ERROR CAUGHT ======
Unhandled Promise: TypeError: Failed to fetch
=============================
====== JS ERROR CAUGHT ======
Unhandled Promise: TypeError: Failed to fetch
=============================
====== JS ERROR CAUGHT ======
Unhandled Promise: TypeError: Failed to fetch
=============================
====== JS ERROR CAUGHT ======
Unhandled Promise: TypeError: Failed to fetch
=============================
====== JS ERROR CAUGHT ======
Unhandled Promise: TypeError: Failed to fetch
=============================
====== JS ERROR CAUGHT ======
Unhandled Promise: TypeError: Failed to fetch
=============================
====== JS ERROR CAUGHT ======
Unhandled Promise: TypeError: Failed to fetch
=============================
====== JS ERROR CAUGHT ======
Unhandled Promise: TypeError: Failed to fetch
=============================
====== JS ERROR CAUGHT ======
Unhandled Promise: TypeError: Failed to fetch
=============================
====== JS ERROR CAUGHT ======
Unhandled Promise: TypeError: Failed to fetch
=============================
====== JS ERROR CAUGHT ======
Unhandled Promise: TypeError: Failed to fetch
=============================
====== JS ERROR CAUGHT ======
Unhandled Promise: TypeError: Failed to fetch
=============================
====== JS ERROR CAUGHT ======
Unhandled Promise: TypeError: Failed to fetch
=============================
====== JS ERROR CAUGHT ======
Unhandled Promise: TypeError: Failed to fetch
=============================
====== JS ERROR CAUGHT ======
Unhandled Promise: TypeError: Failed to fetch
=============================
====== JS ERROR CAUGHT ======
Unhandled Promise: TypeError: Failed to fetch
=============================
====== JS ERROR CAUGHT ======
Unhandled Promise: TypeError: Failed to fetch
=============================
====== JS ERROR CAUGHT ======
Unhandled Promise: TypeError: Failed to fetch
=============================
====== JS ERROR CAUGHT ======
Unhandled Promise: TypeError: Failed to fetch
=============================
====== JS ERROR CAUGHT ======
Unhandled Promise: TypeError: Failed to fetch
=============================
====== JS ERROR CAUGHT ======
Unhandled Promise: TypeError: Failed to fetch
=============================
====== JS ERROR CAUGHT ======
Unhandled Promise: TypeError: Failed to fetch
=============================
====== JS ERROR CAUGHT ======
Unhandled Promise: TypeError: Failed to fetch
=============================
====== JS ERROR CAUGHT ======
Unhandled Promise: TypeError: Failed to fetch
=============================
====== JS ERROR CAUGHT ======
Unhandled Promise: TypeError: Failed to fetch
=============================
====== JS ERROR CAUGHT ======
Unhandled Promise: TypeError: Failed to fetch
=============================
====== JS ERROR CAUGHT ======
Unhandled Promise: TypeError: Failed to fetch
=============================
====== JS ERROR CAUGHT ======
Unhandled Promise: TypeError: Failed to fetch
=============================
====== JS ERROR CAUGHT ======
Unhandled Promise: TypeError: Failed to fetch
=============================
====== JS ERROR CAUGHT ======
Unhandled Promise: TypeError: Failed to fetch
=============================
====== JS ERROR CAUGHT ======
Unhandled Promise: TypeError: Failed to fetch
=============================
====== JS ERROR CAUGHT ======
Unhandled Promise: TypeError: Failed to fetch
=============================
====== JS ERROR CAUGHT ======
Unhandled Promise: TypeError: Failed to fetch
=============================
====== JS ERROR CAUGHT ======
Unhandled Promise: TypeError: Failed to fetch
=============================
====== JS ERROR CAUGHT ======
Unhandled Promise: TypeError: Failed to fetch
=============================
====== JS ERROR CAUGHT ======
Unhandled Promise: TypeError: Failed to fetch
=============================
====== JS ERROR CAUGHT ======
Unhandled Promise: TypeError: Failed to fetch
=============================
====== JS ERROR CAUGHT ======
Unhandled Promise: TypeError: Failed to fetch
=============================
====== JS ERROR CAUGHT ======
Unhandled Promise: TypeError: Failed to fetch
=============================
====== JS ERROR CAUGHT ======
Unhandled Promise: TypeError: Failed to fetch
=============================
====== JS ERROR CAUGHT ======
Unhandled Promise: TypeError: Failed to fetch
=============================
====== JS ERROR CAUGHT ======
Unhandled Promise: TypeError: Failed to fetch
=============================
====== JS ERROR CAUGHT ======
Unhandled Promise: TypeError: Failed to fetch
=============================
====== JS ERROR CAUGHT ======
Unhandled Promise: TypeError: Failed to fetch
=============================
====== JS ERROR CAUGHT ======
Unhandled Promise: TypeError: Failed to fetch
=============================
====== JS ERROR CAUGHT ======
Unhandled Promise: TypeError: Failed to fetch
=============================
====== JS ERROR CAUGHT ======
Unhandled Promise: TypeError: Failed to fetch
=============================
====== JS ERROR CAUGHT ======
Unhandled Promise: TypeError: Failed to fetch
=============================
====== JS ERROR CAUGHT ======
Unhandled Promise: TypeError: Failed to fetch
=============================
====== JS ERROR CAUGHT ======
Unhandled Promise: TypeError: Failed to fetch
=============================
====== JS ERROR CAUGHT ======
Unhandled Promise: TypeError: Failed to fetch
=============================
====== JS ERROR CAUGHT ======
Unhandled Promise: TypeError: Failed to fetch
=============================
====== JS ERROR CAUGHT ======
Unhandled Promise: TypeError: Failed to fetch
=============================
====== JS ERROR CAUGHT ======
Unhandled Promise: TypeError: Failed to fetch
=============================
====== JS ERROR CAUGHT ======
Unhandled Promise: TypeError: Failed to fetch
=============================
====== JS ERROR CAUGHT ======
Unhandled Promise: TypeError: Failed to fetch
=============================
====== JS ERROR CAUGHT ======
Unhandled Promise: TypeError: Failed to fetch
=============================
====== JS ERROR CAUGHT ======
Unhandled Promise: TypeError: Failed to fetch
=============================
====== JS ERROR CAUGHT ======
Unhandled Promise: TypeError: Failed to fetch
=============================
====== JS ERROR CAUGHT ======
Unhandled Promise: TypeError: Failed to fetch
=============================
====== JS ERROR CAUGHT ======
Unhandled Promise: TypeError: Failed to fetch
=============================
====== JS ERROR CAUGHT ======
Unhandled Promise: TypeError: Failed to fetch
=============================
====== JS ERROR CAUGHT ======
Unhandled Promise: TypeError: Failed to fetch
=============================
====== JS ERROR CAUGHT ======
Unhandled Promise: TypeError: Failed to fetch
=============================
====== JS ERROR CAUGHT ======
Unhandled Promise: TypeError: Failed to fetch
=============================
====== JS ERROR CAUGHT ======
Unhandled Promise: TypeError: Failed to fetch
=============================
====== JS ERROR CAUGHT ======
Unhandled Promise: TypeError: Failed to fetch
=============================
====== JS ERROR CAUGHT ======
Unhandled Promise: TypeError: Failed to fetch
=============================
====== JS ERROR CAUGHT ======
Unhandled Promise: TypeError: Failed to fetch
=============================
====== JS ERROR CAUGHT ======
Unhandled Promise: TypeError: Failed to fetch
=============================
====== JS ERROR CAUGHT ======
Unhandled Promise: TypeError: Failed to fetch
=============================
====== JS ERROR CAUGHT ======
Unhandled Promise: TypeError: Failed to fetch
=============================
====== JS ERROR CAUGHT ======
Unhandled Promise: TypeError: Failed to fetch
=============================
====== JS ERROR CAUGHT ======
Unhandled Promise: TypeError: Failed to fetch
=============================
====== JS ERROR CAUGHT ======
Unhandled Promise: TypeError: Failed to fetch
=============================
====== JS ERROR CAUGHT ======
Unhandled Promise: TypeError: Failed to fetch
=============================
====== JS ERROR CAUGHT ======
Unhandled Promise: TypeError: Failed to fetch
=============================
====== JS ERROR CAUGHT ======
Unhandled Promise: TypeError: Failed to fetch
=============================
====== JS ERROR CAUGHT ======
Unhandled Promise: TypeError: Failed to fetch
=============================
====== JS ERROR CAUGHT ======
Unhandled Promise: TypeError: Failed to fetch
=============================
====== JS ERROR CAUGHT ======
Unhandled Promise: TypeError: Failed to fetch
=============================
====== JS ERROR CAUGHT ======
Unhandled Promise: TypeError: Failed to fetch
=============================
====== JS ERROR CAUGHT ======
Unhandled Promise: TypeError: Failed to fetch
=============================
====== JS ERROR CAUGHT ======
Unhandled Promise: TypeError: Failed to fetch
=============================
====== JS ERROR CAUGHT ======
Unhandled Promise: TypeError: Failed to fetch
=============================
====== JS ERROR CAUGHT ======
Unhandled Promise: TypeError: Failed to fetch
=============================
====== JS ERROR CAUGHT ======
Unhandled Promise: TypeError: Failed to fetch
=============================
====== JS ERROR CAUGHT ======
Unhandled Promise: TypeError: Failed to fetch
=============================
====== JS ERROR CAUGHT ======
Unhandled Promise: TypeError: Failed to fetch
=============================
====== JS ERROR CAUGHT ======
Unhandled Promise: TypeError: Failed to fetch
=============================
====== JS ERROR CAUGHT ======
Unhandled Promise: TypeError: Failed to fetch
=============================
====== JS ERROR CAUGHT ======
Unhandled Promise: TypeError: Failed to fetch
=============================
====== JS ERROR CAUGHT ======
Unhandled Promise: TypeError: Failed to fetch
=============================
====== JS ERROR CAUGHT ======
Unhandled Promise: TypeError: Failed to fetch
=============================
====== JS ERROR CAUGHT ======
Unhandled Promise: TypeError: Failed to fetch
=============================
====== JS ERROR CAUGHT ======
Unhandled Promise: TypeError: Failed to fetch
=============================
====== JS ERROR CAUGHT ======
Unhandled Promise: TypeError: Failed to fetch
=============================
====== JS ERROR CAUGHT ======
Unhandled Promise: TypeError: Failed to fetch
=============================
====== JS ERROR CAUGHT ======
Unhandled Promise: TypeError: Failed to fetch
=============================
====== JS ERROR CAUGHT ======
Unhandled Promise: TypeError: Failed to fetch
=============================
====== JS ERROR CAUGHT ======
Unhandled Promise: TypeError: Failed to fetch
=============================
====== JS ERROR CAUGHT ======
Unhandled Promise: TypeError: Failed to fetch
=============================
====== JS ERROR CAUGHT ======
Unhandled Promise: TypeError: Failed to fetch
=============================
====== JS ERROR CAUGHT ======
Unhandled Promise: TypeError: Failed to fetch
=============================
====== JS ERROR CAUGHT ======
Unhandled Promise: TypeError: Failed to fetch
=============================
====== JS ERROR CAUGHT ======
Unhandled Promise: TypeError: Failed to fetch
=============================
====== JS ERROR CAUGHT ======
Unhandled Promise: TypeError: Failed to fetch
=============================
====== JS ERROR CAUGHT ======
Unhandled Promise: TypeError: Failed to fetch
=============================
====== JS ERROR CAUGHT ======
Unhandled Promise: TypeError: Failed to fetch
=============================
====== JS ERROR CAUGHT ======
Unhandled Promise: TypeError: Failed to fetch
=============================
====== JS ERROR CAUGHT ======
Unhandled Promise: TypeError: Failed to fetch
=============================
====== JS ERROR CAUGHT ======
Unhandled Promise: TypeError: Failed to fetch
=============================
====== JS ERROR CAUGHT ======
Unhandled Promise: TypeError: Failed to fetch
=============================
====== JS ERROR CAUGHT ======
Unhandled Promise: TypeError: Failed to fetch
=============================
====== JS ERROR CAUGHT ======
Unhandled Promise: TypeError: Failed to fetch
=============================
====== JS ERROR CAUGHT ======
Unhandled Promise: TypeError: Failed to fetch
=============================
====== JS ERROR CAUGHT ======
Unhandled Promise: TypeError: Failed to fetch
=============================
====== JS ERROR CAUGHT ======
Unhandled Promise: TypeError: Failed to fetch
=============================
====== JS ERROR CAUGHT ======
Unhandled Promise: TypeError: Failed to fetch
=============================
====== JS ERROR CAUGHT ======
Unhandled Promise: TypeError: Failed to fetch
=============================
====== JS ERROR CAUGHT ======
Unhandled Promise: TypeError: Failed to fetch
=============================
====== JS ERROR CAUGHT ======
Unhandled Promise: TypeError: Failed to fetch
=============================
====== JS ERROR CAUGHT ======
Unhandled Promise: TypeError: Failed to fetch
=============================
====== JS ERROR CAUGHT ======
Unhandled Promise: TypeError: Failed to fetch
=============================
====== JS ERROR CAUGHT ======
Unhandled Promise: TypeError: Failed to fetch
=============================
====== JS ERROR CAUGHT ======
Unhandled Promise: TypeError: Failed to fetch
=============================
====== JS ERROR CAUGHT ======
Unhandled Promise: TypeError: Failed to fetch
=============================
====== JS ERROR CAUGHT ======
Unhandled Promise: TypeError: Failed to fetch
=============================
====== JS ERROR CAUGHT ======
Unhandled Promise: TypeError: Failed to fetch
=============================
====== JS ERROR CAUGHT ======
Unhandled Promise: TypeError: Failed to fetch
=============================
====== JS ERROR CAUGHT ======
Unhandled Promise: TypeError: Failed to fetch
=============================
====== JS ERROR CAUGHT ======
Unhandled Promise: TypeError: Failed to fetch
=============================
====== JS ERROR CAUGHT ======
Unhandled Promise: TypeError: Failed to fetch
=============================
====== JS ERROR CAUGHT ======
Unhandled Promise: TypeError: Failed to fetch
=============================
====== JS ERROR CAUGHT ======
Unhandled Promise: TypeError: Failed to fetch
=============================
====== JS ERROR CAUGHT ======
Unhandled Promise: TypeError: Failed to fetch
=============================
====== JS ERROR CAUGHT ======
Unhandled Promise: TypeError: Failed to fetch
=============================
====== JS ERROR CAUGHT ======
Unhandled Promise: TypeError: Failed to fetch
=============================
====== JS ERROR CAUGHT ======
Unhandled Promise: TypeError: Failed to fetch
=============================
====== JS ERROR CAUGHT ======
Unhandled Promise: TypeError: Failed to fetch
=============================
====== JS ERROR CAUGHT ======
Unhandled Promise: TypeError: Failed to fetch
=============================
====== JS ERROR CAUGHT ======
Unhandled Promise: TypeError: Failed to fetch
=============================
====== JS ERROR CAUGHT ======
Unhandled Promise: TypeError: Failed to fetch
=============================
====== JS ERROR CAUGHT ======
Unhandled Promise: TypeError: Failed to fetch
=============================
====== JS ERROR CAUGHT ======
Unhandled Promise: TypeError: Failed to fetch
=============================
====== JS ERROR CAUGHT ======
Unhandled Promise: TypeError: Failed to fetch
=============================
====== JS ERROR CAUGHT ======
Unhandled Promise: TypeError: Failed to fetch
=============================
====== JS ERROR CAUGHT ======
Unhandled Promise: TypeError: Failed to fetch
=============================
====== JS ERROR CAUGHT ======
Unhandled Promise: TypeError: Failed to fetch
=============================
====== JS ERROR CAUGHT ======
Unhandled Promise: TypeError: Failed to fetch
=============================
====== JS ERROR CAUGHT ======
Unhandled Promise: TypeError: Failed to fetch
=============================
====== JS ERROR CAUGHT ======
Unhandled Promise: TypeError: Failed to fetch
=============================
====== JS ERROR CAUGHT ======
Unhandled Promise: TypeError: Failed to fetch
=============================
====== JS ERROR CAUGHT ======
Unhandled Promise: TypeError: Failed to fetch
=============================
====== JS ERROR CAUGHT ======
Unhandled Promise: TypeError: Failed to fetch
=============================
====== JS ERROR CAUGHT ======
Unhandled Promise: TypeError: Failed to fetch
=============================
====== JS ERROR CAUGHT ======
Unhandled Promise: TypeError: Failed to fetch
=============================
====== JS ERROR CAUGHT ======
Unhandled Promise: TypeError: Failed to fetch
=============================
====== JS ERROR CAUGHT ======
Unhandled Promise: TypeError: Failed to fetch
=============================
====== JS ERROR CAUGHT ======
Unhandled Promise: TypeError: Failed to fetch
=============================
====== JS ERROR CAUGHT ======
Unhandled Promise: TypeError: Failed to fetch
=============================
====== JS ERROR CAUGHT ======
Unhandled Promise: TypeError: Failed to fetch
=============================
====== JS ERROR CAUGHT ======
Unhandled Promise: TypeError: Failed to fetch
=============================
====== JS ERROR CAUGHT ======
Unhandled Promise: TypeError: Failed to fetch
=============================
====== JS ERROR CAUGHT ======
Unhandled Promise: TypeError: Failed to fetch
=============================
====== JS ERROR CAUGHT ======
Unhandled Promise: TypeError: Failed to fetch
=============================
====== JS ERROR CAUGHT ======
Unhandled Promise: TypeError: Failed to fetch
=============================
====== JS ERROR CAUGHT ======
Unhandled Promise: TypeError: Failed to fetch
=============================
====== JS ERROR CAUGHT ======
Unhandled Promise: TypeError: Failed to fetch
=============================
====== JS ERROR CAUGHT ======
Unhandled Promise: TypeError: Failed to fetch
=============================
====== JS ERROR CAUGHT ======
Unhandled Promise: TypeError: Failed to fetch
=============================
====== JS ERROR CAUGHT ======
Unhandled Promise: TypeError: Failed to fetch
=============================
====== JS ERROR CAUGHT ======
Unhandled Promise: TypeError: Failed to fetch
=============================
====== JS ERROR CAUGHT ======
Unhandled Promise: TypeError: Failed to fetch
=============================
====== JS ERROR CAUGHT ======
Unhandled Promise: TypeError: Failed to fetch
=============================
====== JS ERROR CAUGHT ======
Unhandled Promise: TypeError: Failed to fetch
=============================
====== JS ERROR CAUGHT ======
Unhandled Promise: TypeError: Failed to fetch
=============================
====== JS ERROR CAUGHT ======
Unhandled Promise: TypeError: Failed to fetch
=============================
====== JS ERROR CAUGHT ======
Unhandled Promise: TypeError: Failed to fetch
=============================
====== JS ERROR CAUGHT ======
Unhandled Promise: TypeError: Failed to fetch
=============================
====== JS ERROR CAUGHT ======
Unhandled Promise: TypeError: Failed to fetch
=============================
====== JS ERROR CAUGHT ======
Unhandled Promise: TypeError: Failed to fetch
=============================
====== JS ERROR CAUGHT ======
Unhandled Promise: TypeError: Failed to fetch
=============================
====== JS ERROR CAUGHT ======
Unhandled Promise: TypeError: Failed to fetch
=============================
====== JS ERROR CAUGHT ======
Unhandled Promise: TypeError: Failed to fetch
=============================
====== JS ERROR CAUGHT ======
Unhandled Promise: TypeError: Failed to fetch
=============================
====== JS ERROR CAUGHT ======
Unhandled Promise: TypeError: Failed to fetch
=============================
====== JS ERROR CAUGHT ======
Unhandled Promise: TypeError: Failed to fetch
=============================
====== JS ERROR CAUGHT ======
Unhandled Promise: TypeError: Failed to fetch
=============================
====== JS ERROR CAUGHT ======
Unhandled Promise: TypeError: Failed to fetch
=============================
====== JS ERROR CAUGHT ======
Unhandled Promise: TypeError: Failed to fetch
=============================
====== JS ERROR CAUGHT ======
Unhandled Promise: TypeError: Failed to fetch
=============================
====== JS ERROR CAUGHT ======
Unhandled Promise: TypeError: Failed to fetch
=============================
====== JS ERROR CAUGHT ======
Unhandled Promise: TypeError: Failed to fetch
=============================
====== JS ERROR CAUGHT ======
Unhandled Promise: TypeError: Failed to fetch
=============================
====== JS ERROR CAUGHT ======
Unhandled Promise: TypeError: Failed to fetch
=============================
====== JS ERROR CAUGHT ======
Unhandled Promise: TypeError: Failed to fetch
=============================
====== JS ERROR CAUGHT ======
Unhandled Promise: TypeError: Failed to fetch
=============================
====== JS ERROR CAUGHT ======
Unhandled Promise: TypeError: Failed to fetch
=============================
====== JS ERROR CAUGHT ======
Unhandled Promise: TypeError: Failed to fetch
=============================
====== JS ERROR CAUGHT ======
Unhandled Promise: TypeError: Failed to fetch
=============================
====== JS ERROR CAUGHT ======
Unhandled Promise: TypeError: Failed to fetch
=============================
====== JS ERROR CAUGHT ======
Unhandled Promise: TypeError: Failed to fetch
=============================
====== JS ERROR CAUGHT ======
Unhandled Promise: TypeError: Failed to fetch
=============================
====== JS ERROR CAUGHT ======
Unhandled Promise: TypeError: Failed to fetch
=============================
====== JS ERROR CAUGHT ======
Unhandled Promise: TypeError: Failed to fetch
=============================
====== JS ERROR CAUGHT ======
Unhandled Promise: TypeError: Failed to fetch
=============================
====== JS ERROR CAUGHT ======
Unhandled Promise: TypeError: Failed to fetch
=============================
====== JS ERROR CAUGHT ======
Unhandled Promise: TypeError: Failed to fetch
=============================
====== JS ERROR CAUGHT ======
Unhandled Promise: TypeError: Failed to fetch
=============================
====== JS ERROR CAUGHT ======
Unhandled Promise: TypeError: Failed to fetch
=============================
====== JS ERROR CAUGHT ======
Unhandled Promise: TypeError: Failed to fetch
=============================
====== JS ERROR CAUGHT ======
Unhandled Promise: TypeError: Failed to fetch
=============================
====== JS ERROR CAUGHT ======
Unhandled Promise: TypeError: Failed to fetch
=============================
====== JS ERROR CAUGHT ======
Unhandled Promise: TypeError: Failed to fetch
=============================
====== JS ERROR CAUGHT ======
Unhandled Promise: TypeError: Failed to fetch
=============================
====== JS ERROR CAUGHT ======
Unhandled Promise: TypeError: Failed to fetch
=============================
====== JS ERROR CAUGHT ======
Unhandled Promise: TypeError: Failed to fetch
=============================
====== JS ERROR CAUGHT ======
Unhandled Promise: TypeError: Failed to fetch
=============================
====== JS ERROR CAUGHT ======
Unhandled Promise: TypeError: Failed to fetch
=============================
====== JS ERROR CAUGHT ======
Unhandled Promise: TypeError: Failed to fetch
=============================
====== JS ERROR CAUGHT ======
Unhandled Promise: TypeError: Failed to fetch
=============================
====== JS ERROR CAUGHT ======
Unhandled Promise: TypeError: Failed to fetch
=============================
====== JS ERROR CAUGHT ======
Unhandled Promise: TypeError: Failed to fetch
=============================
====== JS ERROR CAUGHT ======
Unhandled Promise: TypeError: Failed to fetch
=============================
====== JS ERROR CAUGHT ======
Unhandled Promise: TypeError: Failed to fetch
=============================
====== JS ERROR CAUGHT ======
Unhandled Promise: TypeError: Failed to fetch
=============================
====== JS ERROR CAUGHT ======
Unhandled Promise: TypeError: Failed to fetch
=============================
====== JS ERROR CAUGHT ======
Unhandled Promise: TypeError: Failed to fetch
=============================
====== JS ERROR CAUGHT ======
Unhandled Promise: TypeError: Failed to fetch
=============================
====== JS ERROR CAUGHT ======
Unhandled Promise: TypeError: Failed to fetch
=============================
====== JS ERROR CAUGHT ======
Unhandled Promise: TypeError: Failed to fetch
=============================
====== JS ERROR CAUGHT ======
Unhandled Promise: TypeError: Failed to fetch
=============================
====== JS ERROR CAUGHT ======
Unhandled Promise: TypeError: Failed to fetch
=============================
====== JS ERROR CAUGHT ======
Unhandled Promise: TypeError: Failed to fetch
=============================
====== JS ERROR CAUGHT ======
Unhandled Promise: TypeError: Failed to fetch
=============================
====== JS ERROR CAUGHT ======
Unhandled Promise: TypeError: Failed to fetch
=============================
====== JS ERROR CAUGHT ======
Unhandled Promise: TypeError: Failed to fetch
=============================
====== JS ERROR CAUGHT ======
Unhandled Promise: TypeError: Failed to fetch
=============================
====== JS ERROR CAUGHT ======
Unhandled Promise: TypeError: Failed to fetch
=============================
====== JS ERROR CAUGHT ======
Unhandled Promise: TypeError: Failed to fetch
=============================
====== JS ERROR CAUGHT ======
Unhandled Promise: TypeError: Failed to fetch
=============================
====== JS ERROR CAUGHT ======
Unhandled Promise: TypeError: Failed to fetch
=============================
====== JS ERROR CAUGHT ======
Unhandled Promise: TypeError: Failed to fetch
=============================
====== JS ERROR CAUGHT ======
Unhandled Promise: TypeError: Failed to fetch
=============================
====== JS ERROR CAUGHT ======
Unhandled Promise: TypeError: Failed to fetch
=============================
====== JS ERROR CAUGHT ======
Unhandled Promise: TypeError: Failed to fetch
=============================
====== JS ERROR CAUGHT ======
Unhandled Promise: TypeError: Failed to fetch
=============================
====== JS ERROR CAUGHT ======
Unhandled Promise: TypeError: Failed to fetch
=============================
====== JS ERROR CAUGHT ======
Unhandled Promise: TypeError: Failed to fetch
=============================
====== JS ERROR CAUGHT ======
Unhandled Promise: TypeError: Failed to fetch
=============================
====== JS ERROR CAUGHT ======
Unhandled Promise: TypeError: Failed to fetch
=============================
====== JS ERROR CAUGHT ======
Unhandled Promise: TypeError: Failed to fetch
=============================
====== JS ERROR CAUGHT ======
Unhandled Promise: TypeError: Failed to fetch
=============================
====== JS ERROR CAUGHT ======
Unhandled Promise: TypeError: Failed to fetch
=============================
====== JS ERROR CAUGHT ======
Unhandled Promise: TypeError: Failed to fetch
=============================
====== JS ERROR CAUGHT ======
Unhandled Promise: TypeError: Failed to fetch
=============================
====== JS ERROR CAUGHT ======
Unhandled Promise: TypeError: Failed to fetch
=============================
====== JS ERROR CAUGHT ======
Unhandled Promise: TypeError: Failed to fetch
=============================
====== JS ERROR CAUGHT ======
Unhandled Promise: TypeError: Failed to fetch
=============================
====== JS ERROR CAUGHT ======
Unhandled Promise: TypeError: Failed to fetch
=============================
====== JS ERROR CAUGHT ======
Unhandled Promise: TypeError: Failed to fetch
=============================
====== JS ERROR CAUGHT ======
Unhandled Promise: TypeError: Failed to fetch
=============================
====== JS ERROR CAUGHT ======
Unhandled Promise: TypeError: Failed to fetch
=============================
====== JS ERROR CAUGHT ======
Unhandled Promise: TypeError: Failed to fetch
=============================
====== JS ERROR CAUGHT ======
Unhandled Promise: TypeError: Failed to fetch
=============================
====== JS ERROR CAUGHT ======
Unhandled Promise: TypeError: Failed to fetch
=============================
====== JS ERROR CAUGHT ======
Unhandled Promise: TypeError: Failed to fetch
=============================
====== JS ERROR CAUGHT ======
Unhandled Promise: TypeError: Failed to fetch
=============================
====== JS ERROR CAUGHT ======
Unhandled Promise: TypeError: Failed to fetch
=============================
====== JS ERROR CAUGHT ======
Unhandled Promise: TypeError: Failed to fetch
=============================
====== JS ERROR CAUGHT ======
Unhandled Promise: TypeError: Failed to fetch
=============================
====== JS ERROR CAUGHT ======
Unhandled Promise: TypeError: Failed to fetch
=============================
====== JS ERROR CAUGHT ======
Unhandled Promise: TypeError: Failed to fetch
=============================
====== JS ERROR CAUGHT ======
Unhandled Promise: TypeError: Failed to fetch
=============================
====== JS ERROR CAUGHT ======
Unhandled Promise: TypeError: Failed to fetch
=============================
====== JS ERROR CAUGHT ======
Unhandled Promise: TypeError: Failed to fetch
=============================
====== JS ERROR CAUGHT ======
Unhandled Promise: TypeError: Failed to fetch
=============================
====== JS ERROR CAUGHT ======
Unhandled Promise: TypeError: Failed to fetch
=============================
====== JS ERROR CAUGHT ======
Unhandled Promise: TypeError: Failed to fetch
=============================
====== JS ERROR CAUGHT ======
Unhandled Promise: TypeError: Failed to fetch
=============================
====== JS ERROR CAUGHT ======
Unhandled Promise: TypeError: Failed to fetch
=============================
====== JS ERROR CAUGHT ======
Unhandled Promise: TypeError: Failed to fetch
=============================
====== JS ERROR CAUGHT ======
Unhandled Promise: TypeError: Failed to fetch
=============================
====== JS ERROR CAUGHT ======
Unhandled Promise: TypeError: Failed to fetch
=============================
====== JS ERROR CAUGHT ======
Unhandled Promise: TypeError: Failed to fetch
=============================
====== JS ERROR CAUGHT ======
Unhandled Promise: TypeError: Failed to fetch
=============================
====== JS ERROR CAUGHT ======
Unhandled Promise: TypeError: Failed to fetch
=============================
====== JS ERROR CAUGHT ======
Unhandled Promise: TypeError: Failed to fetch
=============================
====== JS ERROR CAUGHT ======
Unhandled Promise: TypeError: Failed to fetch
=============================
====== JS ERROR CAUGHT ======
Unhandled Promise: TypeError: Failed to fetch
=============================
====== JS ERROR CAUGHT ======
Unhandled Promise: TypeError: Failed to fetch
=============================
====== JS ERROR CAUGHT ======
Unhandled Promise: TypeError: Failed to fetch
=============================
====== JS ERROR CAUGHT ======
Unhandled Promise: TypeError: Failed to fetch
=============================
====== JS ERROR CAUGHT ======
Unhandled Promise: TypeError: Failed to fetch
=============================
====== JS ERROR CAUGHT ======
Unhandled Promise: TypeError: Failed to fetch
=============================
====== JS ERROR CAUGHT ======
Unhandled Promise: TypeError: Failed to fetch
=============================
====== JS ERROR CAUGHT ======
Unhandled Promise: TypeError: Failed to fetch
=============================
====== JS ERROR CAUGHT ======
Unhandled Promise: TypeError: Failed to fetch
=============================
====== JS ERROR CAUGHT ======
Unhandled Promise: TypeError: Failed to fetch
=============================
====== JS ERROR CAUGHT ======
Unhandled Promise: TypeError: Failed to fetch
=============================
====== JS ERROR CAUGHT ======
Unhandled Promise: TypeError: Failed to fetch
=============================
====== JS ERROR CAUGHT ======
Unhandled Promise: TypeError: Failed to fetch
=============================
====== JS ERROR CAUGHT ======
Unhandled Promise: TypeError: Failed to fetch
=============================
====== JS ERROR CAUGHT ======
Unhandled Promise: TypeError: Failed to fetch
=============================
====== JS ERROR CAUGHT ======
Unhandled Promise: TypeError: Failed to fetch
=============================
====== JS ERROR CAUGHT ======
Unhandled Promise: TypeError: Failed to fetch
=============================
====== JS ERROR CAUGHT ======
Unhandled Promise: TypeError: Failed to fetch
=============================
====== JS ERROR CAUGHT ======
Unhandled Promise: TypeError: Failed to fetch
=============================
====== JS ERROR CAUGHT ======
Unhandled Promise: TypeError: Failed to fetch
=============================
====== JS ERROR CAUGHT ======
Unhandled Promise: TypeError: Failed to fetch
=============================
====== JS ERROR CAUGHT ======
Unhandled Promise: TypeError: Failed to fetch
=============================
====== JS ERROR CAUGHT ======
Unhandled Promise: TypeError: Failed to fetch
=============================
====== JS ERROR CAUGHT ======
Unhandled Promise: TypeError: Failed to fetch
=============================
====== JS ERROR CAUGHT ======
Unhandled Promise: TypeError: Failed to fetch
=============================
====== JS ERROR CAUGHT ======
Unhandled Promise: TypeError: Failed to fetch
=============================
====== JS ERROR CAUGHT ======
Unhandled Promise: TypeError: Failed to fetch
=============================
====== JS ERROR CAUGHT ======
Unhandled Promise: TypeError: Failed to fetch
=============================
====== JS ERROR CAUGHT ======
Unhandled Promise: TypeError: Failed to fetch
=============================
====== JS ERROR CAUGHT ======
Unhandled Promise: TypeError: Failed to fetch
=============================
====== JS ERROR CAUGHT ======
Unhandled Promise: TypeError: Failed to fetch
=============================
====== JS ERROR CAUGHT ======
Unhandled Promise: TypeError: Failed to fetch
=============================
====== JS ERROR CAUGHT ======
Unhandled Promise: TypeError: Failed to fetch
=============================
====== JS ERROR CAUGHT ======
Unhandled Promise: TypeError: Failed to fetch
=============================
====== JS ERROR CAUGHT ======
Unhandled Promise: TypeError: Failed to fetch
=============================
====== JS ERROR CAUGHT ======
Unhandled Promise: TypeError: Failed to fetch
=============================
====== JS ERROR CAUGHT ======
Unhandled Promise: TypeError: Failed to fetch
=============================
====== JS ERROR CAUGHT ======
Unhandled Promise: TypeError: Failed to fetch
=============================
====== JS ERROR CAUGHT ======
Unhandled Promise: TypeError: Failed to fetch
=============================
====== JS ERROR CAUGHT ======
Unhandled Promise: TypeError: Failed to fetch
=============================
====== JS ERROR CAUGHT ======
Unhandled Promise: TypeError: Failed to fetch
=============================
====== JS ERROR CAUGHT ======
Unhandled Promise: TypeError: Failed to fetch
=============================
====== JS ERROR CAUGHT ======
Unhandled Promise: TypeError: Failed to fetch
=============================
====== JS ERROR CAUGHT ======
Unhandled Promise: TypeError: Failed to fetch
=============================
====== JS ERROR CAUGHT ======
Unhandled Promise: TypeError: Failed to fetch
=============================
====== JS ERROR CAUGHT ======
Unhandled Promise: TypeError: Failed to fetch
=============================
====== JS ERROR CAUGHT ======
Unhandled Promise: TypeError: Failed to fetch
=============================
====== JS ERROR CAUGHT ======
Unhandled Promise: TypeError: Failed to fetch
=============================
====== JS ERROR CAUGHT ======
Unhandled Promise: TypeError: Failed to fetch
=============================
====== JS ERROR CAUGHT ======
Unhandled Promise: TypeError: Failed to fetch
=============================
====== JS ERROR CAUGHT ======
Unhandled Promise: TypeError: Failed to fetch
=============================
====== JS ERROR CAUGHT ======
Unhandled Promise: TypeError: Failed to fetch
=============================
====== JS ERROR CAUGHT ======
Unhandled Promise: TypeError: Failed to fetch
=============================
====== JS ERROR CAUGHT ======
Unhandled Promise: TypeError: Failed to fetch
=============================
====== JS ERROR CAUGHT ======
Unhandled Promise: TypeError: Failed to fetch
=============================
====== JS ERROR CAUGHT ======
Unhandled Promise: TypeError: Failed to fetch
=============================
====== JS ERROR CAUGHT ======
Unhandled Promise: TypeError: Failed to fetch
=============================
====== JS ERROR CAUGHT ======
Unhandled Promise: TypeError: Failed to fetch
=============================
====== JS ERROR CAUGHT ======
Unhandled Promise: TypeError: Failed to fetch
=============================
====== JS ERROR CAUGHT ======
Unhandled Promise: TypeError: Failed to fetch
=============================
====== JS ERROR CAUGHT ======
Unhandled Promise: TypeError: Failed to fetch
=============================
====== JS ERROR CAUGHT ======
Unhandled Promise: TypeError: Failed to fetch
=============================
====== JS ERROR CAUGHT ======
Unhandled Promise: TypeError: Failed to fetch
=============================
====== JS ERROR CAUGHT ======
Unhandled Promise: TypeError: Failed to fetch
=============================
====== JS ERROR CAUGHT ======
Unhandled Promise: TypeError: Failed to fetch
=============================
====== JS ERROR CAUGHT ======
Unhandled Promise: TypeError: Failed to fetch
=============================
====== JS ERROR CAUGHT ======
Unhandled Promise: TypeError: Failed to fetch
=============================
====== JS ERROR CAUGHT ======
Unhandled Promise: TypeError: Failed to fetch
=============================
====== JS ERROR CAUGHT ======
Unhandled Promise: TypeError: Failed to fetch
=============================
====== JS ERROR CAUGHT ======
Unhandled Promise: TypeError: Failed to fetch
=============================
====== JS ERROR CAUGHT ======
Unhandled Promise: TypeError: Failed to fetch
=============================
====== JS ERROR CAUGHT ======
Unhandled Promise: TypeError: Failed to fetch
=============================
====== JS ERROR CAUGHT ======
Unhandled Promise: TypeError: Failed to fetch
=============================
====== JS ERROR CAUGHT ======
Unhandled Promise: TypeError: Failed to fetch
=============================
====== JS ERROR CAUGHT ======
Unhandled Promise: TypeError: Failed to fetch
=============================
====== JS ERROR CAUGHT ======
Unhandled Promise: TypeError: Failed to fetch
=============================
====== JS ERROR CAUGHT ======
Unhandled Promise: TypeError: Failed to fetch
=============================
====== JS ERROR CAUGHT ======
Unhandled Promise: TypeError: Failed to fetch
=============================
====== JS ERROR CAUGHT ======
Unhandled Promise: TypeError: Failed to fetch
=============================
====== JS ERROR CAUGHT ======
Unhandled Promise: TypeError: Failed to fetch
=============================
====== JS ERROR CAUGHT ======
Unhandled Promise: TypeError: Failed to fetch
=============================
====== JS ERROR CAUGHT ======
Unhandled Promise: TypeError: Failed to fetch
=============================
====== JS ERROR CAUGHT ======
Unhandled Promise: TypeError: Failed to fetch
=============================
====== JS ERROR CAUGHT ======
Unhandled Promise: TypeError: Failed to fetch
=============================
====== JS ERROR CAUGHT ======
Unhandled Promise: TypeError: Failed to fetch
=============================
====== JS ERROR CAUGHT ======
Unhandled Promise: TypeError: Failed to fetch
=============================
====== JS ERROR CAUGHT ======
Unhandled Promise: TypeError: Failed to fetch
=============================
====== JS ERROR CAUGHT ======
Unhandled Promise: TypeError: Failed to fetch
=============================
====== JS ERROR CAUGHT ======
Unhandled Promise: TypeError: Failed to fetch
=============================
====== JS ERROR CAUGHT ======
Unhandled Promise: TypeError: Failed to fetch
=============================
====== JS ERROR CAUGHT ======
Unhandled Promise: TypeError: Failed to fetch
=============================
====== JS ERROR CAUGHT ======
Unhandled Promise: TypeError: Failed to fetch
=============================
====== JS ERROR CAUGHT ======
Unhandled Promise: TypeError: Failed to fetch
=============================
====== JS ERROR CAUGHT ======
Unhandled Promise: TypeError: Failed to fetch
=============================
====== JS ERROR CAUGHT ======
Unhandled Promise: TypeError: Failed to fetch
=============================
====== JS ERROR CAUGHT ======
Unhandled Promise: TypeError: Failed to fetch
=============================
====== JS ERROR CAUGHT ======
Unhandled Promise: TypeError: Failed to fetch
=============================
====== JS ERROR CAUGHT ======
Unhandled Promise: TypeError: Failed to fetch
=============================
====== JS ERROR CAUGHT ======
Unhandled Promise: TypeError: Failed to fetch
=============================
====== JS ERROR CAUGHT ======
Unhandled Promise: TypeError: Failed to fetch
=============================
====== JS ERROR CAUGHT ======
Unhandled Promise: TypeError: Failed to fetch
=============================
====== JS ERROR CAUGHT ======
Unhandled Promise: TypeError: Failed to fetch
=============================
====== JS ERROR CAUGHT ======
Unhandled Promise: TypeError: Failed to fetch
=============================
====== JS ERROR CAUGHT ======
Unhandled Promise: TypeError: Failed to fetch
=============================
====== JS ERROR CAUGHT ======
Unhandled Promise: TypeError: Failed to fetch
=============================
====== JS ERROR CAUGHT ======
Unhandled Promise: TypeError: Failed to fetch
=============================
====== JS ERROR CAUGHT ======
Unhandled Promise: TypeError: Failed to fetch
=============================
====== JS ERROR CAUGHT ======
Unhandled Promise: TypeError: Failed to fetch
=============================
====== JS ERROR CAUGHT ======
Unhandled Promise: TypeError: Failed to fetch
=============================
====== JS ERROR CAUGHT ======
Unhandled Promise: TypeError: Failed to fetch
=============================
====== JS ERROR CAUGHT ======
Unhandled Promise: TypeError: Failed to fetch
=============================
====== JS ERROR CAUGHT ======
Unhandled Promise: TypeError: Failed to fetch
=============================
====== JS ERROR CAUGHT ======
Unhandled Promise: TypeError: Failed to fetch
=============================
====== JS ERROR CAUGHT ======
Unhandled Promise: TypeError: Failed to fetch
=============================
====== JS ERROR CAUGHT ======
Unhandled Promise: TypeError: Failed to fetch
=============================
====== JS ERROR CAUGHT ======
Unhandled Promise: TypeError: Failed to fetch
=============================
====== JS ERROR CAUGHT ======
Unhandled Promise: TypeError: Failed to fetch
=============================
====== JS ERROR CAUGHT ======
Unhandled Promise: TypeError: Failed to fetch
=============================
====== JS ERROR CAUGHT ======
Unhandled Promise: TypeError: Failed to fetch
=============================
====== JS ERROR CAUGHT ======
Unhandled Promise: TypeError: Failed to fetch
=============================
====== JS ERROR CAUGHT ======
Unhandled Promise: TypeError: Failed to fetch
=============================
====== JS ERROR CAUGHT ======
Unhandled Promise: TypeError: Failed to fetch
=============================
====== JS ERROR CAUGHT ======
Unhandled Promise: TypeError: Failed to fetch
=============================
====== JS ERROR CAUGHT ======
Unhandled Promise: TypeError: Failed to fetch
=============================
====== JS ERROR CAUGHT ======
Unhandled Promise: TypeError: Failed to fetch
=============================
====== JS ERROR CAUGHT ======
Unhandled Promise: TypeError: Failed to fetch
=============================
====== JS ERROR CAUGHT ======
Unhandled Promise: TypeError: Failed to fetch
=============================
====== JS ERROR CAUGHT ======
Unhandled Promise: TypeError: Failed to fetch
=============================
====== JS ERROR CAUGHT ======
Unhandled Promise: TypeError: Failed to fetch
=============================
====== JS ERROR CAUGHT ======
Unhandled Promise: TypeError: Failed to fetch
=============================
====== JS ERROR CAUGHT ======
Unhandled Promise: TypeError: Failed to fetch
=============================
====== JS ERROR CAUGHT ======
Unhandled Promise: TypeError: Failed to fetch
=============================
====== JS ERROR CAUGHT ======
Unhandled Promise: TypeError: Failed to fetch
=============================
====== JS ERROR CAUGHT ======
Unhandled Promise: TypeError: Failed to fetch
=============================
====== JS ERROR CAUGHT ======
Unhandled Promise: TypeError: Failed to fetch
=============================
====== JS ERROR CAUGHT ======
Unhandled Promise: TypeError: Failed to fetch
=============================
====== JS ERROR CAUGHT ======
Unhandled Promise: TypeError: Failed to fetch
=============================
====== JS ERROR CAUGHT ======
Unhandled Promise: TypeError: Failed to fetch
=============================
====== JS ERROR CAUGHT ======
Unhandled Promise: TypeError: Failed to fetch
=============================
====== JS ERROR CAUGHT ======
Unhandled Promise: TypeError: Failed to fetch
=============================
====== JS ERROR CAUGHT ======
Unhandled Promise: TypeError: Failed to fetch
=============================
====== JS ERROR CAUGHT ======
Unhandled Promise: TypeError: Failed to fetch
=============================
====== JS ERROR CAUGHT ======
Unhandled Promise: TypeError: Failed to fetch
=============================
====== JS ERROR CAUGHT ======
Unhandled Promise: TypeError: Failed to fetch
=============================
====== JS ERROR CAUGHT ======
Unhandled Promise: TypeError: Failed to fetch
=============================
====== JS ERROR CAUGHT ======
Unhandled Promise: TypeError: Failed to fetch
=============================
====== JS ERROR CAUGHT ======
Unhandled Promise: TypeError: Failed to fetch
=============================
====== JS ERROR CAUGHT ======
Unhandled Promise: TypeError: Failed to fetch
=============================
====== JS ERROR CAUGHT ======
Unhandled Promise: TypeError: Failed to fetch
=============================
====== JS ERROR CAUGHT ======
Unhandled Promise: TypeError: Failed to fetch
=============================
====== JS ERROR CAUGHT ======
Unhandled Promise: TypeError: Failed to fetch
=============================
====== JS ERROR CAUGHT ======
Unhandled Promise: TypeError: Failed to fetch
=============================
====== JS ERROR CAUGHT ======
Unhandled Promise: TypeError: Failed to fetch
=============================
====== JS ERROR CAUGHT ======
Unhandled Promise: TypeError: Failed to fetch
=============================
====== JS ERROR CAUGHT ======
Unhandled Promise: TypeError: Failed to fetch
=============================
====== JS ERROR CAUGHT ======
Unhandled Promise: TypeError: Failed to fetch
=============================
====== JS ERROR CAUGHT ======
Unhandled Promise: TypeError: Failed to fetch
=============================
====== JS ERROR CAUGHT ======
Unhandled Promise: TypeError: Failed to fetch
=============================
====== JS ERROR CAUGHT ======
Unhandled Promise: TypeError: Failed to fetch
=============================
====== JS ERROR CAUGHT ======
Unhandled Promise: TypeError: Failed to fetch
=============================
====== JS ERROR CAUGHT ======
Unhandled Promise: TypeError: Failed to fetch
=============================
====== JS ERROR CAUGHT ======
Unhandled Promise: TypeError: Failed to fetch
=============================
====== JS ERROR CAUGHT ======
Unhandled Promise: TypeError: Failed to fetch
=============================
====== JS ERROR CAUGHT ======
Unhandled Promise: TypeError: Failed to fetch
=============================
====== JS ERROR CAUGHT ======
Unhandled Promise: TypeError: Failed to fetch
=============================
====== JS ERROR CAUGHT ======
Unhandled Promise: TypeError: Failed to fetch
=============================
====== JS ERROR CAUGHT ======
Unhandled Promise: TypeError: Failed to fetch
=============================
====== JS ERROR CAUGHT ======
Unhandled Promise: TypeError: Failed to fetch
=============================
====== JS ERROR CAUGHT ======
Unhandled Promise: TypeError: Failed to fetch
=============================
====== JS ERROR CAUGHT ======
Unhandled Promise: TypeError: Failed to fetch
=============================
====== JS ERROR CAUGHT ======
Unhandled Promise: TypeError: Failed to fetch
=============================
====== JS ERROR CAUGHT ======
Unhandled Promise: TypeError: Failed to fetch
=============================
====== JS ERROR CAUGHT ======
Unhandled Promise: TypeError: Failed to fetch
=============================
====== JS ERROR CAUGHT ======
Unhandled Promise: TypeError: Failed to fetch
=============================
====== JS ERROR CAUGHT ======
Unhandled Promise: TypeError: Failed to fetch
=============================
====== JS ERROR CAUGHT ======
Unhandled Promise: TypeError: Failed to fetch
=============================
====== JS ERROR CAUGHT ======
Unhandled Promise: TypeError: Failed to fetch
=============================
====== JS ERROR CAUGHT ======
Unhandled Promise: TypeError: Failed to fetch
=============================
====== JS ERROR CAUGHT ======
Unhandled Promise: TypeError: Failed to fetch
=============================
====== JS ERROR CAUGHT ======
Unhandled Promise: TypeError: Failed to fetch
=============================
====== JS ERROR CAUGHT ======
Unhandled Promise: TypeError: Failed to fetch
=============================
====== JS ERROR CAUGHT ======
Unhandled Promise: TypeError: Failed to fetch
=============================
====== JS ERROR CAUGHT ======
Unhandled Promise: TypeError: Failed to fetch
=============================
====== JS ERROR CAUGHT ======
Unhandled Promise: TypeError: Failed to fetch
=============================
====== JS ERROR CAUGHT ======
Unhandled Promise: TypeError: Failed to fetch
=============================
====== JS ERROR CAUGHT ======
Unhandled Promise: TypeError: Failed to fetch
=============================
====== JS ERROR CAUGHT ======
Unhandled Promise: TypeError: Failed to fetch
=============================
====== JS ERROR CAUGHT ======
Unhandled Promise: TypeError: Failed to fetch
=============================
====== JS ERROR CAUGHT ======
Unhandled Promise: TypeError: Failed to fetch
=============================
====== JS ERROR CAUGHT ======
Unhandled Promise: TypeError: Failed to fetch
=============================
====== JS ERROR CAUGHT ======
Unhandled Promise: TypeError: Failed to fetch
=============================
====== JS ERROR CAUGHT ======
Unhandled Promise: TypeError: Failed to fetch
=============================
====== JS ERROR CAUGHT ======
Unhandled Promise: TypeError: Failed to fetch
=============================
====== JS ERROR CAUGHT ======
Unhandled Promise: TypeError: Failed to fetch
=============================
====== JS ERROR CAUGHT ======
Unhandled Promise: TypeError: Failed to fetch
=============================
====== JS ERROR CAUGHT ======
Unhandled Promise: TypeError: Failed to fetch
=============================
====== JS ERROR CAUGHT ======
Unhandled Promise: TypeError: Failed to fetch
=============================
====== JS ERROR CAUGHT ======
Unhandled Promise: TypeError: Failed to fetch
=============================
====== JS ERROR CAUGHT ======
Unhandled Promise: TypeError: Failed to fetch
=============================
====== JS ERROR CAUGHT ======
Unhandled Promise: TypeError: Failed to fetch
=============================
====== JS ERROR CAUGHT ======
Unhandled Promise: TypeError: Failed to fetch
=============================
====== JS ERROR CAUGHT ======
Unhandled Promise: TypeError: Failed to fetch
=============================
====== JS ERROR CAUGHT ======
Unhandled Promise: TypeError: Failed to fetch
=============================
====== JS ERROR CAUGHT ======
Unhandled Promise: TypeError: Failed to fetch
=============================
====== JS ERROR CAUGHT ======
Unhandled Promise: TypeError: Failed to fetch
=============================
====== JS ERROR CAUGHT ======
Unhandled Promise: TypeError: Failed to fetch
=============================
====== JS ERROR CAUGHT ======
Unhandled Promise: TypeError: Failed to fetch
=============================
====== JS ERROR CAUGHT ======
Unhandled Promise: TypeError: Failed to fetch
=============================
====== JS ERROR CAUGHT ======
Unhandled Promise: TypeError: Failed to fetch
=============================
====== JS ERROR CAUGHT ======
Unhandled Promise: TypeError: Failed to fetch
=============================
====== JS ERROR CAUGHT ======
Unhandled Promise: TypeError: Failed to fetch
=============================
====== JS ERROR CAUGHT ======
Unhandled Promise: TypeError: Failed to fetch
=============================
====== JS ERROR CAUGHT ======
Unhandled Promise: TypeError: Failed to fetch
=============================
====== JS ERROR CAUGHT ======
Unhandled Promise: TypeError: Failed to fetch
=============================
====== JS ERROR CAUGHT ======
Unhandled Promise: TypeError: Failed to fetch
=============================
====== JS ERROR CAUGHT ======
Unhandled Promise: TypeError: Failed to fetch
=============================
====== JS ERROR CAUGHT ======
Unhandled Promise: TypeError: Failed to fetch
=============================
====== JS ERROR CAUGHT ======
Unhandled Promise: TypeError: Failed to fetch
=============================
====== JS ERROR CAUGHT ======
Unhandled Promise: TypeError: Failed to fetch
=============================
====== JS ERROR CAUGHT ======
Unhandled Promise: TypeError: Failed to fetch
=============================
====== JS ERROR CAUGHT ======
Unhandled Promise: TypeError: Failed to fetch
=============================
====== JS ERROR CAUGHT ======
Unhandled Promise: TypeError: Failed to fetch
=============================
====== JS ERROR CAUGHT ======
Unhandled Promise: TypeError: Failed to fetch
=============================
====== JS ERROR CAUGHT ======
Unhandled Promise: TypeError: Failed to fetch
=============================
====== JS ERROR CAUGHT ======
Unhandled Promise: TypeError: Failed to fetch
=============================
====== JS ERROR CAUGHT ======
Unhandled Promise: TypeError: Failed to fetch
=============================
====== JS ERROR CAUGHT ======
Unhandled Promise: TypeError: Failed to fetch
=============================
====== JS ERROR CAUGHT ======
Unhandled Promise: TypeError: Failed to fetch
=============================
====== JS ERROR CAUGHT ======
Unhandled Promise: TypeError: Failed to fetch
=============================
====== JS ERROR CAUGHT ======
Unhandled Promise: TypeError: Failed to fetch
=============================
====== JS ERROR CAUGHT ======
Unhandled Promise: TypeError: Failed to fetch
=============================
====== JS ERROR CAUGHT ======
Unhandled Promise: TypeError: Failed to fetch
=============================
====== JS ERROR CAUGHT ======
Unhandled Promise: TypeError: Failed to fetch
=============================
====== JS ERROR CAUGHT ======
Unhandled Promise: TypeError: Failed to fetch
=============================
====== JS ERROR CAUGHT ======
Unhandled Promise: TypeError: Failed to fetch
=============================
====== JS ERROR CAUGHT ======
Unhandled Promise: TypeError: Failed to fetch
=============================
====== JS ERROR CAUGHT ======
Unhandled Promise: TypeError: Failed to fetch
=============================
====== JS ERROR CAUGHT ======
Unhandled Promise: TypeError: Failed to fetch
=============================
====== JS ERROR CAUGHT ======
Unhandled Promise: TypeError: Failed to fetch
=============================
====== JS ERROR CAUGHT ======
Unhandled Promise: TypeError: Failed to fetch
=============================
====== JS ERROR CAUGHT ======
Unhandled Promise: TypeError: Failed to fetch
=============================
====== JS ERROR CAUGHT ======
Unhandled Promise: TypeError: Failed to fetch
=============================
====== JS ERROR CAUGHT ======
Unhandled Promise: TypeError: Failed to fetch
=============================
====== JS ERROR CAUGHT ======
Unhandled Promise: TypeError: Failed to fetch
=============================
====== JS ERROR CAUGHT ======
Unhandled Promise: TypeError: Failed to fetch
=============================
====== JS ERROR CAUGHT ======
Unhandled Promise: TypeError: Failed to fetch
=============================
====== JS ERROR CAUGHT ======
Unhandled Promise: TypeError: Failed to fetch
=============================
====== JS ERROR CAUGHT ======
Unhandled Promise: TypeError: Failed to fetch
=============================
====== JS ERROR CAUGHT ======
Unhandled Promise: TypeError: Failed to fetch
=============================
====== JS ERROR CAUGHT ======
Unhandled Promise: TypeError: Failed to fetch
=============================
====== JS ERROR CAUGHT ======
Unhandled Promise: TypeError: Failed to fetch
=============================
====== JS ERROR CAUGHT ======
Unhandled Promise: TypeError: Failed to fetch
=============================
====== JS ERROR CAUGHT ======
Unhandled Promise: TypeError: Failed to fetch
=============================
====== JS ERROR CAUGHT ======
Unhandled Promise: TypeError: Failed to fetch
=============================
====== JS ERROR CAUGHT ======
Unhandled Promise: TypeError: Failed to fetch
=============================
====== JS ERROR CAUGHT ======
Unhandled Promise: TypeError: Failed to fetch
=============================
====== JS ERROR CAUGHT ======
Unhandled Promise: TypeError: Failed to fetch
=============================
====== JS ERROR CAUGHT ======
Unhandled Promise: TypeError: Failed to fetch
=============================
====== JS ERROR CAUGHT ======
Unhandled Promise: TypeError: Failed to fetch
=============================
====== JS ERROR CAUGHT ======
Unhandled Promise: TypeError: Failed to fetch
=============================
====== JS ERROR CAUGHT ======
Unhandled Promise: TypeError: Failed to fetch
=============================
====== JS ERROR CAUGHT ======
Unhandled Promise: TypeError: Failed to fetch
=============================
====== JS ERROR CAUGHT ======
Unhandled Promise: TypeError: Failed to fetch
=============================
====== JS ERROR CAUGHT ======
Unhandled Promise: TypeError: Failed to fetch
=============================
====== JS ERROR CAUGHT ======
Unhandled Promise: TypeError: Failed to fetch
=============================
====== JS ERROR CAUGHT ======
Unhandled Promise: TypeError: Failed to fetch
=============================
====== JS ERROR CAUGHT ======
Unhandled Promise: TypeError: Failed to fetch
=============================
====== JS ERROR CAUGHT ======
Unhandled Promise: TypeError: Failed to fetch
=============================
====== JS ERROR CAUGHT ======
Unhandled Promise: TypeError: Failed to fetch
=============================
====== JS ERROR CAUGHT ======
Unhandled Promise: TypeError: Failed to fetch
=============================
====== JS ERROR CAUGHT ======
Unhandled Promise: TypeError: Failed to fetch
=============================
====== JS ERROR CAUGHT ======
Unhandled Promise: TypeError: Failed to fetch
=============================
====== JS ERROR CAUGHT ======
Unhandled Promise: TypeError: Failed to fetch
=============================
====== JS ERROR CAUGHT ======
Unhandled Promise: TypeError: Failed to fetch
=============================
====== JS ERROR CAUGHT ======
Unhandled Promise: TypeError: Failed to fetch
=============================
====== JS ERROR CAUGHT ======
Unhandled Promise: TypeError: Failed to fetch
=============================
====== JS ERROR CAUGHT ======
Unhandled Promise: TypeError: Failed to fetch
=============================
====== JS ERROR CAUGHT ======
Unhandled Promise: TypeError: Failed to fetch
=============================
====== JS ERROR CAUGHT ======
Unhandled Promise: TypeError: Failed to fetch
=============================
====== JS ERROR CAUGHT ======
Unhandled Promise: TypeError: Failed to fetch
=============================
====== JS ERROR CAUGHT ======
Unhandled Promise: TypeError: Failed to fetch
=============================
====== JS ERROR CAUGHT ======
Unhandled Promise: TypeError: Failed to fetch
=============================
====== JS ERROR CAUGHT ======
Unhandled Promise: TypeError: Failed to fetch
=============================
====== JS ERROR CAUGHT ======
Unhandled Promise: TypeError: Failed to fetch
=============================
====== JS ERROR CAUGHT ======
Unhandled Promise: TypeError: Failed to fetch
=============================
====== JS ERROR CAUGHT ======
Unhandled Promise: TypeError: Failed to fetch
=============================
====== JS ERROR CAUGHT ======
Unhandled Promise: TypeError: Failed to fetch
=============================
====== JS ERROR CAUGHT ======
Unhandled Promise: TypeError: Failed to fetch
=============================
====== JS ERROR CAUGHT ======
Unhandled Promise: TypeError: Failed to fetch
=============================
====== JS ERROR CAUGHT ======
Unhandled Promise: TypeError: Failed to fetch
=============================
====== JS ERROR CAUGHT ======
Unhandled Promise: TypeError: Failed to fetch
=============================
====== JS ERROR CAUGHT ======
Unhandled Promise: TypeError: Failed to fetch
=============================
====== JS ERROR CAUGHT ======
Unhandled Promise: TypeError: Failed to fetch
=============================
====== JS ERROR CAUGHT ======
Unhandled Promise: TypeError: Failed to fetch
=============================
====== JS ERROR CAUGHT ======
Unhandled Promise: TypeError: Failed to fetch
=============================
====== JS ERROR CAUGHT ======
Unhandled Promise: TypeError: Failed to fetch
=============================
====== JS ERROR CAUGHT ======
Unhandled Promise: TypeError: Failed to fetch
=============================
====== JS ERROR CAUGHT ======
Unhandled Promise: TypeError: Failed to fetch
=============================
====== JS ERROR CAUGHT ======
Unhandled Promise: TypeError: Failed to fetch
=============================
====== JS ERROR CAUGHT ======
Unhandled Promise: TypeError: Failed to fetch
=============================
====== JS ERROR CAUGHT ======
Unhandled Promise: TypeError: Failed to fetch
=============================
====== JS ERROR CAUGHT ======
Unhandled Promise: TypeError: Failed to fetch
=============================
====== JS ERROR CAUGHT ======
Unhandled Promise: TypeError: Failed to fetch
=============================
====== JS ERROR CAUGHT ======
Unhandled Promise: TypeError: Failed to fetch
=============================
====== JS ERROR CAUGHT ======
Unhandled Promise: TypeError: Failed to fetch
=============================
====== JS ERROR CAUGHT ======
Unhandled Promise: TypeError: Failed to fetch
=============================
====== JS ERROR CAUGHT ======
Unhandled Promise: TypeError: Failed to fetch
=============================
====== JS ERROR CAUGHT ======
Unhandled Promise: TypeError: Failed to fetch
=============================
====== JS ERROR CAUGHT ======
Unhandled Promise: TypeError: Failed to fetch
=============================
====== JS ERROR CAUGHT ======
Unhandled Promise: TypeError: Failed to fetch
=============================
====== JS ERROR CAUGHT ======
Unhandled Promise: TypeError: Failed to fetch
=============================
====== JS ERROR CAUGHT ======
Unhandled Promise: TypeError: Failed to fetch
=============================
====== JS ERROR CAUGHT ======
Unhandled Promise: TypeError: Failed to fetch
=============================
====== JS ERROR CAUGHT ======
Unhandled Promise: TypeError: Failed to fetch
=============================
====== JS ERROR CAUGHT ======
Unhandled Promise: TypeError: Failed to fetch
=============================
====== JS ERROR CAUGHT ======
Unhandled Promise: TypeError: Failed to fetch
=============================
====== JS ERROR CAUGHT ======
Unhandled Promise: TypeError: Failed to fetch
=============================
====== JS ERROR CAUGHT ======
Unhandled Promise: TypeError: Failed to fetch
=============================
====== JS ERROR CAUGHT ======
Unhandled Promise: TypeError: Failed to fetch
=============================
====== JS ERROR CAUGHT ======
Unhandled Promise: TypeError: Failed to fetch
=============================
====== JS ERROR CAUGHT ======
Unhandled Promise: TypeError: Failed to fetch
=============================
====== JS ERROR CAUGHT ======
Unhandled Promise: TypeError: Failed to fetch
=============================
====== JS ERROR CAUGHT ======
Unhandled Promise: TypeError: Failed to fetch
=============================
====== JS ERROR CAUGHT ======
Unhandled Promise: TypeError: Failed to fetch
=============================
====== JS ERROR CAUGHT ======
Unhandled Promise: TypeError: Failed to fetch
=============================
====== JS ERROR CAUGHT ======
Unhandled Promise: TypeError: Failed to fetch
=============================
====== JS ERROR CAUGHT ======
Unhandled Promise: TypeError: Failed to fetch
=============================
====== JS ERROR CAUGHT ======
Unhandled Promise: TypeError: Failed to fetch
=============================
====== JS ERROR CAUGHT ======
Unhandled Promise: TypeError: Failed to fetch
=============================
====== JS ERROR CAUGHT ======
Unhandled Promise: TypeError: Failed to fetch
=============================
====== JS ERROR CAUGHT ======
Unhandled Promise: TypeError: Failed to fetch
=============================
====== JS ERROR CAUGHT ======
Unhandled Promise: TypeError: Failed to fetch
=============================
====== JS ERROR CAUGHT ======
Unhandled Promise: TypeError: Failed to fetch
=============================
====== JS ERROR CAUGHT ======
Unhandled Promise: TypeError: Failed to fetch
=============================
====== JS ERROR CAUGHT ======
Unhandled Promise: TypeError: Failed to fetch
=============================
====== JS ERROR CAUGHT ======
Unhandled Promise: TypeError: Failed to fetch
=============================
====== JS ERROR CAUGHT ======
Unhandled Promise: TypeError: Failed to fetch
=============================
====== JS ERROR CAUGHT ======
Unhandled Promise: TypeError: Failed to fetch
=============================
====== JS ERROR CAUGHT ======
Unhandled Promise: TypeError: Failed to fetch
=============================
====== JS ERROR CAUGHT ======
Unhandled Promise: TypeError: Failed to fetch
=============================
====== JS ERROR CAUGHT ======
Unhandled Promise: TypeError: Failed to fetch
=============================
====== JS ERROR CAUGHT ======
Unhandled Promise: TypeError: Failed to fetch
=============================
====== JS ERROR CAUGHT ======
Unhandled Promise: TypeError: Failed to fetch
=============================
====== JS ERROR CAUGHT ======
Unhandled Promise: TypeError: Failed to fetch
=============================
====== JS ERROR CAUGHT ======
Unhandled Promise: TypeError: Failed to fetch
=============================
====== JS ERROR CAUGHT ======
Unhandled Promise: TypeError: Failed to fetch
=============================
====== JS ERROR CAUGHT ======
Unhandled Promise: TypeError: Failed to fetch
=============================
====== JS ERROR CAUGHT ======
Unhandled Promise: TypeError: Failed to fetch
=============================
====== JS ERROR CAUGHT ======
Unhandled Promise: TypeError: Failed to fetch
=============================
====== JS ERROR CAUGHT ======
Unhandled Promise: TypeError: Failed to fetch
=============================
====== JS ERROR CAUGHT ======
Unhandled Promise: TypeError: Failed to fetch
=============================
====== JS ERROR CAUGHT ======
Unhandled Promise: TypeError: Failed to fetch
=============================
====== JS ERROR CAUGHT ======
Unhandled Promise: TypeError: Failed to fetch
=============================
====== JS ERROR CAUGHT ======
Unhandled Promise: TypeError: Failed to fetch
=============================
====== JS ERROR CAUGHT ======
Unhandled Promise: TypeError: Failed to fetch
=============================
====== JS ERROR CAUGHT ======
Unhandled Promise: TypeError: Failed to fetch
=============================
====== JS ERROR CAUGHT ======
Unhandled Promise: TypeError: Failed to fetch
=============================
====== JS ERROR CAUGHT ======
Unhandled Promise: TypeError: Failed to fetch
=============================
====== JS ERROR CAUGHT ======
Unhandled Promise: TypeError: Failed to fetch
=============================
====== JS ERROR CAUGHT ======
Unhandled Promise: TypeError: Failed to fetch
=============================
====== JS ERROR CAUGHT ======
Unhandled Promise: TypeError: Failed to fetch
=============================
====== JS ERROR CAUGHT ======
Unhandled Promise: TypeError: Failed to fetch
=============================
====== JS ERROR CAUGHT ======
Unhandled Promise: TypeError: Failed to fetch
=============================
====== JS ERROR CAUGHT ======
Unhandled Promise: TypeError: Failed to fetch
=============================
====== JS ERROR CAUGHT ======
Unhandled Promise: TypeError: Failed to fetch
=============================
====== JS ERROR CAUGHT ======
Unhandled Promise: TypeError: Failed to fetch
=============================
====== JS ERROR CAUGHT ======
Unhandled Promise: TypeError: Failed to fetch
=============================
====== JS ERROR CAUGHT ======
Unhandled Promise: TypeError: Failed to fetch
=============================
====== JS ERROR CAUGHT ======
Unhandled Promise: TypeError: Failed to fetch
=============================
====== JS ERROR CAUGHT ======
Unhandled Promise: TypeError: Failed to fetch
=============================
====== JS ERROR CAUGHT ======
Unhandled Promise: TypeError: Failed to fetch
=============================
====== JS ERROR CAUGHT ======
Unhandled Promise: TypeError: Failed to fetch
=============================
====== JS ERROR CAUGHT ======
Unhandled Promise: TypeError: Failed to fetch
=============================
====== JS ERROR CAUGHT ======
Unhandled Promise: TypeError: Failed to fetch
=============================
====== JS ERROR CAUGHT ======
Unhandled Promise: TypeError: Failed to fetch
=============================
====== JS ERROR CAUGHT ======
Unhandled Promise: TypeError: Failed to fetch
=============================
====== JS ERROR CAUGHT ======
Unhandled Promise: TypeError: Failed to fetch
=============================
====== JS ERROR CAUGHT ======
Unhandled Promise: TypeError: Failed to fetch
=============================
====== JS ERROR CAUGHT ======
Unhandled Promise: TypeError: Failed to fetch
=============================
====== JS ERROR CAUGHT ======
Unhandled Promise: TypeError: Failed to fetch
=============================
====== JS ERROR CAUGHT ======
Unhandled Promise: TypeError: Failed to fetch
=============================
====== JS ERROR CAUGHT ======
Unhandled Promise: TypeError: Failed to fetch
=============================
====== JS ERROR CAUGHT ======
Unhandled Promise: TypeError: Failed to fetch
=============================
====== JS ERROR CAUGHT ======
Unhandled Promise: TypeError: Failed to fetch
=============================
====== JS ERROR CAUGHT ======
Unhandled Promise: TypeError: Failed to fetch
=============================
====== JS ERROR CAUGHT ======
Unhandled Promise: TypeError: Failed to fetch
=============================
====== JS ERROR CAUGHT ======
Unhandled Promise: TypeError: Failed to fetch
=============================
====== JS ERROR CAUGHT ======
Unhandled Promise: TypeError: Failed to fetch
=============================
====== JS ERROR CAUGHT ======
Unhandled Promise: TypeError: Failed to fetch
=============================
====== JS ERROR CAUGHT ======
Unhandled Promise: TypeError: Failed to fetch
=============================
====== JS ERROR CAUGHT ======
Unhandled Promise: TypeError: Failed to fetch
=============================
====== JS ERROR CAUGHT ======
Unhandled Promise: TypeError: Failed to fetch
=============================
====== JS ERROR CAUGHT ======
Unhandled Promise: TypeError: Failed to fetch
=============================
====== JS ERROR CAUGHT ======
Unhandled Promise: TypeError: Failed to fetch
=============================
====== JS ERROR CAUGHT ======
Unhandled Promise: TypeError: Failed to fetch
=============================
====== JS ERROR CAUGHT ======
Unhandled Promise: TypeError: Failed to fetch
=============================
====== JS ERROR CAUGHT ======
Unhandled Promise: TypeError: Failed to fetch
=============================
====== JS ERROR CAUGHT ======
Unhandled Promise: TypeError: Failed to fetch
=============================
====== JS ERROR CAUGHT ======
Unhandled Promise: TypeError: Failed to fetch
=============================
====== JS ERROR CAUGHT ======
Unhandled Promise: TypeError: Failed to fetch
=============================
====== JS ERROR CAUGHT ======
Unhandled Promise: TypeError: Failed to fetch
=============================
====== JS ERROR CAUGHT ======
Unhandled Promise: TypeError: Failed to fetch
=============================
====== JS ERROR CAUGHT ======
Unhandled Promise: TypeError: Failed to fetch
=============================
====== JS ERROR CAUGHT ======
Unhandled Promise: TypeError: Failed to fetch
=============================
====== JS ERROR CAUGHT ======
Unhandled Promise: TypeError: Failed to fetch
=============================
====== JS ERROR CAUGHT ======
Unhandled Promise: TypeError: Failed to fetch
=============================
====== JS ERROR CAUGHT ======
Unhandled Promise: TypeError: Failed to fetch
=============================
====== JS ERROR CAUGHT ======
Unhandled Promise: TypeError: Failed to fetch
=============================
====== JS ERROR CAUGHT ======
Unhandled Promise: TypeError: Failed to fetch
=============================
====== JS ERROR CAUGHT ======
Unhandled Promise: TypeError: Failed to fetch
=============================
====== JS ERROR CAUGHT ======
Unhandled Promise: TypeError: Failed to fetch
=============================
====== JS ERROR CAUGHT ======
Unhandled Promise: TypeError: Failed to fetch
=============================
====== JS ERROR CAUGHT ======
Unhandled Promise: TypeError: Failed to fetch
=============================
====== JS ERROR CAUGHT ======
Unhandled Promise: TypeError: Failed to fetch
=============================
====== JS ERROR CAUGHT ======
Unhandled Promise: TypeError: Failed to fetch
=============================
====== JS ERROR CAUGHT ======
Unhandled Promise: TypeError: Failed to fetch
=============================
====== JS ERROR CAUGHT ======
Unhandled Promise: TypeError: Failed to fetch
=============================
====== JS ERROR CAUGHT ======
Unhandled Promise: TypeError: Failed to fetch
=============================
====== JS ERROR CAUGHT ======
Unhandled Promise: TypeError: Failed to fetch
=============================
====== JS ERROR CAUGHT ======
Unhandled Promise: TypeError: Failed to fetch
=============================
====== JS ERROR CAUGHT ======
Unhandled Promise: TypeError: Failed to fetch
=============================
====== JS ERROR CAUGHT ======
Unhandled Promise: TypeError: Failed to fetch
=============================
====== JS ERROR CAUGHT ======
Unhandled Promise: TypeError: Failed to fetch
=============================
====== JS ERROR CAUGHT ======
Unhandled Promise: TypeError: Failed to fetch
=============================
====== JS ERROR CAUGHT ======
Unhandled Promise: TypeError: Failed to fetch
=============================
====== JS ERROR CAUGHT ======
Unhandled Promise: TypeError: Failed to fetch
=============================
====== JS ERROR CAUGHT ======
Unhandled Promise: TypeError: Failed to fetch
=============================
====== JS ERROR CAUGHT ======
Unhandled Promise: TypeError: Failed to fetch
=============================
====== JS ERROR CAUGHT ======
Unhandled Promise: TypeError: Failed to fetch
=============================
====== JS ERROR CAUGHT ======
Unhandled Promise: TypeError: Failed to fetch
=============================
====== JS ERROR CAUGHT ======
Unhandled Promise: TypeError: Failed to fetch
=============================
====== JS ERROR CAUGHT ======
Unhandled Promise: TypeError: Failed to fetch
=============================
====== JS ERROR CAUGHT ======
Unhandled Promise: TypeError: Failed to fetch
=============================
====== JS ERROR CAUGHT ======
Unhandled Promise: TypeError: Failed to fetch
=============================
====== JS ERROR CAUGHT ======
Unhandled Promise: TypeError: Failed to fetch
=============================
====== JS ERROR CAUGHT ======
Unhandled Promise: TypeError: Failed to fetch
=============================
====== JS ERROR CAUGHT ======
Unhandled Promise: TypeError: Failed to fetch
=============================
====== JS ERROR CAUGHT ======
Unhandled Promise: TypeError: Failed to fetch
=============================
====== JS ERROR CAUGHT ======
Unhandled Promise: TypeError: Failed to fetch
=============================
====== JS ERROR CAUGHT ======
Unhandled Promise: TypeError: Failed to fetch
=============================
====== JS ERROR CAUGHT ======
Unhandled Promise: TypeError: Failed to fetch
=============================
====== JS ERROR CAUGHT ======
Unhandled Promise: TypeError: Failed to fetch
=============================
====== JS ERROR CAUGHT ======
Unhandled Promise: TypeError: Failed to fetch
=============================
====== JS ERROR CAUGHT ======
Unhandled Promise: TypeError: Failed to fetch
=============================
====== JS ERROR CAUGHT ======
Unhandled Promise: TypeError: Failed to fetch
=============================
====== JS ERROR CAUGHT ======
Unhandled Promise: TypeError: Failed to fetch
=============================
====== JS ERROR CAUGHT ======
Unhandled Promise: TypeError: Failed to fetch
=============================
====== JS ERROR CAUGHT ======
Unhandled Promise: TypeError: Failed to fetch
=============================
====== JS ERROR CAUGHT ======
Unhandled Promise: TypeError: Failed to fetch
=============================
====== JS ERROR CAUGHT ======
Unhandled Promise: TypeError: Failed to fetch
=============================
====== JS ERROR CAUGHT ======
Unhandled Promise: TypeError: Failed to fetch
=============================
====== JS ERROR CAUGHT ======
Unhandled Promise: TypeError: Failed to fetch
=============================
====== JS ERROR CAUGHT ======
Unhandled Promise: TypeError: Failed to fetch
=============================
====== JS ERROR CAUGHT ======
Unhandled Promise: TypeError: Failed to fetch
=============================
====== JS ERROR CAUGHT ======
Unhandled Promise: TypeError: Failed to fetch
=============================
====== JS ERROR CAUGHT ======
Unhandled Promise: TypeError: Failed to fetch
=============================
====== JS ERROR CAUGHT ======
Unhandled Promise: TypeError: Failed to fetch
=============================
====== JS ERROR CAUGHT ======
Unhandled Promise: TypeError: Failed to fetch
=============================
====== JS ERROR CAUGHT ======
Unhandled Promise: TypeError: Failed to fetch
=============================
====== JS ERROR CAUGHT ======
Unhandled Promise: TypeError: Failed to fetch
=============================
====== JS ERROR CAUGHT ======
Unhandled Promise: TypeError: Failed to fetch
=============================
====== JS ERROR CAUGHT ======
Unhandled Promise: TypeError: Failed to fetch
=============================
====== JS ERROR CAUGHT ======
Unhandled Promise: TypeError: Failed to fetch
=============================
====== JS ERROR CAUGHT ======
Unhandled Promise: TypeError: Failed to fetch
=============================
====== JS ERROR CAUGHT ======
Unhandled Promise: TypeError: Failed to fetch
=============================
====== JS ERROR CAUGHT ======
Unhandled Promise: TypeError: Failed to fetch
=============================
====== JS ERROR CAUGHT ======
Unhandled Promise: TypeError: Failed to fetch
=============================
====== JS ERROR CAUGHT ======
Unhandled Promise: TypeError: Failed to fetch
=============================
====== JS ERROR CAUGHT ======
Unhandled Promise: TypeError: Failed to fetch
=============================
====== JS ERROR CAUGHT ======
Unhandled Promise: TypeError: Failed to fetch
=============================
====== JS ERROR CAUGHT ======
Unhandled Promise: TypeError: Failed to fetch
=============================
====== JS ERROR CAUGHT ======
Unhandled Promise: TypeError: Failed to fetch
=============================
====== JS ERROR CAUGHT ======
Unhandled Promise: TypeError: Failed to fetch
=============================
====== JS ERROR CAUGHT ======
Unhandled Promise: TypeError: Failed to fetch
=============================
====== JS ERROR CAUGHT ======
Unhandled Promise: TypeError: Failed to fetch
=============================
====== JS ERROR CAUGHT ======
Unhandled Promise: TypeError: Failed to fetch
=============================
====== JS ERROR CAUGHT ======
Unhandled Promise: TypeError: Failed to fetch
=============================
====== JS ERROR CAUGHT ======
Unhandled Promise: TypeError: Failed to fetch
=============================
====== JS ERROR CAUGHT ======
Unhandled Promise: TypeError: Failed to fetch
=============================
====== JS ERROR CAUGHT ======
Unhandled Promise: TypeError: Failed to fetch
=============================
====== JS ERROR CAUGHT ======
Unhandled Promise: TypeError: Failed to fetch
=============================
====== JS ERROR CAUGHT ======
Unhandled Promise: TypeError: Failed to fetch
=============================
====== JS ERROR CAUGHT ======
Unhandled Promise: TypeError: Failed to fetch
=============================
====== JS ERROR CAUGHT ======
Unhandled Promise: TypeError: Failed to fetch
=============================
====== JS ERROR CAUGHT ======
Unhandled Promise: TypeError: Failed to fetch
=============================
====== JS ERROR CAUGHT ======
Unhandled Promise: TypeError: Failed to fetch
=============================
====== JS ERROR CAUGHT ======
Unhandled Promise: TypeError: Failed to fetch
=============================
====== JS ERROR CAUGHT ======
Unhandled Promise: TypeError: Failed to fetch
=============================
====== JS ERROR CAUGHT ======
Unhandled Promise: TypeError: Failed to fetch
=============================
====== JS ERROR CAUGHT ======
Unhandled Promise: TypeError: Failed to fetch
=============================
====== JS ERROR CAUGHT ======
Unhandled Promise: TypeError: Failed to fetch
=============================
====== JS ERROR CAUGHT ======
Unhandled Promise: TypeError: Failed to fetch
=============================
====== JS ERROR CAUGHT ======
Unhandled Promise: TypeError: Failed to fetch
=============================
====== JS ERROR CAUGHT ======
Unhandled Promise: TypeError: Failed to fetch
=============================
====== JS ERROR CAUGHT ======
Unhandled Promise: TypeError: Failed to fetch
=============================
====== JS ERROR CAUGHT ======
Unhandled Promise: TypeError: Failed to fetch
=============================
====== JS ERROR CAUGHT ======
Unhandled Promise: TypeError: Failed to fetch
=============================
====== JS ERROR CAUGHT ======
Unhandled Promise: TypeError: Failed to fetch
=============================
====== JS ERROR CAUGHT ======
Unhandled Promise: TypeError: Failed to fetch
=============================
====== JS ERROR CAUGHT ======
Unhandled Promise: TypeError: Failed to fetch
=============================
====== JS ERROR CAUGHT ======
Unhandled Promise: TypeError: Failed to fetch
=============================
====== JS ERROR CAUGHT ======
Unhandled Promise: TypeError: Failed to fetch
=============================
====== JS ERROR CAUGHT ======
Unhandled Promise: TypeError: Failed to fetch
=============================
====== JS ERROR CAUGHT ======
Unhandled Promise: TypeError: Failed to fetch
=============================
====== JS ERROR CAUGHT ======
Unhandled Promise: TypeError: Failed to fetch
=============================
====== JS ERROR CAUGHT ======
Unhandled Promise: TypeError: Failed to fetch
=============================
====== JS ERROR CAUGHT ======
Unhandled Promise: TypeError: Failed to fetch
=============================
====== JS ERROR CAUGHT ======
Unhandled Promise: TypeError: Failed to fetch
=============================
====== JS ERROR CAUGHT ======
Unhandled Promise: TypeError: Failed to fetch
=============================
====== JS ERROR CAUGHT ======
Unhandled Promise: TypeError: Failed to fetch
=============================
====== JS ERROR CAUGHT ======
Unhandled Promise: TypeError: Failed to fetch
=============================
====== JS ERROR CAUGHT ======
Unhandled Promise: TypeError: Failed to fetch
=============================
====== JS ERROR CAUGHT ======
Unhandled Promise: TypeError: Failed to fetch
=============================
====== JS ERROR CAUGHT ======
Unhandled Promise: TypeError: Failed to fetch
=============================
====== JS ERROR CAUGHT ======
Unhandled Promise: TypeError: Failed to fetch
=============================
====== JS ERROR CAUGHT ======
Unhandled Promise: TypeError: Failed to fetch
=============================
====== JS ERROR CAUGHT ======
Unhandled Promise: TypeError: Failed to fetch
=============================
====== JS ERROR CAUGHT ======
Unhandled Promise: TypeError: Failed to fetch
=============================
====== JS ERROR CAUGHT ======
Unhandled Promise: TypeError: Failed to fetch
=============================
====== JS ERROR CAUGHT ======
Unhandled Promise: TypeError: Failed to fetch
=============================
====== JS ERROR CAUGHT ======
Unhandled Promise: TypeError: Failed to fetch
=============================
====== JS ERROR CAUGHT ======
Unhandled Promise: TypeError: Failed to fetch
=============================
====== JS ERROR CAUGHT ======
Unhandled Promise: TypeError: Failed to fetch
=============================
====== JS ERROR CAUGHT ======
Unhandled Promise: TypeError: Failed to fetch
=============================
====== JS ERROR CAUGHT ======
Unhandled Promise: TypeError: Failed to fetch
=============================
====== JS ERROR CAUGHT ======
Unhandled Promise: TypeError: Failed to fetch
=============================
====== JS ERROR CAUGHT ======
Unhandled Promise: TypeError: Failed to fetch
=============================
====== JS ERROR CAUGHT ======
Unhandled Promise: TypeError: Failed to fetch
=============================
====== JS ERROR CAUGHT ======
Unhandled Promise: TypeError: Failed to fetch
=============================
====== JS ERROR CAUGHT ======
Unhandled Promise: TypeError: Failed to fetch
=============================
====== JS ERROR CAUGHT ======
Unhandled Promise: TypeError: Failed to fetch
=============================
====== JS ERROR CAUGHT ======
Unhandled Promise: TypeError: Failed to fetch
=============================
====== JS ERROR CAUGHT ======
Unhandled Promise: TypeError: Failed to fetch
=============================
====== JS ERROR CAUGHT ======
Unhandled Promise: TypeError: Failed to fetch
=============================
====== JS ERROR CAUGHT ======
Unhandled Promise: TypeError: Failed to fetch
=============================
====== JS ERROR CAUGHT ======
Unhandled Promise: TypeError: Failed to fetch
=============================
====== JS ERROR CAUGHT ======
Unhandled Promise: TypeError: Failed to fetch
=============================
====== JS ERROR CAUGHT ======
Unhandled Promise: TypeError: Failed to fetch
=============================
====== JS ERROR CAUGHT ======
Unhandled Promise: TypeError: Failed to fetch
=============================
====== JS ERROR CAUGHT ======
Unhandled Promise: TypeError: Failed to fetch
=============================
====== JS ERROR CAUGHT ======
Unhandled Promise: TypeError: Failed to fetch
=============================
====== JS ERROR CAUGHT ======
Unhandled Promise: TypeError: Failed to fetch
=============================
====== JS ERROR CAUGHT ======
Unhandled Promise: TypeError: Failed to fetch
=============================
====== JS ERROR CAUGHT ======
Unhandled Promise: TypeError: Failed to fetch
=============================
====== JS ERROR CAUGHT ======
Unhandled Promise: TypeError: Failed to fetch
=============================
====== JS ERROR CAUGHT ======
Unhandled Promise: TypeError: Failed to fetch
=============================
====== JS ERROR CAUGHT ======
Unhandled Promise: TypeError: Failed to fetch
=============================
====== JS ERROR CAUGHT ======
Unhandled Promise: TypeError: Failed to fetch
=============================
====== JS ERROR CAUGHT ======
Unhandled Promise: TypeError: Failed to fetch
=============================
====== JS ERROR CAUGHT ======
Unhandled Promise: TypeError: Failed to fetch
=============================
====== JS ERROR CAUGHT ======
Unhandled Promise: TypeError: Failed to fetch
=============================
====== JS ERROR CAUGHT ======
Unhandled Promise: TypeError: Failed to fetch
=============================
====== JS ERROR CAUGHT ======
Unhandled Promise: TypeError: Failed to fetch
=============================
====== JS ERROR CAUGHT ======
Unhandled Promise: TypeError: Failed to fetch
=============================
====== JS ERROR CAUGHT ======
Unhandled Promise: TypeError: Failed to fetch
=============================
====== JS ERROR CAUGHT ======
Unhandled Promise: TypeError: Failed to fetch
=============================
====== JS ERROR CAUGHT ======
Unhandled Promise: TypeError: Failed to fetch
=============================
====== JS ERROR CAUGHT ======
Unhandled Promise: TypeError: Failed to fetch
=============================
====== JS ERROR CAUGHT ======
Unhandled Promise: TypeError: Failed to fetch
=============================
====== JS ERROR CAUGHT ======
Unhandled Promise: TypeError: Failed to fetch
=============================
====== JS ERROR CAUGHT ======
Unhandled Promise: TypeError: Failed to fetch
=============================
====== JS ERROR CAUGHT ======
Unhandled Promise: TypeError: Failed to fetch
=============================
====== JS ERROR CAUGHT ======
Unhandled Promise: TypeError: Failed to fetch
=============================
====== JS ERROR CAUGHT ======
Unhandled Promise: TypeError: Failed to fetch
=============================
====== JS ERROR CAUGHT ======
Unhandled Promise: TypeError: Failed to fetch
=============================
====== JS ERROR CAUGHT ======
Unhandled Promise: TypeError: Failed to fetch
=============================
====== JS ERROR CAUGHT ======
Unhandled Promise: TypeError: Failed to fetch
=============================
====== JS ERROR CAUGHT ======
Unhandled Promise: TypeError: Failed to fetch
=============================
====== JS ERROR CAUGHT ======
Unhandled Promise: TypeError: Failed to fetch
=============================
====== JS ERROR CAUGHT ======
Unhandled Promise: TypeError: Failed to fetch
=============================
====== JS ERROR CAUGHT ======
Unhandled Promise: TypeError: Failed to fetch
=============================
====== JS ERROR CAUGHT ======
Unhandled Promise: TypeError: Failed to fetch
=============================
====== JS ERROR CAUGHT ======
Unhandled Promise: TypeError: Failed to fetch
=============================
====== JS ERROR CAUGHT ======
Unhandled Promise: TypeError: Failed to fetch
=============================
====== JS ERROR CAUGHT ======
Unhandled Promise: TypeError: Failed to fetch
=============================
====== JS ERROR CAUGHT ======
Unhandled Promise: TypeError: Failed to fetch
=============================
====== JS ERROR CAUGHT ======
Unhandled Promise: TypeError: Failed to fetch
=============================
====== JS ERROR CAUGHT ======
Unhandled Promise: TypeError: Failed to fetch
=============================
====== JS ERROR CAUGHT ======
Unhandled Promise: TypeError: Failed to fetch
=============================
====== JS ERROR CAUGHT ======
Unhandled Promise: TypeError: Failed to fetch
=============================
====== JS ERROR CAUGHT ======
Unhandled Promise: TypeError: Failed to fetch
=============================
====== JS ERROR CAUGHT ======
Unhandled Promise: TypeError: Failed to fetch
=============================
====== JS ERROR CAUGHT ======
Unhandled Promise: TypeError: Failed to fetch
=============================
====== JS ERROR CAUGHT ======
Unhandled Promise: TypeError: Failed to fetch
=============================
====== JS ERROR CAUGHT ======
Unhandled Promise: TypeError: Failed to fetch
=============================
====== JS ERROR CAUGHT ======
Unhandled Promise: TypeError: Failed to fetch
=============================
====== JS ERROR CAUGHT ======
Unhandled Promise: TypeError: Failed to fetch
=============================
====== JS ERROR CAUGHT ======
Unhandled Promise: TypeError: Failed to fetch
=============================
====== JS ERROR CAUGHT ======
Unhandled Promise: TypeError: Failed to fetch
=============================
====== JS ERROR CAUGHT ======
Unhandled Promise: TypeError: Failed to fetch
=============================
====== JS ERROR CAUGHT ======
Unhandled Promise: TypeError: Failed to fetch
=============================
====== JS ERROR CAUGHT ======
Unhandled Promise: TypeError: Failed to fetch
=============================
====== JS ERROR CAUGHT ======
Unhandled Promise: TypeError: Failed to fetch
=============================
====== JS ERROR CAUGHT ======
Unhandled Promise: TypeError: Failed to fetch
=============================
====== JS ERROR CAUGHT ======
Unhandled Promise: TypeError: Failed to fetch
=============================
====== JS ERROR CAUGHT ======
Unhandled Promise: TypeError: Failed to fetch
=============================
====== JS ERROR CAUGHT ======
Unhandled Promise: TypeError: Failed to fetch
=============================
====== JS ERROR CAUGHT ======
Unhandled Promise: TypeError: Failed to fetch
=============================
====== JS ERROR CAUGHT ======
Unhandled Promise: TypeError: Failed to fetch
=============================
====== JS ERROR CAUGHT ======
Unhandled Promise: TypeError: Failed to fetch
=============================
====== JS ERROR CAUGHT ======
Unhandled Promise: TypeError: Failed to fetch
=============================
====== JS ERROR CAUGHT ======
Unhandled Promise: TypeError: Failed to fetch
=============================
====== JS ERROR CAUGHT ======
Unhandled Promise: TypeError: Failed to fetch
=============================
====== JS ERROR CAUGHT ======
Unhandled Promise: TypeError: Failed to fetch
=============================
====== JS ERROR CAUGHT ======
Unhandled Promise: TypeError: Failed to fetch
=============================
====== JS ERROR CAUGHT ======
Unhandled Promise: TypeError: Failed to fetch
=============================
====== JS ERROR CAUGHT ======
Unhandled Promise: TypeError: Failed to fetch
=============================
====== JS ERROR CAUGHT ======
Unhandled Promise: TypeError: Failed to fetch
=============================
====== JS ERROR CAUGHT ======
Unhandled Promise: TypeError: Failed to fetch
=============================
====== JS ERROR CAUGHT ======
Unhandled Promise: TypeError: Failed to fetch
=============================
====== JS ERROR CAUGHT ======
Unhandled Promise: TypeError: Failed to fetch
=============================
====== JS ERROR CAUGHT ======
Unhandled Promise: TypeError: Failed to fetch
=============================
====== JS ERROR CAUGHT ======
Unhandled Promise: TypeError: Failed to fetch
=============================
====== JS ERROR CAUGHT ======
Unhandled Promise: TypeError: Failed to fetch
=============================
====== JS ERROR CAUGHT ======
Unhandled Promise: TypeError: Failed to fetch
=============================
====== JS ERROR CAUGHT ======
Unhandled Promise: TypeError: Failed to fetch
=============================
====== JS ERROR CAUGHT ======
Unhandled Promise: TypeError: Failed to fetch
=============================
====== JS ERROR CAUGHT ======
Unhandled Promise: TypeError: Failed to fetch
=============================
====== JS ERROR CAUGHT ======
Unhandled Promise: TypeError: Failed to fetch
=============================
====== JS ERROR CAUGHT ======
Unhandled Promise: TypeError: Failed to fetch
=============================
====== JS ERROR CAUGHT ======
Unhandled Promise: TypeError: Failed to fetch
=============================
====== JS ERROR CAUGHT ======
Unhandled Promise: TypeError: Failed to fetch
=============================
====== JS ERROR CAUGHT ======
Unhandled Promise: TypeError: Failed to fetch
=============================
====== JS ERROR CAUGHT ======
Unhandled Promise: TypeError: Failed to fetch
=============================
====== JS ERROR CAUGHT ======
Unhandled Promise: TypeError: Failed to fetch
=============================
====== JS ERROR CAUGHT ======
Unhandled Promise: TypeError: Failed to fetch
=============================
====== JS ERROR CAUGHT ======
Unhandled Promise: TypeError: Failed to fetch
=============================
====== JS ERROR CAUGHT ======
Unhandled Promise: TypeError: Failed to fetch
=============================
====== JS ERROR CAUGHT ======
Unhandled Promise: TypeError: Failed to fetch
=============================
====== JS ERROR CAUGHT ======
Unhandled Promise: TypeError: Failed to fetch
=============================
====== JS ERROR CAUGHT ======
Unhandled Promise: TypeError: Failed to fetch
=============================
====== JS ERROR CAUGHT ======
Unhandled Promise: TypeError: Failed to fetch
=============================
====== JS ERROR CAUGHT ======
Unhandled Promise: TypeError: Failed to fetch
=============================
====== JS ERROR CAUGHT ======
Unhandled Promise: TypeError: Failed to fetch
=============================
====== JS ERROR CAUGHT ======
Unhandled Promise: TypeError: Failed to fetch
=============================
====== JS ERROR CAUGHT ======
Unhandled Promise: TypeError: Failed to fetch
=============================
====== JS ERROR CAUGHT ======
Unhandled Promise: TypeError: Failed to fetch
=============================
====== JS ERROR CAUGHT ======
Unhandled Promise: TypeError: Failed to fetch
=============================
====== JS ERROR CAUGHT ======
Unhandled Promise: TypeError: Failed to fetch
=============================
====== JS ERROR CAUGHT ======
Unhandled Promise: TypeError: Failed to fetch
=============================
====== JS ERROR CAUGHT ======
Unhandled Promise: TypeError: Failed to fetch
=============================
====== JS ERROR CAUGHT ======
Unhandled Promise: TypeError: Failed to fetch
=============================
====== JS ERROR CAUGHT ======
Unhandled Promise: TypeError: Failed to fetch
=============================
====== JS ERROR CAUGHT ======
Unhandled Promise: TypeError: Failed to fetch
=============================
====== JS ERROR CAUGHT ======
Unhandled Promise: TypeError: Failed to fetch
=============================
====== JS ERROR CAUGHT ======
Unhandled Promise: TypeError: Failed to fetch
=============================
====== JS ERROR CAUGHT ======
Unhandled Promise: TypeError: Failed to fetch
=============================
====== JS ERROR CAUGHT ======
Unhandled Promise: TypeError: Failed to fetch
=============================
====== JS ERROR CAUGHT ======
Unhandled Promise: TypeError: Failed to fetch
=============================
====== JS ERROR CAUGHT ======
Unhandled Promise: TypeError: Failed to fetch
=============================
====== JS ERROR CAUGHT ======
Unhandled Promise: TypeError: Failed to fetch
=============================
====== JS ERROR CAUGHT ======
Unhandled Promise: TypeError: Failed to fetch
=============================
====== JS ERROR CAUGHT ======
Unhandled Promise: TypeError: Failed to fetch
=============================
====== JS ERROR CAUGHT ======
Unhandled Promise: TypeError: Failed to fetch
=============================
====== JS ERROR CAUGHT ======
Unhandled Promise: TypeError: Failed to fetch
=============================
====== JS ERROR CAUGHT ======
Unhandled Promise: TypeError: Failed to fetch
=============================
====== JS ERROR CAUGHT ======
Unhandled Promise: TypeError: Failed to fetch
=============================
====== JS ERROR CAUGHT ======
Unhandled Promise: TypeError: Failed to fetch
=============================
====== JS ERROR CAUGHT ======
Unhandled Promise: TypeError: Failed to fetch
=============================
====== JS ERROR CAUGHT ======
Unhandled Promise: TypeError: Failed to fetch
=============================
====== JS ERROR CAUGHT ======
Unhandled Promise: TypeError: Failed to fetch
=============================
====== JS ERROR CAUGHT ======
Unhandled Promise: TypeError: Failed to fetch
=============================
====== JS ERROR CAUGHT ======
Unhandled Promise: TypeError: Failed to fetch
=============================
====== JS ERROR CAUGHT ======
Unhandled Promise: TypeError: Failed to fetch
=============================
====== JS ERROR CAUGHT ======
Unhandled Promise: TypeError: Failed to fetch
=============================
====== JS ERROR CAUGHT ======
Unhandled Promise: TypeError: Failed to fetch
=============================
====== JS ERROR CAUGHT ======
Unhandled Promise: TypeError: Failed to fetch
=============================
====== JS ERROR CAUGHT ======
Unhandled Promise: TypeError: Failed to fetch
=============================
====== JS ERROR CAUGHT ======
Unhandled Promise: TypeError: Failed to fetch
=============================
====== JS ERROR CAUGHT ======
Unhandled Promise: TypeError: Failed to fetch
=============================
====== JS ERROR CAUGHT ======
Unhandled Promise: TypeError: Failed to fetch
=============================
====== JS ERROR CAUGHT ======
Unhandled Promise: TypeError: Failed to fetch
=============================
====== JS ERROR CAUGHT ======
Unhandled Promise: TypeError: Failed to fetch
=============================
====== JS ERROR CAUGHT ======
Unhandled Promise: TypeError: Failed to fetch
=============================
====== JS ERROR CAUGHT ======
Unhandled Promise: TypeError: Failed to fetch
=============================
====== JS ERROR CAUGHT ======
Unhandled Promise: TypeError: Failed to fetch
=============================
====== JS ERROR CAUGHT ======
Unhandled Promise: TypeError: Failed to fetch
=============================
====== JS ERROR CAUGHT ======
Unhandled Promise: TypeError: Failed to fetch
=============================
====== JS ERROR CAUGHT ======
Unhandled Promise: TypeError: Failed to fetch
=============================
====== JS ERROR CAUGHT ======
Unhandled Promise: TypeError: Failed to fetch
=============================
====== JS ERROR CAUGHT ======
Unhandled Promise: TypeError: Failed to fetch
=============================
====== JS ERROR CAUGHT ======
Unhandled Promise: TypeError: Failed to fetch
=============================
====== JS ERROR CAUGHT ======
Unhandled Promise: TypeError: Failed to fetch
=============================
====== JS ERROR CAUGHT ======
Unhandled Promise: TypeError: Failed to fetch
=============================
====== JS ERROR CAUGHT ======
Unhandled Promise: TypeError: Failed to fetch
=============================
====== JS ERROR CAUGHT ======
Unhandled Promise: TypeError: Failed to fetch
=============================
====== JS ERROR CAUGHT ======
Unhandled Promise: TypeError: Failed to fetch
=============================
====== JS ERROR CAUGHT ======
Unhandled Promise: TypeError: Failed to fetch
=============================
====== JS ERROR CAUGHT ======
Unhandled Promise: TypeError: Failed to fetch
=============================
====== JS ERROR CAUGHT ======
Unhandled Promise: TypeError: Failed to fetch
=============================
====== JS ERROR CAUGHT ======
Unhandled Promise: TypeError: Failed to fetch
=============================
====== JS ERROR CAUGHT ======
Unhandled Promise: TypeError: Failed to fetch
=============================
====== JS ERROR CAUGHT ======
Unhandled Promise: TypeError: Failed to fetch
=============================
====== JS ERROR CAUGHT ======
Unhandled Promise: TypeError: Failed to fetch
=============================
====== JS ERROR CAUGHT ======
Unhandled Promise: TypeError: Failed to fetch
=============================
====== JS ERROR CAUGHT ======
Unhandled Promise: TypeError: Failed to fetch
=============================
====== JS ERROR CAUGHT ======
Unhandled Promise: TypeError: Failed to fetch
=============================
====== JS ERROR CAUGHT ======
Unhandled Promise: TypeError: Failed to fetch
=============================
====== JS ERROR CAUGHT ======
Unhandled Promise: TypeError: Failed to fetch
=============================
====== JS ERROR CAUGHT ======
Unhandled Promise: TypeError: Failed to fetch
=============================
====== JS ERROR CAUGHT ======
Unhandled Promise: TypeError: Failed to fetch
=============================
====== JS ERROR CAUGHT ======
Unhandled Promise: TypeError: Failed to fetch
=============================
====== JS ERROR CAUGHT ======
Unhandled Promise: TypeError: Failed to fetch
=============================
====== JS ERROR CAUGHT ======
Unhandled Promise: TypeError: Failed to fetch
=============================
====== JS ERROR CAUGHT ======
Unhandled Promise: TypeError: Failed to fetch
=============================
====== JS ERROR CAUGHT ======
Unhandled Promise: TypeError: Failed to fetch
=============================
====== JS ERROR CAUGHT ======
Unhandled Promise: TypeError: Failed to fetch
=============================
====== JS ERROR CAUGHT ======
Unhandled Promise: TypeError: Failed to fetch
=============================
====== JS ERROR CAUGHT ======
Unhandled Promise: TypeError: Failed to fetch
=============================
====== JS ERROR CAUGHT ======
Unhandled Promise: TypeError: Failed to fetch
=============================
====== JS ERROR CAUGHT ======
Unhandled Promise: TypeError: Failed to fetch
=============================
====== JS ERROR CAUGHT ======
Unhandled Promise: TypeError: Failed to fetch
=============================
====== JS ERROR CAUGHT ======
Unhandled Promise: TypeError: Failed to fetch
=============================
====== JS ERROR CAUGHT ======
Unhandled Promise: TypeError: Failed to fetch
=============================
====== JS ERROR CAUGHT ======
Unhandled Promise: TypeError: Failed to fetch
=============================
====== JS ERROR CAUGHT ======
Unhandled Promise: TypeError: Failed to fetch
=============================
====== JS ERROR CAUGHT ======
Unhandled Promise: TypeError: Failed to fetch
=============================
====== JS ERROR CAUGHT ======
Unhandled Promise: TypeError: Failed to fetch
=============================
====== JS ERROR CAUGHT ======
Unhandled Promise: TypeError: Failed to fetch
=============================
====== JS ERROR CAUGHT ======
Unhandled Promise: TypeError: Failed to fetch
=============================
====== JS ERROR CAUGHT ======
Unhandled Promise: TypeError: Failed to fetch
=============================
====== JS ERROR CAUGHT ======
Unhandled Promise: TypeError: Failed to fetch
=============================
====== JS ERROR CAUGHT ======
Unhandled Promise: TypeError: Failed to fetch
=============================
====== JS ERROR CAUGHT ======
Unhandled Promise: TypeError: Failed to fetch
=============================
====== JS ERROR CAUGHT ======
Unhandled Promise: TypeError: Failed to fetch
=============================
====== JS ERROR CAUGHT ======
Unhandled Promise: TypeError: Failed to fetch
=============================
====== JS ERROR CAUGHT ======
Unhandled Promise: TypeError: Failed to fetch
=============================
====== JS ERROR CAUGHT ======
Unhandled Promise: TypeError: Failed to fetch
=============================
====== JS ERROR CAUGHT ======
Unhandled Promise: TypeError: Failed to fetch
=============================
====== JS ERROR CAUGHT ======
Unhandled Promise: TypeError: Failed to fetch
=============================
====== JS ERROR CAUGHT ======
Unhandled Promise: TypeError: Failed to fetch
=============================
====== JS ERROR CAUGHT ======
Unhandled Promise: TypeError: Failed to fetch
=============================
====== JS ERROR CAUGHT ======
Unhandled Promise: TypeError: Failed to fetch
=============================
====== JS ERROR CAUGHT ======
Unhandled Promise: TypeError: Failed to fetch
=============================
====== JS ERROR CAUGHT ======
Unhandled Promise: TypeError: Failed to fetch
=============================
====== JS ERROR CAUGHT ======
Unhandled Promise: TypeError: Failed to fetch
=============================
====== JS ERROR CAUGHT ======
Unhandled Promise: TypeError: Failed to fetch
=============================
====== JS ERROR CAUGHT ======
Unhandled Promise: TypeError: Failed to fetch
=============================
====== JS ERROR CAUGHT ======
Unhandled Promise: TypeError: Failed to fetch
=============================
====== JS ERROR CAUGHT ======
Unhandled Promise: TypeError: Failed to fetch
=============================
====== JS ERROR CAUGHT ======
Unhandled Promise: TypeError: Failed to fetch
=============================
====== JS ERROR CAUGHT ======
Unhandled Promise: TypeError: Failed to fetch
=============================
====== JS ERROR CAUGHT ======
Unhandled Promise: TypeError: Failed to fetch
=============================
====== JS ERROR CAUGHT ======
Unhandled Promise: TypeError: Failed to fetch
=============================
====== JS ERROR CAUGHT ======
Unhandled Promise: TypeError: Failed to fetch
=============================
====== JS ERROR CAUGHT ======
Unhandled Promise: TypeError: Failed to fetch
=============================
====== JS ERROR CAUGHT ======
Unhandled Promise: TypeError: Failed to fetch
=============================
====== JS ERROR CAUGHT ======
Unhandled Promise: TypeError: Failed to fetch
=============================
====== JS ERROR CAUGHT ======
Unhandled Promise: TypeError: Failed to fetch
=============================
====== JS ERROR CAUGHT ======
Unhandled Promise: TypeError: Failed to fetch
=============================
====== JS ERROR CAUGHT ======
Unhandled Promise: TypeError: Failed to fetch
=============================
====== JS ERROR CAUGHT ======
Unhandled Promise: TypeError: Failed to fetch
=============================
====== JS ERROR CAUGHT ======
Unhandled Promise: TypeError: Failed to fetch
=============================
====== JS ERROR CAUGHT ======
Unhandled Promise: TypeError: Failed to fetch
=============================
====== JS ERROR CAUGHT ======
Unhandled Promise: TypeError: Failed to fetch
=============================
====== JS ERROR CAUGHT ======
Unhandled Promise: TypeError: Failed to fetch
=============================
====== JS ERROR CAUGHT ======
Unhandled Promise: TypeError: Failed to fetch
=============================
====== JS ERROR CAUGHT ======
Unhandled Promise: TypeError: Failed to fetch
=============================
====== JS ERROR CAUGHT ======
Unhandled Promise: TypeError: Failed to fetch
=============================
====== JS ERROR CAUGHT ======
Unhandled Promise: TypeError: Failed to fetch
=============================
====== JS ERROR CAUGHT ======
Unhandled Promise: TypeError: Failed to fetch
=============================
====== JS ERROR CAUGHT ======
Unhandled Promise: TypeError: Failed to fetch
=============================
====== JS ERROR CAUGHT ======
Unhandled Promise: TypeError: Failed to fetch
=============================
====== JS ERROR CAUGHT ======
Unhandled Promise: TypeError: Failed to fetch
=============================
====== JS ERROR CAUGHT ======
Unhandled Promise: TypeError: Failed to fetch
=============================
====== JS ERROR CAUGHT ======
Unhandled Promise: TypeError: Failed to fetch
=============================
====== JS ERROR CAUGHT ======
Unhandled Promise: TypeError: Failed to fetch
=============================
====== JS ERROR CAUGHT ======
Unhandled Promise: TypeError: Failed to fetch
=============================
====== JS ERROR CAUGHT ======
Unhandled Promise: TypeError: Failed to fetch
=============================
====== JS ERROR CAUGHT ======
Unhandled Promise: TypeError: Failed to fetch
=============================
====== JS ERROR CAUGHT ======
Unhandled Promise: TypeError: Failed to fetch
=============================
====== JS ERROR CAUGHT ======
Unhandled Promise: TypeError: Failed to fetch
=============================
====== JS ERROR CAUGHT ======
Unhandled Promise: TypeError: Failed to fetch
=============================
====== JS ERROR CAUGHT ======
Unhandled Promise: TypeError: Failed to fetch
=============================
====== JS ERROR CAUGHT ======
Unhandled Promise: TypeError: Failed to fetch
=============================
====== JS ERROR CAUGHT ======
Unhandled Promise: TypeError: Failed to fetch
=============================
====== JS ERROR CAUGHT ======
Unhandled Promise: TypeError: Failed to fetch
=============================
====== JS ERROR CAUGHT ======
Unhandled Promise: TypeError: Failed to fetch
=============================
====== JS ERROR CAUGHT ======
Unhandled Promise: TypeError: Failed to fetch
=============================
====== JS ERROR CAUGHT ======
Unhandled Promise: TypeError: Failed to fetch
=============================
====== JS ERROR CAUGHT ======
Unhandled Promise: TypeError: Failed to fetch
=============================
====== JS ERROR CAUGHT ======
Unhandled Promise: TypeError: Failed to fetch
=============================
====== JS ERROR CAUGHT ======
Unhandled Promise: TypeError: Failed to fetch
=============================
====== JS ERROR CAUGHT ======
Unhandled Promise: TypeError: Failed to fetch
=============================
====== JS ERROR CAUGHT ======
Unhandled Promise: TypeError: Failed to fetch
=============================
====== JS ERROR CAUGHT ======
Unhandled Promise: TypeError: Failed to fetch
=============================
====== JS ERROR CAUGHT ======
Unhandled Promise: TypeError: Failed to fetch
=============================
====== JS ERROR CAUGHT ======
Unhandled Promise: TypeError: Failed to fetch
=============================
====== JS ERROR CAUGHT ======
Unhandled Promise: TypeError: Failed to fetch
=============================
====== JS ERROR CAUGHT ======
Unhandled Promise: TypeError: Failed to fetch
=============================
====== JS ERROR CAUGHT ======
Unhandled Promise: TypeError: Failed to fetch
=============================
====== JS ERROR CAUGHT ======
Unhandled Promise: TypeError: Failed to fetch
=============================
====== JS ERROR CAUGHT ======
Unhandled Promise: TypeError: Failed to fetch
=============================
====== JS ERROR CAUGHT ======
Unhandled Promise: TypeError: Failed to fetch
=============================
====== JS ERROR CAUGHT ======
Unhandled Promise: TypeError: Failed to fetch
=============================
====== JS ERROR CAUGHT ======
Unhandled Promise: TypeError: Failed to fetch
=============================
====== JS ERROR CAUGHT ======
Unhandled Promise: TypeError: Failed to fetch
=============================
====== JS ERROR CAUGHT ======
Unhandled Promise: TypeError: Failed to fetch
=============================
====== JS ERROR CAUGHT ======
Unhandled Promise: TypeError: Failed to fetch
=============================
====== JS ERROR CAUGHT ======
Unhandled Promise: TypeError: Failed to fetch
=============================
====== JS ERROR CAUGHT ======
Unhandled Promise: TypeError: Failed to fetch
=============================
====== JS ERROR CAUGHT ======
Unhandled Promise: TypeError: Failed to fetch
=============================
====== JS ERROR CAUGHT ======
Unhandled Promise: TypeError: Failed to fetch
=============================
====== JS ERROR CAUGHT ======
Unhandled Promise: TypeError: Failed to fetch
=============================
====== JS ERROR CAUGHT ======
Unhandled Promise: TypeError: Failed to fetch
=============================
====== JS ERROR CAUGHT ======
Unhandled Promise: TypeError: Failed to fetch
=============================
====== JS ERROR CAUGHT ======
Unhandled Promise: TypeError: Failed to fetch
=============================
====== JS ERROR CAUGHT ======
Unhandled Promise: TypeError: Failed to fetch
=============================
====== JS ERROR CAUGHT ======
Unhandled Promise: TypeError: Failed to fetch
=============================
====== JS ERROR CAUGHT ======
Unhandled Promise: TypeError: Failed to fetch
=============================
====== JS ERROR CAUGHT ======
Unhandled Promise: TypeError: Failed to fetch
=============================
====== JS ERROR CAUGHT ======
Unhandled Promise: TypeError: Failed to fetch
=============================
====== JS ERROR CAUGHT ======
Unhandled Promise: TypeError: Failed to fetch
=============================
====== JS ERROR CAUGHT ======
Unhandled Promise: TypeError: Failed to fetch
=============================
====== JS ERROR CAUGHT ======
Unhandled Promise: TypeError: Failed to fetch
=============================
====== JS ERROR CAUGHT ======
Unhandled Promise: TypeError: Failed to fetch
=============================
====== JS ERROR CAUGHT ======
Unhandled Promise: TypeError: Failed to fetch
=============================
====== JS ERROR CAUGHT ======
Unhandled Promise: TypeError: Failed to fetch
=============================
====== JS ERROR CAUGHT ======
Unhandled Promise: TypeError: Failed to fetch
=============================
====== JS ERROR CAUGHT ======
Unhandled Promise: TypeError: Failed to fetch
=============================
====== JS ERROR CAUGHT ======
Unhandled Promise: TypeError: Failed to fetch
=============================
====== JS ERROR CAUGHT ======
Unhandled Promise: TypeError: Failed to fetch
=============================
====== JS ERROR CAUGHT ======
Unhandled Promise: TypeError: Failed to fetch
=============================
====== JS ERROR CAUGHT ======
Unhandled Promise: TypeError: Failed to fetch
=============================
====== JS ERROR CAUGHT ======
Unhandled Promise: TypeError: Failed to fetch
=============================
====== JS ERROR CAUGHT ======
Unhandled Promise: TypeError: Failed to fetch
=============================
====== JS ERROR CAUGHT ======
Unhandled Promise: TypeError: Failed to fetch
=============================
====== JS ERROR CAUGHT ======
Unhandled Promise: TypeError: Failed to fetch
=============================
====== JS ERROR CAUGHT ======
Unhandled Promise: TypeError: Failed to fetch
=============================
====== JS ERROR CAUGHT ======
Unhandled Promise: TypeError: Failed to fetch
=============================
====== JS ERROR CAUGHT ======
Unhandled Promise: TypeError: Failed to fetch
=============================
====== JS ERROR CAUGHT ======
Unhandled Promise: TypeError: Failed to fetch
=============================
====== JS ERROR CAUGHT ======
Unhandled Promise: TypeError: Failed to fetch
=============================
====== JS ERROR CAUGHT ======
Unhandled Promise: TypeError: Failed to fetch
=============================
====== JS ERROR CAUGHT ======
Unhandled Promise: TypeError: Failed to fetch
=============================
====== JS ERROR CAUGHT ======
Unhandled Promise: TypeError: Failed to fetch
=============================
====== JS ERROR CAUGHT ======
Unhandled Promise: TypeError: Failed to fetch
=============================
====== JS ERROR CAUGHT ======
Unhandled Promise: TypeError: Failed to fetch
=============================
====== JS ERROR CAUGHT ======
Unhandled Promise: TypeError: Failed to fetch
=============================
====== JS ERROR CAUGHT ======
Unhandled Promise: TypeError: Failed to fetch
=============================
====== JS ERROR CAUGHT ======
Unhandled Promise: TypeError: Failed to fetch
=============================
====== JS ERROR CAUGHT ======
Unhandled Promise: TypeError: Failed to fetch
=============================
====== JS ERROR CAUGHT ======
Unhandled Promise: TypeError: Failed to fetch
=============================
====== JS ERROR CAUGHT ======
Unhandled Promise: TypeError: Failed to fetch
=============================
====== JS ERROR CAUGHT ======
Unhandled Promise: TypeError: Failed to fetch
=============================
====== JS ERROR CAUGHT ======
Unhandled Promise: TypeError: Failed to fetch
=============================
====== JS ERROR CAUGHT ======
Unhandled Promise: TypeError: Failed to fetch
=============================
====== JS ERROR CAUGHT ======
Unhandled Promise: TypeError: Failed to fetch
=============================
====== JS ERROR CAUGHT ======
Unhandled Promise: TypeError: Failed to fetch
=============================
====== JS ERROR CAUGHT ======
Unhandled Promise: TypeError: Failed to fetch
=============================
====== JS ERROR CAUGHT ======
Unhandled Promise: TypeError: Failed to fetch
=============================
====== JS ERROR CAUGHT ======
Unhandled Promise: TypeError: Failed to fetch
=============================
====== JS ERROR CAUGHT ======
Unhandled Promise: TypeError: Failed to fetch
=============================
====== JS ERROR CAUGHT ======
Unhandled Promise: TypeError: Failed to fetch
=============================
====== JS ERROR CAUGHT ======
Unhandled Promise: TypeError: Failed to fetch
=============================
====== JS ERROR CAUGHT ======
Unhandled Promise: TypeError: Failed to fetch
=============================
====== JS ERROR CAUGHT ======
Unhandled Promise: TypeError: Failed to fetch
=============================
====== JS ERROR CAUGHT ======
Unhandled Promise: TypeError: Failed to fetch
=============================
====== JS ERROR CAUGHT ======
Unhandled Promise: TypeError: Failed to fetch
=============================
====== JS ERROR CAUGHT ======
Unhandled Promise: TypeError: Failed to fetch
=============================
====== JS ERROR CAUGHT ======
Unhandled Promise: TypeError: Failed to fetch
=============================
====== JS ERROR CAUGHT ======
Unhandled Promise: TypeError: Failed to fetch
=============================
====== JS ERROR CAUGHT ======
Unhandled Promise: TypeError: Failed to fetch
=============================
====== JS ERROR CAUGHT ======
Unhandled Promise: TypeError: Failed to fetch
=============================
====== JS ERROR CAUGHT ======
Unhandled Promise: TypeError: Failed to fetch
=============================
====== JS ERROR CAUGHT ======
Unhandled Promise: TypeError: Failed to fetch
=============================
====== JS ERROR CAUGHT ======
Unhandled Promise: TypeError: Failed to fetch
=============================
====== JS ERROR CAUGHT ======
Unhandled Promise: TypeError: Failed to fetch
=============================
====== JS ERROR CAUGHT ======
Unhandled Promise: TypeError: Failed to fetch
=============================
====== JS ERROR CAUGHT ======
Unhandled Promise: TypeError: Failed to fetch
=============================
====== JS ERROR CAUGHT ======
Unhandled Promise: TypeError: Failed to fetch
=============================
====== JS ERROR CAUGHT ======
Unhandled Promise: TypeError: Failed to fetch
=============================
====== JS ERROR CAUGHT ======
Unhandled Promise: TypeError: Failed to fetch
=============================
====== JS ERROR CAUGHT ======
Unhandled Promise: TypeError: Failed to fetch
=============================
====== JS ERROR CAUGHT ======
Unhandled Promise: TypeError: Failed to fetch
=============================
====== JS ERROR CAUGHT ======
Unhandled Promise: TypeError: Failed to fetch
=============================
====== JS ERROR CAUGHT ======
Unhandled Promise: TypeError: Failed to fetch
=============================
====== JS ERROR CAUGHT ======
Unhandled Promise: TypeError: Failed to fetch
=============================
====== JS ERROR CAUGHT ======
Unhandled Promise: TypeError: Failed to fetch
=============================
====== JS ERROR CAUGHT ======
Unhandled Promise: TypeError: Failed to fetch
=============================
====== JS ERROR CAUGHT ======
Unhandled Promise: TypeError: Failed to fetch
=============================
====== JS ERROR CAUGHT ======
Unhandled Promise: TypeError: Failed to fetch
=============================
====== JS ERROR CAUGHT ======
Unhandled Promise: TypeError: Failed to fetch
=============================
====== JS ERROR CAUGHT ======
Unhandled Promise: TypeError: Failed to fetch
=============================
====== JS ERROR CAUGHT ======
Unhandled Promise: TypeError: Failed to fetch
=============================
====== JS ERROR CAUGHT ======
Unhandled Promise: TypeError: Failed to fetch
=============================
====== JS ERROR CAUGHT ======
Unhandled Promise: TypeError: Failed to fetch
=============================
====== JS ERROR CAUGHT ======
Unhandled Promise: TypeError: Failed to fetch
=============================
====== JS ERROR CAUGHT ======
Unhandled Promise: TypeError: Failed to fetch
=============================
====== JS ERROR CAUGHT ======
Unhandled Promise: TypeError: Failed to fetch
=============================
====== JS ERROR CAUGHT ======
Unhandled Promise: TypeError: Failed to fetch
=============================
====== JS ERROR CAUGHT ======
Unhandled Promise: TypeError: Failed to fetch
=============================
====== JS ERROR CAUGHT ======
Unhandled Promise: TypeError: Failed to fetch
=============================
====== JS ERROR CAUGHT ======
Unhandled Promise: TypeError: Failed to fetch
=============================
====== JS ERROR CAUGHT ======
Unhandled Promise: TypeError: Failed to fetch
=============================
====== JS ERROR CAUGHT ======
Unhandled Promise: TypeError: Failed to fetch
=============================
====== JS ERROR CAUGHT ======
Unhandled Promise: TypeError: Failed to fetch
=============================
====== JS ERROR CAUGHT ======
Unhandled Promise: TypeError: Failed to fetch
=============================
====== JS ERROR CAUGHT ======
Unhandled Promise: TypeError: Failed to fetch
=============================
====== JS ERROR CAUGHT ======
Unhandled Promise: TypeError: Failed to fetch
=============================
====== JS ERROR CAUGHT ======
Unhandled Promise: TypeError: Failed to fetch
=============================
====== JS ERROR CAUGHT ======
Unhandled Promise: TypeError: Failed to fetch
=============================
====== JS ERROR CAUGHT ======
Unhandled Promise: TypeError: Failed to fetch
=============================
====== JS ERROR CAUGHT ======
Unhandled Promise: TypeError: Failed to fetch
=============================
====== JS ERROR CAUGHT ======
Unhandled Promise: TypeError: Failed to fetch
=============================
====== JS ERROR CAUGHT ======
Unhandled Promise: TypeError: Failed to fetch
=============================
====== JS ERROR CAUGHT ======
Unhandled Promise: TypeError: Failed to fetch
=============================
====== JS ERROR CAUGHT ======
Unhandled Promise: TypeError: Failed to fetch
=============================
====== JS ERROR CAUGHT ======
Unhandled Promise: TypeError: Failed to fetch
=============================
====== JS ERROR CAUGHT ======
Unhandled Promise: TypeError: Failed to fetch
=============================
====== JS ERROR CAUGHT ======
Unhandled Promise: TypeError: Failed to fetch
=============================
====== JS ERROR CAUGHT ======
Unhandled Promise: TypeError: Failed to fetch
=============================
====== JS ERROR CAUGHT ======
Unhandled Promise: TypeError: Failed to fetch
=============================
====== JS ERROR CAUGHT ======
Unhandled Promise: TypeError: Failed to fetch
=============================
====== JS ERROR CAUGHT ======
Unhandled Promise: TypeError: Failed to fetch
=============================
====== JS ERROR CAUGHT ======
Unhandled Promise: TypeError: Failed to fetch
=============================
====== JS ERROR CAUGHT ======
Unhandled Promise: TypeError: Failed to fetch
=============================
====== JS ERROR CAUGHT ======
Unhandled Promise: TypeError: Failed to fetch
=============================
====== JS ERROR CAUGHT ======
Unhandled Promise: TypeError: Failed to fetch
=============================
====== JS ERROR CAUGHT ======
Unhandled Promise: TypeError: Failed to fetch
=============================
====== JS ERROR CAUGHT ======
Unhandled Promise: TypeError: Failed to fetch
=============================
====== JS ERROR CAUGHT ======
Unhandled Promise: TypeError: Failed to fetch
=============================
====== JS ERROR CAUGHT ======
Unhandled Promise: TypeError: Failed to fetch
=============================
====== JS ERROR CAUGHT ======
Unhandled Promise: TypeError: Failed to fetch
=============================
====== JS ERROR CAUGHT ======
Unhandled Promise: TypeError: Failed to fetch
=============================
====== JS ERROR CAUGHT ======
Unhandled Promise: TypeError: Failed to fetch
=============================
====== JS ERROR CAUGHT ======
Unhandled Promise: TypeError: Failed to fetch
=============================
====== JS ERROR CAUGHT ======
Unhandled Promise: TypeError: Failed to fetch
=============================
====== JS ERROR CAUGHT ======
Unhandled Promise: TypeError: Failed to fetch
=============================
====== JS ERROR CAUGHT ======
Unhandled Promise: TypeError: Failed to fetch
=============================
====== JS ERROR CAUGHT ======
Unhandled Promise: TypeError: Failed to fetch
=============================
====== JS ERROR CAUGHT ======
Unhandled Promise: TypeError: Failed to fetch
=============================
====== JS ERROR CAUGHT ======
Unhandled Promise: TypeError: Failed to fetch
=============================
====== JS ERROR CAUGHT ======
Unhandled Promise: TypeError: Failed to fetch
=============================
====== JS ERROR CAUGHT ======
Unhandled Promise: TypeError: Failed to fetch
=============================
====== JS ERROR CAUGHT ======
Unhandled Promise: TypeError: Failed to fetch
=============================
====== JS ERROR CAUGHT ======
Unhandled Promise: TypeError: Failed to fetch
=============================
====== JS ERROR CAUGHT ======
Unhandled Promise: TypeError: Failed to fetch
=============================
====== JS ERROR CAUGHT ======
Unhandled Promise: TypeError: Failed to fetch
=============================
====== JS ERROR CAUGHT ======
Unhandled Promise: TypeError: Failed to fetch
=============================
====== JS ERROR CAUGHT ======
Unhandled Promise: TypeError: Failed to fetch
=============================
====== JS ERROR CAUGHT ======
Unhandled Promise: TypeError: Failed to fetch
=============================
====== JS ERROR CAUGHT ======
Unhandled Promise: TypeError: Failed to fetch
=============================
====== JS ERROR CAUGHT ======
Unhandled Promise: TypeError: Failed to fetch
=============================
====== JS ERROR CAUGHT ======
Unhandled Promise: TypeError: Failed to fetch
=============================
====== JS ERROR CAUGHT ======
Unhandled Promise: TypeError: Failed to fetch
=============================
====== JS ERROR CAUGHT ======
Unhandled Promise: TypeError: Failed to fetch
=============================
====== JS ERROR CAUGHT ======
Unhandled Promise: TypeError: Failed to fetch
=============================
====== JS ERROR CAUGHT ======
Unhandled Promise: TypeError: Failed to fetch
=============================
====== JS ERROR CAUGHT ======
Unhandled Promise: TypeError: Failed to fetch
=============================
====== JS ERROR CAUGHT ======
Unhandled Promise: TypeError: Failed to fetch
=============================
====== JS ERROR CAUGHT ======
Unhandled Promise: TypeError: Failed to fetch
=============================
====== JS ERROR CAUGHT ======
Unhandled Promise: TypeError: Failed to fetch
=============================
====== JS ERROR CAUGHT ======
Unhandled Promise: TypeError: Failed to fetch
=============================
====== JS ERROR CAUGHT ======
Unhandled Promise: TypeError: Failed to fetch
=============================
====== JS ERROR CAUGHT ======
Unhandled Promise: TypeError: Failed to fetch
=============================
====== JS ERROR CAUGHT ======
Unhandled Promise: TypeError: Failed to fetch
=============================
====== JS ERROR CAUGHT ======
Unhandled Promise: TypeError: Failed to fetch
=============================
====== JS ERROR CAUGHT ======
Unhandled Promise: TypeError: Failed to fetch
=============================
====== JS ERROR CAUGHT ======
Unhandled Promise: TypeError: Failed to fetch
=============================
====== JS ERROR CAUGHT ======
Unhandled Promise: TypeError: Failed to fetch
=============================
====== JS ERROR CAUGHT ======
Unhandled Promise: TypeError: Failed to fetch
=============================
====== JS ERROR CAUGHT ======
Unhandled Promise: TypeError: Failed to fetch
=============================
====== JS ERROR CAUGHT ======
Unhandled Promise: TypeError: Failed to fetch
=============================
====== JS ERROR CAUGHT ======
Unhandled Promise: TypeError: Failed to fetch
=============================
====== JS ERROR CAUGHT ======
Unhandled Promise: TypeError: Failed to fetch
=============================
====== JS ERROR CAUGHT ======
Unhandled Promise: TypeError: Failed to fetch
=============================
====== JS ERROR CAUGHT ======
Unhandled Promise: TypeError: Failed to fetch
=============================
====== JS ERROR CAUGHT ======
Unhandled Promise: TypeError: Failed to fetch
=============================
====== JS ERROR CAUGHT ======
Unhandled Promise: TypeError: Failed to fetch
=============================
====== JS ERROR CAUGHT ======
Unhandled Promise: TypeError: Failed to fetch
=============================
====== JS ERROR CAUGHT ======
Unhandled Promise: TypeError: Failed to fetch
=============================
====== JS ERROR CAUGHT ======
Unhandled Promise: TypeError: Failed to fetch
=============================
====== JS ERROR CAUGHT ======
Unhandled Promise: TypeError: Failed to fetch
=============================
====== JS ERROR CAUGHT ======
Unhandled Promise: TypeError: Failed to fetch
=============================
====== JS ERROR CAUGHT ======
Unhandled Promise: TypeError: Failed to fetch
=============================
====== JS ERROR CAUGHT ======
Unhandled Promise: TypeError: Failed to fetch
=============================
====== JS ERROR CAUGHT ======
Unhandled Promise: TypeError: Failed to fetch
=============================
====== JS ERROR CAUGHT ======
Unhandled Promise: TypeError: Failed to fetch
=============================
====== JS ERROR CAUGHT ======
Unhandled Promise: TypeError: Failed to fetch
=============================
====== JS ERROR CAUGHT ======
Unhandled Promise: TypeError: Failed to fetch
=============================
====== JS ERROR CAUGHT ======
Unhandled Promise: TypeError: Failed to fetch
=============================
====== JS ERROR CAUGHT ======
Unhandled Promise: TypeError: Failed to fetch
=============================
====== JS ERROR CAUGHT ======
Unhandled Promise: TypeError: Failed to fetch
=============================
====== JS ERROR CAUGHT ======
Unhandled Promise: TypeError: Failed to fetch
=============================
====== JS ERROR CAUGHT ======
Unhandled Promise: TypeError: Failed to fetch
=============================
====== JS ERROR CAUGHT ======
Unhandled Promise: TypeError: Failed to fetch
=============================
====== JS ERROR CAUGHT ======
Unhandled Promise: TypeError: Failed to fetch
=============================
====== JS ERROR CAUGHT ======
Unhandled Promise: TypeError: Failed to fetch
=============================
====== JS ERROR CAUGHT ======
Unhandled Promise: TypeError: Failed to fetch
=============================
====== JS ERROR CAUGHT ======
Unhandled Promise: TypeError: Failed to fetch
=============================
====== JS ERROR CAUGHT ======
Unhandled Promise: TypeError: Failed to fetch
=============================
====== JS ERROR CAUGHT ======
Unhandled Promise: TypeError: Failed to fetch
=============================
====== JS ERROR CAUGHT ======
Unhandled Promise: TypeError: Failed to fetch
=============================
====== JS ERROR CAUGHT ======
Unhandled Promise: TypeError: Failed to fetch
=============================
====== JS ERROR CAUGHT ======
Unhandled Promise: TypeError: Failed to fetch
=============================
====== JS ERROR CAUGHT ======
Unhandled Promise: TypeError: Failed to fetch
=============================
====== JS ERROR CAUGHT ======
Unhandled Promise: TypeError: Failed to fetch
=============================
====== JS ERROR CAUGHT ======
Unhandled Promise: TypeError: Failed to fetch
=============================
====== JS ERROR CAUGHT ======
Unhandled Promise: TypeError: Failed to fetch
=============================
====== JS ERROR CAUGHT ======
Unhandled Promise: TypeError: Failed to fetch
=============================
====== JS ERROR CAUGHT ======
Unhandled Promise: TypeError: Failed to fetch
=============================
====== JS ERROR CAUGHT ======
Unhandled Promise: TypeError: Failed to fetch
=============================
====== JS ERROR CAUGHT ======
Unhandled Promise: TypeError: Failed to fetch
=============================
====== JS ERROR CAUGHT ======
Unhandled Promise: TypeError: Failed to fetch
=============================
====== JS ERROR CAUGHT ======
Unhandled Promise: TypeError: Failed to fetch
=============================
====== JS ERROR CAUGHT ======
Unhandled Promise: TypeError: Failed to fetch
=============================
====== JS ERROR CAUGHT ======
Unhandled Promise: TypeError: Failed to fetch
=============================
====== JS ERROR CAUGHT ======
Unhandled Promise: TypeError: Failed to fetch
=============================
====== JS ERROR CAUGHT ======
Unhandled Promise: TypeError: Failed to fetch
=============================
====== JS ERROR CAUGHT ======
Unhandled Promise: TypeError: Failed to fetch
=============================
====== JS ERROR CAUGHT ======
Unhandled Promise: TypeError: Failed to fetch
=============================
====== JS ERROR CAUGHT ======
Unhandled Promise: TypeError: Failed to fetch
=============================
====== JS ERROR CAUGHT ======
Unhandled Promise: TypeError: Failed to fetch
=============================
====== JS ERROR CAUGHT ======
Unhandled Promise: TypeError: Failed to fetch
=============================
====== JS ERROR CAUGHT ======
Unhandled Promise: TypeError: Failed to fetch
=============================
====== JS ERROR CAUGHT ======
Unhandled Promise: TypeError: Failed to fetch
=============================
====== JS ERROR CAUGHT ======
Unhandled Promise: TypeError: Failed to fetch
=============================
====== JS ERROR CAUGHT ======
Unhandled Promise: TypeError: Failed to fetch
=============================
====== JS ERROR CAUGHT ======
Unhandled Promise: TypeError: Failed to fetch
=============================
====== JS ERROR CAUGHT ======
Unhandled Promise: TypeError: Failed to fetch
=============================
====== JS ERROR CAUGHT ======
Unhandled Promise: TypeError: Failed to fetch
=============================
====== JS ERROR CAUGHT ======
Unhandled Promise: TypeError: Failed to fetch
=============================
====== JS ERROR CAUGHT ======
Unhandled Promise: TypeError: Failed to fetch
=============================
====== JS ERROR CAUGHT ======
Unhandled Promise: TypeError: Failed to fetch
=============================
====== JS ERROR CAUGHT ======
Unhandled Promise: TypeError: Failed to fetch
=============================
====== JS ERROR CAUGHT ======
Unhandled Promise: TypeError: Failed to fetch
=============================
====== JS ERROR CAUGHT ======
Unhandled Promise: TypeError: Failed to fetch
=============================
====== JS ERROR CAUGHT ======
Unhandled Promise: TypeError: Failed to fetch
=============================
====== JS ERROR CAUGHT ======
Unhandled Promise: TypeError: Failed to fetch
=============================
====== JS ERROR CAUGHT ======
Unhandled Promise: TypeError: Failed to fetch
=============================
====== JS ERROR CAUGHT ======
Unhandled Promise: TypeError: Failed to fetch
=============================
====== JS ERROR CAUGHT ======
Unhandled Promise: TypeError: Failed to fetch
=============================
====== JS ERROR CAUGHT ======
Unhandled Promise: TypeError: Failed to fetch
=============================
====== JS ERROR CAUGHT ======
Unhandled Promise: TypeError: Failed to fetch
=============================
====== JS ERROR CAUGHT ======
Unhandled Promise: TypeError: Failed to fetch
=============================
====== JS ERROR CAUGHT ======
Unhandled Promise: TypeError: Failed to fetch
=============================
====== JS ERROR CAUGHT ======
Unhandled Promise: TypeError: Failed to fetch
=============================
====== JS ERROR CAUGHT ======
Unhandled Promise: TypeError: Failed to fetch
=============================
====== JS ERROR CAUGHT ======
Unhandled Promise: TypeError: Failed to fetch
=============================
====== JS ERROR CAUGHT ======
Unhandled Promise: TypeError: Failed to fetch
=============================
====== JS ERROR CAUGHT ======
Unhandled Promise: TypeError: Failed to fetch
=============================
====== JS ERROR CAUGHT ======
Unhandled Promise: TypeError: Failed to fetch
=============================
====== JS ERROR CAUGHT ======
Unhandled Promise: TypeError: Failed to fetch
=============================
====== JS ERROR CAUGHT ======
Unhandled Promise: TypeError: Failed to fetch
=============================
====== JS ERROR CAUGHT ======
Unhandled Promise: TypeError: Failed to fetch
=============================
====== JS ERROR CAUGHT ======
Unhandled Promise: TypeError: Failed to fetch
=============================
====== JS ERROR CAUGHT ======
Unhandled Promise: TypeError: Failed to fetch
=============================
====== JS ERROR CAUGHT ======
Unhandled Promise: TypeError: Failed to fetch
=============================
====== JS ERROR CAUGHT ======
Unhandled Promise: TypeError: Failed to fetch
=============================
====== JS ERROR CAUGHT ======
Unhandled Promise: TypeError: Failed to fetch
=============================
====== JS ERROR CAUGHT ======
Unhandled Promise: TypeError: Failed to fetch
=============================
====== JS ERROR CAUGHT ======
Unhandled Promise: TypeError: Failed to fetch
=============================
====== JS ERROR CAUGHT ======
Unhandled Promise: TypeError: Failed to fetch
=============================
====== JS ERROR CAUGHT ======
Unhandled Promise: TypeError: Failed to fetch
=============================
====== JS ERROR CAUGHT ======
Unhandled Promise: TypeError: Failed to fetch
=============================
====== JS ERROR CAUGHT ======
Unhandled Promise: TypeError: Failed to fetch
=============================
====== JS ERROR CAUGHT ======
Unhandled Promise: TypeError: Failed to fetch
=============================
====== JS ERROR CAUGHT ======
Unhandled Promise: TypeError: Failed to fetch
=============================
====== JS ERROR CAUGHT ======
Unhandled Promise: TypeError: Failed to fetch
=============================
====== JS ERROR CAUGHT ======
Unhandled Promise: TypeError: Failed to fetch
=============================
====== JS ERROR CAUGHT ======
Unhandled Promise: TypeError: Failed to fetch
=============================
====== JS ERROR CAUGHT ======
Unhandled Promise: TypeError: Failed to fetch
=============================
====== JS ERROR CAUGHT ======
Unhandled Promise: TypeError: Failed to fetch
=============================
====== JS ERROR CAUGHT ======
Unhandled Promise: TypeError: Failed to fetch
=============================
====== JS ERROR CAUGHT ======
Unhandled Promise: TypeError: Failed to fetch
=============================
====== JS ERROR CAUGHT ======
Unhandled Promise: TypeError: Failed to fetch
=============================
====== JS ERROR CAUGHT ======
Unhandled Promise: TypeError: Failed to fetch
=============================
====== JS ERROR CAUGHT ======
Unhandled Promise: TypeError: Failed to fetch
=============================
====== JS ERROR CAUGHT ======
Unhandled Promise: TypeError: Failed to fetch
=============================
====== JS ERROR CAUGHT ======
Unhandled Promise: TypeError: Failed to fetch
=============================
====== JS ERROR CAUGHT ======
Unhandled Promise: TypeError: Failed to fetch
=============================
====== JS ERROR CAUGHT ======
Unhandled Promise: TypeError: Failed to fetch
=============================
====== JS ERROR CAUGHT ======
Unhandled Promise: TypeError: Failed to fetch
=============================
====== JS ERROR CAUGHT ======
Unhandled Promise: TypeError: Failed to fetch
=============================
====== JS ERROR CAUGHT ======
Unhandled Promise: TypeError: Failed to fetch
=============================
====== JS ERROR CAUGHT ======
Unhandled Promise: TypeError: Failed to fetch
=============================
====== JS ERROR CAUGHT ======
Unhandled Promise: TypeError: Failed to fetch
=============================
====== JS ERROR CAUGHT ======
Unhandled Promise: TypeError: Failed to fetch
=============================
====== JS ERROR CAUGHT ======
Unhandled Promise: TypeError: Failed to fetch
=============================
====== JS ERROR CAUGHT ======
Unhandled Promise: TypeError: Failed to fetch
=============================
====== JS ERROR CAUGHT ======
Unhandled Promise: TypeError: Failed to fetch
=============================
====== JS ERROR CAUGHT ======
Unhandled Promise: TypeError: Failed to fetch
=============================
====== JS ERROR CAUGHT ======
Unhandled Promise: TypeError: Failed to fetch
=============================
====== JS ERROR CAUGHT ======
Unhandled Promise: TypeError: Failed to fetch
=============================
====== JS ERROR CAUGHT ======
Unhandled Promise: TypeError: Failed to fetch
=============================
====== JS ERROR CAUGHT ======
Unhandled Promise: TypeError: Failed to fetch
=============================
====== JS ERROR CAUGHT ======
Unhandled Promise: TypeError: Failed to fetch
=============================
====== JS ERROR CAUGHT ======
Unhandled Promise: TypeError: Failed to fetch
=============================
====== JS ERROR CAUGHT ======
Unhandled Promise: TypeError: Failed to fetch
=============================
====== JS ERROR CAUGHT ======
Unhandled Promise: TypeError: Failed to fetch
=============================
====== JS ERROR CAUGHT ======
Unhandled Promise: TypeError: Failed to fetch
=============================
====== JS ERROR CAUGHT ======
Unhandled Promise: TypeError: Failed to fetch
=============================
====== JS ERROR CAUGHT ======
Unhandled Promise: TypeError: Failed to fetch
=============================
====== JS ERROR CAUGHT ======
Unhandled Promise: TypeError: Failed to fetch
=============================
====== JS ERROR CAUGHT ======
Unhandled Promise: TypeError: Failed to fetch
=============================
====== JS ERROR CAUGHT ======
Unhandled Promise: TypeError: Failed to fetch
=============================
====== JS ERROR CAUGHT ======
Unhandled Promise: TypeError: Failed to fetch
=============================
====== JS ERROR CAUGHT ======
Unhandled Promise: TypeError: Failed to fetch
=============================
====== JS ERROR CAUGHT ======
Unhandled Promise: TypeError: Failed to fetch
=============================
====== JS ERROR CAUGHT ======
Unhandled Promise: TypeError: Failed to fetch
=============================
====== JS ERROR CAUGHT ======
Unhandled Promise: TypeError: Failed to fetch
=============================
====== JS ERROR CAUGHT ======
Unhandled Promise: TypeError: Failed to fetch
=============================
====== JS ERROR CAUGHT ======
Unhandled Promise: TypeError: Failed to fetch
=============================
====== JS ERROR CAUGHT ======
Unhandled Promise: TypeError: Failed to fetch
=============================
====== JS ERROR CAUGHT ======
Unhandled Promise: TypeError: Failed to fetch
=============================
====== JS ERROR CAUGHT ======
Unhandled Promise: TypeError: Failed to fetch
=============================
====== JS ERROR CAUGHT ======
Unhandled Promise: TypeError: Failed to fetch
=============================
====== JS ERROR CAUGHT ======
Unhandled Promise: TypeError: Failed to fetch
=============================
====== JS ERROR CAUGHT ======
Unhandled Promise: TypeError: Failed to fetch
=============================
====== JS ERROR CAUGHT ======
Unhandled Promise: TypeError: Failed to fetch
=============================
====== JS ERROR CAUGHT ======
Unhandled Promise: TypeError: Failed to fetch
=============================
====== JS ERROR CAUGHT ======
Unhandled Promise: TypeError: Failed to fetch
=============================
====== JS ERROR CAUGHT ======
Unhandled Promise: TypeError: Failed to fetch
=============================
====== JS ERROR CAUGHT ======
Unhandled Promise: TypeError: Failed to fetch
=============================
====== JS ERROR CAUGHT ======
Unhandled Promise: TypeError: Failed to fetch
=============================
====== JS ERROR CAUGHT ======
Unhandled Promise: TypeError: Failed to fetch
=============================
====== JS ERROR CAUGHT ======
Unhandled Promise: TypeError: Failed to fetch
=============================
====== JS ERROR CAUGHT ======
Unhandled Promise: TypeError: Failed to fetch
=============================
====== JS ERROR CAUGHT ======
Unhandled Promise: TypeError: Failed to fetch
=============================
====== JS ERROR CAUGHT ======
Unhandled Promise: TypeError: Failed to fetch
=============================
====== JS ERROR CAUGHT ======
Unhandled Promise: TypeError: Failed to fetch
=============================
====== JS ERROR CAUGHT ======
Unhandled Promise: TypeError: Failed to fetch
=============================
====== JS ERROR CAUGHT ======
Unhandled Promise: TypeError: Failed to fetch
=============================
====== JS ERROR CAUGHT ======
Unhandled Promise: TypeError: Failed to fetch
=============================
====== JS ERROR CAUGHT ======
Unhandled Promise: TypeError: Failed to fetch
=============================
====== JS ERROR CAUGHT ======
Unhandled Promise: TypeError: Failed to fetch
=============================
====== JS ERROR CAUGHT ======
Unhandled Promise: TypeError: Failed to fetch
=============================
====== JS ERROR CAUGHT ======
Unhandled Promise: TypeError: Failed to fetch
=============================
====== JS ERROR CAUGHT ======
Unhandled Promise: TypeError: Failed to fetch
=============================
====== JS ERROR CAUGHT ======
Unhandled Promise: TypeError: Failed to fetch
=============================
====== JS ERROR CAUGHT ======
Unhandled Promise: TypeError: Failed to fetch
=============================
====== JS ERROR CAUGHT ======
Unhandled Promise: TypeError: Failed to fetch
=============================
====== JS ERROR CAUGHT ======
Unhandled Promise: TypeError: Failed to fetch
=============================
====== JS ERROR CAUGHT ======
Unhandled Promise: TypeError: Failed to fetch
=============================
====== JS ERROR CAUGHT ======
Unhandled Promise: TypeError: Failed to fetch
=============================
====== JS ERROR CAUGHT ======
Unhandled Promise: TypeError: Failed to fetch
=============================
====== JS ERROR CAUGHT ======
Unhandled Promise: TypeError: Failed to fetch
=============================
====== JS ERROR CAUGHT ======
Unhandled Promise: TypeError: Failed to fetch
=============================
====== JS ERROR CAUGHT ======
Unhandled Promise: TypeError: Failed to fetch
=============================
====== JS ERROR CAUGHT ======
Unhandled Promise: TypeError: Failed to fetch
=============================
====== JS ERROR CAUGHT ======
Unhandled Promise: TypeError: Failed to fetch
=============================
====== JS ERROR CAUGHT ======
Unhandled Promise: TypeError: Failed to fetch
=============================
====== JS ERROR CAUGHT ======
Unhandled Promise: TypeError: Failed to fetch
=============================
====== JS ERROR CAUGHT ======
Unhandled Promise: TypeError: Failed to fetch
=============================
====== JS ERROR CAUGHT ======
Unhandled Promise: TypeError: Failed to fetch
=============================
====== JS ERROR CAUGHT ======
Unhandled Promise: TypeError: Failed to fetch
=============================
====== JS ERROR CAUGHT ======
Unhandled Promise: TypeError: Failed to fetch
=============================
====== JS ERROR CAUGHT ======
Unhandled Promise: TypeError: Failed to fetch
=============================
====== JS ERROR CAUGHT ======
Unhandled Promise: TypeError: Failed to fetch
=============================
====== JS ERROR CAUGHT ======
Unhandled Promise: TypeError: Failed to fetch
=============================
====== JS ERROR CAUGHT ======
Unhandled Promise: TypeError: Failed to fetch
=============================
====== JS ERROR CAUGHT ======
Unhandled Promise: TypeError: Failed to fetch
=============================
====== JS ERROR CAUGHT ======
Unhandled Promise: TypeError: Failed to fetch
=============================
====== JS ERROR CAUGHT ======
Unhandled Promise: TypeError: Failed to fetch
=============================
====== JS ERROR CAUGHT ======
Unhandled Promise: TypeError: Failed to fetch
=============================
====== JS ERROR CAUGHT ======
Unhandled Promise: TypeError: Failed to fetch
=============================
====== JS ERROR CAUGHT ======
Unhandled Promise: TypeError: Failed to fetch
=============================
====== JS ERROR CAUGHT ======
Unhandled Promise: TypeError: Failed to fetch
=============================
====== JS ERROR CAUGHT ======
Unhandled Promise: TypeError: Failed to fetch
=============================
====== JS ERROR CAUGHT ======
Unhandled Promise: TypeError: Failed to fetch
=============================
====== JS ERROR CAUGHT ======
Unhandled Promise: TypeError: Failed to fetch
=============================
====== JS ERROR CAUGHT ======
Unhandled Promise: TypeError: Failed to fetch
=============================
====== JS ERROR CAUGHT ======
Unhandled Promise: TypeError: Failed to fetch
=============================
====== JS ERROR CAUGHT ======
Unhandled Promise: TypeError: Failed to fetch
=============================
====== JS ERROR CAUGHT ======
Unhandled Promise: TypeError: Failed to fetch
=============================
====== JS ERROR CAUGHT ======
Unhandled Promise: TypeError: Failed to fetch
=============================
====== JS ERROR CAUGHT ======
Unhandled Promise: TypeError: Failed to fetch
=============================
====== JS ERROR CAUGHT ======
Unhandled Promise: TypeError: Failed to fetch
=============================
====== JS ERROR CAUGHT ======
Unhandled Promise: TypeError: Failed to fetch
=============================
====== JS ERROR CAUGHT ======
Unhandled Promise: TypeError: Failed to fetch
=============================
====== JS ERROR CAUGHT ======
Unhandled Promise: TypeError: Failed to fetch
=============================
====== JS ERROR CAUGHT ======
Unhandled Promise: TypeError: Failed to fetch
=============================
====== JS ERROR CAUGHT ======
Unhandled Promise: TypeError: Failed to fetch
=============================
====== JS ERROR CAUGHT ======
Unhandled Promise: TypeError: Failed to fetch
=============================
====== JS ERROR CAUGHT ======
Unhandled Promise: TypeError: Failed to fetch
=============================
====== JS ERROR CAUGHT ======
Unhandled Promise: TypeError: Failed to fetch
=============================
====== JS ERROR CAUGHT ======
Unhandled Promise: TypeError: Failed to fetch
=============================
====== JS ERROR CAUGHT ======
Unhandled Promise: TypeError: Failed to fetch
=============================
====== JS ERROR CAUGHT ======
Unhandled Promise: TypeError: Failed to fetch
=============================
====== JS ERROR CAUGHT ======
Unhandled Promise: TypeError: Failed to fetch
=============================
====== JS ERROR CAUGHT ======
Unhandled Promise: TypeError: Failed to fetch
=============================
====== JS ERROR CAUGHT ======
Unhandled Promise: TypeError: Failed to fetch
=============================
====== JS ERROR CAUGHT ======
Unhandled Promise: TypeError: Failed to fetch
=============================
====== JS ERROR CAUGHT ======
Unhandled Promise: TypeError: Failed to fetch
=============================
====== JS ERROR CAUGHT ======
Unhandled Promise: TypeError: Failed to fetch
=============================
====== JS ERROR CAUGHT ======
Unhandled Promise: TypeError: Failed to fetch
=============================
====== JS ERROR CAUGHT ======
Unhandled Promise: TypeError: Failed to fetch
=============================
====== JS ERROR CAUGHT ======
Unhandled Promise: TypeError: Failed to fetch
=============================
====== JS ERROR CAUGHT ======
Unhandled Promise: TypeError: Failed to fetch
=============================
====== JS ERROR CAUGHT ======
Unhandled Promise: TypeError: Failed to fetch
=============================
====== JS ERROR CAUGHT ======
Unhandled Promise: TypeError: Failed to fetch
=============================
====== JS ERROR CAUGHT ======
Unhandled Promise: TypeError: Failed to fetch
=============================
====== JS ERROR CAUGHT ======
Unhandled Promise: TypeError: Failed to fetch
=============================
====== JS ERROR CAUGHT ======
Unhandled Promise: TypeError: Failed to fetch
=============================
====== JS ERROR CAUGHT ======
Unhandled Promise: TypeError: Failed to fetch
=============================
====== JS ERROR CAUGHT ======
Unhandled Promise: TypeError: Failed to fetch
=============================
====== JS ERROR CAUGHT ======
Unhandled Promise: TypeError: Failed to fetch
=============================
====== JS ERROR CAUGHT ======
Unhandled Promise: TypeError: Failed to fetch
=============================
====== JS ERROR CAUGHT ======
Unhandled Promise: TypeError: Failed to fetch
=============================
====== JS ERROR CAUGHT ======
Unhandled Promise: TypeError: Failed to fetch
=============================
====== JS ERROR CAUGHT ======
Unhandled Promise: TypeError: Failed to fetch
=============================
====== JS ERROR CAUGHT ======
Unhandled Promise: TypeError: Failed to fetch
=============================
====== JS ERROR CAUGHT ======
Unhandled Promise: TypeError: Failed to fetch
=============================
====== JS ERROR CAUGHT ======
Unhandled Promise: TypeError: Failed to fetch
=============================
====== JS ERROR CAUGHT ======
Unhandled Promise: TypeError: Failed to fetch
=============================
====== JS ERROR CAUGHT ======
Unhandled Promise: TypeError: Failed to fetch
=============================
====== JS ERROR CAUGHT ======
Unhandled Promise: TypeError: Failed to fetch
=============================
====== JS ERROR CAUGHT ======
Unhandled Promise: TypeError: Failed to fetch
=============================
====== JS ERROR CAUGHT ======
Unhandled Promise: TypeError: Failed to fetch
=============================
====== JS ERROR CAUGHT ======
Unhandled Promise: TypeError: Failed to fetch
=============================
====== JS ERROR CAUGHT ======
Unhandled Promise: TypeError: Failed to fetch
=============================
====== JS ERROR CAUGHT ======
Unhandled Promise: TypeError: Failed to fetch
=============================
====== JS ERROR CAUGHT ======
Unhandled Promise: TypeError: Failed to fetch
=============================
====== JS ERROR CAUGHT ======
Unhandled Promise: TypeError: Failed to fetch
=============================
====== JS ERROR CAUGHT ======
Unhandled Promise: TypeError: Failed to fetch
=============================
====== JS ERROR CAUGHT ======
Unhandled Promise: TypeError: Failed to fetch
=============================
====== JS ERROR CAUGHT ======
Unhandled Promise: TypeError: Failed to fetch
=============================
====== JS ERROR CAUGHT ======
Unhandled Promise: TypeError: Failed to fetch
=============================
====== JS ERROR CAUGHT ======
Unhandled Promise: TypeError: Failed to fetch
=============================
====== JS ERROR CAUGHT ======
Unhandled Promise: TypeError: Failed to fetch
=============================
====== JS ERROR CAUGHT ======
Unhandled Promise: TypeError: Failed to fetch
=============================
====== JS ERROR CAUGHT ======
Unhandled Promise: TypeError: Failed to fetch
=============================
====== JS ERROR CAUGHT ======
Unhandled Promise: TypeError: Failed to fetch
=============================
====== JS ERROR CAUGHT ======
Unhandled Promise: TypeError: Failed to fetch
=============================
====== JS ERROR CAUGHT ======
Unhandled Promise: TypeError: Failed to fetch
=============================
====== JS ERROR CAUGHT ======
Unhandled Promise: TypeError: Failed to fetch
=============================
====== JS ERROR CAUGHT ======
Unhandled Promise: TypeError: Failed to fetch
=============================
====== JS ERROR CAUGHT ======
Unhandled Promise: TypeError: Failed to fetch
=============================
====== JS ERROR CAUGHT ======
Unhandled Promise: TypeError: Failed to fetch
=============================
====== JS ERROR CAUGHT ======
Unhandled Promise: TypeError: Failed to fetch
=============================
====== JS ERROR CAUGHT ======
Unhandled Promise: TypeError: Failed to fetch
=============================
====== JS ERROR CAUGHT ======
Unhandled Promise: TypeError: Failed to fetch
=============================
====== JS ERROR CAUGHT ======
Unhandled Promise: TypeError: Failed to fetch
=============================
====== JS ERROR CAUGHT ======
Unhandled Promise: TypeError: Failed to fetch
=============================
====== JS ERROR CAUGHT ======
Unhandled Promise: TypeError: Failed to fetch
=============================
====== JS ERROR CAUGHT ======
Unhandled Promise: TypeError: Failed to fetch
=============================
====== JS ERROR CAUGHT ======
Unhandled Promise: TypeError: Failed to fetch
=============================
====== JS ERROR CAUGHT ======
Unhandled Promise: TypeError: Failed to fetch
=============================
====== JS ERROR CAUGHT ======
Unhandled Promise: TypeError: Failed to fetch
=============================
====== JS ERROR CAUGHT ======
Unhandled Promise: TypeError: Failed to fetch
=============================
====== JS ERROR CAUGHT ======
Unhandled Promise: TypeError: Failed to fetch
=============================
====== JS ERROR CAUGHT ======
Unhandled Promise: TypeError: Failed to fetch
=============================
====== JS ERROR CAUGHT ======
Unhandled Promise: TypeError: Failed to fetch
=============================
====== JS ERROR CAUGHT ======
Unhandled Promise: TypeError: Failed to fetch
=============================
====== JS ERROR CAUGHT ======
Unhandled Promise: TypeError: Failed to fetch
=============================
====== JS ERROR CAUGHT ======
Unhandled Promise: TypeError: Failed to fetch
=============================
====== JS ERROR CAUGHT ======
Unhandled Promise: TypeError: Failed to fetch
=============================
====== JS ERROR CAUGHT ======
Unhandled Promise: TypeError: Failed to fetch
=============================
====== JS ERROR CAUGHT ======
Unhandled Promise: TypeError: Failed to fetch
=============================
====== JS ERROR CAUGHT ======
Unhandled Promise: TypeError: Failed to fetch
=============================
====== JS ERROR CAUGHT ======
Unhandled Promise: TypeError: Failed to fetch
=============================
====== JS ERROR CAUGHT ======
Unhandled Promise: TypeError: Failed to fetch
=============================
====== JS ERROR CAUGHT ======
Unhandled Promise: TypeError: Failed to fetch
=============================
====== JS ERROR CAUGHT ======
Unhandled Promise: TypeError: Failed to fetch
=============================
====== JS ERROR CAUGHT ======
Unhandled Promise: TypeError: Failed to fetch
=============================
====== JS ERROR CAUGHT ======
Unhandled Promise: TypeError: Failed to fetch
=============================
====== JS ERROR CAUGHT ======
Unhandled Promise: TypeError: Failed to fetch
=============================
====== JS ERROR CAUGHT ======
Unhandled Promise: TypeError: Failed to fetch
=============================
====== JS ERROR CAUGHT ======
Unhandled Promise: TypeError: Failed to fetch
=============================
====== JS ERROR CAUGHT ======
Unhandled Promise: TypeError: Failed to fetch
=============================
====== JS ERROR CAUGHT ======
Unhandled Promise: TypeError: Failed to fetch
=============================
====== JS ERROR CAUGHT ======
Unhandled Promise: TypeError: Failed to fetch
=============================
====== JS ERROR CAUGHT ======
Unhandled Promise: TypeError: Failed to fetch
=============================
====== JS ERROR CAUGHT ======
Unhandled Promise: TypeError: Failed to fetch
=============================
====== JS ERROR CAUGHT ======
Unhandled Promise: TypeError: Failed to fetch
=============================
====== JS ERROR CAUGHT ======
Unhandled Promise: TypeError: Failed to fetch
=============================
====== JS ERROR CAUGHT ======
Unhandled Promise: TypeError: Failed to fetch
=============================
====== JS ERROR CAUGHT ======
Unhandled Promise: TypeError: Failed to fetch
=============================
====== JS ERROR CAUGHT ======
Unhandled Promise: TypeError: Failed to fetch
=============================
====== JS ERROR CAUGHT ======
Unhandled Promise: TypeError: Failed to fetch
=============================
====== JS ERROR CAUGHT ======
Unhandled Promise: TypeError: Failed to fetch
=============================
====== JS ERROR CAUGHT ======
Unhandled Promise: TypeError: Failed to fetch
=============================
====== JS ERROR CAUGHT ======
Unhandled Promise: TypeError: Failed to fetch
=============================
====== JS ERROR CAUGHT ======
Unhandled Promise: TypeError: Failed to fetch
=============================
====== JS ERROR CAUGHT ======
Unhandled Promise: TypeError: Failed to fetch
=============================
====== JS ERROR CAUGHT ======
Unhandled Promise: TypeError: Failed to fetch
=============================
====== JS ERROR CAUGHT ======
Unhandled Promise: TypeError: Failed to fetch
=============================
====== JS ERROR CAUGHT ======
Unhandled Promise: TypeError: Failed to fetch
=============================
====== JS ERROR CAUGHT ======
Unhandled Promise: TypeError: Failed to fetch
=============================
====== JS ERROR CAUGHT ======
Unhandled Promise: TypeError: Failed to fetch
=============================
====== JS ERROR CAUGHT ======
Unhandled Promise: TypeError: Failed to fetch
=============================
====== JS ERROR CAUGHT ======
Unhandled Promise: TypeError: Failed to fetch
=============================
====== JS ERROR CAUGHT ======
Unhandled Promise: TypeError: Failed to fetch
=============================
====== JS ERROR CAUGHT ======
Unhandled Promise: TypeError: Failed to fetch
=============================
====== JS ERROR CAUGHT ======
Unhandled Promise: TypeError: Failed to fetch
=============================
====== JS ERROR CAUGHT ======
Unhandled Promise: TypeError: Failed to fetch
=============================
====== JS ERROR CAUGHT ======
Unhandled Promise: TypeError: Failed to fetch
=============================
====== JS ERROR CAUGHT ======
Unhandled Promise: TypeError: Failed to fetch
=============================
====== JS ERROR CAUGHT ======
Unhandled Promise: TypeError: Failed to fetch
=============================
====== JS ERROR CAUGHT ======
Unhandled Promise: TypeError: Failed to fetch
=============================
====== JS ERROR CAUGHT ======
Unhandled Promise: TypeError: Failed to fetch
=============================
====== JS ERROR CAUGHT ======
Unhandled Promise: TypeError: Failed to fetch
=============================
====== JS ERROR CAUGHT ======
Unhandled Promise: TypeError: Failed to fetch
=============================
====== JS ERROR CAUGHT ======
Unhandled Promise: TypeError: Failed to fetch
=============================
====== JS ERROR CAUGHT ======
Unhandled Promise: TypeError: Failed to fetch
=============================
====== JS ERROR CAUGHT ======
Unhandled Promise: TypeError: Failed to fetch
=============================
====== JS ERROR CAUGHT ======
Unhandled Promise: TypeError: Failed to fetch
=============================
====== JS ERROR CAUGHT ======
Unhandled Promise: TypeError: Failed to fetch
=============================
====== JS ERROR CAUGHT ======
Unhandled Promise: TypeError: Failed to fetch
=============================
====== JS ERROR CAUGHT ======
Unhandled Promise: TypeError: Failed to fetch
=============================
====== JS ERROR CAUGHT ======
Unhandled Promise: TypeError: Failed to fetch
=============================
====== JS ERROR CAUGHT ======
Unhandled Promise: TypeError: Failed to fetch
=============================
====== JS ERROR CAUGHT ======
Unhandled Promise: TypeError: Failed to fetch
=============================
====== JS ERROR CAUGHT ======
Unhandled Promise: TypeError: Failed to fetch
=============================
====== JS ERROR CAUGHT ======
Unhandled Promise: TypeError: Failed to fetch
=============================
====== JS ERROR CAUGHT ======
Unhandled Promise: TypeError: Failed to fetch
=============================
====== JS ERROR CAUGHT ======
Unhandled Promise: TypeError: Failed to fetch
=============================
====== JS ERROR CAUGHT ======
Unhandled Promise: TypeError: Failed to fetch
=============================
====== JS ERROR CAUGHT ======
Unhandled Promise: TypeError: Failed to fetch
=============================
====== JS ERROR CAUGHT ======
Unhandled Promise: TypeError: Failed to fetch
=============================
====== JS ERROR CAUGHT ======
Unhandled Promise: TypeError: Failed to fetch
=============================
====== JS ERROR CAUGHT ======
Unhandled Promise: TypeError: Failed to fetch
=============================
====== JS ERROR CAUGHT ======
Unhandled Promise: TypeError: Failed to fetch
=============================
====== JS ERROR CAUGHT ======
Unhandled Promise: TypeError: Failed to fetch
=============================
====== JS ERROR CAUGHT ======
Unhandled Promise: TypeError: Failed to fetch
=============================
====== JS ERROR CAUGHT ======
Unhandled Promise: TypeError: Failed to fetch
=============================
====== JS ERROR CAUGHT ======
Unhandled Promise: TypeError: Failed to fetch
=============================
====== JS ERROR CAUGHT ======
Unhandled Promise: TypeError: Failed to fetch
=============================
====== JS ERROR CAUGHT ======
Unhandled Promise: TypeError: Failed to fetch
=============================
====== JS ERROR CAUGHT ======
Unhandled Promise: TypeError: Failed to fetch
=============================
====== JS ERROR CAUGHT ======
Unhandled Promise: TypeError: Failed to fetch
=============================
====== JS ERROR CAUGHT ======
Unhandled Promise: TypeError: Failed to fetch
=============================
====== JS ERROR CAUGHT ======
Unhandled Promise: TypeError: Failed to fetch
=============================
====== JS ERROR CAUGHT ======
Unhandled Promise: TypeError: Failed to fetch
=============================
====== JS ERROR CAUGHT ======
Unhandled Promise: TypeError: Failed to fetch
=============================
====== JS ERROR CAUGHT ======
Unhandled Promise: TypeError: Failed to fetch
=============================
====== JS ERROR CAUGHT ======
Unhandled Promise: TypeError: Failed to fetch
=============================
====== JS ERROR CAUGHT ======
Unhandled Promise: TypeError: Failed to fetch
=============================
====== JS ERROR CAUGHT ======
Unhandled Promise: TypeError: Failed to fetch
=============================
====== JS ERROR CAUGHT ======
Unhandled Promise: TypeError: Failed to fetch
=============================
====== JS ERROR CAUGHT ======
Unhandled Promise: TypeError: Failed to fetch
=============================
====== JS ERROR CAUGHT ======
Unhandled Promise: TypeError: Failed to fetch
=============================
====== JS ERROR CAUGHT ======
Unhandled Promise: TypeError: Failed to fetch
=============================
====== JS ERROR CAUGHT ======
Unhandled Promise: TypeError: Failed to fetch
=============================
====== JS ERROR CAUGHT ======
Unhandled Promise: TypeError: Failed to fetch
=============================
====== JS ERROR CAUGHT ======
Unhandled Promise: TypeError: Failed to fetch
=============================
====== JS ERROR CAUGHT ======
Unhandled Promise: TypeError: Failed to fetch
=============================
====== JS ERROR CAUGHT ======
Unhandled Promise: TypeError: Failed to fetch
=============================
====== JS ERROR CAUGHT ======
Unhandled Promise: TypeError: Failed to fetch
=============================
====== JS ERROR CAUGHT ======
Unhandled Promise: TypeError: Failed to fetch
=============================
====== JS ERROR CAUGHT ======
Unhandled Promise: TypeError: Failed to fetch
=============================
====== JS ERROR CAUGHT ======
Unhandled Promise: TypeError: Failed to fetch
=============================
====== JS ERROR CAUGHT ======
Unhandled Promise: TypeError: Failed to fetch
=============================
====== JS ERROR CAUGHT ======
Unhandled Promise: TypeError: Failed to fetch
=============================
====== JS ERROR CAUGHT ======
Unhandled Promise: TypeError: Failed to fetch
=============================
====== JS ERROR CAUGHT ======
Unhandled Promise: TypeError: Failed to fetch
=============================
====== JS ERROR CAUGHT ======
Unhandled Promise: TypeError: Failed to fetch
=============================
====== JS ERROR CAUGHT ======
Unhandled Promise: TypeError: Failed to fetch
=============================
====== JS ERROR CAUGHT ======
Unhandled Promise: TypeError: Failed to fetch
=============================
====== JS ERROR CAUGHT ======
Unhandled Promise: TypeError: Failed to fetch
=============================
====== JS ERROR CAUGHT ======
Unhandled Promise: TypeError: Failed to fetch
=============================
====== JS ERROR CAUGHT ======
Unhandled Promise: TypeError: Failed to fetch
=============================
====== JS ERROR CAUGHT ======
Unhandled Promise: TypeError: Failed to fetch
=============================
====== JS ERROR CAUGHT ======
Unhandled Promise: TypeError: Failed to fetch
=============================
====== JS ERROR CAUGHT ======
Unhandled Promise: TypeError: Failed to fetch
=============================
====== JS ERROR CAUGHT ======
Unhandled Promise: TypeError: Failed to fetch
=============================
====== JS ERROR CAUGHT ======
Unhandled Promise: TypeError: Failed to fetch
=============================
====== JS ERROR CAUGHT ======
Unhandled Promise: TypeError: Failed to fetch
=============================
====== JS ERROR CAUGHT ======
Unhandled Promise: TypeError: Failed to fetch
=============================
====== JS ERROR CAUGHT ======
Unhandled Promise: TypeError: Failed to fetch
=============================
====== JS ERROR CAUGHT ======
Unhandled Promise: TypeError: Failed to fetch
=============================
====== JS ERROR CAUGHT ======
Unhandled Promise: TypeError: Failed to fetch
=============================
====== JS ERROR CAUGHT ======
Unhandled Promise: TypeError: Failed to fetch
=============================
====== JS ERROR CAUGHT ======
Unhandled Promise: TypeError: Failed to fetch
=============================
====== JS ERROR CAUGHT ======
Unhandled Promise: TypeError: Failed to fetch
=============================
====== JS ERROR CAUGHT ======
Unhandled Promise: TypeError: Failed to fetch
=============================
====== JS ERROR CAUGHT ======
Unhandled Promise: TypeError: Failed to fetch
=============================
====== JS ERROR CAUGHT ======
Unhandled Promise: TypeError: Failed to fetch
=============================
====== JS ERROR CAUGHT ======
Unhandled Promise: TypeError: Failed to fetch
=============================
====== JS ERROR CAUGHT ======
Unhandled Promise: TypeError: Failed to fetch
=============================
====== JS ERROR CAUGHT ======
Unhandled Promise: TypeError: Failed to fetch
=============================
====== JS ERROR CAUGHT ======
Unhandled Promise: TypeError: Failed to fetch
=============================
====== JS ERROR CAUGHT ======
Unhandled Promise: TypeError: Failed to fetch
=============================
====== JS ERROR CAUGHT ======
Unhandled Promise: TypeError: Failed to fetch
=============================
====== JS ERROR CAUGHT ======
Unhandled Promise: TypeError: Failed to fetch
=============================
====== JS ERROR CAUGHT ======
Unhandled Promise: TypeError: Failed to fetch
=============================
====== JS ERROR CAUGHT ======
Unhandled Promise: TypeError: Failed to fetch
=============================
====== JS ERROR CAUGHT ======
Unhandled Promise: TypeError: Failed to fetch
=============================
====== JS ERROR CAUGHT ======
Unhandled Promise: TypeError: Failed to fetch
=============================
====== JS ERROR CAUGHT ======
Unhandled Promise: TypeError: Failed to fetch
=============================
====== JS ERROR CAUGHT ======
Unhandled Promise: TypeError: Failed to fetch
=============================
====== JS ERROR CAUGHT ======
Unhandled Promise: TypeError: Failed to fetch
=============================
====== JS ERROR CAUGHT ======
Unhandled Promise: TypeError: Failed to fetch
=============================
====== JS ERROR CAUGHT ======
Unhandled Promise: TypeError: Failed to fetch
=============================
====== JS ERROR CAUGHT ======
Unhandled Promise: TypeError: Failed to fetch
=============================
====== JS ERROR CAUGHT ======
Unhandled Promise: TypeError: Failed to fetch
=============================
====== JS ERROR CAUGHT ======
Unhandled Promise: TypeError: Failed to fetch
=============================
====== JS ERROR CAUGHT ======
Unhandled Promise: TypeError: Failed to fetch
=============================
====== JS ERROR CAUGHT ======
Unhandled Promise: TypeError: Failed to fetch
=============================
====== JS ERROR CAUGHT ======
Unhandled Promise: TypeError: Failed to fetch
=============================
====== JS ERROR CAUGHT ======
Unhandled Promise: TypeError: Failed to fetch
=============================
====== JS ERROR CAUGHT ======
Unhandled Promise: TypeError: Failed to fetch
=============================
====== JS ERROR CAUGHT ======
Unhandled Promise: TypeError: Failed to fetch
=============================
====== JS ERROR CAUGHT ======
Unhandled Promise: TypeError: Failed to fetch
=============================
====== JS ERROR CAUGHT ======
Unhandled Promise: TypeError: Failed to fetch
=============================
====== JS ERROR CAUGHT ======
Unhandled Promise: TypeError: Failed to fetch
=============================
====== JS ERROR CAUGHT ======
Unhandled Promise: TypeError: Failed to fetch
=============================
====== JS ERROR CAUGHT ======
Unhandled Promise: TypeError: Failed to fetch
=============================
====== JS ERROR CAUGHT ======
Unhandled Promise: TypeError: Failed to fetch
=============================
====== JS ERROR CAUGHT ======
Unhandled Promise: TypeError: Failed to fetch
=============================
====== JS ERROR CAUGHT ======
Unhandled Promise: TypeError: Failed to fetch
=============================
====== JS ERROR CAUGHT ======
Unhandled Promise: TypeError: Failed to fetch
=============================
====== JS ERROR CAUGHT ======
Unhandled Promise: TypeError: Failed to fetch
=============================
====== JS ERROR CAUGHT ======
Unhandled Promise: TypeError: Failed to fetch
=============================
====== JS ERROR CAUGHT ======
Unhandled Promise: TypeError: Failed to fetch
=============================
====== JS ERROR CAUGHT ======
Unhandled Promise: TypeError: Failed to fetch
=============================
====== JS ERROR CAUGHT ======
Unhandled Promise: TypeError: Failed to fetch
=============================
====== JS ERROR CAUGHT ======
Unhandled Promise: TypeError: Failed to fetch
=============================
====== JS ERROR CAUGHT ======
Unhandled Promise: TypeError: Failed to fetch
=============================
====== JS ERROR CAUGHT ======
Unhandled Promise: TypeError: Failed to fetch
=============================
====== JS ERROR CAUGHT ======
Unhandled Promise: TypeError: Failed to fetch
=============================
====== JS ERROR CAUGHT ======
Unhandled Promise: TypeError: Failed to fetch
=============================
====== JS ERROR CAUGHT ======
Unhandled Promise: TypeError: Failed to fetch
=============================
====== JS ERROR CAUGHT ======
Unhandled Promise: TypeError: Failed to fetch
=============================
====== JS ERROR CAUGHT ======
Unhandled Promise: TypeError: Failed to fetch
=============================
====== JS ERROR CAUGHT ======
Unhandled Promise: TypeError: Failed to fetch
=============================
====== JS ERROR CAUGHT ======
Unhandled Promise: TypeError: Failed to fetch
=============================
====== JS ERROR CAUGHT ======
Unhandled Promise: TypeError: Failed to fetch
=============================
====== JS ERROR CAUGHT ======
Unhandled Promise: TypeError: Failed to fetch
=============================
====== JS ERROR CAUGHT ======
Unhandled Promise: TypeError: Failed to fetch
=============================
====== JS ERROR CAUGHT ======
Unhandled Promise: TypeError: Failed to fetch
=============================
====== JS ERROR CAUGHT ======
Unhandled Promise: TypeError: Failed to fetch
=============================
====== JS ERROR CAUGHT ======
Unhandled Promise: TypeError: Failed to fetch
=============================
====== JS ERROR CAUGHT ======
Unhandled Promise: TypeError: Failed to fetch
=============================
====== JS ERROR CAUGHT ======
Unhandled Promise: TypeError: Failed to fetch
=============================
====== JS ERROR CAUGHT ======
Unhandled Promise: TypeError: Failed to fetch
=============================
====== JS ERROR CAUGHT ======
Unhandled Promise: TypeError: Failed to fetch
=============================
====== JS ERROR CAUGHT ======
Unhandled Promise: TypeError: Failed to fetch
=============================
====== JS ERROR CAUGHT ======
Unhandled Promise: TypeError: Failed to fetch
=============================
====== JS ERROR CAUGHT ======
Unhandled Promise: TypeError: Failed to fetch
=============================
====== JS ERROR CAUGHT ======
Unhandled Promise: TypeError: Failed to fetch
=============================
====== JS ERROR CAUGHT ======
Unhandled Promise: TypeError: Failed to fetch
=============================
====== JS ERROR CAUGHT ======
Unhandled Promise: TypeError: Failed to fetch
=============================
====== JS ERROR CAUGHT ======
Unhandled Promise: TypeError: Failed to fetch
=============================
====== JS ERROR CAUGHT ======
Unhandled Promise: TypeError: Failed to fetch
=============================
====== JS ERROR CAUGHT ======
Unhandled Promise: TypeError: Failed to fetch
=============================
====== JS ERROR CAUGHT ======
Unhandled Promise: TypeError: Failed to fetch
=============================
====== JS ERROR CAUGHT ======
Unhandled Promise: TypeError: Failed to fetch
=============================
====== JS ERROR CAUGHT ======
Unhandled Promise: TypeError: Failed to fetch
=============================
====== JS ERROR CAUGHT ======
Unhandled Promise: TypeError: Failed to fetch
=============================
====== JS ERROR CAUGHT ======
Unhandled Promise: TypeError: Failed to fetch
=============================
====== JS ERROR CAUGHT ======
Unhandled Promise: TypeError: Failed to fetch
=============================
====== JS ERROR CAUGHT ======
Unhandled Promise: TypeError: Failed to fetch
=============================
====== JS ERROR CAUGHT ======
Unhandled Promise: TypeError: Failed to fetch
=============================
====== JS ERROR CAUGHT ======
Unhandled Promise: TypeError: Failed to fetch
=============================
====== JS ERROR CAUGHT ======
Unhandled Promise: TypeError: Failed to fetch
=============================
====== JS ERROR CAUGHT ======
Unhandled Promise: TypeError: Failed to fetch
=============================
====== JS ERROR CAUGHT ======
Unhandled Promise: TypeError: Failed to fetch
=============================
====== JS ERROR CAUGHT ======
Unhandled Promise: TypeError: Failed to fetch
=============================
====== JS ERROR CAUGHT ======
Unhandled Promise: TypeError: Failed to fetch
=============================
====== JS ERROR CAUGHT ======
Unhandled Promise: TypeError: Failed to fetch
=============================
====== JS ERROR CAUGHT ======
Unhandled Promise: TypeError: Failed to fetch
=============================
====== JS ERROR CAUGHT ======
Unhandled Promise: TypeError: Failed to fetch
=============================
====== JS ERROR CAUGHT ======
Unhandled Promise: TypeError: Failed to fetch
=============================
====== JS ERROR CAUGHT ======
Unhandled Promise: TypeError: Failed to fetch
=============================
====== JS ERROR CAUGHT ======
Unhandled Promise: TypeError: Failed to fetch
=============================
====== JS ERROR CAUGHT ======
Unhandled Promise: TypeError: Failed to fetch
=============================
====== JS ERROR CAUGHT ======
Unhandled Promise: TypeError: Failed to fetch
=============================
====== JS ERROR CAUGHT ======
Unhandled Promise: TypeError: Failed to fetch
=============================
====== JS ERROR CAUGHT ======
Unhandled Promise: TypeError: Failed to fetch
=============================
====== JS ERROR CAUGHT ======
Unhandled Promise: TypeError: Failed to fetch
=============================
====== JS ERROR CAUGHT ======
Unhandled Promise: TypeError: Failed to fetch
=============================
====== JS ERROR CAUGHT ======
Unhandled Promise: TypeError: Failed to fetch
=============================
====== JS ERROR CAUGHT ======
Unhandled Promise: TypeError: Failed to fetch
=============================
====== JS ERROR CAUGHT ======
Unhandled Promise: TypeError: Failed to fetch
=============================
====== JS ERROR CAUGHT ======
Unhandled Promise: TypeError: Failed to fetch
=============================
====== JS ERROR CAUGHT ======
Unhandled Promise: TypeError: Failed to fetch
=============================
====== JS ERROR CAUGHT ======
Unhandled Promise: TypeError: Failed to fetch
=============================
====== JS ERROR CAUGHT ======
Unhandled Promise: TypeError: Failed to fetch
=============================
====== JS ERROR CAUGHT ======
Unhandled Promise: TypeError: Failed to fetch
=============================
====== JS ERROR CAUGHT ======
Unhandled Promise: TypeError: Failed to fetch
=============================
====== JS ERROR CAUGHT ======
Unhandled Promise: TypeError: Failed to fetch
=============================
====== JS ERROR CAUGHT ======
Unhandled Promise: TypeError: Failed to fetch
=============================
====== JS ERROR CAUGHT ======
Unhandled Promise: TypeError: Failed to fetch
=============================
====== JS ERROR CAUGHT ======
Unhandled Promise: TypeError: Failed to fetch
=============================
====== JS ERROR CAUGHT ======
Unhandled Promise: TypeError: Failed to fetch
=============================
====== JS ERROR CAUGHT ======
Unhandled Promise: TypeError: Failed to fetch
=============================
====== JS ERROR CAUGHT ======
Unhandled Promise: TypeError: Failed to fetch
=============================
====== JS ERROR CAUGHT ======
Unhandled Promise: TypeError: Failed to fetch
=============================
====== JS ERROR CAUGHT ======
Unhandled Promise: TypeError: Failed to fetch
=============================
====== JS ERROR CAUGHT ======
Unhandled Promise: TypeError: Failed to fetch
=============================
====== JS ERROR CAUGHT ======
Unhandled Promise: TypeError: Failed to fetch
=============================
====== JS ERROR CAUGHT ======
Unhandled Promise: TypeError: Failed to fetch
=============================
====== JS ERROR CAUGHT ======
Unhandled Promise: TypeError: Failed to fetch
=============================
====== JS ERROR CAUGHT ======
Unhandled Promise: TypeError: Failed to fetch
=============================
====== JS ERROR CAUGHT ======
Unhandled Promise: TypeError: Failed to fetch
=============================
====== JS ERROR CAUGHT ======
Unhandled Promise: TypeError: Failed to fetch
=============================
====== JS ERROR CAUGHT ======
Unhandled Promise: TypeError: Failed to fetch
=============================
====== JS ERROR CAUGHT ======
Unhandled Promise: TypeError: Failed to fetch
=============================
====== JS ERROR CAUGHT ======
Unhandled Promise: TypeError: Failed to fetch
=============================
====== JS ERROR CAUGHT ======
Unhandled Promise: TypeError: Failed to fetch
=============================
====== JS ERROR CAUGHT ======
Unhandled Promise: TypeError: Failed to fetch
=============================
====== JS ERROR CAUGHT ======
Unhandled Promise: TypeError: Failed to fetch
=============================
====== JS ERROR CAUGHT ======
Unhandled Promise: TypeError: Failed to fetch
=============================
====== JS ERROR CAUGHT ======
Unhandled Promise: TypeError: Failed to fetch
=============================
====== JS ERROR CAUGHT ======
Unhandled Promise: TypeError: Failed to fetch
=============================
====== JS ERROR CAUGHT ======
Unhandled Promise: TypeError: Failed to fetch
=============================
====== JS ERROR CAUGHT ======
Unhandled Promise: TypeError: Failed to fetch
=============================
====== JS ERROR CAUGHT ======
Unhandled Promise: TypeError: Failed to fetch
=============================
====== JS ERROR CAUGHT ======
Unhandled Promise: TypeError: Failed to fetch
=============================
====== JS ERROR CAUGHT ======
Unhandled Promise: TypeError: Failed to fetch
=============================
====== JS ERROR CAUGHT ======
Unhandled Promise: TypeError: Failed to fetch
=============================
====== JS ERROR CAUGHT ======
Unhandled Promise: TypeError: Failed to fetch
=============================
====== JS ERROR CAUGHT ======
Unhandled Promise: TypeError: Failed to fetch
=============================
====== JS ERROR CAUGHT ======
Unhandled Promise: TypeError: Failed to fetch
=============================
====== JS ERROR CAUGHT ======
Unhandled Promise: TypeError: Failed to fetch
=============================
====== JS ERROR CAUGHT ======
Unhandled Promise: TypeError: Failed to fetch
=============================
====== JS ERROR CAUGHT ======
Unhandled Promise: TypeError: Failed to fetch
=============================
====== JS ERROR CAUGHT ======
Unhandled Promise: TypeError: Failed to fetch
=============================
====== JS ERROR CAUGHT ======
Unhandled Promise: TypeError: Failed to fetch
=============================
====== JS ERROR CAUGHT ======
Unhandled Promise: TypeError: Failed to fetch
=============================
====== JS ERROR CAUGHT ======
Unhandled Promise: TypeError: Failed to fetch
=============================
====== JS ERROR CAUGHT ======
Unhandled Promise: TypeError: Failed to fetch
=============================
====== JS ERROR CAUGHT ======
Unhandled Promise: TypeError: Failed to fetch
=============================
====== JS ERROR CAUGHT ======
Unhandled Promise: TypeError: Failed to fetch
=============================
====== JS ERROR CAUGHT ======
Unhandled Promise: TypeError: Failed to fetch
=============================
====== JS ERROR CAUGHT ======
Unhandled Promise: TypeError: Failed to fetch
=============================
====== JS ERROR CAUGHT ======
Unhandled Promise: TypeError: Failed to fetch
=============================
====== JS ERROR CAUGHT ======
Unhandled Promise: TypeError: Failed to fetch
=============================
====== JS ERROR CAUGHT ======
Unhandled Promise: TypeError: Failed to fetch
=============================
====== JS ERROR CAUGHT ======
Unhandled Promise: TypeError: Failed to fetch
=============================
====== JS ERROR CAUGHT ======
Unhandled Promise: TypeError: Failed to fetch
=============================
====== JS ERROR CAUGHT ======
Unhandled Promise: TypeError: Failed to fetch
=============================
====== JS ERROR CAUGHT ======
Unhandled Promise: TypeError: Failed to fetch
=============================
====== JS ERROR CAUGHT ======
Unhandled Promise: TypeError: Failed to fetch
=============================
====== JS ERROR CAUGHT ======
Unhandled Promise: TypeError: Failed to fetch
=============================
====== JS ERROR CAUGHT ======
Unhandled Promise: TypeError: Failed to fetch
=============================
====== JS ERROR CAUGHT ======
Unhandled Promise: TypeError: Failed to fetch
=============================
====== JS ERROR CAUGHT ======
Unhandled Promise: TypeError: Failed to fetch
=============================
====== JS ERROR CAUGHT ======
Unhandled Promise: TypeError: Failed to fetch
=============================
====== JS ERROR CAUGHT ======
Unhandled Promise: TypeError: Failed to fetch
=============================
====== JS ERROR CAUGHT ======
Unhandled Promise: TypeError: Failed to fetch
=============================
====== JS ERROR CAUGHT ======
Unhandled Promise: TypeError: Failed to fetch
=============================
====== JS ERROR CAUGHT ======
Unhandled Promise: TypeError: Failed to fetch
=============================
====== JS ERROR CAUGHT ======
Unhandled Promise: TypeError: Failed to fetch
=============================
====== JS ERROR CAUGHT ======
Unhandled Promise: TypeError: Failed to fetch
=============================
====== JS ERROR CAUGHT ======
Unhandled Promise: TypeError: Failed to fetch
=============================
====== JS ERROR CAUGHT ======
Unhandled Promise: TypeError: Failed to fetch
=============================
====== JS ERROR CAUGHT ======
Unhandled Promise: TypeError: Failed to fetch
=============================
====== JS ERROR CAUGHT ======
Unhandled Promise: TypeError: Failed to fetch
=============================
====== JS ERROR CAUGHT ======
Unhandled Promise: TypeError: Failed to fetch
=============================
====== JS ERROR CAUGHT ======
Unhandled Promise: TypeError: Failed to fetch
=============================
====== JS ERROR CAUGHT ======
Unhandled Promise: TypeError: Failed to fetch
=============================
====== JS ERROR CAUGHT ======
Unhandled Promise: TypeError: Failed to fetch
=============================
====== JS ERROR CAUGHT ======
Unhandled Promise: TypeError: Failed to fetch
=============================
====== JS ERROR CAUGHT ======
Unhandled Promise: TypeError: Failed to fetch
=============================
====== JS ERROR CAUGHT ======
Unhandled Promise: TypeError: Failed to fetch
=============================
====== JS ERROR CAUGHT ======
Unhandled Promise: TypeError: Failed to fetch
=============================
====== JS ERROR CAUGHT ======
Unhandled Promise: TypeError: Failed to fetch
=============================
====== JS ERROR CAUGHT ======
Unhandled Promise: TypeError: Failed to fetch
=============================
====== JS ERROR CAUGHT ======
Unhandled Promise: TypeError: Failed to fetch
=============================
====== JS ERROR CAUGHT ======
Unhandled Promise: TypeError: Failed to fetch
=============================
====== JS ERROR CAUGHT ======
Unhandled Promise: TypeError: Failed to fetch
=============================
====== JS ERROR CAUGHT ======
Unhandled Promise: TypeError: Failed to fetch
=============================
====== JS ERROR CAUGHT ======
Unhandled Promise: TypeError: Failed to fetch
=============================
====== JS ERROR CAUGHT ======
Unhandled Promise: TypeError: Failed to fetch
=============================
====== JS ERROR CAUGHT ======
Unhandled Promise: TypeError: Failed to fetch
=============================
====== JS ERROR CAUGHT ======
Unhandled Promise: TypeError: Failed to fetch
=============================
====== JS ERROR CAUGHT ======
Unhandled Promise: TypeError: Failed to fetch
=============================
====== JS ERROR CAUGHT ======
Unhandled Promise: TypeError: Failed to fetch
=============================
====== JS ERROR CAUGHT ======
Unhandled Promise: TypeError: Failed to fetch
=============================
====== JS ERROR CAUGHT ======
Unhandled Promise: TypeError: Failed to fetch
=============================
====== JS ERROR CAUGHT ======
Unhandled Promise: TypeError: Failed to fetch
=============================
====== JS ERROR CAUGHT ======
Unhandled Promise: TypeError: Failed to fetch
=============================
====== JS ERROR CAUGHT ======
Unhandled Promise: TypeError: Failed to fetch
=============================
====== JS ERROR CAUGHT ======
Unhandled Promise: TypeError: Failed to fetch
=============================
====== JS ERROR CAUGHT ======
Unhandled Promise: TypeError: Failed to fetch
=============================
====== JS ERROR CAUGHT ======
Unhandled Promise: TypeError: Failed to fetch
=============================
====== JS ERROR CAUGHT ======
Unhandled Promise: TypeError: Failed to fetch
=============================
====== JS ERROR CAUGHT ======
Unhandled Promise: TypeError: Failed to fetch
=============================
====== JS ERROR CAUGHT ======
Unhandled Promise: TypeError: Failed to fetch
=============================
====== JS ERROR CAUGHT ======
Unhandled Promise: TypeError: Failed to fetch
=============================
====== JS ERROR CAUGHT ======
Unhandled Promise: TypeError: Failed to fetch
=============================
====== JS ERROR CAUGHT ======
Unhandled Promise: TypeError: Failed to fetch
=============================
====== JS ERROR CAUGHT ======
Unhandled Promise: TypeError: Failed to fetch
=============================
====== JS ERROR CAUGHT ======
Unhandled Promise: TypeError: Failed to fetch
=============================
====== JS ERROR CAUGHT ======
Unhandled Promise: TypeError: Failed to fetch
=============================
====== JS ERROR CAUGHT ======
Unhandled Promise: TypeError: Failed to fetch
=============================
====== JS ERROR CAUGHT ======
Unhandled Promise: TypeError: Failed to fetch
=============================
====== JS ERROR CAUGHT ======
Unhandled Promise: TypeError: Failed to fetch
=============================
====== JS ERROR CAUGHT ======
Unhandled Promise: TypeError: Failed to fetch
=============================
====== JS ERROR CAUGHT ======
Unhandled Promise: TypeError: Failed to fetch
=============================
====== JS ERROR CAUGHT ======
Unhandled Promise: TypeError: Failed to fetch
=============================
====== JS ERROR CAUGHT ======
Unhandled Promise: TypeError: Failed to fetch
=============================
====== JS ERROR CAUGHT ======
Unhandled Promise: TypeError: Failed to fetch
=============================
====== JS ERROR CAUGHT ======
Unhandled Promise: TypeError: Failed to fetch
=============================
====== JS ERROR CAUGHT ======
Unhandled Promise: TypeError: Failed to fetch
=============================
====== JS ERROR CAUGHT ======
Unhandled Promise: TypeError: Failed to fetch
=============================
====== JS ERROR CAUGHT ======
Unhandled Promise: TypeError: Failed to fetch
=============================
====== JS ERROR CAUGHT ======
Unhandled Promise: TypeError: Failed to fetch
=============================
====== JS ERROR CAUGHT ======
Unhandled Promise: TypeError: Failed to fetch
=============================
====== JS ERROR CAUGHT ======
Unhandled Promise: TypeError: Failed to fetch
=============================
====== JS ERROR CAUGHT ======
Unhandled Promise: TypeError: Failed to fetch
=============================
====== JS ERROR CAUGHT ======
Unhandled Promise: TypeError: Failed to fetch
=============================
====== JS ERROR CAUGHT ======
Unhandled Promise: TypeError: Failed to fetch
=============================
====== JS ERROR CAUGHT ======
Unhandled Promise: TypeError: Failed to fetch
=============================
====== JS ERROR CAUGHT ======
Unhandled Promise: TypeError: Failed to fetch
=============================
====== JS ERROR CAUGHT ======
Unhandled Promise: TypeError: Failed to fetch
=============================
====== JS ERROR CAUGHT ======
Unhandled Promise: TypeError: Failed to fetch
=============================
====== JS ERROR CAUGHT ======
Unhandled Promise: TypeError: Failed to fetch
=============================
====== JS ERROR CAUGHT ======
Unhandled Promise: TypeError: Failed to fetch
=============================
====== JS ERROR CAUGHT ======
Unhandled Promise: TypeError: Failed to fetch
=============================
====== JS ERROR CAUGHT ======
Unhandled Promise: TypeError: Failed to fetch
=============================
====== JS ERROR CAUGHT ======
Unhandled Promise: TypeError: Failed to fetch
=============================
====== JS ERROR CAUGHT ======
Unhandled Promise: TypeError: Failed to fetch
=============================
====== JS ERROR CAUGHT ======
Unhandled Promise: TypeError: Failed to fetch
=============================
====== JS ERROR CAUGHT ======
Unhandled Promise: TypeError: Failed to fetch
=============================
====== JS ERROR CAUGHT ======
Unhandled Promise: TypeError: Failed to fetch
=============================
====== JS ERROR CAUGHT ======
Unhandled Promise: TypeError: Failed to fetch
=============================
====== JS ERROR CAUGHT ======
Unhandled Promise: TypeError: Failed to fetch
=============================
====== JS ERROR CAUGHT ======
Unhandled Promise: TypeError: Failed to fetch
=============================
====== JS ERROR CAUGHT ======
Unhandled Promise: TypeError: Failed to fetch
=============================
====== JS ERROR CAUGHT ======
Unhandled Promise: TypeError: Failed to fetch
=============================
====== JS ERROR CAUGHT ======
Unhandled Promise: TypeError: Failed to fetch
=============================
====== JS ERROR CAUGHT ======
Unhandled Promise: TypeError: Failed to fetch
=============================
====== JS ERROR CAUGHT ======
Unhandled Promise: TypeError: Failed to fetch
=============================
====== JS ERROR CAUGHT ======
Unhandled Promise: TypeError: Failed to fetch
=============================
====== JS ERROR CAUGHT ======
Unhandled Promise: TypeError: Failed to fetch
=============================
====== JS ERROR CAUGHT ======
Unhandled Promise: TypeError: Failed to fetch
=============================
====== JS ERROR CAUGHT ======
Unhandled Promise: TypeError: Failed to fetch
=============================
====== JS ERROR CAUGHT ======
Unhandled Promise: TypeError: Failed to fetch
=============================
====== JS ERROR CAUGHT ======
Unhandled Promise: TypeError: Failed to fetch
=============================
====== JS ERROR CAUGHT ======
Unhandled Promise: TypeError: Failed to fetch
=============================
====== JS ERROR CAUGHT ======
Unhandled Promise: TypeError: Failed to fetch
=============================
====== JS ERROR CAUGHT ======
Unhandled Promise: TypeError: Failed to fetch
=============================
====== JS ERROR CAUGHT ======
Unhandled Promise: TypeError: Failed to fetch
=============================
====== JS ERROR CAUGHT ======
Unhandled Promise: TypeError: Failed to fetch
=============================
====== JS ERROR CAUGHT ======
Unhandled Promise: TypeError: Failed to fetch
=============================
====== JS ERROR CAUGHT ======
Unhandled Promise: TypeError: Failed to fetch
=============================
====== JS ERROR CAUGHT ======
Unhandled Promise: TypeError: Failed to fetch
=============================
====== JS ERROR CAUGHT ======
Unhandled Promise: TypeError: Failed to fetch
=============================
====== JS ERROR CAUGHT ======
Unhandled Promise: TypeError: Failed to fetch
=============================
====== JS ERROR CAUGHT ======
Unhandled Promise: TypeError: Failed to fetch
=============================
====== JS ERROR CAUGHT ======
Unhandled Promise: TypeError: Failed to fetch
=============================
====== JS ERROR CAUGHT ======
Unhandled Promise: TypeError: Failed to fetch
=============================
====== JS ERROR CAUGHT ======
Unhandled Promise: TypeError: Failed to fetch
=============================
====== JS ERROR CAUGHT ======
Unhandled Promise: TypeError: Failed to fetch
=============================
====== JS ERROR CAUGHT ======
Unhandled Promise: TypeError: Failed to fetch
=============================
====== JS ERROR CAUGHT ======
Unhandled Promise: TypeError: Failed to fetch
=============================
====== JS ERROR CAUGHT ======
Unhandled Promise: TypeError: Failed to fetch
=============================
====== JS ERROR CAUGHT ======
Unhandled Promise: TypeError: Failed to fetch
=============================
====== JS ERROR CAUGHT ======
Unhandled Promise: TypeError: Failed to fetch
=============================
====== JS ERROR CAUGHT ======
Unhandled Promise: TypeError: Failed to fetch
=============================
====== JS ERROR CAUGHT ======
Unhandled Promise: TypeError: Failed to fetch
=============================
====== JS ERROR CAUGHT ======
Unhandled Promise: TypeError: Failed to fetch
=============================
====== JS ERROR CAUGHT ======
Unhandled Promise: TypeError: Failed to fetch
=============================
====== JS ERROR CAUGHT ======
Unhandled Promise: TypeError: Failed to fetch
=============================
====== JS ERROR CAUGHT ======
Unhandled Promise: TypeError: Failed to fetch
=============================
====== JS ERROR CAUGHT ======
Unhandled Promise: TypeError: Failed to fetch
=============================
====== JS ERROR CAUGHT ======
Unhandled Promise: TypeError: Failed to fetch
=============================
====== JS ERROR CAUGHT ======
Unhandled Promise: TypeError: Failed to fetch
=============================
====== JS ERROR CAUGHT ======
Unhandled Promise: TypeError: Failed to fetch
=============================
====== JS ERROR CAUGHT ======
Unhandled Promise: TypeError: Failed to fetch
=============================
====== JS ERROR CAUGHT ======
Unhandled Promise: TypeError: Failed to fetch
=============================
====== JS ERROR CAUGHT ======
Unhandled Promise: TypeError: Failed to fetch
=============================
====== JS ERROR CAUGHT ======
Unhandled Promise: TypeError: Failed to fetch
=============================
====== JS ERROR CAUGHT ======
Unhandled Promise: TypeError: Failed to fetch
=============================
====== JS ERROR CAUGHT ======
Unhandled Promise: TypeError: Failed to fetch
=============================
====== JS ERROR CAUGHT ======
Unhandled Promise: TypeError: Failed to fetch
=============================
====== JS ERROR CAUGHT ======
Unhandled Promise: TypeError: Failed to fetch
=============================
====== JS ERROR CAUGHT ======
Unhandled Promise: TypeError: Failed to fetch
=============================
====== JS ERROR CAUGHT ======
Unhandled Promise: TypeError: Failed to fetch
=============================
====== JS ERROR CAUGHT ======
Unhandled Promise: TypeError: Failed to fetch
=============================
====== JS ERROR CAUGHT ======
Unhandled Promise: TypeError: Failed to fetch
=============================
====== JS ERROR CAUGHT ======
Unhandled Promise: TypeError: Failed to fetch
=============================
====== JS ERROR CAUGHT ======
Unhandled Promise: TypeError: Failed to fetch
=============================
====== JS ERROR CAUGHT ======
Unhandled Promise: TypeError: Failed to fetch
=============================
====== JS ERROR CAUGHT ======
Unhandled Promise: TypeError: Failed to fetch
=============================
====== JS ERROR CAUGHT ======
Unhandled Promise: TypeError: Failed to fetch
=============================
====== JS ERROR CAUGHT ======
Unhandled Promise: TypeError: Failed to fetch
=============================
====== JS ERROR CAUGHT ======
Unhandled Promise: TypeError: Failed to fetch
=============================
====== JS ERROR CAUGHT ======
Unhandled Promise: TypeError: Failed to fetch
=============================
====== JS ERROR CAUGHT ======
Unhandled Promise: TypeError: Failed to fetch
=============================
====== JS ERROR CAUGHT ======
Unhandled Promise: TypeError: Failed to fetch
=============================
====== JS ERROR CAUGHT ======
Unhandled Promise: TypeError: Failed to fetch
=============================
====== JS ERROR CAUGHT ======
Unhandled Promise: TypeError: Failed to fetch
=============================
====== JS ERROR CAUGHT ======
Unhandled Promise: TypeError: Failed to fetch
=============================
====== JS ERROR CAUGHT ======
Unhandled Promise: TypeError: Failed to fetch
=============================
====== JS ERROR CAUGHT ======
Unhandled Promise: TypeError: Failed to fetch
=============================
====== JS ERROR CAUGHT ======
Unhandled Promise: TypeError: Failed to fetch
=============================
====== JS ERROR CAUGHT ======
Unhandled Promise: TypeError: Failed to fetch
=============================
====== JS ERROR CAUGHT ======
Unhandled Promise: TypeError: Failed to fetch
=============================
====== JS ERROR CAUGHT ======
Unhandled Promise: TypeError: Failed to fetch
=============================
====== JS ERROR CAUGHT ======
Unhandled Promise: TypeError: Failed to fetch
=============================
====== JS ERROR CAUGHT ======
Unhandled Promise: TypeError: Failed to fetch
=============================
====== JS ERROR CAUGHT ======
Unhandled Promise: TypeError: Failed to fetch
=============================
====== JS ERROR CAUGHT ======
Unhandled Promise: TypeError: Failed to fetch
=============================
====== JS ERROR CAUGHT ======
Unhandled Promise: TypeError: Failed to fetch
=============================
====== JS ERROR CAUGHT ======
Unhandled Promise: TypeError: Failed to fetch
=============================
====== JS ERROR CAUGHT ======
Unhandled Promise: TypeError: Failed to fetch
=============================
====== JS ERROR CAUGHT ======
Unhandled Promise: TypeError: Failed to fetch
=============================
====== JS ERROR CAUGHT ======
Unhandled Promise: TypeError: Failed to fetch
=============================
====== JS ERROR CAUGHT ======
Unhandled Promise: TypeError: Failed to fetch
=============================
====== JS ERROR CAUGHT ======
Unhandled Promise: TypeError: Failed to fetch
=============================
====== JS ERROR CAUGHT ======
Unhandled Promise: TypeError: Failed to fetch
=============================
====== JS ERROR CAUGHT ======
Unhandled Promise: TypeError: Failed to fetch
=============================
====== JS ERROR CAUGHT ======
Unhandled Promise: TypeError: Failed to fetch
=============================
====== JS ERROR CAUGHT ======
Unhandled Promise: TypeError: Failed to fetch
=============================
====== JS ERROR CAUGHT ======
Unhandled Promise: TypeError: Failed to fetch
=============================
====== JS ERROR CAUGHT ======
Unhandled Promise: TypeError: Failed to fetch
=============================
====== JS ERROR CAUGHT ======
Unhandled Promise: TypeError: Failed to fetch
=============================
====== JS ERROR CAUGHT ======
Unhandled Promise: TypeError: Failed to fetch
=============================
====== JS ERROR CAUGHT ======
Unhandled Promise: TypeError: Failed to fetch
=============================
====== JS ERROR CAUGHT ======
Unhandled Promise: TypeError: Failed to fetch
=============================
====== JS ERROR CAUGHT ======
Unhandled Promise: TypeError: Failed to fetch
=============================
====== JS ERROR CAUGHT ======
Unhandled Promise: TypeError: Failed to fetch
=============================
====== JS ERROR CAUGHT ======
Unhandled Promise: TypeError: Failed to fetch
=============================
====== JS ERROR CAUGHT ======
Unhandled Promise: TypeError: Failed to fetch
=============================
====== JS ERROR CAUGHT ======
Unhandled Promise: TypeError: Failed to fetch
=============================
====== JS ERROR CAUGHT ======
Unhandled Promise: TypeError: Failed to fetch
=============================
====== JS ERROR CAUGHT ======
Unhandled Promise: TypeError: Failed to fetch
=============================
====== JS ERROR CAUGHT ======
Unhandled Promise: TypeError: Failed to fetch
=============================
====== JS ERROR CAUGHT ======
Unhandled Promise: TypeError: Failed to fetch
=============================
====== JS ERROR CAUGHT ======
Unhandled Promise: TypeError: Failed to fetch
=============================
====== JS ERROR CAUGHT ======
Unhandled Promise: TypeError: Failed to fetch
=============================
====== JS ERROR CAUGHT ======
Unhandled Promise: TypeError: Failed to fetch
=============================
====== JS ERROR CAUGHT ======
Unhandled Promise: TypeError: Failed to fetch
=============================
====== JS ERROR CAUGHT ======
Unhandled Promise: TypeError: Failed to fetch
=============================
====== JS ERROR CAUGHT ======
Unhandled Promise: TypeError: Failed to fetch
=============================
====== JS ERROR CAUGHT ======
Unhandled Promise: TypeError: Failed to fetch
=============================
====== JS ERROR CAUGHT ======
Unhandled Promise: TypeError: Failed to fetch
=============================
====== JS ERROR CAUGHT ======
Unhandled Promise: TypeError: Failed to fetch
=============================
====== JS ERROR CAUGHT ======
Unhandled Promise: TypeError: Failed to fetch
=============================
====== JS ERROR CAUGHT ======
Unhandled Promise: TypeError: Failed to fetch
=============================
====== JS ERROR CAUGHT ======
Unhandled Promise: TypeError: Failed to fetch
=============================
====== JS ERROR CAUGHT ======
Unhandled Promise: TypeError: Failed to fetch
=============================
====== JS ERROR CAUGHT ======
Unhandled Promise: TypeError: Failed to fetch
=============================
====== JS ERROR CAUGHT ======
Unhandled Promise: TypeError: Failed to fetch
=============================
====== JS ERROR CAUGHT ======
Unhandled Promise: TypeError: Failed to fetch
=============================
====== JS ERROR CAUGHT ======
Unhandled Promise: TypeError: Failed to fetch
=============================
====== JS ERROR CAUGHT ======
Unhandled Promise: TypeError: Failed to fetch
=============================
====== JS ERROR CAUGHT ======
Unhandled Promise: TypeError: Failed to fetch
=============================
====== JS ERROR CAUGHT ======
Unhandled Promise: TypeError: Failed to fetch
=============================
====== JS ERROR CAUGHT ======
Unhandled Promise: TypeError: Failed to fetch
=============================
====== JS ERROR CAUGHT ======
Unhandled Promise: TypeError: Failed to fetch
=============================
====== JS ERROR CAUGHT ======
Unhandled Promise: TypeError: Failed to fetch
=============================
====== JS ERROR CAUGHT ======
Unhandled Promise: TypeError: Failed to fetch
=============================
====== JS ERROR CAUGHT ======
Unhandled Promise: TypeError: Failed to fetch
=============================
====== JS ERROR CAUGHT ======
Unhandled Promise: TypeError: Failed to fetch
=============================
====== JS ERROR CAUGHT ======
Unhandled Promise: TypeError: Failed to fetch
=============================
====== JS ERROR CAUGHT ======
Unhandled Promise: TypeError: Failed to fetch
=============================
====== JS ERROR CAUGHT ======
Unhandled Promise: TypeError: Failed to fetch
=============================
====== JS ERROR CAUGHT ======
Unhandled Promise: TypeError: Failed to fetch
=============================
====== JS ERROR CAUGHT ======
Unhandled Promise: TypeError: Failed to fetch
=============================
====== JS ERROR CAUGHT ======
Unhandled Promise: TypeError: Failed to fetch
=============================
====== JS ERROR CAUGHT ======
Unhandled Promise: TypeError: Failed to fetch
=============================
====== JS ERROR CAUGHT ======
Unhandled Promise: TypeError: Failed to fetch
=============================
====== JS ERROR CAUGHT ======
Unhandled Promise: TypeError: Failed to fetch
=============================
====== JS ERROR CAUGHT ======
Unhandled Promise: TypeError: Failed to fetch
=============================
====== JS ERROR CAUGHT ======
Unhandled Promise: TypeError: Failed to fetch
=============================
====== JS ERROR CAUGHT ======
Unhandled Promise: TypeError: Failed to fetch
=============================
====== JS ERROR CAUGHT ======
Unhandled Promise: TypeError: Failed to fetch
=============================
====== JS ERROR CAUGHT ======
Unhandled Promise: TypeError: Failed to fetch
=============================
====== JS ERROR CAUGHT ======
Unhandled Promise: TypeError: Failed to fetch
=============================
====== JS ERROR CAUGHT ======
Unhandled Promise: TypeError: Failed to fetch
=============================
====== JS ERROR CAUGHT ======
Unhandled Promise: TypeError: Failed to fetch
=============================
====== JS ERROR CAUGHT ======
Unhandled Promise: TypeError: Failed to fetch
=============================
====== JS ERROR CAUGHT ======
Unhandled Promise: TypeError: Failed to fetch
=============================
====== JS ERROR CAUGHT ======
Unhandled Promise: TypeError: Failed to fetch
=============================
====== JS ERROR CAUGHT ======
Unhandled Promise: TypeError: Failed to fetch
=============================
====== JS ERROR CAUGHT ======
Unhandled Promise: TypeError: Failed to fetch
=============================
====== JS ERROR CAUGHT ======
Unhandled Promise: TypeError: Failed to fetch
=============================
====== JS ERROR CAUGHT ======
Unhandled Promise: TypeError: Failed to fetch
=============================
====== JS ERROR CAUGHT ======
Unhandled Promise: TypeError: Failed to fetch
=============================
====== JS ERROR CAUGHT ======
Unhandled Promise: TypeError: Failed to fetch
=============================
====== JS ERROR CAUGHT ======
Unhandled Promise: TypeError: Failed to fetch
=============================
====== JS ERROR CAUGHT ======
Unhandled Promise: TypeError: Failed to fetch
=============================
====== JS ERROR CAUGHT ======
Unhandled Promise: TypeError: Failed to fetch
=============================
====== JS ERROR CAUGHT ======
Unhandled Promise: TypeError: Failed to fetch
=============================
====== JS ERROR CAUGHT ======
Unhandled Promise: TypeError: Failed to fetch
=============================
====== JS ERROR CAUGHT ======
Unhandled Promise: TypeError: Failed to fetch
=============================
====== JS ERROR CAUGHT ======
Unhandled Promise: TypeError: Failed to fetch
=============================
====== JS ERROR CAUGHT ======
Unhandled Promise: TypeError: Failed to fetch
=============================
====== JS ERROR CAUGHT ======
Unhandled Promise: TypeError: Failed to fetch
=============================
====== JS ERROR CAUGHT ======
Unhandled Promise: TypeError: Failed to fetch
=============================
====== JS ERROR CAUGHT ======
Unhandled Promise: TypeError: Failed to fetch
=============================
====== JS ERROR CAUGHT ======
Unhandled Promise: TypeError: Failed to fetch
=============================
====== JS ERROR CAUGHT ======
Unhandled Promise: TypeError: Failed to fetch
=============================
====== JS ERROR CAUGHT ======
Unhandled Promise: TypeError: Failed to fetch
=============================
====== JS ERROR CAUGHT ======
Unhandled Promise: TypeError: Failed to fetch
=============================
====== JS ERROR CAUGHT ======
Unhandled Promise: TypeError: Failed to fetch
=============================
====== JS ERROR CAUGHT ======
Unhandled Promise: TypeError: Failed to fetch
=============================
====== JS ERROR CAUGHT ======
Unhandled Promise: TypeError: Failed to fetch
=============================
====== JS ERROR CAUGHT ======
Unhandled Promise: TypeError: Failed to fetch
=============================
====== JS ERROR CAUGHT ======
Unhandled Promise: TypeError: Failed to fetch
=============================
====== JS ERROR CAUGHT ======
Unhandled Promise: TypeError: Failed to fetch
=============================
====== JS ERROR CAUGHT ======
Unhandled Promise: TypeError: Failed to fetch
=============================
====== JS ERROR CAUGHT ======
Unhandled Promise: TypeError: Failed to fetch
=============================
====== JS ERROR CAUGHT ======
Unhandled Promise: TypeError: Failed to fetch
=============================
====== JS ERROR CAUGHT ======
Unhandled Promise: TypeError: Failed to fetch
=============================
====== JS ERROR CAUGHT ======
Unhandled Promise: TypeError: Failed to fetch
=============================
====== JS ERROR CAUGHT ======
Unhandled Promise: TypeError: Failed to fetch
=============================
====== JS ERROR CAUGHT ======
Unhandled Promise: TypeError: Failed to fetch
=============================
====== JS ERROR CAUGHT ======
Unhandled Promise: TypeError: Failed to fetch
=============================
====== JS ERROR CAUGHT ======
Unhandled Promise: TypeError: Failed to fetch
=============================
====== JS ERROR CAUGHT ======
Unhandled Promise: TypeError: Failed to fetch
=============================
====== JS ERROR CAUGHT ======
Unhandled Promise: TypeError: Failed to fetch
=============================
====== JS ERROR CAUGHT ======
Unhandled Promise: TypeError: Failed to fetch
=============================
====== JS ERROR CAUGHT ======
Unhandled Promise: TypeError: Failed to fetch
=============================
====== JS ERROR CAUGHT ======
Unhandled Promise: TypeError: Failed to fetch
=============================
====== JS ERROR CAUGHT ======
Unhandled Promise: TypeError: Failed to fetch
=============================
====== JS ERROR CAUGHT ======
Unhandled Promise: TypeError: Failed to fetch
=============================
====== JS ERROR CAUGHT ======
Unhandled Promise: TypeError: Failed to fetch
=============================
====== JS ERROR CAUGHT ======
Unhandled Promise: TypeError: Failed to fetch
=============================
====== JS ERROR CAUGHT ======
Unhandled Promise: TypeError: Failed to fetch
=============================
====== JS ERROR CAUGHT ======
Unhandled Promise: TypeError: Failed to fetch
=============================
====== JS ERROR CAUGHT ======
Unhandled Promise: TypeError: Failed to fetch
=============================
====== JS ERROR CAUGHT ======
Unhandled Promise: TypeError: Failed to fetch
=============================
====== JS ERROR CAUGHT ======
Unhandled Promise: TypeError: Failed to fetch
=============================
====== JS ERROR CAUGHT ======
Unhandled Promise: TypeError: Failed to fetch
=============================
====== JS ERROR CAUGHT ======
Unhandled Promise: TypeError: Failed to fetch
=============================
====== JS ERROR CAUGHT ======
Unhandled Promise: TypeError: Failed to fetch
=============================
====== JS ERROR CAUGHT ======
Unhandled Promise: TypeError: Failed to fetch
=============================
====== JS ERROR CAUGHT ======
Unhandled Promise: TypeError: Failed to fetch
=============================
====== JS ERROR CAUGHT ======
Unhandled Promise: TypeError: Failed to fetch
=============================
====== JS ERROR CAUGHT ======
Unhandled Promise: TypeError: Failed to fetch
=============================
====== JS ERROR CAUGHT ======
Unhandled Promise: TypeError: Failed to fetch
=============================
====== JS ERROR CAUGHT ======
Unhandled Promise: TypeError: Failed to fetch
=============================
====== JS ERROR CAUGHT ======
Unhandled Promise: TypeError: Failed to fetch
=============================
====== JS ERROR CAUGHT ======
Unhandled Promise: TypeError: Failed to fetch
=============================
====== JS ERROR CAUGHT ======
Unhandled Promise: TypeError: Failed to fetch
=============================
====== JS ERROR CAUGHT ======
Unhandled Promise: TypeError: Failed to fetch
=============================
====== JS ERROR CAUGHT ======
Unhandled Promise: TypeError: Failed to fetch
=============================
====== JS ERROR CAUGHT ======
Unhandled Promise: TypeError: Failed to fetch
=============================
====== JS ERROR CAUGHT ======
Unhandled Promise: TypeError: Failed to fetch
=============================
====== JS ERROR CAUGHT ======
Unhandled Promise: TypeError: Failed to fetch
=============================
====== JS ERROR CAUGHT ======
Unhandled Promise: TypeError: Failed to fetch
=============================
====== JS ERROR CAUGHT ======
Unhandled Promise: TypeError: Failed to fetch
=============================
====== JS ERROR CAUGHT ======
Unhandled Promise: TypeError: Failed to fetch
=============================
====== JS ERROR CAUGHT ======
Unhandled Promise: TypeError: Failed to fetch
=============================
====== JS ERROR CAUGHT ======
Unhandled Promise: TypeError: Failed to fetch
=============================
====== JS ERROR CAUGHT ======
Unhandled Promise: TypeError: Failed to fetch
=============================
====== JS ERROR CAUGHT ======
Unhandled Promise: TypeError: Failed to fetch
=============================
====== JS ERROR CAUGHT ======
Unhandled Promise: TypeError: Failed to fetch
=============================
====== JS ERROR CAUGHT ======
Unhandled Promise: TypeError: Failed to fetch
=============================
====== JS ERROR CAUGHT ======
Unhandled Promise: TypeError: Failed to fetch
=============================
====== JS ERROR CAUGHT ======
Unhandled Promise: TypeError: Failed to fetch
=============================
====== JS ERROR CAUGHT ======
Unhandled Promise: TypeError: Failed to fetch
=============================
====== JS ERROR CAUGHT ======
Unhandled Promise: TypeError: Failed to fetch
=============================
====== JS ERROR CAUGHT ======
Unhandled Promise: TypeError: Failed to fetch
=============================
====== JS ERROR CAUGHT ======
Unhandled Promise: TypeError: Failed to fetch
=============================
====== JS ERROR CAUGHT ======
Unhandled Promise: TypeError: Failed to fetch
=============================
====== JS ERROR CAUGHT ======
Unhandled Promise: TypeError: Failed to fetch
=============================
====== JS ERROR CAUGHT ======
Unhandled Promise: TypeError: Failed to fetch
=============================
====== JS ERROR CAUGHT ======
Unhandled Promise: TypeError: Failed to fetch
=============================
====== JS ERROR CAUGHT ======
Unhandled Promise: TypeError: Failed to fetch
=============================
====== JS ERROR CAUGHT ======
Unhandled Promise: TypeError: Failed to fetch
=============================
====== JS ERROR CAUGHT ======
Unhandled Promise: TypeError: Failed to fetch
=============================
====== JS ERROR CAUGHT ======
Unhandled Promise: TypeError: Failed to fetch
=============================
====== JS ERROR CAUGHT ======
Unhandled Promise: TypeError: Failed to fetch
=============================
====== JS ERROR CAUGHT ======
Unhandled Promise: TypeError: Failed to fetch
=============================
====== JS ERROR CAUGHT ======
Unhandled Promise: TypeError: Failed to fetch
=============================
====== JS ERROR CAUGHT ======
Unhandled Promise: TypeError: Failed to fetch
=============================
====== JS ERROR CAUGHT ======
Unhandled Promise: TypeError: Failed to fetch
=============================
====== JS ERROR CAUGHT ======
Unhandled Promise: TypeError: Failed to fetch
=============================
====== JS ERROR CAUGHT ======
Unhandled Promise: TypeError: Failed to fetch
=============================
====== JS ERROR CAUGHT ======
Unhandled Promise: TypeError: Failed to fetch
=============================
====== JS ERROR CAUGHT ======
Unhandled Promise: TypeError: Failed to fetch
=============================
====== JS ERROR CAUGHT ======
Unhandled Promise: TypeError: Failed to fetch
=============================
====== JS ERROR CAUGHT ======
Unhandled Promise: TypeError: Failed to fetch
=============================
====== JS ERROR CAUGHT ======
Unhandled Promise: TypeError: Failed to fetch
=============================
====== JS ERROR CAUGHT ======
Unhandled Promise: TypeError: Failed to fetch
=============================
====== JS ERROR CAUGHT ======
Unhandled Promise: TypeError: Failed to fetch
=============================
====== JS ERROR CAUGHT ======
Unhandled Promise: TypeError: Failed to fetch
=============================
====== JS ERROR CAUGHT ======
Unhandled Promise: TypeError: Failed to fetch
=============================
====== JS ERROR CAUGHT ======
Unhandled Promise: TypeError: Failed to fetch
=============================
====== JS ERROR CAUGHT ======
Unhandled Promise: TypeError: Failed to fetch
=============================
====== JS ERROR CAUGHT ======
Unhandled Promise: TypeError: Failed to fetch
=============================
====== JS ERROR CAUGHT ======
Unhandled Promise: TypeError: Failed to fetch
=============================
====== JS ERROR CAUGHT ======
Unhandled Promise: TypeError: Failed to fetch
=============================
====== JS ERROR CAUGHT ======
Unhandled Promise: TypeError: Failed to fetch
=============================
====== JS ERROR CAUGHT ======
Unhandled Promise: TypeError: Failed to fetch
=============================
====== JS ERROR CAUGHT ======
Unhandled Promise: TypeError: Failed to fetch
=============================
====== JS ERROR CAUGHT ======
Unhandled Promise: TypeError: Failed to fetch
=============================
====== JS ERROR CAUGHT ======
Unhandled Promise: TypeError: Failed to fetch
=============================
====== JS ERROR CAUGHT ======
Unhandled Promise: TypeError: Failed to fetch
=============================
====== JS ERROR CAUGHT ======
Unhandled Promise: TypeError: Failed to fetch
=============================
====== JS ERROR CAUGHT ======
Unhandled Promise: TypeError: Failed to fetch
=============================
====== JS ERROR CAUGHT ======
Unhandled Promise: TypeError: Failed to fetch
=============================
====== JS ERROR CAUGHT ======
Unhandled Promise: TypeError: Failed to fetch
=============================
====== JS ERROR CAUGHT ======
Unhandled Promise: TypeError: Failed to fetch
=============================
====== JS ERROR CAUGHT ======
Unhandled Promise: TypeError: Failed to fetch
=============================
====== JS ERROR CAUGHT ======
Unhandled Promise: TypeError: Failed to fetch
=============================
====== JS ERROR CAUGHT ======
Unhandled Promise: TypeError: Failed to fetch
=============================
====== JS ERROR CAUGHT ======
Unhandled Promise: TypeError: Failed to fetch
=============================
====== JS ERROR CAUGHT ======
Unhandled Promise: TypeError: Failed to fetch
=============================
====== JS ERROR CAUGHT ======
Unhandled Promise: TypeError: Failed to fetch
=============================
====== JS ERROR CAUGHT ======
Unhandled Promise: TypeError: Failed to fetch
=============================
====== JS ERROR CAUGHT ======
Unhandled Promise: TypeError: Failed to fetch
=============================
====== JS ERROR CAUGHT ======
Unhandled Promise: TypeError: Failed to fetch
=============================
====== JS ERROR CAUGHT ======
Unhandled Promise: TypeError: Failed to fetch
=============================
====== JS ERROR CAUGHT ======
Unhandled Promise: TypeError: Failed to fetch
=============================
====== JS ERROR CAUGHT ======
Unhandled Promise: TypeError: Failed to fetch
=============================
====== JS ERROR CAUGHT ======
Unhandled Promise: TypeError: Failed to fetch
=============================
====== JS ERROR CAUGHT ======
Unhandled Promise: TypeError: Failed to fetch
=============================
====== JS ERROR CAUGHT ======
Unhandled Promise: TypeError: Failed to fetch
=============================
====== JS ERROR CAUGHT ======
Unhandled Promise: TypeError: Failed to fetch
=============================
====== JS ERROR CAUGHT ======
Unhandled Promise: TypeError: Failed to fetch
=============================
====== JS ERROR CAUGHT ======
Unhandled Promise: TypeError: Failed to fetch
=============================
====== JS ERROR CAUGHT ======
Unhandled Promise: TypeError: Failed to fetch
=============================
====== JS ERROR CAUGHT ======
Unhandled Promise: TypeError: Failed to fetch
=============================
====== JS ERROR CAUGHT ======
Unhandled Promise: TypeError: Failed to fetch
=============================
====== JS ERROR CAUGHT ======
Unhandled Promise: TypeError: Failed to fetch
=============================
====== JS ERROR CAUGHT ======
Unhandled Promise: TypeError: Failed to fetch
=============================
====== JS ERROR CAUGHT ======
Unhandled Promise: TypeError: Failed to fetch
=============================
====== JS ERROR CAUGHT ======
Unhandled Promise: TypeError: Failed to fetch
=============================
====== JS ERROR CAUGHT ======
Unhandled Promise: TypeError: Failed to fetch
=============================
====== JS ERROR CAUGHT ======
Unhandled Promise: TypeError: Failed to fetch
=============================
====== JS ERROR CAUGHT ======
Unhandled Promise: TypeError: Failed to fetch
=============================
====== JS ERROR CAUGHT ======
Unhandled Promise: TypeError: Failed to fetch
=============================
====== JS ERROR CAUGHT ======
Unhandled Promise: TypeError: Failed to fetch
=============================
====== JS ERROR CAUGHT ======
Unhandled Promise: TypeError: Failed to fetch
=============================
====== JS ERROR CAUGHT ======
Unhandled Promise: TypeError: Failed to fetch
=============================
====== JS ERROR CAUGHT ======
Unhandled Promise: TypeError: Failed to fetch
=============================
====== JS ERROR CAUGHT ======
Unhandled Promise: TypeError: Failed to fetch
=============================
====== JS ERROR CAUGHT ======
Unhandled Promise: TypeError: Failed to fetch
=============================
====== JS ERROR CAUGHT ======
Unhandled Promise: TypeError: Failed to fetch
=============================
====== JS ERROR CAUGHT ======
Unhandled Promise: TypeError: Failed to fetch
=============================
====== JS ERROR CAUGHT ======
Unhandled Promise: TypeError: Failed to fetch
=============================
====== JS ERROR CAUGHT ======
Unhandled Promise: TypeError: Failed to fetch
=============================
====== JS ERROR CAUGHT ======
Unhandled Promise: TypeError: Failed to fetch
=============================
====== JS ERROR CAUGHT ======
Unhandled Promise: TypeError: Failed to fetch
=============================
====== JS ERROR CAUGHT ======
Unhandled Promise: TypeError: Failed to fetch
=============================
====== JS ERROR CAUGHT ======
Unhandled Promise: TypeError: Failed to fetch
=============================
====== JS ERROR CAUGHT ======
Unhandled Promise: TypeError: Failed to fetch
=============================
====== JS ERROR CAUGHT ======
Unhandled Promise: TypeError: Failed to fetch
=============================
====== JS ERROR CAUGHT ======
Unhandled Promise: TypeError: Failed to fetch
=============================
====== JS ERROR CAUGHT ======
Unhandled Promise: TypeError: Failed to fetch
=============================
====== JS ERROR CAUGHT ======
Unhandled Promise: TypeError: Failed to fetch
=============================
====== JS ERROR CAUGHT ======
Unhandled Promise: TypeError: Failed to fetch
=============================
====== JS ERROR CAUGHT ======
Unhandled Promise: TypeError: Failed to fetch
=============================
====== JS ERROR CAUGHT ======
Unhandled Promise: TypeError: Failed to fetch
=============================
====== JS ERROR CAUGHT ======
Unhandled Promise: TypeError: Failed to fetch
=============================
====== JS ERROR CAUGHT ======
Unhandled Promise: TypeError: Failed to fetch
=============================
====== JS ERROR CAUGHT ======
Unhandled Promise: TypeError: Failed to fetch
=============================
====== JS ERROR CAUGHT ======
Unhandled Promise: TypeError: Failed to fetch
=============================
====== JS ERROR CAUGHT ======
Unhandled Promise: TypeError: Failed to fetch
=============================
====== JS ERROR CAUGHT ======
Unhandled Promise: TypeError: Failed to fetch
=============================
====== JS ERROR CAUGHT ======
Unhandled Promise: TypeError: Failed to fetch
=============================
====== JS ERROR CAUGHT ======
Unhandled Promise: TypeError: Failed to fetch
=============================
====== JS ERROR CAUGHT ======
Unhandled Promise: TypeError: Failed to fetch
=============================
====== JS ERROR CAUGHT ======
Unhandled Promise: TypeError: Failed to fetch
=============================
====== JS ERROR CAUGHT ======
Unhandled Promise: TypeError: Failed to fetch
=============================
====== JS ERROR CAUGHT ======
Unhandled Promise: TypeError: Failed to fetch
=============================
====== JS ERROR CAUGHT ======
Unhandled Promise: TypeError: Failed to fetch
=============================
====== JS ERROR CAUGHT ======
Unhandled Promise: TypeError: Failed to fetch
=============================
====== JS ERROR CAUGHT ======
Unhandled Promise: TypeError: Failed to fetch
=============================
====== JS ERROR CAUGHT ======
Unhandled Promise: TypeError: Failed to fetch
=============================
====== JS ERROR CAUGHT ======
Unhandled Promise: TypeError: Failed to fetch
=============================
====== JS ERROR CAUGHT ======
Unhandled Promise: TypeError: Failed to fetch
=============================
====== JS ERROR CAUGHT ======
Unhandled Promise: TypeError: Failed to fetch
=============================
====== JS ERROR CAUGHT ======
Unhandled Promise: TypeError: Failed to fetch
=============================
====== JS ERROR CAUGHT ======
Unhandled Promise: TypeError: Failed to fetch
=============================
====== JS ERROR CAUGHT ======
Unhandled Promise: TypeError: Failed to fetch
=============================
====== JS ERROR CAUGHT ======
Unhandled Promise: TypeError: Failed to fetch
=============================
====== JS ERROR CAUGHT ======
Unhandled Promise: TypeError: Failed to fetch
=============================
====== JS ERROR CAUGHT ======
Unhandled Promise: TypeError: Failed to fetch
=============================
====== JS ERROR CAUGHT ======
Unhandled Promise: TypeError: Failed to fetch
=============================
====== JS ERROR CAUGHT ======
Unhandled Promise: TypeError: Failed to fetch
=============================
====== JS ERROR CAUGHT ======
Unhandled Promise: TypeError: Failed to fetch
=============================
====== JS ERROR CAUGHT ======
Unhandled Promise: TypeError: Failed to fetch
=============================
====== JS ERROR CAUGHT ======
Unhandled Promise: TypeError: Failed to fetch
=============================
====== JS ERROR CAUGHT ======
Unhandled Promise: TypeError: Failed to fetch
=============================
====== JS ERROR CAUGHT ======
Unhandled Promise: TypeError: Failed to fetch
=============================
====== JS ERROR CAUGHT ======
Unhandled Promise: TypeError: Failed to fetch
=============================
====== JS ERROR CAUGHT ======
Unhandled Promise: TypeError: Failed to fetch
=============================
====== JS ERROR CAUGHT ======
Unhandled Promise: TypeError: Failed to fetch
=============================
====== JS ERROR CAUGHT ======
Unhandled Promise: TypeError: Failed to fetch
=============================
====== JS ERROR CAUGHT ======
Unhandled Promise: TypeError: Failed to fetch
=============================
====== JS ERROR CAUGHT ======
Unhandled Promise: TypeError: Failed to fetch
=============================
====== JS ERROR CAUGHT ======
Unhandled Promise: TypeError: Failed to fetch
=============================
====== JS ERROR CAUGHT ======
Unhandled Promise: TypeError: Failed to fetch
=============================
====== JS ERROR CAUGHT ======
Unhandled Promise: TypeError: Failed to fetch
=============================
====== JS ERROR CAUGHT ======
Unhandled Promise: TypeError: Failed to fetch
=============================
====== JS ERROR CAUGHT ======
Unhandled Promise: TypeError: Failed to fetch
=============================
====== JS ERROR CAUGHT ======
Unhandled Promise: TypeError: Failed to fetch
=============================
====== JS ERROR CAUGHT ======
Unhandled Promise: TypeError: Failed to fetch
=============================
====== JS ERROR CAUGHT ======
Unhandled Promise: TypeError: Failed to fetch
=============================
====== JS ERROR CAUGHT ======
Unhandled Promise: TypeError: Failed to fetch
=============================
====== JS ERROR CAUGHT ======
Unhandled Promise: TypeError: Failed to fetch
=============================
====== JS ERROR CAUGHT ======
Unhandled Promise: TypeError: Failed to fetch
=============================
====== JS ERROR CAUGHT ======
Unhandled Promise: TypeError: Failed to fetch
=============================
====== JS ERROR CAUGHT ======
Unhandled Promise: TypeError: Failed to fetch
=============================
====== JS ERROR CAUGHT ======
Unhandled Promise: TypeError: Failed to fetch
=============================
====== JS ERROR CAUGHT ======
Unhandled Promise: TypeError: Failed to fetch
=============================
====== JS ERROR CAUGHT ======
Unhandled Promise: TypeError: Failed to fetch
=============================
====== JS ERROR CAUGHT ======
Unhandled Promise: TypeError: Failed to fetch
=============================
====== JS ERROR CAUGHT ======
Unhandled Promise: TypeError: Failed to fetch
=============================
====== JS ERROR CAUGHT ======
Unhandled Promise: TypeError: Failed to fetch
=============================
====== JS ERROR CAUGHT ======
Unhandled Promise: TypeError: Failed to fetch
=============================
====== JS ERROR CAUGHT ======
Unhandled Promise: TypeError: Failed to fetch
=============================
====== JS ERROR CAUGHT ======
Unhandled Promise: TypeError: Failed to fetch
=============================
====== JS ERROR CAUGHT ======
Unhandled Promise: TypeError: Failed to fetch
=============================
====== JS ERROR CAUGHT ======
Unhandled Promise: TypeError: Failed to fetch
=============================
====== JS ERROR CAUGHT ======
Unhandled Promise: TypeError: Failed to fetch
=============================
====== JS ERROR CAUGHT ======
Unhandled Promise: TypeError: Failed to fetch
=============================
====== JS ERROR CAUGHT ======
Unhandled Promise: TypeError: Failed to fetch
=============================
====== JS ERROR CAUGHT ======
Unhandled Promise: TypeError: Failed to fetch
=============================
====== JS ERROR CAUGHT ======
Unhandled Promise: TypeError: Failed to fetch
=============================
====== JS ERROR CAUGHT ======
Unhandled Promise: TypeError: Failed to fetch
=============================
====== JS ERROR CAUGHT ======
Unhandled Promise: TypeError: Failed to fetch
=============================
====== JS ERROR CAUGHT ======
Unhandled Promise: TypeError: Failed to fetch
=============================
====== JS ERROR CAUGHT ======
Unhandled Promise: TypeError: Failed to fetch
=============================
====== JS ERROR CAUGHT ======
Unhandled Promise: TypeError: Failed to fetch
=============================
====== JS ERROR CAUGHT ======
Unhandled Promise: TypeError: Failed to fetch
=============================
====== JS ERROR CAUGHT ======
Unhandled Promise: TypeError: Failed to fetch
=============================
====== JS ERROR CAUGHT ======
Unhandled Promise: TypeError: Failed to fetch
=============================
====== JS ERROR CAUGHT ======
Unhandled Promise: TypeError: Failed to fetch
=============================
====== JS ERROR CAUGHT ======
Unhandled Promise: TypeError: Failed to fetch
=============================
====== JS ERROR CAUGHT ======
Unhandled Promise: TypeError: Failed to fetch
=============================
====== JS ERROR CAUGHT ======
Unhandled Promise: TypeError: Failed to fetch
=============================
====== JS ERROR CAUGHT ======
Unhandled Promise: TypeError: Failed to fetch
=============================
====== JS ERROR CAUGHT ======
Unhandled Promise: TypeError: Failed to fetch
=============================
====== JS ERROR CAUGHT ======
Unhandled Promise: TypeError: Failed to fetch
=============================
====== JS ERROR CAUGHT ======
Unhandled Promise: TypeError: Failed to fetch
=============================
====== JS ERROR CAUGHT ======
Unhandled Promise: TypeError: Failed to fetch
=============================
====== JS ERROR CAUGHT ======
Unhandled Promise: TypeError: Failed to fetch
=============================
====== JS ERROR CAUGHT ======
Unhandled Promise: TypeError: Failed to fetch
=============================
====== JS ERROR CAUGHT ======
Unhandled Promise: TypeError: Failed to fetch
=============================
====== JS ERROR CAUGHT ======
Unhandled Promise: TypeError: Failed to fetch
=============================
====== JS ERROR CAUGHT ======
Unhandled Promise: TypeError: Failed to fetch
=============================
====== JS ERROR CAUGHT ======
Unhandled Promise: TypeError: Failed to fetch
=============================
====== JS ERROR CAUGHT ======
Unhandled Promise: TypeError: Failed to fetch
=============================
====== JS ERROR CAUGHT ======
Unhandled Promise: TypeError: Failed to fetch
=============================
====== JS ERROR CAUGHT ======
Unhandled Promise: TypeError: Failed to fetch
=============================
====== JS ERROR CAUGHT ======
Unhandled Promise: TypeError: Failed to fetch
=============================
====== JS ERROR CAUGHT ======
Unhandled Promise: TypeError: Failed to fetch
=============================
====== JS ERROR CAUGHT ======
Unhandled Promise: TypeError: Failed to fetch
=============================
====== JS ERROR CAUGHT ======
Unhandled Promise: TypeError: Failed to fetch
=============================
====== JS ERROR CAUGHT ======
Unhandled Promise: TypeError: Failed to fetch
=============================
====== JS ERROR CAUGHT ======
Unhandled Promise: TypeError: Failed to fetch
=============================
====== JS ERROR CAUGHT ======
Unhandled Promise: TypeError: Failed to fetch
=============================
====== JS ERROR CAUGHT ======
Unhandled Promise: TypeError: Failed to fetch
=============================
====== JS ERROR CAUGHT ======
Unhandled Promise: TypeError: Failed to fetch
=============================
====== JS ERROR CAUGHT ======
Unhandled Promise: TypeError: Failed to fetch
=============================
====== JS ERROR CAUGHT ======
Unhandled Promise: TypeError: Failed to fetch
=============================
====== JS ERROR CAUGHT ======
Unhandled Promise: TypeError: Failed to fetch
=============================
====== JS ERROR CAUGHT ======
Unhandled Promise: TypeError: Failed to fetch
=============================
====== JS ERROR CAUGHT ======
Unhandled Promise: TypeError: Failed to fetch
=============================
====== JS ERROR CAUGHT ======
Unhandled Promise: TypeError: Failed to fetch
=============================
====== JS ERROR CAUGHT ======
Unhandled Promise: TypeError: Failed to fetch
=============================
====== JS ERROR CAUGHT ======
Unhandled Promise: TypeError: Failed to fetch
=============================
====== JS ERROR CAUGHT ======
Unhandled Promise: TypeError: Failed to fetch
=============================
====== JS ERROR CAUGHT ======
Unhandled Promise: TypeError: Failed to fetch
=============================
====== JS ERROR CAUGHT ======
Unhandled Promise: TypeError: Failed to fetch
=============================
====== JS ERROR CAUGHT ======
Unhandled Promise: TypeError: Failed to fetch
=============================
====== JS ERROR CAUGHT ======
Unhandled Promise: TypeError: Failed to fetch
=============================
====== JS ERROR CAUGHT ======
Unhandled Promise: TypeError: Failed to fetch
=============================
====== JS ERROR CAUGHT ======
Unhandled Promise: TypeError: Failed to fetch
=============================
====== JS ERROR CAUGHT ======
Unhandled Promise: TypeError: Failed to fetch
=============================
====== JS ERROR CAUGHT ======
Unhandled Promise: TypeError: Failed to fetch
=============================
====== JS ERROR CAUGHT ======
Unhandled Promise: TypeError: Failed to fetch
=============================
====== JS ERROR CAUGHT ======
Unhandled Promise: TypeError: Failed to fetch
=============================
====== JS ERROR CAUGHT ======
Unhandled Promise: TypeError: Failed to fetch
=============================
====== JS ERROR CAUGHT ======
Unhandled Promise: TypeError: Failed to fetch
=============================
====== JS ERROR CAUGHT ======
Unhandled Promise: TypeError: Failed to fetch
=============================
====== JS ERROR CAUGHT ======
Unhandled Promise: TypeError: Failed to fetch
=============================
====== JS ERROR CAUGHT ======
Unhandled Promise: TypeError: Failed to fetch
=============================
====== JS ERROR CAUGHT ======
Unhandled Promise: TypeError: Failed to fetch
=============================
====== JS ERROR CAUGHT ======
Unhandled Promise: TypeError: Failed to fetch
=============================
====== JS ERROR CAUGHT ======
Unhandled Promise: TypeError: Failed to fetch
=============================
====== JS ERROR CAUGHT ======
Unhandled Promise: TypeError: Failed to fetch
=============================
====== JS ERROR CAUGHT ======
Unhandled Promise: TypeError: Failed to fetch
=============================
====== JS ERROR CAUGHT ======
Unhandled Promise: TypeError: Failed to fetch
=============================
====== JS ERROR CAUGHT ======
Unhandled Promise: TypeError: Failed to fetch
=============================
====== JS ERROR CAUGHT ======
Unhandled Promise: TypeError: Failed to fetch
=============================
====== JS ERROR CAUGHT ======
Unhandled Promise: TypeError: Failed to fetch
=============================
====== JS ERROR CAUGHT ======
Unhandled Promise: TypeError: Failed to fetch
=============================
====== JS ERROR CAUGHT ======
Unhandled Promise: TypeError: Failed to fetch
=============================
====== JS ERROR CAUGHT ======
Unhandled Promise: TypeError: Failed to fetch
=============================
====== JS ERROR CAUGHT ======
Unhandled Promise: TypeError: Failed to fetch
=============================
====== JS ERROR CAUGHT ======
Unhandled Promise: TypeError: Failed to fetch
=============================
====== JS ERROR CAUGHT ======
Unhandled Promise: TypeError: Failed to fetch
=============================
====== JS ERROR CAUGHT ======
Unhandled Promise: TypeError: Failed to fetch
=============================
====== JS ERROR CAUGHT ======
Unhandled Promise: TypeError: Failed to fetch
=============================
====== JS ERROR CAUGHT ======
Unhandled Promise: TypeError: Failed to fetch
=============================
====== JS ERROR CAUGHT ======
Unhandled Promise: TypeError: Failed to fetch
=============================
====== JS ERROR CAUGHT ======
Unhandled Promise: TypeError: Failed to fetch
=============================
====== JS ERROR CAUGHT ======
Unhandled Promise: TypeError: Failed to fetch
=============================
====== JS ERROR CAUGHT ======
Unhandled Promise: TypeError: Failed to fetch
=============================
====== JS ERROR CAUGHT ======
Unhandled Promise: TypeError: Failed to fetch
=============================
====== JS ERROR CAUGHT ======
Unhandled Promise: TypeError: Failed to fetch
=============================
====== JS ERROR CAUGHT ======
Unhandled Promise: TypeError: Failed to fetch
=============================
====== JS ERROR CAUGHT ======
Unhandled Promise: TypeError: Failed to fetch
=============================
====== JS ERROR CAUGHT ======
Unhandled Promise: TypeError: Failed to fetch
=============================
====== JS ERROR CAUGHT ======
Unhandled Promise: TypeError: Failed to fetch
=============================
====== JS ERROR CAUGHT ======
Unhandled Promise: TypeError: Failed to fetch
=============================
====== JS ERROR CAUGHT ======
Unhandled Promise: TypeError: Failed to fetch
=============================
====== JS ERROR CAUGHT ======
Unhandled Promise: TypeError: Failed to fetch
=============================
====== JS ERROR CAUGHT ======
Unhandled Promise: TypeError: Failed to fetch
=============================
====== JS ERROR CAUGHT ======
Unhandled Promise: TypeError: Failed to fetch
=============================
====== JS ERROR CAUGHT ======
Unhandled Promise: TypeError: Failed to fetch
=============================
====== JS ERROR CAUGHT ======
Unhandled Promise: TypeError: Failed to fetch
=============================
====== JS ERROR CAUGHT ======
Unhandled Promise: TypeError: Failed to fetch
=============================
====== JS ERROR CAUGHT ======
Unhandled Promise: TypeError: Failed to fetch
=============================
====== JS ERROR CAUGHT ======
Unhandled Promise: TypeError: Failed to fetch
=============================
====== JS ERROR CAUGHT ======
Unhandled Promise: TypeError: Failed to fetch
=============================
====== JS ERROR CAUGHT ======
Unhandled Promise: TypeError: Failed to fetch
=============================
====== JS ERROR CAUGHT ======
Unhandled Promise: TypeError: Failed to fetch
=============================
====== JS ERROR CAUGHT ======
Unhandled Promise: TypeError: Failed to fetch
=============================
====== JS ERROR CAUGHT ======
Unhandled Promise: TypeError: Failed to fetch
=============================
====== JS ERROR CAUGHT ======
Unhandled Promise: TypeError: Failed to fetch
=============================
====== JS ERROR CAUGHT ======
Unhandled Promise: TypeError: Failed to fetch
=============================
====== JS ERROR CAUGHT ======
Unhandled Promise: TypeError: Failed to fetch
=============================
====== JS ERROR CAUGHT ======
Unhandled Promise: TypeError: Failed to fetch
=============================
====== JS ERROR CAUGHT ======
Unhandled Promise: TypeError: Failed to fetch
=============================
====== JS ERROR CAUGHT ======
Unhandled Promise: TypeError: Failed to fetch
=============================
====== JS ERROR CAUGHT ======
Unhandled Promise: TypeError: Failed to fetch
=============================
====== JS ERROR CAUGHT ======
Unhandled Promise: TypeError: Failed to fetch
=============================
====== JS ERROR CAUGHT ======
Unhandled Promise: TypeError: Failed to fetch
=============================
====== JS ERROR CAUGHT ======
Unhandled Promise: TypeError: Failed to fetch
=============================
====== JS ERROR CAUGHT ======
Unhandled Promise: TypeError: Failed to fetch
=============================
====== JS ERROR CAUGHT ======
Unhandled Promise: TypeError: Failed to fetch
=============================
====== JS ERROR CAUGHT ======
Unhandled Promise: TypeError: Failed to fetch
=============================
====== JS ERROR CAUGHT ======
Unhandled Promise: TypeError: Failed to fetch
=============================
====== JS ERROR CAUGHT ======
Unhandled Promise: TypeError: Failed to fetch
=============================
====== JS ERROR CAUGHT ======
Unhandled Promise: TypeError: Failed to fetch
=============================
====== JS ERROR CAUGHT ======
Unhandled Promise: TypeError: Failed to fetch
=============================
====== JS ERROR CAUGHT ======
Unhandled Promise: TypeError: Failed to fetch
=============================
====== JS ERROR CAUGHT ======
Unhandled Promise: TypeError: Failed to fetch
=============================
====== JS ERROR CAUGHT ======
Unhandled Promise: TypeError: Failed to fetch
=============================
====== JS ERROR CAUGHT ======
Unhandled Promise: TypeError: Failed to fetch
=============================
====== JS ERROR CAUGHT ======
Unhandled Promise: TypeError: Failed to fetch
=============================
====== JS ERROR CAUGHT ======
Unhandled Promise: TypeError: Failed to fetch
=============================
====== JS ERROR CAUGHT ======
Unhandled Promise: TypeError: Failed to fetch
=============================
====== JS ERROR CAUGHT ======
Unhandled Promise: TypeError: Failed to fetch
=============================
====== JS ERROR CAUGHT ======
Unhandled Promise: TypeError: Failed to fetch
=============================
====== JS ERROR CAUGHT ======
Unhandled Promise: TypeError: Failed to fetch
=============================
====== JS ERROR CAUGHT ======
Unhandled Promise: TypeError: Failed to fetch
=============================
====== JS ERROR CAUGHT ======
Unhandled Promise: TypeError: Failed to fetch
=============================
====== JS ERROR CAUGHT ======
Unhandled Promise: TypeError: Failed to fetch
=============================
====== JS ERROR CAUGHT ======
Unhandled Promise: TypeError: Failed to fetch
=============================
====== JS ERROR CAUGHT ======
Unhandled Promise: TypeError: Failed to fetch
=============================
====== JS ERROR CAUGHT ======
Unhandled Promise: TypeError: Failed to fetch
=============================
====== JS ERROR CAUGHT ======
Unhandled Promise: TypeError: Failed to fetch
=============================
====== JS ERROR CAUGHT ======
Unhandled Promise: TypeError: Failed to fetch
=============================
====== JS ERROR CAUGHT ======
Unhandled Promise: TypeError: Failed to fetch
=============================
====== JS ERROR CAUGHT ======
Unhandled Promise: TypeError: Failed to fetch
=============================
====== JS ERROR CAUGHT ======
Unhandled Promise: TypeError: Failed to fetch
=============================
====== JS ERROR CAUGHT ======
Unhandled Promise: TypeError: Failed to fetch
=============================
====== JS ERROR CAUGHT ======
Unhandled Promise: TypeError: Failed to fetch
=============================
====== JS ERROR CAUGHT ======
Unhandled Promise: TypeError: Failed to fetch
=============================
====== JS ERROR CAUGHT ======
Unhandled Promise: TypeError: Failed to fetch
=============================
====== JS ERROR CAUGHT ======
Unhandled Promise: TypeError: Failed to fetch
=============================
====== JS ERROR CAUGHT ======
Unhandled Promise: TypeError: Failed to fetch
=============================
====== JS ERROR CAUGHT ======
Unhandled Promise: TypeError: Failed to fetch
=============================
====== JS ERROR CAUGHT ======
Unhandled Promise: TypeError: Failed to fetch
=============================
====== JS ERROR CAUGHT ======
Unhandled Promise: TypeError: Failed to fetch
=============================
====== JS ERROR CAUGHT ======
Unhandled Promise: TypeError: Failed to fetch
=============================
====== JS ERROR CAUGHT ======
Unhandled Promise: TypeError: Failed to fetch
=============================
====== JS ERROR CAUGHT ======
Unhandled Promise: TypeError: Failed to fetch
=============================
====== JS ERROR CAUGHT ======
Unhandled Promise: TypeError: Failed to fetch
=============================
====== JS ERROR CAUGHT ======
Unhandled Promise: TypeError: Failed to fetch
=============================
====== JS ERROR CAUGHT ======
Unhandled Promise: TypeError: Failed to fetch
=============================
====== JS ERROR CAUGHT ======
Unhandled Promise: TypeError: Failed to fetch
=============================
====== JS ERROR CAUGHT ======
Unhandled Promise: TypeError: Failed to fetch
=============================
====== JS ERROR CAUGHT ======
Unhandled Promise: TypeError: Failed to fetch
=============================
====== JS ERROR CAUGHT ======
Unhandled Promise: TypeError: Failed to fetch
=============================
====== JS ERROR CAUGHT ======
Unhandled Promise: TypeError: Failed to fetch
=============================
====== JS ERROR CAUGHT ======
Unhandled Promise: TypeError: Failed to fetch
=============================
====== JS ERROR CAUGHT ======
Unhandled Promise: TypeError: Failed to fetch
=============================
====== JS ERROR CAUGHT ======
Unhandled Promise: TypeError: Failed to fetch
=============================
====== JS ERROR CAUGHT ======
Unhandled Promise: TypeError: Failed to fetch
=============================
====== JS ERROR CAUGHT ======
Unhandled Promise: TypeError: Failed to fetch
=============================
====== JS ERROR CAUGHT ======
Unhandled Promise: TypeError: Failed to fetch
=============================
====== JS ERROR CAUGHT ======
Unhandled Promise: TypeError: Failed to fetch
=============================
====== JS ERROR CAUGHT ======
Unhandled Promise: TypeError: Failed to fetch
=============================
====== JS ERROR CAUGHT ======
Unhandled Promise: TypeError: Failed to fetch
=============================
====== JS ERROR CAUGHT ======
Unhandled Promise: TypeError: Failed to fetch
=============================
====== JS ERROR CAUGHT ======
Unhandled Promise: TypeError: Failed to fetch
=============================
====== JS ERROR CAUGHT ======
Unhandled Promise: TypeError: Failed to fetch
=============================
====== JS ERROR CAUGHT ======
Unhandled Promise: TypeError: Failed to fetch
=============================
====== JS ERROR CAUGHT ======
Unhandled Promise: TypeError: Failed to fetch
=============================
====== JS ERROR CAUGHT ======
Unhandled Promise: TypeError: Failed to fetch
=============================
====== JS ERROR CAUGHT ======
Unhandled Promise: TypeError: Failed to fetch
=============================
====== JS ERROR CAUGHT ======
Unhandled Promise: TypeError: Failed to fetch
=============================
====== JS ERROR CAUGHT ======
Unhandled Promise: TypeError: Failed to fetch
=============================
====== JS ERROR CAUGHT ======
Unhandled Promise: TypeError: Failed to fetch
=============================
====== JS ERROR CAUGHT ======
Unhandled Promise: TypeError: Failed to fetch
=============================
====== JS ERROR CAUGHT ======
Unhandled Promise: TypeError: Failed to fetch
=============================
====== JS ERROR CAUGHT ======
Unhandled Promise: TypeError: Failed to fetch
=============================
====== JS ERROR CAUGHT ======
Unhandled Promise: TypeError: Failed to fetch
=============================
====== JS ERROR CAUGHT ======
Unhandled Promise: TypeError: Failed to fetch
=============================
====== JS ERROR CAUGHT ======
Unhandled Promise: TypeError: Failed to fetch
=============================
====== JS ERROR CAUGHT ======
Unhandled Promise: TypeError: Failed to fetch
=============================
====== JS ERROR CAUGHT ======
Unhandled Promise: TypeError: Failed to fetch
=============================
====== JS ERROR CAUGHT ======
Unhandled Promise: TypeError: Failed to fetch
=============================
====== JS ERROR CAUGHT ======
Unhandled Promise: TypeError: Failed to fetch
=============================
====== JS ERROR CAUGHT ======
Unhandled Promise: TypeError: Failed to fetch
=============================
====== JS ERROR CAUGHT ======
Unhandled Promise: TypeError: Failed to fetch
=============================
====== JS ERROR CAUGHT ======
Unhandled Promise: TypeError: Failed to fetch
=============================
====== JS ERROR CAUGHT ======
Unhandled Promise: TypeError: Failed to fetch
=============================
====== JS ERROR CAUGHT ======
Unhandled Promise: TypeError: Failed to fetch
=============================
====== JS ERROR CAUGHT ======
Unhandled Promise: TypeError: Failed to fetch
=============================
====== JS ERROR CAUGHT ======
Unhandled Promise: TypeError: Failed to fetch
=============================
====== JS ERROR CAUGHT ======
Unhandled Promise: TypeError: Failed to fetch
=============================
====== JS ERROR CAUGHT ======
Unhandled Promise: TypeError: Failed to fetch
=============================
====== JS ERROR CAUGHT ======
Unhandled Promise: TypeError: Failed to fetch
=============================
====== JS ERROR CAUGHT ======
Unhandled Promise: TypeError: Failed to fetch
=============================
====== JS ERROR CAUGHT ======
Unhandled Promise: TypeError: Failed to fetch
=============================
====== JS ERROR CAUGHT ======
Unhandled Promise: TypeError: Failed to fetch
=============================
====== JS ERROR CAUGHT ======
Unhandled Promise: TypeError: Failed to fetch
=============================
====== JS ERROR CAUGHT ======
Unhandled Promise: TypeError: Failed to fetch
=============================
====== JS ERROR CAUGHT ======
Unhandled Promise: TypeError: Failed to fetch
=============================
====== JS ERROR CAUGHT ======
Unhandled Promise: TypeError: Failed to fetch
=============================
====== JS ERROR CAUGHT ======
Unhandled Promise: TypeError: Failed to fetch
=============================
====== JS ERROR CAUGHT ======
Unhandled Promise: TypeError: Failed to fetch
=============================
====== JS ERROR CAUGHT ======
Unhandled Promise: TypeError: Failed to fetch
=============================
====== JS ERROR CAUGHT ======
Unhandled Promise: TypeError: Failed to fetch
=============================
====== JS ERROR CAUGHT ======
Unhandled Promise: TypeError: Failed to fetch
=============================
====== JS ERROR CAUGHT ======
Unhandled Promise: TypeError: Failed to fetch
=============================
====== JS ERROR CAUGHT ======
Unhandled Promise: TypeError: Failed to fetch
=============================
====== JS ERROR CAUGHT ======
Unhandled Promise: TypeError: Failed to fetch
=============================
====== JS ERROR CAUGHT ======
Unhandled Promise: TypeError: Failed to fetch
=============================
====== JS ERROR CAUGHT ======
Unhandled Promise: TypeError: Failed to fetch
=============================
====== JS ERROR CAUGHT ======
Unhandled Promise: TypeError: Failed to fetch
=============================
====== JS ERROR CAUGHT ======
Unhandled Promise: TypeError: Failed to fetch
=============================
====== JS ERROR CAUGHT ======
Unhandled Promise: TypeError: Failed to fetch
=============================
====== JS ERROR CAUGHT ======
Unhandled Promise: TypeError: Failed to fetch
=============================
====== JS ERROR CAUGHT ======
Unhandled Promise: TypeError: Failed to fetch
=============================
====== JS ERROR CAUGHT ======
Unhandled Promise: TypeError: Failed to fetch
=============================
====== JS ERROR CAUGHT ======
Unhandled Promise: TypeError: Failed to fetch
=============================
====== JS ERROR CAUGHT ======
Unhandled Promise: TypeError: Failed to fetch
=============================
====== JS ERROR CAUGHT ======
Unhandled Promise: TypeError: Failed to fetch
=============================
====== JS ERROR CAUGHT ======
Unhandled Promise: TypeError: Failed to fetch
=============================
====== JS ERROR CAUGHT ======
Unhandled Promise: TypeError: Failed to fetch
=============================
====== JS ERROR CAUGHT ======
Unhandled Promise: TypeError: Failed to fetch
=============================
====== JS ERROR CAUGHT ======
Unhandled Promise: TypeError: Failed to fetch
=============================
====== JS ERROR CAUGHT ======
Unhandled Promise: TypeError: Failed to fetch
=============================
====== JS ERROR CAUGHT ======
Unhandled Promise: TypeError: Failed to fetch
=============================
====== JS ERROR CAUGHT ======
Unhandled Promise: TypeError: Failed to fetch
=============================
====== JS ERROR CAUGHT ======
Unhandled Promise: TypeError: Failed to fetch
=============================
====== JS ERROR CAUGHT ======
Unhandled Promise: TypeError: Failed to fetch
=============================
====== JS ERROR CAUGHT ======
Unhandled Promise: TypeError: Failed to fetch
=============================
====== JS ERROR CAUGHT ======
Unhandled Promise: TypeError: Failed to fetch
=============================
====== JS ERROR CAUGHT ======
Unhandled Promise: TypeError: Failed to fetch
=============================
====== JS ERROR CAUGHT ======
Unhandled Promise: TypeError: Failed to fetch
=============================
====== JS ERROR CAUGHT ======
Unhandled Promise: TypeError: Failed to fetch
=============================
====== JS ERROR CAUGHT ======
Unhandled Promise: TypeError: Failed to fetch
=============================
====== JS ERROR CAUGHT ======
Unhandled Promise: TypeError: Failed to fetch
=============================
====== JS ERROR CAUGHT ======
Unhandled Promise: TypeError: Failed to fetch
=============================
====== JS ERROR CAUGHT ======
Unhandled Promise: TypeError: Failed to fetch
=============================
====== JS ERROR CAUGHT ======
Unhandled Promise: TypeError: Failed to fetch
=============================
====== JS ERROR CAUGHT ======
Unhandled Promise: TypeError: Failed to fetch
=============================
====== JS ERROR CAUGHT ======
Unhandled Promise: TypeError: Failed to fetch
=============================
====== JS ERROR CAUGHT ======
Unhandled Promise: TypeError: Failed to fetch
=============================
====== JS ERROR CAUGHT ======
Unhandled Promise: TypeError: Failed to fetch
=============================
====== JS ERROR CAUGHT ======
Unhandled Promise: TypeError: Failed to fetch
=============================
====== JS ERROR CAUGHT ======
Unhandled Promise: TypeError: Failed to fetch
=============================
====== JS ERROR CAUGHT ======
Unhandled Promise: TypeError: Failed to fetch
=============================
====== JS ERROR CAUGHT ======
Unhandled Promise: TypeError: Failed to fetch
=============================
====== JS ERROR CAUGHT ======
Unhandled Promise: TypeError: Failed to fetch
=============================
====== JS ERROR CAUGHT ======
Unhandled Promise: TypeError: Failed to fetch
=============================
====== JS ERROR CAUGHT ======
Unhandled Promise: TypeError: Failed to fetch
=============================
====== JS ERROR CAUGHT ======
Unhandled Promise: TypeError: Failed to fetch
=============================
====== JS ERROR CAUGHT ======
Unhandled Promise: TypeError: Failed to fetch
=============================
====== JS ERROR CAUGHT ======
Unhandled Promise: TypeError: Failed to fetch
=============================
====== JS ERROR CAUGHT ======
Unhandled Promise: TypeError: Failed to fetch
=============================
====== JS ERROR CAUGHT ======
Unhandled Promise: TypeError: Failed to fetch
=============================
====== JS ERROR CAUGHT ======
Unhandled Promise: TypeError: Failed to fetch
=============================
====== JS ERROR CAUGHT ======
Unhandled Promise: TypeError: Failed to fetch
=============================
====== JS ERROR CAUGHT ======
Unhandled Promise: TypeError: Failed to fetch
=============================
====== JS ERROR CAUGHT ======
Unhandled Promise: TypeError: Failed to fetch
=============================
====== JS ERROR CAUGHT ======
Unhandled Promise: TypeError: Failed to fetch
=============================
====== JS ERROR CAUGHT ======
Unhandled Promise: TypeError: Failed to fetch
=============================
====== JS ERROR CAUGHT ======
Unhandled Promise: TypeError: Failed to fetch
=============================
====== JS ERROR CAUGHT ======
Unhandled Promise: TypeError: Failed to fetch
=============================
====== JS ERROR CAUGHT ======
Unhandled Promise: TypeError: Failed to fetch
=============================
====== JS ERROR CAUGHT ======
Unhandled Promise: TypeError: Failed to fetch
=============================
====== JS ERROR CAUGHT ======
Unhandled Promise: TypeError: Failed to fetch
=============================
====== JS ERROR CAUGHT ======
Unhandled Promise: TypeError: Failed to fetch
=============================
====== JS ERROR CAUGHT ======
Unhandled Promise: TypeError: Failed to fetch
=============================
====== JS ERROR CAUGHT ======
Unhandled Promise: TypeError: Failed to fetch
=============================
====== JS ERROR CAUGHT ======
Unhandled Promise: TypeError: Failed to fetch
=============================
====== JS ERROR CAUGHT ======
Unhandled Promise: TypeError: Failed to fetch
=============================
====== JS ERROR CAUGHT ======
Unhandled Promise: TypeError: Failed to fetch
=============================
====== JS ERROR CAUGHT ======
Unhandled Promise: TypeError: Failed to fetch
=============================
====== JS ERROR CAUGHT ======
Unhandled Promise: TypeError: Failed to fetch
=============================
====== JS ERROR CAUGHT ======
Unhandled Promise: TypeError: Failed to fetch
=============================
====== JS ERROR CAUGHT ======
Unhandled Promise: TypeError: Failed to fetch
=============================
====== JS ERROR CAUGHT ======
Unhandled Promise: TypeError: Failed to fetch
=============================
====== JS ERROR CAUGHT ======
Unhandled Promise: TypeError: Failed to fetch
=============================
====== JS ERROR CAUGHT ======
Unhandled Promise: TypeError: Failed to fetch
=============================
====== JS ERROR CAUGHT ======
Unhandled Promise: TypeError: Failed to fetch
=============================
====== JS ERROR CAUGHT ======
Unhandled Promise: TypeError: Failed to fetch
=============================
====== JS ERROR CAUGHT ======
Unhandled Promise: TypeError: Failed to fetch
=============================
====== JS ERROR CAUGHT ======
Unhandled Promise: TypeError: Failed to fetch
=============================
====== JS ERROR CAUGHT ======
Unhandled Promise: TypeError: Failed to fetch
=============================
====== JS ERROR CAUGHT ======
Unhandled Promise: TypeError: Failed to fetch
=============================
====== JS ERROR CAUGHT ======
Unhandled Promise: TypeError: Failed to fetch
=============================
====== JS ERROR CAUGHT ======
Unhandled Promise: TypeError: Failed to fetch
=============================
====== JS ERROR CAUGHT ======
Unhandled Promise: TypeError: Failed to fetch
=============================
====== JS ERROR CAUGHT ======
Unhandled Promise: TypeError: Failed to fetch
=============================
====== JS ERROR CAUGHT ======
Unhandled Promise: TypeError: Failed to fetch
=============================
====== JS ERROR CAUGHT ======
Unhandled Promise: TypeError: Failed to fetch
=============================
====== JS ERROR CAUGHT ======
Unhandled Promise: TypeError: Failed to fetch
=============================
====== JS ERROR CAUGHT ======
Unhandled Promise: TypeError: Failed to fetch
=============================
====== JS ERROR CAUGHT ======
Unhandled Promise: TypeError: Failed to fetch
=============================
====== JS ERROR CAUGHT ======
Unhandled Promise: TypeError: Failed to fetch
=============================
====== JS ERROR CAUGHT ======
Unhandled Promise: TypeError: Failed to fetch
=============================
====== JS ERROR CAUGHT ======
Unhandled Promise: TypeError: Failed to fetch
=============================
====== JS ERROR CAUGHT ======
Unhandled Promise: TypeError: Failed to fetch
=============================
====== JS ERROR CAUGHT ======
Unhandled Promise: TypeError: Failed to fetch
=============================
====== JS ERROR CAUGHT ======
Unhandled Promise: TypeError: Failed to fetch
=============================
====== JS ERROR CAUGHT ======
Unhandled Promise: TypeError: Failed to fetch
=============================
====== JS ERROR CAUGHT ======
Unhandled Promise: TypeError: Failed to fetch
=============================
====== JS ERROR CAUGHT ======
Unhandled Promise: TypeError: Failed to fetch
=============================
====== JS ERROR CAUGHT ======
Unhandled Promise: TypeError: Failed to fetch
=============================
====== JS ERROR CAUGHT ======
Unhandled Promise: TypeError: Failed to fetch
=============================
====== JS ERROR CAUGHT ======
Unhandled Promise: TypeError: Failed to fetch
=============================
====== JS ERROR CAUGHT ======
Unhandled Promise: TypeError: Failed to fetch
=============================
====== JS ERROR CAUGHT ======
Unhandled Promise: TypeError: Failed to fetch
=============================
====== JS ERROR CAUGHT ======
Unhandled Promise: TypeError: Failed to fetch
=============================
====== JS ERROR CAUGHT ======
Unhandled Promise: TypeError: Failed to fetch
=============================
====== JS ERROR CAUGHT ======
Unhandled Promise: TypeError: Failed to fetch
=============================
====== JS ERROR CAUGHT ======
Unhandled Promise: TypeError: Failed to fetch
=============================
====== JS ERROR CAUGHT ======
Unhandled Promise: TypeError: Failed to fetch
=============================
====== JS ERROR CAUGHT ======
Unhandled Promise: TypeError: Failed to fetch
=============================
====== JS ERROR CAUGHT ======
Unhandled Promise: TypeError: Failed to fetch
=============================
====== JS ERROR CAUGHT ======
Unhandled Promise: TypeError: Failed to fetch
=============================
====== JS ERROR CAUGHT ======
Unhandled Promise: TypeError: Failed to fetch
=============================
====== JS ERROR CAUGHT ======
Unhandled Promise: TypeError: Failed to fetch
=============================
====== JS ERROR CAUGHT ======
Unhandled Promise: TypeError: Failed to fetch
=============================
====== JS ERROR CAUGHT ======
Unhandled Promise: TypeError: Failed to fetch
=============================
====== JS ERROR CAUGHT ======
Unhandled Promise: TypeError: Failed to fetch
=============================
====== JS ERROR CAUGHT ======
Unhandled Promise: TypeError: Failed to fetch
=============================
====== JS ERROR CAUGHT ======
Unhandled Promise: TypeError: Failed to fetch
=============================
====== JS ERROR CAUGHT ======
Unhandled Promise: TypeError: Failed to fetch
=============================
====== JS ERROR CAUGHT ======
Unhandled Promise: TypeError: Failed to fetch
=============================
====== JS ERROR CAUGHT ======
Unhandled Promise: TypeError: Failed to fetch
=============================
====== JS ERROR CAUGHT ======
Unhandled Promise: TypeError: Failed to fetch
=============================
====== JS ERROR CAUGHT ======
Unhandled Promise: TypeError: Failed to fetch
=============================
====== JS ERROR CAUGHT ======
Unhandled Promise: TypeError: Failed to fetch
=============================
====== JS ERROR CAUGHT ======
Unhandled Promise: TypeError: Failed to fetch
=============================
====== JS ERROR CAUGHT ======
Unhandled Promise: TypeError: Failed to fetch
=============================
====== JS ERROR CAUGHT ======
Unhandled Promise: TypeError: Failed to fetch
=============================
====== JS ERROR CAUGHT ======
Unhandled Promise: TypeError: Failed to fetch
=============================
====== JS ERROR CAUGHT ======
Unhandled Promise: TypeError: Failed to fetch
=============================
====== JS ERROR CAUGHT ======
Unhandled Promise: TypeError: Failed to fetch
=============================
====== JS ERROR CAUGHT ======
Unhandled Promise: TypeError: Failed to fetch
=============================
====== JS ERROR CAUGHT ======
Unhandled Promise: TypeError: Failed to fetch
=============================
====== JS ERROR CAUGHT ======
Unhandled Promise: TypeError: Failed to fetch
=============================
====== JS ERROR CAUGHT ======
Unhandled Promise: TypeError: Failed to fetch
=============================
====== JS ERROR CAUGHT ======
Unhandled Promise: TypeError: Failed to fetch
=============================
====== JS ERROR CAUGHT ======
Unhandled Promise: TypeError: Failed to fetch
=============================
====== JS ERROR CAUGHT ======
Unhandled Promise: TypeError: Failed to fetch
=============================
====== JS ERROR CAUGHT ======
Unhandled Promise: TypeError: Failed to fetch
=============================
====== JS ERROR CAUGHT ======
Unhandled Promise: TypeError: Failed to fetch
=============================
====== JS ERROR CAUGHT ======
Unhandled Promise: TypeError: Failed to fetch
=============================
====== JS ERROR CAUGHT ======
Unhandled Promise: TypeError: Failed to fetch
=============================
====== JS ERROR CAUGHT ======
Unhandled Promise: TypeError: Failed to fetch
=============================
====== JS ERROR CAUGHT ======
Unhandled Promise: TypeError: Failed to fetch
=============================
====== JS ERROR CAUGHT ======
Unhandled Promise: TypeError: Failed to fetch
=============================
====== JS ERROR CAUGHT ======
Unhandled Promise: TypeError: Failed to fetch
=============================
====== JS ERROR CAUGHT ======
Unhandled Promise: TypeError: Failed to fetch
=============================
====== JS ERROR CAUGHT ======
Unhandled Promise: TypeError: Failed to fetch
=============================
====== JS ERROR CAUGHT ======
Unhandled Promise: TypeError: Failed to fetch
=============================
====== JS ERROR CAUGHT ======
Unhandled Promise: TypeError: Failed to fetch
=============================
====== JS ERROR CAUGHT ======
Unhandled Promise: TypeError: Failed to fetch
=============================
====== JS ERROR CAUGHT ======
Unhandled Promise: TypeError: Failed to fetch
=============================
====== JS ERROR CAUGHT ======
Unhandled Promise: TypeError: Failed to fetch
=============================
====== JS ERROR CAUGHT ======
Unhandled Promise: TypeError: Failed to fetch
=============================
====== JS ERROR CAUGHT ======
Unhandled Promise: TypeError: Failed to fetch
=============================
====== JS ERROR CAUGHT ======
Unhandled Promise: TypeError: Failed to fetch
=============================
====== JS ERROR CAUGHT ======
Unhandled Promise: TypeError: Failed to fetch
=============================
====== JS ERROR CAUGHT ======
Unhandled Promise: TypeError: Failed to fetch
=============================
====== JS ERROR CAUGHT ======
Unhandled Promise: TypeError: Failed to fetch
=============================
====== JS ERROR CAUGHT ======
Unhandled Promise: TypeError: Failed to fetch
=============================
====== JS ERROR CAUGHT ======
Unhandled Promise: TypeError: Failed to fetch
=============================
====== JS ERROR CAUGHT ======
Unhandled Promise: TypeError: Failed to fetch
=============================
====== JS ERROR CAUGHT ======
Unhandled Promise: TypeError: Failed to fetch
=============================
====== JS ERROR CAUGHT ======
Unhandled Promise: TypeError: Failed to fetch
=============================
====== JS ERROR CAUGHT ======
Unhandled Promise: TypeError: Failed to fetch
=============================
====== JS ERROR CAUGHT ======
Unhandled Promise: TypeError: Failed to fetch
=============================
====== JS ERROR CAUGHT ======
Unhandled Promise: TypeError: Failed to fetch
=============================
====== JS ERROR CAUGHT ======
Unhandled Promise: TypeError: Failed to fetch
=============================
====== JS ERROR CAUGHT ======
Unhandled Promise: TypeError: Failed to fetch
=============================
====== JS ERROR CAUGHT ======
Unhandled Promise: TypeError: Failed to fetch
=============================
====== JS ERROR CAUGHT ======
Unhandled Promise: TypeError: Failed to fetch
=============================
====== JS ERROR CAUGHT ======
Unhandled Promise: TypeError: Failed to fetch
=============================
====== JS ERROR CAUGHT ======
Unhandled Promise: TypeError: Failed to fetch
=============================
====== JS ERROR CAUGHT ======
Unhandled Promise: TypeError: Failed to fetch
=============================
====== JS ERROR CAUGHT ======
Unhandled Promise: TypeError: Failed to fetch
=============================
====== JS ERROR CAUGHT ======
Unhandled Promise: TypeError: Failed to fetch
=============================
====== JS ERROR CAUGHT ======
Unhandled Promise: TypeError: Failed to fetch
=============================
====== JS ERROR CAUGHT ======
Unhandled Promise: TypeError: Failed to fetch
=============================
====== JS ERROR CAUGHT ======
Unhandled Promise: TypeError: Failed to fetch
=============================
====== JS ERROR CAUGHT ======
Unhandled Promise: TypeError: Failed to fetch
=============================
====== JS ERROR CAUGHT ======
Unhandled Promise: TypeError: Failed to fetch
=============================
====== JS ERROR CAUGHT ======
Unhandled Promise: TypeError: Failed to fetch
=============================
====== JS ERROR CAUGHT ======
Unhandled Promise: TypeError: Failed to fetch
=============================
====== JS ERROR CAUGHT ======
Unhandled Promise: TypeError: Failed to fetch
=============================
====== JS ERROR CAUGHT ======
Unhandled Promise: TypeError: Failed to fetch
=============================
====== JS ERROR CAUGHT ======
Unhandled Promise: TypeError: Failed to fetch
=============================
====== JS ERROR CAUGHT ======
Unhandled Promise: TypeError: Failed to fetch
=============================
====== JS ERROR CAUGHT ======
Unhandled Promise: TypeError: Failed to fetch
=============================
====== JS ERROR CAUGHT ======
Unhandled Promise: TypeError: Failed to fetch
=============================
====== JS ERROR CAUGHT ======
Unhandled Promise: TypeError: Failed to fetch
=============================
====== JS ERROR CAUGHT ======
Unhandled Promise: TypeError: Failed to fetch
=============================
====== JS ERROR CAUGHT ======
Unhandled Promise: TypeError: Failed to fetch
=============================
====== JS ERROR CAUGHT ======
Unhandled Promise: TypeError: Failed to fetch
=============================
====== JS ERROR CAUGHT ======
Unhandled Promise: TypeError: Failed to fetch
=============================
====== JS ERROR CAUGHT ======
Unhandled Promise: TypeError: Failed to fetch
=============================
====== JS ERROR CAUGHT ======
Unhandled Promise: TypeError: Failed to fetch
=============================
====== JS ERROR CAUGHT ======
Unhandled Promise: TypeError: Failed to fetch
=============================
====== JS ERROR CAUGHT ======
Unhandled Promise: TypeError: Failed to fetch
=============================
====== JS ERROR CAUGHT ======
Unhandled Promise: TypeError: Failed to fetch
=============================
====== JS ERROR CAUGHT ======
Unhandled Promise: TypeError: Failed to fetch
=============================
====== JS ERROR CAUGHT ======
Unhandled Promise: TypeError: Failed to fetch
=============================
====== JS ERROR CAUGHT ======
Unhandled Promise: TypeError: Failed to fetch
=============================
====== JS ERROR CAUGHT ======
Unhandled Promise: TypeError: Failed to fetch
=============================
====== JS ERROR CAUGHT ======
Unhandled Promise: TypeError: Failed to fetch
=============================
====== JS ERROR CAUGHT ======
Unhandled Promise: TypeError: Failed to fetch
=============================
====== JS ERROR CAUGHT ======
Unhandled Promise: TypeError: Failed to fetch
=============================
====== JS ERROR CAUGHT ======
Unhandled Promise: TypeError: Failed to fetch
=============================
====== JS ERROR CAUGHT ======
Unhandled Promise: TypeError: Failed to fetch
=============================
====== JS ERROR CAUGHT ======
Unhandled Promise: TypeError: Failed to fetch
=============================
====== JS ERROR CAUGHT ======
Unhandled Promise: TypeError: Failed to fetch
=============================
====== JS ERROR CAUGHT ======
Unhandled Promise: TypeError: Failed to fetch
=============================
====== JS ERROR CAUGHT ======
Unhandled Promise: TypeError: Failed to fetch
=============================
====== JS ERROR CAUGHT ======
Unhandled Promise: TypeError: Failed to fetch
=============================
====== JS ERROR CAUGHT ======
Unhandled Promise: TypeError: Failed to fetch
=============================
====== JS ERROR CAUGHT ======
Unhandled Promise: TypeError: Failed to fetch
=============================
====== JS ERROR CAUGHT ======
Unhandled Promise: TypeError: Failed to fetch
=============================
====== JS ERROR CAUGHT ======
Unhandled Promise: TypeError: Failed to fetch
=============================
====== JS ERROR CAUGHT ======
Unhandled Promise: TypeError: Failed to fetch
=============================
====== JS ERROR CAUGHT ======
Unhandled Promise: TypeError: Failed to fetch
=============================
====== JS ERROR CAUGHT ======
Unhandled Promise: TypeError: Failed to fetch
=============================
====== JS ERROR CAUGHT ======
Unhandled Promise: TypeError: Failed to fetch
=============================
====== JS ERROR CAUGHT ======
Unhandled Promise: TypeError: Failed to fetch
=============================
====== JS ERROR CAUGHT ======
Unhandled Promise: TypeError: Failed to fetch
=============================
====== JS ERROR CAUGHT ======
Unhandled Promise: TypeError: Failed to fetch
=============================
====== JS ERROR CAUGHT ======
Unhandled Promise: TypeError: Failed to fetch
=============================
====== JS ERROR CAUGHT ======
Unhandled Promise: TypeError: Failed to fetch
=============================
====== JS ERROR CAUGHT ======
Unhandled Promise: TypeError: Failed to fetch
=============================
====== JS ERROR CAUGHT ======
Unhandled Promise: TypeError: Failed to fetch
=============================
====== JS ERROR CAUGHT ======
Unhandled Promise: TypeError: Failed to fetch
=============================
====== JS ERROR CAUGHT ======
Unhandled Promise: TypeError: Failed to fetch
=============================
====== JS ERROR CAUGHT ======
Unhandled Promise: TypeError: Failed to fetch
=============================
====== JS ERROR CAUGHT ======
Unhandled Promise: TypeError: Failed to fetch
=============================
====== JS ERROR CAUGHT ======
Unhandled Promise: TypeError: Failed to fetch
=============================
====== JS ERROR CAUGHT ======
Unhandled Promise: TypeError: Failed to fetch
=============================
====== JS ERROR CAUGHT ======
Unhandled Promise: TypeError: Failed to fetch
=============================
====== JS ERROR CAUGHT ======
Unhandled Promise: TypeError: Failed to fetch
=============================
====== JS ERROR CAUGHT ======
Unhandled Promise: TypeError: Failed to fetch
=============================
====== JS ERROR CAUGHT ======
Unhandled Promise: TypeError: Failed to fetch
=============================
====== JS ERROR CAUGHT ======
Unhandled Promise: TypeError: Failed to fetch
=============================
====== JS ERROR CAUGHT ======
Unhandled Promise: TypeError: Failed to fetch
=============================
====== JS ERROR CAUGHT ======
Unhandled Promise: TypeError: Failed to fetch
=============================
====== JS ERROR CAUGHT ======
Unhandled Promise: TypeError: Failed to fetch
=============================
====== JS ERROR CAUGHT ======
Unhandled Promise: TypeError: Failed to fetch
=============================
====== JS ERROR CAUGHT ======
Unhandled Promise: TypeError: Failed to fetch
=============================
====== JS ERROR CAUGHT ======
Unhandled Promise: TypeError: Failed to fetch
=============================
====== JS ERROR CAUGHT ======
Unhandled Promise: TypeError: Failed to fetch
=============================
====== JS ERROR CAUGHT ======
Unhandled Promise: TypeError: Failed to fetch
=============================
====== JS ERROR CAUGHT ======
Unhandled Promise: TypeError: Failed to fetch
=============================
====== JS ERROR CAUGHT ======
Unhandled Promise: TypeError: Failed to fetch
=============================
====== JS ERROR CAUGHT ======
Unhandled Promise: TypeError: Failed to fetch
=============================
====== JS ERROR CAUGHT ======
Unhandled Promise: TypeError: Failed to fetch
=============================
====== JS ERROR CAUGHT ======
Unhandled Promise: TypeError: Failed to fetch
=============================
====== JS ERROR CAUGHT ======
Unhandled Promise: TypeError: Failed to fetch
=============================
====== JS ERROR CAUGHT ======
Unhandled Promise: TypeError: Failed to fetch
=============================
====== JS ERROR CAUGHT ======
Unhandled Promise: TypeError: Failed to fetch
=============================
====== JS ERROR CAUGHT ======
Unhandled Promise: TypeError: Failed to fetch
=============================
====== JS ERROR CAUGHT ======
Unhandled Promise: TypeError: Failed to fetch
=============================
====== JS ERROR CAUGHT ======
Unhandled Promise: TypeError: Failed to fetch
=============================
====== JS ERROR CAUGHT ======
Unhandled Promise: TypeError: Failed to fetch
=============================
====== JS ERROR CAUGHT ======
Unhandled Promise: TypeError: Failed to fetch
=============================
====== JS ERROR CAUGHT ======
Unhandled Promise: TypeError: Failed to fetch
=============================
====== JS ERROR CAUGHT ======
Unhandled Promise: TypeError: Failed to fetch
=============================
====== JS ERROR CAUGHT ======
Unhandled Promise: TypeError: Failed to fetch
=============================
====== JS ERROR CAUGHT ======
Unhandled Promise: TypeError: Failed to fetch
=============================
====== JS ERROR CAUGHT ======
Unhandled Promise: TypeError: Failed to fetch
=============================
====== JS ERROR CAUGHT ======
Unhandled Promise: TypeError: Failed to fetch
=============================
====== JS ERROR CAUGHT ======
Unhandled Promise: TypeError: Failed to fetch
=============================
====== JS ERROR CAUGHT ======
Unhandled Promise: TypeError: Failed to fetch
=============================
====== JS ERROR CAUGHT ======
Unhandled Promise: TypeError: Failed to fetch
=============================
====== JS ERROR CAUGHT ======
Unhandled Promise: TypeError: Failed to fetch
=============================
====== JS ERROR CAUGHT ======
Unhandled Promise: TypeError: Failed to fetch
=============================
====== JS ERROR CAUGHT ======
Unhandled Promise: TypeError: Failed to fetch
=============================
====== JS ERROR CAUGHT ======
Unhandled Promise: TypeError: Failed to fetch
=============================
====== JS ERROR CAUGHT ======
Unhandled Promise: TypeError: Failed to fetch
=============================
====== JS ERROR CAUGHT ======
Unhandled Promise: TypeError: Failed to fetch
=============================
====== JS ERROR CAUGHT ======
Unhandled Promise: TypeError: Failed to fetch
=============================
====== JS ERROR CAUGHT ======
Unhandled Promise: TypeError: Failed to fetch
=============================
====== JS ERROR CAUGHT ======
Unhandled Promise: TypeError: Failed to fetch
=============================
====== JS ERROR CAUGHT ======
Unhandled Promise: TypeError: Failed to fetch
=============================
====== JS ERROR CAUGHT ======
Unhandled Promise: TypeError: Failed to fetch
=============================
====== JS ERROR CAUGHT ======
Unhandled Promise: TypeError: Failed to fetch
=============================
====== JS ERROR CAUGHT ======
Unhandled Promise: TypeError: Failed to fetch
=============================
====== JS ERROR CAUGHT ======
Unhandled Promise: TypeError: Failed to fetch
=============================
====== JS ERROR CAUGHT ======
Unhandled Promise: TypeError: Failed to fetch
=============================
====== JS ERROR CAUGHT ======
Unhandled Promise: TypeError: Failed to fetch
=============================
====== JS ERROR CAUGHT ======
Unhandled Promise: TypeError: Failed to fetch
=============================
====== JS ERROR CAUGHT ======
Unhandled Promise: TypeError: Failed to fetch
=============================
====== JS ERROR CAUGHT ======
Unhandled Promise: TypeError: Failed to fetch
=============================
====== JS ERROR CAUGHT ======
Unhandled Promise: TypeError: Failed to fetch
=============================
====== JS ERROR CAUGHT ======
Unhandled Promise: TypeError: Failed to fetch
=============================
====== JS ERROR CAUGHT ======
Unhandled Promise: TypeError: Failed to fetch
=============================
====== JS ERROR CAUGHT ======
Unhandled Promise: TypeError: Failed to fetch
=============================
====== JS ERROR CAUGHT ======
Unhandled Promise: TypeError: Failed to fetch
=============================
====== JS ERROR CAUGHT ======
Unhandled Promise: TypeError: Failed to fetch
=============================
====== JS ERROR CAUGHT ======
Unhandled Promise: TypeError: Failed to fetch
=============================
====== JS ERROR CAUGHT ======
Unhandled Promise: TypeError: Failed to fetch
=============================
====== JS ERROR CAUGHT ======
Unhandled Promise: TypeError: Failed to fetch
=============================
====== JS ERROR CAUGHT ======
Unhandled Promise: TypeError: Failed to fetch
=============================
====== JS ERROR CAUGHT ======
Unhandled Promise: TypeError: Failed to fetch
=============================
====== JS ERROR CAUGHT ======
Unhandled Promise: TypeError: Failed to fetch
=============================
====== JS ERROR CAUGHT ======
Unhandled Promise: TypeError: Failed to fetch
=============================
====== JS ERROR CAUGHT ======
Unhandled Promise: TypeError: Failed to fetch
=============================
====== JS ERROR CAUGHT ======
Unhandled Promise: TypeError: Failed to fetch
=============================
====== JS ERROR CAUGHT ======
Unhandled Promise: TypeError: Failed to fetch
=============================
====== JS ERROR CAUGHT ======
Unhandled Promise: TypeError: Failed to fetch
=============================
====== JS ERROR CAUGHT ======
Unhandled Promise: TypeError: Failed to fetch
=============================
====== JS ERROR CAUGHT ======
Unhandled Promise: TypeError: Failed to fetch
=============================
====== JS ERROR CAUGHT ======
Unhandled Promise: TypeError: Failed to fetch
=============================
====== JS ERROR CAUGHT ======
Unhandled Promise: TypeError: Failed to fetch
=============================
====== JS ERROR CAUGHT ======
Unhandled Promise: TypeError: Failed to fetch
=============================
====== JS ERROR CAUGHT ======
Unhandled Promise: TypeError: Failed to fetch
=============================
====== JS ERROR CAUGHT ======
Unhandled Promise: TypeError: Failed to fetch
=============================
====== JS ERROR CAUGHT ======
Unhandled Promise: TypeError: Failed to fetch
=============================
====== JS ERROR CAUGHT ======
Unhandled Promise: TypeError: Failed to fetch
=============================
====== JS ERROR CAUGHT ======
Unhandled Promise: TypeError: Failed to fetch
=============================
====== JS ERROR CAUGHT ======
Unhandled Promise: TypeError: Failed to fetch
=============================
====== JS ERROR CAUGHT ======
Unhandled Promise: TypeError: Failed to fetch
=============================
====== JS ERROR CAUGHT ======
Unhandled Promise: TypeError: Failed to fetch
=============================
====== JS ERROR CAUGHT ======
Unhandled Promise: TypeError: Failed to fetch
=============================
====== JS ERROR CAUGHT ======
Unhandled Promise: TypeError: Failed to fetch
=============================
====== JS ERROR CAUGHT ======
Unhandled Promise: TypeError: Failed to fetch
=============================
====== JS ERROR CAUGHT ======
Unhandled Promise: TypeError: Failed to fetch
=============================
====== JS ERROR CAUGHT ======
Unhandled Promise: TypeError: Failed to fetch
=============================
====== JS ERROR CAUGHT ======
Unhandled Promise: TypeError: Failed to fetch
=============================
====== JS ERROR CAUGHT ======
Unhandled Promise: TypeError: Failed to fetch
=============================
====== JS ERROR CAUGHT ======
Unhandled Promise: TypeError: Failed to fetch
=============================
====== JS ERROR CAUGHT ======
Unhandled Promise: TypeError: Failed to fetch
=============================
====== JS ERROR CAUGHT ======
Unhandled Promise: TypeError: Failed to fetch
=============================
====== JS ERROR CAUGHT ======
Unhandled Promise: TypeError: Failed to fetch
=============================
====== JS ERROR CAUGHT ======
Unhandled Promise: TypeError: Failed to fetch
=============================
====== JS ERROR CAUGHT ======
Unhandled Promise: TypeError: Failed to fetch
=============================
====== JS ERROR CAUGHT ======
Unhandled Promise: TypeError: Failed to fetch
=============================
====== JS ERROR CAUGHT ======
Unhandled Promise: TypeError: Failed to fetch
=============================
====== JS ERROR CAUGHT ======
Unhandled Promise: TypeError: Failed to fetch
=============================
====== JS ERROR CAUGHT ======
Unhandled Promise: TypeError: Failed to fetch
=============================
====== JS ERROR CAUGHT ======
Unhandled Promise: TypeError: Failed to fetch
=============================
====== JS ERROR CAUGHT ======
Unhandled Promise: TypeError: Failed to fetch
=============================
====== JS ERROR CAUGHT ======
Unhandled Promise: TypeError: Failed to fetch
=============================
====== JS ERROR CAUGHT ======
Unhandled Promise: TypeError: Failed to fetch
=============================
====== JS ERROR CAUGHT ======
Unhandled Promise: TypeError: Failed to fetch
=============================
====== JS ERROR CAUGHT ======
Unhandled Promise: TypeError: Failed to fetch
=============================
====== JS ERROR CAUGHT ======
Unhandled Promise: TypeError: Failed to fetch
=============================
====== JS ERROR CAUGHT ======
Unhandled Promise: TypeError: Failed to fetch
=============================
====== JS ERROR CAUGHT ======
Unhandled Promise: TypeError: Failed to fetch
=============================
====== JS ERROR CAUGHT ======
Unhandled Promise: TypeError: Failed to fetch
=============================
====== JS ERROR CAUGHT ======
Unhandled Promise: TypeError: Failed to fetch
=============================
====== JS ERROR CAUGHT ======
Unhandled Promise: TypeError: Failed to fetch
=============================
====== JS ERROR CAUGHT ======
Unhandled Promise: TypeError: Failed to fetch
=============================
====== JS ERROR CAUGHT ======
Unhandled Promise: TypeError: Failed to fetch
=============================
====== JS ERROR CAUGHT ======
Unhandled Promise: TypeError: Failed to fetch
=============================
====== JS ERROR CAUGHT ======
Unhandled Promise: TypeError: Failed to fetch
=============================
====== JS ERROR CAUGHT ======
Unhandled Promise: TypeError: Failed to fetch
=============================
====== JS ERROR CAUGHT ======
Unhandled Promise: TypeError: Failed to fetch
=============================
====== JS ERROR CAUGHT ======
Unhandled Promise: TypeError: Failed to fetch
=============================
====== JS ERROR CAUGHT ======
Unhandled Promise: TypeError: Failed to fetch
=============================
====== JS ERROR CAUGHT ======
Unhandled Promise: TypeError: Failed to fetch
=============================
====== JS ERROR CAUGHT ======
Unhandled Promise: TypeError: Failed to fetch
=============================
====== JS ERROR CAUGHT ======
Unhandled Promise: TypeError: Failed to fetch
=============================
====== JS ERROR CAUGHT ======
Unhandled Promise: TypeError: Failed to fetch
=============================
====== JS ERROR CAUGHT ======
Unhandled Promise: TypeError: Failed to fetch
=============================
====== JS ERROR CAUGHT ======
Unhandled Promise: TypeError: Failed to fetch
=============================
====== JS ERROR CAUGHT ======
Unhandled Promise: TypeError: Failed to fetch
=============================
====== JS ERROR CAUGHT ======
Unhandled Promise: TypeError: Failed to fetch
=============================
====== JS ERROR CAUGHT ======
Unhandled Promise: TypeError: Failed to fetch
=============================
====== JS ERROR CAUGHT ======
Unhandled Promise: TypeError: Failed to fetch
=============================
====== JS ERROR CAUGHT ======
Unhandled Promise: TypeError: Failed to fetch
=============================
====== JS ERROR CAUGHT ======
Unhandled Promise: TypeError: Failed to fetch
=============================
====== JS ERROR CAUGHT ======
Unhandled Promise: TypeError: Failed to fetch
=============================
====== JS ERROR CAUGHT ======
Unhandled Promise: TypeError: Failed to fetch
=============================
====== JS ERROR CAUGHT ======
Unhandled Promise: TypeError: Failed to fetch
=============================
====== JS ERROR CAUGHT ======
Unhandled Promise: TypeError: Failed to fetch
=============================
====== JS ERROR CAUGHT ======
Unhandled Promise: TypeError: Failed to fetch
=============================
====== JS ERROR CAUGHT ======
Unhandled Promise: TypeError: Failed to fetch
=============================
====== JS ERROR CAUGHT ======
Unhandled Promise: TypeError: Failed to fetch
=============================
====== JS ERROR CAUGHT ======
Unhandled Promise: TypeError: Failed to fetch
=============================
====== JS ERROR CAUGHT ======
Unhandled Promise: TypeError: Failed to fetch
=============================
====== JS ERROR CAUGHT ======
Unhandled Promise: TypeError: Failed to fetch
=============================
====== JS ERROR CAUGHT ======
Unhandled Promise: TypeError: Failed to fetch
=============================
====== JS ERROR CAUGHT ======
Unhandled Promise: TypeError: Failed to fetch
=============================
====== JS ERROR CAUGHT ======
Unhandled Promise: TypeError: Failed to fetch
=============================
====== JS ERROR CAUGHT ======
Unhandled Promise: TypeError: Failed to fetch
=============================
====== JS ERROR CAUGHT ======
Unhandled Promise: TypeError: Failed to fetch
=============================
====== JS ERROR CAUGHT ======
Unhandled Promise: TypeError: Failed to fetch
=============================
====== JS ERROR CAUGHT ======
Unhandled Promise: TypeError: Failed to fetch
=============================
====== JS ERROR CAUGHT ======
Unhandled Promise: TypeError: Failed to fetch
=============================
====== JS ERROR CAUGHT ======
Unhandled Promise: TypeError: Failed to fetch
=============================
====== JS ERROR CAUGHT ======
Unhandled Promise: TypeError: Failed to fetch
=============================
====== JS ERROR CAUGHT ======
Unhandled Promise: TypeError: Failed to fetch
=============================
====== JS ERROR CAUGHT ======
Unhandled Promise: TypeError: Failed to fetch
=============================
====== JS ERROR CAUGHT ======
Unhandled Promise: TypeError: Failed to fetch
=============================
====== JS ERROR CAUGHT ======
Unhandled Promise: TypeError: Failed to fetch
=============================
====== JS ERROR CAUGHT ======
Unhandled Promise: TypeError: Failed to fetch
=============================
====== JS ERROR CAUGHT ======
Unhandled Promise: TypeError: Failed to fetch
=============================
====== JS ERROR CAUGHT ======
Unhandled Promise: TypeError: Failed to fetch
=============================
====== JS ERROR CAUGHT ======
Unhandled Promise: TypeError: Failed to fetch
=============================
====== JS ERROR CAUGHT ======
Unhandled Promise: TypeError: Failed to fetch
=============================
====== JS ERROR CAUGHT ======
Unhandled Promise: TypeError: Failed to fetch
=============================
====== JS ERROR CAUGHT ======
Unhandled Promise: TypeError: Failed to fetch
=============================
====== JS ERROR CAUGHT ======
Unhandled Promise: TypeError: Failed to fetch
=============================
====== JS ERROR CAUGHT ======
Unhandled Promise: TypeError: Failed to fetch
=============================
====== JS ERROR CAUGHT ======
Unhandled Promise: TypeError: Failed to fetch
=============================
====== JS ERROR CAUGHT ======
Unhandled Promise: TypeError: Failed to fetch
=============================
====== JS ERROR CAUGHT ======
Unhandled Promise: TypeError: Failed to fetch
=============================
====== JS ERROR CAUGHT ======
Unhandled Promise: TypeError: Failed to fetch
=============================
====== JS ERROR CAUGHT ======
Unhandled Promise: TypeError: Failed to fetch
=============================
====== JS ERROR CAUGHT ======
Unhandled Promise: TypeError: Failed to fetch
=============================
====== JS ERROR CAUGHT ======
Unhandled Promise: TypeError: Failed to fetch
=============================
====== JS ERROR CAUGHT ======
Unhandled Promise: TypeError: Failed to fetch
=============================
====== JS ERROR CAUGHT ======
Unhandled Promise: TypeError: Failed to fetch
=============================
====== JS ERROR CAUGHT ======
Unhandled Promise: TypeError: Failed to fetch
=============================
====== JS ERROR CAUGHT ======
Unhandled Promise: TypeError: Failed to fetch
=============================
====== JS ERROR CAUGHT ======
Unhandled Promise: TypeError: Failed to fetch
=============================
====== JS ERROR CAUGHT ======
Unhandled Promise: TypeError: Failed to fetch
=============================
====== JS ERROR CAUGHT ======
Unhandled Promise: TypeError: Failed to fetch
=============================
====== JS ERROR CAUGHT ======
Unhandled Promise: TypeError: Failed to fetch
=============================
====== JS ERROR CAUGHT ======
Unhandled Promise: TypeError: Failed to fetch
=============================
====== JS ERROR CAUGHT ======
Unhandled Promise: TypeError: Failed to fetch
=============================
====== JS ERROR CAUGHT ======
Unhandled Promise: TypeError: Failed to fetch
=============================
====== JS ERROR CAUGHT ======
Unhandled Promise: TypeError: Failed to fetch
=============================
====== JS ERROR CAUGHT ======
Unhandled Promise: TypeError: Failed to fetch
=============================
====== JS ERROR CAUGHT ======
Unhandled Promise: TypeError: Failed to fetch
=============================
====== JS ERROR CAUGHT ======
Unhandled Promise: TypeError: Failed to fetch
=============================
====== JS ERROR CAUGHT ======
Unhandled Promise: TypeError: Failed to fetch
=============================
====== JS ERROR CAUGHT ======
Unhandled Promise: TypeError: Failed to fetch
=============================
====== JS ERROR CAUGHT ======
Unhandled Promise: TypeError: Failed to fetch
=============================
====== JS ERROR CAUGHT ======
Unhandled Promise: TypeError: Failed to fetch
=============================
====== JS ERROR CAUGHT ======
Unhandled Promise: TypeError: Failed to fetch
=============================
====== JS ERROR CAUGHT ======
Unhandled Promise: TypeError: Failed to fetch
=============================
====== JS ERROR CAUGHT ======
Unhandled Promise: TypeError: Failed to fetch
=============================
====== JS ERROR CAUGHT ======
Unhandled Promise: TypeError: Failed to fetch
=============================
====== JS ERROR CAUGHT ======
Unhandled Promise: TypeError: Failed to fetch
=============================
====== JS ERROR CAUGHT ======
Unhandled Promise: TypeError: Failed to fetch
=============================
====== JS ERROR CAUGHT ======
Unhandled Promise: TypeError: Failed to fetch
=============================
====== JS ERROR CAUGHT ======
Unhandled Promise: TypeError: Failed to fetch
=============================
====== JS ERROR CAUGHT ======
Unhandled Promise: TypeError: Failed to fetch
=============================
====== JS ERROR CAUGHT ======
Unhandled Promise: TypeError: Failed to fetch
=============================
====== JS ERROR CAUGHT ======
Unhandled Promise: TypeError: Failed to fetch
=============================
====== JS ERROR CAUGHT ======
Unhandled Promise: TypeError: Failed to fetch
=============================
====== JS ERROR CAUGHT ======
Unhandled Promise: TypeError: Failed to fetch
=============================
====== JS ERROR CAUGHT ======
Unhandled Promise: TypeError: Failed to fetch
=============================
====== JS ERROR CAUGHT ======
Unhandled Promise: TypeError: Failed to fetch
=============================
====== JS ERROR CAUGHT ======
Unhandled Promise: TypeError: Failed to fetch
=============================
====== JS ERROR CAUGHT ======
Unhandled Promise: TypeError: Failed to fetch
=============================
====== JS ERROR CAUGHT ======
Unhandled Promise: TypeError: Failed to fetch
=============================
====== JS ERROR CAUGHT ======
Unhandled Promise: TypeError: Failed to fetch
=============================
====== JS ERROR CAUGHT ======
Unhandled Promise: TypeError: Failed to fetch
=============================
====== JS ERROR CAUGHT ======
Unhandled Promise: TypeError: Failed to fetch
=============================
====== JS ERROR CAUGHT ======
Unhandled Promise: TypeError: Failed to fetch
=============================
====== JS ERROR CAUGHT ======
Unhandled Promise: TypeError: Failed to fetch
=============================
====== JS ERROR CAUGHT ======
Unhandled Promise: TypeError: Failed to fetch
=============================
====== JS ERROR CAUGHT ======
Unhandled Promise: TypeError: Failed to fetch
=============================
====== JS ERROR CAUGHT ======
Unhandled Promise: TypeError: Failed to fetch
=============================
====== JS ERROR CAUGHT ======
Unhandled Promise: TypeError: Failed to fetch
=============================
====== JS ERROR CAUGHT ======
Unhandled Promise: TypeError: Failed to fetch
=============================
====== JS ERROR CAUGHT ======
Unhandled Promise: TypeError: Failed to fetch
=============================
====== JS ERROR CAUGHT ======
Unhandled Promise: TypeError: Failed to fetch
=============================
====== JS ERROR CAUGHT ======
Unhandled Promise: TypeError: Failed to fetch
=============================
====== JS ERROR CAUGHT ======
Unhandled Promise: TypeError: Failed to fetch
=============================
====== JS ERROR CAUGHT ======
Unhandled Promise: TypeError: Failed to fetch
=============================
====== JS ERROR CAUGHT ======
Unhandled Promise: TypeError: Failed to fetch
=============================
====== JS ERROR CAUGHT ======
Unhandled Promise: TypeError: Failed to fetch
=============================
====== JS ERROR CAUGHT ======
Unhandled Promise: TypeError: Failed to fetch
=============================
====== JS ERROR CAUGHT ======
Unhandled Promise: TypeError: Failed to fetch
=============================
====== JS ERROR CAUGHT ======
Unhandled Promise: TypeError: Failed to fetch
=============================
====== JS ERROR CAUGHT ======
Unhandled Promise: TypeError: Failed to fetch
=============================
====== JS ERROR CAUGHT ======
Unhandled Promise: TypeError: Failed to fetch
=============================
====== JS ERROR CAUGHT ======
Unhandled Promise: TypeError: Failed to fetch
=============================
====== JS ERROR CAUGHT ======
Unhandled Promise: TypeError: Failed to fetch
=============================
====== JS ERROR CAUGHT ======
Unhandled Promise: TypeError: Failed to fetch
=============================
====== JS ERROR CAUGHT ======
Unhandled Promise: TypeError: Failed to fetch
=============================
====== JS ERROR CAUGHT ======
Unhandled Promise: TypeError: Failed to fetch
=============================
====== JS ERROR CAUGHT ======
Unhandled Promise: TypeError: Failed to fetch
=============================
====== JS ERROR CAUGHT ======
Unhandled Promise: TypeError: Failed to fetch
=============================
====== JS ERROR CAUGHT ======
Unhandled Promise: TypeError: Failed to fetch
=============================
====== JS ERROR CAUGHT ======
Unhandled Promise: TypeError: Failed to fetch
=============================
====== JS ERROR CAUGHT ======
Unhandled Promise: TypeError: Failed to fetch
=============================
====== JS ERROR CAUGHT ======
Unhandled Promise: TypeError: Failed to fetch
=============================
====== JS ERROR CAUGHT ======
Unhandled Promise: TypeError: Failed to fetch
=============================
====== JS ERROR CAUGHT ======
Unhandled Promise: TypeError: Failed to fetch
=============================
====== JS ERROR CAUGHT ======
Unhandled Promise: TypeError: Failed to fetch
=============================
====== JS ERROR CAUGHT ======
Unhandled Promise: TypeError: Failed to fetch
=============================
====== JS ERROR CAUGHT ======
Unhandled Promise: TypeError: Failed to fetch
=============================
====== JS ERROR CAUGHT ======
Unhandled Promise: TypeError: Failed to fetch
=============================
====== JS ERROR CAUGHT ======
Unhandled Promise: TypeError: Failed to fetch
=============================
====== JS ERROR CAUGHT ======
Unhandled Promise: TypeError: Failed to fetch
=============================
====== JS ERROR CAUGHT ======
Unhandled Promise: TypeError: Failed to fetch
=============================
====== JS ERROR CAUGHT ======
Unhandled Promise: TypeError: Failed to fetch
=============================
====== JS ERROR CAUGHT ======
Unhandled Promise: TypeError: Failed to fetch
=============================
====== JS ERROR CAUGHT ======
Unhandled Promise: TypeError: Failed to fetch
=============================
====== JS ERROR CAUGHT ======
Unhandled Promise: TypeError: Failed to fetch
=============================
====== JS ERROR CAUGHT ======
Unhandled Promise: TypeError: Failed to fetch
=============================
====== JS ERROR CAUGHT ======
Unhandled Promise: TypeError: Failed to fetch
=============================
====== JS ERROR CAUGHT ======
Unhandled Promise: TypeError: Failed to fetch
=============================
====== JS ERROR CAUGHT ======
Unhandled Promise: TypeError: Failed to fetch
=============================
====== JS ERROR CAUGHT ======
Unhandled Promise: TypeError: Failed to fetch
=============================
====== JS ERROR CAUGHT ======
Unhandled Promise: TypeError: Failed to fetch
=============================
====== JS ERROR CAUGHT ======
Unhandled Promise: TypeError: Failed to fetch
=============================
====== JS ERROR CAUGHT ======
Unhandled Promise: TypeError: Failed to fetch
=============================
====== JS ERROR CAUGHT ======
Unhandled Promise: TypeError: Failed to fetch
=============================
====== JS ERROR CAUGHT ======
Unhandled Promise: TypeError: Failed to fetch
=============================
====== JS ERROR CAUGHT ======
Unhandled Promise: TypeError: Failed to fetch
=============================
====== JS ERROR CAUGHT ======
Unhandled Promise: TypeError: Failed to fetch
=============================
====== JS ERROR CAUGHT ======
Unhandled Promise: TypeError: Failed to fetch
=============================
====== JS ERROR CAUGHT ======
Unhandled Promise: TypeError: Failed to fetch
=============================
====== JS ERROR CAUGHT ======
Unhandled Promise: TypeError: Failed to fetch
=============================
====== JS ERROR CAUGHT ======
Unhandled Promise: TypeError: Failed to fetch
=============================
====== JS ERROR CAUGHT ======
Unhandled Promise: TypeError: Failed to fetch
=============================
====== JS ERROR CAUGHT ======
Unhandled Promise: TypeError: Failed to fetch
=============================
====== JS ERROR CAUGHT ======
Unhandled Promise: TypeError: Failed to fetch
=============================
====== JS ERROR CAUGHT ======
Unhandled Promise: TypeError: Failed to fetch
=============================
====== JS ERROR CAUGHT ======
Unhandled Promise: TypeError: Failed to fetch
=============================
====== JS ERROR CAUGHT ======
Unhandled Promise: TypeError: Failed to fetch
=============================
====== JS ERROR CAUGHT ======
Unhandled Promise: TypeError: Failed to fetch
=============================
====== JS ERROR CAUGHT ======
Unhandled Promise: TypeError: Failed to fetch
=============================
====== JS ERROR CAUGHT ======
Unhandled Promise: TypeError: Failed to fetch
=============================
====== JS ERROR CAUGHT ======
Unhandled Promise: TypeError: Failed to fetch
=============================
====== JS ERROR CAUGHT ======
Unhandled Promise: TypeError: Failed to fetch
=============================
====== JS ERROR CAUGHT ======
Unhandled Promise: TypeError: Failed to fetch
=============================
====== JS ERROR CAUGHT ======
Unhandled Promise: TypeError: Failed to fetch
=============================
====== JS ERROR CAUGHT ======
Unhandled Promise: TypeError: Failed to fetch
=============================
====== JS ERROR CAUGHT ======
Unhandled Promise: TypeError: Failed to fetch
=============================
====== JS ERROR CAUGHT ======
Unhandled Promise: TypeError: Failed to fetch
=============================
====== JS ERROR CAUGHT ======
Unhandled Promise: TypeError: Failed to fetch
=============================
====== JS ERROR CAUGHT ======
Unhandled Promise: TypeError: Failed to fetch
=============================
====== JS ERROR CAUGHT ======
Unhandled Promise: TypeError: Failed to fetch
=============================
====== JS ERROR CAUGHT ======
Unhandled Promise: TypeError: Failed to fetch
=============================
====== JS ERROR CAUGHT ======
Unhandled Promise: TypeError: Failed to fetch
=============================
====== JS ERROR CAUGHT ======
Unhandled Promise: TypeError: Failed to fetch
=============================
====== JS ERROR CAUGHT ======
Unhandled Promise: TypeError: Failed to fetch
=============================
====== JS ERROR CAUGHT ======
Unhandled Promise: TypeError: Failed to fetch
=============================
====== JS ERROR CAUGHT ======
Unhandled Promise: TypeError: Failed to fetch
=============================
====== JS ERROR CAUGHT ======
Unhandled Promise: TypeError: Failed to fetch
=============================
====== JS ERROR CAUGHT ======
Unhandled Promise: TypeError: Failed to fetch
=============================
====== JS ERROR CAUGHT ======
Unhandled Promise: TypeError: Failed to fetch
=============================
====== JS ERROR CAUGHT ======
Unhandled Promise: TypeError: Failed to fetch
=============================
====== JS ERROR CAUGHT ======
Unhandled Promise: TypeError: Failed to fetch
=============================
====== JS ERROR CAUGHT ======
Unhandled Promise: TypeError: Failed to fetch
=============================
====== JS ERROR CAUGHT ======
Unhandled Promise: TypeError: Failed to fetch
=============================
====== JS ERROR CAUGHT ======
Unhandled Promise: TypeError: Failed to fetch
=============================
====== JS ERROR CAUGHT ======
Unhandled Promise: TypeError: Failed to fetch
=============================
====== JS ERROR CAUGHT ======
Unhandled Promise: TypeError: Failed to fetch
=============================
====== JS ERROR CAUGHT ======
Unhandled Promise: TypeError: Failed to fetch
=============================
====== JS ERROR CAUGHT ======
Unhandled Promise: TypeError: Failed to fetch
=============================
====== JS ERROR CAUGHT ======
Unhandled Promise: TypeError: Failed to fetch
=============================
====== JS ERROR CAUGHT ======
Unhandled Promise: TypeError: Failed to fetch
=============================
====== JS ERROR CAUGHT ======
Unhandled Promise: TypeError: Failed to fetch
=============================
====== JS ERROR CAUGHT ======
Unhandled Promise: TypeError: Failed to fetch
=============================
====== JS ERROR CAUGHT ======
Unhandled Promise: TypeError: Failed to fetch
=============================
====== JS ERROR CAUGHT ======
Unhandled Promise: TypeError: Failed to fetch
=============================
====== JS ERROR CAUGHT ======
Unhandled Promise: TypeError: Failed to fetch
=============================
====== JS ERROR CAUGHT ======
Unhandled Promise: TypeError: Failed to fetch
=============================
====== JS ERROR CAUGHT ======
Unhandled Promise: TypeError: Failed to fetch
=============================
====== JS ERROR CAUGHT ======
Unhandled Promise: TypeError: Failed to fetch
=============================
====== JS ERROR CAUGHT ======
Unhandled Promise: TypeError: Failed to fetch
=============================
====== JS ERROR CAUGHT ======
Unhandled Promise: TypeError: Failed to fetch
=============================
====== JS ERROR CAUGHT ======
Unhandled Promise: TypeError: Failed to fetch
=============================
====== JS ERROR CAUGHT ======
Unhandled Promise: TypeError: Failed to fetch
=============================
====== JS ERROR CAUGHT ======
Unhandled Promise: TypeError: Failed to fetch
=============================
====== JS ERROR CAUGHT ======
Unhandled Promise: TypeError: Failed to fetch
=============================
====== JS ERROR CAUGHT ======
Unhandled Promise: TypeError: Failed to fetch
=============================
====== JS ERROR CAUGHT ======
Unhandled Promise: TypeError: Failed to fetch
=============================
====== JS ERROR CAUGHT ======
Unhandled Promise: TypeError: Failed to fetch
=============================
====== JS ERROR CAUGHT ======
Unhandled Promise: TypeError: Failed to fetch
=============================
====== JS ERROR CAUGHT ======
Unhandled Promise: TypeError: Failed to fetch
=============================
====== JS ERROR CAUGHT ======
Unhandled Promise: TypeError: Failed to fetch
=============================
====== JS ERROR CAUGHT ======
Unhandled Promise: TypeError: Failed to fetch
=============================
====== JS ERROR CAUGHT ======
Unhandled Promise: TypeError: Failed to fetch
=============================
====== JS ERROR CAUGHT ======
Unhandled Promise: TypeError: Failed to fetch
=============================
====== JS ERROR CAUGHT ======
Unhandled Promise: TypeError: Failed to fetch
=============================
====== JS ERROR CAUGHT ======
Unhandled Promise: TypeError: Failed to fetch
=============================
====== JS ERROR CAUGHT ======
Unhandled Promise: TypeError: Failed to fetch
=============================
====== JS ERROR CAUGHT ======
Unhandled Promise: TypeError: Failed to fetch
=============================
====== JS ERROR CAUGHT ======
Unhandled Promise: TypeError: Failed to fetch
=============================
====== JS ERROR CAUGHT ======
Unhandled Promise: TypeError: Failed to fetch
=============================
====== JS ERROR CAUGHT ======
Unhandled Promise: TypeError: Failed to fetch
=============================
====== JS ERROR CAUGHT ======
Unhandled Promise: TypeError: Failed to fetch
=============================
====== JS ERROR CAUGHT ======
Unhandled Promise: TypeError: Failed to fetch
=============================
====== JS ERROR CAUGHT ======
Unhandled Promise: TypeError: Failed to fetch
=============================
====== JS ERROR CAUGHT ======
Unhandled Promise: TypeError: Failed to fetch
=============================
====== JS ERROR CAUGHT ======
Unhandled Promise: TypeError: Failed to fetch
=============================
====== JS ERROR CAUGHT ======
Unhandled Promise: TypeError: Failed to fetch
=============================
====== JS ERROR CAUGHT ======
Unhandled Promise: TypeError: Failed to fetch
=============================
====== JS ERROR CAUGHT ======
Unhandled Promise: TypeError: Failed to fetch
=============================
====== JS ERROR CAUGHT ======
Unhandled Promise: TypeError: Failed to fetch
=============================
====== JS ERROR CAUGHT ======
Unhandled Promise: TypeError: Failed to fetch
=============================
====== JS ERROR CAUGHT ======
Unhandled Promise: TypeError: Failed to fetch
=============================
====== JS ERROR CAUGHT ======
Unhandled Promise: TypeError: Failed to fetch
=============================
====== JS ERROR CAUGHT ======
Unhandled Promise: TypeError: Failed to fetch
=============================
====== JS ERROR CAUGHT ======
Unhandled Promise: TypeError: Failed to fetch
=============================
====== JS ERROR CAUGHT ======
Unhandled Promise: TypeError: Failed to fetch
=============================
====== JS ERROR CAUGHT ======
Unhandled Promise: TypeError: Failed to fetch
=============================
====== JS ERROR CAUGHT ======
Unhandled Promise: TypeError: Failed to fetch
=============================
====== JS ERROR CAUGHT ======
Unhandled Promise: TypeError: Failed to fetch
=============================
====== JS ERROR CAUGHT ======
Unhandled Promise: TypeError: Failed to fetch
=============================
====== JS ERROR CAUGHT ======
Unhandled Promise: TypeError: Failed to fetch
=============================
====== JS ERROR CAUGHT ======
Unhandled Promise: TypeError: Failed to fetch
=============================
====== JS ERROR CAUGHT ======
Unhandled Promise: TypeError: Failed to fetch
=============================
====== JS ERROR CAUGHT ======
Unhandled Promise: TypeError: Failed to fetch
=============================
====== JS ERROR CAUGHT ======
Unhandled Promise: TypeError: Failed to fetch
=============================
====== JS ERROR CAUGHT ======
Unhandled Promise: TypeError: Failed to fetch
=============================
====== JS ERROR CAUGHT ======
Unhandled Promise: TypeError: Failed to fetch
=============================
====== JS ERROR CAUGHT ======
Unhandled Promise: TypeError: Failed to fetch
=============================
====== JS ERROR CAUGHT ======
Unhandled Promise: TypeError: Failed to fetch
=============================
====== JS ERROR CAUGHT ======
Unhandled Promise: TypeError: Failed to fetch
=============================
====== JS ERROR CAUGHT ======
Unhandled Promise: TypeError: Failed to fetch
=============================
====== JS ERROR CAUGHT ======
Unhandled Promise: TypeError: Failed to fetch
=============================
====== JS ERROR CAUGHT ======
Unhandled Promise: TypeError: Failed to fetch
=============================
====== JS ERROR CAUGHT ======
Unhandled Promise: TypeError: Failed to fetch
=============================
====== JS ERROR CAUGHT ======
Unhandled Promise: TypeError: Failed to fetch
=============================
====== JS ERROR CAUGHT ======
Unhandled Promise: TypeError: Failed to fetch
=============================
====== JS ERROR CAUGHT ======
Unhandled Promise: TypeError: Failed to fetch
=============================
====== JS ERROR CAUGHT ======
Unhandled Promise: TypeError: Failed to fetch
=============================
====== JS ERROR CAUGHT ======
Unhandled Promise: TypeError: Failed to fetch
=============================
====== JS ERROR CAUGHT ======
Unhandled Promise: TypeError: Failed to fetch
=============================
====== JS ERROR CAUGHT ======
Unhandled Promise: TypeError: Failed to fetch
=============================
====== JS ERROR CAUGHT ======
Unhandled Promise: TypeError: Failed to fetch
=============================
====== JS ERROR CAUGHT ======
Unhandled Promise: TypeError: Failed to fetch
=============================
====== JS ERROR CAUGHT ======
Unhandled Promise: TypeError: Failed to fetch
=============================
====== JS ERROR CAUGHT ======
Unhandled Promise: TypeError: Failed to fetch
=============================
====== JS ERROR CAUGHT ======
Unhandled Promise: TypeError: Failed to fetch
=============================
====== JS ERROR CAUGHT ======
Unhandled Promise: TypeError: Failed to fetch
=============================
====== JS ERROR CAUGHT ======
Unhandled Promise: TypeError: Failed to fetch
=============================
====== JS ERROR CAUGHT ======
Unhandled Promise: TypeError: Failed to fetch
=============================
====== JS ERROR CAUGHT ======
Unhandled Promise: TypeError: Failed to fetch
=============================
====== JS ERROR CAUGHT ======
Unhandled Promise: TypeError: Failed to fetch
=============================
====== JS ERROR CAUGHT ======
Unhandled Promise: TypeError: Failed to fetch
=============================
====== JS ERROR CAUGHT ======
Unhandled Promise: TypeError: Failed to fetch
=============================
====== JS ERROR CAUGHT ======
Unhandled Promise: TypeError: Failed to fetch
=============================
====== JS ERROR CAUGHT ======
Unhandled Promise: TypeError: Failed to fetch
=============================
====== JS ERROR CAUGHT ======
Unhandled Promise: TypeError: Failed to fetch
=============================
====== JS ERROR CAUGHT ======
Unhandled Promise: TypeError: Failed to fetch
=============================
====== JS ERROR CAUGHT ======
Unhandled Promise: TypeError: Failed to fetch
=============================
====== JS ERROR CAUGHT ======
Unhandled Promise: TypeError: Failed to fetch
=============================
====== JS ERROR CAUGHT ======
Unhandled Promise: TypeError: Failed to fetch
=============================
====== JS ERROR CAUGHT ======
Unhandled Promise: TypeError: Failed to fetch
=============================
====== JS ERROR CAUGHT ======
Unhandled Promise: TypeError: Failed to fetch
=============================
====== JS ERROR CAUGHT ======
Unhandled Promise: TypeError: Failed to fetch
=============================
====== JS ERROR CAUGHT ======
Unhandled Promise: TypeError: Failed to fetch
=============================
====== JS ERROR CAUGHT ======
Unhandled Promise: TypeError: Failed to fetch
=============================
====== JS ERROR CAUGHT ======
Unhandled Promise: TypeError: Failed to fetch
=============================
====== JS ERROR CAUGHT ======
Unhandled Promise: TypeError: Failed to fetch
=============================
====== JS ERROR CAUGHT ======
Unhandled Promise: TypeError: Failed to fetch
=============================
====== JS ERROR CAUGHT ======
Unhandled Promise: TypeError: Failed to fetch
=============================
====== JS ERROR CAUGHT ======
Unhandled Promise: TypeError: Failed to fetch
=============================
====== JS ERROR CAUGHT ======
Unhandled Promise: TypeError: Failed to fetch
=============================
====== JS ERROR CAUGHT ======
Unhandled Promise: TypeError: Failed to fetch
=============================
====== JS ERROR CAUGHT ======
Unhandled Promise: TypeError: Failed to fetch
=============================
====== JS ERROR CAUGHT ======
Unhandled Promise: TypeError: Failed to fetch
=============================
====== JS ERROR CAUGHT ======
Unhandled Promise: TypeError: Failed to fetch
=============================
====== JS ERROR CAUGHT ======
Unhandled Promise: TypeError: Failed to fetch
=============================
====== JS ERROR CAUGHT ======
Unhandled Promise: TypeError: Failed to fetch
=============================
====== JS ERROR CAUGHT ======
Unhandled Promise: TypeError: Failed to fetch
=============================
====== JS ERROR CAUGHT ======
Unhandled Promise: TypeError: Failed to fetch
=============================
====== JS ERROR CAUGHT ======
Unhandled Promise: TypeError: Failed to fetch
=============================
====== JS ERROR CAUGHT ======
Unhandled Promise: TypeError: Failed to fetch
=============================
====== JS ERROR CAUGHT ======
Unhandled Promise: TypeError: Failed to fetch
=============================
====== JS ERROR CAUGHT ======
Unhandled Promise: TypeError: Failed to fetch
=============================
====== JS ERROR CAUGHT ======
Unhandled Promise: TypeError: Failed to fetch
=============================
====== JS ERROR CAUGHT ======
Unhandled Promise: TypeError: Failed to fetch
=============================
====== JS ERROR CAUGHT ======
Unhandled Promise: TypeError: Failed to fetch
=============================
====== JS ERROR CAUGHT ======
Unhandled Promise: TypeError: Failed to fetch
=============================
====== JS ERROR CAUGHT ======
Unhandled Promise: TypeError: Failed to fetch
=============================
====== JS ERROR CAUGHT ======
Unhandled Promise: TypeError: Failed to fetch
=============================
====== JS ERROR CAUGHT ======
Unhandled Promise: TypeError: Failed to fetch
=============================
====== JS ERROR CAUGHT ======
Unhandled Promise: TypeError: Failed to fetch
=============================
====== JS ERROR CAUGHT ======
Unhandled Promise: TypeError: Failed to fetch
=============================
====== JS ERROR CAUGHT ======
Unhandled Promise: TypeError: Failed to fetch
=============================
====== JS ERROR CAUGHT ======
Unhandled Promise: TypeError: Failed to fetch
=============================
====== JS ERROR CAUGHT ======
Unhandled Promise: TypeError: Failed to fetch
=============================
====== JS ERROR CAUGHT ======
Unhandled Promise: TypeError: Failed to fetch
=============================
====== JS ERROR CAUGHT ======
Unhandled Promise: TypeError: Failed to fetch
=============================
====== JS ERROR CAUGHT ======
Unhandled Promise: TypeError: Failed to fetch
=============================
====== JS ERROR CAUGHT ======
Unhandled Promise: TypeError: Failed to fetch
=============================
====== JS ERROR CAUGHT ======
Unhandled Promise: TypeError: Failed to fetch
=============================
====== JS ERROR CAUGHT ======
Unhandled Promise: TypeError: Failed to fetch
=============================
====== JS ERROR CAUGHT ======
Unhandled Promise: TypeError: Failed to fetch
=============================
====== JS ERROR CAUGHT ======
Unhandled Promise: TypeError: Failed to fetch
=============================
====== JS ERROR CAUGHT ======
Unhandled Promise: TypeError: Failed to fetch
=============================
====== JS ERROR CAUGHT ======
Unhandled Promise: TypeError: Failed to fetch
=============================
====== JS ERROR CAUGHT ======
Unhandled Promise: TypeError: Failed to fetch
=============================
====== JS ERROR CAUGHT ======
Unhandled Promise: TypeError: Failed to fetch
=============================
====== JS ERROR CAUGHT ======
Unhandled Promise: TypeError: Failed to fetch
=============================
====== JS ERROR CAUGHT ======
Unhandled Promise: TypeError: Failed to fetch
=============================
====== JS ERROR CAUGHT ======
Unhandled Promise: TypeError: Failed to fetch
=============================
====== JS ERROR CAUGHT ======
Unhandled Promise: TypeError: Failed to fetch
=============================
====== JS ERROR CAUGHT ======
Unhandled Promise: TypeError: Failed to fetch
=============================
====== JS ERROR CAUGHT ======
Unhandled Promise: TypeError: Failed to fetch
=============================
====== JS ERROR CAUGHT ======
Unhandled Promise: TypeError: Failed to fetch
=============================
====== JS ERROR CAUGHT ======
Unhandled Promise: TypeError: Failed to fetch
=============================
====== JS ERROR CAUGHT ======
Unhandled Promise: TypeError: Failed to fetch
=============================
====== JS ERROR CAUGHT ======
Unhandled Promise: TypeError: Failed to fetch
=============================
====== JS ERROR CAUGHT ======
Unhandled Promise: TypeError: Failed to fetch
=============================
====== JS ERROR CAUGHT ======
Unhandled Promise: TypeError: Failed to fetch
=============================
====== JS ERROR CAUGHT ======
Unhandled Promise: TypeError: Failed to fetch
=============================
====== JS ERROR CAUGHT ======
Unhandled Promise: TypeError: Failed to fetch
=============================
====== JS ERROR CAUGHT ======
Unhandled Promise: TypeError: Failed to fetch
=============================
====== JS ERROR CAUGHT ======
Unhandled Promise: TypeError: Failed to fetch
=============================
====== JS ERROR CAUGHT ======
Unhandled Promise: TypeError: Failed to fetch
=============================
====== JS ERROR CAUGHT ======
Unhandled Promise: TypeError: Failed to fetch
=============================
====== JS ERROR CAUGHT ======
Unhandled Promise: TypeError: Failed to fetch
=============================
====== JS ERROR CAUGHT ======
Unhandled Promise: TypeError: Failed to fetch
=============================
====== JS ERROR CAUGHT ======
Unhandled Promise: TypeError: Failed to fetch
=============================
====== JS ERROR CAUGHT ======
Unhandled Promise: TypeError: Failed to fetch
=============================
====== JS ERROR CAUGHT ======
Unhandled Promise: TypeError: Failed to fetch
=============================
====== JS ERROR CAUGHT ======
Unhandled Promise: TypeError: Failed to fetch
=============================
====== JS ERROR CAUGHT ======
Unhandled Promise: TypeError: Failed to fetch
=============================
====== JS ERROR CAUGHT ======
Unhandled Promise: TypeError: Failed to fetch
=============================
====== JS ERROR CAUGHT ======
Unhandled Promise: TypeError: Failed to fetch
=============================
====== JS ERROR CAUGHT ======
Unhandled Promise: TypeError: Failed to fetch
=============================
====== JS ERROR CAUGHT ======
Unhandled Promise: TypeError: Failed to fetch
=============================
====== JS ERROR CAUGHT ======
Unhandled Promise: TypeError: Failed to fetch
=============================
====== JS ERROR CAUGHT ======
Unhandled Promise: TypeError: Failed to fetch
=============================
====== JS ERROR CAUGHT ======
Unhandled Promise: TypeError: Failed to fetch
=============================
====== JS ERROR CAUGHT ======
Unhandled Promise: TypeError: Failed to fetch
=============================
====== JS ERROR CAUGHT ======
Unhandled Promise: TypeError: Failed to fetch
=============================
====== JS ERROR CAUGHT ======
Unhandled Promise: TypeError: Failed to fetch
=============================
====== JS ERROR CAUGHT ======
Unhandled Promise: TypeError: Failed to fetch
=============================
====== JS ERROR CAUGHT ======
Unhandled Promise: TypeError: Failed to fetch
=============================
====== JS ERROR CAUGHT ======
Unhandled Promise: TypeError: Failed to fetch
=============================
====== JS ERROR CAUGHT ======
Unhandled Promise: TypeError: Failed to fetch
=============================
====== JS ERROR CAUGHT ======
Unhandled Promise: TypeError: Failed to fetch
=============================
====== JS ERROR CAUGHT ======
Unhandled Promise: TypeError: Failed to fetch
=============================
====== JS ERROR CAUGHT ======
Unhandled Promise: TypeError: Failed to fetch
=============================
====== JS ERROR CAUGHT ======
Unhandled Promise: TypeError: Failed to fetch
=============================
====== JS ERROR CAUGHT ======
Unhandled Promise: TypeError: Failed to fetch
=============================
====== JS ERROR CAUGHT ======
Unhandled Promise: TypeError: Failed to fetch
=============================
====== JS ERROR CAUGHT ======
Unhandled Promise: TypeError: Failed to fetch
=============================
====== JS ERROR CAUGHT ======
Unhandled Promise: TypeError: Failed to fetch
=============================
====== JS ERROR CAUGHT ======
Unhandled Promise: TypeError: Failed to fetch
=============================
====== JS ERROR CAUGHT ======
Unhandled Promise: TypeError: Failed to fetch
=============================
====== JS ERROR CAUGHT ======
Unhandled Promise: TypeError: Failed to fetch
=============================
====== JS ERROR CAUGHT ======
Unhandled Promise: TypeError: Failed to fetch
=============================
====== JS ERROR CAUGHT ======
Unhandled Promise: TypeError: Failed to fetch
=============================
====== JS ERROR CAUGHT ======
Unhandled Promise: TypeError: Failed to fetch
=============================
====== JS ERROR CAUGHT ======
Unhandled Promise: TypeError: Failed to fetch
=============================
====== JS ERROR CAUGHT ======
Unhandled Promise: TypeError: Failed to fetch
=============================
====== JS ERROR CAUGHT ======
Unhandled Promise: TypeError: Failed to fetch
=============================
====== JS ERROR CAUGHT ======
Unhandled Promise: TypeError: Failed to fetch
=============================
====== JS ERROR CAUGHT ======
Unhandled Promise: TypeError: Failed to fetch
=============================
====== JS ERROR CAUGHT ======
Unhandled Promise: TypeError: Failed to fetch
=============================
====== JS ERROR CAUGHT ======
Unhandled Promise: TypeError: Failed to fetch
=============================
====== JS ERROR CAUGHT ======
Unhandled Promise: TypeError: Failed to fetch
=============================
====== JS ERROR CAUGHT ======
Unhandled Promise: TypeError: Failed to fetch
=============================
====== JS ERROR CAUGHT ======
Unhandled Promise: TypeError: Failed to fetch
=============================
====== JS ERROR CAUGHT ======
Unhandled Promise: TypeError: Failed to fetch
=============================
====== JS ERROR CAUGHT ======
Unhandled Promise: TypeError: Failed to fetch
=============================
====== JS ERROR CAUGHT ======
Unhandled Promise: TypeError: Failed to fetch
=============================
====== JS ERROR CAUGHT ======
Unhandled Promise: TypeError: Failed to fetch
=============================
====== JS ERROR CAUGHT ======
Unhandled Promise: TypeError: Failed to fetch
=============================
====== JS ERROR CAUGHT ======
Unhandled Promise: TypeError: Failed to fetch
=============================
====== JS ERROR CAUGHT ======
Unhandled Promise: TypeError: Failed to fetch
=============================
====== JS ERROR CAUGHT ======
Unhandled Promise: TypeError: Failed to fetch
=============================
====== JS ERROR CAUGHT ======
Unhandled Promise: TypeError: Failed to fetch
=============================
====== JS ERROR CAUGHT ======
Unhandled Promise: TypeError: Failed to fetch
=============================
====== JS ERROR CAUGHT ======
Unhandled Promise: TypeError: Failed to fetch
=============================
====== JS ERROR CAUGHT ======
Unhandled Promise: TypeError: Failed to fetch
=============================
====== JS ERROR CAUGHT ======
Unhandled Promise: TypeError: Failed to fetch
=============================
====== JS ERROR CAUGHT ======
Unhandled Promise: TypeError: Failed to fetch
=============================
====== JS ERROR CAUGHT ======
Unhandled Promise: TypeError: Failed to fetch
=============================
====== JS ERROR CAUGHT ======
Unhandled Promise: TypeError: Failed to fetch
=============================
====== JS ERROR CAUGHT ======
Unhandled Promise: TypeError: Failed to fetch
=============================
====== JS ERROR CAUGHT ======
Unhandled Promise: TypeError: Failed to fetch
=============================
====== JS ERROR CAUGHT ======
Unhandled Promise: TypeError: Failed to fetch
=============================
====== JS ERROR CAUGHT ======
Unhandled Promise: TypeError: Failed to fetch
=============================
====== JS ERROR CAUGHT ======
Unhandled Promise: TypeError: Failed to fetch
=============================
====== JS ERROR CAUGHT ======
Unhandled Promise: TypeError: Failed to fetch
=============================
====== JS ERROR CAUGHT ======
Unhandled Promise: TypeError: Failed to fetch
=============================
====== JS ERROR CAUGHT ======
Unhandled Promise: TypeError: Failed to fetch
=============================
====== JS ERROR CAUGHT ======
Unhandled Promise: TypeError: Failed to fetch
=============================
====== JS ERROR CAUGHT ======
Unhandled Promise: TypeError: Failed to fetch
=============================
====== JS ERROR CAUGHT ======
Unhandled Promise: TypeError: Failed to fetch
=============================
====== JS ERROR CAUGHT ======
Unhandled Promise: TypeError: Failed to fetch
=============================
====== JS ERROR CAUGHT ======
Unhandled Promise: TypeError: Failed to fetch
=============================
====== JS ERROR CAUGHT ======
Unhandled Promise: TypeError: Failed to fetch
=============================
====== JS ERROR CAUGHT ======
Unhandled Promise: TypeError: Failed to fetch
=============================
====== JS ERROR CAUGHT ======
Unhandled Promise: TypeError: Failed to fetch
=============================
====== JS ERROR CAUGHT ======
Unhandled Promise: TypeError: Failed to fetch
=============================
====== JS ERROR CAUGHT ======
Unhandled Promise: TypeError: Failed to fetch
=============================
====== JS ERROR CAUGHT ======
Unhandled Promise: TypeError: Failed to fetch
=============================
====== JS ERROR CAUGHT ======
Unhandled Promise: TypeError: Failed to fetch
=============================
====== JS ERROR CAUGHT ======
Unhandled Promise: TypeError: Failed to fetch
=============================
====== JS ERROR CAUGHT ======
Unhandled Promise: TypeError: Failed to fetch
=============================
====== JS ERROR CAUGHT ======
Unhandled Promise: TypeError: Failed to fetch
=============================
====== JS ERROR CAUGHT ======
Unhandled Promise: TypeError: Failed to fetch
=============================
====== JS ERROR CAUGHT ======
Unhandled Promise: TypeError: Failed to fetch
=============================
====== JS ERROR CAUGHT ======
Unhandled Promise: TypeError: Failed to fetch
=============================
====== JS ERROR CAUGHT ======
Unhandled Promise: TypeError: Failed to fetch
=============================
====== JS ERROR CAUGHT ======
Unhandled Promise: TypeError: Failed to fetch
=============================
====== JS ERROR CAUGHT ======
Unhandled Promise: TypeError: Failed to fetch
=============================
====== JS ERROR CAUGHT ======
Unhandled Promise: TypeError: Failed to fetch
=============================
====== JS ERROR CAUGHT ======
Unhandled Promise: TypeError: Failed to fetch
=============================
====== JS ERROR CAUGHT ======
Unhandled Promise: TypeError: Failed to fetch
=============================
====== JS ERROR CAUGHT ======
Unhandled Promise: TypeError: Failed to fetch
=============================
====== JS ERROR CAUGHT ======
Unhandled Promise: TypeError: Failed to fetch
=============================
====== JS ERROR CAUGHT ======
Unhandled Promise: TypeError: Failed to fetch
=============================
====== JS ERROR CAUGHT ======
Unhandled Promise: TypeError: Failed to fetch
=============================
====== JS ERROR CAUGHT ======
Unhandled Promise: TypeError: Failed to fetch
=============================
====== JS ERROR CAUGHT ======
Unhandled Promise: TypeError: Failed to fetch
=============================
====== JS ERROR CAUGHT ======
Unhandled Promise: TypeError: Failed to fetch
=============================
====== JS ERROR CAUGHT ======
Unhandled Promise: TypeError: Failed to fetch
=============================
====== JS ERROR CAUGHT ======
Unhandled Promise: TypeError: Failed to fetch
=============================
====== JS ERROR CAUGHT ======
Unhandled Promise: TypeError: Failed to fetch
=============================
====== JS ERROR CAUGHT ======
Unhandled Promise: TypeError: Failed to fetch
=============================
====== JS ERROR CAUGHT ======
Unhandled Promise: TypeError: Failed to fetch
=============================
====== JS ERROR CAUGHT ======
Unhandled Promise: TypeError: Failed to fetch
=============================
====== JS ERROR CAUGHT ======
Unhandled Promise: TypeError: Failed to fetch
=============================
====== JS ERROR CAUGHT ======
Unhandled Promise: TypeError: Failed to fetch
=============================
====== JS ERROR CAUGHT ======
Unhandled Promise: TypeError: Failed to fetch
=============================
====== JS ERROR CAUGHT ======
Unhandled Promise: TypeError: Failed to fetch
=============================
====== JS ERROR CAUGHT ======
Unhandled Promise: TypeError: Failed to fetch
=============================
====== JS ERROR CAUGHT ======
Unhandled Promise: TypeError: Failed to fetch
=============================
====== JS ERROR CAUGHT ======
Unhandled Promise: TypeError: Failed to fetch
=============================
====== JS ERROR CAUGHT ======
Unhandled Promise: TypeError: Failed to fetch
=============================
====== JS ERROR CAUGHT ======
Unhandled Promise: TypeError: Failed to fetch
=============================
====== JS ERROR CAUGHT ======
Unhandled Promise: TypeError: Failed to fetch
=============================
====== JS ERROR CAUGHT ======
Unhandled Promise: TypeError: Failed to fetch
=============================
====== JS ERROR CAUGHT ======
Unhandled Promise: TypeError: Failed to fetch
=============================
====== JS ERROR CAUGHT ======
Unhandled Promise: TypeError: Failed to fetch
=============================
====== JS ERROR CAUGHT ======
Unhandled Promise: TypeError: Failed to fetch
=============================
====== JS ERROR CAUGHT ======
Unhandled Promise: TypeError: Failed to fetch
=============================
====== JS ERROR CAUGHT ======
Unhandled Promise: TypeError: Failed to fetch
=============================
====== JS ERROR CAUGHT ======
Unhandled Promise: TypeError: Failed to fetch
=============================
====== JS ERROR CAUGHT ======
Unhandled Promise: TypeError: Failed to fetch
=============================
====== JS ERROR CAUGHT ======
Unhandled Promise: TypeError: Failed to fetch
=============================
====== JS ERROR CAUGHT ======
Unhandled Promise: TypeError: Failed to fetch
=============================
====== JS ERROR CAUGHT ======
Unhandled Promise: TypeError: Failed to fetch
=============================
====== JS ERROR CAUGHT ======
Unhandled Promise: TypeError: Failed to fetch
=============================
====== JS ERROR CAUGHT ======
Unhandled Promise: TypeError: Failed to fetch
=============================
====== JS ERROR CAUGHT ======
Unhandled Promise: TypeError: Failed to fetch
=============================
====== JS ERROR CAUGHT ======
Unhandled Promise: TypeError: Failed to fetch
=============================
====== JS ERROR CAUGHT ======
Unhandled Promise: TypeError: Failed to fetch
=============================
====== JS ERROR CAUGHT ======
Unhandled Promise: TypeError: Failed to fetch
=============================
====== JS ERROR CAUGHT ======
Unhandled Promise: TypeError: Failed to fetch
=============================
====== JS ERROR CAUGHT ======
Unhandled Promise: TypeError: Failed to fetch
=============================
====== JS ERROR CAUGHT ======
Unhandled Promise: TypeError: Failed to fetch
=============================
====== JS ERROR CAUGHT ======
Unhandled Promise: TypeError: Failed to fetch
=============================
====== JS ERROR CAUGHT ======
Unhandled Promise: TypeError: Failed to fetch
=============================
====== JS ERROR CAUGHT ======
Unhandled Promise: TypeError: Failed to fetch
=============================
====== JS ERROR CAUGHT ======
Unhandled Promise: TypeError: Failed to fetch
=============================
====== JS ERROR CAUGHT ======
Unhandled Promise: TypeError: Failed to fetch
=============================
====== JS ERROR CAUGHT ======
Unhandled Promise: TypeError: Failed to fetch
=============================
====== JS ERROR CAUGHT ======
Unhandled Promise: TypeError: Failed to fetch
=============================
====== JS ERROR CAUGHT ======
Unhandled Promise: TypeError: Failed to fetch
=============================
====== JS ERROR CAUGHT ======
Unhandled Promise: TypeError: Failed to fetch
=============================
====== JS ERROR CAUGHT ======
Unhandled Promise: TypeError: Failed to fetch
=============================
====== JS ERROR CAUGHT ======
Unhandled Promise: TypeError: Failed to fetch
=============================
====== JS ERROR CAUGHT ======
Unhandled Promise: TypeError: Failed to fetch
=============================
====== JS ERROR CAUGHT ======
Unhandled Promise: TypeError: Failed to fetch
=============================
====== JS ERROR CAUGHT ======
Unhandled Promise: TypeError: Failed to fetch
=============================
====== JS ERROR CAUGHT ======
Unhandled Promise: TypeError: Failed to fetch
=============================
====== JS ERROR CAUGHT ======
Unhandled Promise: TypeError: Failed to fetch
=============================
====== JS ERROR CAUGHT ======
Unhandled Promise: TypeError: Failed to fetch
=============================
====== JS ERROR CAUGHT ======
Unhandled Promise: TypeError: Failed to fetch
=============================
====== JS ERROR CAUGHT ======
Unhandled Promise: TypeError: Failed to fetch
=============================
====== JS ERROR CAUGHT ======
Unhandled Promise: TypeError: Failed to fetch
=============================
====== JS ERROR CAUGHT ======
Unhandled Promise: TypeError: Failed to fetch
=============================
====== JS ERROR CAUGHT ======
Unhandled Promise: TypeError: Failed to fetch
=============================
====== JS ERROR CAUGHT ======
Unhandled Promise: TypeError: Failed to fetch
=============================
====== JS ERROR CAUGHT ======
Unhandled Promise: TypeError: Failed to fetch
=============================
====== JS ERROR CAUGHT ======
Unhandled Promise: TypeError: Failed to fetch
=============================
====== JS ERROR CAUGHT ======
Unhandled Promise: TypeError: Failed to fetch
=============================
====== JS ERROR CAUGHT ======
Unhandled Promise: TypeError: Failed to fetch
=============================
====== JS ERROR CAUGHT ======
Unhandled Promise: TypeError: Failed to fetch
=============================
====== JS ERROR CAUGHT ======
Unhandled Promise: TypeError: Failed to fetch
=============================
====== JS ERROR CAUGHT ======
Unhandled Promise: TypeError: Failed to fetch
=============================
====== JS ERROR CAUGHT ======
Unhandled Promise: TypeError: Failed to fetch
=============================
====== JS ERROR CAUGHT ======
Unhandled Promise: TypeError: Failed to fetch
=============================
====== JS ERROR CAUGHT ======
Unhandled Promise: TypeError: Failed to fetch
=============================
====== JS ERROR CAUGHT ======
Unhandled Promise: TypeError: Failed to fetch
=============================
====== JS ERROR CAUGHT ======
Unhandled Promise: TypeError: Failed to fetch
=============================
====== JS ERROR CAUGHT ======
Unhandled Promise: TypeError: Failed to fetch
=============================
====== JS ERROR CAUGHT ======
Unhandled Promise: TypeError: Failed to fetch
=============================
====== JS ERROR CAUGHT ======
Unhandled Promise: TypeError: Failed to fetch
=============================
====== JS ERROR CAUGHT ======
Unhandled Promise: TypeError: Failed to fetch
=============================
====== JS ERROR CAUGHT ======
Unhandled Promise: TypeError: Failed to fetch
=============================
====== JS ERROR CAUGHT ======
Unhandled Promise: TypeError: Failed to fetch
=============================
====== JS ERROR CAUGHT ======
Unhandled Promise: TypeError: Failed to fetch
=============================
====== JS ERROR CAUGHT ======
Unhandled Promise: TypeError: Failed to fetch
=============================
====== JS ERROR CAUGHT ======
Unhandled Promise: TypeError: Failed to fetch
=============================
====== JS ERROR CAUGHT ======
Unhandled Promise: TypeError: Failed to fetch
=============================
====== JS ERROR CAUGHT ======
Unhandled Promise: TypeError: Failed to fetch
=============================
====== JS ERROR CAUGHT ======
Unhandled Promise: TypeError: Failed to fetch
=============================
====== JS ERROR CAUGHT ======
Unhandled Promise: TypeError: Failed to fetch
=============================
====== JS ERROR CAUGHT ======
Unhandled Promise: TypeError: Failed to fetch
=============================
====== JS ERROR CAUGHT ======
Unhandled Promise: TypeError: Failed to fetch
=============================
====== JS ERROR CAUGHT ======
Unhandled Promise: TypeError: Failed to fetch
=============================
====== JS ERROR CAUGHT ======
Unhandled Promise: TypeError: Failed to fetch
=============================
====== JS ERROR CAUGHT ======
Unhandled Promise: TypeError: Failed to fetch
=============================
====== JS ERROR CAUGHT ======
Unhandled Promise: TypeError: Failed to fetch
=============================
====== JS ERROR CAUGHT ======
Unhandled Promise: TypeError: Failed to fetch
=============================
====== JS ERROR CAUGHT ======
Unhandled Promise: TypeError: Failed to fetch
=============================
====== JS ERROR CAUGHT ======
Unhandled Promise: TypeError: Failed to fetch
=============================
====== JS ERROR CAUGHT ======
Unhandled Promise: TypeError: Failed to fetch
=============================
====== JS ERROR CAUGHT ======
Unhandled Promise: TypeError: Failed to fetch
=============================
====== JS ERROR CAUGHT ======
Unhandled Promise: TypeError: Failed to fetch
=============================
====== JS ERROR CAUGHT ======
Unhandled Promise: TypeError: Failed to fetch
=============================
====== JS ERROR CAUGHT ======
Unhandled Promise: TypeError: Failed to fetch
=============================
====== JS ERROR CAUGHT ======
Unhandled Promise: TypeError: Failed to fetch
=============================
====== JS ERROR CAUGHT ======
Unhandled Promise: TypeError: Failed to fetch
=============================
====== JS ERROR CAUGHT ======
Unhandled Promise: TypeError: Failed to fetch
=============================
====== JS ERROR CAUGHT ======
Unhandled Promise: TypeError: Failed to fetch
=============================
====== JS ERROR CAUGHT ======
Unhandled Promise: TypeError: Failed to fetch
=============================
====== JS ERROR CAUGHT ======
Unhandled Promise: TypeError: Failed to fetch
=============================
====== JS ERROR CAUGHT ======
Unhandled Promise: TypeError: Failed to fetch
=============================
====== JS ERROR CAUGHT ======
Unhandled Promise: TypeError: Failed to fetch
=============================
====== JS ERROR CAUGHT ======
Unhandled Promise: TypeError: Failed to fetch
=============================
====== JS ERROR CAUGHT ======
Unhandled Promise: TypeError: Failed to fetch
=============================
====== JS ERROR CAUGHT ======
Unhandled Promise: TypeError: Failed to fetch
=============================
====== JS ERROR CAUGHT ======
Unhandled Promise: TypeError: Failed to fetch
=============================
====== JS ERROR CAUGHT ======
Unhandled Promise: TypeError: Failed to fetch
=============================
====== JS ERROR CAUGHT ======
Unhandled Promise: TypeError: Failed to fetch
=============================
====== JS ERROR CAUGHT ======
Unhandled Promise: TypeError: Failed to fetch
=============================
====== JS ERROR CAUGHT ======
Unhandled Promise: TypeError: Failed to fetch
=============================
====== JS ERROR CAUGHT ======
Unhandled Promise: TypeError: Failed to fetch
=============================
====== JS ERROR CAUGHT ======
Unhandled Promise: TypeError: Failed to fetch
=============================
====== JS ERROR CAUGHT ======
Unhandled Promise: TypeError: Failed to fetch
=============================
====== JS ERROR CAUGHT ======
Unhandled Promise: TypeError: Failed to fetch
=============================
====== JS ERROR CAUGHT ======
Unhandled Promise: TypeError: Failed to fetch
=============================
====== JS ERROR CAUGHT ======
Unhandled Promise: TypeError: Failed to fetch
=============================
====== JS ERROR CAUGHT ======
Unhandled Promise: TypeError: Failed to fetch
=============================
====== JS ERROR CAUGHT ======
Unhandled Promise: TypeError: Failed to fetch
=============================
====== JS ERROR CAUGHT ======
Unhandled Promise: TypeError: Failed to fetch
=============================
====== JS ERROR CAUGHT ======
Unhandled Promise: TypeError: Failed to fetch
=============================
====== JS ERROR CAUGHT ======
Unhandled Promise: TypeError: Failed to fetch
=============================
====== JS ERROR CAUGHT ======
Unhandled Promise: TypeError: Failed to fetch
=============================
====== JS ERROR CAUGHT ======
Unhandled Promise: TypeError: Failed to fetch
=============================
====== JS ERROR CAUGHT ======
Unhandled Promise: TypeError: Failed to fetch
=============================
====== JS ERROR CAUGHT ======
Unhandled Promise: TypeError: Failed to fetch
=============================
====== JS ERROR CAUGHT ======
Unhandled Promise: TypeError: Failed to fetch
=============================
====== JS ERROR CAUGHT ======
Unhandled Promise: TypeError: Failed to fetch
=============================
====== JS ERROR CAUGHT ======
Unhandled Promise: TypeError: Failed to fetch
=============================
====== JS ERROR CAUGHT ======
Unhandled Promise: TypeError: Failed to fetch
=============================
====== JS ERROR CAUGHT ======
Unhandled Promise: TypeError: Failed to fetch
=============================
====== JS ERROR CAUGHT ======
Unhandled Promise: TypeError: Failed to fetch
=============================
====== JS ERROR CAUGHT ======
Unhandled Promise: TypeError: Failed to fetch
=============================
====== JS ERROR CAUGHT ======
Unhandled Promise: TypeError: Failed to fetch
=============================
====== JS ERROR CAUGHT ======
Unhandled Promise: TypeError: Failed to fetch
=============================
====== JS ERROR CAUGHT ======
Unhandled Promise: TypeError: Failed to fetch
=============================
====== JS ERROR CAUGHT ======
Unhandled Promise: TypeError: Failed to fetch
=============================
====== JS ERROR CAUGHT ======
Unhandled Promise: TypeError: Failed to fetch
=============================
====== JS ERROR CAUGHT ======
Unhandled Promise: TypeError: Failed to fetch
=============================
====== JS ERROR CAUGHT ======
Unhandled Promise: TypeError: Failed to fetch
=============================
====== JS ERROR CAUGHT ======
Unhandled Promise: TypeError: Failed to fetch
=============================
====== JS ERROR CAUGHT ======
Unhandled Promise: TypeError: Failed to fetch
=============================
====== JS ERROR CAUGHT ======
Unhandled Promise: TypeError: Failed to fetch
=============================
====== JS ERROR CAUGHT ======
Unhandled Promise: TypeError: Failed to fetch
=============================
====== JS ERROR CAUGHT ======
Unhandled Promise: TypeError: Failed to fetch
=============================
====== JS ERROR CAUGHT ======
Unhandled Promise: TypeError: Failed to fetch
=============================
====== JS ERROR CAUGHT ======
Unhandled Promise: TypeError: Failed to fetch
=============================
====== JS ERROR CAUGHT ======
Unhandled Promise: TypeError: Failed to fetch
=============================
====== JS ERROR CAUGHT ======
Unhandled Promise: TypeError: Failed to fetch
=============================
====== JS ERROR CAUGHT ======
Unhandled Promise: TypeError: Failed to fetch
=============================
====== JS ERROR CAUGHT ======
Unhandled Promise: TypeError: Failed to fetch
=============================
====== JS ERROR CAUGHT ======
Unhandled Promise: TypeError: Failed to fetch
=============================
====== JS ERROR CAUGHT ======
Unhandled Promise: TypeError: Failed to fetch
=============================
====== JS ERROR CAUGHT ======
Unhandled Promise: TypeError: Failed to fetch
=============================
====== JS ERROR CAUGHT ======
Unhandled Promise: TypeError: Failed to fetch
=============================
====== JS ERROR CAUGHT ======
Unhandled Promise: TypeError: Failed to fetch
=============================
====== JS ERROR CAUGHT ======
Unhandled Promise: TypeError: Failed to fetch
=============================
====== JS ERROR CAUGHT ======
Unhandled Promise: TypeError: Failed to fetch
=============================
====== JS ERROR CAUGHT ======
Unhandled Promise: TypeError: Failed to fetch
=============================
====== JS ERROR CAUGHT ======
Unhandled Promise: TypeError: Failed to fetch
=============================
====== JS ERROR CAUGHT ======
Unhandled Promise: TypeError: Failed to fetch
=============================
====== JS ERROR CAUGHT ======
Unhandled Promise: TypeError: Failed to fetch
=============================
====== JS ERROR CAUGHT ======
Unhandled Promise: TypeError: Failed to fetch
=============================
====== JS ERROR CAUGHT ======
Unhandled Promise: TypeError: Failed to fetch
=============================
====== JS ERROR CAUGHT ======
Unhandled Promise: TypeError: Failed to fetch
=============================
====== JS ERROR CAUGHT ======
Unhandled Promise: TypeError: Failed to fetch
=============================
====== JS ERROR CAUGHT ======
Unhandled Promise: TypeError: Failed to fetch
=============================
====== JS ERROR CAUGHT ======
Unhandled Promise: TypeError: Failed to fetch
=============================
====== JS ERROR CAUGHT ======
Unhandled Promise: TypeError: Failed to fetch
=============================
====== JS ERROR CAUGHT ======
Unhandled Promise: TypeError: Failed to fetch
=============================
====== JS ERROR CAUGHT ======
Unhandled Promise: TypeError: Failed to fetch
=============================
====== JS ERROR CAUGHT ======
Unhandled Promise: TypeError: Failed to fetch
=============================
====== JS ERROR CAUGHT ======
Unhandled Promise: TypeError: Failed to fetch
=============================
====== JS ERROR CAUGHT ======
Unhandled Promise: TypeError: Failed to fetch
=============================
====== JS ERROR CAUGHT ======
Unhandled Promise: TypeError: Failed to fetch
=============================
====== JS ERROR CAUGHT ======
Unhandled Promise: TypeError: Failed to fetch
=============================
====== JS ERROR CAUGHT ======
Unhandled Promise: TypeError: Failed to fetch
=============================
====== JS ERROR CAUGHT ======
Unhandled Promise: TypeError: Failed to fetch
=============================
====== JS ERROR CAUGHT ======
Unhandled Promise: TypeError: Failed to fetch
=============================
====== JS ERROR CAUGHT ======
Unhandled Promise: TypeError: Failed to fetch
=============================
====== JS ERROR CAUGHT ======
Unhandled Promise: TypeError: Failed to fetch
=============================
====== JS ERROR CAUGHT ======
Unhandled Promise: TypeError: Failed to fetch
=============================
====== JS ERROR CAUGHT ======
Unhandled Promise: TypeError: Failed to fetch
=============================
====== JS ERROR CAUGHT ======
Unhandled Promise: TypeError: Failed to fetch
=============================
====== JS ERROR CAUGHT ======
Unhandled Promise: TypeError: Failed to fetch
=============================
====== JS ERROR CAUGHT ======
Unhandled Promise: TypeError: Failed to fetch
=============================
====== JS ERROR CAUGHT ======
Unhandled Promise: TypeError: Failed to fetch
=============================
====== JS ERROR CAUGHT ======
Unhandled Promise: TypeError: Failed to fetch
=============================
====== JS ERROR CAUGHT ======
Unhandled Promise: TypeError: Failed to fetch
=============================
====== JS ERROR CAUGHT ======
Unhandled Promise: TypeError: Failed to fetch
=============================
====== JS ERROR CAUGHT ======
Unhandled Promise: TypeError: Failed to fetch
=============================
====== JS ERROR CAUGHT ======
Unhandled Promise: TypeError: Failed to fetch
=============================
====== JS ERROR CAUGHT ======
Unhandled Promise: TypeError: Failed to fetch
=============================
====== JS ERROR CAUGHT ======
Unhandled Promise: TypeError: Failed to fetch
=============================
====== JS ERROR CAUGHT ======
Unhandled Promise: TypeError: Failed to fetch
=============================
====== JS ERROR CAUGHT ======
Unhandled Promise: TypeError: Failed to fetch
=============================
====== JS ERROR CAUGHT ======
Unhandled Promise: TypeError: Failed to fetch
=============================
====== JS ERROR CAUGHT ======
Unhandled Promise: TypeError: Failed to fetch
=============================
====== JS ERROR CAUGHT ======
Unhandled Promise: TypeError: Failed to fetch
=============================
====== JS ERROR CAUGHT ======
Unhandled Promise: TypeError: Failed to fetch
=============================
====== JS ERROR CAUGHT ======
Unhandled Promise: TypeError: Failed to fetch
=============================
====== JS ERROR CAUGHT ======
Unhandled Promise: TypeError: Failed to fetch
=============================
====== JS ERROR CAUGHT ======
Unhandled Promise: TypeError: Failed to fetch
=============================
====== JS ERROR CAUGHT ======
Unhandled Promise: TypeError: Failed to fetch
=============================
====== JS ERROR CAUGHT ======
Unhandled Promise: TypeError: Failed to fetch
=============================
====== JS ERROR CAUGHT ======
Unhandled Promise: TypeError: Failed to fetch
=============================
====== JS ERROR CAUGHT ======
Unhandled Promise: TypeError: Failed to fetch
=============================
====== JS ERROR CAUGHT ======
Unhandled Promise: TypeError: Failed to fetch
=============================
====== JS ERROR CAUGHT ======
Unhandled Promise: TypeError: Failed to fetch
=============================
====== JS ERROR CAUGHT ======
Unhandled Promise: TypeError: Failed to fetch
=============================
====== JS ERROR CAUGHT ======
Unhandled Promise: TypeError: Failed to fetch
=============================
====== JS ERROR CAUGHT ======
Unhandled Promise: TypeError: Failed to fetch
=============================
====== JS ERROR CAUGHT ======
Unhandled Promise: TypeError: Failed to fetch
=============================
====== JS ERROR CAUGHT ======
Unhandled Promise: TypeError: Failed to fetch
=============================
====== JS ERROR CAUGHT ======
Unhandled Promise: TypeError: Failed to fetch
=============================
====== JS ERROR CAUGHT ======
Unhandled Promise: TypeError: Failed to fetch
=============================
====== JS ERROR CAUGHT ======
Unhandled Promise: TypeError: Failed to fetch
=============================
====== JS ERROR CAUGHT ======
Unhandled Promise: TypeError: Failed to fetch
=============================
====== JS ERROR CAUGHT ======
Unhandled Promise: TypeError: Failed to fetch
=============================
====== JS ERROR CAUGHT ======
Unhandled Promise: TypeError: Failed to fetch
=============================
====== JS ERROR CAUGHT ======
Unhandled Promise: TypeError: Failed to fetch
=============================
====== JS ERROR CAUGHT ======
Unhandled Promise: TypeError: Failed to fetch
=============================
====== JS ERROR CAUGHT ======
Unhandled Promise: TypeError: Failed to fetch
=============================
====== JS ERROR CAUGHT ======
Unhandled Promise: TypeError: Failed to fetch
=============================
====== JS ERROR CAUGHT ======
Unhandled Promise: TypeError: Failed to fetch
=============================
====== JS ERROR CAUGHT ======
Unhandled Promise: TypeError: Failed to fetch
=============================
====== JS ERROR CAUGHT ======
Unhandled Promise: TypeError: Failed to fetch
=============================
====== JS ERROR CAUGHT ======
Unhandled Promise: TypeError: Failed to fetch
=============================
====== JS ERROR CAUGHT ======
Unhandled Promise: TypeError: Failed to fetch
=============================
====== JS ERROR CAUGHT ======
Unhandled Promise: TypeError: Failed to fetch
=============================
====== JS ERROR CAUGHT ======
Unhandled Promise: TypeError: Failed to fetch
=============================
====== JS ERROR CAUGHT ======
Unhandled Promise: TypeError: Failed to fetch
=============================
====== JS ERROR CAUGHT ======
Unhandled Promise: TypeError: Failed to fetch
=============================
====== JS ERROR CAUGHT ======
Unhandled Promise: TypeError: Failed to fetch
=============================
====== JS ERROR CAUGHT ======
Unhandled Promise: TypeError: Failed to fetch
=============================
====== JS ERROR CAUGHT ======
Unhandled Promise: TypeError: Failed to fetch
=============================
====== JS ERROR CAUGHT ======
Unhandled Promise: TypeError: Failed to fetch
=============================
====== JS ERROR CAUGHT ======
Unhandled Promise: TypeError: Failed to fetch
=============================
====== JS ERROR CAUGHT ======
Unhandled Promise: TypeError: Failed to fetch
=============================
====== JS ERROR CAUGHT ======
Unhandled Promise: TypeError: Failed to fetch
=============================
====== JS ERROR CAUGHT ======
Unhandled Promise: TypeError: Failed to fetch
=============================
====== JS ERROR CAUGHT ======
Unhandled Promise: TypeError: Failed to fetch
=============================
====== JS ERROR CAUGHT ======
Unhandled Promise: TypeError: Failed to fetch
=============================
====== JS ERROR CAUGHT ======
Unhandled Promise: TypeError: Failed to fetch
=============================
====== JS ERROR CAUGHT ======
Unhandled Promise: TypeError: Failed to fetch
=============================
====== JS ERROR CAUGHT ======
Unhandled Promise: TypeError: Failed to fetch
=============================
====== JS ERROR CAUGHT ======
Unhandled Promise: TypeError: Failed to fetch
=============================
====== JS ERROR CAUGHT ======
Unhandled Promise: TypeError: Failed to fetch
=============================
====== JS ERROR CAUGHT ======
Unhandled Promise: TypeError: Failed to fetch
=============================
====== JS ERROR CAUGHT ======
Unhandled Promise: TypeError: Failed to fetch
=============================
====== JS ERROR CAUGHT ======
Unhandled Promise: TypeError: Failed to fetch
=============================
====== JS ERROR CAUGHT ======
Unhandled Promise: TypeError: Failed to fetch
=============================
====== JS ERROR CAUGHT ======
Unhandled Promise: TypeError: Failed to fetch
=============================
====== JS ERROR CAUGHT ======
Unhandled Promise: TypeError: Failed to fetch
=============================
====== JS ERROR CAUGHT ======
Unhandled Promise: TypeError: Failed to fetch
=============================
====== JS ERROR CAUGHT ======
Unhandled Promise: TypeError: Failed to fetch
=============================
====== JS ERROR CAUGHT ======
Unhandled Promise: TypeError: Failed to fetch
=============================
====== JS ERROR CAUGHT ======
Unhandled Promise: TypeError: Failed to fetch
=============================
====== JS ERROR CAUGHT ======
Unhandled Promise: TypeError: Failed to fetch
=============================
====== JS ERROR CAUGHT ======
Unhandled Promise: TypeError: Failed to fetch
=============================
====== JS ERROR CAUGHT ======
Unhandled Promise: TypeError: Failed to fetch
=============================
====== JS ERROR CAUGHT ======
Unhandled Promise: TypeError: Failed to fetch
=============================
====== JS ERROR CAUGHT ======
Unhandled Promise: TypeError: Failed to fetch
=============================
====== JS ERROR CAUGHT ======
Unhandled Promise: TypeError: Failed to fetch
=============================
====== JS ERROR CAUGHT ======
Unhandled Promise: TypeError: Failed to fetch
=============================
====== JS ERROR CAUGHT ======
Unhandled Promise: TypeError: Failed to fetch
=============================
====== JS ERROR CAUGHT ======
Unhandled Promise: TypeError: Failed to fetch
=============================
====== JS ERROR CAUGHT ======
Unhandled Promise: TypeError: Failed to fetch
=============================
====== JS ERROR CAUGHT ======
Unhandled Promise: TypeError: Failed to fetch
=============================
====== JS ERROR CAUGHT ======
Unhandled Promise: TypeError: Failed to fetch
=============================
====== JS ERROR CAUGHT ======
Unhandled Promise: TypeError: Failed to fetch
=============================
====== JS ERROR CAUGHT ======
Unhandled Promise: TypeError: Failed to fetch
=============================
====== JS ERROR CAUGHT ======
Unhandled Promise: TypeError: Failed to fetch
=============================
====== JS ERROR CAUGHT ======
Unhandled Promise: TypeError: Failed to fetch
=============================
====== JS ERROR CAUGHT ======
Unhandled Promise: TypeError: Failed to fetch
=============================
====== JS ERROR CAUGHT ======
Unhandled Promise: TypeError: Failed to fetch
=============================
====== JS ERROR CAUGHT ======
Unhandled Promise: TypeError: Failed to fetch
=============================
====== JS ERROR CAUGHT ======
Unhandled Promise: TypeError: Failed to fetch
=============================
====== JS ERROR CAUGHT ======
Unhandled Promise: TypeError: Failed to fetch
=============================
====== JS ERROR CAUGHT ======
Unhandled Promise: TypeError: Failed to fetch
=============================
====== JS ERROR CAUGHT ======
Unhandled Promise: TypeError: Failed to fetch
=============================
====== JS ERROR CAUGHT ======
Unhandled Promise: TypeError: Failed to fetch
=============================
====== JS ERROR CAUGHT ======
Unhandled Promise: TypeError: Failed to fetch
=============================
====== JS ERROR CAUGHT ======
Unhandled Promise: TypeError: Failed to fetch
=============================
====== JS ERROR CAUGHT ======
Unhandled Promise: TypeError: Failed to fetch
=============================
====== JS ERROR CAUGHT ======
Unhandled Promise: TypeError: Failed to fetch
=============================
====== JS ERROR CAUGHT ======
Unhandled Promise: TypeError: Failed to fetch
=============================
====== JS ERROR CAUGHT ======
Unhandled Promise: TypeError: Failed to fetch
=============================
====== JS ERROR CAUGHT ======
Unhandled Promise: TypeError: Failed to fetch
=============================
====== JS ERROR CAUGHT ======
Unhandled Promise: TypeError: Failed to fetch
=============================
====== JS ERROR CAUGHT ======
Unhandled Promise: TypeError: Failed to fetch
=============================
====== JS ERROR CAUGHT ======
Unhandled Promise: TypeError: Failed to fetch
=============================
====== JS ERROR CAUGHT ======
Unhandled Promise: TypeError: Failed to fetch
=============================
====== JS ERROR CAUGHT ======
Unhandled Promise: TypeError: Failed to fetch
=============================
====== JS ERROR CAUGHT ======
Unhandled Promise: TypeError: Failed to fetch
=============================
====== JS ERROR CAUGHT ======
Unhandled Promise: TypeError: Failed to fetch
=============================
====== JS ERROR CAUGHT ======
Unhandled Promise: TypeError: Failed to fetch
=============================
====== JS ERROR CAUGHT ======
Unhandled Promise: TypeError: Failed to fetch
=============================
====== JS ERROR CAUGHT ======
Unhandled Promise: TypeError: Failed to fetch
=============================
====== JS ERROR CAUGHT ======
Unhandled Promise: TypeError: Failed to fetch
=============================
====== JS ERROR CAUGHT ======
Unhandled Promise: TypeError: Failed to fetch
=============================
====== JS ERROR CAUGHT ======
Unhandled Promise: TypeError: Failed to fetch
=============================
====== JS ERROR CAUGHT ======
Unhandled Promise: TypeError: Failed to fetch
=============================
====== JS ERROR CAUGHT ======
Unhandled Promise: TypeError: Failed to fetch
=============================
====== JS ERROR CAUGHT ======
Unhandled Promise: TypeError: Failed to fetch
=============================
====== JS ERROR CAUGHT ======
Unhandled Promise: TypeError: Failed to fetch
=============================
====== JS ERROR CAUGHT ======
Unhandled Promise: TypeError: Failed to fetch
=============================
====== JS ERROR CAUGHT ======
Unhandled Promise: TypeError: Failed to fetch
=============================
====== JS ERROR CAUGHT ======
Unhandled Promise: TypeError: Failed to fetch
=============================
====== JS ERROR CAUGHT ======
Unhandled Promise: TypeError: Failed to fetch
=============================
====== JS ERROR CAUGHT ======
Unhandled Promise: TypeError: Failed to fetch
=============================
====== JS ERROR CAUGHT ======
Unhandled Promise: TypeError: Failed to fetch
=============================
====== JS ERROR CAUGHT ======
Unhandled Promise: TypeError: Failed to fetch
=============================
====== JS ERROR CAUGHT ======
Unhandled Promise: TypeError: Failed to fetch
=============================
====== JS ERROR CAUGHT ======
Unhandled Promise: TypeError: Failed to fetch
=============================
====== JS ERROR CAUGHT ======
Unhandled Promise: TypeError: Failed to fetch
=============================
====== JS ERROR CAUGHT ======
Unhandled Promise: TypeError: Failed to fetch
=============================
====== JS ERROR CAUGHT ======
Unhandled Promise: TypeError: Failed to fetch
=============================
====== JS ERROR CAUGHT ======
Unhandled Promise: TypeError: Failed to fetch
=============================
====== JS ERROR CAUGHT ======
Unhandled Promise: TypeError: Failed to fetch
=============================
====== JS ERROR CAUGHT ======
Unhandled Promise: TypeError: Failed to fetch
=============================
====== JS ERROR CAUGHT ======
Unhandled Promise: TypeError: Failed to fetch
=============================
====== JS ERROR CAUGHT ======
Unhandled Promise: TypeError: Failed to fetch
=============================
====== JS ERROR CAUGHT ======
Unhandled Promise: TypeError: Failed to fetch
=============================
====== JS ERROR CAUGHT ======
Unhandled Promise: TypeError: Failed to fetch
=============================
====== JS ERROR CAUGHT ======
Unhandled Promise: TypeError: Failed to fetch
=============================
====== JS ERROR CAUGHT ======
Unhandled Promise: TypeError: Failed to fetch
=============================
====== JS ERROR CAUGHT ======
Unhandled Promise: TypeError: Failed to fetch
=============================
====== JS ERROR CAUGHT ======
Unhandled Promise: TypeError: Failed to fetch
=============================
====== JS ERROR CAUGHT ======
Unhandled Promise: TypeError: Failed to fetch
=============================
====== JS ERROR CAUGHT ======
Unhandled Promise: TypeError: Failed to fetch
=============================
====== JS ERROR CAUGHT ======
Unhandled Promise: TypeError: Failed to fetch
=============================
====== JS ERROR CAUGHT ======
Unhandled Promise: TypeError: Failed to fetch
=============================
====== JS ERROR CAUGHT ======
Unhandled Promise: TypeError: Failed to fetch
=============================
====== JS ERROR CAUGHT ======
Unhandled Promise: TypeError: Failed to fetch
=============================
====== JS ERROR CAUGHT ======
Unhandled Promise: TypeError: Failed to fetch
=============================
====== JS ERROR CAUGHT ======
Unhandled Promise: TypeError: Failed to fetch
=============================
====== JS ERROR CAUGHT ======
Unhandled Promise: TypeError: Failed to fetch
=============================
====== JS ERROR CAUGHT ======
Unhandled Promise: TypeError: Failed to fetch
=============================
====== JS ERROR CAUGHT ======
Unhandled Promise: TypeError: Failed to fetch
=============================
====== JS ERROR CAUGHT ======
Unhandled Promise: TypeError: Failed to fetch
=============================
====== JS ERROR CAUGHT ======
Unhandled Promise: TypeError: Failed to fetch
=============================
====== JS ERROR CAUGHT ======
Unhandled Promise: TypeError: Failed to fetch
=============================
====== JS ERROR CAUGHT ======
Unhandled Promise: TypeError: Failed to fetch
=============================
====== JS ERROR CAUGHT ======
Unhandled Promise: TypeError: Failed to fetch
=============================
====== JS ERROR CAUGHT ======
Unhandled Promise: TypeError: Failed to fetch
=============================
====== JS ERROR CAUGHT ======
Unhandled Promise: TypeError: Failed to fetch
=============================
====== JS ERROR CAUGHT ======
Unhandled Promise: TypeError: Failed to fetch
=============================
====== JS ERROR CAUGHT ======
Unhandled Promise: TypeError: Failed to fetch
=============================
====== JS ERROR CAUGHT ======
Unhandled Promise: TypeError: Failed to fetch
=============================
====== JS ERROR CAUGHT ======
Unhandled Promise: TypeError: Failed to fetch
=============================
====== JS ERROR CAUGHT ======
Unhandled Promise: TypeError: Failed to fetch
=============================
====== JS ERROR CAUGHT ======
Unhandled Promise: TypeError: Failed to fetch
=============================
====== JS ERROR CAUGHT ======
Unhandled Promise: TypeError: Failed to fetch
=============================
====== JS ERROR CAUGHT ======
Unhandled Promise: TypeError: Failed to fetch
=============================
====== JS ERROR CAUGHT ======
Unhandled Promise: TypeError: Failed to fetch
=============================
====== JS ERROR CAUGHT ======
Unhandled Promise: TypeError: Failed to fetch
=============================
====== JS ERROR CAUGHT ======
Unhandled Promise: TypeError: Failed to fetch
=============================
====== JS ERROR CAUGHT ======
Unhandled Promise: TypeError: Failed to fetch
=============================
====== JS ERROR CAUGHT ======
Unhandled Promise: TypeError: Failed to fetch
=============================
====== JS ERROR CAUGHT ======
Unhandled Promise: TypeError: Failed to fetch
=============================
====== JS ERROR CAUGHT ======
Unhandled Promise: TypeError: Failed to fetch
=============================
====== JS ERROR CAUGHT ======
Unhandled Promise: TypeError: Failed to fetch
=============================
====== JS ERROR CAUGHT ======
Unhandled Promise: TypeError: Failed to fetch
=============================
====== JS ERROR CAUGHT ======
Unhandled Promise: TypeError: Failed to fetch
=============================
====== JS ERROR CAUGHT ======
Unhandled Promise: TypeError: Failed to fetch
=============================
====== JS ERROR CAUGHT ======
Unhandled Promise: TypeError: Failed to fetch
=============================
====== JS ERROR CAUGHT ======
Unhandled Promise: TypeError: Failed to fetch
=============================
====== JS ERROR CAUGHT ======
Unhandled Promise: TypeError: Failed to fetch
=============================
====== JS ERROR CAUGHT ======
Unhandled Promise: TypeError: Failed to fetch
=============================
====== JS ERROR CAUGHT ======
Unhandled Promise: TypeError: Failed to fetch
=============================
====== JS ERROR CAUGHT ======
Unhandled Promise: TypeError: Failed to fetch
=============================
====== JS ERROR CAUGHT ======
Unhandled Promise: TypeError: Failed to fetch
=============================
====== JS ERROR CAUGHT ======
Unhandled Promise: TypeError: Failed to fetch
=============================
====== JS ERROR CAUGHT ======
Unhandled Promise: TypeError: Failed to fetch
=============================
====== JS ERROR CAUGHT ======
Unhandled Promise: TypeError: Failed to fetch
=============================
====== JS ERROR CAUGHT ======
Unhandled Promise: TypeError: Failed to fetch
=============================
====== JS ERROR CAUGHT ======
Unhandled Promise: TypeError: Failed to fetch
=============================
====== JS ERROR CAUGHT ======
Unhandled Promise: TypeError: Failed to fetch
=============================
====== JS ERROR CAUGHT ======
Unhandled Promise: TypeError: Failed to fetch
=============================
====== JS ERROR CAUGHT ======
Unhandled Promise: TypeError: Failed to fetch
=============================
====== JS ERROR CAUGHT ======
Unhandled Promise: TypeError: Failed to fetch
=============================
====== JS ERROR CAUGHT ======
Unhandled Promise: TypeError: Failed to fetch
=============================
====== JS ERROR CAUGHT ======
Unhandled Promise: TypeError: Failed to fetch
=============================
====== JS ERROR CAUGHT ======
Unhandled Promise: TypeError: Failed to fetch
=============================
====== JS ERROR CAUGHT ======
Unhandled Promise: TypeError: Failed to fetch
=============================
====== JS ERROR CAUGHT ======
Unhandled Promise: TypeError: Failed to fetch
=============================
====== JS ERROR CAUGHT ======
Unhandled Promise: TypeError: Failed to fetch
=============================
====== JS ERROR CAUGHT ======
Unhandled Promise: TypeError: Failed to fetch
=============================
====== JS ERROR CAUGHT ======
Unhandled Promise: TypeError: Failed to fetch
=============================
====== JS ERROR CAUGHT ======
Unhandled Promise: TypeError: Failed to fetch
=============================
====== JS ERROR CAUGHT ======
Unhandled Promise: TypeError: Failed to fetch
=============================
====== JS ERROR CAUGHT ======
Unhandled Promise: TypeError: Failed to fetch
=============================
====== JS ERROR CAUGHT ======
Unhandled Promise: TypeError: Failed to fetch
=============================
====== JS ERROR CAUGHT ======
Unhandled Promise: TypeError: Failed to fetch
=============================
====== JS ERROR CAUGHT ======
Unhandled Promise: TypeError: Failed to fetch
=============================
====== JS ERROR CAUGHT ======
Unhandled Promise: TypeError: Failed to fetch
=============================
====== JS ERROR CAUGHT ======
Unhandled Promise: TypeError: Failed to fetch
=============================
====== JS ERROR CAUGHT ======
Unhandled Promise: TypeError: Failed to fetch
=============================
====== JS ERROR CAUGHT ======
Unhandled Promise: TypeError: Failed to fetch
=============================
====== JS ERROR CAUGHT ======
Unhandled Promise: TypeError: Failed to fetch
=============================
====== JS ERROR CAUGHT ======
Unhandled Promise: TypeError: Failed to fetch
=============================
====== JS ERROR CAUGHT ======
Unhandled Promise: TypeError: Failed to fetch
=============================
====== JS ERROR CAUGHT ======
Unhandled Promise: TypeError: Failed to fetch
=============================
====== JS ERROR CAUGHT ======
Unhandled Promise: TypeError: Failed to fetch
=============================
====== JS ERROR CAUGHT ======
Unhandled Promise: TypeError: Failed to fetch
=============================
====== JS ERROR CAUGHT ======
Unhandled Promise: TypeError: Failed to fetch
=============================
====== JS ERROR CAUGHT ======
Unhandled Promise: TypeError: Failed to fetch
=============================
====== JS ERROR CAUGHT ======
Unhandled Promise: TypeError: Failed to fetch
=============================
====== JS ERROR CAUGHT ======
Unhandled Promise: TypeError: Failed to fetch
=============================
====== JS ERROR CAUGHT ======
Unhandled Promise: TypeError: Failed to fetch
=============================
====== JS ERROR CAUGHT ======
Unhandled Promise: TypeError: Failed to fetch
=============================
====== JS ERROR CAUGHT ======
Unhandled Promise: TypeError: Failed to fetch
=============================
====== JS ERROR CAUGHT ======
Unhandled Promise: TypeError: Failed to fetch
=============================
====== JS ERROR CAUGHT ======
Unhandled Promise: TypeError: Failed to fetch
=============================
====== JS ERROR CAUGHT ======
Unhandled Promise: TypeError: Failed to fetch
=============================
====== JS ERROR CAUGHT ======
Unhandled Promise: TypeError: Failed to fetch
=============================
====== JS ERROR CAUGHT ======
Unhandled Promise: TypeError: Failed to fetch
=============================
====== JS ERROR CAUGHT ======
Unhandled Promise: TypeError: Failed to fetch
=============================
====== JS ERROR CAUGHT ======
Unhandled Promise: TypeError: Failed to fetch
=============================
====== JS ERROR CAUGHT ======
Unhandled Promise: TypeError: Failed to fetch
=============================
====== JS ERROR CAUGHT ======
Unhandled Promise: TypeError: Failed to fetch
=============================
====== JS ERROR CAUGHT ======
Unhandled Promise: TypeError: Failed to fetch
=============================
====== JS ERROR CAUGHT ======
Unhandled Promise: TypeError: Failed to fetch
=============================
====== JS ERROR CAUGHT ======
Unhandled Promise: TypeError: Failed to fetch
=============================
====== JS ERROR CAUGHT ======
Unhandled Promise: TypeError: Failed to fetch
=============================
====== JS ERROR CAUGHT ======
Unhandled Promise: TypeError: Failed to fetch
=============================
====== JS ERROR CAUGHT ======
Unhandled Promise: TypeError: Failed to fetch
=============================
====== JS ERROR CAUGHT ======
Unhandled Promise: TypeError: Failed to fetch
=============================
====== JS ERROR CAUGHT ======
Unhandled Promise: TypeError: Failed to fetch
=============================
====== JS ERROR CAUGHT ======
Unhandled Promise: TypeError: Failed to fetch
=============================
====== JS ERROR CAUGHT ======
Unhandled Promise: TypeError: Failed to fetch
=============================
====== JS ERROR CAUGHT ======
Unhandled Promise: TypeError: Failed to fetch
=============================
====== JS ERROR CAUGHT ======
Unhandled Promise: TypeError: Failed to fetch
=============================
====== JS ERROR CAUGHT ======
Unhandled Promise: TypeError: Failed to fetch
=============================
====== JS ERROR CAUGHT ======
Unhandled Promise: TypeError: Failed to fetch
=============================
====== JS ERROR CAUGHT ======
Unhandled Promise: TypeError: Failed to fetch
=============================
====== JS ERROR CAUGHT ======
Unhandled Promise: TypeError: Failed to fetch
=============================
====== JS ERROR CAUGHT ======
Unhandled Promise: TypeError: Failed to fetch
=============================
====== JS ERROR CAUGHT ======
Unhandled Promise: TypeError: Failed to fetch
=============================
====== JS ERROR CAUGHT ======
Unhandled Promise: TypeError: Failed to fetch
=============================
====== JS ERROR CAUGHT ======
Unhandled Promise: TypeError: Failed to fetch
=============================
====== JS ERROR CAUGHT ======
Unhandled Promise: TypeError: Failed to fetch
=============================
====== JS ERROR CAUGHT ======
Unhandled Promise: TypeError: Failed to fetch
=============================
====== JS ERROR CAUGHT ======
Unhandled Promise: TypeError: Failed to fetch
=============================
====== JS ERROR CAUGHT ======
Unhandled Promise: TypeError: Failed to fetch
=============================
====== JS ERROR CAUGHT ======
Unhandled Promise: TypeError: Failed to fetch
=============================
====== JS ERROR CAUGHT ======
Unhandled Promise: TypeError: Failed to fetch
=============================
====== JS ERROR CAUGHT ======
Unhandled Promise: TypeError: Failed to fetch
=============================
====== JS ERROR CAUGHT ======
Unhandled Promise: TypeError: Failed to fetch
=============================
====== JS ERROR CAUGHT ======
Unhandled Promise: TypeError: Failed to fetch
=============================
====== JS ERROR CAUGHT ======
Unhandled Promise: TypeError: Failed to fetch
=============================
====== JS ERROR CAUGHT ======
Unhandled Promise: TypeError: Failed to fetch
=============================
====== JS ERROR CAUGHT ======
Unhandled Promise: TypeError: Failed to fetch
=============================
====== JS ERROR CAUGHT ======
Unhandled Promise: TypeError: Failed to fetch
=============================
====== JS ERROR CAUGHT ======
Unhandled Promise: TypeError: Failed to fetch
=============================
====== JS ERROR CAUGHT ======
Unhandled Promise: TypeError: Failed to fetch
=============================
====== JS ERROR CAUGHT ======
Unhandled Promise: TypeError: Failed to fetch
=============================
====== JS ERROR CAUGHT ======
Unhandled Promise: TypeError: Failed to fetch
=============================
====== JS ERROR CAUGHT ======
Unhandled Promise: TypeError: Failed to fetch
=============================
====== JS ERROR CAUGHT ======
Unhandled Promise: TypeError: Failed to fetch
=============================
====== JS ERROR CAUGHT ======
Unhandled Promise: TypeError: Failed to fetch
=============================
====== JS ERROR CAUGHT ======
Unhandled Promise: TypeError: Failed to fetch
=============================
====== JS ERROR CAUGHT ======
Unhandled Promise: TypeError: Failed to fetch
=============================
====== JS ERROR CAUGHT ======
Unhandled Promise: TypeError: Failed to fetch
=============================
====== JS ERROR CAUGHT ======
Unhandled Promise: TypeError: Failed to fetch
=============================
====== JS ERROR CAUGHT ======
Unhandled Promise: TypeError: Failed to fetch
=============================
====== JS ERROR CAUGHT ======
Unhandled Promise: TypeError: Failed to fetch
=============================
====== JS ERROR CAUGHT ======
Unhandled Promise: TypeError: Failed to fetch
=============================
====== JS ERROR CAUGHT ======
Unhandled Promise: TypeError: Failed to fetch
=============================
====== JS ERROR CAUGHT ======
Unhandled Promise: TypeError: Failed to fetch
=============================
====== JS ERROR CAUGHT ======
Unhandled Promise: TypeError: Failed to fetch
=============================
====== JS ERROR CAUGHT ======
Unhandled Promise: TypeError: Failed to fetch
=============================
====== JS ERROR CAUGHT ======
Unhandled Promise: TypeError: Failed to fetch
=============================
====== JS ERROR CAUGHT ======
Unhandled Promise: TypeError: Failed to fetch
=============================
====== JS ERROR CAUGHT ======
Unhandled Promise: TypeError: Failed to fetch
=============================
====== JS ERROR CAUGHT ======
Unhandled Promise: TypeError: Failed to fetch
=============================
====== JS ERROR CAUGHT ======
Unhandled Promise: TypeError: Failed to fetch
=============================
====== JS ERROR CAUGHT ======
Unhandled Promise: TypeError: Failed to fetch
=============================
====== JS ERROR CAUGHT ======
Unhandled Promise: TypeError: Failed to fetch
=============================
====== JS ERROR CAUGHT ======
Unhandled Promise: TypeError: Failed to fetch
=============================
====== JS ERROR CAUGHT ======
Unhandled Promise: TypeError: Failed to fetch
=============================
====== JS ERROR CAUGHT ======
Unhandled Promise: TypeError: Failed to fetch
=============================
====== JS ERROR CAUGHT ======
Unhandled Promise: TypeError: Failed to fetch
=============================
====== JS ERROR CAUGHT ======
Unhandled Promise: TypeError: Failed to fetch
=============================
====== JS ERROR CAUGHT ======
Unhandled Promise: TypeError: Failed to fetch
=============================
====== JS ERROR CAUGHT ======
Unhandled Promise: TypeError: Failed to fetch
=============================
====== JS ERROR CAUGHT ======
Unhandled Promise: TypeError: Failed to fetch
=============================
====== JS ERROR CAUGHT ======
Unhandled Promise: TypeError: Failed to fetch
=============================
====== JS ERROR CAUGHT ======
Unhandled Promise: TypeError: Failed to fetch
=============================
====== JS ERROR CAUGHT ======
Unhandled Promise: TypeError: Failed to fetch
=============================
====== JS ERROR CAUGHT ======
Unhandled Promise: TypeError: Failed to fetch
=============================
====== JS ERROR CAUGHT ======
Unhandled Promise: TypeError: Failed to fetch
=============================
====== JS ERROR CAUGHT ======
Unhandled Promise: TypeError: Failed to fetch
=============================
====== JS ERROR CAUGHT ======
Unhandled Promise: TypeError: Failed to fetch
=============================
====== JS ERROR CAUGHT ======
Unhandled Promise: TypeError: Failed to fetch
=============================
====== JS ERROR CAUGHT ======
Unhandled Promise: TypeError: Failed to fetch
=============================
====== JS ERROR CAUGHT ======
Unhandled Promise: TypeError: Failed to fetch
=============================
====== JS ERROR CAUGHT ======
Unhandled Promise: TypeError: Failed to fetch
=============================
====== JS ERROR CAUGHT ======
Unhandled Promise: TypeError: Failed to fetch
=============================
====== JS ERROR CAUGHT ======
Unhandled Promise: TypeError: Failed to fetch
=============================
====== JS ERROR CAUGHT ======
Unhandled Promise: TypeError: Failed to fetch
=============================
====== JS ERROR CAUGHT ======
Unhandled Promise: TypeError: Failed to fetch
=============================
====== JS ERROR CAUGHT ======
Unhandled Promise: TypeError: Failed to fetch
=============================
====== JS ERROR CAUGHT ======
Unhandled Promise: TypeError: Failed to fetch
=============================
====== JS ERROR CAUGHT ======
Unhandled Promise: TypeError: Failed to fetch
=============================
====== JS ERROR CAUGHT ======
Unhandled Promise: TypeError: Failed to fetch
=============================
====== JS ERROR CAUGHT ======
Unhandled Promise: TypeError: Failed to fetch
=============================
====== JS ERROR CAUGHT ======
Unhandled Promise: TypeError: Failed to fetch
=============================
====== JS ERROR CAUGHT ======
Unhandled Promise: TypeError: Failed to fetch
=============================
====== JS ERROR CAUGHT ======
Unhandled Promise: TypeError: Failed to fetch
=============================
====== JS ERROR CAUGHT ======
Unhandled Promise: TypeError: Failed to fetch
=============================
====== JS ERROR CAUGHT ======
Unhandled Promise: TypeError: Failed to fetch
=============================
====== JS ERROR CAUGHT ======
Unhandled Promise: TypeError: Failed to fetch
=============================
====== JS ERROR CAUGHT ======
Unhandled Promise: TypeError: Failed to fetch
=============================
====== JS ERROR CAUGHT ======
Unhandled Promise: TypeError: Failed to fetch
=============================
====== JS ERROR CAUGHT ======
Unhandled Promise: TypeError: Failed to fetch
=============================
====== JS ERROR CAUGHT ======
Unhandled Promise: TypeError: Failed to fetch
=============================
====== JS ERROR CAUGHT ======
Unhandled Promise: TypeError: Failed to fetch
=============================
====== JS ERROR CAUGHT ======
Unhandled Promise: TypeError: Failed to fetch
=============================
====== JS ERROR CAUGHT ======
Unhandled Promise: TypeError: Failed to fetch
=============================
====== JS ERROR CAUGHT ======
Unhandled Promise: TypeError: Failed to fetch
=============================
====== JS ERROR CAUGHT ======
Unhandled Promise: TypeError: Failed to fetch
=============================
====== JS ERROR CAUGHT ======
Unhandled Promise: TypeError: Failed to fetch
=============================
====== JS ERROR CAUGHT ======
Unhandled Promise: TypeError: Failed to fetch
=============================
====== JS ERROR CAUGHT ======
Unhandled Promise: TypeError: Failed to fetch
=============================
====== JS ERROR CAUGHT ======
Unhandled Promise: TypeError: Failed to fetch
=============================
====== JS ERROR CAUGHT ======
Unhandled Promise: TypeError: Failed to fetch
=============================
====== JS ERROR CAUGHT ======
Unhandled Promise: TypeError: Failed to fetch
=============================
====== JS ERROR CAUGHT ======
Unhandled Promise: TypeError: Failed to fetch
=============================
====== JS ERROR CAUGHT ======
Unhandled Promise: TypeError: Failed to fetch
=============================
====== JS ERROR CAUGHT ======
Unhandled Promise: TypeError: Failed to fetch
=============================
====== JS ERROR CAUGHT ======
Unhandled Promise: TypeError: Failed to fetch
=============================
====== JS ERROR CAUGHT ======
Unhandled Promise: TypeError: Failed to fetch
=============================
====== JS ERROR CAUGHT ======
Unhandled Promise: TypeError: Failed to fetch
=============================
====== JS ERROR CAUGHT ======
Unhandled Promise: TypeError: Failed to fetch
=============================
====== JS ERROR CAUGHT ======
Unhandled Promise: TypeError: Failed to fetch
=============================
====== JS ERROR CAUGHT ======
Unhandled Promise: TypeError: Failed to fetch
=============================
====== JS ERROR CAUGHT ======
Unhandled Promise: TypeError: Failed to fetch
=============================
====== JS ERROR CAUGHT ======
Unhandled Promise: TypeError: Failed to fetch
=============================
====== JS ERROR CAUGHT ======
Unhandled Promise: TypeError: Failed to fetch
=============================
====== JS ERROR CAUGHT ======
Unhandled Promise: TypeError: Failed to fetch
=============================
====== JS ERROR CAUGHT ======
Unhandled Promise: TypeError: Failed to fetch
=============================
====== JS ERROR CAUGHT ======
Unhandled Promise: TypeError: Failed to fetch
=============================
====== JS ERROR CAUGHT ======
Unhandled Promise: TypeError: Failed to fetch
=============================
====== JS ERROR CAUGHT ======
Unhandled Promise: TypeError: Failed to fetch
=============================
====== JS ERROR CAUGHT ======
Unhandled Promise: TypeError: Failed to fetch
=============================
====== JS ERROR CAUGHT ======
Unhandled Promise: TypeError: Failed to fetch
=============================
====== JS ERROR CAUGHT ======
Unhandled Promise: TypeError: Failed to fetch
=============================
====== JS ERROR CAUGHT ======
Unhandled Promise: TypeError: Failed to fetch
=============================
====== JS ERROR CAUGHT ======
Unhandled Promise: TypeError: Failed to fetch
=============================
====== JS ERROR CAUGHT ======
Unhandled Promise: TypeError: Failed to fetch
=============================
====== JS ERROR CAUGHT ======
Unhandled Promise: TypeError: Failed to fetch
=============================
====== JS ERROR CAUGHT ======
Unhandled Promise: TypeError: Failed to fetch
=============================
====== JS ERROR CAUGHT ======
Unhandled Promise: TypeError: Failed to fetch
=============================
====== JS ERROR CAUGHT ======
Unhandled Promise: TypeError: Failed to fetch
=============================
====== JS ERROR CAUGHT ======
Unhandled Promise: TypeError: Failed to fetch
=============================
====== JS ERROR CAUGHT ======
Unhandled Promise: TypeError: Failed to fetch
=============================
====== JS ERROR CAUGHT ======
Unhandled Promise: TypeError: Failed to fetch
=============================
====== JS ERROR CAUGHT ======
Unhandled Promise: TypeError: Failed to fetch
=============================
====== JS ERROR CAUGHT ======
Unhandled Promise: TypeError: Failed to fetch
=============================
====== JS ERROR CAUGHT ======
Unhandled Promise: TypeError: Failed to fetch
=============================
====== JS ERROR CAUGHT ======
Unhandled Promise: TypeError: Failed to fetch
=============================
====== JS ERROR CAUGHT ======
Unhandled Promise: TypeError: Failed to fetch
=============================
====== JS ERROR CAUGHT ======
Unhandled Promise: TypeError: Failed to fetch
=============================
====== JS ERROR CAUGHT ======
Unhandled Promise: TypeError: Failed to fetch
=============================
====== JS ERROR CAUGHT ======
Unhandled Promise: TypeError: Failed to fetch
=============================
====== JS ERROR CAUGHT ======
Unhandled Promise: TypeError: Failed to fetch
=============================
====== JS ERROR CAUGHT ======
Unhandled Promise: TypeError: Failed to fetch
=============================
====== JS ERROR CAUGHT ======
Unhandled Promise: TypeError: Failed to fetch
=============================
====== JS ERROR CAUGHT ======
Unhandled Promise: TypeError: Failed to fetch
=============================
====== JS ERROR CAUGHT ======
Unhandled Promise: TypeError: Failed to fetch
=============================
====== JS ERROR CAUGHT ======
Unhandled Promise: TypeError: Failed to fetch
=============================
====== JS ERROR CAUGHT ======
Unhandled Promise: TypeError: Failed to fetch
=============================
====== JS ERROR CAUGHT ======
Unhandled Promise: TypeError: Failed to fetch
=============================
====== JS ERROR CAUGHT ======
Unhandled Promise: TypeError: Failed to fetch
=============================
====== JS ERROR CAUGHT ======
Unhandled Promise: TypeError: Failed to fetch
=============================
====== JS ERROR CAUGHT ======
Unhandled Promise: TypeError: Failed to fetch
=============================
====== JS ERROR CAUGHT ======
Unhandled Promise: TypeError: Failed to fetch
=============================
====== JS ERROR CAUGHT ======
Unhandled Promise: TypeError: Failed to fetch
=============================
====== JS ERROR CAUGHT ======
Unhandled Promise: TypeError: Failed to fetch
=============================
====== JS ERROR CAUGHT ======
Unhandled Promise: TypeError: Failed to fetch
=============================
====== JS ERROR CAUGHT ======
Unhandled Promise: TypeError: Failed to fetch
=============================
====== JS ERROR CAUGHT ======
Unhandled Promise: TypeError: Failed to fetch
=============================
====== JS ERROR CAUGHT ======
Unhandled Promise: TypeError: Failed to fetch
=============================
====== JS ERROR CAUGHT ======
Unhandled Promise: TypeError: Failed to fetch
=============================
====== JS ERROR CAUGHT ======
Unhandled Promise: TypeError: Failed to fetch
=============================
====== JS ERROR CAUGHT ======
Unhandled Promise: TypeError: Failed to fetch
=============================
====== JS ERROR CAUGHT ======
Unhandled Promise: TypeError: Failed to fetch
=============================
====== JS ERROR CAUGHT ======
Unhandled Promise: TypeError: Failed to fetch
=============================
====== JS ERROR CAUGHT ======
Unhandled Promise: TypeError: Failed to fetch
=============================
====== JS ERROR CAUGHT ======
Unhandled Promise: TypeError: Failed to fetch
=============================
====== JS ERROR CAUGHT ======
Unhandled Promise: TypeError: Failed to fetch
=============================
====== JS ERROR CAUGHT ======
Unhandled Promise: TypeError: Failed to fetch
=============================
====== JS ERROR CAUGHT ======
Unhandled Promise: TypeError: Failed to fetch
=============================
====== JS ERROR CAUGHT ======
Unhandled Promise: TypeError: Failed to fetch
=============================
====== JS ERROR CAUGHT ======
Unhandled Promise: TypeError: Failed to fetch
=============================
====== JS ERROR CAUGHT ======
Unhandled Promise: TypeError: Failed to fetch
=============================
====== JS ERROR CAUGHT ======
Unhandled Promise: TypeError: Failed to fetch
=============================
====== JS ERROR CAUGHT ======
Unhandled Promise: TypeError: Failed to fetch
=============================
====== JS ERROR CAUGHT ======
Unhandled Promise: TypeError: Failed to fetch
=============================
====== JS ERROR CAUGHT ======
Unhandled Promise: TypeError: Failed to fetch
=============================
====== JS ERROR CAUGHT ======
Unhandled Promise: TypeError: Failed to fetch
=============================
====== JS ERROR CAUGHT ======
Unhandled Promise: TypeError: Failed to fetch
=============================
====== JS ERROR CAUGHT ======
Unhandled Promise: TypeError: Failed to fetch
=============================
====== JS ERROR CAUGHT ======
Unhandled Promise: TypeError: Failed to fetch
=============================
====== JS ERROR CAUGHT ======
Unhandled Promise: TypeError: Failed to fetch
=============================
====== JS ERROR CAUGHT ======
Unhandled Promise: TypeError: Failed to fetch
=============================
====== JS ERROR CAUGHT ======
Unhandled Promise: TypeError: Failed to fetch
=============================
====== JS ERROR CAUGHT ======
Unhandled Promise: TypeError: Failed to fetch
=============================
====== JS ERROR CAUGHT ======
Unhandled Promise: TypeError: Failed to fetch
=============================
====== JS ERROR CAUGHT ======
Unhandled Promise: TypeError: Failed to fetch
=============================
====== JS ERROR CAUGHT ======
Unhandled Promise: TypeError: Failed to fetch
=============================
====== JS ERROR CAUGHT ======
Unhandled Promise: TypeError: Failed to fetch
=============================
====== JS ERROR CAUGHT ======
Unhandled Promise: TypeError: Failed to fetch
=============================
====== JS ERROR CAUGHT ======
Unhandled Promise: TypeError: Failed to fetch
=============================
====== JS ERROR CAUGHT ======
Unhandled Promise: TypeError: Failed to fetch
=============================
====== JS ERROR CAUGHT ======
Unhandled Promise: TypeError: Failed to fetch
=============================
====== JS ERROR CAUGHT ======
Unhandled Promise: TypeError: Failed to fetch
=============================
====== JS ERROR CAUGHT ======
Unhandled Promise: TypeError: Failed to fetch
=============================
====== JS ERROR CAUGHT ======
Unhandled Promise: TypeError: Failed to fetch
=============================
====== JS ERROR CAUGHT ======
Unhandled Promise: TypeError: Failed to fetch
=============================
====== JS ERROR CAUGHT ======
Unhandled Promise: TypeError: Failed to fetch
=============================
====== JS ERROR CAUGHT ======
Unhandled Promise: TypeError: Failed to fetch
=============================
====== JS ERROR CAUGHT ======
Unhandled Promise: TypeError: Failed to fetch
=============================
====== JS ERROR CAUGHT ======
Unhandled Promise: TypeError: Failed to fetch
=============================
====== JS ERROR CAUGHT ======
Unhandled Promise: TypeError: Failed to fetch
=============================
====== JS ERROR CAUGHT ======
Unhandled Promise: TypeError: Failed to fetch
=============================
====== JS ERROR CAUGHT ======
Unhandled Promise: TypeError: Failed to fetch
=============================
====== JS ERROR CAUGHT ======
Unhandled Promise: TypeError: Failed to fetch
=============================
====== JS ERROR CAUGHT ======
Unhandled Promise: TypeError: Failed to fetch
=============================
====== JS ERROR CAUGHT ======
Unhandled Promise: TypeError: Failed to fetch
=============================
====== JS ERROR CAUGHT ======
Unhandled Promise: TypeError: Failed to fetch
=============================
====== JS ERROR CAUGHT ======
Unhandled Promise: TypeError: Failed to fetch
=============================
====== JS ERROR CAUGHT ======
Unhandled Promise: TypeError: Failed to fetch
=============================
====== JS ERROR CAUGHT ======
Unhandled Promise: TypeError: Failed to fetch
=============================
====== JS ERROR CAUGHT ======
Unhandled Promise: TypeError: Failed to fetch
=============================
====== JS ERROR CAUGHT ======
Unhandled Promise: TypeError: Failed to fetch
=============================
====== JS ERROR CAUGHT ======
Unhandled Promise: TypeError: Failed to fetch
=============================
====== JS ERROR CAUGHT ======
Unhandled Promise: TypeError: Failed to fetch
=============================
====== JS ERROR CAUGHT ======
Unhandled Promise: TypeError: Failed to fetch
=============================
====== JS ERROR CAUGHT ======
Unhandled Promise: TypeError: Failed to fetch
=============================
====== JS ERROR CAUGHT ======
Unhandled Promise: TypeError: Failed to fetch
=============================
====== JS ERROR CAUGHT ======
Unhandled Promise: TypeError: Failed to fetch
=============================
====== JS ERROR CAUGHT ======
Unhandled Promise: TypeError: Failed to fetch
=============================
====== JS ERROR CAUGHT ======
Unhandled Promise: TypeError: Failed to fetch
=============================
====== JS ERROR CAUGHT ======
Unhandled Promise: TypeError: Failed to fetch
=============================
====== JS ERROR CAUGHT ======
Unhandled Promise: TypeError: Failed to fetch
=============================
====== JS ERROR CAUGHT ======
Unhandled Promise: TypeError: Failed to fetch
=============================
====== JS ERROR CAUGHT ======
Unhandled Promise: TypeError: Failed to fetch
=============================
====== JS ERROR CAUGHT ======
Unhandled Promise: TypeError: Failed to fetch
=============================
====== JS ERROR CAUGHT ======
Unhandled Promise: TypeError: Failed to fetch
=============================
====== JS ERROR CAUGHT ======
Unhandled Promise: TypeError: Failed to fetch
=============================
====== JS ERROR CAUGHT ======
Unhandled Promise: TypeError: Failed to fetch
=============================
====== JS ERROR CAUGHT ======
Unhandled Promise: TypeError: Failed to fetch
=============================
====== JS ERROR CAUGHT ======
Unhandled Promise: TypeError: Failed to fetch
=============================
====== JS ERROR CAUGHT ======
Unhandled Promise: TypeError: Failed to fetch
=============================
====== JS ERROR CAUGHT ======
Unhandled Promise: TypeError: Failed to fetch
=============================
====== JS ERROR CAUGHT ======
Unhandled Promise: TypeError: Failed to fetch
=============================
====== JS ERROR CAUGHT ======
Unhandled Promise: TypeError: Failed to fetch
=============================
====== JS ERROR CAUGHT ======
Unhandled Promise: TypeError: Failed to fetch
=============================
====== JS ERROR CAUGHT ======
Unhandled Promise: TypeError: Failed to fetch
=============================
====== JS ERROR CAUGHT ======
Unhandled Promise: TypeError: Failed to fetch
=============================
====== JS ERROR CAUGHT ======
Unhandled Promise: TypeError: Failed to fetch
=============================
====== JS ERROR CAUGHT ======
Unhandled Promise: TypeError: Failed to fetch
=============================
====== JS ERROR CAUGHT ======
Unhandled Promise: TypeError: Failed to fetch
=============================
====== JS ERROR CAUGHT ======
Unhandled Promise: TypeError: Failed to fetch
=============================
====== JS ERROR CAUGHT ======
Unhandled Promise: TypeError: Failed to fetch
=============================
====== JS ERROR CAUGHT ======
Unhandled Promise: TypeError: Failed to fetch
=============================
====== JS ERROR CAUGHT ======
Unhandled Promise: TypeError: Failed to fetch
=============================
====== JS ERROR CAUGHT ======
Unhandled Promise: TypeError: Failed to fetch
=============================
====== JS ERROR CAUGHT ======
Unhandled Promise: TypeError: Failed to fetch
=============================
====== JS ERROR CAUGHT ======
Unhandled Promise: TypeError: Failed to fetch
=============================
====== JS ERROR CAUGHT ======
Unhandled Promise: TypeError: Failed to fetch
=============================
====== JS ERROR CAUGHT ======
Unhandled Promise: TypeError: Failed to fetch
=============================
====== JS ERROR CAUGHT ======
Unhandled Promise: TypeError: Failed to fetch
=============================
====== JS ERROR CAUGHT ======
Unhandled Promise: TypeError: Failed to fetch
=============================
====== JS ERROR CAUGHT ======
Unhandled Promise: TypeError: Failed to fetch
=============================
====== JS ERROR CAUGHT ======
Unhandled Promise: TypeError: Failed to fetch
=============================
====== JS ERROR CAUGHT ======
Unhandled Promise: TypeError: Failed to fetch
=============================
====== JS ERROR CAUGHT ======
Unhandled Promise: TypeError: Failed to fetch
=============================
====== JS ERROR CAUGHT ======
Unhandled Promise: TypeError: Failed to fetch
=============================
====== JS ERROR CAUGHT ======
Unhandled Promise: TypeError: Failed to fetch
=============================
====== JS ERROR CAUGHT ======
Unhandled Promise: TypeError: Failed to fetch
=============================
====== JS ERROR CAUGHT ======
Unhandled Promise: TypeError: Failed to fetch
=============================
====== JS ERROR CAUGHT ======
Unhandled Promise: TypeError: Failed to fetch
=============================
====== JS ERROR CAUGHT ======
Unhandled Promise: TypeError: Failed to fetch
=============================
====== JS ERROR CAUGHT ======
Unhandled Promise: TypeError: Failed to fetch
=============================
====== JS ERROR CAUGHT ======
Unhandled Promise: TypeError: Failed to fetch
=============================
====== JS ERROR CAUGHT ======
Unhandled Promise: TypeError: Failed to fetch
=============================
====== JS ERROR CAUGHT ======
Unhandled Promise: TypeError: Failed to fetch
=============================
====== JS ERROR CAUGHT ======
Unhandled Promise: TypeError: Failed to fetch
=============================
====== JS ERROR CAUGHT ======
Unhandled Promise: TypeError: Failed to fetch
=============================
====== JS ERROR CAUGHT ======
Unhandled Promise: TypeError: Failed to fetch
=============================
====== JS ERROR CAUGHT ======
Unhandled Promise: TypeError: Failed to fetch
=============================
====== JS ERROR CAUGHT ======
Unhandled Promise: TypeError: Failed to fetch
=============================
====== JS ERROR CAUGHT ======
Unhandled Promise: TypeError: Failed to fetch
=============================
====== JS ERROR CAUGHT ======
Unhandled Promise: TypeError: Failed to fetch
=============================
====== JS ERROR CAUGHT ======
Unhandled Promise: TypeError: Failed to fetch
=============================
====== JS ERROR CAUGHT ======
Unhandled Promise: TypeError: Failed to fetch
=============================
====== JS ERROR CAUGHT ======
Unhandled Promise: TypeError: Failed to fetch
=============================
====== JS ERROR CAUGHT ======
Unhandled Promise: TypeError: Failed to fetch
=============================
====== JS ERROR CAUGHT ======
Unhandled Promise: TypeError: Failed to fetch
=============================
====== JS ERROR CAUGHT ======
Unhandled Promise: TypeError: Failed to fetch
=============================
====== JS ERROR CAUGHT ======
Unhandled Promise: TypeError: Failed to fetch
=============================
====== JS ERROR CAUGHT ======
Unhandled Promise: TypeError: Failed to fetch
=============================
====== JS ERROR CAUGHT ======
Unhandled Promise: TypeError: Failed to fetch
=============================
====== JS ERROR CAUGHT ======
Unhandled Promise: TypeError: Failed to fetch
=============================
====== JS ERROR CAUGHT ======
Unhandled Promise: TypeError: Failed to fetch
=============================
====== JS ERROR CAUGHT ======
Unhandled Promise: TypeError: Failed to fetch
=============================
====== JS ERROR CAUGHT ======
Unhandled Promise: TypeError: Failed to fetch
=============================
====== JS ERROR CAUGHT ======
Unhandled Promise: TypeError: Failed to fetch
=============================
====== JS ERROR CAUGHT ======
Unhandled Promise: TypeError: Failed to fetch
=============================
====== JS ERROR CAUGHT ======
Unhandled Promise: TypeError: Failed to fetch
=============================
====== JS ERROR CAUGHT ======
Unhandled Promise: TypeError: Failed to fetch
=============================
====== JS ERROR CAUGHT ======
Unhandled Promise: TypeError: Failed to fetch
=============================
====== JS ERROR CAUGHT ======
Unhandled Promise: TypeError: Failed to fetch
=============================
====== JS ERROR CAUGHT ======
Unhandled Promise: TypeError: Failed to fetch
=============================
====== JS ERROR CAUGHT ======
Unhandled Promise: TypeError: Failed to fetch
=============================
====== JS ERROR CAUGHT ======
Unhandled Promise: TypeError: Failed to fetch
=============================
====== JS ERROR CAUGHT ======
Unhandled Promise: TypeError: Failed to fetch
=============================
====== JS ERROR CAUGHT ======
Unhandled Promise: TypeError: Failed to fetch
=============================
====== JS ERROR CAUGHT ======
Unhandled Promise: TypeError: Failed to fetch
=============================
====== JS ERROR CAUGHT ======
Unhandled Promise: TypeError: Failed to fetch
=============================
====== JS ERROR CAUGHT ======
Unhandled Promise: TypeError: Failed to fetch
=============================
====== JS ERROR CAUGHT ======
Unhandled Promise: TypeError: Failed to fetch
=============================
====== JS ERROR CAUGHT ======
Unhandled Promise: TypeError: Failed to fetch
=============================
====== JS ERROR CAUGHT ======
Unhandled Promise: TypeError: Failed to fetch
=============================
====== JS ERROR CAUGHT ======
Unhandled Promise: TypeError: Failed to fetch
=============================
====== JS ERROR CAUGHT ======
Unhandled Promise: TypeError: Failed to fetch
=============================
====== JS ERROR CAUGHT ======
Unhandled Promise: TypeError: Failed to fetch
=============================
====== JS ERROR CAUGHT ======
Unhandled Promise: TypeError: Failed to fetch
=============================
====== JS ERROR CAUGHT ======
Unhandled Promise: TypeError: Failed to fetch
=============================
====== JS ERROR CAUGHT ======
Unhandled Promise: TypeError: Failed to fetch
=============================
====== JS ERROR CAUGHT ======
Unhandled Promise: TypeError: Failed to fetch
=============================
====== JS ERROR CAUGHT ======
Unhandled Promise: TypeError: Failed to fetch
=============================
====== JS ERROR CAUGHT ======
Unhandled Promise: TypeError: Failed to fetch
=============================
====== JS ERROR CAUGHT ======
Unhandled Promise: TypeError: Failed to fetch
=============================
====== JS ERROR CAUGHT ======
Unhandled Promise: TypeError: Failed to fetch
=============================
====== JS ERROR CAUGHT ======
Unhandled Promise: TypeError: Failed to fetch
=============================
====== JS ERROR CAUGHT ======
Unhandled Promise: TypeError: Failed to fetch
=============================
====== JS ERROR CAUGHT ======
Unhandled Promise: TypeError: Failed to fetch
=============================
====== JS ERROR CAUGHT ======
Unhandled Promise: TypeError: Failed to fetch
=============================
====== JS ERROR CAUGHT ======
Unhandled Promise: TypeError: Failed to fetch
=============================
====== JS ERROR CAUGHT ======
Unhandled Promise: TypeError: Failed to fetch
=============================
====== JS ERROR CAUGHT ======
Unhandled Promise: TypeError: Failed to fetch
=============================
====== JS ERROR CAUGHT ======
Unhandled Promise: TypeError: Failed to fetch
=============================
====== JS ERROR CAUGHT ======
Unhandled Promise: TypeError: Failed to fetch
=============================
====== JS ERROR CAUGHT ======
Unhandled Promise: TypeError: Failed to fetch
=============================
====== JS ERROR CAUGHT ======
Unhandled Promise: TypeError: Failed to fetch
=============================
====== JS ERROR CAUGHT ======
Unhandled Promise: TypeError: Failed to fetch
=============================
====== JS ERROR CAUGHT ======
Unhandled Promise: TypeError: Failed to fetch
=============================
====== JS ERROR CAUGHT ======
Unhandled Promise: TypeError: Failed to fetch
=============================
====== JS ERROR CAUGHT ======
Unhandled Promise: TypeError: Failed to fetch
=============================
====== JS ERROR CAUGHT ======
Unhandled Promise: TypeError: Failed to fetch
=============================
====== JS ERROR CAUGHT ======
Unhandled Promise: TypeError: Failed to fetch
=============================
====== JS ERROR CAUGHT ======
Unhandled Promise: TypeError: Failed to fetch
=============================
====== JS ERROR CAUGHT ======
Unhandled Promise: TypeError: Failed to fetch
=============================
====== JS ERROR CAUGHT ======
Unhandled Promise: TypeError: Failed to fetch
=============================
====== JS ERROR CAUGHT ======
Unhandled Promise: TypeError: Failed to fetch
=============================
====== JS ERROR CAUGHT ======
Unhandled Promise: TypeError: Failed to fetch
=============================
====== JS ERROR CAUGHT ======
Unhandled Promise: TypeError: Failed to fetch
=============================
====== JS ERROR CAUGHT ======
Unhandled Promise: TypeError: Failed to fetch
=============================
====== JS ERROR CAUGHT ======
Unhandled Promise: TypeError: Failed to fetch
=============================
====== JS ERROR CAUGHT ======
Unhandled Promise: TypeError: Failed to fetch
=============================
====== JS ERROR CAUGHT ======
Unhandled Promise: TypeError: Failed to fetch
=============================
====== JS ERROR CAUGHT ======
Unhandled Promise: TypeError: Failed to fetch
=============================
====== JS ERROR CAUGHT ======
Unhandled Promise: TypeError: Failed to fetch
=============================
====== JS ERROR CAUGHT ======
Unhandled Promise: TypeError: Failed to fetch
=============================
====== JS ERROR CAUGHT ======
Unhandled Promise: TypeError: Failed to fetch
=============================
====== JS ERROR CAUGHT ======
Unhandled Promise: TypeError: Failed to fetch
=============================
====== JS ERROR CAUGHT ======
Unhandled Promise: TypeError: Failed to fetch
=============================
====== JS ERROR CAUGHT ======
Unhandled Promise: TypeError: Failed to fetch
=============================
====== JS ERROR CAUGHT ======
Unhandled Promise: TypeError: Failed to fetch
=============================
====== JS ERROR CAUGHT ======
Unhandled Promise: TypeError: Failed to fetch
=============================
====== JS ERROR CAUGHT ======
Unhandled Promise: TypeError: Failed to fetch
=============================
====== JS ERROR CAUGHT ======
Unhandled Promise: TypeError: Failed to fetch
=============================
====== JS ERROR CAUGHT ======
Unhandled Promise: TypeError: Failed to fetch
=============================
====== JS ERROR CAUGHT ======
Unhandled Promise: TypeError: Failed to fetch
=============================
====== JS ERROR CAUGHT ======
Unhandled Promise: TypeError: Failed to fetch
=============================
====== JS ERROR CAUGHT ======
Unhandled Promise: TypeError: Failed to fetch
=============================
====== JS ERROR CAUGHT ======
Unhandled Promise: TypeError: Failed to fetch
=============================
====== JS ERROR CAUGHT ======
Unhandled Promise: TypeError: Failed to fetch
=============================
====== JS ERROR CAUGHT ======
Unhandled Promise: TypeError: Failed to fetch
=============================
====== JS ERROR CAUGHT ======
Unhandled Promise: TypeError: Failed to fetch
=============================
====== JS ERROR CAUGHT ======
Unhandled Promise: TypeError: Failed to fetch
=============================
====== JS ERROR CAUGHT ======
Unhandled Promise: TypeError: Failed to fetch
=============================
====== JS ERROR CAUGHT ======
Unhandled Promise: TypeError: Failed to fetch
=============================
====== JS ERROR CAUGHT ======
Unhandled Promise: TypeError: Failed to fetch
=============================
====== JS ERROR CAUGHT ======
Unhandled Promise: TypeError: Failed to fetch
=============================
====== JS ERROR CAUGHT ======
Unhandled Promise: TypeError: Failed to fetch
=============================
====== JS ERROR CAUGHT ======
Unhandled Promise: TypeError: Failed to fetch
=============================
====== JS ERROR CAUGHT ======
Unhandled Promise: TypeError: Failed to fetch
=============================
====== JS ERROR CAUGHT ======
Unhandled Promise: TypeError: Failed to fetch
=============================
====== JS ERROR CAUGHT ======
Unhandled Promise: TypeError: Failed to fetch
=============================
====== JS ERROR CAUGHT ======
Unhandled Promise: TypeError: Failed to fetch
=============================
====== JS ERROR CAUGHT ======
Unhandled Promise: TypeError: Failed to fetch
=============================
====== JS ERROR CAUGHT ======
Unhandled Promise: TypeError: Failed to fetch
=============================
====== JS ERROR CAUGHT ======
Unhandled Promise: TypeError: Failed to fetch
=============================
====== JS ERROR CAUGHT ======
Unhandled Promise: TypeError: Failed to fetch
=============================
====== JS ERROR CAUGHT ======
Unhandled Promise: TypeError: Failed to fetch
=============================
====== JS ERROR CAUGHT ======
Unhandled Promise: TypeError: Failed to fetch
=============================
====== JS ERROR CAUGHT ======
Unhandled Promise: TypeError: Failed to fetch
=============================
====== JS ERROR CAUGHT ======
Unhandled Promise: TypeError: Failed to fetch
=============================
====== JS ERROR CAUGHT ======
Unhandled Promise: TypeError: Failed to fetch
=============================
====== JS ERROR CAUGHT ======
Unhandled Promise: TypeError: Failed to fetch
=============================
====== JS ERROR CAUGHT ======
Unhandled Promise: TypeError: Failed to fetch
=============================
====== JS ERROR CAUGHT ======
Unhandled Promise: TypeError: Failed to fetch
=============================
====== JS ERROR CAUGHT ======
Unhandled Promise: TypeError: Failed to fetch
=============================
====== JS ERROR CAUGHT ======
Unhandled Promise: TypeError: Failed to fetch
=============================
====== JS ERROR CAUGHT ======
Unhandled Promise: TypeError: Failed to fetch
=============================
====== JS ERROR CAUGHT ======
Unhandled Promise: TypeError: Failed to fetch
=============================
====== JS ERROR CAUGHT ======
Unhandled Promise: TypeError: Failed to fetch
=============================
====== JS ERROR CAUGHT ======
Unhandled Promise: TypeError: Failed to fetch
=============================
====== JS ERROR CAUGHT ======
Unhandled Promise: TypeError: Failed to fetch
=============================
====== JS ERROR CAUGHT ======
Unhandled Promise: TypeError: Failed to fetch
=============================
====== JS ERROR CAUGHT ======
Unhandled Promise: TypeError: Failed to fetch
=============================
====== JS ERROR CAUGHT ======
Unhandled Promise: TypeError: Failed to fetch
=============================
====== JS ERROR CAUGHT ======
Unhandled Promise: TypeError: Failed to fetch
=============================
====== JS ERROR CAUGHT ======
Unhandled Promise: TypeError: Failed to fetch
=============================
====== JS ERROR CAUGHT ======
Unhandled Promise: TypeError: Failed to fetch
=============================
====== JS ERROR CAUGHT ======
Unhandled Promise: TypeError: Failed to fetch
=============================
====== JS ERROR CAUGHT ======
Unhandled Promise: TypeError: Failed to fetch
=============================
====== JS ERROR CAUGHT ======
Unhandled Promise: TypeError: Failed to fetch
=============================
====== JS ERROR CAUGHT ======
Unhandled Promise: TypeError: Failed to fetch
=============================
====== JS ERROR CAUGHT ======
Unhandled Promise: TypeError: Failed to fetch
=============================
====== JS ERROR CAUGHT ======
Unhandled Promise: TypeError: Failed to fetch
=============================
====== JS ERROR CAUGHT ======
Unhandled Promise: TypeError: Failed to fetch
=============================
====== JS ERROR CAUGHT ======
Unhandled Promise: TypeError: Failed to fetch
=============================
====== JS ERROR CAUGHT ======
Unhandled Promise: TypeError: Failed to fetch
=============================
====== JS ERROR CAUGHT ======
Unhandled Promise: TypeError: Failed to fetch
=============================
====== JS ERROR CAUGHT ======
Unhandled Promise: TypeError: Failed to fetch
=============================
====== JS ERROR CAUGHT ======
Unhandled Promise: TypeError: Failed to fetch
=============================
====== JS ERROR CAUGHT ======
Unhandled Promise: TypeError: Failed to fetch
=============================
====== JS ERROR CAUGHT ======
Unhandled Promise: TypeError: Failed to fetch
=============================
====== JS ERROR CAUGHT ======
Unhandled Promise: TypeError: Failed to fetch
=============================
====== JS ERROR CAUGHT ======
Unhandled Promise: TypeError: Failed to fetch
=============================
====== JS ERROR CAUGHT ======
Unhandled Promise: TypeError: Failed to fetch
=============================
====== JS ERROR CAUGHT ======
Unhandled Promise: TypeError: Failed to fetch
=============================
====== JS ERROR CAUGHT ======
Unhandled Promise: TypeError: Failed to fetch
=============================
====== JS ERROR CAUGHT ======
Unhandled Promise: TypeError: Failed to fetch
=============================
====== JS ERROR CAUGHT ======
Unhandled Promise: TypeError: Failed to fetch
=============================
====== JS ERROR CAUGHT ======
Unhandled Promise: TypeError: Failed to fetch
=============================
====== JS ERROR CAUGHT ======
Unhandled Promise: TypeError: Failed to fetch
=============================
====== JS ERROR CAUGHT ======
Unhandled Promise: TypeError: Failed to fetch
=============================
====== JS ERROR CAUGHT ======
Unhandled Promise: TypeError: Failed to fetch
=============================
====== JS ERROR CAUGHT ======
Unhandled Promise: TypeError: Failed to fetch
=============================
====== JS ERROR CAUGHT ======
Unhandled Promise: TypeError: Failed to fetch
=============================
====== JS ERROR CAUGHT ======
Unhandled Promise: TypeError: Failed to fetch
=============================
====== JS ERROR CAUGHT ======
Unhandled Promise: TypeError: Failed to fetch
=============================
====== JS ERROR CAUGHT ======
Unhandled Promise: TypeError: Failed to fetch
=============================
====== JS ERROR CAUGHT ======
Unhandled Promise: TypeError: Failed to fetch
=============================
====== JS ERROR CAUGHT ======
Unhandled Promise: TypeError: Failed to fetch
=============================
====== JS ERROR CAUGHT ======
Unhandled Promise: TypeError: Failed to fetch
=============================
====== JS ERROR CAUGHT ======
Unhandled Promise: TypeError: Failed to fetch
=============================
====== JS ERROR CAUGHT ======
Unhandled Promise: TypeError: Failed to fetch
=============================
====== JS ERROR CAUGHT ======
Unhandled Promise: TypeError: Failed to fetch
=============================
====== JS ERROR CAUGHT ======
Unhandled Promise: TypeError: Failed to fetch
=============================
====== JS ERROR CAUGHT ======
Unhandled Promise: TypeError: Failed to fetch
=============================
====== JS ERROR CAUGHT ======
Unhandled Promise: TypeError: Failed to fetch
=============================
====== JS ERROR CAUGHT ======
Unhandled Promise: TypeError: Failed to fetch
=============================
====== JS ERROR CAUGHT ======
Unhandled Promise: TypeError: Failed to fetch
=============================
====== JS ERROR CAUGHT ======
Unhandled Promise: TypeError: Failed to fetch
=============================
====== JS ERROR CAUGHT ======
Unhandled Promise: TypeError: Failed to fetch
=============================
====== JS ERROR CAUGHT ======
Unhandled Promise: TypeError: Failed to fetch
=============================
====== JS ERROR CAUGHT ======
Unhandled Promise: TypeError: Failed to fetch
=============================
====== JS ERROR CAUGHT ======
Unhandled Promise: TypeError: Failed to fetch
=============================
====== JS ERROR CAUGHT ======
Unhandled Promise: TypeError: Failed to fetch
=============================
====== JS ERROR CAUGHT ======
Unhandled Promise: TypeError: Failed to fetch
=============================
====== JS ERROR CAUGHT ======
Unhandled Promise: TypeError: Failed to fetch
=============================
====== JS ERROR CAUGHT ======
Unhandled Promise: TypeError: Failed to fetch
=============================
====== JS ERROR CAUGHT ======
Unhandled Promise: TypeError: Failed to fetch
=============================
====== JS ERROR CAUGHT ======
Unhandled Promise: TypeError: Failed to fetch
=============================
====== JS ERROR CAUGHT ======
Unhandled Promise: TypeError: Failed to fetch
=============================
====== JS ERROR CAUGHT ======
Unhandled Promise: TypeError: Failed to fetch
=============================
====== JS ERROR CAUGHT ======
Unhandled Promise: TypeError: Failed to fetch
=============================
====== JS ERROR CAUGHT ======
Unhandled Promise: TypeError: Failed to fetch
=============================
====== JS ERROR CAUGHT ======
Unhandled Promise: TypeError: Failed to fetch
=============================
====== JS ERROR CAUGHT ======
Unhandled Promise: TypeError: Failed to fetch
=============================
====== JS ERROR CAUGHT ======
Unhandled Promise: TypeError: Failed to fetch
=============================
====== JS ERROR CAUGHT ======
Unhandled Promise: TypeError: Failed to fetch
=============================
====== JS ERROR CAUGHT ======
Unhandled Promise: TypeError: Failed to fetch
=============================
====== JS ERROR CAUGHT ======
Unhandled Promise: TypeError: Failed to fetch
=============================
====== JS ERROR CAUGHT ======
Unhandled Promise: TypeError: Failed to fetch
=============================
====== JS ERROR CAUGHT ======
Unhandled Promise: TypeError: Failed to fetch
=============================
====== JS ERROR CAUGHT ======
Unhandled Promise: TypeError: Failed to fetch
=============================
====== JS ERROR CAUGHT ======
Unhandled Promise: TypeError: Failed to fetch
=============================
====== JS ERROR CAUGHT ======
Unhandled Promise: TypeError: Failed to fetch
=============================
====== JS ERROR CAUGHT ======
Unhandled Promise: TypeError: Failed to fetch
=============================
====== JS ERROR CAUGHT ======
Unhandled Promise: TypeError: Failed to fetch
=============================
====== JS ERROR CAUGHT ======
Unhandled Promise: TypeError: Failed to fetch
=============================
====== JS ERROR CAUGHT ======
Unhandled Promise: TypeError: Failed to fetch
=============================
====== JS ERROR CAUGHT ======
Unhandled Promise: TypeError: Failed to fetch
=============================
====== JS ERROR CAUGHT ======
Unhandled Promise: TypeError: Failed to fetch
=============================
====== JS ERROR CAUGHT ======
Unhandled Promise: TypeError: Failed to fetch
=============================
====== JS ERROR CAUGHT ======
Unhandled Promise: TypeError: Failed to fetch
=============================
====== JS ERROR CAUGHT ======
Unhandled Promise: TypeError: Failed to fetch
=============================
====== JS ERROR CAUGHT ======
Unhandled Promise: TypeError: Failed to fetch
=============================
====== JS ERROR CAUGHT ======
Unhandled Promise: TypeError: Failed to fetch
=============================
====== JS ERROR CAUGHT ======
Unhandled Promise: TypeError: Failed to fetch
=============================
====== JS ERROR CAUGHT ======
Unhandled Promise: TypeError: Failed to fetch
=============================
====== JS ERROR CAUGHT ======
Unhandled Promise: TypeError: Failed to fetch
=============================
====== JS ERROR CAUGHT ======
Unhandled Promise: TypeError: Failed to fetch
=============================
====== JS ERROR CAUGHT ======
Unhandled Promise: TypeError: Failed to fetch
=============================
====== JS ERROR CAUGHT ======
Unhandled Promise: TypeError: Failed to fetch
=============================
====== JS ERROR CAUGHT ======
Unhandled Promise: TypeError: Failed to fetch
=============================
====== JS ERROR CAUGHT ======
Unhandled Promise: TypeError: Failed to fetch
=============================
====== JS ERROR CAUGHT ======
Unhandled Promise: TypeError: Failed to fetch
=============================
====== JS ERROR CAUGHT ======
Unhandled Promise: TypeError: Failed to fetch
=============================
====== JS ERROR CAUGHT ======
Unhandled Promise: TypeError: Failed to fetch
=============================
====== JS ERROR CAUGHT ======
Unhandled Promise: TypeError: Failed to fetch
=============================
====== JS ERROR CAUGHT ======
Unhandled Promise: TypeError: Failed to fetch
=============================
====== JS ERROR CAUGHT ======
Unhandled Promise: TypeError: Failed to fetch
=============================
====== JS ERROR CAUGHT ======
Unhandled Promise: TypeError: Failed to fetch
=============================
====== JS ERROR CAUGHT ======
Unhandled Promise: TypeError: Failed to fetch
=============================
====== JS ERROR CAUGHT ======
Unhandled Promise: TypeError: Failed to fetch
=============================
====== JS ERROR CAUGHT ======
Unhandled Promise: TypeError: Failed to fetch
=============================
====== JS ERROR CAUGHT ======
Unhandled Promise: TypeError: Failed to fetch
=============================
====== JS ERROR CAUGHT ======
Unhandled Promise: TypeError: Failed to fetch
=============================
====== JS ERROR CAUGHT ======
Unhandled Promise: TypeError: Failed to fetch
=============================
====== JS ERROR CAUGHT ======
Unhandled Promise: TypeError: Failed to fetch
=============================
====== JS ERROR CAUGHT ======
Unhandled Promise: TypeError: Failed to fetch
=============================
====== JS ERROR CAUGHT ======
Unhandled Promise: TypeError: Failed to fetch
=============================
====== JS ERROR CAUGHT ======
Unhandled Promise: TypeError: Failed to fetch
=============================
====== JS ERROR CAUGHT ======
Unhandled Promise: TypeError: Failed to fetch
=============================
====== JS ERROR CAUGHT ======
Unhandled Promise: TypeError: Failed to fetch
=============================
====== JS ERROR CAUGHT ======
Unhandled Promise: TypeError: Failed to fetch
=============================
====== JS ERROR CAUGHT ======
Unhandled Promise: TypeError: Failed to fetch
=============================
====== JS ERROR CAUGHT ======
Unhandled Promise: TypeError: Failed to fetch
=============================
====== JS ERROR CAUGHT ======
Unhandled Promise: TypeError: Failed to fetch
=============================
====== JS ERROR CAUGHT ======
Unhandled Promise: TypeError: Failed to fetch
=============================
====== JS ERROR CAUGHT ======
Unhandled Promise: TypeError: Failed to fetch
=============================
====== JS ERROR CAUGHT ======
Unhandled Promise: TypeError: Failed to fetch
=============================
====== JS ERROR CAUGHT ======
Unhandled Promise: TypeError: Failed to fetch
=============================
====== JS ERROR CAUGHT ======
Unhandled Promise: TypeError: Failed to fetch
=============================
====== JS ERROR CAUGHT ======
Unhandled Promise: TypeError: Failed to fetch
=============================
====== JS ERROR CAUGHT ======
Unhandled Promise: TypeError: Failed to fetch
=============================
====== JS ERROR CAUGHT ======
Unhandled Promise: TypeError: Failed to fetch
=============================
====== JS ERROR CAUGHT ======
Unhandled Promise: TypeError: Failed to fetch
=============================
====== JS ERROR CAUGHT ======
Unhandled Promise: TypeError: Failed to fetch
=============================
====== JS ERROR CAUGHT ======
Unhandled Promise: TypeError: Failed to fetch
=============================
====== JS ERROR CAUGHT ======
Unhandled Promise: TypeError: Failed to fetch
=============================
====== JS ERROR CAUGHT ======
Unhandled Promise: TypeError: Failed to fetch
=============================
====== JS ERROR CAUGHT ======
Unhandled Promise: TypeError: Failed to fetch
=============================
====== JS ERROR CAUGHT ======
Unhandled Promise: TypeError: Failed to fetch
=============================
====== JS ERROR CAUGHT ======
Unhandled Promise: TypeError: Failed to fetch
=============================
====== JS ERROR CAUGHT ======
Unhandled Promise: TypeError: Failed to fetch
=============================
====== JS ERROR CAUGHT ======
Unhandled Promise: TypeError: Failed to fetch
=============================
====== JS ERROR CAUGHT ======
Unhandled Promise: TypeError: Failed to fetch
=============================
====== JS ERROR CAUGHT ======
Unhandled Promise: TypeError: Failed to fetch
=============================
====== JS ERROR CAUGHT ======
Unhandled Promise: TypeError: Failed to fetch
=============================
====== JS ERROR CAUGHT ======
Unhandled Promise: TypeError: Failed to fetch
=============================
====== JS ERROR CAUGHT ======
Unhandled Promise: TypeError: Failed to fetch
=============================
====== JS ERROR CAUGHT ======
Unhandled Promise: TypeError: Failed to fetch
=============================
====== JS ERROR CAUGHT ======
Unhandled Promise: TypeError: Failed to fetch
=============================
====== JS ERROR CAUGHT ======
Unhandled Promise: TypeError: Failed to fetch
=============================
====== JS ERROR CAUGHT ======
Unhandled Promise: TypeError: Failed to fetch
=============================
====== JS ERROR CAUGHT ======
Unhandled Promise: TypeError: Failed to fetch
=============================
====== JS ERROR CAUGHT ======
Unhandled Promise: TypeError: Failed to fetch
=============================
====== JS ERROR CAUGHT ======
Unhandled Promise: TypeError: Failed to fetch
=============================
====== JS ERROR CAUGHT ======
Unhandled Promise: TypeError: Failed to fetch
=============================
====== JS ERROR CAUGHT ======
Unhandled Promise: TypeError: Failed to fetch
=============================
====== JS ERROR CAUGHT ======
Unhandled Promise: TypeError: Failed to fetch
=============================
====== JS ERROR CAUGHT ======
Unhandled Promise: TypeError: Failed to fetch
=============================
====== JS ERROR CAUGHT ======
Unhandled Promise: TypeError: Failed to fetch
=============================
====== JS ERROR CAUGHT ======
Unhandled Promise: TypeError: Failed to fetch
=============================
====== JS ERROR CAUGHT ======
Unhandled Promise: TypeError: Failed to fetch
=============================
====== JS ERROR CAUGHT ======
Unhandled Promise: TypeError: Failed to fetch
=============================
====== JS ERROR CAUGHT ======
Unhandled Promise: TypeError: Failed to fetch
=============================
====== JS ERROR CAUGHT ======
Unhandled Promise: TypeError: Failed to fetch
=============================
====== JS ERROR CAUGHT ======
Unhandled Promise: TypeError: Failed to fetch
=============================
====== JS ERROR CAUGHT ======
Unhandled Promise: TypeError: Failed to fetch
=============================
====== JS ERROR CAUGHT ======
Unhandled Promise: TypeError: Failed to fetch
=============================
====== JS ERROR CAUGHT ======
Unhandled Promise: TypeError: Failed to fetch
=============================
====== JS ERROR CAUGHT ======
Unhandled Promise: TypeError: Failed to fetch
=============================
====== JS ERROR CAUGHT ======
Unhandled Promise: TypeError: Failed to fetch
=============================
====== JS ERROR CAUGHT ======
Unhandled Promise: TypeError: Failed to fetch
=============================
====== JS ERROR CAUGHT ======
Unhandled Promise: TypeError: Failed to fetch
=============================
====== JS ERROR CAUGHT ======
Unhandled Promise: TypeError: Failed to fetch
=============================
====== JS ERROR CAUGHT ======
Unhandled Promise: TypeError: Failed to fetch
=============================
====== JS ERROR CAUGHT ======
Unhandled Promise: TypeError: Failed to fetch
=============================
====== JS ERROR CAUGHT ======
Unhandled Promise: TypeError: Failed to fetch
=============================
====== JS ERROR CAUGHT ======
Unhandled Promise: TypeError: Failed to fetch
=============================
====== JS ERROR CAUGHT ======
Unhandled Promise: TypeError: Failed to fetch
=============================
====== JS ERROR CAUGHT ======
Unhandled Promise: TypeError: Failed to fetch
=============================
====== JS ERROR CAUGHT ======
Unhandled Promise: TypeError: Failed to fetch
=============================
====== JS ERROR CAUGHT ======
Unhandled Promise: TypeError: Failed to fetch
=============================
====== JS ERROR CAUGHT ======
Unhandled Promise: TypeError: Failed to fetch
=============================
====== JS ERROR CAUGHT ======
Unhandled Promise: TypeError: Failed to fetch
=============================
====== JS ERROR CAUGHT ======
Unhandled Promise: TypeError: Failed to fetch
=============================
====== JS ERROR CAUGHT ======
Unhandled Promise: TypeError: Failed to fetch
=============================
====== JS ERROR CAUGHT ======
Unhandled Promise: TypeError: Failed to fetch
=============================
====== JS ERROR CAUGHT ======
Unhandled Promise: TypeError: Failed to fetch
=============================
====== JS ERROR CAUGHT ======
Unhandled Promise: TypeError: Failed to fetch
=============================
====== JS ERROR CAUGHT ======
Unhandled Promise: TypeError: Failed to fetch
=============================
====== JS ERROR CAUGHT ======
Unhandled Promise: TypeError: Failed to fetch
=============================
====== JS ERROR CAUGHT ======
Unhandled Promise: TypeError: Failed to fetch
=============================
====== JS ERROR CAUGHT ======
Unhandled Promise: TypeError: Failed to fetch
=============================
====== JS ERROR CAUGHT ======
Unhandled Promise: TypeError: Failed to fetch
=============================
====== JS ERROR CAUGHT ======
Unhandled Promise: TypeError: Failed to fetch
=============================
====== JS ERROR CAUGHT ======
Unhandled Promise: TypeError: Failed to fetch
=============================
====== JS ERROR CAUGHT ======
Unhandled Promise: TypeError: Failed to fetch
=============================
====== JS ERROR CAUGHT ======
Unhandled Promise: TypeError: Failed to fetch
=============================
====== JS ERROR CAUGHT ======
Unhandled Promise: TypeError: Failed to fetch
=============================
====== JS ERROR CAUGHT ======
Unhandled Promise: TypeError: Failed to fetch
=============================
====== JS ERROR CAUGHT ======
Unhandled Promise: TypeError: Failed to fetch
=============================
====== JS ERROR CAUGHT ======
Unhandled Promise: TypeError: Failed to fetch
=============================
====== JS ERROR CAUGHT ======
Unhandled Promise: TypeError: Failed to fetch
=============================
====== JS ERROR CAUGHT ======
Unhandled Promise: TypeError: Failed to fetch
=============================
====== JS ERROR CAUGHT ======
Unhandled Promise: TypeError: Failed to fetch
=============================
====== JS ERROR CAUGHT ======
Unhandled Promise: TypeError: Failed to fetch
=============================
====== JS ERROR CAUGHT ======
Unhandled Promise: TypeError: Failed to fetch
=============================
====== JS ERROR CAUGHT ======
Unhandled Promise: TypeError: Failed to fetch
=============================
====== JS ERROR CAUGHT ======
Unhandled Promise: TypeError: Failed to fetch
=============================
====== JS ERROR CAUGHT ======
Unhandled Promise: TypeError: Failed to fetch
=============================
====== JS ERROR CAUGHT ======
Unhandled Promise: TypeError: Failed to fetch
=============================
====== JS ERROR CAUGHT ======
Unhandled Promise: TypeError: Failed to fetch
=============================
====== JS ERROR CAUGHT ======
Unhandled Promise: TypeError: Failed to fetch
=============================
====== JS ERROR CAUGHT ======
Unhandled Promise: TypeError: Failed to fetch
=============================
====== JS ERROR CAUGHT ======
Unhandled Promise: TypeError: Failed to fetch
=============================
====== JS ERROR CAUGHT ======
Unhandled Promise: TypeError: Failed to fetch
=============================
====== JS ERROR CAUGHT ======
Unhandled Promise: TypeError: Failed to fetch
=============================
====== JS ERROR CAUGHT ======
Unhandled Promise: TypeError: Failed to fetch
=============================
====== JS ERROR CAUGHT ======
Unhandled Promise: TypeError: Failed to fetch
=============================
====== JS ERROR CAUGHT ======
Unhandled Promise: TypeError: Failed to fetch
=============================
====== JS ERROR CAUGHT ======
Unhandled Promise: TypeError: Failed to fetch
=============================
====== JS ERROR CAUGHT ======
Unhandled Promise: TypeError: Failed to fetch
=============================
====== JS ERROR CAUGHT ======
Unhandled Promise: TypeError: Failed to fetch
=============================
====== JS ERROR CAUGHT ======
Unhandled Promise: TypeError: Failed to fetch
=============================
====== JS ERROR CAUGHT ======
Unhandled Promise: TypeError: Failed to fetch
=============================
====== JS ERROR CAUGHT ======
Unhandled Promise: TypeError: Failed to fetch
=============================
====== JS ERROR CAUGHT ======
Unhandled Promise: TypeError: Failed to fetch
=============================
====== JS ERROR CAUGHT ======
Unhandled Promise: TypeError: Failed to fetch
=============================
====== JS ERROR CAUGHT ======
Unhandled Promise: TypeError: Failed to fetch
=============================
====== JS ERROR CAUGHT ======
Unhandled Promise: TypeError: Failed to fetch
=============================
====== JS ERROR CAUGHT ======
Unhandled Promise: TypeError: Failed to fetch
=============================
====== JS ERROR CAUGHT ======
Unhandled Promise: TypeError: Failed to fetch
=============================
====== JS ERROR CAUGHT ======
Unhandled Promise: TypeError: Failed to fetch
=============================
====== JS ERROR CAUGHT ======
Unhandled Promise: TypeError: Failed to fetch
=============================
====== JS ERROR CAUGHT ======
Unhandled Promise: TypeError: Failed to fetch
=============================
====== JS ERROR CAUGHT ======
Unhandled Promise: TypeError: Failed to fetch
=============================
====== JS ERROR CAUGHT ======
Unhandled Promise: TypeError: Failed to fetch
=============================
====== JS ERROR CAUGHT ======
Unhandled Promise: TypeError: Failed to fetch
=============================
====== JS ERROR CAUGHT ======
Unhandled Promise: TypeError: Failed to fetch
=============================
====== JS ERROR CAUGHT ======
Unhandled Promise: TypeError: Failed to fetch
=============================
====== JS ERROR CAUGHT ======
Unhandled Promise: TypeError: Failed to fetch
=============================
====== JS ERROR CAUGHT ======
Unhandled Promise: TypeError: Failed to fetch
=============================
====== JS ERROR CAUGHT ======
Unhandled Promise: TypeError: Failed to fetch
=============================
====== JS ERROR CAUGHT ======
Unhandled Promise: TypeError: Failed to fetch
=============================
====== JS ERROR CAUGHT ======
Unhandled Promise: TypeError: Failed to fetch
=============================
====== JS ERROR CAUGHT ======
Unhandled Promise: TypeError: Failed to fetch
=============================
====== JS ERROR CAUGHT ======
Unhandled Promise: TypeError: Failed to fetch
=============================
====== JS ERROR CAUGHT ======
Unhandled Promise: TypeError: Failed to fetch
=============================
====== JS ERROR CAUGHT ======
Unhandled Promise: TypeError: Failed to fetch
=============================
====== JS ERROR CAUGHT ======
Unhandled Promise: TypeError: Failed to fetch
=============================
====== JS ERROR CAUGHT ======
Unhandled Promise: TypeError: Failed to fetch
=============================
====== JS ERROR CAUGHT ======
Unhandled Promise: TypeError: Failed to fetch
=============================
====== JS ERROR CAUGHT ======
Unhandled Promise: TypeError: Failed to fetch
=============================
====== JS ERROR CAUGHT ======
Unhandled Promise: TypeError: Failed to fetch
=============================
====== JS ERROR CAUGHT ======
Unhandled Promise: TypeError: Failed to fetch
=============================
====== JS ERROR CAUGHT ======
Unhandled Promise: TypeError: Failed to fetch
=============================
====== JS ERROR CAUGHT ======
Unhandled Promise: TypeError: Failed to fetch
=============================
====== JS ERROR CAUGHT ======
Unhandled Promise: TypeError: Failed to fetch
=============================
====== JS ERROR CAUGHT ======
Unhandled Promise: TypeError: Failed to fetch
=============================
====== JS ERROR CAUGHT ======
Unhandled Promise: TypeError: Failed to fetch
=============================
====== JS ERROR CAUGHT ======
Unhandled Promise: TypeError: Failed to fetch
=============================
====== JS ERROR CAUGHT ======
Unhandled Promise: TypeError: Failed to fetch
=============================
====== JS ERROR CAUGHT ======
Unhandled Promise: TypeError: Failed to fetch
=============================
====== JS ERROR CAUGHT ======
Unhandled Promise: TypeError: Failed to fetch
=============================
====== JS ERROR CAUGHT ======
Unhandled Promise: TypeError: Failed to fetch
=============================
====== JS ERROR CAUGHT ======
Unhandled Promise: TypeError: Failed to fetch
=============================
====== JS ERROR CAUGHT ======
Unhandled Promise: TypeError: Failed to fetch
=============================
====== JS ERROR CAUGHT ======
Unhandled Promise: TypeError: Failed to fetch
=============================
====== JS ERROR CAUGHT ======
Unhandled Promise: TypeError: Failed to fetch
=============================
====== JS ERROR CAUGHT ======
Unhandled Promise: TypeError: Failed to fetch
=============================
====== JS ERROR CAUGHT ======
Unhandled Promise: TypeError: Failed to fetch
=============================
====== JS ERROR CAUGHT ======
Unhandled Promise: TypeError: Failed to fetch
=============================
====== JS ERROR CAUGHT ======
Unhandled Promise: TypeError: Failed to fetch
=============================
====== JS ERROR CAUGHT ======
Unhandled Promise: TypeError: Failed to fetch
=============================
====== JS ERROR CAUGHT ======
Unhandled Promise: TypeError: Failed to fetch
=============================
====== JS ERROR CAUGHT ======
Unhandled Promise: TypeError: Failed to fetch
=============================
====== JS ERROR CAUGHT ======
Unhandled Promise: TypeError: Failed to fetch
=============================
====== JS ERROR CAUGHT ======
Unhandled Promise: TypeError: Failed to fetch
=============================
====== JS ERROR CAUGHT ======
Unhandled Promise: TypeError: Failed to fetch
=============================
====== JS ERROR CAUGHT ======
Unhandled Promise: TypeError: Failed to fetch
=============================
====== JS ERROR CAUGHT ======
Unhandled Promise: TypeError: Failed to fetch
=============================
====== JS ERROR CAUGHT ======
Unhandled Promise: TypeError: Failed to fetch
=============================
====== JS ERROR CAUGHT ======
Unhandled Promise: TypeError: Failed to fetch
=============================
====== JS ERROR CAUGHT ======
Unhandled Promise: TypeError: Failed to fetch
=============================
====== JS ERROR CAUGHT ======
Unhandled Promise: TypeError: Failed to fetch
=============================
====== JS ERROR CAUGHT ======
Unhandled Promise: TypeError: Failed to fetch
=============================
====== JS ERROR CAUGHT ======
Unhandled Promise: TypeError: Failed to fetch
=============================
====== JS ERROR CAUGHT ======
Unhandled Promise: TypeError: Failed to fetch
=============================
====== JS ERROR CAUGHT ======
Unhandled Promise: TypeError: Failed to fetch
=============================
====== JS ERROR CAUGHT ======
Unhandled Promise: TypeError: Failed to fetch
=============================
====== JS ERROR CAUGHT ======
Unhandled Promise: TypeError: Failed to fetch
=============================
====== JS ERROR CAUGHT ======
Unhandled Promise: TypeError: Failed to fetch
=============================
====== JS ERROR CAUGHT ======
Unhandled Promise: TypeError: Failed to fetch
=============================
====== JS ERROR CAUGHT ======
Unhandled Promise: TypeError: Failed to fetch
=============================
====== JS ERROR CAUGHT ======
Unhandled Promise: TypeError: Failed to fetch
=============================
====== JS ERROR CAUGHT ======
Unhandled Promise: TypeError: Failed to fetch
=============================
====== JS ERROR CAUGHT ======
Unhandled Promise: TypeError: Failed to fetch
=============================
====== JS ERROR CAUGHT ======
Unhandled Promise: TypeError: Failed to fetch
=============================
====== JS ERROR CAUGHT ======
Unhandled Promise: TypeError: Failed to fetch
=============================
====== JS ERROR CAUGHT ======
Unhandled Promise: TypeError: Failed to fetch
=============================
====== JS ERROR CAUGHT ======
Unhandled Promise: TypeError: Failed to fetch
=============================
====== JS ERROR CAUGHT ======
Unhandled Promise: TypeError: Failed to fetch
=============================
====== JS ERROR CAUGHT ======
Unhandled Promise: TypeError: Failed to fetch
=============================
====== JS ERROR CAUGHT ======
Unhandled Promise: TypeError: Failed to fetch
=============================
====== JS ERROR CAUGHT ======
Unhandled Promise: TypeError: Failed to fetch
=============================
====== JS ERROR CAUGHT ======
Unhandled Promise: TypeError: Failed to fetch
=============================
====== JS ERROR CAUGHT ======
Unhandled Promise: TypeError: Failed to fetch
=============================
====== JS ERROR CAUGHT ======
Unhandled Promise: TypeError: Failed to fetch
=============================
====== JS ERROR CAUGHT ======
Unhandled Promise: TypeError: Failed to fetch
=============================
====== JS ERROR CAUGHT ======
Unhandled Promise: TypeError: Failed to fetch
=============================
====== JS ERROR CAUGHT ======
Unhandled Promise: TypeError: Failed to fetch
=============================
====== JS ERROR CAUGHT ======
Unhandled Promise: TypeError: Failed to fetch
=============================
====== JS ERROR CAUGHT ======
Unhandled Promise: TypeError: Failed to fetch
=============================
====== JS ERROR CAUGHT ======
Unhandled Promise: TypeError: Failed to fetch
=============================
====== JS ERROR CAUGHT ======
Unhandled Promise: TypeError: Failed to fetch
=============================
====== JS ERROR CAUGHT ======
Unhandled Promise: TypeError: Failed to fetch
=============================
====== JS ERROR CAUGHT ======
Unhandled Promise: TypeError: Failed to fetch
=============================
====== JS ERROR CAUGHT ======
Unhandled Promise: TypeError: Failed to fetch
=============================
====== JS ERROR CAUGHT ======
Unhandled Promise: TypeError: Failed to fetch
=============================
====== JS ERROR CAUGHT ======
Unhandled Promise: TypeError: Failed to fetch
=============================
====== JS ERROR CAUGHT ======
Unhandled Promise: TypeError: Failed to fetch
=============================
====== JS ERROR CAUGHT ======
Unhandled Promise: TypeError: Failed to fetch
=============================
====== JS ERROR CAUGHT ======
Unhandled Promise: TypeError: Failed to fetch
=============================
====== JS ERROR CAUGHT ======
Unhandled Promise: TypeError: Failed to fetch
=============================
====== JS ERROR CAUGHT ======
Unhandled Promise: TypeError: Failed to fetch
=============================
====== JS ERROR CAUGHT ======
Unhandled Promise: TypeError: Failed to fetch
=============================
====== JS ERROR CAUGHT ======
Unhandled Promise: TypeError: Failed to fetch
=============================
====== JS ERROR CAUGHT ======
Unhandled Promise: TypeError: Failed to fetch
=============================
====== JS ERROR CAUGHT ======
Unhandled Promise: TypeError: Failed to fetch
=============================
====== JS ERROR CAUGHT ======
Unhandled Promise: TypeError: Failed to fetch
=============================
====== JS ERROR CAUGHT ======
Unhandled Promise: TypeError: Failed to fetch
=============================
====== JS ERROR CAUGHT ======
Unhandled Promise: TypeError: Failed to fetch
=============================
====== JS ERROR CAUGHT ======
Unhandled Promise: TypeError: Failed to fetch
=============================
====== JS ERROR CAUGHT ======
Unhandled Promise: TypeError: Failed to fetch
=============================
====== JS ERROR CAUGHT ======
Unhandled Promise: TypeError: Failed to fetch
=============================
====== JS ERROR CAUGHT ======
Unhandled Promise: TypeError: Failed to fetch
=============================
====== JS ERROR CAUGHT ======
Unhandled Promise: TypeError: Failed to fetch
=============================
====== JS ERROR CAUGHT ======
Unhandled Promise: TypeError: Failed to fetch
=============================
====== JS ERROR CAUGHT ======
Unhandled Promise: TypeError: Failed to fetch
=============================
====== JS ERROR CAUGHT ======
Unhandled Promise: TypeError: Failed to fetch
=============================
====== JS ERROR CAUGHT ======
Unhandled Promise: TypeError: Failed to fetch
=============================
====== JS ERROR CAUGHT ======
Unhandled Promise: TypeError: Failed to fetch
=============================
====== JS ERROR CAUGHT ======
Unhandled Promise: TypeError: Failed to fetch
=============================
====== JS ERROR CAUGHT ======
Unhandled Promise: TypeError: Failed to fetch
=============================
====== JS ERROR CAUGHT ======
Unhandled Promise: TypeError: Failed to fetch
=============================
====== JS ERROR CAUGHT ======
Unhandled Promise: TypeError: Failed to fetch
=============================
====== JS ERROR CAUGHT ======
Unhandled Promise: TypeError: Failed to fetch
=============================
====== JS ERROR CAUGHT ======
Unhandled Promise: TypeError: Failed to fetch
=============================
====== JS ERROR CAUGHT ======
Unhandled Promise: TypeError: Failed to fetch
=============================
====== JS ERROR CAUGHT ======
Unhandled Promise: TypeError: Failed to fetch
=============================
====== JS ERROR CAUGHT ======
Unhandled Promise: TypeError: Failed to fetch
=============================
====== JS ERROR CAUGHT ======
Unhandled Promise: TypeError: Failed to fetch
=============================
====== JS ERROR CAUGHT ======
Unhandled Promise: TypeError: Failed to fetch
=============================
====== JS ERROR CAUGHT ======
Unhandled Promise: TypeError: Failed to fetch
=============================
====== JS ERROR CAUGHT ======
Unhandled Promise: TypeError: Failed to fetch
=============================
====== JS ERROR CAUGHT ======
Unhandled Promise: TypeError: Failed to fetch
=============================
====== JS ERROR CAUGHT ======
Unhandled Promise: TypeError: Failed to fetch
=============================
====== JS ERROR CAUGHT ======
Unhandled Promise: TypeError: Failed to fetch
=============================
====== JS ERROR CAUGHT ======
Unhandled Promise: TypeError: Failed to fetch
=============================
====== JS ERROR CAUGHT ======
Unhandled Promise: TypeError: Failed to fetch
=============================
====== JS ERROR CAUGHT ======
Unhandled Promise: TypeError: Failed to fetch
=============================
====== JS ERROR CAUGHT ======
Unhandled Promise: TypeError: Failed to fetch
=============================
====== JS ERROR CAUGHT ======
Unhandled Promise: TypeError: Failed to fetch
=============================
====== JS ERROR CAUGHT ======
Unhandled Promise: TypeError: Failed to fetch
=============================
====== JS ERROR CAUGHT ======
Unhandled Promise: TypeError: Failed to fetch
=============================
====== JS ERROR CAUGHT ======
Unhandled Promise: TypeError: Failed to fetch
=============================
====== JS ERROR CAUGHT ======
Unhandled Promise: TypeError: Failed to fetch
=============================
====== JS ERROR CAUGHT ======
Unhandled Promise: TypeError: Failed to fetch
=============================
====== JS ERROR CAUGHT ======
Unhandled Promise: TypeError: Failed to fetch
=============================
====== JS ERROR CAUGHT ======
Unhandled Promise: TypeError: Failed to fetch
=============================
====== JS ERROR CAUGHT ======
Unhandled Promise: TypeError: Failed to fetch
=============================
====== JS ERROR CAUGHT ======
Unhandled Promise: TypeError: Failed to fetch
=============================
====== JS ERROR CAUGHT ======
Unhandled Promise: TypeError: Failed to fetch
=============================
====== JS ERROR CAUGHT ======
Unhandled Promise: TypeError: Failed to fetch
=============================
====== JS ERROR CAUGHT ======
Unhandled Promise: TypeError: Failed to fetch
=============================
====== JS ERROR CAUGHT ======
Unhandled Promise: TypeError: Failed to fetch
=============================
====== JS ERROR CAUGHT ======
Unhandled Promise: TypeError: Failed to fetch
=============================
====== JS ERROR CAUGHT ======
Unhandled Promise: TypeError: Failed to fetch
=============================
====== JS ERROR CAUGHT ======
Unhandled Promise: TypeError: Failed to fetch
=============================
====== JS ERROR CAUGHT ======
Unhandled Promise: TypeError: Failed to fetch
=============================
====== JS ERROR CAUGHT ======
Unhandled Promise: TypeError: Failed to fetch
=============================
====== JS ERROR CAUGHT ======
Unhandled Promise: TypeError: Failed to fetch
=============================
====== JS ERROR CAUGHT ======
Unhandled Promise: TypeError: Failed to fetch
=============================
====== JS ERROR CAUGHT ======
Unhandled Promise: TypeError: Failed to fetch
=============================
====== JS ERROR CAUGHT ======
Unhandled Promise: TypeError: Failed to fetch
=============================
====== JS ERROR CAUGHT ======
Unhandled Promise: TypeError: Failed to fetch
=============================
====== JS ERROR CAUGHT ======
Unhandled Promise: TypeError: Failed to fetch
=============================
====== JS ERROR CAUGHT ======
Unhandled Promise: TypeError: Failed to fetch
=============================
====== JS ERROR CAUGHT ======
Unhandled Promise: TypeError: Failed to fetch
=============================
====== JS ERROR CAUGHT ======
Unhandled Promise: TypeError: Failed to fetch
=============================
====== JS ERROR CAUGHT ======
Unhandled Promise: TypeError: Failed to fetch
=============================
====== JS ERROR CAUGHT ======
Unhandled Promise: TypeError: Failed to fetch
=============================
====== JS ERROR CAUGHT ======
Unhandled Promise: TypeError: Failed to fetch
=============================
====== JS ERROR CAUGHT ======
Unhandled Promise: TypeError: Failed to fetch
=============================
====== JS ERROR CAUGHT ======
Unhandled Promise: TypeError: Failed to fetch
=============================
====== JS ERROR CAUGHT ======
Unhandled Promise: TypeError: Failed to fetch
=============================
====== JS ERROR CAUGHT ======
Unhandled Promise: TypeError: Failed to fetch
=============================
====== JS ERROR CAUGHT ======
Unhandled Promise: TypeError: Failed to fetch
=============================
====== JS ERROR CAUGHT ======
Unhandled Promise: TypeError: Failed to fetch
=============================
====== JS ERROR CAUGHT ======
Unhandled Promise: TypeError: Failed to fetch
=============================
====== JS ERROR CAUGHT ======
Unhandled Promise: TypeError: Failed to fetch
=============================
====== JS ERROR CAUGHT ======
Unhandled Promise: TypeError: Failed to fetch
=============================
====== JS ERROR CAUGHT ======
Unhandled Promise: TypeError: Failed to fetch
=============================
====== JS ERROR CAUGHT ======
Unhandled Promise: TypeError: Failed to fetch
=============================
====== JS ERROR CAUGHT ======
Unhandled Promise: TypeError: Failed to fetch
=============================
====== JS ERROR CAUGHT ======
Unhandled Promise: TypeError: Failed to fetch
=============================
====== JS ERROR CAUGHT ======
Unhandled Promise: TypeError: Failed to fetch
=============================
====== JS ERROR CAUGHT ======
Unhandled Promise: TypeError: Failed to fetch
=============================
====== JS ERROR CAUGHT ======
Unhandled Promise: TypeError: Failed to fetch
=============================
====== JS ERROR CAUGHT ======
Unhandled Promise: TypeError: Failed to fetch
=============================
====== JS ERROR CAUGHT ======
Unhandled Promise: TypeError: Failed to fetch
=============================
====== JS ERROR CAUGHT ======
Unhandled Promise: TypeError: Failed to fetch
=============================
====== JS ERROR CAUGHT ======
Unhandled Promise: TypeError: Failed to fetch
=============================
====== JS ERROR CAUGHT ======
Unhandled Promise: TypeError: Failed to fetch
=============================
====== JS ERROR CAUGHT ======
Unhandled Promise: TypeError: Failed to fetch
=============================
====== JS ERROR CAUGHT ======
Unhandled Promise: TypeError: Failed to fetch
=============================
====== JS ERROR CAUGHT ======
Unhandled Promise: TypeError: Failed to fetch
=============================
====== JS ERROR CAUGHT ======
Unhandled Promise: TypeError: Failed to fetch
=============================
====== JS ERROR CAUGHT ======
Unhandled Promise: TypeError: Failed to fetch
=============================
====== JS ERROR CAUGHT ======
Unhandled Promise: TypeError: Failed to fetch
=============================
====== JS ERROR CAUGHT ======
Unhandled Promise: TypeError: Failed to fetch
=============================
====== JS ERROR CAUGHT ======
Unhandled Promise: TypeError: Failed to fetch
=============================
====== JS ERROR CAUGHT ======
Unhandled Promise: TypeError: Failed to fetch
=============================
====== JS ERROR CAUGHT ======
Unhandled Promise: TypeError: Failed to fetch
=============================
====== JS ERROR CAUGHT ======
Unhandled Promise: TypeError: Failed to fetch
=============================
====== JS ERROR CAUGHT ======
Unhandled Promise: TypeError: Failed to fetch
=============================
====== JS ERROR CAUGHT ======
Unhandled Promise: TypeError: Failed to fetch
=============================
====== JS ERROR CAUGHT ======
Unhandled Promise: TypeError: Failed to fetch
=============================
====== JS ERROR CAUGHT ======
Unhandled Promise: TypeError: Failed to fetch
=============================
====== JS ERROR CAUGHT ======
Unhandled Promise: TypeError: Failed to fetch
=============================
====== JS ERROR CAUGHT ======
Unhandled Promise: TypeError: Failed to fetch
=============================
====== JS ERROR CAUGHT ======
Unhandled Promise: TypeError: Failed to fetch
=============================
====== JS ERROR CAUGHT ======
Unhandled Promise: TypeError: Failed to fetch
=============================
====== JS ERROR CAUGHT ======
Unhandled Promise: TypeError: Failed to fetch
=============================
====== JS ERROR CAUGHT ======
Unhandled Promise: TypeError: Failed to fetch
=============================
====== JS ERROR CAUGHT ======
Unhandled Promise: TypeError: Failed to fetch
=============================
====== JS ERROR CAUGHT ======
Unhandled Promise: TypeError: Failed to fetch
=============================
====== JS ERROR CAUGHT ======
Unhandled Promise: TypeError: Failed to fetch
=============================
====== JS ERROR CAUGHT ======
Unhandled Promise: TypeError: Failed to fetch
=============================
====== JS ERROR CAUGHT ======
Unhandled Promise: TypeError: Failed to fetch
=============================
====== JS ERROR CAUGHT ======
Unhandled Promise: TypeError: Failed to fetch
=============================
====== JS ERROR CAUGHT ======
Unhandled Promise: TypeError: Failed to fetch
=============================
====== JS ERROR CAUGHT ======
Unhandled Promise: TypeError: Failed to fetch
=============================
====== JS ERROR CAUGHT ======
Unhandled Promise: TypeError: Failed to fetch
=============================
====== JS ERROR CAUGHT ======
Unhandled Promise: TypeError: Failed to fetch
=============================
====== JS ERROR CAUGHT ======
Unhandled Promise: TypeError: Failed to fetch
=============================
====== JS ERROR CAUGHT ======
Unhandled Promise: TypeError: Failed to fetch
=============================
====== JS ERROR CAUGHT ======
Unhandled Promise: TypeError: Failed to fetch
=============================
====== JS ERROR CAUGHT ======
Unhandled Promise: TypeError: Failed to fetch
=============================
====== JS ERROR CAUGHT ======
Unhandled Promise: TypeError: Failed to fetch
=============================
====== JS ERROR CAUGHT ======
Unhandled Promise: TypeError: Failed to fetch
=============================
====== JS ERROR CAUGHT ======
Unhandled Promise: TypeError: Failed to fetch
=============================
====== JS ERROR CAUGHT ======
Unhandled Promise: TypeError: Failed to fetch
=============================
====== JS ERROR CAUGHT ======
Unhandled Promise: TypeError: Failed to fetch
=============================
====== JS ERROR CAUGHT ======
Unhandled Promise: TypeError: Failed to fetch
=============================
====== JS ERROR CAUGHT ======
Unhandled Promise: TypeError: Failed to fetch
=============================
====== JS ERROR CAUGHT ======
Unhandled Promise: TypeError: Failed to fetch
=============================
====== JS ERROR CAUGHT ======
Unhandled Promise: TypeError: Failed to fetch
=============================
====== JS ERROR CAUGHT ======
Unhandled Promise: TypeError: Failed to fetch
=============================
====== JS ERROR CAUGHT ======
Unhandled Promise: TypeError: Failed to fetch
=============================
====== JS ERROR CAUGHT ======
Unhandled Promise: TypeError: Failed to fetch
=============================
====== JS ERROR CAUGHT ======
Unhandled Promise: TypeError: Failed to fetch
=============================
====== JS ERROR CAUGHT ======
Unhandled Promise: TypeError: Failed to fetch
=============================
====== JS ERROR CAUGHT ======
Unhandled Promise: TypeError: Failed to fetch
=============================
====== JS ERROR CAUGHT ======
Unhandled Promise: TypeError: Failed to fetch
=============================
====== JS ERROR CAUGHT ======
Unhandled Promise: TypeError: Failed to fetch
=============================
====== JS ERROR CAUGHT ======
Unhandled Promise: TypeError: Failed to fetch
=============================
====== JS ERROR CAUGHT ======
Unhandled Promise: TypeError: Failed to fetch
=============================
====== JS ERROR CAUGHT ======
Unhandled Promise: TypeError: Failed to fetch
=============================
====== JS ERROR CAUGHT ======
Unhandled Promise: TypeError: Failed to fetch
=============================
====== JS ERROR CAUGHT ======
Unhandled Promise: TypeError: Failed to fetch
=============================
====== JS ERROR CAUGHT ======
Unhandled Promise: TypeError: Failed to fetch
=============================
====== JS ERROR CAUGHT ======
Unhandled Promise: TypeError: Failed to fetch
=============================
====== JS ERROR CAUGHT ======
Unhandled Promise: TypeError: Failed to fetch
=============================
====== JS ERROR CAUGHT ======
Unhandled Promise: TypeError: Failed to fetch
=============================
====== JS ERROR CAUGHT ======
Unhandled Promise: TypeError: Failed to fetch
=============================
====== JS ERROR CAUGHT ======
Unhandled Promise: TypeError: Failed to fetch
=============================
====== JS ERROR CAUGHT ======
Unhandled Promise: TypeError: Failed to fetch
=============================
====== JS ERROR CAUGHT ======
Unhandled Promise: TypeError: Failed to fetch
=============================
====== JS ERROR CAUGHT ======
Unhandled Promise: TypeError: Failed to fetch
=============================
====== JS ERROR CAUGHT ======
Unhandled Promise: TypeError: Failed to fetch
=============================
====== JS ERROR CAUGHT ======
Unhandled Promise: TypeError: Failed to fetch
=============================
====== JS ERROR CAUGHT ======
Unhandled Promise: TypeError: Failed to fetch
=============================
====== JS ERROR CAUGHT ======
Unhandled Promise: TypeError: Failed to fetch
=============================
====== JS ERROR CAUGHT ======
Unhandled Promise: TypeError: Failed to fetch
=============================
====== JS ERROR CAUGHT ======
Unhandled Promise: TypeError: Failed to fetch
=============================
====== JS ERROR CAUGHT ======
Unhandled Promise: TypeError: Failed to fetch
=============================
====== JS ERROR CAUGHT ======
Unhandled Promise: TypeError: Failed to fetch
=============================
====== JS ERROR CAUGHT ======
Unhandled Promise: TypeError: Failed to fetch
=============================
====== JS ERROR CAUGHT ======
Unhandled Promise: TypeError: Failed to fetch
=============================
====== JS ERROR CAUGHT ======
Unhandled Promise: TypeError: Failed to fetch
=============================
====== JS ERROR CAUGHT ======
Unhandled Promise: TypeError: Failed to fetch
=============================
====== JS ERROR CAUGHT ======
Unhandled Promise: TypeError: Failed to fetch
=============================
====== JS ERROR CAUGHT ======
Unhandled Promise: TypeError: Failed to fetch
=============================
====== JS ERROR CAUGHT ======
Unhandled Promise: TypeError: Failed to fetch
=============================
====== JS ERROR CAUGHT ======
Unhandled Promise: TypeError: Failed to fetch
=============================
====== JS ERROR CAUGHT ======
Unhandled Promise: TypeError: Failed to fetch
=============================
====== JS ERROR CAUGHT ======
Unhandled Promise: TypeError: Failed to fetch
=============================
====== JS ERROR CAUGHT ======
Unhandled Promise: TypeError: Failed to fetch
=============================
====== JS ERROR CAUGHT ======
Unhandled Promise: TypeError: Failed to fetch
=============================
====== JS ERROR CAUGHT ======
Unhandled Promise: TypeError: Failed to fetch
=============================
====== JS ERROR CAUGHT ======
Unhandled Promise: TypeError: Failed to fetch
=============================
====== JS ERROR CAUGHT ======
Unhandled Promise: TypeError: Failed to fetch
=============================
====== JS ERROR CAUGHT ======
Unhandled Promise: TypeError: Failed to fetch
=============================
====== JS ERROR CAUGHT ======
Unhandled Promise: TypeError: Failed to fetch
=============================
====== JS ERROR CAUGHT ======
Unhandled Promise: TypeError: Failed to fetch
=============================
====== JS ERROR CAUGHT ======
Unhandled Promise: TypeError: Failed to fetch
=============================
====== JS ERROR CAUGHT ======
Unhandled Promise: TypeError: Failed to fetch
=============================
====== JS ERROR CAUGHT ======
Unhandled Promise: TypeError: Failed to fetch
=============================
====== JS ERROR CAUGHT ======
Unhandled Promise: TypeError: Failed to fetch
=============================
====== JS ERROR CAUGHT ======
Unhandled Promise: TypeError: Failed to fetch
=============================
====== JS ERROR CAUGHT ======
Unhandled Promise: TypeError: Failed to fetch
=============================
====== JS ERROR CAUGHT ======
Unhandled Promise: TypeError: Failed to fetch
=============================
====== JS ERROR CAUGHT ======
Unhandled Promise: TypeError: Failed to fetch
=============================
====== JS ERROR CAUGHT ======
Unhandled Promise: TypeError: Failed to fetch
=============================
====== JS ERROR CAUGHT ======
Unhandled Promise: TypeError: Failed to fetch
=============================
====== JS ERROR CAUGHT ======
Unhandled Promise: TypeError: Failed to fetch
=============================
====== JS ERROR CAUGHT ======
Unhandled Promise: TypeError: Failed to fetch
=============================
====== JS ERROR CAUGHT ======
Unhandled Promise: TypeError: Failed to fetch
=============================
====== JS ERROR CAUGHT ======
Unhandled Promise: TypeError: Failed to fetch
=============================
====== JS ERROR CAUGHT ======
Unhandled Promise: TypeError: Failed to fetch
=============================
====== JS ERROR CAUGHT ======
Unhandled Promise: TypeError: Failed to fetch
=============================
====== JS ERROR CAUGHT ======
Unhandled Promise: TypeError: Failed to fetch
=============================
====== JS ERROR CAUGHT ======
Unhandled Promise: TypeError: Failed to fetch
=============================
====== JS ERROR CAUGHT ======
Unhandled Promise: TypeError: Failed to fetch
=============================
====== JS ERROR CAUGHT ======
Unhandled Promise: TypeError: Failed to fetch
=============================
====== JS ERROR CAUGHT ======
Unhandled Promise: TypeError: Failed to fetch
=============================
====== JS ERROR CAUGHT ======
Unhandled Promise: TypeError: Failed to fetch
=============================
====== JS ERROR CAUGHT ======
Unhandled Promise: TypeError: Failed to fetch
=============================
====== JS ERROR CAUGHT ======
Unhandled Promise: TypeError: Failed to fetch
=============================
====== JS ERROR CAUGHT ======
Unhandled Promise: TypeError: Failed to fetch
=============================
====== JS ERROR CAUGHT ======
Unhandled Promise: TypeError: Failed to fetch
=============================
====== JS ERROR CAUGHT ======
Unhandled Promise: TypeError: Failed to fetch
=============================
====== JS ERROR CAUGHT ======
Unhandled Promise: TypeError: Failed to fetch
=============================
====== JS ERROR CAUGHT ======
Unhandled Promise: TypeError: Failed to fetch
=============================
====== JS ERROR CAUGHT ======
Unhandled Promise: TypeError: Failed to fetch
=============================
====== JS ERROR CAUGHT ======
Unhandled Promise: TypeError: Failed to fetch
=============================
====== JS ERROR CAUGHT ======
Unhandled Promise: TypeError: Failed to fetch
=============================
====== JS ERROR CAUGHT ======
Unhandled Promise: TypeError: Failed to fetch
=============================
====== JS ERROR CAUGHT ======
Unhandled Promise: TypeError: Failed to fetch
=============================
====== JS ERROR CAUGHT ======
Unhandled Promise: TypeError: Failed to fetch
=============================
====== JS ERROR CAUGHT ======
Unhandled Promise: TypeError: Failed to fetch
=============================
====== JS ERROR CAUGHT ======
Unhandled Promise: TypeError: Failed to fetch
=============================
====== JS ERROR CAUGHT ======
Unhandled Promise: TypeError: Failed to fetch
=============================
====== JS ERROR CAUGHT ======
Unhandled Promise: TypeError: Failed to fetch
=============================
====== JS ERROR CAUGHT ======
Unhandled Promise: TypeError: Failed to fetch
=============================
====== JS ERROR CAUGHT ======
Unhandled Promise: TypeError: Failed to fetch
=============================
====== JS ERROR CAUGHT ======
Unhandled Promise: TypeError: Failed to fetch
=============================
====== JS ERROR CAUGHT ======
Unhandled Promise: TypeError: Failed to fetch
=============================
====== JS ERROR CAUGHT ======
Unhandled Promise: TypeError: Failed to fetch
=============================
====== JS ERROR CAUGHT ======
Unhandled Promise: TypeError: Failed to fetch
=============================
====== JS ERROR CAUGHT ======
Unhandled Promise: TypeError: Failed to fetch
=============================
====== JS ERROR CAUGHT ======
Unhandled Promise: TypeError: Failed to fetch
=============================
====== JS ERROR CAUGHT ======
Unhandled Promise: TypeError: Failed to fetch
=============================
====== JS ERROR CAUGHT ======
Unhandled Promise: TypeError: Failed to fetch
=============================
====== JS ERROR CAUGHT ======
Unhandled Promise: TypeError: Failed to fetch
=============================
====== JS ERROR CAUGHT ======
Unhandled Promise: TypeError: Failed to fetch
=============================
====== JS ERROR CAUGHT ======
Unhandled Promise: TypeError: Failed to fetch
=============================
====== JS ERROR CAUGHT ======
Unhandled Promise: TypeError: Failed to fetch
=============================
====== JS ERROR CAUGHT ======
Unhandled Promise: TypeError: Failed to fetch
=============================
====== JS ERROR CAUGHT ======
Unhandled Promise: TypeError: Failed to fetch
=============================
====== JS ERROR CAUGHT ======
Unhandled Promise: TypeError: Failed to fetch
=============================
====== JS ERROR CAUGHT ======
Unhandled Promise: TypeError: Failed to fetch
=============================
====== JS ERROR CAUGHT ======
Unhandled Promise: TypeError: Failed to fetch
=============================
====== JS ERROR CAUGHT ======
Unhandled Promise: TypeError: Failed to fetch
=============================
====== JS ERROR CAUGHT ======
Unhandled Promise: TypeError: Failed to fetch
=============================
====== JS ERROR CAUGHT ======
Unhandled Promise: TypeError: Failed to fetch
=============================
====== JS ERROR CAUGHT ======
Unhandled Promise: TypeError: Failed to fetch
=============================
====== JS ERROR CAUGHT ======
Unhandled Promise: TypeError: Failed to fetch
=============================
====== JS ERROR CAUGHT ======
Unhandled Promise: TypeError: Failed to fetch
=============================
====== JS ERROR CAUGHT ======
Unhandled Promise: TypeError: Failed to fetch
=============================
====== JS ERROR CAUGHT ======
Unhandled Promise: TypeError: Failed to fetch
=============================
====== JS ERROR CAUGHT ======
Unhandled Promise: TypeError: Failed to fetch
=============================
====== JS ERROR CAUGHT ======
Unhandled Promise: TypeError: Failed to fetch
=============================
====== JS ERROR CAUGHT ======
Unhandled Promise: TypeError: Failed to fetch
=============================
====== JS ERROR CAUGHT ======
Unhandled Promise: TypeError: Failed to fetch
=============================
====== JS ERROR CAUGHT ======
Unhandled Promise: TypeError: Failed to fetch
=============================
====== JS ERROR CAUGHT ======
Unhandled Promise: TypeError: Failed to fetch
=============================
====== JS ERROR CAUGHT ======
Unhandled Promise: TypeError: Failed to fetch
=============================
====== JS ERROR CAUGHT ======
Unhandled Promise: TypeError: Failed to fetch
=============================
====== JS ERROR CAUGHT ======
Unhandled Promise: TypeError: Failed to fetch
=============================
====== JS ERROR CAUGHT ======
Unhandled Promise: TypeError: Failed to fetch
=============================
====== JS ERROR CAUGHT ======
Unhandled Promise: TypeError: Failed to fetch
=============================
====== JS ERROR CAUGHT ======
Unhandled Promise: TypeError: Failed to fetch
=============================
====== JS ERROR CAUGHT ======
Unhandled Promise: TypeError: Failed to fetch
=============================
====== JS ERROR CAUGHT ======
Unhandled Promise: TypeError: Failed to fetch
=============================
====== JS ERROR CAUGHT ======
Unhandled Promise: TypeError: Failed to fetch
=============================
====== JS ERROR CAUGHT ======
Unhandled Promise: TypeError: Failed to fetch
=============================
====== JS ERROR CAUGHT ======
Unhandled Promise: TypeError: Failed to fetch
=============================
====== JS ERROR CAUGHT ======
Unhandled Promise: TypeError: Failed to fetch
=============================
====== JS ERROR CAUGHT ======
Unhandled Promise: TypeError: Failed to fetch
=============================
====== JS ERROR CAUGHT ======
Unhandled Promise: TypeError: Failed to fetch
=============================
====== JS ERROR CAUGHT ======
Unhandled Promise: TypeError: Failed to fetch
=============================
====== JS ERROR CAUGHT ======
Unhandled Promise: TypeError: Failed to fetch
=============================
====== JS ERROR CAUGHT ======
Unhandled Promise: TypeError: Failed to fetch
=============================
====== JS ERROR CAUGHT ======
Unhandled Promise: TypeError: Failed to fetch
=============================
====== JS ERROR CAUGHT ======
Unhandled Promise: TypeError: Failed to fetch
=============================
====== JS ERROR CAUGHT ======
Unhandled Promise: TypeError: Failed to fetch
=============================
====== JS ERROR CAUGHT ======
Unhandled Promise: TypeError: Failed to fetch
=============================
====== JS ERROR CAUGHT ======
Unhandled Promise: TypeError: Failed to fetch
=============================
====== JS ERROR CAUGHT ======
Unhandled Promise: TypeError: Failed to fetch
=============================
====== JS ERROR CAUGHT ======
Unhandled Promise: TypeError: Failed to fetch
=============================
====== JS ERROR CAUGHT ======
Unhandled Promise: TypeError: Failed to fetch
=============================
====== JS ERROR CAUGHT ======
Unhandled Promise: TypeError: Failed to fetch
=============================
====== JS ERROR CAUGHT ======
Unhandled Promise: TypeError: Failed to fetch
=============================
====== JS ERROR CAUGHT ======
Unhandled Promise: TypeError: Failed to fetch
=============================
====== JS ERROR CAUGHT ======
Unhandled Promise: TypeError: Failed to fetch
=============================
====== JS ERROR CAUGHT ======
Unhandled Promise: TypeError: Failed to fetch
=============================
====== JS ERROR CAUGHT ======
Unhandled Promise: TypeError: Failed to fetch
=============================
====== JS ERROR CAUGHT ======
Unhandled Promise: TypeError: Failed to fetch
=============================
====== JS ERROR CAUGHT ======
Unhandled Promise: TypeError: Failed to fetch
=============================
====== JS ERROR CAUGHT ======
Unhandled Promise: TypeError: Failed to fetch
=============================
====== JS ERROR CAUGHT ======
Unhandled Promise: TypeError: Failed to fetch
=============================
====== JS ERROR CAUGHT ======
Unhandled Promise: TypeError: Failed to fetch
=============================
====== JS ERROR CAUGHT ======
Unhandled Promise: TypeError: Failed to fetch
=============================
====== JS ERROR CAUGHT ======
Unhandled Promise: TypeError: Failed to fetch
=============================
====== JS ERROR CAUGHT ======
Unhandled Promise: TypeError: Failed to fetch
=============================
====== JS ERROR CAUGHT ======
Unhandled Promise: TypeError: Failed to fetch
=============================
====== JS ERROR CAUGHT ======
Unhandled Promise: TypeError: Failed to fetch
=============================
====== JS ERROR CAUGHT ======
Unhandled Promise: TypeError: Failed to fetch
=============================
====== JS ERROR CAUGHT ======
Unhandled Promise: TypeError: Failed to fetch
=============================
====== JS ERROR CAUGHT ======
Unhandled Promise: TypeError: Failed to fetch
=============================
====== JS ERROR CAUGHT ======
Unhandled Promise: TypeError: Failed to fetch
=============================
====== JS ERROR CAUGHT ======
Unhandled Promise: TypeError: Failed to fetch
=============================
====== JS ERROR CAUGHT ======
Unhandled Promise: TypeError: Failed to fetch
=============================
====== JS ERROR CAUGHT ======
Unhandled Promise: TypeError: Failed to fetch
=============================
====== JS ERROR CAUGHT ======
Unhandled Promise: TypeError: Failed to fetch
=============================
====== JS ERROR CAUGHT ======
Unhandled Promise: TypeError: Failed to fetch
=============================
====== JS ERROR CAUGHT ======
Unhandled Promise: TypeError: Failed to fetch
=============================
====== JS ERROR CAUGHT ======
Unhandled Promise: TypeError: Failed to fetch
=============================
====== JS ERROR CAUGHT ======
Unhandled Promise: TypeError: Failed to fetch
=============================
====== JS ERROR CAUGHT ======
Unhandled Promise: TypeError: Failed to fetch
=============================
====== JS ERROR CAUGHT ======
Unhandled Promise: TypeError: Failed to fetch
=============================
====== JS ERROR CAUGHT ======
Unhandled Promise: TypeError: Failed to fetch
=============================
====== JS ERROR CAUGHT ======
Unhandled Promise: TypeError: Failed to fetch
=============================
====== JS ERROR CAUGHT ======
Unhandled Promise: TypeError: Failed to fetch
=============================
====== JS ERROR CAUGHT ======
Unhandled Promise: TypeError: Failed to fetch
=============================
====== JS ERROR CAUGHT ======
Unhandled Promise: TypeError: Failed to fetch
=============================
====== JS ERROR CAUGHT ======
Unhandled Promise: TypeError: Failed to fetch
=============================
====== JS ERROR CAUGHT ======
Unhandled Promise: TypeError: Failed to fetch
=============================
====== JS ERROR CAUGHT ======
Unhandled Promise: TypeError: Failed to fetch
=============================
====== JS ERROR CAUGHT ======
Unhandled Promise: TypeError: Failed to fetch
=============================
====== JS ERROR CAUGHT ======
Unhandled Promise: TypeError: Failed to fetch
=============================
====== JS ERROR CAUGHT ======
Unhandled Promise: TypeError: Failed to fetch
=============================
====== JS ERROR CAUGHT ======
Unhandled Promise: TypeError: Failed to fetch
=============================
====== JS ERROR CAUGHT ======
Unhandled Promise: TypeError: Failed to fetch
=============================
====== JS ERROR CAUGHT ======
Unhandled Promise: TypeError: Failed to fetch
=============================
====== JS ERROR CAUGHT ======
Unhandled Promise: TypeError: Failed to fetch
=============================
====== JS ERROR CAUGHT ======
Unhandled Promise: TypeError: Failed to fetch
=============================
====== JS ERROR CAUGHT ======
Unhandled Promise: TypeError: Failed to fetch
=============================
====== JS ERROR CAUGHT ======
Unhandled Promise: TypeError: Failed to fetch
=============================
====== JS ERROR CAUGHT ======
Unhandled Promise: TypeError: Failed to fetch
=============================
====== JS ERROR CAUGHT ======
Unhandled Promise: TypeError: Failed to fetch
=============================
====== JS ERROR CAUGHT ======
Unhandled Promise: TypeError: Failed to fetch
=============================
====== JS ERROR CAUGHT ======
Unhandled Promise: TypeError: Failed to fetch
=============================
====== JS ERROR CAUGHT ======
Unhandled Promise: TypeError: Failed to fetch
=============================
====== JS ERROR CAUGHT ======
Unhandled Promise: TypeError: Failed to fetch
=============================
====== JS ERROR CAUGHT ======
Unhandled Promise: TypeError: Failed to fetch
=============================
====== JS ERROR CAUGHT ======
Unhandled Promise: TypeError: Failed to fetch
=============================
====== JS ERROR CAUGHT ======
Unhandled Promise: TypeError: Failed to fetch
=============================
====== JS ERROR CAUGHT ======
Unhandled Promise: TypeError: Failed to fetch
=============================
====== JS ERROR CAUGHT ======
Unhandled Promise: TypeError: Failed to fetch
=============================
====== JS ERROR CAUGHT ======
Unhandled Promise: TypeError: Failed to fetch
=============================
====== JS ERROR CAUGHT ======
Unhandled Promise: TypeError: Failed to fetch
=============================
====== JS ERROR CAUGHT ======
Unhandled Promise: TypeError: Failed to fetch
=============================
====== JS ERROR CAUGHT ======
Unhandled Promise: TypeError: Failed to fetch
=============================
====== JS ERROR CAUGHT ======
Unhandled Promise: TypeError: Failed to fetch
=============================
====== JS ERROR CAUGHT ======
Unhandled Promise: TypeError: Failed to fetch
=============================
====== JS ERROR CAUGHT ======
Unhandled Promise: TypeError: Failed to fetch
=============================
====== JS ERROR CAUGHT ======
Unhandled Promise: TypeError: Failed to fetch
=============================
====== JS ERROR CAUGHT ======
Unhandled Promise: TypeError: Failed to fetch
=============================
====== JS ERROR CAUGHT ======
Unhandled Promise: TypeError: Failed to fetch
=============================
====== JS ERROR CAUGHT ======
Unhandled Promise: TypeError: Failed to fetch
=============================
====== JS ERROR CAUGHT ======
Unhandled Promise: TypeError: Failed to fetch
=============================
====== JS ERROR CAUGHT ======
Unhandled Promise: TypeError: Failed to fetch
=============================
====== JS ERROR CAUGHT ======
Unhandled Promise: TypeError: Failed to fetch
=============================
====== JS ERROR CAUGHT ======
Unhandled Promise: TypeError: Failed to fetch
=============================
====== JS ERROR CAUGHT ======
Unhandled Promise: TypeError: Failed to fetch
=============================
====== JS ERROR CAUGHT ======
Unhandled Promise: TypeError: Failed to fetch
=============================
====== JS ERROR CAUGHT ======
Unhandled Promise: TypeError: Failed to fetch
=============================
====== JS ERROR CAUGHT ======
Unhandled Promise: TypeError: Failed to fetch
=============================
====== JS ERROR CAUGHT ======
Unhandled Promise: TypeError: Failed to fetch
=============================
====== JS ERROR CAUGHT ======
Unhandled Promise: TypeError: Failed to fetch
=============================
====== JS ERROR CAUGHT ======
Unhandled Promise: TypeError: Failed to fetch
=============================
====== JS ERROR CAUGHT ======
Unhandled Promise: TypeError: Failed to fetch
=============================
====== JS ERROR CAUGHT ======
Unhandled Promise: TypeError: Failed to fetch
=============================
====== JS ERROR CAUGHT ======
Unhandled Promise: TypeError: Failed to fetch
=============================
====== JS ERROR CAUGHT ======
Unhandled Promise: TypeError: Failed to fetch
=============================
====== JS ERROR CAUGHT ======
Unhandled Promise: TypeError: Failed to fetch
=============================
====== JS ERROR CAUGHT ======
Unhandled Promise: TypeError: Failed to fetch
=============================
====== JS ERROR CAUGHT ======
Unhandled Promise: TypeError: Failed to fetch
=============================
====== JS ERROR CAUGHT ======
Unhandled Promise: TypeError: Failed to fetch
=============================
====== JS ERROR CAUGHT ======
Unhandled Promise: TypeError: Failed to fetch
=============================
====== JS ERROR CAUGHT ======
Unhandled Promise: TypeError: Failed to fetch
=============================
====== JS ERROR CAUGHT ======
Unhandled Promise: TypeError: Failed to fetch
=============================
====== JS ERROR CAUGHT ======
Unhandled Promise: TypeError: Failed to fetch
=============================
====== JS ERROR CAUGHT ======
Unhandled Promise: TypeError: Failed to fetch
=============================
====== JS ERROR CAUGHT ======
Unhandled Promise: TypeError: Failed to fetch
=============================
====== JS ERROR CAUGHT ======
Unhandled Promise: TypeError: Failed to fetch
=============================
====== JS ERROR CAUGHT ======
Unhandled Promise: TypeError: Failed to fetch
=============================
====== JS ERROR CAUGHT ======
Unhandled Promise: TypeError: Failed to fetch
=============================
====== JS ERROR CAUGHT ======
Unhandled Promise: TypeError: Failed to fetch
=============================
====== JS ERROR CAUGHT ======
Unhandled Promise: TypeError: Failed to fetch
=============================
====== JS ERROR CAUGHT ======
Unhandled Promise: TypeError: Failed to fetch
=============================
====== JS ERROR CAUGHT ======
Unhandled Promise: TypeError: Failed to fetch
=============================
====== JS ERROR CAUGHT ======
Unhandled Promise: TypeError: Failed to fetch
=============================
====== JS ERROR CAUGHT ======
Unhandled Promise: TypeError: Failed to fetch
=============================
====== JS ERROR CAUGHT ======
Unhandled Promise: TypeError: Failed to fetch
=============================
====== JS ERROR CAUGHT ======
Unhandled Promise: TypeError: Failed to fetch
=============================
====== JS ERROR CAUGHT ======
Unhandled Promise: TypeError: Failed to fetch
=============================
====== JS ERROR CAUGHT ======
Unhandled Promise: TypeError: Failed to fetch
=============================
====== JS ERROR CAUGHT ======
Unhandled Promise: TypeError: Failed to fetch
=============================
====== JS ERROR CAUGHT ======
Unhandled Promise: TypeError: Failed to fetch
=============================
====== JS ERROR CAUGHT ======
Unhandled Promise: TypeError: Failed to fetch
=============================
====== JS ERROR CAUGHT ======
Unhandled Promise: TypeError: Failed to fetch
=============================
====== JS ERROR CAUGHT ======
Unhandled Promise: TypeError: Failed to fetch
=============================
====== JS ERROR CAUGHT ======
Unhandled Promise: TypeError: Failed to fetch
=============================
====== JS ERROR CAUGHT ======
Unhandled Promise: TypeError: Failed to fetch
=============================
====== JS ERROR CAUGHT ======
Unhandled Promise: TypeError: Failed to fetch
=============================
====== JS ERROR CAUGHT ======
Unhandled Promise: TypeError: Failed to fetch
=============================
====== JS ERROR CAUGHT ======
Unhandled Promise: TypeError: Failed to fetch
=============================
====== JS ERROR CAUGHT ======
Unhandled Promise: TypeError: Failed to fetch
=============================
====== JS ERROR CAUGHT ======
Unhandled Promise: TypeError: Failed to fetch
=============================
====== JS ERROR CAUGHT ======
Unhandled Promise: TypeError: Failed to fetch
=============================
====== JS ERROR CAUGHT ======
Unhandled Promise: TypeError: Failed to fetch
=============================
====== JS ERROR CAUGHT ======
Unhandled Promise: TypeError: Failed to fetch
=============================
====== JS ERROR CAUGHT ======
Unhandled Promise: TypeError: Failed to fetch
=============================
====== JS ERROR CAUGHT ======
Unhandled Promise: TypeError: Failed to fetch
=============================
====== JS ERROR CAUGHT ======
Unhandled Promise: TypeError: Failed to fetch
=============================
====== JS ERROR CAUGHT ======
Unhandled Promise: TypeError: Failed to fetch
=============================
====== JS ERROR CAUGHT ======
Unhandled Promise: TypeError: Failed to fetch
=============================
====== JS ERROR CAUGHT ======
Unhandled Promise: TypeError: Failed to fetch
=============================
====== JS ERROR CAUGHT ======
Unhandled Promise: TypeError: Failed to fetch
=============================
====== JS ERROR CAUGHT ======
Unhandled Promise: TypeError: Failed to fetch
=============================
====== JS ERROR CAUGHT ======
Unhandled Promise: TypeError: Failed to fetch
=============================
====== JS ERROR CAUGHT ======
Unhandled Promise: TypeError: Failed to fetch
=============================
====== JS ERROR CAUGHT ======
Unhandled Promise: TypeError: Failed to fetch
=============================
====== JS ERROR CAUGHT ======
Unhandled Promise: TypeError: Failed to fetch
=============================
====== JS ERROR CAUGHT ======
Unhandled Promise: TypeError: Failed to fetch
=============================
====== JS ERROR CAUGHT ======
Unhandled Promise: TypeError: Failed to fetch
=============================
====== JS ERROR CAUGHT ======
Unhandled Promise: TypeError: Failed to fetch
=============================
====== JS ERROR CAUGHT ======
Unhandled Promise: TypeError: Failed to fetch
=============================
====== JS ERROR CAUGHT ======
Unhandled Promise: TypeError: Failed to fetch
=============================
====== JS ERROR CAUGHT ======
Unhandled Promise: TypeError: Failed to fetch
=============================
====== JS ERROR CAUGHT ======
Unhandled Promise: TypeError: Failed to fetch
=============================
====== JS ERROR CAUGHT ======
Unhandled Promise: TypeError: Failed to fetch
=============================
====== JS ERROR CAUGHT ======
Unhandled Promise: TypeError: Failed to fetch
=============================
====== JS ERROR CAUGHT ======
Unhandled Promise: TypeError: Failed to fetch
=============================
====== JS ERROR CAUGHT ======
Unhandled Promise: TypeError: Failed to fetch
=============================
====== JS ERROR CAUGHT ======
Unhandled Promise: TypeError: Failed to fetch
=============================
====== JS ERROR CAUGHT ======
Unhandled Promise: TypeError: Failed to fetch
=============================
====== JS ERROR CAUGHT ======
Unhandled Promise: TypeError: Failed to fetch
=============================
====== JS ERROR CAUGHT ======
Unhandled Promise: TypeError: Failed to fetch
=============================
====== JS ERROR CAUGHT ======
Unhandled Promise: TypeError: Failed to fetch
=============================
====== JS ERROR CAUGHT ======
Unhandled Promise: TypeError: Failed to fetch
=============================
====== JS ERROR CAUGHT ======
Unhandled Promise: TypeError: Failed to fetch
=============================
====== JS ERROR CAUGHT ======
Unhandled Promise: TypeError: Failed to fetch
=============================
====== JS ERROR CAUGHT ======
Unhandled Promise: TypeError: Failed to fetch
=============================
====== JS ERROR CAUGHT ======
Unhandled Promise: TypeError: Failed to fetch
=============================
====== JS ERROR CAUGHT ======
Unhandled Promise: TypeError: Failed to fetch
=============================
====== JS ERROR CAUGHT ======
Unhandled Promise: TypeError: Failed to fetch
=============================
====== JS ERROR CAUGHT ======
Unhandled Promise: TypeError: Failed to fetch
=============================
====== JS ERROR CAUGHT ======
Unhandled Promise: TypeError: Failed to fetch
=============================
====== JS ERROR CAUGHT ======
Unhandled Promise: TypeError: Failed to fetch
=============================
====== JS ERROR CAUGHT ======
Unhandled Promise: TypeError: Failed to fetch
=============================
====== JS ERROR CAUGHT ======
Unhandled Promise: TypeError: Failed to fetch
=============================
====== JS ERROR CAUGHT ======
Unhandled Promise: TypeError: Failed to fetch
=============================
====== JS ERROR CAUGHT ======
Unhandled Promise: TypeError: Failed to fetch
=============================
====== JS ERROR CAUGHT ======
Unhandled Promise: TypeError: Failed to fetch
=============================
====== JS ERROR CAUGHT ======
Unhandled Promise: TypeError: Failed to fetch
=============================
====== JS ERROR CAUGHT ======
Unhandled Promise: TypeError: Failed to fetch
=============================
====== JS ERROR CAUGHT ======
Unhandled Promise: TypeError: Failed to fetch
=============================
====== JS ERROR CAUGHT ======
Unhandled Promise: TypeError: Failed to fetch
=============================
====== JS ERROR CAUGHT ======
Unhandled Promise: TypeError: Failed to fetch
=============================
====== JS ERROR CAUGHT ======
Unhandled Promise: TypeError: Failed to fetch
=============================
====== JS ERROR CAUGHT ======
Unhandled Promise: TypeError: Failed to fetch
=============================
====== JS ERROR CAUGHT ======
Unhandled Promise: TypeError: Failed to fetch
=============================
====== JS ERROR CAUGHT ======
Unhandled Promise: TypeError: Failed to fetch
=============================
====== JS ERROR CAUGHT ======
Unhandled Promise: TypeError: Failed to fetch
=============================
====== JS ERROR CAUGHT ======
Unhandled Promise: TypeError: Failed to fetch
=============================
====== JS ERROR CAUGHT ======
Unhandled Promise: TypeError: Failed to fetch
=============================
====== JS ERROR CAUGHT ======
Unhandled Promise: TypeError: Failed to fetch
=============================
====== JS ERROR CAUGHT ======
Unhandled Promise: TypeError: Failed to fetch
=============================
====== JS ERROR CAUGHT ======
Unhandled Promise: TypeError: Failed to fetch
=============================
====== JS ERROR CAUGHT ======
Unhandled Promise: TypeError: Failed to fetch
=============================
====== JS ERROR CAUGHT ======
Unhandled Promise: TypeError: Failed to fetch
=============================
====== JS ERROR CAUGHT ======
Unhandled Promise: TypeError: Failed to fetch
=============================
====== JS ERROR CAUGHT ======
Unhandled Promise: TypeError: Failed to fetch
=============================
====== JS ERROR CAUGHT ======
Unhandled Promise: TypeError: Failed to fetch
=============================
====== JS ERROR CAUGHT ======
Unhandled Promise: TypeError: Failed to fetch
=============================
====== JS ERROR CAUGHT ======
Unhandled Promise: TypeError: Failed to fetch
=============================
====== JS ERROR CAUGHT ======
Unhandled Promise: TypeError: Failed to fetch
=============================
====== JS ERROR CAUGHT ======
Unhandled Promise: TypeError: Failed to fetch
=============================
====== JS ERROR CAUGHT ======
Unhandled Promise: TypeError: Failed to fetch
=============================
====== JS ERROR CAUGHT ======
Unhandled Promise: TypeError: Failed to fetch
=============================
====== JS ERROR CAUGHT ======
Unhandled Promise: TypeError: Failed to fetch
=============================
====== JS ERROR CAUGHT ======
Unhandled Promise: TypeError: Failed to fetch
=============================
====== JS ERROR CAUGHT ======
Unhandled Promise: TypeError: Failed to fetch
=============================
====== JS ERROR CAUGHT ======
Unhandled Promise: TypeError: Failed to fetch
=============================
====== JS ERROR CAUGHT ======
Unhandled Promise: TypeError: Failed to fetch
=============================
====== JS ERROR CAUGHT ======
Unhandled Promise: TypeError: Failed to fetch
=============================
====== JS ERROR CAUGHT ======
Unhandled Promise: TypeError: Failed to fetch
=============================
====== JS ERROR CAUGHT ======
Unhandled Promise: TypeError: Failed to fetch
=============================
====== JS ERROR CAUGHT ======
Unhandled Promise: TypeError: Failed to fetch
=============================
====== JS ERROR CAUGHT ======
Unhandled Promise: TypeError: Failed to fetch
=============================
====== JS ERROR CAUGHT ======
Unhandled Promise: TypeError: Failed to fetch
=============================
====== JS ERROR CAUGHT ======
Unhandled Promise: TypeError: Failed to fetch
=============================
====== JS ERROR CAUGHT ======
Unhandled Promise: TypeError: Failed to fetch
=============================
====== JS ERROR CAUGHT ======
Unhandled Promise: TypeError: Failed to fetch
=============================
====== JS ERROR CAUGHT ======
Unhandled Promise: TypeError: Failed to fetch
=============================
====== JS ERROR CAUGHT ======
Unhandled Promise: TypeError: Failed to fetch
=============================
====== JS ERROR CAUGHT ======
Unhandled Promise: TypeError: Failed to fetch
=============================
====== JS ERROR CAUGHT ======
Unhandled Promise: TypeError: Failed to fetch
=============================
====== JS ERROR CAUGHT ======
Unhandled Promise: TypeError: Failed to fetch
=============================
====== JS ERROR CAUGHT ======
Unhandled Promise: TypeError: Failed to fetch
=============================
====== JS ERROR CAUGHT ======
Unhandled Promise: TypeError: Failed to fetch
=============================
====== JS ERROR CAUGHT ======
Unhandled Promise: TypeError: Failed to fetch
=============================
====== JS ERROR CAUGHT ======
Unhandled Promise: TypeError: Failed to fetch
=============================
====== JS ERROR CAUGHT ======
Unhandled Promise: TypeError: Failed to fetch
=============================
====== JS ERROR CAUGHT ======
Unhandled Promise: TypeError: Failed to fetch
=============================
====== JS ERROR CAUGHT ======
Unhandled Promise: TypeError: Failed to fetch
=============================
====== JS ERROR CAUGHT ======
Unhandled Promise: TypeError: Failed to fetch
=============================
====== JS ERROR CAUGHT ======
Unhandled Promise: TypeError: Failed to fetch
=============================
====== JS ERROR CAUGHT ======
Unhandled Promise: TypeError: Failed to fetch
=============================
====== JS ERROR CAUGHT ======
Unhandled Promise: TypeError: Failed to fetch
=============================
====== JS ERROR CAUGHT ======
Unhandled Promise: TypeError: Failed to fetch
=============================
====== JS ERROR CAUGHT ======
Unhandled Promise: TypeError: Failed to fetch
=============================
====== JS ERROR CAUGHT ======
Unhandled Promise: TypeError: Failed to fetch
=============================
====== JS ERROR CAUGHT ======
Unhandled Promise: TypeError: Failed to fetch
=============================
====== JS ERROR CAUGHT ======
Unhandled Promise: TypeError: Failed to fetch
=============================
====== JS ERROR CAUGHT ======
Unhandled Promise: TypeError: Failed to fetch
=============================
====== JS ERROR CAUGHT ======
Unhandled Promise: TypeError: Failed to fetch
=============================
====== JS ERROR CAUGHT ======
Unhandled Promise: TypeError: Failed to fetch
=============================
====== JS ERROR CAUGHT ======
Unhandled Promise: TypeError: Failed to fetch
=============================
====== JS ERROR CAUGHT ======
Unhandled Promise: TypeError: Failed to fetch
=============================
====== JS ERROR CAUGHT ======
Unhandled Promise: TypeError: Failed to fetch
=============================
====== JS ERROR CAUGHT ======
Unhandled Promise: TypeError: Failed to fetch
=============================
====== JS ERROR CAUGHT ======
Unhandled Promise: TypeError: Failed to fetch
=============================
====== JS ERROR CAUGHT ======
Unhandled Promise: TypeError: Failed to fetch
=============================
====== JS ERROR CAUGHT ======
Unhandled Promise: TypeError: Failed to fetch
=============================
====== JS ERROR CAUGHT ======
Unhandled Promise: TypeError: Failed to fetch
=============================
====== JS ERROR CAUGHT ======
Unhandled Promise: TypeError: Failed to fetch
=============================
====== JS ERROR CAUGHT ======
Unhandled Promise: TypeError: Failed to fetch
=============================
====== JS ERROR CAUGHT ======
Unhandled Promise: TypeError: Failed to fetch
=============================
====== JS ERROR CAUGHT ======
Unhandled Promise: TypeError: Failed to fetch
=============================
====== JS ERROR CAUGHT ======
Unhandled Promise: TypeError: Failed to fetch
=============================
====== JS ERROR CAUGHT ======
Unhandled Promise: TypeError: Failed to fetch
=============================
====== JS ERROR CAUGHT ======
Unhandled Promise: TypeError: Failed to fetch
=============================
====== JS ERROR CAUGHT ======
Unhandled Promise: TypeError: Failed to fetch
=============================
====== JS ERROR CAUGHT ======
Unhandled Promise: TypeError: Failed to fetch
=============================
====== JS ERROR CAUGHT ======
Unhandled Promise: TypeError: Failed to fetch
=============================
====== JS ERROR CAUGHT ======
Unhandled Promise: TypeError: Failed to fetch
=============================
====== JS ERROR CAUGHT ======
Unhandled Promise: TypeError: Failed to fetch
=============================
====== JS ERROR CAUGHT ======
Unhandled Promise: TypeError: Failed to fetch
=============================
====== JS ERROR CAUGHT ======
Unhandled Promise: TypeError: Failed to fetch
=============================
====== JS ERROR CAUGHT ======
Unhandled Promise: TypeError: Failed to fetch
=============================
====== JS ERROR CAUGHT ======
Unhandled Promise: TypeError: Failed to fetch
=============================
====== JS ERROR CAUGHT ======
Unhandled Promise: TypeError: Failed to fetch
=============================
====== JS ERROR CAUGHT ======
Unhandled Promise: TypeError: Failed to fetch
=============================
====== JS ERROR CAUGHT ======
Unhandled Promise: TypeError: Failed to fetch
=============================
====== JS ERROR CAUGHT ======
Unhandled Promise: TypeError: Failed to fetch
=============================
====== JS ERROR CAUGHT ======
Unhandled Promise: TypeError: Failed to fetch
=============================
====== JS ERROR CAUGHT ======
Unhandled Promise: TypeError: Failed to fetch
=============================
====== JS ERROR CAUGHT ======
Unhandled Promise: TypeError: Failed to fetch
=============================
====== JS ERROR CAUGHT ======
Unhandled Promise: TypeError: Failed to fetch
=============================
====== JS ERROR CAUGHT ======
Unhandled Promise: TypeError: Failed to fetch
=============================
====== JS ERROR CAUGHT ======
Unhandled Promise: TypeError: Failed to fetch
=============================
====== JS ERROR CAUGHT ======
Unhandled Promise: TypeError: Failed to fetch
=============================
====== JS ERROR CAUGHT ======
Unhandled Promise: TypeError: Failed to fetch
=============================
====== JS ERROR CAUGHT ======
Unhandled Promise: TypeError: Failed to fetch
=============================
====== JS ERROR CAUGHT ======
Unhandled Promise: TypeError: Failed to fetch
=============================
====== JS ERROR CAUGHT ======
Unhandled Promise: TypeError: Failed to fetch
=============================
====== JS ERROR CAUGHT ======
Unhandled Promise: TypeError: Failed to fetch
=============================
====== JS ERROR CAUGHT ======
Unhandled Promise: TypeError: Failed to fetch
=============================
====== JS ERROR CAUGHT ======
Unhandled Promise: TypeError: Failed to fetch
=============================
====== JS ERROR CAUGHT ======
Unhandled Promise: TypeError: Failed to fetch
=============================
====== JS ERROR CAUGHT ======
Unhandled Promise: TypeError: Failed to fetch
=============================
====== JS ERROR CAUGHT ======
Unhandled Promise: TypeError: Failed to fetch
=============================
====== JS ERROR CAUGHT ======
Unhandled Promise: TypeError: Failed to fetch
=============================
====== JS ERROR CAUGHT ======
Unhandled Promise: TypeError: Failed to fetch
=============================
====== JS ERROR CAUGHT ======
Unhandled Promise: TypeError: Failed to fetch
=============================
====== JS ERROR CAUGHT ======
Unhandled Promise: TypeError: Failed to fetch
=============================
====== JS ERROR CAUGHT ======
Unhandled Promise: TypeError: Failed to fetch
=============================
====== JS ERROR CAUGHT ======
Unhandled Promise: TypeError: Failed to fetch
=============================
====== JS ERROR CAUGHT ======
Unhandled Promise: TypeError: Failed to fetch
=============================
====== JS ERROR CAUGHT ======
Unhandled Promise: TypeError: Failed to fetch
=============================
====== JS ERROR CAUGHT ======
Unhandled Promise: TypeError: Failed to fetch
=============================
====== JS ERROR CAUGHT ======
Unhandled Promise: TypeError: Failed to fetch
=============================
====== JS ERROR CAUGHT ======
Unhandled Promise: TypeError: Failed to fetch
=============================
====== JS ERROR CAUGHT ======
Unhandled Promise: TypeError: Failed to fetch
=============================
====== JS ERROR CAUGHT ======
Unhandled Promise: TypeError: Failed to fetch
=============================
====== JS ERROR CAUGHT ======
Unhandled Promise: TypeError: Failed to fetch
=============================
====== JS ERROR CAUGHT ======
Unhandled Promise: TypeError: Failed to fetch
=============================
====== JS ERROR CAUGHT ======
Unhandled Promise: TypeError: Failed to fetch
=============================
====== JS ERROR CAUGHT ======
Unhandled Promise: TypeError: Failed to fetch
=============================
====== JS ERROR CAUGHT ======
Unhandled Promise: TypeError: Failed to fetch
=============================
====== JS ERROR CAUGHT ======
Unhandled Promise: TypeError: Failed to fetch
=============================
====== JS ERROR CAUGHT ======
Unhandled Promise: TypeError: Failed to fetch
=============================
====== JS ERROR CAUGHT ======
Unhandled Promise: TypeError: Failed to fetch
=============================
====== JS ERROR CAUGHT ======
Unhandled Promise: TypeError: Failed to fetch
=============================
====== JS ERROR CAUGHT ======
Unhandled Promise: TypeError: Failed to fetch
=============================
====== JS ERROR CAUGHT ======
Unhandled Promise: TypeError: Failed to fetch
=============================
====== JS ERROR CAUGHT ======
Unhandled Promise: TypeError: Failed to fetch
=============================
====== JS ERROR CAUGHT ======
Unhandled Promise: TypeError: Failed to fetch
=============================
====== JS ERROR CAUGHT ======
Unhandled Promise: TypeError: Failed to fetch
=============================
====== JS ERROR CAUGHT ======
Unhandled Promise: TypeError: Failed to fetch
=============================
====== JS ERROR CAUGHT ======
Unhandled Promise: TypeError: Failed to fetch
=============================
====== JS ERROR CAUGHT ======
Unhandled Promise: TypeError: Failed to fetch
=============================
====== JS ERROR CAUGHT ======
Unhandled Promise: TypeError: Failed to fetch
=============================
====== JS ERROR CAUGHT ======
Unhandled Promise: TypeError: Failed to fetch
=============================
====== JS ERROR CAUGHT ======
Unhandled Promise: TypeError: Failed to fetch
=============================
====== JS ERROR CAUGHT ======
Unhandled Promise: TypeError: Failed to fetch
=============================
====== JS ERROR CAUGHT ======
Unhandled Promise: TypeError: Failed to fetch
=============================
====== JS ERROR CAUGHT ======
Unhandled Promise: TypeError: Failed to fetch
=============================
====== JS ERROR CAUGHT ======
Unhandled Promise: TypeError: Failed to fetch
=============================
====== JS ERROR CAUGHT ======
Unhandled Promise: TypeError: Failed to fetch
=============================
====== JS ERROR CAUGHT ======
Unhandled Promise: TypeError: Failed to fetch
=============================
====== JS ERROR CAUGHT ======
Unhandled Promise: TypeError: Failed to fetch
=============================
====== JS ERROR CAUGHT ======
Unhandled Promise: TypeError: Failed to fetch
=============================
====== JS ERROR CAUGHT ======
Unhandled Promise: TypeError: Failed to fetch
=============================
====== JS ERROR CAUGHT ======
Unhandled Promise: TypeError: Failed to fetch
=============================
====== JS ERROR CAUGHT ======
Unhandled Promise: TypeError: Failed to fetch
=============================
====== JS ERROR CAUGHT ======
Unhandled Promise: TypeError: Failed to fetch
=============================
====== JS ERROR CAUGHT ======
Unhandled Promise: TypeError: Failed to fetch
=============================
====== JS ERROR CAUGHT ======
Unhandled Promise: TypeError: Failed to fetch
=============================
====== JS ERROR CAUGHT ======
Unhandled Promise: TypeError: Failed to fetch
=============================
====== JS ERROR CAUGHT ======
Unhandled Promise: TypeError: Failed to fetch
=============================
====== JS ERROR CAUGHT ======
Unhandled Promise: TypeError: Failed to fetch
=============================
====== JS ERROR CAUGHT ======
Unhandled Promise: TypeError: Failed to fetch
=============================
====== JS ERROR CAUGHT ======
Unhandled Promise: TypeError: Failed to fetch
=============================
====== JS ERROR CAUGHT ======
Unhandled Promise: TypeError: Failed to fetch
=============================
====== JS ERROR CAUGHT ======
Unhandled Promise: TypeError: Failed to fetch
=============================
====== JS ERROR CAUGHT ======
Unhandled Promise: TypeError: Failed to fetch
=============================
====== JS ERROR CAUGHT ======
Unhandled Promise: TypeError: Failed to fetch
=============================
====== JS ERROR CAUGHT ======
Unhandled Promise: TypeError: Failed to fetch
=============================
====== JS ERROR CAUGHT ======
Unhandled Promise: TypeError: Failed to fetch
=============================
====== JS ERROR CAUGHT ======
Unhandled Promise: TypeError: Failed to fetch
=============================
====== JS ERROR CAUGHT ======
Unhandled Promise: TypeError: Failed to fetch
=============================
====== JS ERROR CAUGHT ======
Unhandled Promise: TypeError: Failed to fetch
=============================
====== JS ERROR CAUGHT ======
Unhandled Promise: TypeError: Failed to fetch
=============================
====== JS ERROR CAUGHT ======
Unhandled Promise: TypeError: Failed to fetch
=============================
====== JS ERROR CAUGHT ======
Unhandled Promise: TypeError: Failed to fetch
=============================
====== JS ERROR CAUGHT ======
Unhandled Promise: TypeError: Failed to fetch
=============================
====== JS ERROR CAUGHT ======
Unhandled Promise: TypeError: Failed to fetch
=============================
====== JS ERROR CAUGHT ======
Unhandled Promise: TypeError: Failed to fetch
=============================
====== JS ERROR CAUGHT ======
Unhandled Promise: TypeError: Failed to fetch
=============================
====== JS ERROR CAUGHT ======
Unhandled Promise: TypeError: Failed to fetch
=============================
====== JS ERROR CAUGHT ======
Unhandled Promise: TypeError: Failed to fetch
=============================
====== JS ERROR CAUGHT ======
Unhandled Promise: TypeError: Failed to fetch
=============================
====== JS ERROR CAUGHT ======
Unhandled Promise: TypeError: Failed to fetch
=============================
====== JS ERROR CAUGHT ======
Unhandled Promise: TypeError: Failed to fetch
=============================
====== JS ERROR CAUGHT ======
Unhandled Promise: TypeError: Failed to fetch
=============================
====== JS ERROR CAUGHT ======
Unhandled Promise: TypeError: Failed to fetch
=============================
====== JS ERROR CAUGHT ======
Unhandled Promise: TypeError: Failed to fetch
=============================
====== JS ERROR CAUGHT ======
Unhandled Promise: TypeError: Failed to fetch
=============================
====== JS ERROR CAUGHT ======
Unhandled Promise: TypeError: Failed to fetch
=============================
====== JS ERROR CAUGHT ======
Unhandled Promise: TypeError: Failed to fetch
=============================
====== JS ERROR CAUGHT ======
Unhandled Promise: TypeError: Failed to fetch
=============================
====== JS ERROR CAUGHT ======
Unhandled Promise: TypeError: Failed to fetch
=============================
====== JS ERROR CAUGHT ======
Unhandled Promise: TypeError: Failed to fetch
=============================
====== JS ERROR CAUGHT ======
Unhandled Promise: TypeError: Failed to fetch
=============================
====== JS ERROR CAUGHT ======
Unhandled Promise: TypeError: Failed to fetch
=============================
====== JS ERROR CAUGHT ======
Unhandled Promise: TypeError: Failed to fetch
=============================
====== JS ERROR CAUGHT ======
Unhandled Promise: TypeError: Failed to fetch
=============================
====== JS ERROR CAUGHT ======
Unhandled Promise: TypeError: Failed to fetch
=============================
====== JS ERROR CAUGHT ======
Unhandled Promise: TypeError: Failed to fetch
=============================
====== JS ERROR CAUGHT ======
Unhandled Promise: TypeError: Failed to fetch
=============================
====== JS ERROR CAUGHT ======
Unhandled Promise: TypeError: Failed to fetch
=============================
====== JS ERROR CAUGHT ======
Unhandled Promise: TypeError: Failed to fetch
=============================
====== JS ERROR CAUGHT ======
Unhandled Promise: TypeError: Failed to fetch
=============================
====== JS ERROR CAUGHT ======
Unhandled Promise: TypeError: Failed to fetch
=============================
====== JS ERROR CAUGHT ======
Unhandled Promise: TypeError: Failed to fetch
=============================
====== JS ERROR CAUGHT ======
Unhandled Promise: TypeError: Failed to fetch
=============================
====== JS ERROR CAUGHT ======
Unhandled Promise: TypeError: Failed to fetch
=============================
====== JS ERROR CAUGHT ======
Unhandled Promise: TypeError: Failed to fetch
=============================
====== JS ERROR CAUGHT ======
Unhandled Promise: TypeError: Failed to fetch
=============================
====== JS ERROR CAUGHT ======
Unhandled Promise: TypeError: Failed to fetch
=============================
====== JS ERROR CAUGHT ======
Unhandled Promise: TypeError: Failed to fetch
=============================
====== JS ERROR CAUGHT ======
Unhandled Promise: TypeError: Failed to fetch
=============================
====== JS ERROR CAUGHT ======
Unhandled Promise: TypeError: Failed to fetch
=============================
====== JS ERROR CAUGHT ======
Unhandled Promise: TypeError: Failed to fetch
=============================
====== JS ERROR CAUGHT ======
Unhandled Promise: TypeError: Failed to fetch
=============================
====== JS ERROR CAUGHT ======
Unhandled Promise: TypeError: Failed to fetch
=============================
====== JS ERROR CAUGHT ======
Unhandled Promise: TypeError: Failed to fetch
=============================
====== JS ERROR CAUGHT ======
Unhandled Promise: TypeError: Failed to fetch
=============================
====== JS ERROR CAUGHT ======
Unhandled Promise: TypeError: Failed to fetch
=============================
====== JS ERROR CAUGHT ======
Unhandled Promise: TypeError: Failed to fetch
=============================
====== JS ERROR CAUGHT ======
Unhandled Promise: TypeError: Failed to fetch
=============================
====== JS ERROR CAUGHT ======
Unhandled Promise: TypeError: Failed to fetch
=============================
====== JS ERROR CAUGHT ======
Unhandled Promise: TypeError: Failed to fetch
=============================
====== JS ERROR CAUGHT ======
Unhandled Promise: TypeError: Failed to fetch
=============================
====== JS ERROR CAUGHT ======
Unhandled Promise: TypeError: Failed to fetch
=============================
====== JS ERROR CAUGHT ======
Unhandled Promise: TypeError: Failed to fetch
=============================
====== JS ERROR CAUGHT ======
Unhandled Promise: TypeError: Failed to fetch
=============================
====== JS ERROR CAUGHT ======
Unhandled Promise: TypeError: Failed to fetch
=============================
====== JS ERROR CAUGHT ======
Unhandled Promise: TypeError: Failed to fetch
=============================
====== JS ERROR CAUGHT ======
Unhandled Promise: TypeError: Failed to fetch
=============================
====== JS ERROR CAUGHT ======
Unhandled Promise: TypeError: Failed to fetch
=============================
====== JS ERROR CAUGHT ======
Unhandled Promise: TypeError: Failed to fetch
=============================
====== JS ERROR CAUGHT ======
Unhandled Promise: TypeError: Failed to fetch
=============================
====== JS ERROR CAUGHT ======
Unhandled Promise: TypeError: Failed to fetch
=============================
====== JS ERROR CAUGHT ======
Unhandled Promise: TypeError: Failed to fetch
=============================
====== JS ERROR CAUGHT ======
Unhandled Promise: TypeError: Failed to fetch
=============================
====== JS ERROR CAUGHT ======
Unhandled Promise: TypeError: Failed to fetch
=============================
====== JS ERROR CAUGHT ======
Unhandled Promise: TypeError: Failed to fetch
=============================
====== JS ERROR CAUGHT ======
Unhandled Promise: TypeError: Failed to fetch
=============================
====== JS ERROR CAUGHT ======
Unhandled Promise: TypeError: Failed to fetch
=============================
====== JS ERROR CAUGHT ======
Unhandled Promise: TypeError: Failed to fetch
=============================
====== JS ERROR CAUGHT ======
Unhandled Promise: TypeError: Failed to fetch
=============================
====== JS ERROR CAUGHT ======
Unhandled Promise: TypeError: Failed to fetch
=============================
====== JS ERROR CAUGHT ======
Unhandled Promise: TypeError: Failed to fetch
=============================
====== JS ERROR CAUGHT ======
Unhandled Promise: TypeError: Failed to fetch
=============================
====== JS ERROR CAUGHT ======
Unhandled Promise: TypeError: Failed to fetch
=============================
====== JS ERROR CAUGHT ======
Unhandled Promise: TypeError: Failed to fetch
=============================
====== JS ERROR CAUGHT ======
Unhandled Promise: TypeError: Failed to fetch
=============================
====== JS ERROR CAUGHT ======
Unhandled Promise: TypeError: Failed to fetch
=============================
====== JS ERROR CAUGHT ======
Unhandled Promise: TypeError: Failed to fetch
=============================
====== JS ERROR CAUGHT ======
Unhandled Promise: TypeError: Failed to fetch
=============================
====== JS ERROR CAUGHT ======
Unhandled Promise: TypeError: Failed to fetch
=============================
====== JS ERROR CAUGHT ======
Unhandled Promise: TypeError: Failed to fetch
=============================
====== JS ERROR CAUGHT ======
Unhandled Promise: TypeError: Failed to fetch
=============================
====== JS ERROR CAUGHT ======
Unhandled Promise: TypeError: Failed to fetch
=============================
====== JS ERROR CAUGHT ======
Unhandled Promise: TypeError: Failed to fetch
=============================
====== JS ERROR CAUGHT ======
Unhandled Promise: TypeError: Failed to fetch
=============================
====== JS ERROR CAUGHT ======
Unhandled Promise: TypeError: Failed to fetch
=============================
====== JS ERROR CAUGHT ======
Unhandled Promise: TypeError: Failed to fetch
=============================
====== JS ERROR CAUGHT ======
Unhandled Promise: TypeError: Failed to fetch
=============================
====== JS ERROR CAUGHT ======
Unhandled Promise: TypeError: Failed to fetch
=============================
====== JS ERROR CAUGHT ======
Unhandled Promise: TypeError: Failed to fetch
=============================
====== JS ERROR CAUGHT ======
Unhandled Promise: TypeError: Failed to fetch
=============================
====== JS ERROR CAUGHT ======
Unhandled Promise: TypeError: Failed to fetch
=============================
====== JS ERROR CAUGHT ======
Unhandled Promise: TypeError: Failed to fetch
=============================
====== JS ERROR CAUGHT ======
Unhandled Promise: TypeError: Failed to fetch
=============================
====== JS ERROR CAUGHT ======
Unhandled Promise: TypeError: Failed to fetch
=============================
====== JS ERROR CAUGHT ======
Unhandled Promise: TypeError: Failed to fetch
=============================
====== JS ERROR CAUGHT ======
Unhandled Promise: TypeError: Failed to fetch
=============================
====== JS ERROR CAUGHT ======
Unhandled Promise: TypeError: Failed to fetch
=============================
====== JS ERROR CAUGHT ======
Unhandled Promise: TypeError: Failed to fetch
=============================
====== JS ERROR CAUGHT ======
Unhandled Promise: TypeError: Failed to fetch
=============================
====== JS ERROR CAUGHT ======
Unhandled Promise: TypeError: Failed to fetch
=============================
====== JS ERROR CAUGHT ======
Unhandled Promise: TypeError: Failed to fetch
=============================
====== JS ERROR CAUGHT ======
Unhandled Promise: TypeError: Failed to fetch
=============================
====== JS ERROR CAUGHT ======
Unhandled Promise: TypeError: Failed to fetch
=============================
====== JS ERROR CAUGHT ======
Unhandled Promise: TypeError: Failed to fetch
=============================
====== JS ERROR CAUGHT ======
Unhandled Promise: TypeError: Failed to fetch
=============================
====== JS ERROR CAUGHT ======
Unhandled Promise: TypeError: Failed to fetch
=============================
====== JS ERROR CAUGHT ======
Unhandled Promise: TypeError: Failed to fetch
=============================
====== JS ERROR CAUGHT ======
Unhandled Promise: TypeError: Failed to fetch
=============================
====== JS ERROR CAUGHT ======
Unhandled Promise: TypeError: Failed to fetch
=============================
====== JS ERROR CAUGHT ======
Unhandled Promise: TypeError: Failed to fetch
=============================
====== JS ERROR CAUGHT ======
Unhandled Promise: TypeError: Failed to fetch
=============================
====== JS ERROR CAUGHT ======
Unhandled Promise: TypeError: Failed to fetch
=============================
====== JS ERROR CAUGHT ======
Unhandled Promise: TypeError: Failed to fetch
=============================
====== JS ERROR CAUGHT ======
Unhandled Promise: TypeError: Failed to fetch
=============================
====== JS ERROR CAUGHT ======
Unhandled Promise: TypeError: Failed to fetch
=============================
====== JS ERROR CAUGHT ======
Unhandled Promise: TypeError: Failed to fetch
=============================
====== JS ERROR CAUGHT ======
Unhandled Promise: TypeError: Failed to fetch
=============================
====== JS ERROR CAUGHT ======
Unhandled Promise: TypeError: Failed to fetch
=============================
====== JS ERROR CAUGHT ======
Unhandled Promise: TypeError: Failed to fetch
=============================
====== JS ERROR CAUGHT ======
Unhandled Promise: TypeError: Failed to fetch
=============================
====== JS ERROR CAUGHT ======
Unhandled Promise: TypeError: Failed to fetch
=============================
====== JS ERROR CAUGHT ======
Unhandled Promise: TypeError: Failed to fetch
=============================
====== JS ERROR CAUGHT ======
Unhandled Promise: TypeError: Failed to fetch
=============================
====== JS ERROR CAUGHT ======
Unhandled Promise: TypeError: Failed to fetch
=============================
====== JS ERROR CAUGHT ======
Unhandled Promise: TypeError: Failed to fetch
=============================
====== JS ERROR CAUGHT ======
Unhandled Promise: TypeError: Failed to fetch
=============================
====== JS ERROR CAUGHT ======
Unhandled Promise: TypeError: Failed to fetch
=============================
====== JS ERROR CAUGHT ======
Unhandled Promise: TypeError: Failed to fetch
=============================
====== JS ERROR CAUGHT ======
Unhandled Promise: TypeError: Failed to fetch
=============================
====== JS ERROR CAUGHT ======
Unhandled Promise: TypeError: Failed to fetch
=============================
====== JS ERROR CAUGHT ======
Unhandled Promise: TypeError: Failed to fetch
=============================
====== JS ERROR CAUGHT ======
Unhandled Promise: TypeError: Failed to fetch
=============================
====== JS ERROR CAUGHT ======
Unhandled Promise: TypeError: Failed to fetch
=============================
====== JS ERROR CAUGHT ======
Unhandled Promise: TypeError: Failed to fetch
=============================
====== JS ERROR CAUGHT ======
Unhandled Promise: TypeError: Failed to fetch
=============================
====== JS ERROR CAUGHT ======
Unhandled Promise: TypeError: Failed to fetch
=============================
====== JS ERROR CAUGHT ======
Unhandled Promise: TypeError: Failed to fetch
=============================
====== JS ERROR CAUGHT ======
Unhandled Promise: TypeError: Failed to fetch
=============================
====== JS ERROR CAUGHT ======
Unhandled Promise: TypeError: Failed to fetch
=============================
====== JS ERROR CAUGHT ======
Unhandled Promise: TypeError: Failed to fetch
=============================
====== JS ERROR CAUGHT ======
Unhandled Promise: TypeError: Failed to fetch
=============================
====== JS ERROR CAUGHT ======
Unhandled Promise: TypeError: Failed to fetch
=============================
====== JS ERROR CAUGHT ======
Unhandled Promise: TypeError: Failed to fetch
=============================
====== JS ERROR CAUGHT ======
Unhandled Promise: TypeError: Failed to fetch
=============================
====== JS ERROR CAUGHT ======
Unhandled Promise: TypeError: Failed to fetch
=============================
====== JS ERROR CAUGHT ======
Unhandled Promise: TypeError: Failed to fetch
=============================
====== JS ERROR CAUGHT ======
Unhandled Promise: TypeError: Failed to fetch
=============================
====== JS ERROR CAUGHT ======
Unhandled Promise: TypeError: Failed to fetch
=============================
====== JS ERROR CAUGHT ======
Unhandled Promise: TypeError: Failed to fetch
=============================
====== JS ERROR CAUGHT ======
Unhandled Promise: TypeError: Failed to fetch
=============================
====== JS ERROR CAUGHT ======
Unhandled Promise: TypeError: Failed to fetch
=============================
====== JS ERROR CAUGHT ======
Unhandled Promise: TypeError: Failed to fetch
=============================
====== JS ERROR CAUGHT ======
Unhandled Promise: TypeError: Failed to fetch
=============================
====== JS ERROR CAUGHT ======
Unhandled Promise: TypeError: Failed to fetch
=============================
====== JS ERROR CAUGHT ======
Unhandled Promise: TypeError: Failed to fetch
=============================
====== JS ERROR CAUGHT ======
Unhandled Promise: TypeError: Failed to fetch
=============================
====== JS ERROR CAUGHT ======
Unhandled Promise: TypeError: Failed to fetch
=============================
====== JS ERROR CAUGHT ======
Unhandled Promise: TypeError: Failed to fetch
=============================
====== JS ERROR CAUGHT ======
Unhandled Promise: TypeError: Failed to fetch
=============================
====== JS ERROR CAUGHT ======
Unhandled Promise: TypeError: Failed to fetch
=============================
====== JS ERROR CAUGHT ======
Unhandled Promise: TypeError: Failed to fetch
=============================
====== JS ERROR CAUGHT ======
Unhandled Promise: TypeError: Failed to fetch
=============================
====== JS ERROR CAUGHT ======
Unhandled Promise: TypeError: Failed to fetch
=============================
====== JS ERROR CAUGHT ======
Unhandled Promise: TypeError: Failed to fetch
=============================
====== JS ERROR CAUGHT ======
Unhandled Promise: TypeError: Failed to fetch
=============================
====== JS ERROR CAUGHT ======
Unhandled Promise: TypeError: Failed to fetch
=============================
====== JS ERROR CAUGHT ======
Unhandled Promise: TypeError: Failed to fetch
=============================
====== JS ERROR CAUGHT ======
Unhandled Promise: TypeError: Failed to fetch
=============================
====== JS ERROR CAUGHT ======
Unhandled Promise: TypeError: Failed to fetch
=============================
====== JS ERROR CAUGHT ======
Unhandled Promise: TypeError: Failed to fetch
=============================
====== JS ERROR CAUGHT ======
Unhandled Promise: TypeError: Failed to fetch
=============================
====== JS ERROR CAUGHT ======
Unhandled Promise: TypeError: Failed to fetch
=============================
====== JS ERROR CAUGHT ======
Unhandled Promise: TypeError: Failed to fetch
=============================
====== JS ERROR CAUGHT ======
Unhandled Promise: TypeError: Failed to fetch
=============================
====== JS ERROR CAUGHT ======
Unhandled Promise: TypeError: Failed to fetch
=============================
====== JS ERROR CAUGHT ======
Unhandled Promise: TypeError: Failed to fetch
=============================
====== JS ERROR CAUGHT ======
Unhandled Promise: TypeError: Failed to fetch
=============================
====== JS ERROR CAUGHT ======
Unhandled Promise: TypeError: Failed to fetch
=============================
====== JS ERROR CAUGHT ======
Unhandled Promise: TypeError: Failed to fetch
=============================
====== JS ERROR CAUGHT ======
Unhandled Promise: TypeError: Failed to fetch
=============================
====== JS ERROR CAUGHT ======
Unhandled Promise: TypeError: Failed to fetch
=============================
====== JS ERROR CAUGHT ======
Unhandled Promise: TypeError: Failed to fetch
=============================
====== JS ERROR CAUGHT ======
Unhandled Promise: TypeError: Failed to fetch
=============================
====== JS ERROR CAUGHT ======
Unhandled Promise: TypeError: Failed to fetch
=============================
====== JS ERROR CAUGHT ======
Unhandled Promise: TypeError: Failed to fetch
=============================
====== JS ERROR CAUGHT ======
Unhandled Promise: TypeError: Failed to fetch
=============================
====== JS ERROR CAUGHT ======
Unhandled Promise: TypeError: Failed to fetch
=============================
====== JS ERROR CAUGHT ======
Unhandled Promise: TypeError: Failed to fetch
=============================
====== JS ERROR CAUGHT ======
Unhandled Promise: TypeError: Failed to fetch
=============================
====== JS ERROR CAUGHT ======
Unhandled Promise: TypeError: Failed to fetch
=============================
====== JS ERROR CAUGHT ======
Unhandled Promise: TypeError: Failed to fetch
=============================
====== JS ERROR CAUGHT ======
Unhandled Promise: TypeError: Failed to fetch
=============================
====== JS ERROR CAUGHT ======
Unhandled Promise: TypeError: Failed to fetch
=============================
====== JS ERROR CAUGHT ======
Unhandled Promise: TypeError: Failed to fetch
=============================
====== JS ERROR CAUGHT ======
Unhandled Promise: TypeError: Failed to fetch
=============================
====== JS ERROR CAUGHT ======
Unhandled Promise: TypeError: Failed to fetch
=============================
====== JS ERROR CAUGHT ======
Unhandled Promise: TypeError: Failed to fetch
=============================
====== JS ERROR CAUGHT ======
Unhandled Promise: TypeError: Failed to fetch
=============================
====== JS ERROR CAUGHT ======
Unhandled Promise: TypeError: Failed to fetch
=============================
====== JS ERROR CAUGHT ======
Unhandled Promise: TypeError: Failed to fetch
=============================
====== JS ERROR CAUGHT ======
Unhandled Promise: TypeError: Failed to fetch
=============================
====== JS ERROR CAUGHT ======
Unhandled Promise: TypeError: Failed to fetch
=============================
====== JS ERROR CAUGHT ======
Unhandled Promise: TypeError: Failed to fetch
=============================
====== JS ERROR CAUGHT ======
Unhandled Promise: TypeError: Failed to fetch
=============================
====== JS ERROR CAUGHT ======
Unhandled Promise: TypeError: Failed to fetch
=============================
====== JS ERROR CAUGHT ======
Unhandled Promise: TypeError: Failed to fetch
=============================
====== JS ERROR CAUGHT ======
Unhandled Promise: TypeError: Failed to fetch
=============================
====== JS ERROR CAUGHT ======
Unhandled Promise: TypeError: Failed to fetch
=============================
====== JS ERROR CAUGHT ======
Unhandled Promise: TypeError: Failed to fetch
=============================
====== JS ERROR CAUGHT ======
Unhandled Promise: TypeError: Failed to fetch
=============================
====== JS ERROR CAUGHT ======
Unhandled Promise: TypeError: Failed to fetch
=============================
====== JS ERROR CAUGHT ======
Unhandled Promise: TypeError: Failed to fetch
=============================
====== JS ERROR CAUGHT ======
Unhandled Promise: TypeError: Failed to fetch
=============================
====== JS ERROR CAUGHT ======
Unhandled Promise: TypeError: Failed to fetch
=============================
====== JS ERROR CAUGHT ======
Unhandled Promise: TypeError: Failed to fetch
=============================
====== JS ERROR CAUGHT ======
Unhandled Promise: TypeError: Failed to fetch
=============================
====== JS ERROR CAUGHT ======
Unhandled Promise: TypeError: Failed to fetch
=============================
====== JS ERROR CAUGHT ======
Unhandled Promise: TypeError: Failed to fetch
=============================
====== JS ERROR CAUGHT ======
Unhandled Promise: TypeError: Failed to fetch
=============================
====== JS ERROR CAUGHT ======
Unhandled Promise: TypeError: Failed to fetch
=============================
====== JS ERROR CAUGHT ======
Unhandled Promise: TypeError: Failed to fetch
=============================
====== JS ERROR CAUGHT ======
Unhandled Promise: TypeError: Failed to fetch
=============================
====== JS ERROR CAUGHT ======
Unhandled Promise: TypeError: Failed to fetch
=============================
====== JS ERROR CAUGHT ======
Unhandled Promise: TypeError: Failed to fetch
=============================
====== JS ERROR CAUGHT ======
Unhandled Promise: TypeError: Failed to fetch
=============================
====== JS ERROR CAUGHT ======
Unhandled Promise: TypeError: Failed to fetch
=============================
====== JS ERROR CAUGHT ======
Unhandled Promise: TypeError: Failed to fetch
=============================
====== JS ERROR CAUGHT ======
Unhandled Promise: TypeError: Failed to fetch
=============================
====== JS ERROR CAUGHT ======
Unhandled Promise: TypeError: Failed to fetch
=============================
====== JS ERROR CAUGHT ======
Unhandled Promise: TypeError: Failed to fetch
=============================
====== JS ERROR CAUGHT ======
Unhandled Promise: TypeError: Failed to fetch
=============================
====== JS ERROR CAUGHT ======
Unhandled Promise: TypeError: Failed to fetch
=============================
====== JS ERROR CAUGHT ======
Unhandled Promise: TypeError: Failed to fetch
=============================
====== JS ERROR CAUGHT ======
Unhandled Promise: TypeError: Failed to fetch
=============================
====== JS ERROR CAUGHT ======
Unhandled Promise: TypeError: Failed to fetch
=============================
====== JS ERROR CAUGHT ======
Unhandled Promise: TypeError: Failed to fetch
=============================
====== JS ERROR CAUGHT ======
Unhandled Promise: TypeError: Failed to fetch
=============================
====== JS ERROR CAUGHT ======
Unhandled Promise: TypeError: Failed to fetch
=============================
====== JS ERROR CAUGHT ======
Unhandled Promise: TypeError: Failed to fetch
=============================
====== JS ERROR CAUGHT ======
Unhandled Promise: TypeError: Failed to fetch
=============================
====== JS ERROR CAUGHT ======
Unhandled Promise: TypeError: Failed to fetch
=============================
====== JS ERROR CAUGHT ======
Unhandled Promise: TypeError: Failed to fetch
=============================
====== JS ERROR CAUGHT ======
Unhandled Promise: TypeError: Failed to fetch
=============================
====== JS ERROR CAUGHT ======
Unhandled Promise: TypeError: Failed to fetch
=============================
====== JS ERROR CAUGHT ======
Unhandled Promise: TypeError: Failed to fetch
=============================
====== JS ERROR CAUGHT ======
Unhandled Promise: TypeError: Failed to fetch
=============================
====== JS ERROR CAUGHT ======
Unhandled Promise: TypeError: Failed to fetch
=============================
====== JS ERROR CAUGHT ======
Unhandled Promise: TypeError: Failed to fetch
=============================
====== JS ERROR CAUGHT ======
Unhandled Promise: TypeError: Failed to fetch
=============================
====== JS ERROR CAUGHT ======
Unhandled Promise: TypeError: Failed to fetch
=============================
====== JS ERROR CAUGHT ======
Unhandled Promise: TypeError: Failed to fetch
=============================
====== JS ERROR CAUGHT ======
Unhandled Promise: TypeError: Failed to fetch
=============================
====== JS ERROR CAUGHT ======
Unhandled Promise: TypeError: Failed to fetch
=============================
====== JS ERROR CAUGHT ======
Unhandled Promise: TypeError: Failed to fetch
=============================
====== JS ERROR CAUGHT ======
Unhandled Promise: TypeError: Failed to fetch
=============================
====== JS ERROR CAUGHT ======
Unhandled Promise: TypeError: Failed to fetch
=============================
====== JS ERROR CAUGHT ======
Unhandled Promise: TypeError: Failed to fetch
=============================
====== JS ERROR CAUGHT ======
Unhandled Promise: TypeError: Failed to fetch
=============================
====== JS ERROR CAUGHT ======
Unhandled Promise: TypeError: Failed to fetch
=============================
====== JS ERROR CAUGHT ======
Unhandled Promise: TypeError: Failed to fetch
=============================
====== JS ERROR CAUGHT ======
Unhandled Promise: TypeError: Failed to fetch
=============================
====== JS ERROR CAUGHT ======
Unhandled Promise: TypeError: Failed to fetch
=============================
====== JS ERROR CAUGHT ======
Unhandled Promise: TypeError: Failed to fetch
=============================
====== JS ERROR CAUGHT ======
Unhandled Promise: TypeError: Failed to fetch
=============================
====== JS ERROR CAUGHT ======
Unhandled Promise: TypeError: Failed to fetch
=============================
====== JS ERROR CAUGHT ======
Unhandled Promise: TypeError: Failed to fetch
=============================
====== JS ERROR CAUGHT ======
Unhandled Promise: TypeError: Failed to fetch
=============================
====== JS ERROR CAUGHT ======
Unhandled Promise: TypeError: Failed to fetch
=============================
====== JS ERROR CAUGHT ======
Unhandled Promise: TypeError: Failed to fetch
=============================
====== JS ERROR CAUGHT ======
Unhandled Promise: TypeError: Failed to fetch
=============================
====== JS ERROR CAUGHT ======
Unhandled Promise: TypeError: Failed to fetch
=============================
====== JS ERROR CAUGHT ======
Unhandled Promise: TypeError: Failed to fetch
=============================
====== JS ERROR CAUGHT ======
Unhandled Promise: TypeError: Failed to fetch
=============================
====== JS ERROR CAUGHT ======
Unhandled Promise: TypeError: Failed to fetch
=============================
====== JS ERROR CAUGHT ======
Unhandled Promise: TypeError: Failed to fetch
=============================
====== JS ERROR CAUGHT ======
Unhandled Promise: TypeError: Failed to fetch
=============================
====== JS ERROR CAUGHT ======
Unhandled Promise: TypeError: Failed to fetch
=============================
====== JS ERROR CAUGHT ======
Unhandled Promise: TypeError: Failed to fetch
=============================
====== JS ERROR CAUGHT ======
Unhandled Promise: TypeError: Failed to fetch
=============================
====== JS ERROR CAUGHT ======
Unhandled Promise: TypeError: Failed to fetch
=============================
====== JS ERROR CAUGHT ======
Unhandled Promise: TypeError: Failed to fetch
=============================
====== JS ERROR CAUGHT ======
Unhandled Promise: TypeError: Failed to fetch
=============================
====== JS ERROR CAUGHT ======
Unhandled Promise: TypeError: Failed to fetch
=============================
====== JS ERROR CAUGHT ======
Unhandled Promise: TypeError: Failed to fetch
=============================
====== JS ERROR CAUGHT ======
Unhandled Promise: TypeError: Failed to fetch
=============================
====== JS ERROR CAUGHT ======
Unhandled Promise: TypeError: Failed to fetch
=============================
====== JS ERROR CAUGHT ======
Unhandled Promise: TypeError: Failed to fetch
=============================
====== JS ERROR CAUGHT ======
Unhandled Promise: TypeError: Failed to fetch
=============================
====== JS ERROR CAUGHT ======
Unhandled Promise: TypeError: Failed to fetch
=============================
====== JS ERROR CAUGHT ======
Unhandled Promise: TypeError: Failed to fetch
=============================
====== JS ERROR CAUGHT ======
Unhandled Promise: TypeError: Failed to fetch
=============================
====== JS ERROR CAUGHT ======
Unhandled Promise: TypeError: Failed to fetch
=============================
====== JS ERROR CAUGHT ======
Unhandled Promise: TypeError: Failed to fetch
=============================
====== JS ERROR CAUGHT ======
Unhandled Promise: TypeError: Failed to fetch
=============================
====== JS ERROR CAUGHT ======
Unhandled Promise: TypeError: Failed to fetch
=============================
====== JS ERROR CAUGHT ======
Unhandled Promise: TypeError: Failed to fetch
=============================
====== JS ERROR CAUGHT ======
Unhandled Promise: TypeError: Failed to fetch
=============================
====== JS ERROR CAUGHT ======
Unhandled Promise: TypeError: Failed to fetch
=============================
====== JS ERROR CAUGHT ======
Unhandled Promise: TypeError: Failed to fetch
=============================
====== JS ERROR CAUGHT ======
Unhandled Promise: TypeError: Failed to fetch
=============================
====== JS ERROR CAUGHT ======
Unhandled Promise: TypeError: Failed to fetch
=============================
====== JS ERROR CAUGHT ======
Unhandled Promise: TypeError: Failed to fetch
=============================
====== JS ERROR CAUGHT ======
Unhandled Promise: TypeError: Failed to fetch
=============================
====== JS ERROR CAUGHT ======
Unhandled Promise: TypeError: Failed to fetch
=============================
====== JS ERROR CAUGHT ======
Unhandled Promise: TypeError: Failed to fetch
=============================
====== JS ERROR CAUGHT ======
Unhandled Promise: TypeError: Failed to fetch
=============================
====== JS ERROR CAUGHT ======
Unhandled Promise: TypeError: Failed to fetch
=============================
====== JS ERROR CAUGHT ======
Unhandled Promise: TypeError: Failed to fetch
=============================
====== JS ERROR CAUGHT ======
Unhandled Promise: TypeError: Failed to fetch
=============================
====== JS ERROR CAUGHT ======
Unhandled Promise: TypeError: Failed to fetch
=============================
====== JS ERROR CAUGHT ======
Unhandled Promise: TypeError: Failed to fetch
=============================
====== JS ERROR CAUGHT ======
Unhandled Promise: TypeError: Failed to fetch
=============================
====== JS ERROR CAUGHT ======
Unhandled Promise: TypeError: Failed to fetch
=============================
====== JS ERROR CAUGHT ======
Unhandled Promise: TypeError: Failed to fetch
=============================
====== JS ERROR CAUGHT ======
Unhandled Promise: TypeError: Failed to fetch
=============================
====== JS ERROR CAUGHT ======
Unhandled Promise: TypeError: Failed to fetch
=============================
====== JS ERROR CAUGHT ======
Unhandled Promise: TypeError: Failed to fetch
=============================
====== JS ERROR CAUGHT ======
Unhandled Promise: TypeError: Failed to fetch
=============================
====== JS ERROR CAUGHT ======
Unhandled Promise: TypeError: Failed to fetch
=============================
====== JS ERROR CAUGHT ======
Unhandled Promise: TypeError: Failed to fetch
=============================
====== JS ERROR CAUGHT ======
Unhandled Promise: TypeError: Failed to fetch
=============================
====== JS ERROR CAUGHT ======
Unhandled Promise: TypeError: Failed to fetch
=============================
====== JS ERROR CAUGHT ======
Unhandled Promise: TypeError: Failed to fetch
=============================
====== JS ERROR CAUGHT ======
Unhandled Promise: TypeError: Failed to fetch
=============================
====== JS ERROR CAUGHT ======
Unhandled Promise: TypeError: Failed to fetch
=============================
====== JS ERROR CAUGHT ======
Unhandled Promise: TypeError: Failed to fetch
=============================
====== JS ERROR CAUGHT ======
Unhandled Promise: TypeError: Failed to fetch
=============================
====== JS ERROR CAUGHT ======
Unhandled Promise: TypeError: Failed to fetch
=============================
====== JS ERROR CAUGHT ======
Unhandled Promise: TypeError: Failed to fetch
=============================
====== JS ERROR CAUGHT ======
Unhandled Promise: TypeError: Failed to fetch
=============================
====== JS ERROR CAUGHT ======
Unhandled Promise: TypeError: Failed to fetch
=============================
====== JS ERROR CAUGHT ======
Unhandled Promise: TypeError: Failed to fetch
=============================
====== JS ERROR CAUGHT ======
Unhandled Promise: TypeError: Failed to fetch
=============================
====== JS ERROR CAUGHT ======
Unhandled Promise: TypeError: Failed to fetch
=============================
====== JS ERROR CAUGHT ======
Unhandled Promise: TypeError: Failed to fetch
=============================
====== JS ERROR CAUGHT ======
Unhandled Promise: TypeError: Failed to fetch
=============================
====== JS ERROR CAUGHT ======
Unhandled Promise: TypeError: Failed to fetch
=============================
====== JS ERROR CAUGHT ======
Unhandled Promise: TypeError: Failed to fetch
=============================
====== JS ERROR CAUGHT ======
Unhandled Promise: TypeError: Failed to fetch
=============================
====== JS ERROR CAUGHT ======
Unhandled Promise: TypeError: Failed to fetch
=============================
====== JS ERROR CAUGHT ======
Unhandled Promise: TypeError: Failed to fetch
=============================
====== JS ERROR CAUGHT ======
Unhandled Promise: TypeError: Failed to fetch
=============================
====== JS ERROR CAUGHT ======
Unhandled Promise: TypeError: Failed to fetch
=============================
====== JS ERROR CAUGHT ======
Unhandled Promise: TypeError: Failed to fetch
=============================
====== JS ERROR CAUGHT ======
Unhandled Promise: TypeError: Failed to fetch
=============================
====== JS ERROR CAUGHT ======
Unhandled Promise: TypeError: Failed to fetch
=============================
====== JS ERROR CAUGHT ======
Unhandled Promise: TypeError: Failed to fetch
=============================
====== JS ERROR CAUGHT ======
Unhandled Promise: TypeError: Failed to fetch
=============================
====== JS ERROR CAUGHT ======
Unhandled Promise: TypeError: Failed to fetch
=============================
====== JS ERROR CAUGHT ======
Unhandled Promise: TypeError: Failed to fetch
=============================
====== JS ERROR CAUGHT ======
Unhandled Promise: TypeError: Failed to fetch
=============================
====== JS ERROR CAUGHT ======
Unhandled Promise: TypeError: Failed to fetch
=============================
====== JS ERROR CAUGHT ======
Unhandled Promise: TypeError: Failed to fetch
=============================
====== JS ERROR CAUGHT ======
Unhandled Promise: TypeError: Failed to fetch
=============================
====== JS ERROR CAUGHT ======
Unhandled Promise: TypeError: Failed to fetch
=============================
====== JS ERROR CAUGHT ======
Unhandled Promise: TypeError: Failed to fetch
=============================
====== JS ERROR CAUGHT ======
Unhandled Promise: TypeError: Failed to fetch
=============================
====== JS ERROR CAUGHT ======
Unhandled Promise: TypeError: Failed to fetch
=============================
====== JS ERROR CAUGHT ======
Unhandled Promise: TypeError: Failed to fetch
=============================
====== JS ERROR CAUGHT ======
Unhandled Promise: TypeError: Failed to fetch
=============================
====== JS ERROR CAUGHT ======
Unhandled Promise: TypeError: Failed to fetch
=============================
====== JS ERROR CAUGHT ======
Unhandled Promise: TypeError: Failed to fetch
=============================
====== JS ERROR CAUGHT ======
Unhandled Promise: TypeError: Failed to fetch
=============================
====== JS ERROR CAUGHT ======
Unhandled Promise: TypeError: Failed to fetch
=============================
====== JS ERROR CAUGHT ======
Unhandled Promise: TypeError: Failed to fetch
=============================
====== JS ERROR CAUGHT ======
Unhandled Promise: TypeError: Failed to fetch
=============================
====== JS ERROR CAUGHT ======
Unhandled Promise: TypeError: Failed to fetch
=============================
====== JS ERROR CAUGHT ======
Unhandled Promise: TypeError: Failed to fetch
=============================
====== JS ERROR CAUGHT ======
Unhandled Promise: TypeError: Failed to fetch
=============================
====== JS ERROR CAUGHT ======
Unhandled Promise: TypeError: Failed to fetch
=============================
====== JS ERROR CAUGHT ======
Unhandled Promise: TypeError: Failed to fetch
=============================
====== JS ERROR CAUGHT ======
Unhandled Promise: TypeError: Failed to fetch
=============================
====== JS ERROR CAUGHT ======
Unhandled Promise: TypeError: Failed to fetch
=============================
====== JS ERROR CAUGHT ======
Unhandled Promise: TypeError: Failed to fetch
=============================
====== JS ERROR CAUGHT ======
Unhandled Promise: TypeError: Failed to fetch
=============================
====== JS ERROR CAUGHT ======
Unhandled Promise: TypeError: Failed to fetch
=============================
====== JS ERROR CAUGHT ======
Unhandled Promise: TypeError: Failed to fetch
=============================
====== JS ERROR CAUGHT ======
Unhandled Promise: TypeError: Failed to fetch
=============================
====== JS ERROR CAUGHT ======
Unhandled Promise: TypeError: Failed to fetch
=============================
====== JS ERROR CAUGHT ======
Unhandled Promise: TypeError: Failed to fetch
=============================
====== JS ERROR CAUGHT ======
Unhandled Promise: TypeError: Failed to fetch
=============================
====== JS ERROR CAUGHT ======
Unhandled Promise: TypeError: Failed to fetch
=============================
====== JS ERROR CAUGHT ======
Unhandled Promise: TypeError: Failed to fetch
=============================
====== JS ERROR CAUGHT ======
Unhandled Promise: TypeError: Failed to fetch
=============================
====== JS ERROR CAUGHT ======
Unhandled Promise: TypeError: Failed to fetch
=============================
====== JS ERROR CAUGHT ======
Unhandled Promise: TypeError: Failed to fetch
=============================
====== JS ERROR CAUGHT ======
Unhandled Promise: TypeError: Failed to fetch
=============================
====== JS ERROR CAUGHT ======
Unhandled Promise: TypeError: Failed to fetch
=============================
====== JS ERROR CAUGHT ======
Unhandled Promise: TypeError: Failed to fetch
=============================
====== JS ERROR CAUGHT ======
Unhandled Promise: TypeError: Failed to fetch
=============================
====== JS ERROR CAUGHT ======
Unhandled Promise: TypeError: Failed to fetch
=============================
====== JS ERROR CAUGHT ======
Unhandled Promise: TypeError: Failed to fetch
=============================
====== JS ERROR CAUGHT ======
Unhandled Promise: TypeError: Failed to fetch
=============================
====== JS ERROR CAUGHT ======
Unhandled Promise: TypeError: Failed to fetch
=============================
====== JS ERROR CAUGHT ======
Unhandled Promise: TypeError: Failed to fetch
=============================
====== JS ERROR CAUGHT ======
Unhandled Promise: TypeError: Failed to fetch
=============================
====== JS ERROR CAUGHT ======
Unhandled Promise: TypeError: Failed to fetch
=============================
====== JS ERROR CAUGHT ======
Unhandled Promise: TypeError: Failed to fetch
=============================
====== JS ERROR CAUGHT ======
Unhandled Promise: TypeError: Failed to fetch
=============================
====== JS ERROR CAUGHT ======
Unhandled Promise: TypeError: Failed to fetch
=============================
====== JS ERROR CAUGHT ======
Unhandled Promise: TypeError: Failed to fetch
=============================
====== JS ERROR CAUGHT ======
Unhandled Promise: TypeError: Failed to fetch
=============================
====== JS ERROR CAUGHT ======
Unhandled Promise: TypeError: Failed to fetch
=============================
====== JS ERROR CAUGHT ======
Unhandled Promise: TypeError: Failed to fetch
=============================
====== JS ERROR CAUGHT ======
Unhandled Promise: TypeError: Failed to fetch
=============================
====== JS ERROR CAUGHT ======
Unhandled Promise: TypeError: Failed to fetch
=============================
====== JS ERROR CAUGHT ======
Unhandled Promise: TypeError: Failed to fetch
=============================
====== JS ERROR CAUGHT ======
Unhandled Promise: TypeError: Failed to fetch
=============================
====== JS ERROR CAUGHT ======
Unhandled Promise: TypeError: Failed to fetch
=============================
====== JS ERROR CAUGHT ======
Unhandled Promise: TypeError: Failed to fetch
=============================
====== JS ERROR CAUGHT ======
Unhandled Promise: TypeError: Failed to fetch
=============================
====== JS ERROR CAUGHT ======
Unhandled Promise: TypeError: Failed to fetch
=============================
====== JS ERROR CAUGHT ======
Unhandled Promise: TypeError: Failed to fetch
=============================
====== JS ERROR CAUGHT ======
Unhandled Promise: TypeError: Failed to fetch
=============================
====== JS ERROR CAUGHT ======
Unhandled Promise: TypeError: Failed to fetch
=============================
====== JS ERROR CAUGHT ======
Unhandled Promise: TypeError: Failed to fetch
=============================
====== JS ERROR CAUGHT ======
Unhandled Promise: TypeError: Failed to fetch
=============================
====== JS ERROR CAUGHT ======
Unhandled Promise: TypeError: Failed to fetch
=============================
====== JS ERROR CAUGHT ======
Unhandled Promise: TypeError: Failed to fetch
=============================
====== JS ERROR CAUGHT ======
Unhandled Promise: TypeError: Failed to fetch
=============================
====== JS ERROR CAUGHT ======
Unhandled Promise: TypeError: Failed to fetch
=============================
====== JS ERROR CAUGHT ======
Unhandled Promise: TypeError: Failed to fetch
=============================
====== JS ERROR CAUGHT ======
Unhandled Promise: TypeError: Failed to fetch
=============================
====== JS ERROR CAUGHT ======
Unhandled Promise: TypeError: Failed to fetch
=============================
====== JS ERROR CAUGHT ======
Unhandled Promise: TypeError: Failed to fetch
=============================
====== JS ERROR CAUGHT ======
Unhandled Promise: TypeError: Failed to fetch
=============================
====== JS ERROR CAUGHT ======
Unhandled Promise: TypeError: Failed to fetch
=============================
====== JS ERROR CAUGHT ======
Unhandled Promise: TypeError: Failed to fetch
=============================
====== JS ERROR CAUGHT ======
Unhandled Promise: TypeError: Failed to fetch
=============================
====== JS ERROR CAUGHT ======
Unhandled Promise: TypeError: Failed to fetch
=============================
====== JS ERROR CAUGHT ======
Unhandled Promise: TypeError: Failed to fetch
=============================
====== JS ERROR CAUGHT ======
Unhandled Promise: TypeError: Failed to fetch
=============================
====== JS ERROR CAUGHT ======
Unhandled Promise: TypeError: Failed to fetch
=============================
====== JS ERROR CAUGHT ======
Unhandled Promise: TypeError: Failed to fetch
=============================
====== JS ERROR CAUGHT ======
Unhandled Promise: TypeError: Failed to fetch
=============================
====== JS ERROR CAUGHT ======
Unhandled Promise: TypeError: Failed to fetch
=============================
====== JS ERROR CAUGHT ======
Unhandled Promise: TypeError: Failed to fetch
=============================
====== JS ERROR CAUGHT ======
Unhandled Promise: TypeError: Failed to fetch
=============================
====== JS ERROR CAUGHT ======
Unhandled Promise: TypeError: Failed to fetch
=============================
====== JS ERROR CAUGHT ======
Unhandled Promise: TypeError: Failed to fetch
=============================
====== JS ERROR CAUGHT ======
Unhandled Promise: TypeError: Failed to fetch
=============================
====== JS ERROR CAUGHT ======
Unhandled Promise: TypeError: Failed to fetch
=============================
====== JS ERROR CAUGHT ======
Unhandled Promise: TypeError: Failed to fetch
=============================
====== JS ERROR CAUGHT ======
Unhandled Promise: TypeError: Failed to fetch
=============================
====== JS ERROR CAUGHT ======
Unhandled Promise: TypeError: Failed to fetch
=============================
====== JS ERROR CAUGHT ======
Unhandled Promise: TypeError: Failed to fetch
=============================
====== JS ERROR CAUGHT ======
Unhandled Promise: TypeError: Failed to fetch
=============================
====== JS ERROR CAUGHT ======
Unhandled Promise: TypeError: Failed to fetch
=============================
====== JS ERROR CAUGHT ======
Unhandled Promise: TypeError: Failed to fetch
=============================
====== JS ERROR CAUGHT ======
Unhandled Promise: TypeError: Failed to fetch
=============================
====== JS ERROR CAUGHT ======
Unhandled Promise: TypeError: Failed to fetch
=============================
====== JS ERROR CAUGHT ======
Unhandled Promise: TypeError: Failed to fetch
=============================
====== JS ERROR CAUGHT ======
Unhandled Promise: TypeError: Failed to fetch
=============================
====== JS ERROR CAUGHT ======
Unhandled Promise: TypeError: Failed to fetch
=============================
====== JS ERROR CAUGHT ======
Unhandled Promise: TypeError: Failed to fetch
=============================
====== JS ERROR CAUGHT ======
Unhandled Promise: TypeError: Failed to fetch
=============================
====== JS ERROR CAUGHT ======
Unhandled Promise: TypeError: Failed to fetch
=============================
====== JS ERROR CAUGHT ======
Unhandled Promise: TypeError: Failed to fetch
=============================
====== JS ERROR CAUGHT ======
Unhandled Promise: TypeError: Failed to fetch
=============================
====== JS ERROR CAUGHT ======
Unhandled Promise: TypeError: Failed to fetch
=============================
====== JS ERROR CAUGHT ======
Unhandled Promise: TypeError: Failed to fetch
=============================
====== JS ERROR CAUGHT ======
Unhandled Promise: TypeError: Failed to fetch
=============================
====== JS ERROR CAUGHT ======
Unhandled Promise: TypeError: Failed to fetch
=============================
====== JS ERROR CAUGHT ======
Unhandled Promise: TypeError: Failed to fetch
=============================
====== JS ERROR CAUGHT ======
Unhandled Promise: TypeError: Failed to fetch
=============================
====== JS ERROR CAUGHT ======
Unhandled Promise: TypeError: Failed to fetch
=============================
====== JS ERROR CAUGHT ======
Unhandled Promise: TypeError: Failed to fetch
=============================
====== JS ERROR CAUGHT ======
Unhandled Promise: TypeError: Failed to fetch
=============================
====== JS ERROR CAUGHT ======
Unhandled Promise: TypeError: Failed to fetch
=============================
====== JS ERROR CAUGHT ======
Unhandled Promise: TypeError: Failed to fetch
=============================
====== JS ERROR CAUGHT ======
Unhandled Promise: TypeError: Failed to fetch
=============================
====== JS ERROR CAUGHT ======
Unhandled Promise: TypeError: Failed to fetch
=============================
====== JS ERROR CAUGHT ======
Unhandled Promise: TypeError: Failed to fetch
=============================
====== JS ERROR CAUGHT ======
Unhandled Promise: TypeError: Failed to fetch
=============================
====== JS ERROR CAUGHT ======
Unhandled Promise: TypeError: Failed to fetch
=============================
====== JS ERROR CAUGHT ======
Unhandled Promise: TypeError: Failed to fetch
=============================
====== JS ERROR CAUGHT ======
Unhandled Promise: TypeError: Failed to fetch
=============================
====== JS ERROR CAUGHT ======
Unhandled Promise: TypeError: Failed to fetch
=============================
====== JS ERROR CAUGHT ======
Unhandled Promise: TypeError: Failed to fetch
=============================
====== JS ERROR CAUGHT ======
Unhandled Promise: TypeError: Failed to fetch
=============================
====== JS ERROR CAUGHT ======
Unhandled Promise: TypeError: Failed to fetch
=============================
====== JS ERROR CAUGHT ======
Unhandled Promise: TypeError: Failed to fetch
=============================
====== JS ERROR CAUGHT ======
Unhandled Promise: TypeError: Failed to fetch
=============================
====== JS ERROR CAUGHT ======
Unhandled Promise: TypeError: Failed to fetch
=============================
====== JS ERROR CAUGHT ======
Unhandled Promise: TypeError: Failed to fetch
=============================
====== JS ERROR CAUGHT ======
Unhandled Promise: TypeError: Failed to fetch
=============================
====== JS ERROR CAUGHT ======
Unhandled Promise: TypeError: Failed to fetch
=============================
====== JS ERROR CAUGHT ======
Unhandled Promise: TypeError: Failed to fetch
=============================
====== JS ERROR CAUGHT ======
Unhandled Promise: TypeError: Failed to fetch
=============================
====== JS ERROR CAUGHT ======
Unhandled Promise: TypeError: Failed to fetch
=============================
====== JS ERROR CAUGHT ======
Unhandled Promise: TypeError: Failed to fetch
=============================
====== JS ERROR CAUGHT ======
Unhandled Promise: TypeError: Failed to fetch
=============================
====== JS ERROR CAUGHT ======
Unhandled Promise: TypeError: Failed to fetch
=============================
====== JS ERROR CAUGHT ======
Unhandled Promise: TypeError: Failed to fetch
=============================
====== JS ERROR CAUGHT ======
Unhandled Promise: TypeError: Failed to fetch
=============================
====== JS ERROR CAUGHT ======
Unhandled Promise: TypeError: Failed to fetch
=============================
====== JS ERROR CAUGHT ======
Unhandled Promise: TypeError: Failed to fetch
=============================
====== JS ERROR CAUGHT ======
Unhandled Promise: TypeError: Failed to fetch
=============================
====== JS ERROR CAUGHT ======
Unhandled Promise: TypeError: Failed to fetch
=============================
====== JS ERROR CAUGHT ======
Unhandled Promise: TypeError: Failed to fetch
=============================
====== JS ERROR CAUGHT ======
Unhandled Promise: TypeError: Failed to fetch
=============================
====== JS ERROR CAUGHT ======
Unhandled Promise: TypeError: Failed to fetch
=============================
====== JS ERROR CAUGHT ======
Unhandled Promise: TypeError: Failed to fetch
=============================
====== JS ERROR CAUGHT ======
Unhandled Promise: TypeError: Failed to fetch
=============================
====== JS ERROR CAUGHT ======
Unhandled Promise: TypeError: Failed to fetch
=============================
====== JS ERROR CAUGHT ======
Unhandled Promise: TypeError: Failed to fetch
=============================
====== JS ERROR CAUGHT ======
Unhandled Promise: TypeError: Failed to fetch
=============================
====== JS ERROR CAUGHT ======
Unhandled Promise: TypeError: Failed to fetch
=============================
====== JS ERROR CAUGHT ======
Unhandled Promise: TypeError: Failed to fetch
=============================
====== JS ERROR CAUGHT ======
Unhandled Promise: TypeError: Failed to fetch
=============================
====== JS ERROR CAUGHT ======
Unhandled Promise: TypeError: Failed to fetch
=============================
====== JS ERROR CAUGHT ======
Unhandled Promise: TypeError: Failed to fetch
=============================
====== JS ERROR CAUGHT ======
Unhandled Promise: TypeError: Failed to fetch
=============================
====== JS ERROR CAUGHT ======
Unhandled Promise: TypeError: Failed to fetch
=============================
====== JS ERROR CAUGHT ======
Unhandled Promise: TypeError: Failed to fetch
=============================
====== JS ERROR CAUGHT ======
Unhandled Promise: TypeError: Failed to fetch
=============================
====== JS ERROR CAUGHT ======
Unhandled Promise: TypeError: Failed to fetch
=============================
====== JS ERROR CAUGHT ======
Unhandled Promise: TypeError: Failed to fetch
=============================
====== JS ERROR CAUGHT ======
Unhandled Promise: TypeError: Failed to fetch
=============================
====== JS ERROR CAUGHT ======
Unhandled Promise: TypeError: Failed to fetch
=============================
====== JS ERROR CAUGHT ======
Unhandled Promise: TypeError: Failed to fetch
=============================
====== JS ERROR CAUGHT ======
Unhandled Promise: TypeError: Failed to fetch
=============================
====== JS ERROR CAUGHT ======
Unhandled Promise: TypeError: Failed to fetch
=============================
====== JS ERROR CAUGHT ======
Unhandled Promise: TypeError: Failed to fetch
=============================
====== JS ERROR CAUGHT ======
Unhandled Promise: TypeError: Failed to fetch
=============================
====== JS ERROR CAUGHT ======
Unhandled Promise: TypeError: Failed to fetch
=============================
====== JS ERROR CAUGHT ======
Unhandled Promise: TypeError: Failed to fetch
=============================
====== JS ERROR CAUGHT ======
Unhandled Promise: TypeError: Failed to fetch
=============================
====== JS ERROR CAUGHT ======
Unhandled Promise: TypeError: Failed to fetch
=============================
====== JS ERROR CAUGHT ======
Unhandled Promise: TypeError: Failed to fetch
=============================
====== JS ERROR CAUGHT ======
Unhandled Promise: TypeError: Failed to fetch
=============================
====== JS ERROR CAUGHT ======
Unhandled Promise: TypeError: Failed to fetch
=============================
====== JS ERROR CAUGHT ======
Unhandled Promise: TypeError: Failed to fetch
=============================
====== JS ERROR CAUGHT ======
Unhandled Promise: TypeError: Failed to fetch
=============================
====== JS ERROR CAUGHT ======
Unhandled Promise: TypeError: Failed to fetch
=============================
====== JS ERROR CAUGHT ======
Unhandled Promise: TypeError: Failed to fetch
=============================
====== JS ERROR CAUGHT ======
Unhandled Promise: TypeError: Failed to fetch
=============================
====== JS ERROR CAUGHT ======
Unhandled Promise: TypeError: Failed to fetch
=============================
====== JS ERROR CAUGHT ======
Unhandled Promise: TypeError: Failed to fetch
=============================
====== JS ERROR CAUGHT ======
Unhandled Promise: TypeError: Failed to fetch
=============================
====== JS ERROR CAUGHT ======
Unhandled Promise: TypeError: Failed to fetch
=============================
====== JS ERROR CAUGHT ======
Unhandled Promise: TypeError: Failed to fetch
=============================
====== JS ERROR CAUGHT ======
Unhandled Promise: TypeError: Failed to fetch
=============================
====== JS ERROR CAUGHT ======
Unhandled Promise: TypeError: Failed to fetch
=============================
====== JS ERROR CAUGHT ======
Unhandled Promise: TypeError: Failed to fetch
=============================
====== JS ERROR CAUGHT ======
Unhandled Promise: TypeError: Failed to fetch
=============================
====== JS ERROR CAUGHT ======
Unhandled Promise: TypeError: Failed to fetch
=============================
====== JS ERROR CAUGHT ======
Unhandled Promise: TypeError: Failed to fetch
=============================
====== JS ERROR CAUGHT ======
Unhandled Promise: TypeError: Failed to fetch
=============================
====== JS ERROR CAUGHT ======
Unhandled Promise: TypeError: Failed to fetch
=============================
====== JS ERROR CAUGHT ======
Unhandled Promise: TypeError: Failed to fetch
=============================
====== JS ERROR CAUGHT ======
Unhandled Promise: TypeError: Failed to fetch
=============================
====== JS ERROR CAUGHT ======
Unhandled Promise: TypeError: Failed to fetch
=============================
====== JS ERROR CAUGHT ======
Unhandled Promise: TypeError: Failed to fetch
=============================
====== JS ERROR CAUGHT ======
Unhandled Promise: TypeError: Failed to fetch
=============================
====== JS ERROR CAUGHT ======
Unhandled Promise: TypeError: Failed to fetch
=============================
====== JS ERROR CAUGHT ======
Unhandled Promise: TypeError: Failed to fetch
=============================
====== JS ERROR CAUGHT ======
Unhandled Promise: TypeError: Failed to fetch
=============================
====== JS ERROR CAUGHT ======
Unhandled Promise: TypeError: Failed to fetch
=============================
====== JS ERROR CAUGHT ======
Unhandled Promise: TypeError: Failed to fetch
=============================
====== JS ERROR CAUGHT ======
Unhandled Promise: TypeError: Failed to fetch
=============================
====== JS ERROR CAUGHT ======
Unhandled Promise: TypeError: Failed to fetch
=============================
====== JS ERROR CAUGHT ======
Unhandled Promise: TypeError: Failed to fetch
=============================
====== JS ERROR CAUGHT ======
Unhandled Promise: TypeError: Failed to fetch
=============================
====== JS ERROR CAUGHT ======
Unhandled Promise: TypeError: Failed to fetch
=============================
====== JS ERROR CAUGHT ======
Unhandled Promise: TypeError: Failed to fetch
=============================
====== JS ERROR CAUGHT ======
Unhandled Promise: TypeError: Failed to fetch
=============================
====== JS ERROR CAUGHT ======
Unhandled Promise: TypeError: Failed to fetch
=============================
====== JS ERROR CAUGHT ======
Unhandled Promise: TypeError: Failed to fetch
=============================
====== JS ERROR CAUGHT ======
Unhandled Promise: TypeError: Failed to fetch
=============================
====== JS ERROR CAUGHT ======
Unhandled Promise: TypeError: Failed to fetch
=============================
====== JS ERROR CAUGHT ======
Unhandled Promise: TypeError: Failed to fetch
=============================
====== JS ERROR CAUGHT ======
Unhandled Promise: TypeError: Failed to fetch
=============================
====== JS ERROR CAUGHT ======
Unhandled Promise: TypeError: Failed to fetch
=============================
====== JS ERROR CAUGHT ======
Unhandled Promise: TypeError: Failed to fetch
=============================
====== JS ERROR CAUGHT ======
Unhandled Promise: TypeError: Failed to fetch
=============================
====== JS ERROR CAUGHT ======
Unhandled Promise: TypeError: Failed to fetch
=============================
====== JS ERROR CAUGHT ======
Unhandled Promise: TypeError: Failed to fetch
=============================
====== JS ERROR CAUGHT ======
Unhandled Promise: TypeError: Failed to fetch
=============================
====== JS ERROR CAUGHT ======
Unhandled Promise: TypeError: Failed to fetch
=============================
====== JS ERROR CAUGHT ======
Unhandled Promise: TypeError: Failed to fetch
=============================
====== JS ERROR CAUGHT ======
Unhandled Promise: TypeError: Failed to fetch
=============================
====== JS ERROR CAUGHT ======
Unhandled Promise: TypeError: Failed to fetch
=============================
====== JS ERROR CAUGHT ======
Unhandled Promise: TypeError: Failed to fetch
=============================
====== JS ERROR CAUGHT ======
Unhandled Promise: TypeError: Failed to fetch
=============================
====== JS ERROR CAUGHT ======
Unhandled Promise: TypeError: Failed to fetch
=============================
====== JS ERROR CAUGHT ======
Unhandled Promise: TypeError: Failed to fetch
=============================
====== JS ERROR CAUGHT ======
Unhandled Promise: TypeError: Failed to fetch
=============================
====== JS ERROR CAUGHT ======
Unhandled Promise: TypeError: Failed to fetch
=============================
====== JS ERROR CAUGHT ======
Unhandled Promise: TypeError: Failed to fetch
=============================
====== JS ERROR CAUGHT ======
Unhandled Promise: TypeError: Failed to fetch
=============================
====== JS ERROR CAUGHT ======
Unhandled Promise: TypeError: Failed to fetch
=============================
====== JS ERROR CAUGHT ======
Unhandled Promise: TypeError: Failed to fetch
=============================
====== JS ERROR CAUGHT ======
Unhandled Promise: TypeError: Failed to fetch
=============================
====== JS ERROR CAUGHT ======
Unhandled Promise: TypeError: Failed to fetch
=============================
====== JS ERROR CAUGHT ======
Unhandled Promise: TypeError: Failed to fetch
=============================
====== JS ERROR CAUGHT ======
Unhandled Promise: TypeError: Failed to fetch
=============================
====== JS ERROR CAUGHT ======
Unhandled Promise: TypeError: Failed to fetch
=============================
====== JS ERROR CAUGHT ======
Unhandled Promise: TypeError: Failed to fetch
=============================
====== JS ERROR CAUGHT ======
Unhandled Promise: TypeError: Failed to fetch
=============================
====== JS ERROR CAUGHT ======
Unhandled Promise: TypeError: Failed to fetch
=============================
====== JS ERROR CAUGHT ======
Unhandled Promise: TypeError: Failed to fetch
=============================
====== JS ERROR CAUGHT ======
Unhandled Promise: TypeError: Failed to fetch
=============================
====== JS ERROR CAUGHT ======
Unhandled Promise: TypeError: Failed to fetch
=============================
====== JS ERROR CAUGHT ======
Unhandled Promise: TypeError: Failed to fetch
=============================
====== JS ERROR CAUGHT ======
Unhandled Promise: TypeError: Failed to fetch
=============================
====== JS ERROR CAUGHT ======
Unhandled Promise: TypeError: Failed to fetch
=============================
====== JS ERROR CAUGHT ======
Unhandled Promise: TypeError: Failed to fetch
=============================
====== JS ERROR CAUGHT ======
Unhandled Promise: TypeError: Failed to fetch
=============================
====== JS ERROR CAUGHT ======
Unhandled Promise: TypeError: Failed to fetch
=============================
====== JS ERROR CAUGHT ======
Unhandled Promise: TypeError: Failed to fetch
=============================
====== JS ERROR CAUGHT ======
Unhandled Promise: TypeError: Failed to fetch
=============================
====== JS ERROR CAUGHT ======
Unhandled Promise: TypeError: Failed to fetch
=============================
====== JS ERROR CAUGHT ======
Unhandled Promise: TypeError: Failed to fetch
=============================
====== JS ERROR CAUGHT ======
Unhandled Promise: TypeError: Failed to fetch
=============================
====== JS ERROR CAUGHT ======
Unhandled Promise: TypeError: Failed to fetch
=============================
====== JS ERROR CAUGHT ======
Unhandled Promise: TypeError: Failed to fetch
=============================
====== JS ERROR CAUGHT ======
Unhandled Promise: TypeError: Failed to fetch
=============================
====== JS ERROR CAUGHT ======
Unhandled Promise: TypeError: Failed to fetch
=============================
====== JS ERROR CAUGHT ======
Unhandled Promise: TypeError: Failed to fetch
=============================
====== JS ERROR CAUGHT ======
Unhandled Promise: TypeError: Failed to fetch
=============================
====== JS ERROR CAUGHT ======
Unhandled Promise: TypeError: Failed to fetch
=============================
====== JS ERROR CAUGHT ======
Unhandled Promise: TypeError: Failed to fetch
=============================
====== JS ERROR CAUGHT ======
Unhandled Promise: TypeError: Failed to fetch
=============================
====== JS ERROR CAUGHT ======
Unhandled Promise: TypeError: Failed to fetch
=============================
====== JS ERROR CAUGHT ======
Unhandled Promise: TypeError: Failed to fetch
=============================
====== JS ERROR CAUGHT ======
Unhandled Promise: TypeError: Failed to fetch
=============================
====== JS ERROR CAUGHT ======
Unhandled Promise: TypeError: Failed to fetch
=============================
====== JS ERROR CAUGHT ======
Unhandled Promise: TypeError: Failed to fetch
=============================
====== JS ERROR CAUGHT ======
Unhandled Promise: TypeError: Failed to fetch
=============================
====== JS ERROR CAUGHT ======
Unhandled Promise: TypeError: Failed to fetch
=============================
====== JS ERROR CAUGHT ======
Unhandled Promise: TypeError: Failed to fetch
=============================
====== JS ERROR CAUGHT ======
Unhandled Promise: TypeError: Failed to fetch
=============================
====== JS ERROR CAUGHT ======
Unhandled Promise: TypeError: Failed to fetch
=============================
====== JS ERROR CAUGHT ======
Unhandled Promise: TypeError: Failed to fetch
=============================
====== JS ERROR CAUGHT ======
Unhandled Promise: TypeError: Failed to fetch
=============================
====== JS ERROR CAUGHT ======
Unhandled Promise: TypeError: Failed to fetch
=============================
====== JS ERROR CAUGHT ======
Unhandled Promise: TypeError: Failed to fetch
=============================
====== JS ERROR CAUGHT ======
Unhandled Promise: TypeError: Failed to fetch
=============================
====== JS ERROR CAUGHT ======
Unhandled Promise: TypeError: Failed to fetch
=============================
====== JS ERROR CAUGHT ======
Unhandled Promise: TypeError: Failed to fetch
=============================
====== JS ERROR CAUGHT ======
Unhandled Promise: TypeError: Failed to fetch
=============================
====== JS ERROR CAUGHT ======
Unhandled Promise: TypeError: Failed to fetch
=============================
====== JS ERROR CAUGHT ======
Unhandled Promise: TypeError: Failed to fetch
=============================
====== JS ERROR CAUGHT ======
Unhandled Promise: TypeError: Failed to fetch
=============================
====== JS ERROR CAUGHT ======
Unhandled Promise: TypeError: Failed to fetch
=============================
====== JS ERROR CAUGHT ======
Unhandled Promise: TypeError: Failed to fetch
=============================
====== JS ERROR CAUGHT ======
Unhandled Promise: TypeError: Failed to fetch
=============================
====== JS ERROR CAUGHT ======
Unhandled Promise: TypeError: Failed to fetch
=============================
====== JS ERROR CAUGHT ======
Unhandled Promise: TypeError: Failed to fetch
=============================
====== JS ERROR CAUGHT ======
Unhandled Promise: TypeError: Failed to fetch
=============================
====== JS ERROR CAUGHT ======
Unhandled Promise: TypeError: Failed to fetch
=============================
====== JS ERROR CAUGHT ======
Unhandled Promise: TypeError: Failed to fetch
=============================
====== JS ERROR CAUGHT ======
Unhandled Promise: TypeError: Failed to fetch
=============================
====== JS ERROR CAUGHT ======
Unhandled Promise: TypeError: Failed to fetch
=============================
====== JS ERROR CAUGHT ======
Unhandled Promise: TypeError: Failed to fetch
=============================
====== JS ERROR CAUGHT ======
Unhandled Promise: TypeError: Failed to fetch
=============================
====== JS ERROR CAUGHT ======
Unhandled Promise: TypeError: Failed to fetch
=============================
====== JS ERROR CAUGHT ======
Unhandled Promise: TypeError: Failed to fetch
=============================
====== JS ERROR CAUGHT ======
Unhandled Promise: TypeError: Failed to fetch
=============================
====== JS ERROR CAUGHT ======
Unhandled Promise: TypeError: Failed to fetch
=============================
====== JS ERROR CAUGHT ======
Unhandled Promise: TypeError: Failed to fetch
=============================
====== JS ERROR CAUGHT ======
Unhandled Promise: TypeError: Failed to fetch
=============================
====== JS ERROR CAUGHT ======
Unhandled Promise: TypeError: Failed to fetch
=============================
====== JS ERROR CAUGHT ======
Unhandled Promise: TypeError: Failed to fetch
=============================
====== JS ERROR CAUGHT ======
Unhandled Promise: TypeError: Failed to fetch
=============================
====== JS ERROR CAUGHT ======
Unhandled Promise: TypeError: Failed to fetch
=============================
====== JS ERROR CAUGHT ======
Unhandled Promise: TypeError: Failed to fetch
=============================
====== JS ERROR CAUGHT ======
Unhandled Promise: TypeError: Failed to fetch
=============================
====== JS ERROR CAUGHT ======
Unhandled Promise: TypeError: Failed to fetch
=============================
====== JS ERROR CAUGHT ======
Unhandled Promise: TypeError: Failed to fetch
=============================
====== JS ERROR CAUGHT ======
Unhandled Promise: TypeError: Failed to fetch
=============================
====== JS ERROR CAUGHT ======
Unhandled Promise: TypeError: Failed to fetch
=============================
====== JS ERROR CAUGHT ======
Unhandled Promise: TypeError: Failed to fetch
=============================
====== JS ERROR CAUGHT ======
Unhandled Promise: TypeError: Failed to fetch
=============================
====== JS ERROR CAUGHT ======
Unhandled Promise: TypeError: Failed to fetch
=============================
====== JS ERROR CAUGHT ======
Unhandled Promise: TypeError: Failed to fetch
=============================
====== JS ERROR CAUGHT ======
Unhandled Promise: TypeError: Failed to fetch
=============================
====== JS ERROR CAUGHT ======
Unhandled Promise: TypeError: Failed to fetch
=============================
====== JS ERROR CAUGHT ======
Unhandled Promise: TypeError: Failed to fetch
=============================
====== JS ERROR CAUGHT ======
Unhandled Promise: TypeError: Failed to fetch
=============================
====== JS ERROR CAUGHT ======
Unhandled Promise: TypeError: Failed to fetch
=============================
====== JS ERROR CAUGHT ======
Unhandled Promise: TypeError: Failed to fetch
=============================
====== JS ERROR CAUGHT ======
Unhandled Promise: TypeError: Failed to fetch
=============================
====== JS ERROR CAUGHT ======
Unhandled Promise: TypeError: Failed to fetch
=============================
====== JS ERROR CAUGHT ======
Unhandled Promise: TypeError: Failed to fetch
=============================
====== JS ERROR CAUGHT ======
Unhandled Promise: TypeError: Failed to fetch
=============================
====== JS ERROR CAUGHT ======
Unhandled Promise: TypeError: Failed to fetch
=============================
====== JS ERROR CAUGHT ======
Unhandled Promise: TypeError: Failed to fetch
=============================
====== JS ERROR CAUGHT ======
Unhandled Promise: TypeError: Failed to fetch
=============================
====== JS ERROR CAUGHT ======
Unhandled Promise: TypeError: Failed to fetch
=============================
====== JS ERROR CAUGHT ======
Unhandled Promise: TypeError: Failed to fetch
=============================
====== JS ERROR CAUGHT ======
Unhandled Promise: TypeError: Failed to fetch
=============================
====== JS ERROR CAUGHT ======
Unhandled Promise: TypeError: Failed to fetch
=============================
====== JS ERROR CAUGHT ======
Unhandled Promise: TypeError: Failed to fetch
=============================
====== JS ERROR CAUGHT ======
Unhandled Promise: TypeError: Failed to fetch
=============================
====== JS ERROR CAUGHT ======
Unhandled Promise: TypeError: Failed to fetch
=============================
====== JS ERROR CAUGHT ======
Unhandled Promise: TypeError: Failed to fetch
=============================
====== JS ERROR CAUGHT ======
Unhandled Promise: TypeError: Failed to fetch
=============================
====== JS ERROR CAUGHT ======
Unhandled Promise: TypeError: Failed to fetch
=============================
====== JS ERROR CAUGHT ======
Unhandled Promise: TypeError: Failed to fetch
=============================
====== JS ERROR CAUGHT ======
Unhandled Promise: TypeError: Failed to fetch
=============================
====== JS ERROR CAUGHT ======
Unhandled Promise: TypeError: Failed to fetch
=============================
====== JS ERROR CAUGHT ======
Unhandled Promise: TypeError: Failed to fetch
=============================
====== JS ERROR CAUGHT ======
Unhandled Promise: TypeError: Failed to fetch
=============================
====== JS ERROR CAUGHT ======
Unhandled Promise: TypeError: Failed to fetch
=============================
====== JS ERROR CAUGHT ======
Unhandled Promise: TypeError: Failed to fetch
=============================
====== JS ERROR CAUGHT ======
Unhandled Promise: TypeError: Failed to fetch
=============================
====== JS ERROR CAUGHT ======
Unhandled Promise: TypeError: Failed to fetch
=============================
====== JS ERROR CAUGHT ======
Unhandled Promise: TypeError: Failed to fetch
=============================
====== JS ERROR CAUGHT ======
Unhandled Promise: TypeError: Failed to fetch
=============================
====== JS ERROR CAUGHT ======
Unhandled Promise: TypeError: Failed to fetch
=============================
====== JS ERROR CAUGHT ======
Unhandled Promise: TypeError: Failed to fetch
=============================
====== JS ERROR CAUGHT ======
Unhandled Promise: TypeError: Failed to fetch
=============================
====== JS ERROR CAUGHT ======
Unhandled Promise: TypeError: Failed to fetch
=============================
====== JS ERROR CAUGHT ======
Unhandled Promise: TypeError: Failed to fetch
=============================
====== JS ERROR CAUGHT ======
Unhandled Promise: TypeError: Failed to fetch
=============================
====== JS ERROR CAUGHT ======
Unhandled Promise: TypeError: Failed to fetch
=============================
====== JS ERROR CAUGHT ======
Unhandled Promise: TypeError: Failed to fetch
=============================
====== JS ERROR CAUGHT ======
Unhandled Promise: TypeError: Failed to fetch
=============================
====== JS ERROR CAUGHT ======
Unhandled Promise: TypeError: Failed to fetch
=============================
====== JS ERROR CAUGHT ======
Unhandled Promise: TypeError: Failed to fetch
=============================
====== JS ERROR CAUGHT ======
Unhandled Promise: TypeError: Failed to fetch
=============================
====== JS ERROR CAUGHT ======
Unhandled Promise: TypeError: Failed to fetch
=============================
====== JS ERROR CAUGHT ======
Unhandled Promise: TypeError: Failed to fetch
=============================
====== JS ERROR CAUGHT ======
Unhandled Promise: TypeError: Failed to fetch
=============================
====== JS ERROR CAUGHT ======
Unhandled Promise: TypeError: Failed to fetch
=============================
====== JS ERROR CAUGHT ======
Unhandled Promise: TypeError: Failed to fetch
=============================
====== JS ERROR CAUGHT ======
Unhandled Promise: TypeError: Failed to fetch
=============================
====== JS ERROR CAUGHT ======
Unhandled Promise: TypeError: Failed to fetch
=============================
====== JS ERROR CAUGHT ======
Unhandled Promise: TypeError: Failed to fetch
=============================
====== JS ERROR CAUGHT ======
Unhandled Promise: TypeError: Failed to fetch
=============================
====== JS ERROR CAUGHT ======
Unhandled Promise: TypeError: Failed to fetch
=============================
====== JS ERROR CAUGHT ======
Unhandled Promise: TypeError: Failed to fetch
=============================
====== JS ERROR CAUGHT ======
Unhandled Promise: TypeError: Failed to fetch
=============================
====== JS ERROR CAUGHT ======
Unhandled Promise: TypeError: Failed to fetch
=============================
====== JS ERROR CAUGHT ======
Unhandled Promise: TypeError: Failed to fetch
=============================
====== JS ERROR CAUGHT ======
Unhandled Promise: TypeError: Failed to fetch
=============================
====== JS ERROR CAUGHT ======
Unhandled Promise: TypeError: Failed to fetch
=============================
====== JS ERROR CAUGHT ======
Unhandled Promise: TypeError: Failed to fetch
=============================
====== JS ERROR CAUGHT ======
Unhandled Promise: TypeError: Failed to fetch
=============================
====== JS ERROR CAUGHT ======
Unhandled Promise: TypeError: Failed to fetch
=============================
====== JS ERROR CAUGHT ======
Unhandled Promise: TypeError: Failed to fetch
=============================
====== JS ERROR CAUGHT ======
Unhandled Promise: TypeError: Failed to fetch
=============================
====== JS ERROR CAUGHT ======
Unhandled Promise: TypeError: Failed to fetch
=============================
====== JS ERROR CAUGHT ======
Unhandled Promise: TypeError: Failed to fetch
=============================
====== JS ERROR CAUGHT ======
Unhandled Promise: TypeError: Failed to fetch
=============================
====== JS ERROR CAUGHT ======
Unhandled Promise: TypeError: Failed to fetch
=============================
====== JS ERROR CAUGHT ======
Unhandled Promise: TypeError: Failed to fetch
=============================
====== JS ERROR CAUGHT ======
Unhandled Promise: TypeError: Failed to fetch
=============================
====== JS ERROR CAUGHT ======
Unhandled Promise: TypeError: Failed to fetch
=============================
====== JS ERROR CAUGHT ======
Unhandled Promise: TypeError: Failed to fetch
=============================
====== JS ERROR CAUGHT ======
Unhandled Promise: TypeError: Failed to fetch
=============================
====== JS ERROR CAUGHT ======
Unhandled Promise: TypeError: Failed to fetch
=============================
====== JS ERROR CAUGHT ======
Unhandled Promise: TypeError: Failed to fetch
=============================
====== JS ERROR CAUGHT ======
Unhandled Promise: TypeError: Failed to fetch
=============================
====== JS ERROR CAUGHT ======
Unhandled Promise: TypeError: Failed to fetch
=============================
====== JS ERROR CAUGHT ======
Unhandled Promise: TypeError: Failed to fetch
=============================
====== JS ERROR CAUGHT ======
Unhandled Promise: TypeError: Failed to fetch
=============================
====== JS ERROR CAUGHT ======
Unhandled Promise: TypeError: Failed to fetch
=============================
====== JS ERROR CAUGHT ======
Unhandled Promise: TypeError: Failed to fetch
=============================
====== JS ERROR CAUGHT ======
Unhandled Promise: TypeError: Failed to fetch
=============================
====== JS ERROR CAUGHT ======
Unhandled Promise: TypeError: Failed to fetch
=============================
====== JS ERROR CAUGHT ======
Unhandled Promise: TypeError: Failed to fetch
=============================
====== JS ERROR CAUGHT ======
Unhandled Promise: TypeError: Failed to fetch
=============================
====== JS ERROR CAUGHT ======
Unhandled Promise: TypeError: Failed to fetch
=============================
====== JS ERROR CAUGHT ======
Unhandled Promise: TypeError: Failed to fetch
=============================
====== JS ERROR CAUGHT ======
Unhandled Promise: TypeError: Failed to fetch
=============================
====== JS ERROR CAUGHT ======
Unhandled Promise: TypeError: Failed to fetch
=============================
====== JS ERROR CAUGHT ======
Unhandled Promise: TypeError: Failed to fetch
=============================
====== JS ERROR CAUGHT ======
Unhandled Promise: TypeError: Failed to fetch
=============================
====== JS ERROR CAUGHT ======
Unhandled Promise: TypeError: Failed to fetch
=============================
====== JS ERROR CAUGHT ======
Unhandled Promise: TypeError: Failed to fetch
=============================
====== JS ERROR CAUGHT ======
Unhandled Promise: TypeError: Failed to fetch
=============================
====== JS ERROR CAUGHT ======
Unhandled Promise: TypeError: Failed to fetch
=============================
====== JS ERROR CAUGHT ======
Unhandled Promise: TypeError: Failed to fetch
=============================
====== JS ERROR CAUGHT ======
Unhandled Promise: TypeError: Failed to fetch
=============================
====== JS ERROR CAUGHT ======
Unhandled Promise: TypeError: Failed to fetch
=============================
====== JS ERROR CAUGHT ======
Unhandled Promise: TypeError: Failed to fetch
=============================
====== JS ERROR CAUGHT ======
Unhandled Promise: TypeError: Failed to fetch
=============================
====== JS ERROR CAUGHT ======
Unhandled Promise: TypeError: Failed to fetch
=============================
====== JS ERROR CAUGHT ======
Unhandled Promise: TypeError: Failed to fetch
=============================
====== JS ERROR CAUGHT ======
Unhandled Promise: TypeError: Failed to fetch
=============================
====== JS ERROR CAUGHT ======
Unhandled Promise: TypeError: Failed to fetch
=============================
====== JS ERROR CAUGHT ======
Unhandled Promise: TypeError: Failed to fetch
=============================
====== JS ERROR CAUGHT ======
Unhandled Promise: TypeError: Failed to fetch
=============================
====== JS ERROR CAUGHT ======
Unhandled Promise: TypeError: Failed to fetch
=============================
====== JS ERROR CAUGHT ======
Unhandled Promise: TypeError: Failed to fetch
=============================
====== JS ERROR CAUGHT ======
Unhandled Promise: TypeError: Failed to fetch
=============================
====== JS ERROR CAUGHT ======
Unhandled Promise: TypeError: Failed to fetch
=============================
====== JS ERROR CAUGHT ======
Unhandled Promise: TypeError: Failed to fetch
=============================
====== JS ERROR CAUGHT ======
Unhandled Promise: TypeError: Failed to fetch
=============================
====== JS ERROR CAUGHT ======
Unhandled Promise: TypeError: Failed to fetch
=============================
====== JS ERROR CAUGHT ======
Unhandled Promise: TypeError: Failed to fetch
=============================
====== JS ERROR CAUGHT ======
Unhandled Promise: TypeError: Failed to fetch
=============================
====== JS ERROR CAUGHT ======
Unhandled Promise: TypeError: Failed to fetch
=============================
====== JS ERROR CAUGHT ======
Unhandled Promise: TypeError: Failed to fetch
=============================
====== JS ERROR CAUGHT ======
Unhandled Promise: TypeError: Failed to fetch
=============================
====== JS ERROR CAUGHT ======
Unhandled Promise: TypeError: Failed to fetch
=============================
====== JS ERROR CAUGHT ======
Unhandled Promise: TypeError: Failed to fetch
=============================
====== JS ERROR CAUGHT ======
Unhandled Promise: TypeError: Failed to fetch
=============================
====== JS ERROR CAUGHT ======
Unhandled Promise: TypeError: Failed to fetch
=============================
====== JS ERROR CAUGHT ======
Unhandled Promise: TypeError: Failed to fetch
=============================
====== JS ERROR CAUGHT ======
Unhandled Promise: TypeError: Failed to fetch
=============================
====== JS ERROR CAUGHT ======
Unhandled Promise: TypeError: Failed to fetch
=============================
====== JS ERROR CAUGHT ======
Unhandled Promise: TypeError: Failed to fetch
=============================
====== JS ERROR CAUGHT ======
Unhandled Promise: TypeError: Failed to fetch
=============================
====== JS ERROR CAUGHT ======
Unhandled Promise: TypeError: Failed to fetch
=============================
====== JS ERROR CAUGHT ======
Unhandled Promise: TypeError: Failed to fetch
=============================
====== JS ERROR CAUGHT ======
Unhandled Promise: TypeError: Failed to fetch
=============================
====== JS ERROR CAUGHT ======
Unhandled Promise: TypeError: Failed to fetch
=============================
====== JS ERROR CAUGHT ======
Unhandled Promise: TypeError: Failed to fetch
=============================
====== JS ERROR CAUGHT ======
Unhandled Promise: TypeError: Failed to fetch
=============================
====== JS ERROR CAUGHT ======
Unhandled Promise: TypeError: Failed to fetch
=============================
====== JS ERROR CAUGHT ======
Unhandled Promise: TypeError: Failed to fetch
=============================
====== JS ERROR CAUGHT ======
Unhandled Promise: TypeError: Failed to fetch
=============================
====== JS ERROR CAUGHT ======
Unhandled Promise: TypeError: Failed to fetch
=============================
====== JS ERROR CAUGHT ======
Unhandled Promise: TypeError: Failed to fetch
=============================
====== JS ERROR CAUGHT ======
Unhandled Promise: TypeError: Failed to fetch
=============================
====== JS ERROR CAUGHT ======
Unhandled Promise: TypeError: Failed to fetch
=============================
====== JS ERROR CAUGHT ======
Unhandled Promise: TypeError: Failed to fetch
=============================
====== JS ERROR CAUGHT ======
Unhandled Promise: TypeError: Failed to fetch
=============================
====== JS ERROR CAUGHT ======
Unhandled Promise: TypeError: Failed to fetch
=============================
====== JS ERROR CAUGHT ======
Unhandled Promise: TypeError: Failed to fetch
=============================
====== JS ERROR CAUGHT ======
Unhandled Promise: TypeError: Failed to fetch
=============================
====== JS ERROR CAUGHT ======
Unhandled Promise: TypeError: Failed to fetch
=============================
====== JS ERROR CAUGHT ======
Unhandled Promise: TypeError: Failed to fetch
=============================
====== JS ERROR CAUGHT ======
Unhandled Promise: TypeError: Failed to fetch
=============================
====== JS ERROR CAUGHT ======
Unhandled Promise: TypeError: Failed to fetch
=============================
====== JS ERROR CAUGHT ======
Unhandled Promise: TypeError: Failed to fetch
=============================
====== JS ERROR CAUGHT ======
Unhandled Promise: TypeError: Failed to fetch
=============================
====== JS ERROR CAUGHT ======
Unhandled Promise: TypeError: Failed to fetch
=============================
====== JS ERROR CAUGHT ======
Unhandled Promise: TypeError: Failed to fetch
=============================
====== JS ERROR CAUGHT ======
Unhandled Promise: TypeError: Failed to fetch
=============================
====== JS ERROR CAUGHT ======
Unhandled Promise: TypeError: Failed to fetch
=============================
====== JS ERROR CAUGHT ======
Unhandled Promise: TypeError: Failed to fetch
=============================
====== JS ERROR CAUGHT ======
Unhandled Promise: TypeError: Failed to fetch
=============================
====== JS ERROR CAUGHT ======
Unhandled Promise: TypeError: Failed to fetch
=============================
====== JS ERROR CAUGHT ======
Unhandled Promise: TypeError: Failed to fetch
=============================
====== JS ERROR CAUGHT ======
Unhandled Promise: TypeError: Failed to fetch
=============================
====== JS ERROR CAUGHT ======
Unhandled Promise: TypeError: Failed to fetch
=============================
====== JS ERROR CAUGHT ======
Unhandled Promise: TypeError: Failed to fetch
=============================
====== JS ERROR CAUGHT ======
Unhandled Promise: TypeError: Failed to fetch
=============================
====== JS ERROR CAUGHT ======
Unhandled Promise: TypeError: Failed to fetch
=============================
====== JS ERROR CAUGHT ======
Unhandled Promise: TypeError: Failed to fetch
=============================
====== JS ERROR CAUGHT ======
Unhandled Promise: TypeError: Failed to fetch
=============================
====== JS ERROR CAUGHT ======
Unhandled Promise: TypeError: Failed to fetch
=============================
====== JS ERROR CAUGHT ======
Unhandled Promise: TypeError: Failed to fetch
=============================
====== JS ERROR CAUGHT ======
Unhandled Promise: TypeError: Failed to fetch
=============================
====== JS ERROR CAUGHT ======
Unhandled Promise: TypeError: Failed to fetch
=============================
====== JS ERROR CAUGHT ======
Unhandled Promise: TypeError: Failed to fetch
=============================
====== JS ERROR CAUGHT ======
Unhandled Promise: TypeError: Failed to fetch
=============================
====== JS ERROR CAUGHT ======
Unhandled Promise: TypeError: Failed to fetch
=============================
====== JS ERROR CAUGHT ======
Unhandled Promise: TypeError: Failed to fetch
=============================
====== JS ERROR CAUGHT ======
Unhandled Promise: TypeError: Failed to fetch
=============================
====== JS ERROR CAUGHT ======
Unhandled Promise: TypeError: Failed to fetch
=============================
====== JS ERROR CAUGHT ======
Unhandled Promise: TypeError: Failed to fetch
=============================
====== JS ERROR CAUGHT ======
Unhandled Promise: TypeError: Failed to fetch
=============================
====== JS ERROR CAUGHT ======
Unhandled Promise: TypeError: Failed to fetch
=============================
====== JS ERROR CAUGHT ======
Unhandled Promise: TypeError: Failed to fetch
=============================
====== JS ERROR CAUGHT ======
Unhandled Promise: TypeError: Failed to fetch
=============================
====== JS ERROR CAUGHT ======
Unhandled Promise: TypeError: Failed to fetch
=============================
====== JS ERROR CAUGHT ======
Unhandled Promise: TypeError: Failed to fetch
=============================
====== JS ERROR CAUGHT ======
Unhandled Promise: TypeError: Failed to fetch
=============================
====== JS ERROR CAUGHT ======
Unhandled Promise: TypeError: Failed to fetch
=============================
====== JS ERROR CAUGHT ======
Unhandled Promise: TypeError: Failed to fetch
=============================
====== JS ERROR CAUGHT ======
Unhandled Promise: TypeError: Failed to fetch
=============================
====== JS ERROR CAUGHT ======
Unhandled Promise: TypeError: Failed to fetch
=============================
====== JS ERROR CAUGHT ======
Unhandled Promise: TypeError: Failed to fetch
=============================
====== JS ERROR CAUGHT ======
Unhandled Promise: TypeError: Failed to fetch
=============================
====== JS ERROR CAUGHT ======
Unhandled Promise: TypeError: Failed to fetch
=============================
====== JS ERROR CAUGHT ======
Unhandled Promise: TypeError: Failed to fetch
=============================
====== JS ERROR CAUGHT ======
Unhandled Promise: TypeError: Failed to fetch
=============================
====== JS ERROR CAUGHT ======
Unhandled Promise: TypeError: Failed to fetch
=============================
====== JS ERROR CAUGHT ======
Unhandled Promise: TypeError: Failed to fetch
=============================
====== JS ERROR CAUGHT ======
Unhandled Promise: TypeError: Failed to fetch
=============================
====== JS ERROR CAUGHT ======
Unhandled Promise: TypeError: Failed to fetch
=============================
====== JS ERROR CAUGHT ======
Unhandled Promise: TypeError: Failed to fetch
=============================
====== JS ERROR CAUGHT ======
Unhandled Promise: TypeError: Failed to fetch
=============================
====== JS ERROR CAUGHT ======
Unhandled Promise: TypeError: Failed to fetch
=============================
====== JS ERROR CAUGHT ======
Unhandled Promise: TypeError: Failed to fetch
=============================
====== JS ERROR CAUGHT ======
Unhandled Promise: TypeError: Failed to fetch
=============================
====== JS ERROR CAUGHT ======
Unhandled Promise: TypeError: Failed to fetch
=============================
====== JS ERROR CAUGHT ======
Unhandled Promise: TypeError: Failed to fetch
=============================
====== JS ERROR CAUGHT ======
Unhandled Promise: TypeError: Failed to fetch
=============================
====== JS ERROR CAUGHT ======
Unhandled Promise: TypeError: Failed to fetch
=============================
====== JS ERROR CAUGHT ======
Unhandled Promise: TypeError: Failed to fetch
=============================
====== JS ERROR CAUGHT ======
Unhandled Promise: TypeError: Failed to fetch
=============================
====== JS ERROR CAUGHT ======
Unhandled Promise: TypeError: Failed to fetch
=============================
====== JS ERROR CAUGHT ======
Unhandled Promise: TypeError: Failed to fetch
=============================
====== JS ERROR CAUGHT ======
Unhandled Promise: TypeError: Failed to fetch
=============================
====== JS ERROR CAUGHT ======
Unhandled Promise: TypeError: Failed to fetch
=============================
====== JS ERROR CAUGHT ======
Unhandled Promise: TypeError: Failed to fetch
=============================
====== JS ERROR CAUGHT ======
Unhandled Promise: TypeError: Failed to fetch
=============================
====== JS ERROR CAUGHT ======
Unhandled Promise: TypeError: Failed to fetch
=============================
====== JS ERROR CAUGHT ======
Unhandled Promise: TypeError: Failed to fetch
=============================
====== JS ERROR CAUGHT ======
Unhandled Promise: TypeError: Failed to fetch
=============================
====== JS ERROR CAUGHT ======
Unhandled Promise: TypeError: Failed to fetch
=============================
====== JS ERROR CAUGHT ======
Unhandled Promise: TypeError: Failed to fetch
=============================
====== JS ERROR CAUGHT ======
Unhandled Promise: TypeError: Failed to fetch
=============================
====== JS ERROR CAUGHT ======
Unhandled Promise: TypeError: Failed to fetch
=============================
====== JS ERROR CAUGHT ======
Unhandled Promise: TypeError: Failed to fetch
=============================
====== JS ERROR CAUGHT ======
Unhandled Promise: TypeError: Failed to fetch
=============================
====== JS ERROR CAUGHT ======
Unhandled Promise: TypeError: Failed to fetch
=============================
====== JS ERROR CAUGHT ======
Unhandled Promise: TypeError: Failed to fetch
=============================
====== JS ERROR CAUGHT ======
Unhandled Promise: TypeError: Failed to fetch
=============================
====== JS ERROR CAUGHT ======
Unhandled Promise: TypeError: Failed to fetch
=============================
====== JS ERROR CAUGHT ======
Unhandled Promise: TypeError: Failed to fetch
=============================
====== JS ERROR CAUGHT ======
Unhandled Promise: TypeError: Failed to fetch
=============================
====== JS ERROR CAUGHT ======
Unhandled Promise: TypeError: Failed to fetch
=============================
====== JS ERROR CAUGHT ======
Unhandled Promise: TypeError: Failed to fetch
=============================
====== JS ERROR CAUGHT ======
Unhandled Promise: TypeError: Failed to fetch
=============================
====== JS ERROR CAUGHT ======
Unhandled Promise: TypeError: Failed to fetch
=============================
====== JS ERROR CAUGHT ======
Unhandled Promise: TypeError: Failed to fetch
=============================
====== JS ERROR CAUGHT ======
Unhandled Promise: TypeError: Failed to fetch
=============================
====== JS ERROR CAUGHT ======
Unhandled Promise: TypeError: Failed to fetch
=============================
====== JS ERROR CAUGHT ======
Unhandled Promise: TypeError: Failed to fetch
=============================
====== JS ERROR CAUGHT ======
Unhandled Promise: TypeError: Failed to fetch
=============================
====== JS ERROR CAUGHT ======
Unhandled Promise: TypeError: Failed to fetch
=============================
====== JS ERROR CAUGHT ======
Unhandled Promise: TypeError: Failed to fetch
=============================
====== JS ERROR CAUGHT ======
Unhandled Promise: TypeError: Failed to fetch
=============================
====== JS ERROR CAUGHT ======
Unhandled Promise: TypeError: Failed to fetch
=============================
====== JS ERROR CAUGHT ======
Unhandled Promise: TypeError: Failed to fetch
=============================
====== JS ERROR CAUGHT ======
Unhandled Promise: TypeError: Failed to fetch
=============================
====== JS ERROR CAUGHT ======
Unhandled Promise: TypeError: Failed to fetch
=============================
====== JS ERROR CAUGHT ======
Unhandled Promise: TypeError: Failed to fetch
=============================
====== JS ERROR CAUGHT ======
Unhandled Promise: TypeError: Failed to fetch
=============================
====== JS ERROR CAUGHT ======
Unhandled Promise: TypeError: Failed to fetch
=============================
====== JS ERROR CAUGHT ======
Unhandled Promise: TypeError: Failed to fetch
=============================
====== JS ERROR CAUGHT ======
Unhandled Promise: TypeError: Failed to fetch
=============================
====== JS ERROR CAUGHT ======
Unhandled Promise: TypeError: Failed to fetch
=============================
====== JS ERROR CAUGHT ======
Unhandled Promise: TypeError: Failed to fetch
=============================
====== JS ERROR CAUGHT ======
Unhandled Promise: TypeError: Failed to fetch
=============================
====== JS ERROR CAUGHT ======
Unhandled Promise: TypeError: Failed to fetch
=============================
====== JS ERROR CAUGHT ======
Unhandled Promise: TypeError: Failed to fetch
=============================
====== JS ERROR CAUGHT ======
Unhandled Promise: TypeError: Failed to fetch
=============================
====== JS ERROR CAUGHT ======
Unhandled Promise: TypeError: Failed to fetch
=============================
====== JS ERROR CAUGHT ======
Unhandled Promise: TypeError: Failed to fetch
=============================
====== JS ERROR CAUGHT ======
Unhandled Promise: TypeError: Failed to fetch
=============================
====== JS ERROR CAUGHT ======
Unhandled Promise: TypeError: Failed to fetch
=============================
====== JS ERROR CAUGHT ======
Unhandled Promise: TypeError: Failed to fetch
=============================
====== JS ERROR CAUGHT ======
Unhandled Promise: TypeError: Failed to fetch
=============================
====== JS ERROR CAUGHT ======
Unhandled Promise: TypeError: Failed to fetch
=============================
====== JS ERROR CAUGHT ======
Unhandled Promise: TypeError: Failed to fetch
=============================
====== JS ERROR CAUGHT ======
Unhandled Promise: TypeError: Failed to fetch
=============================
====== JS ERROR CAUGHT ======
Unhandled Promise: TypeError: Failed to fetch
=============================
====== JS ERROR CAUGHT ======
Unhandled Promise: TypeError: Failed to fetch
=============================
====== JS ERROR CAUGHT ======
Unhandled Promise: TypeError: Failed to fetch
=============================
====== JS ERROR CAUGHT ======
Unhandled Promise: TypeError: Failed to fetch
=============================
====== JS ERROR CAUGHT ======
Unhandled Promise: TypeError: Failed to fetch
=============================
====== JS ERROR CAUGHT ======
Unhandled Promise: TypeError: Failed to fetch
=============================
====== JS ERROR CAUGHT ======
Unhandled Promise: TypeError: Failed to fetch
=============================
====== JS ERROR CAUGHT ======
Unhandled Promise: TypeError: Failed to fetch
=============================
====== JS ERROR CAUGHT ======
Unhandled Promise: TypeError: Failed to fetch
=============================
====== JS ERROR CAUGHT ======
Unhandled Promise: TypeError: Failed to fetch
=============================
====== JS ERROR CAUGHT ======
Unhandled Promise: TypeError: Failed to fetch
=============================
====== JS ERROR CAUGHT ======
Unhandled Promise: TypeError: Failed to fetch
=============================
====== JS ERROR CAUGHT ======
Unhandled Promise: TypeError: Failed to fetch
=============================
====== JS ERROR CAUGHT ======
Unhandled Promise: TypeError: Failed to fetch
=============================
====== JS ERROR CAUGHT ======
Unhandled Promise: TypeError: Failed to fetch
=============================
====== JS ERROR CAUGHT ======
Unhandled Promise: TypeError: Failed to fetch
=============================
====== JS ERROR CAUGHT ======
Unhandled Promise: TypeError: Failed to fetch
=============================
====== JS ERROR CAUGHT ======
Unhandled Promise: TypeError: Failed to fetch
=============================
====== JS ERROR CAUGHT ======
Unhandled Promise: TypeError: Failed to fetch
=============================
====== JS ERROR CAUGHT ======
Unhandled Promise: TypeError: Failed to fetch
=============================
====== JS ERROR CAUGHT ======
Unhandled Promise: TypeError: Failed to fetch
=============================
====== JS ERROR CAUGHT ======
Unhandled Promise: TypeError: Failed to fetch
=============================
====== JS ERROR CAUGHT ======
Unhandled Promise: TypeError: Failed to fetch
=============================
====== JS ERROR CAUGHT ======
Unhandled Promise: TypeError: Failed to fetch
=============================
====== JS ERROR CAUGHT ======
Unhandled Promise: TypeError: Failed to fetch
=============================
====== JS ERROR CAUGHT ======
Unhandled Promise: TypeError: Failed to fetch
=============================
====== JS ERROR CAUGHT ======
Unhandled Promise: TypeError: Failed to fetch
=============================
====== JS ERROR CAUGHT ======
Unhandled Promise: TypeError: Failed to fetch
=============================
====== JS ERROR CAUGHT ======
Unhandled Promise: TypeError: Failed to fetch
=============================
====== JS ERROR CAUGHT ======
Unhandled Promise: TypeError: Failed to fetch
=============================
====== JS ERROR CAUGHT ======
Unhandled Promise: TypeError: Failed to fetch
=============================
====== JS ERROR CAUGHT ======
Unhandled Promise: TypeError: Failed to fetch
=============================
====== JS ERROR CAUGHT ======
Unhandled Promise: TypeError: Failed to fetch
=============================
====== JS ERROR CAUGHT ======
Unhandled Promise: TypeError: Failed to fetch
=============================
====== JS ERROR CAUGHT ======
Unhandled Promise: TypeError: Failed to fetch
=============================
====== JS ERROR CAUGHT ======
Unhandled Promise: TypeError: Failed to fetch
=============================
====== JS ERROR CAUGHT ======
Unhandled Promise: TypeError: Failed to fetch
=============================
====== JS ERROR CAUGHT ======
Unhandled Promise: TypeError: Failed to fetch
=============================
====== JS ERROR CAUGHT ======
Unhandled Promise: TypeError: Failed to fetch
=============================
====== JS ERROR CAUGHT ======
Unhandled Promise: TypeError: Failed to fetch
=============================
====== JS ERROR CAUGHT ======
Unhandled Promise: TypeError: Failed to fetch
=============================
====== JS ERROR CAUGHT ======
Unhandled Promise: TypeError: Failed to fetch
=============================
====== JS ERROR CAUGHT ======
Unhandled Promise: TypeError: Failed to fetch
=============================
====== JS ERROR CAUGHT ======
Unhandled Promise: TypeError: Failed to fetch
=============================
====== JS ERROR CAUGHT ======
Unhandled Promise: TypeError: Failed to fetch
=============================
====== JS ERROR CAUGHT ======
Unhandled Promise: TypeError: Failed to fetch
=============================
====== JS ERROR CAUGHT ======
Unhandled Promise: TypeError: Failed to fetch
=============================
====== JS ERROR CAUGHT ======
Unhandled Promise: TypeError: Failed to fetch
=============================
====== JS ERROR CAUGHT ======
Unhandled Promise: TypeError: Failed to fetch
=============================
====== JS ERROR CAUGHT ======
Unhandled Promise: TypeError: Failed to fetch
=============================
====== JS ERROR CAUGHT ======
Unhandled Promise: TypeError: Failed to fetch
=============================
====== JS ERROR CAUGHT ======
Unhandled Promise: TypeError: Failed to fetch
=============================
====== JS ERROR CAUGHT ======
Unhandled Promise: TypeError: Failed to fetch
=============================
====== JS ERROR CAUGHT ======
Unhandled Promise: TypeError: Failed to fetch
=============================
====== JS ERROR CAUGHT ======
Unhandled Promise: TypeError: Failed to fetch
=============================
====== JS ERROR CAUGHT ======
Unhandled Promise: TypeError: Failed to fetch
=============================
====== JS ERROR CAUGHT ======
Unhandled Promise: TypeError: Failed to fetch
=============================
====== JS ERROR CAUGHT ======
Unhandled Promise: TypeError: Failed to fetch
=============================
====== JS ERROR CAUGHT ======
Unhandled Promise: TypeError: Failed to fetch
=============================
====== JS ERROR CAUGHT ======
Unhandled Promise: TypeError: Failed to fetch
=============================
====== JS ERROR CAUGHT ======
Unhandled Promise: TypeError: Failed to fetch
=============================
====== JS ERROR CAUGHT ======
Unhandled Promise: TypeError: Failed to fetch
=============================
====== JS ERROR CAUGHT ======
Unhandled Promise: TypeError: Failed to fetch
=============================
====== JS ERROR CAUGHT ======
Unhandled Promise: TypeError: Failed to fetch
=============================
====== JS ERROR CAUGHT ======
Unhandled Promise: TypeError: Failed to fetch
=============================
====== JS ERROR CAUGHT ======
Unhandled Promise: TypeError: Failed to fetch
=============================
====== JS ERROR CAUGHT ======
Unhandled Promise: TypeError: Failed to fetch
=============================
====== JS ERROR CAUGHT ======
Unhandled Promise: TypeError: Failed to fetch
=============================
====== JS ERROR CAUGHT ======
Unhandled Promise: TypeError: Failed to fetch
=============================
====== JS ERROR CAUGHT ======
Unhandled Promise: TypeError: Failed to fetch
=============================
====== JS ERROR CAUGHT ======
Unhandled Promise: TypeError: Failed to fetch
=============================
====== JS ERROR CAUGHT ======
Unhandled Promise: TypeError: Failed to fetch
=============================
====== JS ERROR CAUGHT ======
Unhandled Promise: TypeError: Failed to fetch
=============================
====== JS ERROR CAUGHT ======
Unhandled Promise: TypeError: Failed to fetch
=============================
====== JS ERROR CAUGHT ======
Unhandled Promise: TypeError: Failed to fetch
=============================
====== JS ERROR CAUGHT ======
Unhandled Promise: TypeError: Failed to fetch
=============================
====== JS ERROR CAUGHT ======
Unhandled Promise: TypeError: Failed to fetch
=============================
====== JS ERROR CAUGHT ======
Unhandled Promise: TypeError: Failed to fetch
=============================
====== JS ERROR CAUGHT ======
Unhandled Promise: TypeError: Failed to fetch
=============================
====== JS ERROR CAUGHT ======
Unhandled Promise: TypeError: Failed to fetch
=============================
====== JS ERROR CAUGHT ======
Unhandled Promise: TypeError: Failed to fetch
=============================
====== JS ERROR CAUGHT ======
Unhandled Promise: TypeError: Failed to fetch
=============================
====== JS ERROR CAUGHT ======
Unhandled Promise: TypeError: Failed to fetch
=============================
====== JS ERROR CAUGHT ======
Unhandled Promise: TypeError: Failed to fetch
=============================
====== JS ERROR CAUGHT ======
Unhandled Promise: TypeError: Failed to fetch
=============================
====== JS ERROR CAUGHT ======
Unhandled Promise: TypeError: Failed to fetch
=============================
====== JS ERROR CAUGHT ======
Unhandled Promise: TypeError: Failed to fetch
=============================
====== JS ERROR CAUGHT ======
Unhandled Promise: TypeError: Failed to fetch
=============================
====== JS ERROR CAUGHT ======
Unhandled Promise: TypeError: Failed to fetch
=============================
====== JS ERROR CAUGHT ======
Unhandled Promise: TypeError: Failed to fetch
=============================
====== JS ERROR CAUGHT ======
Unhandled Promise: TypeError: Failed to fetch
=============================
====== JS ERROR CAUGHT ======
Unhandled Promise: TypeError: Failed to fetch
=============================
====== JS ERROR CAUGHT ======
Unhandled Promise: TypeError: Failed to fetch
=============================
====== JS ERROR CAUGHT ======
Unhandled Promise: TypeError: Failed to fetch
=============================
====== JS ERROR CAUGHT ======
Unhandled Promise: TypeError: Failed to fetch
=============================
====== JS ERROR CAUGHT ======
Unhandled Promise: TypeError: Failed to fetch
=============================
====== JS ERROR CAUGHT ======
Unhandled Promise: TypeError: Failed to fetch
=============================
====== JS ERROR CAUGHT ======
Unhandled Promise: TypeError: Failed to fetch
=============================
====== JS ERROR CAUGHT ======
Unhandled Promise: TypeError: Failed to fetch
=============================
====== JS ERROR CAUGHT ======
Unhandled Promise: TypeError: Failed to fetch
=============================
====== JS ERROR CAUGHT ======
Unhandled Promise: TypeError: Failed to fetch
=============================
====== JS ERROR CAUGHT ======
Unhandled Promise: TypeError: Failed to fetch
=============================
====== JS ERROR CAUGHT ======
Unhandled Promise: TypeError: Failed to fetch
=============================
====== JS ERROR CAUGHT ======
Unhandled Promise: TypeError: Failed to fetch
=============================
====== JS ERROR CAUGHT ======
Unhandled Promise: TypeError: Failed to fetch
=============================
====== JS ERROR CAUGHT ======
Unhandled Promise: TypeError: Failed to fetch
=============================
====== JS ERROR CAUGHT ======
Unhandled Promise: TypeError: Failed to fetch
=============================
====== JS ERROR CAUGHT ======
Unhandled Promise: TypeError: Failed to fetch
=============================
====== JS ERROR CAUGHT ======
Unhandled Promise: TypeError: Failed to fetch
=============================
====== JS ERROR CAUGHT ======
Unhandled Promise: TypeError: Failed to fetch
=============================
====== JS ERROR CAUGHT ======
Unhandled Promise: TypeError: Failed to fetch
=============================
====== JS ERROR CAUGHT ======
Unhandled Promise: TypeError: Failed to fetch
=============================
====== JS ERROR CAUGHT ======
Unhandled Promise: TypeError: Failed to fetch
=============================
====== JS ERROR CAUGHT ======
Unhandled Promise: TypeError: Failed to fetch
=============================
====== JS ERROR CAUGHT ======
Unhandled Promise: TypeError: Failed to fetch
=============================
====== JS ERROR CAUGHT ======
Unhandled Promise: TypeError: Failed to fetch
=============================
====== JS ERROR CAUGHT ======
Unhandled Promise: TypeError: Failed to fetch
=============================
====== JS ERROR CAUGHT ======
Unhandled Promise: TypeError: Failed to fetch
=============================
====== JS ERROR CAUGHT ======
Unhandled Promise: TypeError: Failed to fetch
=============================
====== JS ERROR CAUGHT ======
Unhandled Promise: TypeError: Failed to fetch
=============================
====== JS ERROR CAUGHT ======
Unhandled Promise: TypeError: Failed to fetch
=============================
====== JS ERROR CAUGHT ======
Unhandled Promise: TypeError: Failed to fetch
=============================
====== JS ERROR CAUGHT ======
Unhandled Promise: TypeError: Failed to fetch
=============================
====== JS ERROR CAUGHT ======
Unhandled Promise: TypeError: Failed to fetch
=============================
====== JS ERROR CAUGHT ======
Unhandled Promise: TypeError: Failed to fetch
=============================
====== JS ERROR CAUGHT ======
Unhandled Promise: TypeError: Failed to fetch
=============================
====== JS ERROR CAUGHT ======
Unhandled Promise: TypeError: Failed to fetch
=============================
====== JS ERROR CAUGHT ======
Unhandled Promise: TypeError: Failed to fetch
=============================
====== JS ERROR CAUGHT ======
Unhandled Promise: TypeError: Failed to fetch
=============================
====== JS ERROR CAUGHT ======
Unhandled Promise: TypeError: Failed to fetch
=============================
====== JS ERROR CAUGHT ======
Unhandled Promise: TypeError: Failed to fetch
=============================
====== JS ERROR CAUGHT ======
Unhandled Promise: TypeError: Failed to fetch
=============================
====== JS ERROR CAUGHT ======
Unhandled Promise: TypeError: Failed to fetch
=============================
====== JS ERROR CAUGHT ======
Unhandled Promise: TypeError: Failed to fetch
=============================
====== JS ERROR CAUGHT ======
Unhandled Promise: TypeError: Failed to fetch
=============================
====== JS ERROR CAUGHT ======
Unhandled Promise: TypeError: Failed to fetch
=============================
====== JS ERROR CAUGHT ======
Unhandled Promise: TypeError: Failed to fetch
=============================
====== JS ERROR CAUGHT ======
Unhandled Promise: TypeError: Failed to fetch
=============================
====== JS ERROR CAUGHT ======
Unhandled Promise: TypeError: Failed to fetch
=============================
====== JS ERROR CAUGHT ======
Unhandled Promise: TypeError: Failed to fetch
=============================
====== JS ERROR CAUGHT ======
Unhandled Promise: TypeError: Failed to fetch
=============================
====== JS ERROR CAUGHT ======
Unhandled Promise: TypeError: Failed to fetch
=============================
====== JS ERROR CAUGHT ======
Unhandled Promise: TypeError: Failed to fetch
=============================
====== JS ERROR CAUGHT ======
Unhandled Promise: TypeError: Failed to fetch
=============================
====== JS ERROR CAUGHT ======
Unhandled Promise: TypeError: Failed to fetch
=============================
====== JS ERROR CAUGHT ======
Unhandled Promise: TypeError: Failed to fetch
=============================
====== JS ERROR CAUGHT ======
Unhandled Promise: TypeError: Failed to fetch
=============================
====== JS ERROR CAUGHT ======
Unhandled Promise: TypeError: Failed to fetch
=============================
====== JS ERROR CAUGHT ======
Unhandled Promise: TypeError: Failed to fetch
=============================
====== JS ERROR CAUGHT ======
Unhandled Promise: TypeError: Failed to fetch
=============================
====== JS ERROR CAUGHT ======
Unhandled Promise: TypeError: Failed to fetch
=============================
====== JS ERROR CAUGHT ======
Unhandled Promise: TypeError: Failed to fetch
=============================
====== JS ERROR CAUGHT ======
Unhandled Promise: TypeError: Failed to fetch
=============================
====== JS ERROR CAUGHT ======
Unhandled Promise: TypeError: Failed to fetch
=============================
====== JS ERROR CAUGHT ======
Unhandled Promise: TypeError: Failed to fetch
=============================
====== JS ERROR CAUGHT ======
Unhandled Promise: TypeError: Failed to fetch
=============================
====== JS ERROR CAUGHT ======
Unhandled Promise: TypeError: Failed to fetch
=============================
====== JS ERROR CAUGHT ======
Unhandled Promise: TypeError: Failed to fetch
=============================
====== JS ERROR CAUGHT ======
Unhandled Promise: TypeError: Failed to fetch
=============================
====== JS ERROR CAUGHT ======
Unhandled Promise: TypeError: Failed to fetch
=============================
====== JS ERROR CAUGHT ======
Unhandled Promise: TypeError: Failed to fetch
=============================
====== JS ERROR CAUGHT ======
Unhandled Promise: TypeError: Failed to fetch
=============================
====== JS ERROR CAUGHT ======
Unhandled Promise: TypeError: Failed to fetch
=============================
====== JS ERROR CAUGHT ======
Unhandled Promise: TypeError: Failed to fetch
=============================
====== JS ERROR CAUGHT ======
Unhandled Promise: TypeError: Failed to fetch
=============================
====== JS ERROR CAUGHT ======
Unhandled Promise: TypeError: Failed to fetch
=============================
====== JS ERROR CAUGHT ======
Unhandled Promise: TypeError: Failed to fetch
=============================
====== JS ERROR CAUGHT ======
Unhandled Promise: TypeError: Failed to fetch
=============================
====== JS ERROR CAUGHT ======
Unhandled Promise: TypeError: Failed to fetch
=============================
====== JS ERROR CAUGHT ======
Unhandled Promise: TypeError: Failed to fetch
=============================
====== JS ERROR CAUGHT ======
Unhandled Promise: TypeError: Failed to fetch
=============================
====== JS ERROR CAUGHT ======
Unhandled Promise: TypeError: Failed to fetch
=============================
====== JS ERROR CAUGHT ======
Unhandled Promise: TypeError: Failed to fetch
=============================
====== JS ERROR CAUGHT ======
Unhandled Promise: TypeError: Failed to fetch
=============================
====== JS ERROR CAUGHT ======
Unhandled Promise: TypeError: Failed to fetch
=============================
====== JS ERROR CAUGHT ======
Unhandled Promise: TypeError: Failed to fetch
=============================
====== JS ERROR CAUGHT ======
Unhandled Promise: TypeError: Failed to fetch
=============================
====== JS ERROR CAUGHT ======
Unhandled Promise: TypeError: Failed to fetch
=============================
====== JS ERROR CAUGHT ======
Unhandled Promise: TypeError: Failed to fetch
=============================
====== JS ERROR CAUGHT ======
Unhandled Promise: TypeError: Failed to fetch
=============================
====== JS ERROR CAUGHT ======
Unhandled Promise: TypeError: Failed to fetch
=============================
====== JS ERROR CAUGHT ======
Unhandled Promise: TypeError: Failed to fetch
=============================
====== JS ERROR CAUGHT ======
Unhandled Promise: TypeError: Failed to fetch
=============================
====== JS ERROR CAUGHT ======
Unhandled Promise: TypeError: Failed to fetch
=============================
====== JS ERROR CAUGHT ======
Unhandled Promise: TypeError: Failed to fetch
=============================
====== JS ERROR CAUGHT ======
Unhandled Promise: TypeError: Failed to fetch
=============================
====== JS ERROR CAUGHT ======
Unhandled Promise: TypeError: Failed to fetch
=============================
====== JS ERROR CAUGHT ======
Unhandled Promise: TypeError: Failed to fetch
=============================
====== JS ERROR CAUGHT ======
Unhandled Promise: TypeError: Failed to fetch
=============================
====== JS ERROR CAUGHT ======
Unhandled Promise: TypeError: Failed to fetch
=============================
====== JS ERROR CAUGHT ======
Unhandled Promise: TypeError: Failed to fetch
=============================
====== JS ERROR CAUGHT ======
Unhandled Promise: TypeError: Failed to fetch
=============================
====== JS ERROR CAUGHT ======
Unhandled Promise: TypeError: Failed to fetch
=============================
====== JS ERROR CAUGHT ======
Unhandled Promise: TypeError: Failed to fetch
=============================
====== JS ERROR CAUGHT ======
Unhandled Promise: TypeError: Failed to fetch
=============================
====== JS ERROR CAUGHT ======
Unhandled Promise: TypeError: Failed to fetch
=============================
====== JS ERROR CAUGHT ======
Unhandled Promise: TypeError: Failed to fetch
=============================
====== JS ERROR CAUGHT ======
Unhandled Promise: TypeError: Failed to fetch
=============================
====== JS ERROR CAUGHT ======
Unhandled Promise: TypeError: Failed to fetch
=============================
====== JS ERROR CAUGHT ======
Unhandled Promise: TypeError: Failed to fetch
=============================
====== JS ERROR CAUGHT ======
Unhandled Promise: TypeError: Failed to fetch
=============================
====== JS ERROR CAUGHT ======
Unhandled Promise: TypeError: Failed to fetch
=============================
====== JS ERROR CAUGHT ======
Unhandled Promise: TypeError: Failed to fetch
=============================
====== JS ERROR CAUGHT ======
Unhandled Promise: TypeError: Failed to fetch
=============================
====== JS ERROR CAUGHT ======
Unhandled Promise: TypeError: Failed to fetch
=============================
====== JS ERROR CAUGHT ======
Unhandled Promise: TypeError: Failed to fetch
=============================
====== JS ERROR CAUGHT ======
Unhandled Promise: TypeError: Failed to fetch
=============================
====== JS ERROR CAUGHT ======
Unhandled Promise: TypeError: Failed to fetch
=============================
====== JS ERROR CAUGHT ======
Unhandled Promise: TypeError: Failed to fetch
=============================
====== JS ERROR CAUGHT ======
Unhandled Promise: TypeError: Failed to fetch
=============================
====== JS ERROR CAUGHT ======
Unhandled Promise: TypeError: Failed to fetch
=============================
====== JS ERROR CAUGHT ======
Unhandled Promise: TypeError: Failed to fetch
=============================
====== JS ERROR CAUGHT ======
Unhandled Promise: TypeError: Failed to fetch
=============================
====== JS ERROR CAUGHT ======
Unhandled Promise: TypeError: Failed to fetch
=============================
====== JS ERROR CAUGHT ======
Unhandled Promise: TypeError: Failed to fetch
=============================
====== JS ERROR CAUGHT ======
Unhandled Promise: TypeError: Failed to fetch
=============================
====== JS ERROR CAUGHT ======
Unhandled Promise: TypeError: Failed to fetch
=============================
====== JS ERROR CAUGHT ======
Unhandled Promise: TypeError: Failed to fetch
=============================
====== JS ERROR CAUGHT ======
Unhandled Promise: TypeError: Failed to fetch
=============================
====== JS ERROR CAUGHT ======
Unhandled Promise: TypeError: Failed to fetch
=============================
====== JS ERROR CAUGHT ======
Unhandled Promise: TypeError: Failed to fetch
=============================
====== JS ERROR CAUGHT ======
Unhandled Promise: TypeError: Failed to fetch
=============================
====== JS ERROR CAUGHT ======
Unhandled Promise: TypeError: Failed to fetch
=============================
====== JS ERROR CAUGHT ======
Unhandled Promise: TypeError: Failed to fetch
=============================
====== JS ERROR CAUGHT ======
Unhandled Promise: TypeError: Failed to fetch
=============================
====== JS ERROR CAUGHT ======
Unhandled Promise: TypeError: Failed to fetch
=============================
====== JS ERROR CAUGHT ======
Unhandled Promise: TypeError: Failed to fetch
=============================
====== JS ERROR CAUGHT ======
Unhandled Promise: TypeError: Failed to fetch
=============================
====== JS ERROR CAUGHT ======
Unhandled Promise: TypeError: Failed to fetch
=============================
====== JS ERROR CAUGHT ======
Unhandled Promise: TypeError: Failed to fetch
=============================
====== JS ERROR CAUGHT ======
Unhandled Promise: TypeError: Failed to fetch
=============================
====== JS ERROR CAUGHT ======
Unhandled Promise: TypeError: Failed to fetch
=============================
====== JS ERROR CAUGHT ======
Unhandled Promise: TypeError: Failed to fetch
=============================
====== JS ERROR CAUGHT ======
Unhandled Promise: TypeError: Failed to fetch
=============================
====== JS ERROR CAUGHT ======
Unhandled Promise: TypeError: Failed to fetch
=============================
====== JS ERROR CAUGHT ======
Unhandled Promise: TypeError: Failed to fetch
=============================
====== JS ERROR CAUGHT ======
Unhandled Promise: TypeError: Failed to fetch
=============================
====== JS ERROR CAUGHT ======
Unhandled Promise: TypeError: Failed to fetch
=============================
====== JS ERROR CAUGHT ======
Unhandled Promise: TypeError: Failed to fetch
=============================
====== JS ERROR CAUGHT ======
Unhandled Promise: TypeError: Failed to fetch
=============================
====== JS ERROR CAUGHT ======
Unhandled Promise: TypeError: Failed to fetch
=============================
====== JS ERROR CAUGHT ======
Unhandled Promise: TypeError: Failed to fetch
=============================
====== JS ERROR CAUGHT ======
Unhandled Promise: TypeError: Failed to fetch
=============================
====== JS ERROR CAUGHT ======
Unhandled Promise: TypeError: Failed to fetch
=============================
====== JS ERROR CAUGHT ======
Unhandled Promise: TypeError: Failed to fetch
=============================
====== JS ERROR CAUGHT ======
Unhandled Promise: TypeError: Failed to fetch
=============================
====== JS ERROR CAUGHT ======
Unhandled Promise: TypeError: Failed to fetch
=============================
====== JS ERROR CAUGHT ======
Unhandled Promise: TypeError: Failed to fetch
=============================
====== JS ERROR CAUGHT ======
Unhandled Promise: TypeError: Failed to fetch
=============================
====== JS ERROR CAUGHT ======
Unhandled Promise: TypeError: Failed to fetch
=============================
====== JS ERROR CAUGHT ======
Unhandled Promise: TypeError: Failed to fetch
=============================
====== JS ERROR CAUGHT ======
Unhandled Promise: TypeError: Failed to fetch
=============================
====== JS ERROR CAUGHT ======
Unhandled Promise: TypeError: Failed to fetch
=============================
====== JS ERROR CAUGHT ======
Unhandled Promise: TypeError: Failed to fetch
=============================
====== JS ERROR CAUGHT ======
Unhandled Promise: TypeError: Failed to fetch
=============================
====== JS ERROR CAUGHT ======
Unhandled Promise: TypeError: Failed to fetch
=============================
====== JS ERROR CAUGHT ======
Unhandled Promise: TypeError: Failed to fetch
=============================
====== JS ERROR CAUGHT ======
Unhandled Promise: TypeError: Failed to fetch
=============================
====== JS ERROR CAUGHT ======
Unhandled Promise: TypeError: Failed to fetch
=============================
====== JS ERROR CAUGHT ======
Unhandled Promise: TypeError: Failed to fetch
=============================
====== JS ERROR CAUGHT ======
Unhandled Promise: TypeError: Failed to fetch
=============================
====== JS ERROR CAUGHT ======
Unhandled Promise: TypeError: Failed to fetch
=============================
====== JS ERROR CAUGHT ======
Unhandled Promise: TypeError: Failed to fetch
=============================
====== JS ERROR CAUGHT ======
Unhandled Promise: TypeError: Failed to fetch
=============================
====== JS ERROR CAUGHT ======
Unhandled Promise: TypeError: Failed to fetch
=============================
====== JS ERROR CAUGHT ======
Unhandled Promise: TypeError: Failed to fetch
=============================
====== JS ERROR CAUGHT ======
Unhandled Promise: TypeError: Failed to fetch
=============================
====== JS ERROR CAUGHT ======
Unhandled Promise: TypeError: Failed to fetch
=============================
====== JS ERROR CAUGHT ======
Unhandled Promise: TypeError: Failed to fetch
=============================
====== JS ERROR CAUGHT ======
Unhandled Promise: TypeError: Failed to fetch
=============================
====== JS ERROR CAUGHT ======
Unhandled Promise: TypeError: Failed to fetch
=============================
====== JS ERROR CAUGHT ======
Unhandled Promise: TypeError: Failed to fetch
=============================
====== JS ERROR CAUGHT ======
Unhandled Promise: TypeError: Failed to fetch
=============================
====== JS ERROR CAUGHT ======
Unhandled Promise: TypeError: Failed to fetch
=============================
====== JS ERROR CAUGHT ======
Unhandled Promise: TypeError: Failed to fetch
=============================
====== JS ERROR CAUGHT ======
Unhandled Promise: TypeError: Failed to fetch
=============================
====== JS ERROR CAUGHT ======
Unhandled Promise: TypeError: Failed to fetch
=============================
====== JS ERROR CAUGHT ======
Unhandled Promise: TypeError: Failed to fetch
=============================
====== JS ERROR CAUGHT ======
Unhandled Promise: TypeError: Failed to fetch
=============================
====== JS ERROR CAUGHT ======
Unhandled Promise: TypeError: Failed to fetch
=============================
====== JS ERROR CAUGHT ======
Unhandled Promise: TypeError: Failed to fetch
=============================
====== JS ERROR CAUGHT ======
Unhandled Promise: TypeError: Failed to fetch
=============================
====== JS ERROR CAUGHT ======
Unhandled Promise: TypeError: Failed to fetch
=============================
====== JS ERROR CAUGHT ======
Unhandled Promise: TypeError: Failed to fetch
=============================
====== JS ERROR CAUGHT ======
Unhandled Promise: TypeError: Failed to fetch
=============================
====== JS ERROR CAUGHT ======
Unhandled Promise: TypeError: Failed to fetch
=============================
====== JS ERROR CAUGHT ======
Unhandled Promise: TypeError: Failed to fetch
=============================
====== JS ERROR CAUGHT ======
Unhandled Promise: TypeError: Failed to fetch
=============================
====== JS ERROR CAUGHT ======
Unhandled Promise: TypeError: Failed to fetch
=============================
====== JS ERROR CAUGHT ======
Unhandled Promise: TypeError: Failed to fetch
=============================
====== JS ERROR CAUGHT ======
Unhandled Promise: TypeError: Failed to fetch
=============================
====== JS ERROR CAUGHT ======
Unhandled Promise: TypeError: Failed to fetch
=============================
====== JS ERROR CAUGHT ======
Unhandled Promise: TypeError: Failed to fetch
=============================
====== JS ERROR CAUGHT ======
Unhandled Promise: TypeError: Failed to fetch
=============================
====== JS ERROR CAUGHT ======
Unhandled Promise: TypeError: Failed to fetch
=============================
====== JS ERROR CAUGHT ======
Unhandled Promise: TypeError: Failed to fetch
=============================
====== JS ERROR CAUGHT ======
Unhandled Promise: TypeError: Failed to fetch
=============================
====== JS ERROR CAUGHT ======
Unhandled Promise: TypeError: Failed to fetch
=============================
====== JS ERROR CAUGHT ======
Unhandled Promise: TypeError: Failed to fetch
=============================
====== JS ERROR CAUGHT ======
Unhandled Promise: TypeError: Failed to fetch
=============================
====== JS ERROR CAUGHT ======
Unhandled Promise: TypeError: Failed to fetch
=============================
====== JS ERROR CAUGHT ======
Unhandled Promise: TypeError: Failed to fetch
=============================
====== JS ERROR CAUGHT ======
Unhandled Promise: TypeError: Failed to fetch
=============================
====== JS ERROR CAUGHT ======
Unhandled Promise: TypeError: Failed to fetch
=============================
====== JS ERROR CAUGHT ======
Unhandled Promise: TypeError: Failed to fetch
=============================
====== JS ERROR CAUGHT ======
Unhandled Promise: TypeError: Failed to fetch
=============================
====== JS ERROR CAUGHT ======
Unhandled Promise: TypeError: Failed to fetch
=============================
====== JS ERROR CAUGHT ======
Unhandled Promise: TypeError: Failed to fetch
=============================
====== JS ERROR CAUGHT ======
Unhandled Promise: TypeError: Failed to fetch
=============================
====== JS ERROR CAUGHT ======
Unhandled Promise: TypeError: Failed to fetch
=============================
====== JS ERROR CAUGHT ======
Unhandled Promise: TypeError: Failed to fetch
=============================
====== JS ERROR CAUGHT ======
Unhandled Promise: TypeError: Failed to fetch
=============================
====== JS ERROR CAUGHT ======
Unhandled Promise: TypeError: Failed to fetch
=============================
====== JS ERROR CAUGHT ======
Unhandled Promise: TypeError: Failed to fetch
=============================
====== JS ERROR CAUGHT ======
Unhandled Promise: TypeError: Failed to fetch
=============================
====== JS ERROR CAUGHT ======
Unhandled Promise: TypeError: Failed to fetch
=============================
====== JS ERROR CAUGHT ======
Unhandled Promise: TypeError: Failed to fetch
=============================
====== JS ERROR CAUGHT ======
Unhandled Promise: TypeError: Failed to fetch
=============================
====== JS ERROR CAUGHT ======
Unhandled Promise: TypeError: Failed to fetch
=============================
====== JS ERROR CAUGHT ======
Unhandled Promise: TypeError: Failed to fetch
=============================
====== JS ERROR CAUGHT ======
Unhandled Promise: TypeError: Failed to fetch
=============================
====== JS ERROR CAUGHT ======
Unhandled Promise: TypeError: Failed to fetch
=============================
====== JS ERROR CAUGHT ======
Unhandled Promise: TypeError: Failed to fetch
=============================
====== JS ERROR CAUGHT ======
Unhandled Promise: TypeError: Failed to fetch
=============================
====== JS ERROR CAUGHT ======
Unhandled Promise: TypeError: Failed to fetch
=============================
====== JS ERROR CAUGHT ======
Unhandled Promise: TypeError: Failed to fetch
=============================
====== JS ERROR CAUGHT ======
Unhandled Promise: TypeError: Failed to fetch
=============================
====== JS ERROR CAUGHT ======
Unhandled Promise: TypeError: Failed to fetch
=============================
====== JS ERROR CAUGHT ======
Unhandled Promise: TypeError: Failed to fetch
=============================
====== JS ERROR CAUGHT ======
Unhandled Promise: TypeError: Failed to fetch
=============================
====== JS ERROR CAUGHT ======
Unhandled Promise: TypeError: Failed to fetch
=============================
====== JS ERROR CAUGHT ======
Unhandled Promise: TypeError: Failed to fetch
=============================
====== JS ERROR CAUGHT ======
Unhandled Promise: TypeError: Failed to fetch
=============================
====== JS ERROR CAUGHT ======
Unhandled Promise: TypeError: Failed to fetch
=============================
====== JS ERROR CAUGHT ======
Unhandled Promise: TypeError: Failed to fetch
=============================
====== JS ERROR CAUGHT ======
Unhandled Promise: TypeError: Failed to fetch
=============================
====== JS ERROR CAUGHT ======
Unhandled Promise: TypeError: Failed to fetch
=============================
====== JS ERROR CAUGHT ======
Unhandled Promise: TypeError: Failed to fetch
=============================
====== JS ERROR CAUGHT ======
Unhandled Promise: TypeError: Failed to fetch
=============================
====== JS ERROR CAUGHT ======
Unhandled Promise: TypeError: Failed to fetch
=============================
====== JS ERROR CAUGHT ======
Unhandled Promise: TypeError: Failed to fetch
=============================
====== JS ERROR CAUGHT ======
Unhandled Promise: TypeError: Failed to fetch
=============================
====== JS ERROR CAUGHT ======
Unhandled Promise: TypeError: Failed to fetch
=============================
====== JS ERROR CAUGHT ======
Unhandled Promise: TypeError: Failed to fetch
=============================
====== JS ERROR CAUGHT ======
Unhandled Promise: TypeError: Failed to fetch
=============================
====== JS ERROR CAUGHT ======
Unhandled Promise: TypeError: Failed to fetch
=============================
====== JS ERROR CAUGHT ======
Unhandled Promise: TypeError: Failed to fetch
=============================
====== JS ERROR CAUGHT ======
Unhandled Promise: TypeError: Failed to fetch
=============================
====== JS ERROR CAUGHT ======
Unhandled Promise: TypeError: Failed to fetch
=============================
====== JS ERROR CAUGHT ======
Unhandled Promise: TypeError: Failed to fetch
=============================
====== JS ERROR CAUGHT ======
Unhandled Promise: TypeError: Failed to fetch
=============================
====== JS ERROR CAUGHT ======
Unhandled Promise: TypeError: Failed to fetch
=============================
====== JS ERROR CAUGHT ======
Unhandled Promise: TypeError: Failed to fetch
=============================
====== JS ERROR CAUGHT ======
Unhandled Promise: TypeError: Failed to fetch
=============================
====== JS ERROR CAUGHT ======
Unhandled Promise: TypeError: Failed to fetch
=============================
====== JS ERROR CAUGHT ======
Unhandled Promise: TypeError: Failed to fetch
=============================
====== JS ERROR CAUGHT ======
Unhandled Promise: TypeError: Failed to fetch
=============================
====== JS ERROR CAUGHT ======
Unhandled Promise: TypeError: Failed to fetch
=============================
====== JS ERROR CAUGHT ======
Unhandled Promise: TypeError: Failed to fetch
=============================
====== JS ERROR CAUGHT ======
Unhandled Promise: TypeError: Failed to fetch
=============================
====== JS ERROR CAUGHT ======
Unhandled Promise: TypeError: Failed to fetch
=============================
====== JS ERROR CAUGHT ======
Unhandled Promise: TypeError: Failed to fetch
=============================
====== JS ERROR CAUGHT ======
Unhandled Promise: TypeError: Failed to fetch
=============================
====== JS ERROR CAUGHT ======
Unhandled Promise: TypeError: Failed to fetch
=============================
====== JS ERROR CAUGHT ======
Unhandled Promise: TypeError: Failed to fetch
=============================
====== JS ERROR CAUGHT ======
Unhandled Promise: TypeError: Failed to fetch
=============================
====== JS ERROR CAUGHT ======
Unhandled Promise: TypeError: Failed to fetch
=============================
====== JS ERROR CAUGHT ======
Unhandled Promise: TypeError: Failed to fetch
=============================
====== JS ERROR CAUGHT ======
Unhandled Promise: TypeError: Failed to fetch
=============================
====== JS ERROR CAUGHT ======
Unhandled Promise: TypeError: Failed to fetch
=============================
====== JS ERROR CAUGHT ======
Unhandled Promise: TypeError: Failed to fetch
=============================
====== JS ERROR CAUGHT ======
Unhandled Promise: TypeError: Failed to fetch
=============================
====== JS ERROR CAUGHT ======
Unhandled Promise: TypeError: Failed to fetch
=============================
====== JS ERROR CAUGHT ======
Unhandled Promise: TypeError: Failed to fetch
=============================
====== JS ERROR CAUGHT ======
Unhandled Promise: TypeError: Failed to fetch
=============================
====== JS ERROR CAUGHT ======
Unhandled Promise: TypeError: Failed to fetch
=============================
====== JS ERROR CAUGHT ======
Unhandled Promise: TypeError: Failed to fetch
=============================
====== JS ERROR CAUGHT ======
Unhandled Promise: TypeError: Failed to fetch
=============================
====== JS ERROR CAUGHT ======
Unhandled Promise: TypeError: Failed to fetch
=============================
====== JS ERROR CAUGHT ======
Unhandled Promise: TypeError: Failed to fetch
=============================
====== JS ERROR CAUGHT ======
Unhandled Promise: TypeError: Failed to fetch
=============================
====== JS ERROR CAUGHT ======
Unhandled Promise: TypeError: Failed to fetch
=============================
====== JS ERROR CAUGHT ======
Unhandled Promise: TypeError: Failed to fetch
=============================
====== JS ERROR CAUGHT ======
Unhandled Promise: TypeError: Failed to fetch
=============================
====== JS ERROR CAUGHT ======
Unhandled Promise: TypeError: Failed to fetch
=============================
====== JS ERROR CAUGHT ======
Unhandled Promise: TypeError: Failed to fetch
=============================
====== JS ERROR CAUGHT ======
Unhandled Promise: TypeError: Failed to fetch
=============================
====== JS ERROR CAUGHT ======
Unhandled Promise: TypeError: Failed to fetch
=============================
====== JS ERROR CAUGHT ======
Unhandled Promise: TypeError: Failed to fetch
=============================
====== JS ERROR CAUGHT ======
Unhandled Promise: TypeError: Failed to fetch
=============================
====== JS ERROR CAUGHT ======
Unhandled Promise: TypeError: Failed to fetch
=============================
====== JS ERROR CAUGHT ======
Unhandled Promise: TypeError: Failed to fetch
=============================
====== JS ERROR CAUGHT ======
Unhandled Promise: TypeError: Failed to fetch
=============================
====== JS ERROR CAUGHT ======
Unhandled Promise: TypeError: Failed to fetch
=============================
====== JS ERROR CAUGHT ======
Unhandled Promise: TypeError: Failed to fetch
=============================
====== JS ERROR CAUGHT ======
Unhandled Promise: TypeError: Failed to fetch
=============================
====== JS ERROR CAUGHT ======
Unhandled Promise: TypeError: Failed to fetch
=============================
====== JS ERROR CAUGHT ======
Unhandled Promise: TypeError: Failed to fetch
=============================
====== JS ERROR CAUGHT ======
Unhandled Promise: TypeError: Failed to fetch
=============================
====== JS ERROR CAUGHT ======
Unhandled Promise: TypeError: Failed to fetch
=============================
====== JS ERROR CAUGHT ======
Unhandled Promise: TypeError: Failed to fetch
=============================
====== JS ERROR CAUGHT ======
Unhandled Promise: TypeError: Failed to fetch
=============================
====== JS ERROR CAUGHT ======
Unhandled Promise: TypeError: Failed to fetch
=============================
====== JS ERROR CAUGHT ======
Unhandled Promise: TypeError: Failed to fetch
=============================
====== JS ERROR CAUGHT ======
Unhandled Promise: TypeError: Failed to fetch
=============================
====== JS ERROR CAUGHT ======
Unhandled Promise: TypeError: Failed to fetch
=============================
====== JS ERROR CAUGHT ======
Unhandled Promise: TypeError: Failed to fetch
=============================
====== JS ERROR CAUGHT ======
Unhandled Promise: TypeError: Failed to fetch
=============================
====== JS ERROR CAUGHT ======
Unhandled Promise: TypeError: Failed to fetch
=============================
====== JS ERROR CAUGHT ======
Unhandled Promise: TypeError: Failed to fetch
=============================
====== JS ERROR CAUGHT ======
Unhandled Promise: TypeError: Failed to fetch
=============================
====== JS ERROR CAUGHT ======
Unhandled Promise: TypeError: Failed to fetch
=============================
====== JS ERROR CAUGHT ======
Unhandled Promise: TypeError: Failed to fetch
=============================
====== JS ERROR CAUGHT ======
Unhandled Promise: TypeError: Failed to fetch
=============================
====== JS ERROR CAUGHT ======
Unhandled Promise: TypeError: Failed to fetch
=============================
====== JS ERROR CAUGHT ======
Unhandled Promise: TypeError: Failed to fetch
=============================
====== JS ERROR CAUGHT ======
Unhandled Promise: TypeError: Failed to fetch
=============================
====== JS ERROR CAUGHT ======
Unhandled Promise: TypeError: Failed to fetch
=============================
====== JS ERROR CAUGHT ======
Unhandled Promise: TypeError: Failed to fetch
=============================
====== JS ERROR CAUGHT ======
Unhandled Promise: TypeError: Failed to fetch
=============================
====== JS ERROR CAUGHT ======
Unhandled Promise: TypeError: Failed to fetch
=============================
====== JS ERROR CAUGHT ======
Unhandled Promise: TypeError: Failed to fetch
=============================
====== JS ERROR CAUGHT ======
Unhandled Promise: TypeError: Failed to fetch
=============================
====== JS ERROR CAUGHT ======
Unhandled Promise: TypeError: Failed to fetch
=============================
====== JS ERROR CAUGHT ======
Unhandled Promise: TypeError: Failed to fetch
=============================
====== JS ERROR CAUGHT ======
Unhandled Promise: TypeError: Failed to fetch
=============================
====== JS ERROR CAUGHT ======
Unhandled Promise: TypeError: Failed to fetch
=============================
====== JS ERROR CAUGHT ======
Unhandled Promise: TypeError: Failed to fetch
=============================
====== JS ERROR CAUGHT ======
Unhandled Promise: TypeError: Failed to fetch
=============================
====== JS ERROR CAUGHT ======
Unhandled Promise: TypeError: Failed to fetch
=============================
====== JS ERROR CAUGHT ======
Unhandled Promise: TypeError: Failed to fetch
=============================
====== JS ERROR CAUGHT ======
Unhandled Promise: TypeError: Failed to fetch
=============================
====== JS ERROR CAUGHT ======
Unhandled Promise: TypeError: Failed to fetch
=============================
====== JS ERROR CAUGHT ======
Unhandled Promise: TypeError: Failed to fetch
=============================
====== JS ERROR CAUGHT ======
Unhandled Promise: TypeError: Failed to fetch
=============================
====== JS ERROR CAUGHT ======
Unhandled Promise: TypeError: Failed to fetch
=============================
====== JS ERROR CAUGHT ======
Unhandled Promise: TypeError: Failed to fetch
=============================
====== JS ERROR CAUGHT ======
Unhandled Promise: TypeError: Failed to fetch
=============================
====== JS ERROR CAUGHT ======
Unhandled Promise: TypeError: Failed to fetch
=============================
====== JS ERROR CAUGHT ======
Unhandled Promise: TypeError: Failed to fetch
=============================
====== JS ERROR CAUGHT ======
Unhandled Promise: TypeError: Failed to fetch
=============================
====== JS ERROR CAUGHT ======
Unhandled Promise: TypeError: Failed to fetch
=============================
====== JS ERROR CAUGHT ======
Unhandled Promise: TypeError: Failed to fetch
=============================
====== JS ERROR CAUGHT ======
Unhandled Promise: TypeError: Failed to fetch
=============================
====== JS ERROR CAUGHT ======
Unhandled Promise: TypeError: Failed to fetch
=============================
====== JS ERROR CAUGHT ======
Unhandled Promise: TypeError: Failed to fetch
=============================
====== JS ERROR CAUGHT ======
Unhandled Promise: TypeError: Failed to fetch
=============================
====== JS ERROR CAUGHT ======
Unhandled Promise: TypeError: Failed to fetch
=============================
====== JS ERROR CAUGHT ======
Unhandled Promise: TypeError: Failed to fetch
=============================
====== JS ERROR CAUGHT ======
Unhandled Promise: TypeError: Failed to fetch
=============================
====== JS ERROR CAUGHT ======
Unhandled Promise: TypeError: Failed to fetch
=============================
====== JS ERROR CAUGHT ======
Unhandled Promise: TypeError: Failed to fetch
=============================
====== JS ERROR CAUGHT ======
Unhandled Promise: TypeError: Failed to fetch
=============================
====== JS ERROR CAUGHT ======
Unhandled Promise: TypeError: Failed to fetch
=============================
====== JS ERROR CAUGHT ======
Unhandled Promise: TypeError: Failed to fetch
=============================
====== JS ERROR CAUGHT ======
Unhandled Promise: TypeError: Failed to fetch
=============================
====== JS ERROR CAUGHT ======
Unhandled Promise: TypeError: Failed to fetch
=============================
====== JS ERROR CAUGHT ======
Unhandled Promise: TypeError: Failed to fetch
=============================
====== JS ERROR CAUGHT ======
Unhandled Promise: TypeError: Failed to fetch
=============================
====== JS ERROR CAUGHT ======
Unhandled Promise: TypeError: Failed to fetch
=============================
====== JS ERROR CAUGHT ======
Unhandled Promise: TypeError: Failed to fetch
=============================
====== JS ERROR CAUGHT ======
Unhandled Promise: TypeError: Failed to fetch
=============================
====== JS ERROR CAUGHT ======
Unhandled Promise: TypeError: Failed to fetch
=============================
====== JS ERROR CAUGHT ======
Unhandled Promise: TypeError: Failed to fetch
=============================
====== JS ERROR CAUGHT ======
Unhandled Promise: TypeError: Failed to fetch
=============================
====== JS ERROR CAUGHT ======
Unhandled Promise: TypeError: Failed to fetch
=============================
====== JS ERROR CAUGHT ======
Unhandled Promise: TypeError: Failed to fetch
=============================
====== JS ERROR CAUGHT ======
Unhandled Promise: TypeError: Failed to fetch
=============================
====== JS ERROR CAUGHT ======
Unhandled Promise: TypeError: Failed to fetch
=============================
====== JS ERROR CAUGHT ======
Unhandled Promise: TypeError: Failed to fetch
=============================
====== JS ERROR CAUGHT ======
Unhandled Promise: TypeError: Failed to fetch
=============================
====== JS ERROR CAUGHT ======
Unhandled Promise: TypeError: Failed to fetch
=============================
====== JS ERROR CAUGHT ======
Unhandled Promise: TypeError: Failed to fetch
=============================
====== JS ERROR CAUGHT ======
Unhandled Promise: TypeError: Failed to fetch
=============================
====== JS ERROR CAUGHT ======
Unhandled Promise: TypeError: Failed to fetch
=============================
====== JS ERROR CAUGHT ======
Unhandled Promise: TypeError: Failed to fetch
=============================
====== JS ERROR CAUGHT ======
Unhandled Promise: TypeError: Failed to fetch
=============================
====== JS ERROR CAUGHT ======
Unhandled Promise: TypeError: Failed to fetch
=============================
====== JS ERROR CAUGHT ======
Unhandled Promise: TypeError: Failed to fetch
=============================
====== JS ERROR CAUGHT ======
Unhandled Promise: TypeError: Failed to fetch
=============================
====== JS ERROR CAUGHT ======
Unhandled Promise: TypeError: Failed to fetch
=============================
====== JS ERROR CAUGHT ======
Unhandled Promise: TypeError: Failed to fetch
=============================
====== JS ERROR CAUGHT ======
Unhandled Promise: TypeError: Failed to fetch
=============================
====== JS ERROR CAUGHT ======
Unhandled Promise: TypeError: Failed to fetch
=============================
====== JS ERROR CAUGHT ======
Unhandled Promise: TypeError: Failed to fetch
=============================
====== JS ERROR CAUGHT ======
Unhandled Promise: TypeError: Failed to fetch
=============================
====== JS ERROR CAUGHT ======
Unhandled Promise: TypeError: Failed to fetch
=============================
====== JS ERROR CAUGHT ======
Unhandled Promise: TypeError: Failed to fetch
=============================
====== JS ERROR CAUGHT ======
Unhandled Promise: TypeError: Failed to fetch
=============================
====== JS ERROR CAUGHT ======
Unhandled Promise: TypeError: Failed to fetch
=============================
====== JS ERROR CAUGHT ======
Unhandled Promise: TypeError: Failed to fetch
=============================
====== JS ERROR CAUGHT ======
Unhandled Promise: TypeError: Failed to fetch
=============================
====== JS ERROR CAUGHT ======
Unhandled Promise: TypeError: Failed to fetch
=============================
====== JS ERROR CAUGHT ======
Unhandled Promise: TypeError: Failed to fetch
=============================
====== JS ERROR CAUGHT ======
Unhandled Promise: TypeError: Failed to fetch
=============================
====== JS ERROR CAUGHT ======
Unhandled Promise: TypeError: Failed to fetch
=============================
====== JS ERROR CAUGHT ======
Unhandled Promise: TypeError: Failed to fetch
=============================
====== JS ERROR CAUGHT ======
Unhandled Promise: TypeError: Failed to fetch
=============================
====== JS ERROR CAUGHT ======
Unhandled Promise: TypeError: Failed to fetch
=============================
====== JS ERROR CAUGHT ======
Unhandled Promise: TypeError: Failed to fetch
=============================
====== JS ERROR CAUGHT ======
Unhandled Promise: TypeError: Failed to fetch
=============================
====== JS ERROR CAUGHT ======
Unhandled Promise: TypeError: Failed to fetch
=============================
====== JS ERROR CAUGHT ======
Unhandled Promise: TypeError: Failed to fetch
=============================
====== JS ERROR CAUGHT ======
Unhandled Promise: TypeError: Failed to fetch
=============================
====== JS ERROR CAUGHT ======
Unhandled Promise: TypeError: Failed to fetch
=============================
====== JS ERROR CAUGHT ======
Unhandled Promise: TypeError: Failed to fetch
=============================
====== JS ERROR CAUGHT ======
Unhandled Promise: TypeError: Failed to fetch
=============================
====== JS ERROR CAUGHT ======
Unhandled Promise: TypeError: Failed to fetch
=============================
====== JS ERROR CAUGHT ======
Unhandled Promise: TypeError: Failed to fetch
=============================
====== JS ERROR CAUGHT ======
Unhandled Promise: TypeError: Failed to fetch
=============================
====== JS ERROR CAUGHT ======
Unhandled Promise: TypeError: Failed to fetch
=============================
====== JS ERROR CAUGHT ======
Unhandled Promise: TypeError: Failed to fetch
=============================
====== JS ERROR CAUGHT ======
Unhandled Promise: TypeError: Failed to fetch
=============================
====== JS ERROR CAUGHT ======
Unhandled Promise: TypeError: Failed to fetch
=============================
====== JS ERROR CAUGHT ======
Unhandled Promise: TypeError: Failed to fetch
=============================
====== JS ERROR CAUGHT ======
Unhandled Promise: TypeError: Failed to fetch
=============================
====== JS ERROR CAUGHT ======
Unhandled Promise: TypeError: Failed to fetch
=============================
====== JS ERROR CAUGHT ======
Unhandled Promise: TypeError: Failed to fetch
=============================
====== JS ERROR CAUGHT ======
Unhandled Promise: TypeError: Failed to fetch
=============================
====== JS ERROR CAUGHT ======
Unhandled Promise: TypeError: Failed to fetch
=============================
====== JS ERROR CAUGHT ======
Unhandled Promise: TypeError: Failed to fetch
=============================
====== JS ERROR CAUGHT ======
Unhandled Promise: TypeError: Failed to fetch
=============================
====== JS ERROR CAUGHT ======
Unhandled Promise: TypeError: Failed to fetch
=============================
====== JS ERROR CAUGHT ======
Unhandled Promise: TypeError: Failed to fetch
=============================
====== JS ERROR CAUGHT ======
Unhandled Promise: TypeError: Failed to fetch
=============================
====== JS ERROR CAUGHT ======
Unhandled Promise: TypeError: Failed to fetch
=============================
====== JS ERROR CAUGHT ======
Unhandled Promise: TypeError: Failed to fetch
=============================
====== JS ERROR CAUGHT ======
Unhandled Promise: TypeError: Failed to fetch
=============================
====== JS ERROR CAUGHT ======
Unhandled Promise: TypeError: Failed to fetch
=============================
====== JS ERROR CAUGHT ======
Unhandled Promise: TypeError: Failed to fetch
=============================
====== JS ERROR CAUGHT ======
Unhandled Promise: TypeError: Failed to fetch
=============================
====== JS ERROR CAUGHT ======
Unhandled Promise: TypeError: Failed to fetch
=============================
====== JS ERROR CAUGHT ======
Unhandled Promise: TypeError: Failed to fetch
=============================
====== JS ERROR CAUGHT ======
Unhandled Promise: TypeError: Failed to fetch
=============================
====== JS ERROR CAUGHT ======
Unhandled Promise: TypeError: Failed to fetch
=============================
====== JS ERROR CAUGHT ======
Unhandled Promise: TypeError: Failed to fetch
=============================
====== JS ERROR CAUGHT ======
Unhandled Promise: TypeError: Failed to fetch
=============================
====== JS ERROR CAUGHT ======
Unhandled Promise: TypeError: Failed to fetch
=============================
====== JS ERROR CAUGHT ======
Unhandled Promise: TypeError: Failed to fetch
=============================
====== JS ERROR CAUGHT ======
Unhandled Promise: TypeError: Failed to fetch
=============================
====== JS ERROR CAUGHT ======
Unhandled Promise: TypeError: Failed to fetch
=============================
====== JS ERROR CAUGHT ======
Unhandled Promise: TypeError: Failed to fetch
=============================
====== JS ERROR CAUGHT ======
Unhandled Promise: TypeError: Failed to fetch
=============================
====== JS ERROR CAUGHT ======
Unhandled Promise: TypeError: Failed to fetch
=============================
====== JS ERROR CAUGHT ======
Unhandled Promise: TypeError: Failed to fetch
=============================
====== JS ERROR CAUGHT ======
Unhandled Promise: TypeError: Failed to fetch
=============================
====== JS ERROR CAUGHT ======
Unhandled Promise: TypeError: Failed to fetch
=============================
====== JS ERROR CAUGHT ======
Unhandled Promise: TypeError: Failed to fetch
=============================
====== JS ERROR CAUGHT ======
Unhandled Promise: TypeError: Failed to fetch
=============================
====== JS ERROR CAUGHT ======
Unhandled Promise: TypeError: Failed to fetch
=============================
====== JS ERROR CAUGHT ======
Unhandled Promise: TypeError: Failed to fetch
=============================
====== JS ERROR CAUGHT ======
Unhandled Promise: TypeError: Failed to fetch
=============================
====== JS ERROR CAUGHT ======
Unhandled Promise: TypeError: Failed to fetch
=============================
====== JS ERROR CAUGHT ======
Unhandled Promise: TypeError: Failed to fetch
=============================
====== JS ERROR CAUGHT ======
Unhandled Promise: TypeError: Failed to fetch
=============================
====== JS ERROR CAUGHT ======
Unhandled Promise: TypeError: Failed to fetch
=============================
====== JS ERROR CAUGHT ======
Unhandled Promise: TypeError: Failed to fetch
=============================
====== JS ERROR CAUGHT ======
Unhandled Promise: TypeError: Failed to fetch
=============================
====== JS ERROR CAUGHT ======
Unhandled Promise: TypeError: Failed to fetch
=============================
====== JS ERROR CAUGHT ======
Unhandled Promise: TypeError: Failed to fetch
=============================
====== JS ERROR CAUGHT ======
Unhandled Promise: TypeError: Failed to fetch
=============================
====== JS ERROR CAUGHT ======
Unhandled Promise: TypeError: Failed to fetch
=============================
====== JS ERROR CAUGHT ======
Unhandled Promise: TypeError: Failed to fetch
=============================
====== JS ERROR CAUGHT ======
Unhandled Promise: TypeError: Failed to fetch
=============================
====== JS ERROR CAUGHT ======
Unhandled Promise: TypeError: Failed to fetch
=============================
====== JS ERROR CAUGHT ======
Unhandled Promise: TypeError: Failed to fetch
=============================
====== JS ERROR CAUGHT ======
Unhandled Promise: TypeError: Failed to fetch
=============================
====== JS ERROR CAUGHT ======
Unhandled Promise: TypeError: Failed to fetch
=============================
====== JS ERROR CAUGHT ======
Unhandled Promise: TypeError: Failed to fetch
=============================
====== JS ERROR CAUGHT ======
Unhandled Promise: TypeError: Failed to fetch
=============================
====== JS ERROR CAUGHT ======
Unhandled Promise: TypeError: Failed to fetch
=============================
====== JS ERROR CAUGHT ======
Unhandled Promise: TypeError: Failed to fetch
=============================
====== JS ERROR CAUGHT ======
Unhandled Promise: TypeError: Failed to fetch
=============================
====== JS ERROR CAUGHT ======
Unhandled Promise: TypeError: Failed to fetch
=============================
====== JS ERROR CAUGHT ======
Unhandled Promise: TypeError: Failed to fetch
=============================
====== JS ERROR CAUGHT ======
Unhandled Promise: TypeError: Failed to fetch
=============================
====== JS ERROR CAUGHT ======
Unhandled Promise: TypeError: Failed to fetch
=============================
====== JS ERROR CAUGHT ======
Unhandled Promise: TypeError: Failed to fetch
=============================
====== JS ERROR CAUGHT ======
Unhandled Promise: TypeError: Failed to fetch
=============================
====== JS ERROR CAUGHT ======
Unhandled Promise: TypeError: Failed to fetch
=============================
====== JS ERROR CAUGHT ======
Unhandled Promise: TypeError: Failed to fetch
=============================
====== JS ERROR CAUGHT ======
Unhandled Promise: TypeError: Failed to fetch
=============================
====== JS ERROR CAUGHT ======
Unhandled Promise: TypeError: Failed to fetch
=============================
====== JS ERROR CAUGHT ======
Unhandled Promise: TypeError: Failed to fetch
=============================
====== JS ERROR CAUGHT ======
Unhandled Promise: TypeError: Failed to fetch
=============================
====== JS ERROR CAUGHT ======
Unhandled Promise: TypeError: Failed to fetch
=============================
====== JS ERROR CAUGHT ======
Unhandled Promise: TypeError: Failed to fetch
=============================
====== JS ERROR CAUGHT ======
Unhandled Promise: TypeError: Failed to fetch
=============================
====== JS ERROR CAUGHT ======
Unhandled Promise: TypeError: Failed to fetch
=============================
====== JS ERROR CAUGHT ======
Unhandled Promise: TypeError: Failed to fetch
=============================
====== JS ERROR CAUGHT ======
Unhandled Promise: TypeError: Failed to fetch
=============================
====== JS ERROR CAUGHT ======
Unhandled Promise: TypeError: Failed to fetch
=============================
====== JS ERROR CAUGHT ======
Unhandled Promise: TypeError: Failed to fetch
=============================
====== JS ERROR CAUGHT ======
Unhandled Promise: TypeError: Failed to fetch
=============================
====== JS ERROR CAUGHT ======
Unhandled Promise: TypeError: Failed to fetch
=============================
====== JS ERROR CAUGHT ======
Unhandled Promise: TypeError: Failed to fetch
=============================
====== JS ERROR CAUGHT ======
Unhandled Promise: TypeError: Failed to fetch
=============================
====== JS ERROR CAUGHT ======
Unhandled Promise: TypeError: Failed to fetch
=============================
====== JS ERROR CAUGHT ======
Unhandled Promise: TypeError: Failed to fetch
=============================
====== JS ERROR CAUGHT ======
Unhandled Promise: TypeError: Failed to fetch
=============================
====== JS ERROR CAUGHT ======
Unhandled Promise: TypeError: Failed to fetch
=============================
====== JS ERROR CAUGHT ======
Unhandled Promise: TypeError: Failed to fetch
=============================
====== JS ERROR CAUGHT ======
Unhandled Promise: TypeError: Failed to fetch
=============================
====== JS ERROR CAUGHT ======
Unhandled Promise: TypeError: Failed to fetch
=============================
====== JS ERROR CAUGHT ======
Unhandled Promise: TypeError: Failed to fetch
=============================
====== JS ERROR CAUGHT ======
Unhandled Promise: TypeError: Failed to fetch
=============================
====== JS ERROR CAUGHT ======
Unhandled Promise: TypeError: Failed to fetch
=============================
====== JS ERROR CAUGHT ======
Unhandled Promise: TypeError: Failed to fetch
=============================
====== JS ERROR CAUGHT ======
Unhandled Promise: TypeError: Failed to fetch
=============================
====== JS ERROR CAUGHT ======
Unhandled Promise: TypeError: Failed to fetch
=============================
====== JS ERROR CAUGHT ======
Unhandled Promise: TypeError: Failed to fetch
=============================
====== JS ERROR CAUGHT ======
Unhandled Promise: TypeError: Failed to fetch
=============================
====== JS ERROR CAUGHT ======
Unhandled Promise: TypeError: Failed to fetch
=============================
====== JS ERROR CAUGHT ======
Unhandled Promise: TypeError: Failed to fetch
=============================
====== JS ERROR CAUGHT ======
Unhandled Promise: TypeError: Failed to fetch
=============================
====== JS ERROR CAUGHT ======
Unhandled Promise: TypeError: Failed to fetch
=============================
====== JS ERROR CAUGHT ======
Unhandled Promise: TypeError: Failed to fetch
=============================
====== JS ERROR CAUGHT ======
Unhandled Promise: TypeError: Failed to fetch
=============================
====== JS ERROR CAUGHT ======
Unhandled Promise: TypeError: Failed to fetch
=============================
====== JS ERROR CAUGHT ======
Unhandled Promise: TypeError: Failed to fetch
=============================
====== JS ERROR CAUGHT ======
Unhandled Promise: TypeError: Failed to fetch
=============================
====== JS ERROR CAUGHT ======
Unhandled Promise: TypeError: Failed to fetch
=============================
====== JS ERROR CAUGHT ======
Unhandled Promise: TypeError: Failed to fetch
=============================
====== JS ERROR CAUGHT ======
Unhandled Promise: TypeError: Failed to fetch
=============================
====== JS ERROR CAUGHT ======
Unhandled Promise: TypeError: Failed to fetch
=============================
====== JS ERROR CAUGHT ======
Unhandled Promise: TypeError: Failed to fetch
=============================
====== JS ERROR CAUGHT ======
Unhandled Promise: TypeError: Failed to fetch
=============================
====== JS ERROR CAUGHT ======
Unhandled Promise: TypeError: Failed to fetch
=============================
====== JS ERROR CAUGHT ======
Unhandled Promise: TypeError: Failed to fetch
=============================
====== JS ERROR CAUGHT ======
Unhandled Promise: TypeError: Failed to fetch
=============================
====== JS ERROR CAUGHT ======
Unhandled Promise: TypeError: Failed to fetch
=============================
====== JS ERROR CAUGHT ======
Unhandled Promise: TypeError: Failed to fetch
=============================
====== JS ERROR CAUGHT ======
Unhandled Promise: TypeError: Failed to fetch
=============================
====== JS ERROR CAUGHT ======
Unhandled Promise: TypeError: Failed to fetch
=============================
====== JS ERROR CAUGHT ======
Unhandled Promise: TypeError: Failed to fetch
=============================
====== JS ERROR CAUGHT ======
Unhandled Promise: TypeError: Failed to fetch
=============================
====== JS ERROR CAUGHT ======
Unhandled Promise: TypeError: Failed to fetch
=============================
====== JS ERROR CAUGHT ======
Unhandled Promise: TypeError: Failed to fetch
=============================
====== JS ERROR CAUGHT ======
Unhandled Promise: TypeError: Failed to fetch
=============================
====== JS ERROR CAUGHT ======
Unhandled Promise: TypeError: Failed to fetch
=============================
====== JS ERROR CAUGHT ======
Unhandled Promise: TypeError: Failed to fetch
=============================
====== JS ERROR CAUGHT ======
Unhandled Promise: TypeError: Failed to fetch
=============================
====== JS ERROR CAUGHT ======
Unhandled Promise: TypeError: Failed to fetch
=============================
====== JS ERROR CAUGHT ======
Unhandled Promise: TypeError: Failed to fetch
=============================
====== JS ERROR CAUGHT ======
Unhandled Promise: TypeError: Failed to fetch
=============================
====== JS ERROR CAUGHT ======
Unhandled Promise: TypeError: Failed to fetch
=============================
====== JS ERROR CAUGHT ======
Unhandled Promise: TypeError: Failed to fetch
=============================
====== JS ERROR CAUGHT ======
Unhandled Promise: TypeError: Failed to fetch
=============================
====== JS ERROR CAUGHT ======
Unhandled Promise: TypeError: Failed to fetch
=============================
====== JS ERROR CAUGHT ======
Unhandled Promise: TypeError: Failed to fetch
=============================
====== JS ERROR CAUGHT ======
Unhandled Promise: TypeError: Failed to fetch
=============================
====== JS ERROR CAUGHT ======
Unhandled Promise: TypeError: Failed to fetch
=============================
====== JS ERROR CAUGHT ======
Unhandled Promise: TypeError: Failed to fetch
=============================
====== JS ERROR CAUGHT ======
Unhandled Promise: TypeError: Failed to fetch
=============================
====== JS ERROR CAUGHT ======
Unhandled Promise: TypeError: Failed to fetch
=============================
====== JS ERROR CAUGHT ======
Unhandled Promise: TypeError: Failed to fetch
=============================
====== JS ERROR CAUGHT ======
Unhandled Promise: TypeError: Failed to fetch
=============================
====== JS ERROR CAUGHT ======
Unhandled Promise: TypeError: Failed to fetch
=============================
====== JS ERROR CAUGHT ======
Unhandled Promise: TypeError: Failed to fetch
=============================
====== JS ERROR CAUGHT ======
Unhandled Promise: TypeError: Failed to fetch
=============================
====== JS ERROR CAUGHT ======
Unhandled Promise: TypeError: Failed to fetch
=============================
====== JS ERROR CAUGHT ======
Unhandled Promise: TypeError: Failed to fetch
=============================
====== JS ERROR CAUGHT ======
Unhandled Promise: TypeError: Failed to fetch
=============================
====== JS ERROR CAUGHT ======
Unhandled Promise: TypeError: Failed to fetch
=============================
====== JS ERROR CAUGHT ======
Unhandled Promise: TypeError: Failed to fetch
=============================
====== JS ERROR CAUGHT ======
Unhandled Promise: TypeError: Failed to fetch
=============================
====== JS ERROR CAUGHT ======
Unhandled Promise: TypeError: Failed to fetch
=============================
====== JS ERROR CAUGHT ======
Unhandled Promise: TypeError: Failed to fetch
=============================
====== JS ERROR CAUGHT ======
Unhandled Promise: TypeError: Failed to fetch
=============================
====== JS ERROR CAUGHT ======
Unhandled Promise: TypeError: Failed to fetch
=============================
====== JS ERROR CAUGHT ======
Unhandled Promise: TypeError: Failed to fetch
=============================
====== JS ERROR CAUGHT ======
Unhandled Promise: TypeError: Failed to fetch
=============================
====== JS ERROR CAUGHT ======
Unhandled Promise: TypeError: Failed to fetch
=============================
====== JS ERROR CAUGHT ======
Unhandled Promise: TypeError: Failed to fetch
=============================
====== JS ERROR CAUGHT ======
Unhandled Promise: TypeError: Failed to fetch
=============================
====== JS ERROR CAUGHT ======
Unhandled Promise: TypeError: Failed to fetch
=============================
====== JS ERROR CAUGHT ======
Unhandled Promise: TypeError: Failed to fetch
=============================
====== JS ERROR CAUGHT ======
Unhandled Promise: TypeError: Failed to fetch
=============================
====== JS ERROR CAUGHT ======
Unhandled Promise: TypeError: Failed to fetch
=============================
====== JS ERROR CAUGHT ======
Unhandled Promise: TypeError: Failed to fetch
=============================
====== JS ERROR CAUGHT ======
Unhandled Promise: TypeError: Failed to fetch
=============================
====== JS ERROR CAUGHT ======
Unhandled Promise: TypeError: Failed to fetch
=============================
====== JS ERROR CAUGHT ======
Unhandled Promise: TypeError: Failed to fetch
=============================
====== JS ERROR CAUGHT ======
Unhandled Promise: TypeError: Failed to fetch
=============================
====== JS ERROR CAUGHT ======
Unhandled Promise: TypeError: Failed to fetch
=============================
====== JS ERROR CAUGHT ======
Unhandled Promise: TypeError: Failed to fetch
=============================
====== JS ERROR CAUGHT ======
Unhandled Promise: TypeError: Failed to fetch
=============================
====== JS ERROR CAUGHT ======
Unhandled Promise: TypeError: Failed to fetch
=============================
====== JS ERROR CAUGHT ======
Unhandled Promise: TypeError: Failed to fetch
=============================
====== JS ERROR CAUGHT ======
Unhandled Promise: TypeError: Failed to fetch
=============================
====== JS ERROR CAUGHT ======
Unhandled Promise: TypeError: Failed to fetch
=============================
====== JS ERROR CAUGHT ======
Unhandled Promise: TypeError: Failed to fetch
=============================
====== JS ERROR CAUGHT ======
Unhandled Promise: TypeError: Failed to fetch
=============================
====== JS ERROR CAUGHT ======
Unhandled Promise: TypeError: Failed to fetch
=============================
====== JS ERROR CAUGHT ======
Unhandled Promise: TypeError: Failed to fetch
=============================
====== JS ERROR CAUGHT ======
Unhandled Promise: TypeError: Failed to fetch
=============================
====== JS ERROR CAUGHT ======
Unhandled Promise: TypeError: Failed to fetch
=============================
====== JS ERROR CAUGHT ======
Unhandled Promise: TypeError: Failed to fetch
=============================
====== JS ERROR CAUGHT ======
Unhandled Promise: TypeError: Failed to fetch
=============================
====== JS ERROR CAUGHT ======
Unhandled Promise: TypeError: Failed to fetch
=============================
====== JS ERROR CAUGHT ======
Unhandled Promise: TypeError: Failed to fetch
=============================
====== JS ERROR CAUGHT ======
Unhandled Promise: TypeError: Failed to fetch
=============================
====== JS ERROR CAUGHT ======
Unhandled Promise: TypeError: Failed to fetch
=============================
====== JS ERROR CAUGHT ======
Unhandled Promise: TypeError: Failed to fetch
=============================
====== JS ERROR CAUGHT ======
Unhandled Promise: TypeError: Failed to fetch
=============================
====== JS ERROR CAUGHT ======
Unhandled Promise: TypeError: Failed to fetch
=============================
====== JS ERROR CAUGHT ======
Unhandled Promise: TypeError: Failed to fetch
=============================
====== JS ERROR CAUGHT ======
Unhandled Promise: TypeError: Failed to fetch
=============================
====== JS ERROR CAUGHT ======
Unhandled Promise: TypeError: Failed to fetch
=============================
====== JS ERROR CAUGHT ======
Unhandled Promise: TypeError: Failed to fetch
=============================
====== JS ERROR CAUGHT ======
Unhandled Promise: TypeError: Failed to fetch
=============================
====== JS ERROR CAUGHT ======
Unhandled Promise: TypeError: Failed to fetch
=============================
====== JS ERROR CAUGHT ======
Unhandled Promise: TypeError: Failed to fetch
=============================
====== JS ERROR CAUGHT ======
Unhandled Promise: TypeError: Failed to fetch
=============================
====== JS ERROR CAUGHT ======
Unhandled Promise: TypeError: Failed to fetch
=============================
====== JS ERROR CAUGHT ======
Unhandled Promise: TypeError: Failed to fetch
=============================
====== JS ERROR CAUGHT ======
Unhandled Promise: TypeError: Failed to fetch
=============================
====== JS ERROR CAUGHT ======
Unhandled Promise: TypeError: Failed to fetch
=============================
====== JS ERROR CAUGHT ======
Unhandled Promise: TypeError: Failed to fetch
=============================
====== JS ERROR CAUGHT ======
Unhandled Promise: TypeError: Failed to fetch
=============================
====== JS ERROR CAUGHT ======
Unhandled Promise: TypeError: Failed to fetch
=============================
====== JS ERROR CAUGHT ======
Unhandled Promise: TypeError: Failed to fetch
=============================
====== JS ERROR CAUGHT ======
Unhandled Promise: TypeError: Failed to fetch
=============================
====== JS ERROR CAUGHT ======
Unhandled Promise: TypeError: Failed to fetch
=============================
====== JS ERROR CAUGHT ======
Unhandled Promise: TypeError: Failed to fetch
=============================
====== JS ERROR CAUGHT ======
Unhandled Promise: TypeError: Failed to fetch
=============================
====== JS ERROR CAUGHT ======
Unhandled Promise: TypeError: Failed to fetch
=============================
====== JS ERROR CAUGHT ======
Unhandled Promise: TypeError: Failed to fetch
=============================
====== JS ERROR CAUGHT ======
Unhandled Promise: TypeError: Failed to fetch
=============================
====== JS ERROR CAUGHT ======
Unhandled Promise: TypeError: Failed to fetch
=============================
====== JS ERROR CAUGHT ======
Unhandled Promise: TypeError: Failed to fetch
=============================
====== JS ERROR CAUGHT ======
Unhandled Promise: TypeError: Failed to fetch
=============================
====== JS ERROR CAUGHT ======
Unhandled Promise: TypeError: Failed to fetch
=============================
====== JS ERROR CAUGHT ======
Unhandled Promise: TypeError: Failed to fetch
=============================
====== JS ERROR CAUGHT ======
Unhandled Promise: TypeError: Failed to fetch
=============================
====== JS ERROR CAUGHT ======
Unhandled Promise: TypeError: Failed to fetch
=============================
====== JS ERROR CAUGHT ======
Unhandled Promise: TypeError: Failed to fetch
=============================
====== JS ERROR CAUGHT ======
Unhandled Promise: TypeError: Failed to fetch
=============================
====== JS ERROR CAUGHT ======
Unhandled Promise: TypeError: Failed to fetch
=============================
====== JS ERROR CAUGHT ======
Unhandled Promise: TypeError: Failed to fetch
=============================
====== JS ERROR CAUGHT ======
Unhandled Promise: TypeError: Failed to fetch
=============================
====== JS ERROR CAUGHT ======
Unhandled Promise: TypeError: Failed to fetch
=============================
====== JS ERROR CAUGHT ======
Unhandled Promise: TypeError: Failed to fetch
=============================
====== JS ERROR CAUGHT ======
Unhandled Promise: TypeError: Failed to fetch
=============================
====== JS ERROR CAUGHT ======
Unhandled Promise: TypeError: Failed to fetch
=============================
====== JS ERROR CAUGHT ======
Unhandled Promise: TypeError: Failed to fetch
=============================
====== JS ERROR CAUGHT ======
Unhandled Promise: TypeError: Failed to fetch
=============================
====== JS ERROR CAUGHT ======
Unhandled Promise: TypeError: Failed to fetch
=============================
====== JS ERROR CAUGHT ======
Unhandled Promise: TypeError: Failed to fetch
=============================
====== JS ERROR CAUGHT ======
Unhandled Promise: TypeError: Failed to fetch
=============================
====== JS ERROR CAUGHT ======
Unhandled Promise: TypeError: Failed to fetch
=============================
====== JS ERROR CAUGHT ======
Unhandled Promise: TypeError: Failed to fetch
=============================
====== JS ERROR CAUGHT ======
Unhandled Promise: TypeError: Failed to fetch
=============================
====== JS ERROR CAUGHT ======
Unhandled Promise: TypeError: Failed to fetch
=============================
====== JS ERROR CAUGHT ======
Unhandled Promise: TypeError: Failed to fetch
=============================
====== JS ERROR CAUGHT ======
Unhandled Promise: TypeError: Failed to fetch
=============================
====== JS ERROR CAUGHT ======
Unhandled Promise: TypeError: Failed to fetch
=============================
====== JS ERROR CAUGHT ======
Unhandled Promise: TypeError: Failed to fetch
=============================
====== JS ERROR CAUGHT ======
Unhandled Promise: TypeError: Failed to fetch
=============================
====== JS ERROR CAUGHT ======
Unhandled Promise: TypeError: Failed to fetch
=============================
====== JS ERROR CAUGHT ======
Unhandled Promise: TypeError: Failed to fetch
=============================
====== JS ERROR CAUGHT ======
Unhandled Promise: TypeError: Failed to fetch
=============================
====== JS ERROR CAUGHT ======
Unhandled Promise: TypeError: Failed to fetch
=============================
====== JS ERROR CAUGHT ======
Unhandled Promise: TypeError: Failed to fetch
=============================
====== JS ERROR CAUGHT ======
Unhandled Promise: TypeError: Failed to fetch
=============================
====== JS ERROR CAUGHT ======
Unhandled Promise: TypeError: Failed to fetch
=============================
====== JS ERROR CAUGHT ======
Unhandled Promise: TypeError: Failed to fetch
=============================
====== JS ERROR CAUGHT ======
Unhandled Promise: TypeError: Failed to fetch
=============================
====== JS ERROR CAUGHT ======
Unhandled Promise: TypeError: Failed to fetch
=============================
====== JS ERROR CAUGHT ======
Unhandled Promise: TypeError: Failed to fetch
=============================
====== JS ERROR CAUGHT ======
Unhandled Promise: TypeError: Failed to fetch
=============================
====== JS ERROR CAUGHT ======
Unhandled Promise: TypeError: Failed to fetch
=============================
====== JS ERROR CAUGHT ======
Unhandled Promise: TypeError: Failed to fetch
=============================
====== JS ERROR CAUGHT ======
Unhandled Promise: TypeError: Failed to fetch
=============================
====== JS ERROR CAUGHT ======
Unhandled Promise: TypeError: Failed to fetch
=============================
====== JS ERROR CAUGHT ======
Unhandled Promise: TypeError: Failed to fetch
=============================
====== JS ERROR CAUGHT ======
Unhandled Promise: TypeError: Failed to fetch
=============================
====== JS ERROR CAUGHT ======
Unhandled Promise: TypeError: Failed to fetch
=============================
====== JS ERROR CAUGHT ======
Unhandled Promise: TypeError: Failed to fetch
=============================
====== JS ERROR CAUGHT ======
Unhandled Promise: TypeError: Failed to fetch
=============================
====== JS ERROR CAUGHT ======
Unhandled Promise: TypeError: Failed to fetch
=============================
====== JS ERROR CAUGHT ======
Unhandled Promise: TypeError: Failed to fetch
=============================
====== JS ERROR CAUGHT ======
Unhandled Promise: TypeError: Failed to fetch
=============================
====== JS ERROR CAUGHT ======
Unhandled Promise: TypeError: Failed to fetch
=============================
====== JS ERROR CAUGHT ======
Unhandled Promise: TypeError: Failed to fetch
=============================
====== JS ERROR CAUGHT ======
Unhandled Promise: TypeError: Failed to fetch
=============================
====== JS ERROR CAUGHT ======
Unhandled Promise: TypeError: Failed to fetch
=============================
====== JS ERROR CAUGHT ======
Unhandled Promise: TypeError: Failed to fetch
=============================
====== JS ERROR CAUGHT ======
Unhandled Promise: TypeError: Failed to fetch
=============================
====== JS ERROR CAUGHT ======
Unhandled Promise: TypeError: Failed to fetch
=============================
====== JS ERROR CAUGHT ======
Unhandled Promise: TypeError: Failed to fetch
=============================
====== JS ERROR CAUGHT ======
Unhandled Promise: TypeError: Failed to fetch
=============================
====== JS ERROR CAUGHT ======
Unhandled Promise: TypeError: Failed to fetch
=============================
====== JS ERROR CAUGHT ======
Unhandled Promise: TypeError: Failed to fetch
=============================
====== JS ERROR CAUGHT ======
Unhandled Promise: TypeError: Failed to fetch
=============================
====== JS ERROR CAUGHT ======
Unhandled Promise: TypeError: Failed to fetch
=============================
====== JS ERROR CAUGHT ======
Unhandled Promise: TypeError: Failed to fetch
=============================
====== JS ERROR CAUGHT ======
Unhandled Promise: TypeError: Failed to fetch
=============================
====== JS ERROR CAUGHT ======
Unhandled Promise: TypeError: Failed to fetch
=============================
====== JS ERROR CAUGHT ======
Unhandled Promise: TypeError: Failed to fetch
=============================
====== JS ERROR CAUGHT ======
Unhandled Promise: TypeError: Failed to fetch
=============================
====== JS ERROR CAUGHT ======
Unhandled Promise: TypeError: Failed to fetch
=============================
====== JS ERROR CAUGHT ======
Unhandled Promise: TypeError: Failed to fetch
=============================
====== JS ERROR CAUGHT ======
Unhandled Promise: TypeError: Failed to fetch
=============================
====== JS ERROR CAUGHT ======
Unhandled Promise: TypeError: Failed to fetch
=============================
====== JS ERROR CAUGHT ======
Unhandled Promise: TypeError: Failed to fetch
=============================
====== JS ERROR CAUGHT ======
Unhandled Promise: TypeError: Failed to fetch
=============================
====== JS ERROR CAUGHT ======
Unhandled Promise: TypeError: Failed to fetch
=============================
====== JS ERROR CAUGHT ======
Unhandled Promise: TypeError: Failed to fetch
=============================
====== JS ERROR CAUGHT ======
Unhandled Promise: TypeError: Failed to fetch
=============================
====== JS ERROR CAUGHT ======
Unhandled Promise: TypeError: Failed to fetch
=============================
====== JS ERROR CAUGHT ======
Unhandled Promise: TypeError: Failed to fetch
=============================
====== JS ERROR CAUGHT ======
Unhandled Promise: TypeError: Failed to fetch
=============================
====== JS ERROR CAUGHT ======
Unhandled Promise: TypeError: Failed to fetch
=============================
====== JS ERROR CAUGHT ======
Unhandled Promise: TypeError: Failed to fetch
=============================
====== JS ERROR CAUGHT ======
Unhandled Promise: TypeError: Failed to fetch
=============================
====== JS ERROR CAUGHT ======
Unhandled Promise: TypeError: Failed to fetch
=============================
====== JS ERROR CAUGHT ======
Unhandled Promise: TypeError: Failed to fetch
=============================
====== JS ERROR CAUGHT ======
Unhandled Promise: TypeError: Failed to fetch
=============================
====== JS ERROR CAUGHT ======
Unhandled Promise: TypeError: Failed to fetch
=============================
====== JS ERROR CAUGHT ======
Unhandled Promise: TypeError: Failed to fetch
=============================
====== JS ERROR CAUGHT ======
Unhandled Promise: TypeError: Failed to fetch
=============================
====== JS ERROR CAUGHT ======
Unhandled Promise: TypeError: Failed to fetch
=============================
====== JS ERROR CAUGHT ======
Unhandled Promise: TypeError: Failed to fetch
=============================
====== JS ERROR CAUGHT ======
Unhandled Promise: TypeError: Failed to fetch
=============================
====== JS ERROR CAUGHT ======
Unhandled Promise: TypeError: Failed to fetch
=============================
====== JS ERROR CAUGHT ======
Unhandled Promise: TypeError: Failed to fetch
=============================
====== JS ERROR CAUGHT ======
Unhandled Promise: TypeError: Failed to fetch
=============================
====== JS ERROR CAUGHT ======
Unhandled Promise: TypeError: Failed to fetch
=============================
====== JS ERROR CAUGHT ======
Unhandled Promise: TypeError: Failed to fetch
=============================
====== JS ERROR CAUGHT ======
Unhandled Promise: TypeError: Failed to fetch
=============================
====== JS ERROR CAUGHT ======
Unhandled Promise: TypeError: Failed to fetch
=============================
====== JS ERROR CAUGHT ======
Unhandled Promise: TypeError: Failed to fetch
=============================
====== JS ERROR CAUGHT ======
Unhandled Promise: TypeError: Failed to fetch
=============================
====== JS ERROR CAUGHT ======
Unhandled Promise: TypeError: Failed to fetch
=============================
====== JS ERROR CAUGHT ======
Unhandled Promise: TypeError: Failed to fetch
=============================
====== JS ERROR CAUGHT ======
Unhandled Promise: TypeError: Failed to fetch
=============================
====== JS ERROR CAUGHT ======
Unhandled Promise: TypeError: Failed to fetch
=============================
====== JS ERROR CAUGHT ======
Unhandled Promise: TypeError: Failed to fetch
=============================
====== JS ERROR CAUGHT ======
Unhandled Promise: TypeError: Failed to fetch
=============================
====== JS ERROR CAUGHT ======
Unhandled Promise: TypeError: Failed to fetch
=============================
====== JS ERROR CAUGHT ======
Unhandled Promise: TypeError: Failed to fetch
=============================
====== JS ERROR CAUGHT ======
Unhandled Promise: TypeError: Failed to fetch
=============================
====== JS ERROR CAUGHT ======
Unhandled Promise: TypeError: Failed to fetch
=============================
====== JS ERROR CAUGHT ======
Unhandled Promise: TypeError: Failed to fetch
=============================
====== JS ERROR CAUGHT ======
Unhandled Promise: TypeError: Failed to fetch
=============================
====== JS ERROR CAUGHT ======
Unhandled Promise: TypeError: Failed to fetch
=============================
====== JS ERROR CAUGHT ======
Unhandled Promise: TypeError: Failed to fetch
=============================
====== JS ERROR CAUGHT ======
Unhandled Promise: TypeError: Failed to fetch
=============================
====== JS ERROR CAUGHT ======
Unhandled Promise: TypeError: Failed to fetch
=============================
====== JS ERROR CAUGHT ======
Unhandled Promise: TypeError: Failed to fetch
=============================
====== JS ERROR CAUGHT ======
Unhandled Promise: TypeError: Failed to fetch
=============================
====== JS ERROR CAUGHT ======
Unhandled Promise: TypeError: Failed to fetch
=============================
====== JS ERROR CAUGHT ======
Unhandled Promise: TypeError: Failed to fetch
=============================
====== JS ERROR CAUGHT ======
Unhandled Promise: TypeError: Failed to fetch
=============================
====== JS ERROR CAUGHT ======
Unhandled Promise: TypeError: Failed to fetch
=============================
====== JS ERROR CAUGHT ======
Unhandled Promise: TypeError: Failed to fetch
=============================
====== JS ERROR CAUGHT ======
Unhandled Promise: TypeError: Failed to fetch
=============================
====== JS ERROR CAUGHT ======
Unhandled Promise: TypeError: Failed to fetch
=============================
====== JS ERROR CAUGHT ======
Unhandled Promise: TypeError: Failed to fetch
=============================
====== JS ERROR CAUGHT ======
Unhandled Promise: TypeError: Failed to fetch
=============================
====== JS ERROR CAUGHT ======
Unhandled Promise: TypeError: Failed to fetch
=============================
====== JS ERROR CAUGHT ======
Unhandled Promise: TypeError: Failed to fetch
=============================
====== JS ERROR CAUGHT ======
Unhandled Promise: TypeError: Failed to fetch
=============================
====== JS ERROR CAUGHT ======
Unhandled Promise: TypeError: Failed to fetch
=============================
====== JS ERROR CAUGHT ======
Unhandled Promise: TypeError: Failed to fetch
=============================
====== JS ERROR CAUGHT ======
Unhandled Promise: TypeError: Failed to fetch
=============================
====== JS ERROR CAUGHT ======
Unhandled Promise: TypeError: Failed to fetch
=============================
====== JS ERROR CAUGHT ======
Unhandled Promise: TypeError: Failed to fetch
=============================
====== JS ERROR CAUGHT ======
Unhandled Promise: TypeError: Failed to fetch
=============================
====== JS ERROR CAUGHT ======
Unhandled Promise: TypeError: Failed to fetch
=============================
====== JS ERROR CAUGHT ======
Unhandled Promise: TypeError: Failed to fetch
=============================
====== JS ERROR CAUGHT ======
Unhandled Promise: TypeError: Failed to fetch
=============================
====== JS ERROR CAUGHT ======
Unhandled Promise: TypeError: Failed to fetch
=============================
====== JS ERROR CAUGHT ======
Unhandled Promise: TypeError: Failed to fetch
=============================
====== JS ERROR CAUGHT ======
Unhandled Promise: TypeError: Failed to fetch
=============================
====== JS ERROR CAUGHT ======
Unhandled Promise: TypeError: Failed to fetch
=============================
====== JS ERROR CAUGHT ======
Unhandled Promise: TypeError: Failed to fetch
=============================
====== JS ERROR CAUGHT ======
Unhandled Promise: TypeError: Failed to fetch
=============================
====== JS ERROR CAUGHT ======
Unhandled Promise: TypeError: Failed to fetch
=============================
====== JS ERROR CAUGHT ======
Unhandled Promise: TypeError: Failed to fetch
=============================
====== JS ERROR CAUGHT ======
Unhandled Promise: TypeError: Failed to fetch
=============================
====== JS ERROR CAUGHT ======
Unhandled Promise: TypeError: Failed to fetch
=============================
====== JS ERROR CAUGHT ======
Unhandled Promise: TypeError: Failed to fetch
=============================
====== JS ERROR CAUGHT ======
Unhandled Promise: TypeError: Failed to fetch
=============================
====== JS ERROR CAUGHT ======
Unhandled Promise: TypeError: Failed to fetch
=============================
====== JS ERROR CAUGHT ======
Unhandled Promise: TypeError: Failed to fetch
=============================
====== JS ERROR CAUGHT ======
Unhandled Promise: TypeError: Failed to fetch
=============================
====== JS ERROR CAUGHT ======
Unhandled Promise: TypeError: Failed to fetch
=============================
====== JS ERROR CAUGHT ======
Unhandled Promise: TypeError: Failed to fetch
=============================
====== JS ERROR CAUGHT ======
Unhandled Promise: TypeError: Failed to fetch
=============================
====== JS ERROR CAUGHT ======
Unhandled Promise: TypeError: Failed to fetch
=============================
====== JS ERROR CAUGHT ======
Unhandled Promise: TypeError: Failed to fetch
=============================
====== JS ERROR CAUGHT ======
Unhandled Promise: TypeError: Failed to fetch
=============================
====== JS ERROR CAUGHT ======
Unhandled Promise: TypeError: Failed to fetch
=============================
====== JS ERROR CAUGHT ======
Unhandled Promise: TypeError: Failed to fetch
=============================
====== JS ERROR CAUGHT ======
Unhandled Promise: TypeError: Failed to fetch
=============================
====== JS ERROR CAUGHT ======
Unhandled Promise: TypeError: Failed to fetch
=============================
====== JS ERROR CAUGHT ======
Unhandled Promise: TypeError: Failed to fetch
=============================
====== JS ERROR CAUGHT ======
Unhandled Promise: TypeError: Failed to fetch
=============================
====== JS ERROR CAUGHT ======
Unhandled Promise: TypeError: Failed to fetch
=============================
====== JS ERROR CAUGHT ======
Unhandled Promise: TypeError: Failed to fetch
=============================
====== JS ERROR CAUGHT ======
Unhandled Promise: TypeError: Failed to fetch
=============================
====== JS ERROR CAUGHT ======
Unhandled Promise: TypeError: Failed to fetch
=============================
====== JS ERROR CAUGHT ======
Unhandled Promise: TypeError: Failed to fetch
=============================
====== JS ERROR CAUGHT ======
Unhandled Promise: TypeError: Failed to fetch
=============================
====== JS ERROR CAUGHT ======
Unhandled Promise: TypeError: Failed to fetch
=============================
====== JS ERROR CAUGHT ======
Unhandled Promise: TypeError: Failed to fetch
=============================
====== JS ERROR CAUGHT ======
Unhandled Promise: TypeError: Failed to fetch
=============================
====== JS ERROR CAUGHT ======
Unhandled Promise: TypeError: Failed to fetch
=============================
====== JS ERROR CAUGHT ======
Unhandled Promise: TypeError: Failed to fetch
=============================
====== JS ERROR CAUGHT ======
Unhandled Promise: TypeError: Failed to fetch
=============================
====== JS ERROR CAUGHT ======
Unhandled Promise: TypeError: Failed to fetch
=============================
====== JS ERROR CAUGHT ======
Unhandled Promise: TypeError: Failed to fetch
=============================
====== JS ERROR CAUGHT ======
Unhandled Promise: TypeError: Failed to fetch
=============================
====== JS ERROR CAUGHT ======
Unhandled Promise: TypeError: Failed to fetch
=============================
====== JS ERROR CAUGHT ======
Unhandled Promise: TypeError: Failed to fetch
=============================
====== JS ERROR CAUGHT ======
Unhandled Promise: TypeError: Failed to fetch
=============================
====== JS ERROR CAUGHT ======
Unhandled Promise: TypeError: Failed to fetch
=============================
====== JS ERROR CAUGHT ======
Unhandled Promise: TypeError: Failed to fetch
=============================
====== JS ERROR CAUGHT ======
Unhandled Promise: TypeError: Failed to fetch
=============================
====== JS ERROR CAUGHT ======
Unhandled Promise: TypeError: Failed to fetch
=============================
====== JS ERROR CAUGHT ======
Unhandled Promise: TypeError: Failed to fetch
=============================
====== JS ERROR CAUGHT ======
Unhandled Promise: TypeError: Failed to fetch
=============================
====== JS ERROR CAUGHT ======
Unhandled Promise: TypeError: Failed to fetch
=============================
====== JS ERROR CAUGHT ======
Unhandled Promise: TypeError: Failed to fetch
=============================
====== JS ERROR CAUGHT ======
Unhandled Promise: TypeError: Failed to fetch
=============================
====== JS ERROR CAUGHT ======
Unhandled Promise: TypeError: Failed to fetch
=============================
====== JS ERROR CAUGHT ======
Unhandled Promise: TypeError: Failed to fetch
=============================
====== JS ERROR CAUGHT ======
Unhandled Promise: TypeError: Failed to fetch
=============================
====== JS ERROR CAUGHT ======
Unhandled Promise: TypeError: Failed to fetch
=============================
====== JS ERROR CAUGHT ======
Unhandled Promise: TypeError: Failed to fetch
=============================
====== JS ERROR CAUGHT ======
Unhandled Promise: TypeError: Failed to fetch
=============================
====== JS ERROR CAUGHT ======
Unhandled Promise: TypeError: Failed to fetch
=============================
====== JS ERROR CAUGHT ======
Unhandled Promise: TypeError: Failed to fetch
=============================
====== JS ERROR CAUGHT ======
Unhandled Promise: TypeError: Failed to fetch
=============================
====== JS ERROR CAUGHT ======
Unhandled Promise: TypeError: Failed to fetch
=============================
====== JS ERROR CAUGHT ======
Unhandled Promise: TypeError: Failed to fetch
=============================
====== JS ERROR CAUGHT ======
Unhandled Promise: TypeError: Failed to fetch
=============================
====== JS ERROR CAUGHT ======
Unhandled Promise: TypeError: Failed to fetch
=============================
====== JS ERROR CAUGHT ======
Unhandled Promise: TypeError: Failed to fetch
=============================
====== JS ERROR CAUGHT ======
Unhandled Promise: TypeError: Failed to fetch
=============================
====== JS ERROR CAUGHT ======
Unhandled Promise: TypeError: Failed to fetch
=============================
====== JS ERROR CAUGHT ======
Unhandled Promise: TypeError: Failed to fetch
=============================
====== JS ERROR CAUGHT ======
Unhandled Promise: TypeError: Failed to fetch
=============================
====== JS ERROR CAUGHT ======
Unhandled Promise: TypeError: Failed to fetch
=============================
====== JS ERROR CAUGHT ======
Unhandled Promise: TypeError: Failed to fetch
=============================
====== JS ERROR CAUGHT ======
Unhandled Promise: TypeError: Failed to fetch
=============================
====== JS ERROR CAUGHT ======
Unhandled Promise: TypeError: Failed to fetch
=============================
====== JS ERROR CAUGHT ======
Unhandled Promise: TypeError: Failed to fetch
=============================
====== JS ERROR CAUGHT ======
Unhandled Promise: TypeError: Failed to fetch
=============================
====== JS ERROR CAUGHT ======
Unhandled Promise: TypeError: Failed to fetch
=============================
====== JS ERROR CAUGHT ======
Unhandled Promise: TypeError: Failed to fetch
=============================
====== JS ERROR CAUGHT ======
Unhandled Promise: TypeError: Failed to fetch
=============================
====== JS ERROR CAUGHT ======
Unhandled Promise: TypeError: Failed to fetch
=============================
====== JS ERROR CAUGHT ======
Unhandled Promise: TypeError: Failed to fetch
=============================
====== JS ERROR CAUGHT ======
Unhandled Promise: TypeError: Failed to fetch
=============================
====== JS ERROR CAUGHT ======
Unhandled Promise: TypeError: Failed to fetch
=============================
====== JS ERROR CAUGHT ======
Unhandled Promise: TypeError: Failed to fetch
=============================
====== JS ERROR CAUGHT ======
Unhandled Promise: TypeError: Failed to fetch
=============================
====== JS ERROR CAUGHT ======
Unhandled Promise: TypeError: Failed to fetch
=============================
====== JS ERROR CAUGHT ======
Unhandled Promise: TypeError: Failed to fetch
=============================
====== JS ERROR CAUGHT ======
Unhandled Promise: TypeError: Failed to fetch
=============================
====== JS ERROR CAUGHT ======
Unhandled Promise: TypeError: Failed to fetch
=============================
====== JS ERROR CAUGHT ======
Unhandled Promise: TypeError: Failed to fetch
=============================
====== JS ERROR CAUGHT ======
Unhandled Promise: TypeError: Failed to fetch
=============================
====== JS ERROR CAUGHT ======
Unhandled Promise: TypeError: Failed to fetch
=============================
====== JS ERROR CAUGHT ======
Unhandled Promise: TypeError: Failed to fetch
=============================
====== JS ERROR CAUGHT ======
Unhandled Promise: TypeError: Failed to fetch
=============================
====== JS ERROR CAUGHT ======
Unhandled Promise: TypeError: Failed to fetch
=============================
====== JS ERROR CAUGHT ======
Unhandled Promise: TypeError: Failed to fetch
=============================
====== JS ERROR CAUGHT ======
Unhandled Promise: TypeError: Failed to fetch
=============================
====== JS ERROR CAUGHT ======
Unhandled Promise: TypeError: Failed to fetch
=============================
====== JS ERROR CAUGHT ======
Unhandled Promise: TypeError: Failed to fetch
=============================
====== JS ERROR CAUGHT ======
Unhandled Promise: TypeError: Failed to fetch
=============================
====== JS ERROR CAUGHT ======
Unhandled Promise: TypeError: Failed to fetch
=============================
====== JS ERROR CAUGHT ======
Unhandled Promise: TypeError: Failed to fetch
=============================
====== JS ERROR CAUGHT ======
Unhandled Promise: TypeError: Failed to fetch
=============================
====== JS ERROR CAUGHT ======
Unhandled Promise: TypeError: Failed to fetch
=============================
====== JS ERROR CAUGHT ======
Unhandled Promise: TypeError: Failed to fetch
=============================
====== JS ERROR CAUGHT ======
Unhandled Promise: TypeError: Failed to fetch
=============================
====== JS ERROR CAUGHT ======
Unhandled Promise: TypeError: Failed to fetch
=============================
====== JS ERROR CAUGHT ======
Unhandled Promise: TypeError: Failed to fetch
=============================
====== JS ERROR CAUGHT ======
Unhandled Promise: TypeError: Failed to fetch
=============================
====== JS ERROR CAUGHT ======
Unhandled Promise: TypeError: Failed to fetch
=============================
====== JS ERROR CAUGHT ======
Unhandled Promise: TypeError: Failed to fetch
=============================
====== JS ERROR CAUGHT ======
Unhandled Promise: TypeError: Failed to fetch
=============================
====== JS ERROR CAUGHT ======
Unhandled Promise: TypeError: Failed to fetch
=============================
====== JS ERROR CAUGHT ======
Unhandled Promise: TypeError: Failed to fetch
=============================
====== JS ERROR CAUGHT ======
Unhandled Promise: TypeError: Failed to fetch
=============================
====== JS ERROR CAUGHT ======
Unhandled Promise: TypeError: Failed to fetch
=============================
====== JS ERROR CAUGHT ======
Unhandled Promise: TypeError: Failed to fetch
=============================
====== JS ERROR CAUGHT ======
Unhandled Promise: TypeError: Failed to fetch
=============================
====== JS ERROR CAUGHT ======
Unhandled Promise: TypeError: Failed to fetch
=============================
====== JS ERROR CAUGHT ======
Unhandled Promise: TypeError: Failed to fetch
=============================
====== JS ERROR CAUGHT ======
Unhandled Promise: TypeError: Failed to fetch
=============================
====== JS ERROR CAUGHT ======
Unhandled Promise: TypeError: Failed to fetch
=============================
====== JS ERROR CAUGHT ======
Unhandled Promise: TypeError: Failed to fetch
=============================
====== JS ERROR CAUGHT ======
Unhandled Promise: TypeError: Failed to fetch
=============================
====== JS ERROR CAUGHT ======
Unhandled Promise: TypeError: Failed to fetch
=============================
====== JS ERROR CAUGHT ======
Unhandled Promise: TypeError: Failed to fetch
=============================
====== JS ERROR CAUGHT ======
Unhandled Promise: TypeError: Failed to fetch
=============================
====== JS ERROR CAUGHT ======
Unhandled Promise: TypeError: Failed to fetch
=============================
====== JS ERROR CAUGHT ======
Unhandled Promise: TypeError: Failed to fetch
=============================
====== JS ERROR CAUGHT ======
Unhandled Promise: TypeError: Failed to fetch
=============================
====== JS ERROR CAUGHT ======
Unhandled Promise: TypeError: Failed to fetch
=============================
====== JS ERROR CAUGHT ======
Unhandled Promise: TypeError: Failed to fetch
=============================
====== JS ERROR CAUGHT ======
Unhandled Promise: TypeError: Failed to fetch
=============================
====== JS ERROR CAUGHT ======
Unhandled Promise: TypeError: Failed to fetch
=============================
====== JS ERROR CAUGHT ======
Unhandled Promise: TypeError: Failed to fetch
=============================
====== JS ERROR CAUGHT ======
Unhandled Promise: TypeError: Failed to fetch
=============================
====== JS ERROR CAUGHT ======
Unhandled Promise: TypeError: Failed to fetch
=============================
====== JS ERROR CAUGHT ======
Unhandled Promise: TypeError: Failed to fetch
=============================
====== JS ERROR CAUGHT ======
Unhandled Promise: TypeError: Failed to fetch
=============================
====== JS ERROR CAUGHT ======
Unhandled Promise: TypeError: Failed to fetch
=============================
====== JS ERROR CAUGHT ======
Unhandled Promise: TypeError: Failed to fetch
=============================
====== JS ERROR CAUGHT ======
Unhandled Promise: TypeError: Failed to fetch
=============================
====== JS ERROR CAUGHT ======
Unhandled Promise: TypeError: Failed to fetch
=============================
====== JS ERROR CAUGHT ======
Unhandled Promise: TypeError: Failed to fetch
=============================
====== JS ERROR CAUGHT ======
Unhandled Promise: TypeError: Failed to fetch
=============================
====== JS ERROR CAUGHT ======
Unhandled Promise: TypeError: Failed to fetch
=============================
====== JS ERROR CAUGHT ======
Unhandled Promise: TypeError: Failed to fetch
=============================
====== JS ERROR CAUGHT ======
Unhandled Promise: TypeError: Failed to fetch
=============================
====== JS ERROR CAUGHT ======
Unhandled Promise: TypeError: Failed to fetch
=============================
====== JS ERROR CAUGHT ======
Unhandled Promise: TypeError: Failed to fetch
=============================
====== JS ERROR CAUGHT ======
Unhandled Promise: TypeError: Failed to fetch
=============================
====== JS ERROR CAUGHT ======
Unhandled Promise: TypeError: Failed to fetch
=============================
====== JS ERROR CAUGHT ======
Unhandled Promise: TypeError: Failed to fetch
=============================
====== JS ERROR CAUGHT ======
Unhandled Promise: TypeError: Failed to fetch
=============================
====== JS ERROR CAUGHT ======
Unhandled Promise: TypeError: Failed to fetch
=============================
====== JS ERROR CAUGHT ======
Unhandled Promise: TypeError: Failed to fetch
=============================
====== JS ERROR CAUGHT ======
Unhandled Promise: TypeError: Failed to fetch
=============================
====== JS ERROR CAUGHT ======
Unhandled Promise: TypeError: Failed to fetch
=============================
====== JS ERROR CAUGHT ======
Unhandled Promise: TypeError: Failed to fetch
=============================
====== JS ERROR CAUGHT ======
Unhandled Promise: TypeError: Failed to fetch
=============================
====== JS ERROR CAUGHT ======
Unhandled Promise: TypeError: Failed to fetch
=============================
====== JS ERROR CAUGHT ======
Unhandled Promise: TypeError: Failed to fetch
=============================
====== JS ERROR CAUGHT ======
Unhandled Promise: TypeError: Failed to fetch
=============================
====== JS ERROR CAUGHT ======
Unhandled Promise: TypeError: Failed to fetch
=============================
====== JS ERROR CAUGHT ======
Unhandled Promise: TypeError: Failed to fetch
=============================
====== JS ERROR CAUGHT ======
Unhandled Promise: TypeError: Failed to fetch
=============================
====== JS ERROR CAUGHT ======
Unhandled Promise: TypeError: Failed to fetch
=============================
====== JS ERROR CAUGHT ======
Unhandled Promise: TypeError: Failed to fetch
=============================
====== JS ERROR CAUGHT ======
Unhandled Promise: TypeError: Failed to fetch
=============================
====== JS ERROR CAUGHT ======
Unhandled Promise: TypeError: Failed to fetch
=============================
====== JS ERROR CAUGHT ======
Unhandled Promise: TypeError: Failed to fetch
=============================
====== JS ERROR CAUGHT ======
Unhandled Promise: TypeError: Failed to fetch
=============================
====== JS ERROR CAUGHT ======
Unhandled Promise: TypeError: Failed to fetch
=============================
====== JS ERROR CAUGHT ======
Unhandled Promise: TypeError: Failed to fetch
=============================
====== JS ERROR CAUGHT ======
Unhandled Promise: TypeError: Failed to fetch
=============================
====== JS ERROR CAUGHT ======
Unhandled Promise: TypeError: Failed to fetch
=============================
====== JS ERROR CAUGHT ======
Unhandled Promise: TypeError: Failed to fetch
=============================
====== JS ERROR CAUGHT ======
Unhandled Promise: TypeError: Failed to fetch
=============================
====== JS ERROR CAUGHT ======
Unhandled Promise: TypeError: Failed to fetch
=============================
====== JS ERROR CAUGHT ======
Unhandled Promise: TypeError: Failed to fetch
=============================
====== JS ERROR CAUGHT ======
Unhandled Promise: TypeError: Failed to fetch
=============================
====== JS ERROR CAUGHT ======
Unhandled Promise: TypeError: Failed to fetch
=============================
====== JS ERROR CAUGHT ======
Unhandled Promise: TypeError: Failed to fetch
=============================
====== JS ERROR CAUGHT ======
Unhandled Promise: TypeError: Failed to fetch
=============================
====== JS ERROR CAUGHT ======
Unhandled Promise: TypeError: Failed to fetch
=============================
====== JS ERROR CAUGHT ======
Unhandled Promise: TypeError: Failed to fetch
=============================
====== JS ERROR CAUGHT ======
Unhandled Promise: TypeError: Failed to fetch
=============================
====== JS ERROR CAUGHT ======
Unhandled Promise: TypeError: Failed to fetch
=============================
====== JS ERROR CAUGHT ======
Unhandled Promise: TypeError: Failed to fetch
=============================
====== JS ERROR CAUGHT ======
Unhandled Promise: TypeError: Failed to fetch
=============================
====== JS ERROR CAUGHT ======
Unhandled Promise: TypeError: Failed to fetch
=============================
====== JS ERROR CAUGHT ======
Unhandled Promise: TypeError: Failed to fetch
=============================
====== JS ERROR CAUGHT ======
Unhandled Promise: TypeError: Failed to fetch
=============================
====== JS ERROR CAUGHT ======
Unhandled Promise: TypeError: Failed to fetch
=============================
====== JS ERROR CAUGHT ======
Unhandled Promise: TypeError: Failed to fetch
=============================
====== JS ERROR CAUGHT ======
Unhandled Promise: TypeError: Failed to fetch
=============================
====== JS ERROR CAUGHT ======
Unhandled Promise: TypeError: Failed to fetch
=============================
====== JS ERROR CAUGHT ======
Unhandled Promise: TypeError: Failed to fetch
=============================
====== JS ERROR CAUGHT ======
Unhandled Promise: TypeError: Failed to fetch
=============================
====== JS ERROR CAUGHT ======
Unhandled Promise: TypeError: Failed to fetch
=============================
====== JS ERROR CAUGHT ======
Unhandled Promise: TypeError: Failed to fetch
=============================
====== JS ERROR CAUGHT ======
Unhandled Promise: TypeError: Failed to fetch
=============================
====== JS ERROR CAUGHT ======
Unhandled Promise: TypeError: Failed to fetch
=============================
====== JS ERROR CAUGHT ======
Unhandled Promise: TypeError: Failed to fetch
=============================
====== JS ERROR CAUGHT ======
Unhandled Promise: TypeError: Failed to fetch
=============================
====== JS ERROR CAUGHT ======
Unhandled Promise: TypeError: Failed to fetch
=============================
====== JS ERROR CAUGHT ======
Unhandled Promise: TypeError: Failed to fetch
=============================
====== JS ERROR CAUGHT ======
Unhandled Promise: TypeError: Failed to fetch
=============================
====== JS ERROR CAUGHT ======
Unhandled Promise: TypeError: Failed to fetch
=============================
====== JS ERROR CAUGHT ======
Unhandled Promise: TypeError: Failed to fetch
=============================
====== JS ERROR CAUGHT ======
Unhandled Promise: TypeError: Failed to fetch
=============================
====== JS ERROR CAUGHT ======
Unhandled Promise: TypeError: Failed to fetch
=============================
====== JS ERROR CAUGHT ======
Unhandled Promise: TypeError: Failed to fetch
=============================
====== JS ERROR CAUGHT ======
Unhandled Promise: TypeError: Failed to fetch
=============================
====== JS ERROR CAUGHT ======
Unhandled Promise: TypeError: Failed to fetch
=============================
====== JS ERROR CAUGHT ======
Unhandled Promise: TypeError: Failed to fetch
=============================
====== JS ERROR CAUGHT ======
Unhandled Promise: TypeError: Failed to fetch
=============================
====== JS ERROR CAUGHT ======
Unhandled Promise: TypeError: Failed to fetch
=============================
====== JS ERROR CAUGHT ======
Unhandled Promise: TypeError: Failed to fetch
=============================
====== JS ERROR CAUGHT ======
Unhandled Promise: TypeError: Failed to fetch
=============================
====== JS ERROR CAUGHT ======
Unhandled Promise: TypeError: Failed to fetch
=============================
====== JS ERROR CAUGHT ======
Unhandled Promise: TypeError: Failed to fetch
=============================
====== JS ERROR CAUGHT ======
Unhandled Promise: TypeError: Failed to fetch
=============================
====== JS ERROR CAUGHT ======
Unhandled Promise: TypeError: Failed to fetch
=============================
====== JS ERROR CAUGHT ======
Unhandled Promise: TypeError: Failed to fetch
=============================
====== JS ERROR CAUGHT ======
Unhandled Promise: TypeError: Failed to fetch
=============================
====== JS ERROR CAUGHT ======
Unhandled Promise: TypeError: Failed to fetch
=============================
====== JS ERROR CAUGHT ======
Unhandled Promise: TypeError: Failed to fetch
=============================
====== JS ERROR CAUGHT ======
Unhandled Promise: TypeError: Failed to fetch
=============================
====== JS ERROR CAUGHT ======
Unhandled Promise: TypeError: Failed to fetch
=============================
====== JS ERROR CAUGHT ======
Unhandled Promise: TypeError: Failed to fetch
=============================
====== JS ERROR CAUGHT ======
Unhandled Promise: TypeError: Failed to fetch
=============================
====== JS ERROR CAUGHT ======
Unhandled Promise: TypeError: Failed to fetch
=============================
====== JS ERROR CAUGHT ======
Unhandled Promise: TypeError: Failed to fetch
=============================
====== JS ERROR CAUGHT ======
Unhandled Promise: TypeError: Failed to fetch
=============================
====== JS ERROR CAUGHT ======
Unhandled Promise: TypeError: Failed to fetch
=============================
====== JS ERROR CAUGHT ======
Unhandled Promise: TypeError: Failed to fetch
=============================
====== JS ERROR CAUGHT ======
Unhandled Promise: TypeError: Failed to fetch
=============================
====== JS ERROR CAUGHT ======
Unhandled Promise: TypeError: Failed to fetch
=============================
====== JS ERROR CAUGHT ======
Unhandled Promise: TypeError: Failed to fetch
=============================
====== JS ERROR CAUGHT ======
Unhandled Promise: TypeError: Failed to fetch
=============================
====== JS ERROR CAUGHT ======
Unhandled Promise: TypeError: Failed to fetch
=============================
====== JS ERROR CAUGHT ======
Unhandled Promise: TypeError: Failed to fetch
=============================
====== JS ERROR CAUGHT ======
Unhandled Promise: TypeError: Failed to fetch
=============================
====== JS ERROR CAUGHT ======
Unhandled Promise: TypeError: Failed to fetch
=============================
====== JS ERROR CAUGHT ======
Unhandled Promise: TypeError: Failed to fetch
=============================
====== JS ERROR CAUGHT ======
Unhandled Promise: TypeError: Failed to fetch
=============================
====== JS ERROR CAUGHT ======
Unhandled Promise: TypeError: Failed to fetch
=============================
====== JS ERROR CAUGHT ======
Unhandled Promise: TypeError: Failed to fetch
=============================
====== JS ERROR CAUGHT ======
Unhandled Promise: TypeError: Failed to fetch
=============================
====== JS ERROR CAUGHT ======
Unhandled Promise: TypeError: Failed to fetch
=============================
====== JS ERROR CAUGHT ======
Unhandled Promise: TypeError: Failed to fetch
=============================
====== JS ERROR CAUGHT ======
Unhandled Promise: TypeError: Failed to fetch
=============================
====== JS ERROR CAUGHT ======
Unhandled Promise: TypeError: Failed to fetch
=============================
====== JS ERROR CAUGHT ======
Unhandled Promise: TypeError: Failed to fetch
=============================
====== JS ERROR CAUGHT ======
Unhandled Promise: TypeError: Failed to fetch
=============================
====== JS ERROR CAUGHT ======
Unhandled Promise: TypeError: Failed to fetch
=============================
====== JS ERROR CAUGHT ======
Unhandled Promise: TypeError: Failed to fetch
=============================
====== JS ERROR CAUGHT ======
Unhandled Promise: TypeError: Failed to fetch
=============================
====== JS ERROR CAUGHT ======
Unhandled Promise: TypeError: Failed to fetch
=============================
====== JS ERROR CAUGHT ======
Unhandled Promise: TypeError: Failed to fetch
=============================
====== JS ERROR CAUGHT ======
Unhandled Promise: TypeError: Failed to fetch
=============================
====== JS ERROR CAUGHT ======
Unhandled Promise: TypeError: Failed to fetch
=============================
====== JS ERROR CAUGHT ======
Unhandled Promise: TypeError: Failed to fetch
=============================
====== JS ERROR CAUGHT ======
Unhandled Promise: TypeError: Failed to fetch
=============================
====== JS ERROR CAUGHT ======
Unhandled Promise: TypeError: Failed to fetch
=============================
====== JS ERROR CAUGHT ======
Unhandled Promise: TypeError: Failed to fetch
=============================
====== JS ERROR CAUGHT ======
Unhandled Promise: TypeError: Failed to fetch
=============================
====== JS ERROR CAUGHT ======
Unhandled Promise: TypeError: Failed to fetch
=============================
====== JS ERROR CAUGHT ======
Unhandled Promise: TypeError: Failed to fetch
=============================
====== JS ERROR CAUGHT ======
Unhandled Promise: TypeError: Failed to fetch
=============================
====== JS ERROR CAUGHT ======
Unhandled Promise: TypeError: Failed to fetch
=============================
====== JS ERROR CAUGHT ======
Unhandled Promise: TypeError: Failed to fetch
=============================
====== JS ERROR CAUGHT ======
Unhandled Promise: TypeError: Failed to fetch
=============================
====== JS ERROR CAUGHT ======
Unhandled Promise: TypeError: Failed to fetch
=============================
====== JS ERROR CAUGHT ======
Unhandled Promise: TypeError: Failed to fetch
=============================
====== JS ERROR CAUGHT ======
Unhandled Promise: TypeError: Failed to fetch
=============================
====== JS ERROR CAUGHT ======
Unhandled Promise: TypeError: Failed to fetch
=============================
====== JS ERROR CAUGHT ======
Unhandled Promise: TypeError: Failed to fetch
=============================
====== JS ERROR CAUGHT ======
Unhandled Promise: TypeError: Failed to fetch
=============================
====== JS ERROR CAUGHT ======
Unhandled Promise: TypeError: Failed to fetch
=============================
====== JS ERROR CAUGHT ======
Unhandled Promise: TypeError: Failed to fetch
=============================
====== JS ERROR CAUGHT ======
Unhandled Promise: TypeError: Failed to fetch
=============================
====== JS ERROR CAUGHT ======
Unhandled Promise: TypeError: Failed to fetch
=============================
====== JS ERROR CAUGHT ======
Unhandled Promise: TypeError: Failed to fetch
=============================
====== JS ERROR CAUGHT ======
Unhandled Promise: TypeError: Failed to fetch
=============================
====== JS ERROR CAUGHT ======
Unhandled Promise: TypeError: Failed to fetch
=============================
====== JS ERROR CAUGHT ======
Unhandled Promise: TypeError: Failed to fetch
=============================
====== JS ERROR CAUGHT ======
Unhandled Promise: TypeError: Failed to fetch
=============================
====== JS ERROR CAUGHT ======
Unhandled Promise: TypeError: Failed to fetch
=============================
====== JS ERROR CAUGHT ======
Unhandled Promise: TypeError: Failed to fetch
=============================
====== JS ERROR CAUGHT ======
Unhandled Promise: TypeError: Failed to fetch
=============================
====== JS ERROR CAUGHT ======
Unhandled Promise: TypeError: Failed to fetch
=============================
====== JS ERROR CAUGHT ======
Unhandled Promise: TypeError: Failed to fetch
=============================
====== JS ERROR CAUGHT ======
Unhandled Promise: TypeError: Failed to fetch
=============================
====== JS ERROR CAUGHT ======
Unhandled Promise: TypeError: Failed to fetch
=============================
====== JS ERROR CAUGHT ======
Unhandled Promise: TypeError: Failed to fetch
=============================
====== JS ERROR CAUGHT ======
Unhandled Promise: TypeError: Failed to fetch
=============================
====== JS ERROR CAUGHT ======
Unhandled Promise: TypeError: Failed to fetch
=============================
====== JS ERROR CAUGHT ======
Unhandled Promise: TypeError: Failed to fetch
=============================
====== JS ERROR CAUGHT ======
Unhandled Promise: TypeError: Failed to fetch
=============================
====== JS ERROR CAUGHT ======
Unhandled Promise: TypeError: Failed to fetch
=============================
====== JS ERROR CAUGHT ======
Unhandled Promise: TypeError: Failed to fetch
=============================
====== JS ERROR CAUGHT ======
Unhandled Promise: TypeError: Failed to fetch
=============================
====== JS ERROR CAUGHT ======
Unhandled Promise: TypeError: Failed to fetch
=============================
====== JS ERROR CAUGHT ======
Unhandled Promise: TypeError: Failed to fetch
=============================
====== JS ERROR CAUGHT ======
Unhandled Promise: TypeError: Failed to fetch
=============================
====== JS ERROR CAUGHT ======
Unhandled Promise: TypeError: Failed to fetch
=============================
====== JS ERROR CAUGHT ======
Unhandled Promise: TypeError: Failed to fetch
=============================
====== JS ERROR CAUGHT ======
Unhandled Promise: TypeError: Failed to fetch
=============================
====== JS ERROR CAUGHT ======
Unhandled Promise: TypeError: Failed to fetch
=============================
====== JS ERROR CAUGHT ======
Unhandled Promise: TypeError: Failed to fetch
=============================
====== JS ERROR CAUGHT ======
Unhandled Promise: TypeError: Failed to fetch
=============================
====== JS ERROR CAUGHT ======
Unhandled Promise: TypeError: Failed to fetch
=============================
====== JS ERROR CAUGHT ======
Unhandled Promise: TypeError: Failed to fetch
=============================
====== JS ERROR CAUGHT ======
Unhandled Promise: TypeError: Failed to fetch
=============================
====== JS ERROR CAUGHT ======
Unhandled Promise: TypeError: Failed to fetch
=============================
====== JS ERROR CAUGHT ======
Unhandled Promise: TypeError: Failed to fetch
=============================
====== JS ERROR CAUGHT ======
Unhandled Promise: TypeError: Failed to fetch
=============================
====== JS ERROR CAUGHT ======
Unhandled Promise: TypeError: Failed to fetch
=============================
====== JS ERROR CAUGHT ======
Unhandled Promise: TypeError: Failed to fetch
=============================
====== JS ERROR CAUGHT ======
Unhandled Promise: TypeError: Failed to fetch
=============================
====== JS ERROR CAUGHT ======
Unhandled Promise: TypeError: Failed to fetch
=============================
====== JS ERROR CAUGHT ======
Unhandled Promise: TypeError: Failed to fetch
=============================
====== JS ERROR CAUGHT ======
Unhandled Promise: TypeError: Failed to fetch
=============================
====== JS ERROR CAUGHT ======
Unhandled Promise: TypeError: Failed to fetch
=============================
====== JS ERROR CAUGHT ======
Unhandled Promise: TypeError: Failed to fetch
=============================
====== JS ERROR CAUGHT ======
Unhandled Promise: TypeError: Failed to fetch
=============================
====== JS ERROR CAUGHT ======
Unhandled Promise: TypeError: Failed to fetch
=============================
====== JS ERROR CAUGHT ======
Unhandled Promise: TypeError: Failed to fetch
=============================
====== JS ERROR CAUGHT ======
Unhandled Promise: TypeError: Failed to fetch
=============================
====== JS ERROR CAUGHT ======
Unhandled Promise: TypeError: Failed to fetch
=============================
====== JS ERROR CAUGHT ======
Unhandled Promise: TypeError: Failed to fetch
=============================
====== JS ERROR CAUGHT ======
Unhandled Promise: TypeError: Failed to fetch
=============================
====== JS ERROR CAUGHT ======
Unhandled Promise: TypeError: Failed to fetch
=============================
====== JS ERROR CAUGHT ======
Unhandled Promise: TypeError: Failed to fetch
=============================
====== JS ERROR CAUGHT ======
Unhandled Promise: TypeError: Failed to fetch
=============================
====== JS ERROR CAUGHT ======
Unhandled Promise: TypeError: Failed to fetch
=============================
====== JS ERROR CAUGHT ======
Unhandled Promise: TypeError: Failed to fetch
=============================
====== JS ERROR CAUGHT ======
Unhandled Promise: TypeError: Failed to fetch
=============================
====== JS ERROR CAUGHT ======
Unhandled Promise: TypeError: Failed to fetch
=============================
====== JS ERROR CAUGHT ======
Unhandled Promise: TypeError: Failed to fetch
=============================
====== JS ERROR CAUGHT ======
Unhandled Promise: TypeError: Failed to fetch
=============================
====== JS ERROR CAUGHT ======
Unhandled Promise: TypeError: Failed to fetch
=============================
====== JS ERROR CAUGHT ======
Unhandled Promise: TypeError: Failed to fetch
=============================
====== JS ERROR CAUGHT ======
Unhandled Promise: TypeError: Failed to fetch
=============================
====== JS ERROR CAUGHT ======
Unhandled Promise: TypeError: Failed to fetch
=============================
====== JS ERROR CAUGHT ======
Unhandled Promise: TypeError: Failed to fetch
=============================
====== JS ERROR CAUGHT ======
Unhandled Promise: TypeError: Failed to fetch
=============================
====== JS ERROR CAUGHT ======
Unhandled Promise: TypeError: Failed to fetch
=============================
====== JS ERROR CAUGHT ======
Unhandled Promise: TypeError: Failed to fetch
=============================
====== JS ERROR CAUGHT ======
Unhandled Promise: TypeError: Failed to fetch
=============================
====== JS ERROR CAUGHT ======
Unhandled Promise: TypeError: Failed to fetch
=============================
====== JS ERROR CAUGHT ======
Unhandled Promise: TypeError: Failed to fetch
=============================
====== JS ERROR CAUGHT ======
Unhandled Promise: TypeError: Failed to fetch
=============================
====== JS ERROR CAUGHT ======
Unhandled Promise: TypeError: Failed to fetch
=============================
====== JS ERROR CAUGHT ======
Unhandled Promise: TypeError: Failed to fetch
=============================
====== JS ERROR CAUGHT ======
Unhandled Promise: TypeError: Failed to fetch
=============================
====== JS ERROR CAUGHT ======
Unhandled Promise: TypeError: Failed to fetch
=============================
====== JS ERROR CAUGHT ======
Unhandled Promise: TypeError: Failed to fetch
=============================
====== JS ERROR CAUGHT ======
Unhandled Promise: TypeError: Failed to fetch
=============================
====== JS ERROR CAUGHT ======
Unhandled Promise: TypeError: Failed to fetch
=============================
====== JS ERROR CAUGHT ======
Unhandled Promise: TypeError: Failed to fetch
=============================
====== JS ERROR CAUGHT ======
Unhandled Promise: TypeError: Failed to fetch
=============================
====== JS ERROR CAUGHT ======
Unhandled Promise: TypeError: Failed to fetch
=============================
====== JS ERROR CAUGHT ======
Unhandled Promise: TypeError: Failed to fetch
=============================
====== JS ERROR CAUGHT ======
Unhandled Promise: TypeError: Failed to fetch
=============================
====== JS ERROR CAUGHT ======
Unhandled Promise: TypeError: Failed to fetch
=============================
====== JS ERROR CAUGHT ======
Unhandled Promise: TypeError: Failed to fetch
=============================
====== JS ERROR CAUGHT ======
Unhandled Promise: TypeError: Failed to fetch
=============================
====== JS ERROR CAUGHT ======
Unhandled Promise: TypeError: Failed to fetch
=============================
====== JS ERROR CAUGHT ======
Unhandled Promise: TypeError: Failed to fetch
=============================
====== JS ERROR CAUGHT ======
Unhandled Promise: TypeError: Failed to fetch
=============================
====== JS ERROR CAUGHT ======
Unhandled Promise: TypeError: Failed to fetch
=============================
====== JS ERROR CAUGHT ======
Unhandled Promise: TypeError: Failed to fetch
=============================
====== JS ERROR CAUGHT ======
Unhandled Promise: TypeError: Failed to fetch
=============================
====== JS ERROR CAUGHT ======
Unhandled Promise: TypeError: Failed to fetch
=============================
====== JS ERROR CAUGHT ======
Unhandled Promise: TypeError: Failed to fetch
=============================
====== JS ERROR CAUGHT ======
Unhandled Promise: TypeError: Failed to fetch
=============================
====== JS ERROR CAUGHT ======
Unhandled Promise: TypeError: Failed to fetch
=============================
====== JS ERROR CAUGHT ======
Unhandled Promise: TypeError: Failed to fetch
=============================
====== JS ERROR CAUGHT ======
Unhandled Promise: TypeError: Failed to fetch
=============================
====== JS ERROR CAUGHT ======
Unhandled Promise: TypeError: Failed to fetch
=============================
====== JS ERROR CAUGHT ======
Unhandled Promise: TypeError: Failed to fetch
=============================
====== JS ERROR CAUGHT ======
Unhandled Promise: TypeError: Failed to fetch
=============================
====== JS ERROR CAUGHT ======
Unhandled Promise: TypeError: Failed to fetch
=============================
====== JS ERROR CAUGHT ======
Unhandled Promise: TypeError: Failed to fetch
=============================
====== JS ERROR CAUGHT ======
Unhandled Promise: TypeError: Failed to fetch
=============================
====== JS ERROR CAUGHT ======
Unhandled Promise: TypeError: Failed to fetch
=============================
====== JS ERROR CAUGHT ======
Unhandled Promise: TypeError: Failed to fetch
=============================
====== JS ERROR CAUGHT ======
Unhandled Promise: TypeError: Failed to fetch
=============================
====== JS ERROR CAUGHT ======
Unhandled Promise: TypeError: Failed to fetch
=============================
====== JS ERROR CAUGHT ======
Unhandled Promise: TypeError: Failed to fetch
=============================
====== JS ERROR CAUGHT ======
Unhandled Promise: TypeError: Failed to fetch
=============================
====== JS ERROR CAUGHT ======
Unhandled Promise: TypeError: Failed to fetch
=============================
====== JS ERROR CAUGHT ======
Unhandled Promise: TypeError: Failed to fetch
=============================
====== JS ERROR CAUGHT ======
Unhandled Promise: TypeError: Failed to fetch
=============================
====== JS ERROR CAUGHT ======
Unhandled Promise: TypeError: Failed to fetch
=============================
====== JS ERROR CAUGHT ======
Unhandled Promise: TypeError: Failed to fetch
=============================
====== JS ERROR CAUGHT ======
Unhandled Promise: TypeError: Failed to fetch
=============================
====== JS ERROR CAUGHT ======
Unhandled Promise: TypeError: Failed to fetch
=============================
====== JS ERROR CAUGHT ======
Unhandled Promise: TypeError: Failed to fetch
=============================
====== JS ERROR CAUGHT ======
Unhandled Promise: TypeError: Failed to fetch
=============================
====== JS ERROR CAUGHT ======
Unhandled Promise: TypeError: Failed to fetch
=============================
====== JS ERROR CAUGHT ======
Unhandled Promise: TypeError: Failed to fetch
=============================
====== JS ERROR CAUGHT ======
Unhandled Promise: TypeError: Failed to fetch
=============================
====== JS ERROR CAUGHT ======
Unhandled Promise: TypeError: Failed to fetch
=============================
====== JS ERROR CAUGHT ======
Unhandled Promise: TypeError: Failed to fetch
=============================
====== JS ERROR CAUGHT ======
Unhandled Promise: TypeError: Failed to fetch
=============================
====== JS ERROR CAUGHT ======
Unhandled Promise: TypeError: Failed to fetch
=============================
====== JS ERROR CAUGHT ======
Unhandled Promise: TypeError: Failed to fetch
=============================
====== JS ERROR CAUGHT ======
Unhandled Promise: TypeError: Failed to fetch
=============================
====== JS ERROR CAUGHT ======
Unhandled Promise: TypeError: Failed to fetch
=============================
====== JS ERROR CAUGHT ======
Unhandled Promise: TypeError: Failed to fetch
=============================
====== JS ERROR CAUGHT ======
Unhandled Promise: TypeError: Failed to fetch
=============================
====== JS ERROR CAUGHT ======
Unhandled Promise: TypeError: Failed to fetch
=============================
====== JS ERROR CAUGHT ======
Unhandled Promise: TypeError: Failed to fetch
=============================
====== JS ERROR CAUGHT ======
Unhandled Promise: TypeError: Failed to fetch
=============================
====== JS ERROR CAUGHT ======
Unhandled Promise: TypeError: Failed to fetch
=============================
====== JS ERROR CAUGHT ======
Unhandled Promise: TypeError: Failed to fetch
=============================
====== JS ERROR CAUGHT ======
Unhandled Promise: TypeError: Failed to fetch
=============================
====== JS ERROR CAUGHT ======
Unhandled Promise: TypeError: Failed to fetch
=============================
====== JS ERROR CAUGHT ======
Unhandled Promise: TypeError: Failed to fetch
=============================
====== JS ERROR CAUGHT ======
Unhandled Promise: TypeError: Failed to fetch
=============================
====== JS ERROR CAUGHT ======
Unhandled Promise: TypeError: Failed to fetch
=============================
====== JS ERROR CAUGHT ======
Unhandled Promise: TypeError: Failed to fetch
=============================
====== JS ERROR CAUGHT ======
Unhandled Promise: TypeError: Failed to fetch
=============================
====== JS ERROR CAUGHT ======
Unhandled Promise: TypeError: Failed to fetch
=============================
====== JS ERROR CAUGHT ======
Unhandled Promise: TypeError: Failed to fetch
=============================
====== JS ERROR CAUGHT ======
Unhandled Promise: TypeError: Failed to fetch
=============================
====== JS ERROR CAUGHT ======
Unhandled Promise: TypeError: Failed to fetch
=============================
====== JS ERROR CAUGHT ======
Unhandled Promise: TypeError: Failed to fetch
=============================
====== JS ERROR CAUGHT ======
Unhandled Promise: TypeError: Failed to fetch
=============================
====== JS ERROR CAUGHT ======
Unhandled Promise: TypeError: Failed to fetch
=============================
====== JS ERROR CAUGHT ======
Unhandled Promise: TypeError: Failed to fetch
=============================
====== JS ERROR CAUGHT ======
Unhandled Promise: TypeError: Failed to fetch
=============================
====== JS ERROR CAUGHT ======
Unhandled Promise: TypeError: Failed to fetch
=============================
====== JS ERROR CAUGHT ======
Unhandled Promise: TypeError: Failed to fetch
=============================
====== JS ERROR CAUGHT ======
Unhandled Promise: TypeError: Failed to fetch
=============================
====== JS ERROR CAUGHT ======
Unhandled Promise: TypeError: Failed to fetch
=============================
====== JS ERROR CAUGHT ======
Unhandled Promise: TypeError: Failed to fetch
=============================
====== JS ERROR CAUGHT ======
Unhandled Promise: TypeError: Failed to fetch
=============================
====== JS ERROR CAUGHT ======
Unhandled Promise: TypeError: Failed to fetch
=============================
====== JS ERROR CAUGHT ======
Unhandled Promise: TypeError: Failed to fetch
=============================
====== JS ERROR CAUGHT ======
Unhandled Promise: TypeError: Failed to fetch
=============================
====== JS ERROR CAUGHT ======
Unhandled Promise: TypeError: Failed to fetch
=============================
====== JS ERROR CAUGHT ======
Unhandled Promise: TypeError: Failed to fetch
=============================
====== JS ERROR CAUGHT ======
Unhandled Promise: TypeError: Failed to fetch
=============================
====== JS ERROR CAUGHT ======
Unhandled Promise: TypeError: Failed to fetch
=============================
====== JS ERROR CAUGHT ======
Unhandled Promise: TypeError: Failed to fetch
=============================
====== JS ERROR CAUGHT ======
Unhandled Promise: TypeError: Failed to fetch
=============================
====== JS ERROR CAUGHT ======
Unhandled Promise: TypeError: Failed to fetch
=============================
====== JS ERROR CAUGHT ======
Unhandled Promise: TypeError: Failed to fetch
=============================
====== JS ERROR CAUGHT ======
Unhandled Promise: TypeError: Failed to fetch
=============================
====== JS ERROR CAUGHT ======
Unhandled Promise: TypeError: Failed to fetch
=============================
====== JS ERROR CAUGHT ======
Unhandled Promise: TypeError: Failed to fetch
=============================
====== JS ERROR CAUGHT ======
Unhandled Promise: TypeError: Failed to fetch
=============================
====== JS ERROR CAUGHT ======
Unhandled Promise: TypeError: Failed to fetch
=============================
====== JS ERROR CAUGHT ======
Unhandled Promise: TypeError: Failed to fetch
=============================
====== JS ERROR CAUGHT ======
Unhandled Promise: TypeError: Failed to fetch
=============================
====== JS ERROR CAUGHT ======
Unhandled Promise: TypeError: Failed to fetch
=============================
====== JS ERROR CAUGHT ======
Unhandled Promise: TypeError: Failed to fetch
=============================
====== JS ERROR CAUGHT ======
Unhandled Promise: TypeError: Failed to fetch
=============================
====== JS ERROR CAUGHT ======
Unhandled Promise: TypeError: Failed to fetch
=============================
====== JS ERROR CAUGHT ======
Unhandled Promise: TypeError: Failed to fetch
=============================
====== JS ERROR CAUGHT ======
Unhandled Promise: TypeError: Failed to fetch
=============================
====== JS ERROR CAUGHT ======
Unhandled Promise: TypeError: Failed to fetch
=============================
====== JS ERROR CAUGHT ======
Unhandled Promise: TypeError: Failed to fetch
=============================
====== JS ERROR CAUGHT ======
Unhandled Promise: TypeError: Failed to fetch
=============================
====== JS ERROR CAUGHT ======
Unhandled Promise: TypeError: Failed to fetch
=============================
====== JS ERROR CAUGHT ======
Unhandled Promise: TypeError: Failed to fetch
=============================
====== JS ERROR CAUGHT ======
Unhandled Promise: TypeError: Failed to fetch
=============================
====== JS ERROR CAUGHT ======
Unhandled Promise: TypeError: Failed to fetch
=============================
====== JS ERROR CAUGHT ======
Unhandled Promise: TypeError: Failed to fetch
=============================
====== JS ERROR CAUGHT ======
Unhandled Promise: TypeError: Failed to fetch
=============================
====== JS ERROR CAUGHT ======
Unhandled Promise: TypeError: Failed to fetch
=============================
====== JS ERROR CAUGHT ======
Unhandled Promise: TypeError: Failed to fetch
=============================
====== JS ERROR CAUGHT ======
Unhandled Promise: TypeError: Failed to fetch
=============================
====== JS ERROR CAUGHT ======
Unhandled Promise: TypeError: Failed to fetch
=============================
====== JS ERROR CAUGHT ======
Unhandled Promise: TypeError: Failed to fetch
=============================
====== JS ERROR CAUGHT ======
Unhandled Promise: TypeError: Failed to fetch
=============================
====== JS ERROR CAUGHT ======
Unhandled Promise: TypeError: Failed to fetch
=============================
====== JS ERROR CAUGHT ======
Unhandled Promise: TypeError: Failed to fetch
=============================
====== JS ERROR CAUGHT ======
Unhandled Promise: TypeError: Failed to fetch
=============================
====== JS ERROR CAUGHT ======
Unhandled Promise: TypeError: Failed to fetch
=============================
====== JS ERROR CAUGHT ======
Unhandled Promise: TypeError: Failed to fetch
=============================
====== JS ERROR CAUGHT ======
Unhandled Promise: TypeError: Failed to fetch
=============================
====== JS ERROR CAUGHT ======
Unhandled Promise: TypeError: Failed to fetch
=============================
====== JS ERROR CAUGHT ======
Unhandled Promise: TypeError: Failed to fetch
=============================
====== JS ERROR CAUGHT ======
Unhandled Promise: TypeError: Failed to fetch
=============================
====== JS ERROR CAUGHT ======
Unhandled Promise: TypeError: Failed to fetch
=============================
====== JS ERROR CAUGHT ======
Unhandled Promise: TypeError: Failed to fetch
=============================
====== JS ERROR CAUGHT ======
Unhandled Promise: TypeError: Failed to fetch
=============================
====== JS ERROR CAUGHT ======
Unhandled Promise: TypeError: Failed to fetch
=============================
====== JS ERROR CAUGHT ======
Unhandled Promise: TypeError: Failed to fetch
=============================
====== JS ERROR CAUGHT ======
Unhandled Promise: TypeError: Failed to fetch
=============================
====== JS ERROR CAUGHT ======
Unhandled Promise: TypeError: Failed to fetch
=============================
====== JS ERROR CAUGHT ======
Unhandled Promise: TypeError: Failed to fetch
=============================
====== JS ERROR CAUGHT ======
Unhandled Promise: TypeError: Failed to fetch
=============================
====== JS ERROR CAUGHT ======
Unhandled Promise: TypeError: Failed to fetch
=============================
====== JS ERROR CAUGHT ======
Unhandled Promise: TypeError: Failed to fetch
=============================
====== JS ERROR CAUGHT ======
Unhandled Promise: TypeError: Failed to fetch
=============================
====== JS ERROR CAUGHT ======
Unhandled Promise: TypeError: Failed to fetch
=============================
====== JS ERROR CAUGHT ======
Unhandled Promise: TypeError: Failed to fetch
=============================
====== JS ERROR CAUGHT ======
Unhandled Promise: TypeError: Failed to fetch
=============================
====== JS ERROR CAUGHT ======
Unhandled Promise: TypeError: Failed to fetch
=============================
====== JS ERROR CAUGHT ======
Unhandled Promise: TypeError: Failed to fetch
=============================
====== JS ERROR CAUGHT ======
Unhandled Promise: TypeError: Failed to fetch
=============================
====== JS ERROR CAUGHT ======
Unhandled Promise: TypeError: Failed to fetch
=============================
====== JS ERROR CAUGHT ======
Unhandled Promise: TypeError: Failed to fetch
=============================
====== JS ERROR CAUGHT ======
Unhandled Promise: TypeError: Failed to fetch
=============================
====== JS ERROR CAUGHT ======
Unhandled Promise: TypeError: Failed to fetch
=============================
====== JS ERROR CAUGHT ======
Unhandled Promise: TypeError: Failed to fetch
=============================
====== JS ERROR CAUGHT ======
Unhandled Promise: TypeError: Failed to fetch
=============================
====== JS ERROR CAUGHT ======
Unhandled Promise: TypeError: Failed to fetch
=============================
====== JS ERROR CAUGHT ======
Unhandled Promise: TypeError: Failed to fetch
=============================
====== JS ERROR CAUGHT ======
Unhandled Promise: TypeError: Failed to fetch
=============================
====== JS ERROR CAUGHT ======
Unhandled Promise: TypeError: Failed to fetch
=============================
====== JS ERROR CAUGHT ======
Unhandled Promise: TypeError: Failed to fetch
=============================
====== JS ERROR CAUGHT ======
Unhandled Promise: TypeError: Failed to fetch
=============================
====== JS ERROR CAUGHT ======
Unhandled Promise: TypeError: Failed to fetch
=============================
====== JS ERROR CAUGHT ======
Unhandled Promise: TypeError: Failed to fetch
=============================
====== JS ERROR CAUGHT ======
Unhandled Promise: TypeError: Failed to fetch
=============================
====== JS ERROR CAUGHT ======
Unhandled Promise: TypeError: Failed to fetch
=============================
====== JS ERROR CAUGHT ======
Unhandled Promise: TypeError: Failed to fetch
=============================
====== JS ERROR CAUGHT ======
Unhandled Promise: TypeError: Failed to fetch
=============================
====== JS ERROR CAUGHT ======
Unhandled Promise: TypeError: Failed to fetch
=============================
====== JS ERROR CAUGHT ======
Unhandled Promise: TypeError: Failed to fetch
=============================
====== JS ERROR CAUGHT ======
Unhandled Promise: TypeError: Failed to fetch
=============================
====== JS ERROR CAUGHT ======
Unhandled Promise: TypeError: Failed to fetch
=============================
====== JS ERROR CAUGHT ======
Unhandled Promise: TypeError: Failed to fetch
=============================
====== JS ERROR CAUGHT ======
Unhandled Promise: TypeError: Failed to fetch
=============================
====== JS ERROR CAUGHT ======
Unhandled Promise: TypeError: Failed to fetch
=============================
====== JS ERROR CAUGHT ======
Unhandled Promise: TypeError: Failed to fetch
=============================
====== JS ERROR CAUGHT ======
Unhandled Promise: TypeError: Failed to fetch
=============================
====== JS ERROR CAUGHT ======
Unhandled Promise: TypeError: Failed to fetch
=============================
====== JS ERROR CAUGHT ======
Unhandled Promise: TypeError: Failed to fetch
=============================
====== JS ERROR CAUGHT ======
Unhandled Promise: TypeError: Failed to fetch
=============================
====== JS ERROR CAUGHT ======
Unhandled Promise: TypeError: Failed to fetch
=============================
====== JS ERROR CAUGHT ======
Unhandled Promise: TypeError: Failed to fetch
=============================
====== JS ERROR CAUGHT ======
Unhandled Promise: TypeError: Failed to fetch
=============================
====== JS ERROR CAUGHT ======
Unhandled Promise: TypeError: Failed to fetch
=============================
====== JS ERROR CAUGHT ======
Unhandled Promise: TypeError: Failed to fetch
=============================
====== JS ERROR CAUGHT ======
Unhandled Promise: TypeError: Failed to fetch
=============================
====== JS ERROR CAUGHT ======
Unhandled Promise: TypeError: Failed to fetch
=============================
====== JS ERROR CAUGHT ======
Unhandled Promise: TypeError: Failed to fetch
=============================
====== JS ERROR CAUGHT ======
Unhandled Promise: TypeError: Failed to fetch
=============================
====== JS ERROR CAUGHT ======
Unhandled Promise: TypeError: Failed to fetch
=============================
====== JS ERROR CAUGHT ======
Unhandled Promise: TypeError: Failed to fetch
=============================
====== JS ERROR CAUGHT ======
Unhandled Promise: TypeError: Failed to fetch
=============================
====== JS ERROR CAUGHT ======
Unhandled Promise: TypeError: Failed to fetch
=============================
====== JS ERROR CAUGHT ======
Unhandled Promise: TypeError: Failed to fetch
=============================
====== JS ERROR CAUGHT ======
Unhandled Promise: TypeError: Failed to fetch
=============================
====== JS ERROR CAUGHT ======
Unhandled Promise: TypeError: Failed to fetch
=============================
====== JS ERROR CAUGHT ======
Unhandled Promise: TypeError: Failed to fetch
=============================
====== JS ERROR CAUGHT ======
Unhandled Promise: TypeError: Failed to fetch
=============================
====== JS ERROR CAUGHT ======
Unhandled Promise: TypeError: Failed to fetch
=============================
====== JS ERROR CAUGHT ======
Unhandled Promise: TypeError: Failed to fetch
=============================
====== JS ERROR CAUGHT ======
Unhandled Promise: TypeError: Failed to fetch
=============================
====== JS ERROR CAUGHT ======
Unhandled Promise: TypeError: Failed to fetch
=============================
====== JS ERROR CAUGHT ======
Unhandled Promise: TypeError: Failed to fetch
=============================
====== JS ERROR CAUGHT ======
Unhandled Promise: TypeError: Failed to fetch
=============================
====== JS ERROR CAUGHT ======
Unhandled Promise: TypeError: Failed to fetch
=============================
====== JS ERROR CAUGHT ======
Unhandled Promise: TypeError: Failed to fetch
=============================
====== JS ERROR CAUGHT ======
Unhandled Promise: TypeError: Failed to fetch
=============================
====== JS ERROR CAUGHT ======
Unhandled Promise: TypeError: Failed to fetch
=============================
====== JS ERROR CAUGHT ======
Unhandled Promise: TypeError: Failed to fetch
=============================
====== JS ERROR CAUGHT ======
Unhandled Promise: TypeError: Failed to fetch
=============================
====== JS ERROR CAUGHT ======
Unhandled Promise: TypeError: Failed to fetch
=============================
====== JS ERROR CAUGHT ======
Unhandled Promise: TypeError: Failed to fetch
=============================
====== JS ERROR CAUGHT ======
Unhandled Promise: TypeError: Failed to fetch
=============================
====== JS ERROR CAUGHT ======
Unhandled Promise: TypeError: Failed to fetch
=============================
====== JS ERROR CAUGHT ======
Unhandled Promise: TypeError: Failed to fetch
=============================
====== JS ERROR CAUGHT ======
Unhandled Promise: TypeError: Failed to fetch
=============================
====== JS ERROR CAUGHT ======
Unhandled Promise: TypeError: Failed to fetch
=============================
====== JS ERROR CAUGHT ======
Unhandled Promise: TypeError: Failed to fetch
=============================
====== JS ERROR CAUGHT ======
Unhandled Promise: TypeError: Failed to fetch
=============================
====== JS ERROR CAUGHT ======
Unhandled Promise: TypeError: Failed to fetch
=============================
====== JS ERROR CAUGHT ======
Unhandled Promise: TypeError: Failed to fetch
=============================
====== JS ERROR CAUGHT ======
Unhandled Promise: TypeError: Failed to fetch
=============================
====== JS ERROR CAUGHT ======
Unhandled Promise: TypeError: Failed to fetch
=============================
====== JS ERROR CAUGHT ======
Unhandled Promise: TypeError: Failed to fetch
=============================
====== JS ERROR CAUGHT ======
Unhandled Promise: TypeError: Failed to fetch
=============================
====== JS ERROR CAUGHT ======
Unhandled Promise: TypeError: Failed to fetch
=============================
====== JS ERROR CAUGHT ======
Unhandled Promise: TypeError: Failed to fetch
=============================
====== JS ERROR CAUGHT ======
Unhandled Promise: TypeError: Failed to fetch
=============================
====== JS ERROR CAUGHT ======
Unhandled Promise: TypeError: Failed to fetch
=============================
====== JS ERROR CAUGHT ======
Unhandled Promise: TypeError: Failed to fetch
=============================
====== JS ERROR CAUGHT ======
Unhandled Promise: TypeError: Failed to fetch
=============================
====== JS ERROR CAUGHT ======
Unhandled Promise: TypeError: Failed to fetch
=============================
====== JS ERROR CAUGHT ======
Unhandled Promise: TypeError: Failed to fetch
=============================
====== JS ERROR CAUGHT ======
Unhandled Promise: TypeError: Failed to fetch
=============================
====== JS ERROR CAUGHT ======
Unhandled Promise: TypeError: Failed to fetch
=============================
====== JS ERROR CAUGHT ======
Unhandled Promise: TypeError: Failed to fetch
=============================
====== JS ERROR CAUGHT ======
Unhandled Promise: TypeError: Failed to fetch
=============================
====== JS ERROR CAUGHT ======
Unhandled Promise: TypeError: Failed to fetch
=============================
====== JS ERROR CAUGHT ======
Unhandled Promise: TypeError: Failed to fetch
=============================
====== JS ERROR CAUGHT ======
Unhandled Promise: TypeError: Failed to fetch
=============================
====== JS ERROR CAUGHT ======
Unhandled Promise: TypeError: Failed to fetch
=============================
====== JS ERROR CAUGHT ======
Unhandled Promise: TypeError: Failed to fetch
=============================
====== JS ERROR CAUGHT ======
Unhandled Promise: TypeError: Failed to fetch
=============================
====== JS ERROR CAUGHT ======
Unhandled Promise: TypeError: Failed to fetch
=============================
====== JS ERROR CAUGHT ======
Unhandled Promise: TypeError: Failed to fetch
=============================
====== JS ERROR CAUGHT ======
Unhandled Promise: TypeError: Failed to fetch
=============================
====== JS ERROR CAUGHT ======
Unhandled Promise: TypeError: Failed to fetch
=============================
====== JS ERROR CAUGHT ======
Unhandled Promise: TypeError: Failed to fetch
=============================
====== JS ERROR CAUGHT ======
Unhandled Promise: TypeError: Failed to fetch
=============================
====== JS ERROR CAUGHT ======
Unhandled Promise: TypeError: Failed to fetch
=============================
====== JS ERROR CAUGHT ======
Unhandled Promise: TypeError: Failed to fetch
=============================
====== JS ERROR CAUGHT ======
Unhandled Promise: TypeError: Failed to fetch
=============================
====== JS ERROR CAUGHT ======
Unhandled Promise: TypeError: Failed to fetch
=============================
====== JS ERROR CAUGHT ======
Unhandled Promise: TypeError: Failed to fetch
=============================
====== JS ERROR CAUGHT ======
Unhandled Promise: TypeError: Failed to fetch
=============================
====== JS ERROR CAUGHT ======
Unhandled Promise: TypeError: Failed to fetch
=============================
====== JS ERROR CAUGHT ======
Unhandled Promise: TypeError: Failed to fetch
=============================
====== JS ERROR CAUGHT ======
Unhandled Promise: TypeError: Failed to fetch
=============================
====== JS ERROR CAUGHT ======
Unhandled Promise: TypeError: Failed to fetch
=============================
====== JS ERROR CAUGHT ======
Unhandled Promise: TypeError: Failed to fetch
=============================
====== JS ERROR CAUGHT ======
Unhandled Promise: TypeError: Failed to fetch
=============================
====== JS ERROR CAUGHT ======
Unhandled Promise: TypeError: Failed to fetch
=============================
====== JS ERROR CAUGHT ======
Unhandled Promise: TypeError: Failed to fetch
=============================
====== JS ERROR CAUGHT ======
Unhandled Promise: TypeError: Failed to fetch
=============================
====== JS ERROR CAUGHT ======
Unhandled Promise: TypeError: Failed to fetch
=============================
====== JS ERROR CAUGHT ======
Unhandled Promise: TypeError: Failed to fetch
=============================
====== JS ERROR CAUGHT ======
Unhandled Promise: TypeError: Failed to fetch
=============================
====== JS ERROR CAUGHT ======
Unhandled Promise: TypeError: Failed to fetch
=============================
====== JS ERROR CAUGHT ======
Unhandled Promise: TypeError: Failed to fetch
=============================
====== JS ERROR CAUGHT ======
Unhandled Promise: TypeError: Failed to fetch
=============================
====== JS ERROR CAUGHT ======
Unhandled Promise: TypeError: Failed to fetch
=============================
====== JS ERROR CAUGHT ======
Unhandled Promise: TypeError: Failed to fetch
=============================
====== JS ERROR CAUGHT ======
Unhandled Promise: TypeError: Failed to fetch
=============================
====== JS ERROR CAUGHT ======
Unhandled Promise: TypeError: Failed to fetch
=============================
====== JS ERROR CAUGHT ======
Unhandled Promise: TypeError: Failed to fetch
=============================
====== JS ERROR CAUGHT ======
Unhandled Promise: TypeError: Failed to fetch
=============================
====== JS ERROR CAUGHT ======
Unhandled Promise: TypeError: Failed to fetch
=============================
====== JS ERROR CAUGHT ======
Unhandled Promise: TypeError: Failed to fetch
=============================
====== JS ERROR CAUGHT ======
Unhandled Promise: TypeError: Failed to fetch
=============================
====== JS ERROR CAUGHT ======
Unhandled Promise: TypeError: Failed to fetch
=============================
====== JS ERROR CAUGHT ======
Unhandled Promise: TypeError: Failed to fetch
=============================
====== JS ERROR CAUGHT ======
Unhandled Promise: TypeError: Failed to fetch
=============================
====== JS ERROR CAUGHT ======
Unhandled Promise: TypeError: Failed to fetch
=============================
====== JS ERROR CAUGHT ======
Unhandled Promise: TypeError: Failed to fetch
=============================
====== JS ERROR CAUGHT ======
Unhandled Promise: TypeError: Failed to fetch
=============================
====== JS ERROR CAUGHT ======
Unhandled Promise: TypeError: Failed to fetch
=============================
====== JS ERROR CAUGHT ======
Unhandled Promise: TypeError: Failed to fetch
=============================
====== JS ERROR CAUGHT ======
Unhandled Promise: TypeError: Failed to fetch
=============================
====== JS ERROR CAUGHT ======
Unhandled Promise: TypeError: Failed to fetch
=============================
====== JS ERROR CAUGHT ======
Unhandled Promise: TypeError: Failed to fetch
=============================
====== JS ERROR CAUGHT ======
Unhandled Promise: TypeError: Failed to fetch
=============================
====== JS ERROR CAUGHT ======
Unhandled Promise: TypeError: Failed to fetch
=============================
====== JS ERROR CAUGHT ======
Unhandled Promise: TypeError: Failed to fetch
=============================
====== JS ERROR CAUGHT ======
Unhandled Promise: TypeError: Failed to fetch
=============================
====== JS ERROR CAUGHT ======
Unhandled Promise: TypeError: Failed to fetch
=============================
====== JS ERROR CAUGHT ======
Unhandled Promise: TypeError: Failed to fetch
=============================
====== JS ERROR CAUGHT ======
Unhandled Promise: TypeError: Failed to fetch
=============================
====== JS ERROR CAUGHT ======
Unhandled Promise: TypeError: Failed to fetch
=============================
====== JS ERROR CAUGHT ======
Unhandled Promise: TypeError: Failed to fetch
=============================
====== JS ERROR CAUGHT ======
Unhandled Promise: TypeError: Failed to fetch
=============================
====== JS ERROR CAUGHT ======
Unhandled Promise: TypeError: Failed to fetch
=============================
====== JS ERROR CAUGHT ======
Unhandled Promise: TypeError: Failed to fetch
=============================
====== JS ERROR CAUGHT ======
Unhandled Promise: TypeError: Failed to fetch
=============================
====== JS ERROR CAUGHT ======
Unhandled Promise: TypeError: Failed to fetch
=============================
====== JS ERROR CAUGHT ======
Unhandled Promise: TypeError: Failed to fetch
=============================
====== JS ERROR CAUGHT ======
Unhandled Promise: TypeError: Failed to fetch
=============================
====== JS ERROR CAUGHT ======
Unhandled Promise: TypeError: Failed to fetch
=============================
====== JS ERROR CAUGHT ======
Unhandled Promise: TypeError: Failed to fetch
=============================
====== JS ERROR CAUGHT ======
Unhandled Promise: TypeError: Failed to fetch
=============================
====== JS ERROR CAUGHT ======
Unhandled Promise: TypeError: Failed to fetch
=============================
====== JS ERROR CAUGHT ======
Unhandled Promise: TypeError: Failed to fetch
=============================
====== JS ERROR CAUGHT ======
Unhandled Promise: TypeError: Failed to fetch
=============================
====== JS ERROR CAUGHT ======
Unhandled Promise: TypeError: Failed to fetch
=============================
====== JS ERROR CAUGHT ======
Unhandled Promise: TypeError: Failed to fetch
=============================
====== JS ERROR CAUGHT ======
Unhandled Promise: TypeError: Failed to fetch
=============================
====== JS ERROR CAUGHT ======
Unhandled Promise: TypeError: Failed to fetch
=============================
====== JS ERROR CAUGHT ======
Unhandled Promise: TypeError: Failed to fetch
=============================
====== JS ERROR CAUGHT ======
Unhandled Promise: TypeError: Failed to fetch
=============================
====== JS ERROR CAUGHT ======
Unhandled Promise: TypeError: Failed to fetch
=============================
====== JS ERROR CAUGHT ======
Unhandled Promise: TypeError: Failed to fetch
=============================
====== JS ERROR CAUGHT ======
Unhandled Promise: TypeError: Failed to fetch
=============================
====== JS ERROR CAUGHT ======
Unhandled Promise: TypeError: Failed to fetch
=============================
====== JS ERROR CAUGHT ======
Unhandled Promise: TypeError: Failed to fetch
=============================
====== JS ERROR CAUGHT ======
Unhandled Promise: TypeError: Failed to fetch
=============================
====== JS ERROR CAUGHT ======
Unhandled Promise: TypeError: Failed to fetch
=============================
====== JS ERROR CAUGHT ======
Unhandled Promise: TypeError: Failed to fetch
=============================
====== JS ERROR CAUGHT ======
Unhandled Promise: TypeError: Failed to fetch
=============================
====== JS ERROR CAUGHT ======
Unhandled Promise: TypeError: Failed to fetch
=============================
====== JS ERROR CAUGHT ======
Unhandled Promise: TypeError: Failed to fetch
=============================
====== JS ERROR CAUGHT ======
Unhandled Promise: TypeError: Failed to fetch
=============================
====== JS ERROR CAUGHT ======
Unhandled Promise: TypeError: Failed to fetch
=============================
====== JS ERROR CAUGHT ======
Unhandled Promise: TypeError: Failed to fetch
=============================
====== JS ERROR CAUGHT ======
Unhandled Promise: TypeError: Failed to fetch
=============================
====== JS ERROR CAUGHT ======
Unhandled Promise: TypeError: Failed to fetch
=============================
====== JS ERROR CAUGHT ======
Unhandled Promise: TypeError: Failed to fetch
=============================
====== JS ERROR CAUGHT ======
Unhandled Promise: TypeError: Failed to fetch
=============================
====== JS ERROR CAUGHT ======
Unhandled Promise: TypeError: Failed to fetch
=============================
====== JS ERROR CAUGHT ======
Unhandled Promise: TypeError: Failed to fetch
=============================
====== JS ERROR CAUGHT ======
Unhandled Promise: TypeError: Failed to fetch
=============================
====== JS ERROR CAUGHT ======
Unhandled Promise: TypeError: Failed to fetch
=============================
====== JS ERROR CAUGHT ======
Unhandled Promise: TypeError: Failed to fetch
=============================
====== JS ERROR CAUGHT ======
Unhandled Promise: TypeError: Failed to fetch
=============================
====== JS ERROR CAUGHT ======
Unhandled Promise: TypeError: Failed to fetch
=============================
====== JS ERROR CAUGHT ======
Unhandled Promise: TypeError: Failed to fetch
=============================
====== JS ERROR CAUGHT ======
Unhandled Promise: TypeError: Failed to fetch
=============================
====== JS ERROR CAUGHT ======
Unhandled Promise: TypeError: Failed to fetch
=============================
====== JS ERROR CAUGHT ======
Unhandled Promise: TypeError: Failed to fetch
=============================
====== JS ERROR CAUGHT ======
Unhandled Promise: TypeError: Failed to fetch
=============================
====== JS ERROR CAUGHT ======
Unhandled Promise: TypeError: Failed to fetch
=============================
====== JS ERROR CAUGHT ======
Unhandled Promise: TypeError: Failed to fetch
=============================
====== JS ERROR CAUGHT ======
Unhandled Promise: TypeError: Failed to fetch
=============================
====== JS ERROR CAUGHT ======
Unhandled Promise: TypeError: Failed to fetch
=============================
====== JS ERROR CAUGHT ======
Unhandled Promise: TypeError: Failed to fetch
=============================
====== JS ERROR CAUGHT ======
Unhandled Promise: TypeError: Failed to fetch
=============================
====== JS ERROR CAUGHT ======
Unhandled Promise: TypeError: Failed to fetch
=============================
====== JS ERROR CAUGHT ======
Unhandled Promise: TypeError: Failed to fetch
=============================
====== JS ERROR CAUGHT ======
Unhandled Promise: TypeError: Failed to fetch
=============================
====== JS ERROR CAUGHT ======
Unhandled Promise: TypeError: Failed to fetch
=============================
====== JS ERROR CAUGHT ======
Unhandled Promise: TypeError: Failed to fetch
=============================
====== JS ERROR CAUGHT ======
Unhandled Promise: TypeError: Failed to fetch
=============================
====== JS ERROR CAUGHT ======
Unhandled Promise: TypeError: Failed to fetch
=============================
====== JS ERROR CAUGHT ======
Unhandled Promise: TypeError: Failed to fetch
=============================
====== JS ERROR CAUGHT ======
Unhandled Promise: TypeError: Failed to fetch
=============================
====== JS ERROR CAUGHT ======
Unhandled Promise: TypeError: Failed to fetch
=============================
====== JS ERROR CAUGHT ======
Unhandled Promise: TypeError: Failed to fetch
=============================
====== JS ERROR CAUGHT ======
Unhandled Promise: TypeError: Failed to fetch
=============================
====== JS ERROR CAUGHT ======
Unhandled Promise: TypeError: Failed to fetch
=============================
====== JS ERROR CAUGHT ======
Unhandled Promise: TypeError: Failed to fetch
=============================
====== JS ERROR CAUGHT ======
Unhandled Promise: TypeError: Failed to fetch
=============================
====== JS ERROR CAUGHT ======
Unhandled Promise: TypeError: Failed to fetch
=============================
====== JS ERROR CAUGHT ======
Unhandled Promise: TypeError: Failed to fetch
=============================
====== JS ERROR CAUGHT ======
Unhandled Promise: TypeError: Failed to fetch
=============================
====== JS ERROR CAUGHT ======
Unhandled Promise: TypeError: Failed to fetch
=============================
====== JS ERROR CAUGHT ======
Unhandled Promise: TypeError: Failed to fetch
=============================
====== JS ERROR CAUGHT ======
Unhandled Promise: TypeError: Failed to fetch
=============================
====== JS ERROR CAUGHT ======
Unhandled Promise: TypeError: Failed to fetch
=============================
====== JS ERROR CAUGHT ======
Unhandled Promise: TypeError: Failed to fetch
=============================
====== JS ERROR CAUGHT ======
Unhandled Promise: TypeError: Failed to fetch
=============================
====== JS ERROR CAUGHT ======
Unhandled Promise: TypeError: Failed to fetch
=============================
====== JS ERROR CAUGHT ======
Unhandled Promise: TypeError: Failed to fetch
=============================
====== JS ERROR CAUGHT ======
Unhandled Promise: TypeError: Failed to fetch
=============================
====== JS ERROR CAUGHT ======
Unhandled Promise: TypeError: Failed to fetch
=============================
====== JS ERROR CAUGHT ======
Unhandled Promise: TypeError: Failed to fetch
=============================
====== JS ERROR CAUGHT ======
Unhandled Promise: TypeError: Failed to fetch
=============================
====== JS ERROR CAUGHT ======
Unhandled Promise: TypeError: Failed to fetch
=============================
====== JS ERROR CAUGHT ======
Unhandled Promise: TypeError: Failed to fetch
=============================
====== JS ERROR CAUGHT ======
Unhandled Promise: TypeError: Failed to fetch
=============================
====== JS ERROR CAUGHT ======
Unhandled Promise: TypeError: Failed to fetch
=============================
====== JS ERROR CAUGHT ======
Unhandled Promise: TypeError: Failed to fetch
=============================
====== JS ERROR CAUGHT ======
Unhandled Promise: TypeError: Failed to fetch
=============================
====== JS ERROR CAUGHT ======
Unhandled Promise: TypeError: Failed to fetch
=============================
====== JS ERROR CAUGHT ======
Unhandled Promise: TypeError: Failed to fetch
=============================
====== JS ERROR CAUGHT ======
Unhandled Promise: TypeError: Failed to fetch
=============================
====== JS ERROR CAUGHT ======
Unhandled Promise: TypeError: Failed to fetch
=============================
====== JS ERROR CAUGHT ======
Unhandled Promise: TypeError: Failed to fetch
=============================
====== JS ERROR CAUGHT ======
Unhandled Promise: TypeError: Failed to fetch
=============================
====== JS ERROR CAUGHT ======
Unhandled Promise: TypeError: Failed to fetch
=============================
====== JS ERROR CAUGHT ======
Unhandled Promise: TypeError: Failed to fetch
=============================
====== JS ERROR CAUGHT ======
Unhandled Promise: TypeError: Failed to fetch
=============================
====== JS ERROR CAUGHT ======
Unhandled Promise: TypeError: Failed to fetch
=============================
====== JS ERROR CAUGHT ======
Unhandled Promise: TypeError: Failed to fetch
=============================
====== JS ERROR CAUGHT ======
Unhandled Promise: TypeError: Failed to fetch
=============================
====== JS ERROR CAUGHT ======
Unhandled Promise: TypeError: Failed to fetch
=============================
====== JS ERROR CAUGHT ======
Unhandled Promise: TypeError: Failed to fetch
=============================
====== JS ERROR CAUGHT ======
Unhandled Promise: TypeError: Failed to fetch
=============================
====== JS ERROR CAUGHT ======
Unhandled Promise: TypeError: Failed to fetch
=============================
====== JS ERROR CAUGHT ======
Unhandled Promise: TypeError: Failed to fetch
=============================
====== JS ERROR CAUGHT ======
Unhandled Promise: TypeError: Failed to fetch
=============================
====== JS ERROR CAUGHT ======
Unhandled Promise: TypeError: Failed to fetch
=============================
====== JS ERROR CAUGHT ======
Unhandled Promise: TypeError: Failed to fetch
=============================
====== JS ERROR CAUGHT ======
Unhandled Promise: TypeError: Failed to fetch
=============================
====== JS ERROR CAUGHT ======
Unhandled Promise: TypeError: Failed to fetch
=============================
====== JS ERROR CAUGHT ======
Unhandled Promise: TypeError: Failed to fetch
=============================
====== JS ERROR CAUGHT ======
Unhandled Promise: TypeError: Failed to fetch
=============================
====== JS ERROR CAUGHT ======
Unhandled Promise: TypeError: Failed to fetch
=============================
====== JS ERROR CAUGHT ======
Unhandled Promise: TypeError: Failed to fetch
=============================
====== JS ERROR CAUGHT ======
Unhandled Promise: TypeError: Failed to fetch
=============================
====== JS ERROR CAUGHT ======
Unhandled Promise: TypeError: Failed to fetch
=============================
====== JS ERROR CAUGHT ======
Unhandled Promise: TypeError: Failed to fetch
=============================
====== JS ERROR CAUGHT ======
Unhandled Promise: TypeError: Failed to fetch
=============================
====== JS ERROR CAUGHT ======
Unhandled Promise: TypeError: Failed to fetch
=============================
====== JS ERROR CAUGHT ======
Unhandled Promise: TypeError: Failed to fetch
=============================
====== JS ERROR CAUGHT ======
Unhandled Promise: TypeError: Failed to fetch
=============================
====== JS ERROR CAUGHT ======
Unhandled Promise: TypeError: Failed to fetch
=============================
====== JS ERROR CAUGHT ======
Unhandled Promise: TypeError: Failed to fetch
=============================
====== JS ERROR CAUGHT ======
Unhandled Promise: TypeError: Failed to fetch
=============================
====== JS ERROR CAUGHT ======
Unhandled Promise: TypeError: Failed to fetch
=============================
====== JS ERROR CAUGHT ======
Unhandled Promise: TypeError: Failed to fetch
=============================
====== JS ERROR CAUGHT ======
Unhandled Promise: TypeError: Failed to fetch
=============================
====== JS ERROR CAUGHT ======
Unhandled Promise: TypeError: Failed to fetch
=============================
====== JS ERROR CAUGHT ======
Unhandled Promise: TypeError: Failed to fetch
=============================
====== JS ERROR CAUGHT ======
Unhandled Promise: TypeError: Failed to fetch
=============================
====== JS ERROR CAUGHT ======
Unhandled Promise: TypeError: Failed to fetch
=============================
====== JS ERROR CAUGHT ======
Unhandled Promise: TypeError: Failed to fetch
=============================
====== JS ERROR CAUGHT ======
Unhandled Promise: TypeError: Failed to fetch
=============================
====== JS ERROR CAUGHT ======
Unhandled Promise: TypeError: Failed to fetch
=============================
====== JS ERROR CAUGHT ======
Unhandled Promise: TypeError: Failed to fetch
=============================
====== JS ERROR CAUGHT ======
Unhandled Promise: TypeError: Failed to fetch
=============================
====== JS ERROR CAUGHT ======
Unhandled Promise: TypeError: Failed to fetch
=============================
====== JS ERROR CAUGHT ======
Unhandled Promise: TypeError: Failed to fetch
=============================
====== JS ERROR CAUGHT ======
Unhandled Promise: TypeError: Failed to fetch
=============================
====== JS ERROR CAUGHT ======
Unhandled Promise: TypeError: Failed to fetch
=============================
====== JS ERROR CAUGHT ======
Unhandled Promise: TypeError: Failed to fetch
=============================
====== JS ERROR CAUGHT ======
Unhandled Promise: TypeError: Failed to fetch
=============================
====== JS ERROR CAUGHT ======
Unhandled Promise: TypeError: Failed to fetch
=============================
====== JS ERROR CAUGHT ======
Unhandled Promise: TypeError: Failed to fetch
=============================
====== JS ERROR CAUGHT ======
Unhandled Promise: TypeError: Failed to fetch
=============================
====== JS ERROR CAUGHT ======
Unhandled Promise: TypeError: Failed to fetch
=============================
====== JS ERROR CAUGHT ======
Unhandled Promise: TypeError: Failed to fetch
=============================
====== JS ERROR CAUGHT ======
Unhandled Promise: TypeError: Failed to fetch
=============================
====== JS ERROR CAUGHT ======
Unhandled Promise: TypeError: Failed to fetch
=============================
====== JS ERROR CAUGHT ======
Unhandled Promise: TypeError: Failed to fetch
=============================
====== JS ERROR CAUGHT ======
Unhandled Promise: TypeError: Failed to fetch
=============================
====== JS ERROR CAUGHT ======
Unhandled Promise: TypeError: Failed to fetch
=============================
====== JS ERROR CAUGHT ======
Unhandled Promise: TypeError: Failed to fetch
=============================
====== JS ERROR CAUGHT ======
Unhandled Promise: TypeError: Failed to fetch
=============================
====== JS ERROR CAUGHT ======
Unhandled Promise: TypeError: Failed to fetch
=============================
====== JS ERROR CAUGHT ======
Unhandled Promise: TypeError: Failed to fetch
=============================
====== JS ERROR CAUGHT ======
Unhandled Promise: TypeError: Failed to fetch
=============================
====== JS ERROR CAUGHT ======
Unhandled Promise: TypeError: Failed to fetch
=============================
====== JS ERROR CAUGHT ======
Unhandled Promise: TypeError: Failed to fetch
=============================
====== JS ERROR CAUGHT ======
Unhandled Promise: TypeError: Failed to fetch
=============================
====== JS ERROR CAUGHT ======
Unhandled Promise: TypeError: Failed to fetch
=============================
====== JS ERROR CAUGHT ======
Unhandled Promise: TypeError: Failed to fetch
=============================
====== JS ERROR CAUGHT ======
Unhandled Promise: TypeError: Failed to fetch
=============================
====== JS ERROR CAUGHT ======
Unhandled Promise: TypeError: Failed to fetch
=============================
====== JS ERROR CAUGHT ======
Unhandled Promise: TypeError: Failed to fetch
=============================
====== JS ERROR CAUGHT ======
Unhandled Promise: TypeError: Failed to fetch
=============================
====== JS ERROR CAUGHT ======
Unhandled Promise: TypeError: Failed to fetch
=============================
====== JS ERROR CAUGHT ======
Unhandled Promise: TypeError: Failed to fetch
=============================
====== JS ERROR CAUGHT ======
Unhandled Promise: TypeError: Failed to fetch
=============================
====== JS ERROR CAUGHT ======
Unhandled Promise: TypeError: Failed to fetch
=============================
====== JS ERROR CAUGHT ======
Unhandled Promise: TypeError: Failed to fetch
=============================
====== JS ERROR CAUGHT ======
Unhandled Promise: TypeError: Failed to fetch
=============================
====== JS ERROR CAUGHT ======
Unhandled Promise: TypeError: Failed to fetch
=============================
====== JS ERROR CAUGHT ======
Unhandled Promise: TypeError: Failed to fetch
=============================
====== JS ERROR CAUGHT ======
Unhandled Promise: TypeError: Failed to fetch
=============================
====== JS ERROR CAUGHT ======
Unhandled Promise: TypeError: Failed to fetch
=============================
====== JS ERROR CAUGHT ======
Unhandled Promise: TypeError: Failed to fetch
=============================
====== JS ERROR CAUGHT ======
Unhandled Promise: TypeError: Failed to fetch
=============================
====== JS ERROR CAUGHT ======
Unhandled Promise: TypeError: Failed to fetch
=============================
====== JS ERROR CAUGHT ======
Unhandled Promise: TypeError: Failed to fetch
=============================
====== JS ERROR CAUGHT ======
Unhandled Promise: TypeError: Failed to fetch
=============================
====== JS ERROR CAUGHT ======
Unhandled Promise: TypeError: Failed to fetch
=============================
====== JS ERROR CAUGHT ======
Unhandled Promise: TypeError: Failed to fetch
=============================
====== JS ERROR CAUGHT ======
Unhandled Promise: TypeError: Failed to fetch
=============================
====== JS ERROR CAUGHT ======
Unhandled Promise: TypeError: Failed to fetch
=============================
====== JS ERROR CAUGHT ======
Unhandled Promise: TypeError: Failed to fetch
=============================
====== JS ERROR CAUGHT ======
Unhandled Promise: TypeError: Failed to fetch
=============================
====== JS ERROR CAUGHT ======
Unhandled Promise: TypeError: Failed to fetch
=============================
====== JS ERROR CAUGHT ======
Unhandled Promise: TypeError: Failed to fetch
=============================
====== JS ERROR CAUGHT ======
Unhandled Promise: TypeError: Failed to fetch
=============================
====== JS ERROR CAUGHT ======
Unhandled Promise: TypeError: Failed to fetch
=============================
====== JS ERROR CAUGHT ======
Unhandled Promise: TypeError: Failed to fetch
=============================
====== JS ERROR CAUGHT ======
Unhandled Promise: TypeError: Failed to fetch
=============================
====== JS ERROR CAUGHT ======
Unhandled Promise: TypeError: Failed to fetch
=============================
====== JS ERROR CAUGHT ======
Unhandled Promise: TypeError: Failed to fetch
=============================
====== JS ERROR CAUGHT ======
Unhandled Promise: TypeError: Failed to fetch
=============================
====== JS ERROR CAUGHT ======
Unhandled Promise: TypeError: Failed to fetch
=============================
====== JS ERROR CAUGHT ======
Unhandled Promise: TypeError: Failed to fetch
=============================
====== JS ERROR CAUGHT ======
Unhandled Promise: TypeError: Failed to fetch
=============================
====== JS ERROR CAUGHT ======
Unhandled Promise: TypeError: Failed to fetch
=============================
====== JS ERROR CAUGHT ======
Unhandled Promise: TypeError: Failed to fetch
=============================
====== JS ERROR CAUGHT ======
Unhandled Promise: TypeError: Failed to fetch
=============================
====== JS ERROR CAUGHT ======
Unhandled Promise: TypeError: Failed to fetch
=============================
====== JS ERROR CAUGHT ======
Unhandled Promise: TypeError: Failed to fetch
=============================
====== JS ERROR CAUGHT ======
Unhandled Promise: TypeError: Failed to fetch
=============================
====== JS ERROR CAUGHT ======
Unhandled Promise: TypeError: Failed to fetch
=============================
====== JS ERROR CAUGHT ======
Unhandled Promise: TypeError: Failed to fetch
=============================
====== JS ERROR CAUGHT ======
Unhandled Promise: TypeError: Failed to fetch
=============================
====== JS ERROR CAUGHT ======
Unhandled Promise: TypeError: Failed to fetch
=============================
====== JS ERROR CAUGHT ======
Unhandled Promise: TypeError: Failed to fetch
=============================
====== JS ERROR CAUGHT ======
Unhandled Promise: TypeError: Failed to fetch
=============================
====== JS ERROR CAUGHT ======
Unhandled Promise: TypeError: Failed to fetch
=============================
====== JS ERROR CAUGHT ======
Unhandled Promise: TypeError: Failed to fetch
=============================
====== JS ERROR CAUGHT ======
Unhandled Promise: TypeError: Failed to fetch
=============================
====== JS ERROR CAUGHT ======
Unhandled Promise: TypeError: Failed to fetch
=============================
====== JS ERROR CAUGHT ======
Unhandled Promise: TypeError: Failed to fetch
=============================
====== JS ERROR CAUGHT ======
Unhandled Promise: TypeError: Failed to fetch
=============================
====== JS ERROR CAUGHT ======
Unhandled Promise: TypeError: Failed to fetch
=============================
====== JS ERROR CAUGHT ======
Unhandled Promise: TypeError: Failed to fetch
=============================
====== JS ERROR CAUGHT ======
Unhandled Promise: TypeError: Failed to fetch
=============================
====== JS ERROR CAUGHT ======
Unhandled Promise: TypeError: Failed to fetch
=============================
====== JS ERROR CAUGHT ======
Unhandled Promise: TypeError: Failed to fetch
=============================
====== JS ERROR CAUGHT ======
Unhandled Promise: TypeError: Failed to fetch
=============================
====== JS ERROR CAUGHT ======
Unhandled Promise: TypeError: Failed to fetch
=============================
====== JS ERROR CAUGHT ======
Unhandled Promise: TypeError: Failed to fetch
=============================
====== JS ERROR CAUGHT ======
Unhandled Promise: TypeError: Failed to fetch
=============================
====== JS ERROR CAUGHT ======
Unhandled Promise: TypeError: Failed to fetch
=============================
====== JS ERROR CAUGHT ======
Unhandled Promise: TypeError: Failed to fetch
=============================
====== JS ERROR CAUGHT ======
Unhandled Promise: TypeError: Failed to fetch
=============================
====== JS ERROR CAUGHT ======
Unhandled Promise: TypeError: Failed to fetch
=============================
====== JS ERROR CAUGHT ======
Unhandled Promise: TypeError: Failed to fetch
=============================
====== JS ERROR CAUGHT ======
Unhandled Promise: TypeError: Failed to fetch
=============================
====== JS ERROR CAUGHT ======
Unhandled Promise: TypeError: Failed to fetch
=============================
====== JS ERROR CAUGHT ======
Unhandled Promise: TypeError: Failed to fetch
=============================
====== JS ERROR CAUGHT ======
Unhandled Promise: TypeError: Failed to fetch
=============================
====== JS ERROR CAUGHT ======
Unhandled Promise: TypeError: Failed to fetch
=============================
====== JS ERROR CAUGHT ======
Unhandled Promise: TypeError: Failed to fetch
=============================
====== JS ERROR CAUGHT ======
Unhandled Promise: TypeError: Failed to fetch
=============================
====== JS ERROR CAUGHT ======
Unhandled Promise: TypeError: Failed to fetch
=============================
====== JS ERROR CAUGHT ======
Unhandled Promise: TypeError: Failed to fetch
=============================
====== JS ERROR CAUGHT ======
Unhandled Promise: TypeError: Failed to fetch
=============================
====== JS ERROR CAUGHT ======
Unhandled Promise: TypeError: Failed to fetch
=============================
====== JS ERROR CAUGHT ======
Unhandled Promise: TypeError: Failed to fetch
=============================
====== JS ERROR CAUGHT ======
Unhandled Promise: TypeError: Failed to fetch
=============================
====== JS ERROR CAUGHT ======
Unhandled Promise: TypeError: Failed to fetch
=============================
====== JS ERROR CAUGHT ======
Unhandled Promise: TypeError: Failed to fetch
=============================
====== JS ERROR CAUGHT ======
Unhandled Promise: TypeError: Failed to fetch
=============================
====== JS ERROR CAUGHT ======
Unhandled Promise: TypeError: Failed to fetch
=============================
====== JS ERROR CAUGHT ======
Unhandled Promise: TypeError: Failed to fetch
=============================
====== JS ERROR CAUGHT ======
Unhandled Promise: TypeError: Failed to fetch
=============================
====== JS ERROR CAUGHT ======
Unhandled Promise: TypeError: Failed to fetch
=============================
====== JS ERROR CAUGHT ======
Unhandled Promise: TypeError: Failed to fetch
=============================
====== JS ERROR CAUGHT ======
Unhandled Promise: TypeError: Failed to fetch
=============================
====== JS ERROR CAUGHT ======
Unhandled Promise: TypeError: Failed to fetch
=============================
====== JS ERROR CAUGHT ======
Unhandled Promise: TypeError: Failed to fetch
=============================
====== JS ERROR CAUGHT ======
Unhandled Promise: TypeError: Failed to fetch
=============================
====== JS ERROR CAUGHT ======
Unhandled Promise: TypeError: Failed to fetch
=============================
====== JS ERROR CAUGHT ======
Unhandled Promise: TypeError: Failed to fetch
=============================
====== JS ERROR CAUGHT ======
Unhandled Promise: TypeError: Failed to fetch
=============================
====== JS ERROR CAUGHT ======
Unhandled Promise: TypeError: Failed to fetch
=============================
====== JS ERROR CAUGHT ======
Unhandled Promise: TypeError: Failed to fetch
=============================
====== JS ERROR CAUGHT ======
Unhandled Promise: TypeError: Failed to fetch
=============================
====== JS ERROR CAUGHT ======
Unhandled Promise: TypeError: Failed to fetch
=============================
====== JS ERROR CAUGHT ======
Unhandled Promise: TypeError: Failed to fetch
=============================
====== JS ERROR CAUGHT ======
Unhandled Promise: TypeError: Failed to fetch
=============================
====== JS ERROR CAUGHT ======
Unhandled Promise: TypeError: Failed to fetch
=============================
====== JS ERROR CAUGHT ======
Unhandled Promise: TypeError: Failed to fetch
=============================
====== JS ERROR CAUGHT ======
Unhandled Promise: TypeError: Failed to fetch
=============================
====== JS ERROR CAUGHT ======
Unhandled Promise: TypeError: Failed to fetch
=============================
====== JS ERROR CAUGHT ======
Unhandled Promise: TypeError: Failed to fetch
=============================
====== JS ERROR CAUGHT ======
Unhandled Promise: TypeError: Failed to fetch
=============================
====== JS ERROR CAUGHT ======
Unhandled Promise: TypeError: Failed to fetch
=============================
====== JS ERROR CAUGHT ======
Unhandled Promise: TypeError: Failed to fetch
=============================
====== JS ERROR CAUGHT ======
Unhandled Promise: TypeError: Failed to fetch
=============================
====== JS ERROR CAUGHT ======
Unhandled Promise: TypeError: Failed to fetch
=============================
====== JS ERROR CAUGHT ======
Unhandled Promise: TypeError: Failed to fetch
=============================
====== JS ERROR CAUGHT ======
Unhandled Promise: TypeError: Failed to fetch
=============================
====== JS ERROR CAUGHT ======
Unhandled Promise: TypeError: Failed to fetch
=============================
====== JS ERROR CAUGHT ======
Unhandled Promise: TypeError: Failed to fetch
=============================
====== JS ERROR CAUGHT ======
Unhandled Promise: TypeError: Failed to fetch
=============================
====== JS ERROR CAUGHT ======
Unhandled Promise: TypeError: Failed to fetch
=============================
====== JS ERROR CAUGHT ======
Unhandled Promise: TypeError: Failed to fetch
=============================
====== JS ERROR CAUGHT ======
Unhandled Promise: TypeError: Failed to fetch
=============================
====== JS ERROR CAUGHT ======
Unhandled Promise: TypeError: Failed to fetch
=============================
====== JS ERROR CAUGHT ======
Unhandled Promise: TypeError: Failed to fetch
=============================
====== JS ERROR CAUGHT ======
Unhandled Promise: TypeError: Failed to fetch
=============================
====== JS ERROR CAUGHT ======
Unhandled Promise: TypeError: Failed to fetch
=============================
====== JS ERROR CAUGHT ======
Unhandled Promise: TypeError: Failed to fetch
=============================
====== JS ERROR CAUGHT ======
Unhandled Promise: TypeError: Failed to fetch
=============================
====== JS ERROR CAUGHT ======
Unhandled Promise: TypeError: Failed to fetch
=============================
====== JS ERROR CAUGHT ======
Unhandled Promise: TypeError: Failed to fetch
=============================
====== JS ERROR CAUGHT ======
Unhandled Promise: TypeError: Failed to fetch
=============================
====== JS ERROR CAUGHT ======
Unhandled Promise: TypeError: Failed to fetch
=============================
====== JS ERROR CAUGHT ======
Unhandled Promise: TypeError: Failed to fetch
=============================
====== JS ERROR CAUGHT ======
Unhandled Promise: TypeError: Failed to fetch
=============================
====== JS ERROR CAUGHT ======
Unhandled Promise: TypeError: Failed to fetch
=============================
====== JS ERROR CAUGHT ======
Unhandled Promise: TypeError: Failed to fetch
=============================
====== JS ERROR CAUGHT ======
Unhandled Promise: TypeError: Failed to fetch
=============================
====== JS ERROR CAUGHT ======
Unhandled Promise: TypeError: Failed to fetch
=============================
====== JS ERROR CAUGHT ======
Unhandled Promise: TypeError: Failed to fetch
=============================
====== JS ERROR CAUGHT ======
Unhandled Promise: TypeError: Failed to fetch
=============================
====== JS ERROR CAUGHT ======
Unhandled Promise: TypeError: Failed to fetch
=============================
====== JS ERROR CAUGHT ======
Unhandled Promise: TypeError: Failed to fetch
=============================
====== JS ERROR CAUGHT ======
Unhandled Promise: TypeError: Failed to fetch
=============================
====== JS ERROR CAUGHT ======
Unhandled Promise: TypeError: Failed to fetch
=============================
====== JS ERROR CAUGHT ======
Unhandled Promise: TypeError: Failed to fetch
=============================
====== JS ERROR CAUGHT ======
Unhandled Promise: TypeError: Failed to fetch
=============================
====== JS ERROR CAUGHT ======
Unhandled Promise: TypeError: Failed to fetch
=============================
====== JS ERROR CAUGHT ======
Unhandled Promise: TypeError: Failed to fetch
=============================
====== JS ERROR CAUGHT ======
Unhandled Promise: TypeError: Failed to fetch
=============================
====== JS ERROR CAUGHT ======
Unhandled Promise: TypeError: Failed to fetch
=============================
====== JS ERROR CAUGHT ======
Unhandled Promise: TypeError: Failed to fetch
=============================
====== JS ERROR CAUGHT ======
Unhandled Promise: TypeError: Failed to fetch
=============================
====== JS ERROR CAUGHT ======
Unhandled Promise: TypeError: Failed to fetch
=============================
====== JS ERROR CAUGHT ======
Unhandled Promise: TypeError: Failed to fetch
=============================
====== JS ERROR CAUGHT ======
Unhandled Promise: TypeError: Failed to fetch
=============================
====== JS ERROR CAUGHT ======
Unhandled Promise: TypeError: Failed to fetch
=============================
====== JS ERROR CAUGHT ======
Unhandled Promise: TypeError: Failed to fetch
=============================
====== JS ERROR CAUGHT ======
Unhandled Promise: TypeError: Failed to fetch
=============================
====== JS ERROR CAUGHT ======
Unhandled Promise: TypeError: Failed to fetch
=============================
====== JS ERROR CAUGHT ======
Unhandled Promise: TypeError: Failed to fetch
=============================
====== JS ERROR CAUGHT ======
Unhandled Promise: TypeError: Failed to fetch
=============================
====== JS ERROR CAUGHT ======
Unhandled Promise: TypeError: Failed to fetch
=============================
====== JS ERROR CAUGHT ======
Unhandled Promise: TypeError: Failed to fetch
=============================
====== JS ERROR CAUGHT ======
Unhandled Promise: TypeError: Failed to fetch
=============================
====== JS ERROR CAUGHT ======
Unhandled Promise: TypeError: Failed to fetch
=============================
====== JS ERROR CAUGHT ======
Unhandled Promise: TypeError: Failed to fetch
=============================
====== JS ERROR CAUGHT ======
Unhandled Promise: TypeError: Failed to fetch
=============================
====== JS ERROR CAUGHT ======
Unhandled Promise: TypeError: Failed to fetch
=============================
====== JS ERROR CAUGHT ======
Unhandled Promise: TypeError: Failed to fetch
=============================
====== JS ERROR CAUGHT ======
Unhandled Promise: TypeError: Failed to fetch
=============================
====== JS ERROR CAUGHT ======
Unhandled Promise: TypeError: Failed to fetch
=============================
====== JS ERROR CAUGHT ======
Unhandled Promise: TypeError: Failed to fetch
=============================
====== JS ERROR CAUGHT ======
Unhandled Promise: TypeError: Failed to fetch
=============================
====== JS ERROR CAUGHT ======
Unhandled Promise: TypeError: Failed to fetch
=============================
====== JS ERROR CAUGHT ======
Unhandled Promise: TypeError: Failed to fetch
=============================
====== JS ERROR CAUGHT ======
Unhandled Promise: TypeError: Failed to fetch
=============================
====== JS ERROR CAUGHT ======
Unhandled Promise: TypeError: Failed to fetch
=============================
====== JS ERROR CAUGHT ======
Unhandled Promise: TypeError: Failed to fetch
=============================
====== JS ERROR CAUGHT ======
Unhandled Promise: TypeError: Failed to fetch
=============================
====== JS ERROR CAUGHT ======
Unhandled Promise: TypeError: Failed to fetch
=============================
====== JS ERROR CAUGHT ======
Unhandled Promise: TypeError: Failed to fetch
=============================
====== JS ERROR CAUGHT ======
Unhandled Promise: TypeError: Failed to fetch
=============================
====== JS ERROR CAUGHT ======
Unhandled Promise: TypeError: Failed to fetch
=============================
====== JS ERROR CAUGHT ======
Unhandled Promise: TypeError: Failed to fetch
=============================
====== JS ERROR CAUGHT ======
Unhandled Promise: TypeError: Failed to fetch
=============================
====== JS ERROR CAUGHT ======
Unhandled Promise: TypeError: Failed to fetch
=============================
====== JS ERROR CAUGHT ======
Unhandled Promise: TypeError: Failed to fetch
=============================
====== JS ERROR CAUGHT ======
Unhandled Promise: TypeError: Failed to fetch
=============================
====== JS ERROR CAUGHT ======
Unhandled Promise: TypeError: Failed to fetch
=============================
====== JS ERROR CAUGHT ======
Unhandled Promise: TypeError: Failed to fetch
=============================
====== JS ERROR CAUGHT ======
Unhandled Promise: TypeError: Failed to fetch
=============================
====== JS ERROR CAUGHT ======
Unhandled Promise: TypeError: Failed to fetch
=============================
====== JS ERROR CAUGHT ======
Unhandled Promise: TypeError: Failed to fetch
=============================
====== JS ERROR CAUGHT ======
Unhandled Promise: TypeError: Failed to fetch
=============================
====== JS ERROR CAUGHT ======
Unhandled Promise: TypeError: Failed to fetch
=============================
====== JS ERROR CAUGHT ======
Unhandled Promise: TypeError: Failed to fetch
=============================
====== JS ERROR CAUGHT ======
Unhandled Promise: TypeError: Failed to fetch
=============================
====== JS ERROR CAUGHT ======
Unhandled Promise: TypeError: Failed to fetch
=============================
====== JS ERROR CAUGHT ======
Unhandled Promise: TypeError: Failed to fetch
=============================
====== JS ERROR CAUGHT ======
Unhandled Promise: TypeError: Failed to fetch
=============================
====== JS ERROR CAUGHT ======
Unhandled Promise: TypeError: Failed to fetch
=============================
====== JS ERROR CAUGHT ======
Unhandled Promise: TypeError: Failed to fetch
=============================
====== JS ERROR CAUGHT ======
Unhandled Promise: TypeError: Failed to fetch
=============================
====== JS ERROR CAUGHT ======
Unhandled Promise: TypeError: Failed to fetch
=============================
====== JS ERROR CAUGHT ======
Unhandled Promise: TypeError: Failed to fetch
=============================
====== JS ERROR CAUGHT ======
Unhandled Promise: TypeError: Failed to fetch
=============================
====== JS ERROR CAUGHT ======
Unhandled Promise: TypeError: Failed to fetch
=============================
====== JS ERROR CAUGHT ======
Unhandled Promise: TypeError: Failed to fetch
=============================
====== JS ERROR CAUGHT ======
Unhandled Promise: TypeError: Failed to fetch
=============================
====== JS ERROR CAUGHT ======
Unhandled Promise: TypeError: Failed to fetch
=============================
====== JS ERROR CAUGHT ======
Unhandled Promise: TypeError: Failed to fetch
=============================
====== JS ERROR CAUGHT ======
Unhandled Promise: TypeError: Failed to fetch
=============================
====== JS ERROR CAUGHT ======
Unhandled Promise: TypeError: Failed to fetch
=============================
====== JS ERROR CAUGHT ======
Unhandled Promise: TypeError: Failed to fetch
=============================
====== JS ERROR CAUGHT ======
Unhandled Promise: TypeError: Failed to fetch
=============================
====== JS ERROR CAUGHT ======
Unhandled Promise: TypeError: Failed to fetch
=============================
====== JS ERROR CAUGHT ======
Unhandled Promise: TypeError: Failed to fetch
=============================
====== JS ERROR CAUGHT ======
Unhandled Promise: TypeError: Failed to fetch
=============================
====== JS ERROR CAUGHT ======
Unhandled Promise: TypeError: Failed to fetch
=============================
====== JS ERROR CAUGHT ======
Unhandled Promise: TypeError: Failed to fetch
=============================
====== JS ERROR CAUGHT ======
Unhandled Promise: TypeError: Failed to fetch
=============================
====== JS ERROR CAUGHT ======
Unhandled Promise: TypeError: Failed to fetch
=============================
====== JS ERROR CAUGHT ======
Unhandled Promise: TypeError: Failed to fetch
=============================
====== JS ERROR CAUGHT ======
Unhandled Promise: TypeError: Failed to fetch
=============================
====== JS ERROR CAUGHT ======
Unhandled Promise: TypeError: Failed to fetch
=============================
====== JS ERROR CAUGHT ======
Unhandled Promise: TypeError: Failed to fetch
=============================
====== JS ERROR CAUGHT ======
Unhandled Promise: TypeError: Failed to fetch
=============================
====== JS ERROR CAUGHT ======
Unhandled Promise: TypeError: Failed to fetch
=============================
====== JS ERROR CAUGHT ======
Unhandled Promise: TypeError: Failed to fetch
=============================
====== JS ERROR CAUGHT ======
Unhandled Promise: TypeError: Failed to fetch
=============================
====== JS ERROR CAUGHT ======
Unhandled Promise: TypeError: Failed to fetch
=============================
====== JS ERROR CAUGHT ======
Unhandled Promise: TypeError: Failed to fetch
=============================
====== JS ERROR CAUGHT ======
Unhandled Promise: TypeError: Failed to fetch
=============================
====== JS ERROR CAUGHT ======
Unhandled Promise: TypeError: Failed to fetch
=============================
====== JS ERROR CAUGHT ======
Unhandled Promise: TypeError: Failed to fetch
=============================
====== JS ERROR CAUGHT ======
Unhandled Promise: TypeError: Failed to fetch
=============================
====== JS ERROR CAUGHT ======
Unhandled Promise: TypeError: Failed to fetch
=============================
====== JS ERROR CAUGHT ======
Unhandled Promise: TypeError: Failed to fetch
=============================
====== JS ERROR CAUGHT ======
Unhandled Promise: TypeError: Failed to fetch
=============================
====== JS ERROR CAUGHT ======
Unhandled Promise: TypeError: Failed to fetch
=============================
====== JS ERROR CAUGHT ======
Unhandled Promise: TypeError: Failed to fetch
=============================
====== JS ERROR CAUGHT ======
Unhandled Promise: TypeError: Failed to fetch
=============================
====== JS ERROR CAUGHT ======
Unhandled Promise: TypeError: Failed to fetch
=============================
====== JS ERROR CAUGHT ======
Unhandled Promise: TypeError: Failed to fetch
=============================
====== JS ERROR CAUGHT ======
Unhandled Promise: TypeError: Failed to fetch
=============================
====== JS ERROR CAUGHT ======
Unhandled Promise: TypeError: Failed to fetch
=============================
====== JS ERROR CAUGHT ======
Unhandled Promise: TypeError: Failed to fetch
=============================
====== JS ERROR CAUGHT ======
Unhandled Promise: TypeError: Failed to fetch
=============================
====== JS ERROR CAUGHT ======
Unhandled Promise: TypeError: Failed to fetch
=============================
====== JS ERROR CAUGHT ======
Unhandled Promise: TypeError: Failed to fetch
=============================
====== JS ERROR CAUGHT ======
Unhandled Promise: TypeError: Failed to fetch
=============================
====== JS ERROR CAUGHT ======
Unhandled Promise: TypeError: Failed to fetch
=============================
====== JS ERROR CAUGHT ======
Unhandled Promise: TypeError: Failed to fetch
=============================
====== JS ERROR CAUGHT ======
Unhandled Promise: TypeError: Failed to fetch
=============================
====== JS ERROR CAUGHT ======
Unhandled Promise: TypeError: Failed to fetch
=============================
====== JS ERROR CAUGHT ======
Unhandled Promise: TypeError: Failed to fetch
=============================
====== JS ERROR CAUGHT ======
Unhandled Promise: TypeError: Failed to fetch
=============================
====== JS ERROR CAUGHT ======
Unhandled Promise: TypeError: Failed to fetch
=============================
====== JS ERROR CAUGHT ======
Unhandled Promise: TypeError: Failed to fetch
=============================
====== JS ERROR CAUGHT ======
Unhandled Promise: TypeError: Failed to fetch
=============================
====== JS ERROR CAUGHT ======
Unhandled Promise: TypeError: Failed to fetch
=============================
====== JS ERROR CAUGHT ======
Unhandled Promise: TypeError: Failed to fetch
=============================
====== JS ERROR CAUGHT ======
Unhandled Promise: TypeError: Failed to fetch
=============================
====== JS ERROR CAUGHT ======
Unhandled Promise: TypeError: Failed to fetch
=============================
====== JS ERROR CAUGHT ======
Unhandled Promise: TypeError: Failed to fetch
=============================
====== JS ERROR CAUGHT ======
Unhandled Promise: TypeError: Failed to fetch
=============================
====== JS ERROR CAUGHT ======
Unhandled Promise: TypeError: Failed to fetch
=============================
====== JS ERROR CAUGHT ======
Unhandled Promise: TypeError: Failed to fetch
=============================
====== JS ERROR CAUGHT ======
Unhandled Promise: TypeError: Failed to fetch
=============================
====== JS ERROR CAUGHT ======
Unhandled Promise: TypeError: Failed to fetch
=============================
====== JS ERROR CAUGHT ======
Unhandled Promise: TypeError: Failed to fetch
=============================
====== JS ERROR CAUGHT ======
Unhandled Promise: TypeError: Failed to fetch
=============================
====== JS ERROR CAUGHT ======
Unhandled Promise: TypeError: Failed to fetch
=============================
====== JS ERROR CAUGHT ======
Unhandled Promise: TypeError: Failed to fetch
=============================
====== JS ERROR CAUGHT ======
Unhandled Promise: TypeError: Failed to fetch
=============================
====== JS ERROR CAUGHT ======
Unhandled Promise: TypeError: Failed to fetch
=============================
====== JS ERROR CAUGHT ======
Unhandled Promise: TypeError: Failed to fetch
=============================
====== JS ERROR CAUGHT ======
Unhandled Promise: TypeError: Failed to fetch
=============================
====== JS ERROR CAUGHT ======
Unhandled Promise: TypeError: Failed to fetch
=============================
====== JS ERROR CAUGHT ======
Unhandled Promise: TypeError: Failed to fetch
=============================
====== JS ERROR CAUGHT ======
Unhandled Promise: TypeError: Failed to fetch
=============================
====== JS ERROR CAUGHT ======
Unhandled Promise: TypeError: Failed to fetch
=============================
====== JS ERROR CAUGHT ======
Unhandled Promise: TypeError: Failed to fetch
=============================
====== JS ERROR CAUGHT ======
Unhandled Promise: TypeError: Failed to fetch
=============================
====== JS ERROR CAUGHT ======
Unhandled Promise: TypeError: Failed to fetch
=============================
====== JS ERROR CAUGHT ======
Unhandled Promise: TypeError: Failed to fetch
=============================
====== JS ERROR CAUGHT ======
Unhandled Promise: TypeError: Failed to fetch
=============================
====== JS ERROR CAUGHT ======
Unhandled Promise: TypeError: Failed to fetch
=============================
====== JS ERROR CAUGHT ======
Unhandled Promise: TypeError: Failed to fetch
=============================
====== JS ERROR CAUGHT ======
Unhandled Promise: TypeError: Failed to fetch
=============================
====== JS ERROR CAUGHT ======
Unhandled Promise: TypeError: Failed to fetch
=============================
====== JS ERROR CAUGHT ======
Unhandled Promise: TypeError: Failed to fetch
=============================
====== JS ERROR CAUGHT ======
Unhandled Promise: TypeError: Failed to fetch
=============================
====== JS ERROR CAUGHT ======
Unhandled Promise: TypeError: Failed to fetch
=============================
====== JS ERROR CAUGHT ======
Unhandled Promise: TypeError: Failed to fetch
=============================
====== JS ERROR CAUGHT ======
Unhandled Promise: TypeError: Failed to fetch
=============================
====== JS ERROR CAUGHT ======
Unhandled Promise: TypeError: Failed to fetch
=============================
====== JS ERROR CAUGHT ======
Unhandled Promise: TypeError: Failed to fetch
=============================
====== JS ERROR CAUGHT ======
Unhandled Promise: TypeError: Failed to fetch
=============================
====== JS ERROR CAUGHT ======
Unhandled Promise: TypeError: Failed to fetch
=============================
====== JS ERROR CAUGHT ======
Unhandled Promise: TypeError: Failed to fetch
=============================
====== JS ERROR CAUGHT ======
Unhandled Promise: TypeError: Failed to fetch
=============================
====== JS ERROR CAUGHT ======
Unhandled Promise: TypeError: Failed to fetch
=============================
====== JS ERROR CAUGHT ======
Unhandled Promise: TypeError: Failed to fetch
=============================
====== JS ERROR CAUGHT ======
Unhandled Promise: TypeError: Failed to fetch
=============================
====== JS ERROR CAUGHT ======
Unhandled Promise: TypeError: Failed to fetch
=============================
====== JS ERROR CAUGHT ======
Unhandled Promise: TypeError: Failed to fetch
=============================
====== JS ERROR CAUGHT ======
Unhandled Promise: TypeError: Failed to fetch
=============================
====== JS ERROR CAUGHT ======
Unhandled Promise: TypeError: Failed to fetch
=============================
====== JS ERROR CAUGHT ======
Unhandled Promise: TypeError: Failed to fetch
=============================
====== JS ERROR CAUGHT ======
Unhandled Promise: TypeError: Failed to fetch
=============================
====== JS ERROR CAUGHT ======
Unhandled Promise: TypeError: Failed to fetch
=============================
====== JS ERROR CAUGHT ======
Unhandled Promise: TypeError: Failed to fetch
=============================
====== JS ERROR CAUGHT ======
Unhandled Promise: TypeError: Failed to fetch
=============================
====== JS ERROR CAUGHT ======
Unhandled Promise: TypeError: Failed to fetch
=============================
====== JS ERROR CAUGHT ======
Unhandled Promise: TypeError: Failed to fetch
=============================
====== JS ERROR CAUGHT ======
Unhandled Promise: TypeError: Failed to fetch
=============================
====== JS ERROR CAUGHT ======
Unhandled Promise: TypeError: Failed to fetch
=============================
====== JS ERROR CAUGHT ======
Unhandled Promise: TypeError: Failed to fetch
=============================
====== JS ERROR CAUGHT ======
Unhandled Promise: TypeError: Failed to fetch
=============================
====== JS ERROR CAUGHT ======
Unhandled Promise: TypeError: Failed to fetch
=============================
====== JS ERROR CAUGHT ======
Unhandled Promise: TypeError: Failed to fetch
=============================
====== JS ERROR CAUGHT ======
Unhandled Promise: TypeError: Failed to fetch
=============================
====== JS ERROR CAUGHT ======
Unhandled Promise: TypeError: Failed to fetch
=============================
====== JS ERROR CAUGHT ======
Unhandled Promise: TypeError: Failed to fetch
=============================
====== JS ERROR CAUGHT ======
Unhandled Promise: TypeError: Failed to fetch
=============================
====== JS ERROR CAUGHT ======
Unhandled Promise: TypeError: Failed to fetch
=============================
====== JS ERROR CAUGHT ======
Unhandled Promise: TypeError: Failed to fetch
=============================
====== JS ERROR CAUGHT ======
Unhandled Promise: TypeError: Failed to fetch
=============================
====== JS ERROR CAUGHT ======
Unhandled Promise: TypeError: Failed to fetch
=============================
====== JS ERROR CAUGHT ======
Unhandled Promise: TypeError: Failed to fetch
=============================
====== JS ERROR CAUGHT ======
Unhandled Promise: TypeError: Failed to fetch
=============================
====== JS ERROR CAUGHT ======
Unhandled Promise: TypeError: Failed to fetch
=============================
====== JS ERROR CAUGHT ======
Unhandled Promise: TypeError: Failed to fetch
=============================
====== JS ERROR CAUGHT ======
Unhandled Promise: TypeError: Failed to fetch
=============================
====== JS ERROR CAUGHT ======
Unhandled Promise: TypeError: Failed to fetch
=============================
====== JS ERROR CAUGHT ======
Unhandled Promise: TypeError: Failed to fetch
=============================
====== JS ERROR CAUGHT ======
Unhandled Promise: TypeError: Failed to fetch
=============================
====== JS ERROR CAUGHT ======
Unhandled Promise: TypeError: Failed to fetch
=============================
====== JS ERROR CAUGHT ======
Unhandled Promise: TypeError: Failed to fetch
=============================
====== JS ERROR CAUGHT ======
Unhandled Promise: TypeError: Failed to fetch
=============================
====== JS ERROR CAUGHT ======
Unhandled Promise: TypeError: Failed to fetch
=============================
====== JS ERROR CAUGHT ======
Unhandled Promise: TypeError: Failed to fetch
=============================
====== JS ERROR CAUGHT ======
Unhandled Promise: TypeError: Failed to fetch
=============================
====== JS ERROR CAUGHT ======
Unhandled Promise: TypeError: Failed to fetch
=============================
====== JS ERROR CAUGHT ======
Unhandled Promise: TypeError: Failed to fetch
=============================
====== JS ERROR CAUGHT ======
Unhandled Promise: TypeError: Failed to fetch
=============================
====== JS ERROR CAUGHT ======
Unhandled Promise: TypeError: Failed to fetch
=============================
====== JS ERROR CAUGHT ======
Unhandled Promise: TypeError: Failed to fetch
=============================
====== JS ERROR CAUGHT ======
Unhandled Promise: TypeError: Failed to fetch
=============================
====== JS ERROR CAUGHT ======
Unhandled Promise: TypeError: Failed to fetch
=============================
====== JS ERROR CAUGHT ======
Unhandled Promise: TypeError: Failed to fetch
=============================
====== JS ERROR CAUGHT ======
Unhandled Promise: TypeError: Failed to fetch
=============================
====== JS ERROR CAUGHT ======
Unhandled Promise: TypeError: Failed to fetch
=============================
====== JS ERROR CAUGHT ======
Unhandled Promise: TypeError: Failed to fetch
=============================
====== JS ERROR CAUGHT ======
Unhandled Promise: TypeError: Failed to fetch
=============================
====== JS ERROR CAUGHT ======
Unhandled Promise: TypeError: Failed to fetch
=============================
====== JS ERROR CAUGHT ======
Unhandled Promise: TypeError: Failed to fetch
=============================
====== JS ERROR CAUGHT ======
Unhandled Promise: TypeError: Failed to fetch
=============================
====== JS ERROR CAUGHT ======
Unhandled Promise: TypeError: Failed to fetch
=============================
====== JS ERROR CAUGHT ======
Unhandled Promise: TypeError: Failed to fetch
=============================
====== JS ERROR CAUGHT ======
Unhandled Promise: TypeError: Failed to fetch
=============================
====== JS ERROR CAUGHT ======
Unhandled Promise: TypeError: Failed to fetch
=============================
====== JS ERROR CAUGHT ======
Unhandled Promise: TypeError: Failed to fetch
=============================
====== JS ERROR CAUGHT ======
Unhandled Promise: TypeError: Failed to fetch
=============================
====== JS ERROR CAUGHT ======
Unhandled Promise: TypeError: Failed to fetch
=============================
====== JS ERROR CAUGHT ======
Unhandled Promise: TypeError: Failed to fetch
=============================
====== JS ERROR CAUGHT ======
Unhandled Promise: TypeError: Failed to fetch
=============================
====== JS ERROR CAUGHT ======
Unhandled Promise: TypeError: Failed to fetch
=============================
====== JS ERROR CAUGHT ======
Unhandled Promise: TypeError: Failed to fetch
=============================
====== JS ERROR CAUGHT ======
Unhandled Promise: TypeError: Failed to fetch
=============================
====== JS ERROR CAUGHT ======
Unhandled Promise: TypeError: Failed to fetch
=============================
====== JS ERROR CAUGHT ======
Unhandled Promise: TypeError: Failed to fetch
=============================
====== JS ERROR CAUGHT ======
Unhandled Promise: TypeError: Failed to fetch
=============================
====== JS ERROR CAUGHT ======
Unhandled Promise: TypeError: Failed to fetch
=============================
====== JS ERROR CAUGHT ======
Unhandled Promise: TypeError: Failed to fetch
=============================
====== JS ERROR CAUGHT ======
Unhandled Promise: TypeError: Failed to fetch
=============================
====== JS ERROR CAUGHT ======
Unhandled Promise: TypeError: Failed to fetch
=============================
====== JS ERROR CAUGHT ======
Unhandled Promise: TypeError: Failed to fetch
=============================
====== JS ERROR CAUGHT ======
Unhandled Promise: TypeError: Failed to fetch
=============================
====== JS ERROR CAUGHT ======
Unhandled Promise: TypeError: Failed to fetch
=============================
====== JS ERROR CAUGHT ======
Unhandled Promise: TypeError: Failed to fetch
=============================
====== JS ERROR CAUGHT ======
Unhandled Promise: TypeError: Failed to fetch
=============================
====== JS ERROR CAUGHT ======
Unhandled Promise: TypeError: Failed to fetch
=============================
====== JS ERROR CAUGHT ======
Unhandled Promise: TypeError: Failed to fetch
=============================
====== JS ERROR CAUGHT ======
Unhandled Promise: TypeError: Failed to fetch
=============================
====== JS ERROR CAUGHT ======
Unhandled Promise: TypeError: Failed to fetch
=============================
====== JS ERROR CAUGHT ======
Unhandled Promise: TypeError: Failed to fetch
=============================
====== JS ERROR CAUGHT ======
Unhandled Promise: TypeError: Failed to fetch
=============================
====== JS ERROR CAUGHT ======
Unhandled Promise: TypeError: Failed to fetch
=============================
====== JS ERROR CAUGHT ======
Unhandled Promise: TypeError: Failed to fetch
=============================
====== JS ERROR CAUGHT ======
Unhandled Promise: TypeError: Failed to fetch
=============================
====== JS ERROR CAUGHT ======
Unhandled Promise: TypeError: Failed to fetch
=============================
====== JS ERROR CAUGHT ======
Unhandled Promise: TypeError: Failed to fetch
=============================
====== JS ERROR CAUGHT ======
Unhandled Promise: TypeError: Failed to fetch
=============================
====== JS ERROR CAUGHT ======
Unhandled Promise: TypeError: Failed to fetch
=============================
====== JS ERROR CAUGHT ======
Unhandled Promise: TypeError: Failed to fetch
=============================
====== JS ERROR CAUGHT ======
Unhandled Promise: TypeError: Failed to fetch
=============================
====== JS ERROR CAUGHT ======
Unhandled Promise: TypeError: Failed to fetch
=============================
====== JS ERROR CAUGHT ======
Unhandled Promise: TypeError: Failed to fetch
=============================
====== JS ERROR CAUGHT ======
Unhandled Promise: TypeError: Failed to fetch
=============================
====== JS ERROR CAUGHT ======
Unhandled Promise: TypeError: Failed to fetch
=============================
====== JS ERROR CAUGHT ======
Unhandled Promise: TypeError: Failed to fetch
=============================
====== JS ERROR CAUGHT ======
Unhandled Promise: TypeError: Failed to fetch
=============================
====== JS ERROR CAUGHT ======
Unhandled Promise: TypeError: Failed to fetch
=============================
====== JS ERROR CAUGHT ======
Unhandled Promise: TypeError: Failed to fetch
=============================
====== JS ERROR CAUGHT ======
Unhandled Promise: TypeError: Failed to fetch
=============================
====== JS ERROR CAUGHT ======
Unhandled Promise: TypeError: Failed to fetch
=============================
====== JS ERROR CAUGHT ======
Unhandled Promise: TypeError: Failed to fetch
=============================
====== JS ERROR CAUGHT ======
Unhandled Promise: TypeError: Failed to fetch
=============================
====== JS ERROR CAUGHT ======
Unhandled Promise: TypeError: Failed to fetch
=============================
====== JS ERROR CAUGHT ======
Unhandled Promise: TypeError: Failed to fetch
=============================
====== JS ERROR CAUGHT ======
Unhandled Promise: TypeError: Failed to fetch
=============================
====== JS ERROR CAUGHT ======
Unhandled Promise: TypeError: Failed to fetch
=============================
====== JS ERROR CAUGHT ======
Unhandled Promise: TypeError: Failed to fetch
=============================
====== JS ERROR CAUGHT ======
Unhandled Promise: TypeError: Failed to fetch
=============================
====== JS ERROR CAUGHT ======
Unhandled Promise: TypeError: Failed to fetch
=============================
====== JS ERROR CAUGHT ======
Unhandled Promise: TypeError: Failed to fetch
=============================
====== JS ERROR CAUGHT ======
Unhandled Promise: TypeError: Failed to fetch
=============================
====== JS ERROR CAUGHT ======
Unhandled Promise: TypeError: Failed to fetch
=============================
====== JS ERROR CAUGHT ======
Unhandled Promise: TypeError: Failed to fetch
=============================
====== JS ERROR CAUGHT ======
Unhandled Promise: TypeError: Failed to fetch
=============================
====== JS ERROR CAUGHT ======
Unhandled Promise: TypeError: Failed to fetch
=============================
====== JS ERROR CAUGHT ======
Unhandled Promise: TypeError: Failed to fetch
=============================
====== JS ERROR CAUGHT ======
Unhandled Promise: TypeError: Failed to fetch
=============================
====== JS ERROR CAUGHT ======
Unhandled Promise: TypeError: Failed to fetch
=============================
====== JS ERROR CAUGHT ======
Unhandled Promise: TypeError: Failed to fetch
=============================
====== JS ERROR CAUGHT ======
Unhandled Promise: TypeError: Failed to fetch
=============================
====== JS ERROR CAUGHT ======
Unhandled Promise: TypeError: Failed to fetch
=============================
====== JS ERROR CAUGHT ======
Unhandled Promise: TypeError: Failed to fetch
=============================
====== JS ERROR CAUGHT ======
Unhandled Promise: TypeError: Failed to fetch
=============================
====== JS ERROR CAUGHT ======
Unhandled Promise: TypeError: Failed to fetch
=============================
====== JS ERROR CAUGHT ======
Unhandled Promise: TypeError: Failed to fetch
=============================
====== JS ERROR CAUGHT ======
Unhandled Promise: TypeError: Failed to fetch
=============================
====== JS ERROR CAUGHT ======
Unhandled Promise: TypeError: Failed to fetch
=============================
====== JS ERROR CAUGHT ======
Unhandled Promise: TypeError: Failed to fetch
=============================
====== JS ERROR CAUGHT ======
Unhandled Promise: TypeError: Failed to fetch
=============================
====== JS ERROR CAUGHT ======
Unhandled Promise: TypeError: Failed to fetch
=============================
====== JS ERROR CAUGHT ======
Unhandled Promise: TypeError: Failed to fetch
=============================
====== JS ERROR CAUGHT ======
Unhandled Promise: TypeError: Failed to fetch
=============================
====== JS ERROR CAUGHT ======
Unhandled Promise: TypeError: Failed to fetch
=============================
====== JS ERROR CAUGHT ======
Unhandled Promise: TypeError: Failed to fetch
=============================
====== JS ERROR CAUGHT ======
Unhandled Promise: TypeError: Failed to fetch
=============================
====== JS ERROR CAUGHT ======
Unhandled Promise: TypeError: Failed to fetch
=============================
====== JS ERROR CAUGHT ======
Unhandled Promise: TypeError: Failed to fetch
=============================
====== JS ERROR CAUGHT ======
Unhandled Promise: TypeError: Failed to fetch
=============================
====== JS ERROR CAUGHT ======
Unhandled Promise: TypeError: Failed to fetch
=============================
====== JS ERROR CAUGHT ======
Unhandled Promise: TypeError: Failed to fetch
=============================
====== JS ERROR CAUGHT ======
Unhandled Promise: TypeError: Failed to fetch
=============================
====== JS ERROR CAUGHT ======
Unhandled Promise: TypeError: Failed to fetch
=============================
====== JS ERROR CAUGHT ======
Unhandled Promise: TypeError: Failed to fetch
=============================
====== JS ERROR CAUGHT ======
Unhandled Promise: TypeError: Failed to fetch
=============================
====== JS ERROR CAUGHT ======
Unhandled Promise: TypeError: Failed to fetch
=============================
====== JS ERROR CAUGHT ======
Unhandled Promise: TypeError: Failed to fetch
=============================
====== JS ERROR CAUGHT ======
Unhandled Promise: TypeError: Failed to fetch
=============================
====== JS ERROR CAUGHT ======
Unhandled Promise: TypeError: Failed to fetch
=============================
====== JS ERROR CAUGHT ======
Unhandled Promise: TypeError: Failed to fetch
=============================
====== JS ERROR CAUGHT ======
Unhandled Promise: TypeError: Failed to fetch
=============================
====== JS ERROR CAUGHT ======
Unhandled Promise: TypeError: Failed to fetch
=============================
====== JS ERROR CAUGHT ======
Unhandled Promise: TypeError: Failed to fetch
=============================
====== JS ERROR CAUGHT ======
Unhandled Promise: TypeError: Failed to fetch
=============================
====== JS ERROR CAUGHT ======
Unhandled Promise: TypeError: Failed to fetch
=============================
====== JS ERROR CAUGHT ======
Unhandled Promise: TypeError: Failed to fetch
=============================
====== JS ERROR CAUGHT ======
Unhandled Promise: TypeError: Failed to fetch
=============================
====== JS ERROR CAUGHT ======
Unhandled Promise: TypeError: Failed to fetch
=============================
====== JS ERROR CAUGHT ======
Unhandled Promise: TypeError: Failed to fetch
=============================
====== JS ERROR CAUGHT ======
Unhandled Promise: TypeError: Failed to fetch
=============================
====== JS ERROR CAUGHT ======
Unhandled Promise: TypeError: Failed to fetch
=============================
====== JS ERROR CAUGHT ======
Unhandled Promise: TypeError: Failed to fetch
=============================
====== JS ERROR CAUGHT ======
Unhandled Promise: TypeError: Failed to fetch
=============================
====== JS ERROR CAUGHT ======
Unhandled Promise: TypeError: Failed to fetch
=============================
====== JS ERROR CAUGHT ======
Unhandled Promise: TypeError: Failed to fetch
=============================
====== JS ERROR CAUGHT ======
Unhandled Promise: TypeError: Failed to fetch
=============================
====== JS ERROR CAUGHT ======
Unhandled Promise: TypeError: Failed to fetch
=============================
====== JS ERROR CAUGHT ======
Unhandled Promise: TypeError: Failed to fetch
=============================
====== JS ERROR CAUGHT ======
Unhandled Promise: TypeError: Failed to fetch
=============================
====== JS ERROR CAUGHT ======
Unhandled Promise: TypeError: Failed to fetch
=============================
====== JS ERROR CAUGHT ======
Unhandled Promise: TypeError: Failed to fetch
=============================
====== JS ERROR CAUGHT ======
Unhandled Promise: TypeError: Failed to fetch
=============================
====== JS ERROR CAUGHT ======
Unhandled Promise: TypeError: Failed to fetch
=============================
====== JS ERROR CAUGHT ======
Unhandled Promise: TypeError: Failed to fetch
=============================
====== JS ERROR CAUGHT ======
Unhandled Promise: TypeError: Failed to fetch
=============================
====== JS ERROR CAUGHT ======
Unhandled Promise: TypeError: Failed to fetch
=============================
====== JS ERROR CAUGHT ======
Unhandled Promise: TypeError: Failed to fetch
=============================
====== JS ERROR CAUGHT ======
Unhandled Promise: TypeError: Failed to fetch
=============================
====== JS ERROR CAUGHT ======
Unhandled Promise: TypeError: Failed to fetch
=============================
====== JS ERROR CAUGHT ======
Unhandled Promise: TypeError: Failed to fetch
=============================
====== JS ERROR CAUGHT ======
Unhandled Promise: TypeError: Failed to fetch
=============================
====== JS ERROR CAUGHT ======
Unhandled Promise: TypeError: Failed to fetch
=============================
====== JS ERROR CAUGHT ======
Unhandled Promise: TypeError: Failed to fetch
=============================
====== JS ERROR CAUGHT ======
Unhandled Promise: TypeError: Failed to fetch
=============================
====== JS ERROR CAUGHT ======
Unhandled Promise: TypeError: Failed to fetch
=============================
====== JS ERROR CAUGHT ======
Unhandled Promise: TypeError: Failed to fetch
=============================
====== JS ERROR CAUGHT ======
Unhandled Promise: TypeError: Failed to fetch
=============================
====== JS ERROR CAUGHT ======
Unhandled Promise: TypeError: Failed to fetch
=============================
====== JS ERROR CAUGHT ======
Unhandled Promise: TypeError: Failed to fetch
=============================
====== JS ERROR CAUGHT ======
Unhandled Promise: TypeError: Failed to fetch
=============================
====== JS ERROR CAUGHT ======
Unhandled Promise: TypeError: Failed to fetch
=============================
====== JS ERROR CAUGHT ======
Unhandled Promise: TypeError: Failed to fetch
=============================
====== JS ERROR CAUGHT ======
Unhandled Promise: TypeError: Failed to fetch
=============================
====== JS ERROR CAUGHT ======
Unhandled Promise: TypeError: Failed to fetch
=============================
====== JS ERROR CAUGHT ======
Unhandled Promise: TypeError: Failed to fetch
=============================
====== JS ERROR CAUGHT ======
Unhandled Promise: TypeError: Failed to fetch
=============================
====== JS ERROR CAUGHT ======
Unhandled Promise: TypeError: Failed to fetch
=============================
====== JS ERROR CAUGHT ======
Unhandled Promise: TypeError: Failed to fetch
=============================
====== JS ERROR CAUGHT ======
Unhandled Promise: TypeError: Failed to fetch
=============================
====== JS ERROR CAUGHT ======
Unhandled Promise: TypeError: Failed to fetch
=============================
====== JS ERROR CAUGHT ======
Unhandled Promise: TypeError: Failed to fetch
=============================
====== JS ERROR CAUGHT ======
Unhandled Promise: TypeError: Failed to fetch
=============================
====== JS ERROR CAUGHT ======
Unhandled Promise: TypeError: Failed to fetch
=============================
====== JS ERROR CAUGHT ======
Unhandled Promise: TypeError: Failed to fetch
=============================
====== JS ERROR CAUGHT ======
Unhandled Promise: TypeError: Failed to fetch
=============================
====== JS ERROR CAUGHT ======
Unhandled Promise: TypeError: Failed to fetch
=============================
====== JS ERROR CAUGHT ======
Unhandled Promise: TypeError: Failed to fetch
=============================
====== JS ERROR CAUGHT ======
Unhandled Promise: TypeError: Failed to fetch
=============================
====== JS ERROR CAUGHT ======
Unhandled Promise: TypeError: Failed to fetch
=============================
====== JS ERROR CAUGHT ======
Unhandled Promise: TypeError: Failed to fetch
=============================
====== JS ERROR CAUGHT ======
Unhandled Promise: TypeError: Failed to fetch
=============================
====== JS ERROR CAUGHT ======
Unhandled Promise: TypeError: Failed to fetch
=============================
====== JS ERROR CAUGHT ======
Unhandled Promise: TypeError: Failed to fetch
=============================
====== JS ERROR CAUGHT ======
Unhandled Promise: TypeError: Failed to fetch
=============================
====== JS ERROR CAUGHT ======
Unhandled Promise: TypeError: Failed to fetch
=============================
====== JS ERROR CAUGHT ======
Unhandled Promise: TypeError: Failed to fetch
=============================
====== JS ERROR CAUGHT ======
Unhandled Promise: TypeError: Failed to fetch
=============================
====== JS ERROR CAUGHT ======
Unhandled Promise: TypeError: Failed to fetch
=============================
====== JS ERROR CAUGHT ======
Unhandled Promise: TypeError: Failed to fetch
=============================
====== JS ERROR CAUGHT ======
Unhandled Promise: TypeError: Failed to fetch
=============================
====== JS ERROR CAUGHT ======
Unhandled Promise: TypeError: Failed to fetch
=============================
====== JS ERROR CAUGHT ======
Unhandled Promise: TypeError: Failed to fetch
=============================
====== JS ERROR CAUGHT ======
Unhandled Promise: TypeError: Failed to fetch
=============================
====== JS ERROR CAUGHT ======
Unhandled Promise: TypeError: Failed to fetch
=============================
====== JS ERROR CAUGHT ======
Unhandled Promise: TypeError: Failed to fetch
=============================
====== JS ERROR CAUGHT ======
Unhandled Promise: TypeError: Failed to fetch
=============================
====== JS ERROR CAUGHT ======
Unhandled Promise: TypeError: Failed to fetch
=============================
====== JS ERROR CAUGHT ======
Unhandled Promise: TypeError: Failed to fetch
=============================
====== JS ERROR CAUGHT ======
Unhandled Promise: TypeError: Failed to fetch
=============================
====== JS ERROR CAUGHT ======
Unhandled Promise: TypeError: Failed to fetch
=============================
====== JS ERROR CAUGHT ======
Unhandled Promise: TypeError: Failed to fetch
=============================
====== JS ERROR CAUGHT ======
Unhandled Promise: TypeError: Failed to fetch
=============================
====== JS ERROR CAUGHT ======
Unhandled Promise: TypeError: Failed to fetch
=============================
====== JS ERROR CAUGHT ======
Unhandled Promise: TypeError: Failed to fetch
=============================
====== JS ERROR CAUGHT ======
Unhandled Promise: TypeError: Failed to fetch
=============================
====== JS ERROR CAUGHT ======
Unhandled Promise: TypeError: Failed to fetch
=============================
====== JS ERROR CAUGHT ======
Unhandled Promise: TypeError: Failed to fetch
=============================
====== JS ERROR CAUGHT ======
Unhandled Promise: TypeError: Failed to fetch
=============================
====== JS ERROR CAUGHT ======
Unhandled Promise: TypeError: Failed to fetch
=============================
====== JS ERROR CAUGHT ======
Unhandled Promise: TypeError: Failed to fetch
=============================
====== JS ERROR CAUGHT ======
Unhandled Promise: TypeError: Failed to fetch
=============================
====== JS ERROR CAUGHT ======
Unhandled Promise: TypeError: Failed to fetch
=============================
====== JS ERROR CAUGHT ======
Unhandled Promise: TypeError: Failed to fetch
=============================
====== JS ERROR CAUGHT ======
Unhandled Promise: TypeError: Failed to fetch
=============================
====== JS ERROR CAUGHT ======
Unhandled Promise: TypeError: Failed to fetch
=============================
====== JS ERROR CAUGHT ======
Unhandled Promise: TypeError: Failed to fetch
=============================
====== JS ERROR CAUGHT ======
Unhandled Promise: TypeError: Failed to fetch
=============================
====== JS ERROR CAUGHT ======
Unhandled Promise: TypeError: Failed to fetch
=============================
====== JS ERROR CAUGHT ======
Unhandled Promise: TypeError: Failed to fetch
=============================
====== JS ERROR CAUGHT ======
Unhandled Promise: TypeError: Failed to fetch
=============================
====== JS ERROR CAUGHT ======
Unhandled Promise: TypeError: Failed to fetch
=============================
====== JS ERROR CAUGHT ======
Unhandled Promise: TypeError: Failed to fetch
=============================
====== JS ERROR CAUGHT ======
Unhandled Promise: TypeError: Failed to fetch
=============================
====== JS ERROR CAUGHT ======
Unhandled Promise: TypeError: Failed to fetch
=============================
====== JS ERROR CAUGHT ======
Unhandled Promise: TypeError: Failed to fetch
=============================
====== JS ERROR CAUGHT ======
Unhandled Promise: TypeError: Failed to fetch
=============================
====== JS ERROR CAUGHT ======
Unhandled Promise: TypeError: Failed to fetch
=============================
====== JS ERROR CAUGHT ======
Unhandled Promise: TypeError: Failed to fetch
=============================
====== JS ERROR CAUGHT ======
Unhandled Promise: TypeError: Failed to fetch
=============================
====== JS ERROR CAUGHT ======
Unhandled Promise: TypeError: Failed to fetch
=============================
====== JS ERROR CAUGHT ======
Unhandled Promise: TypeError: Failed to fetch
=============================
====== JS ERROR CAUGHT ======
Unhandled Promise: TypeError: Failed to fetch
=============================
====== JS ERROR CAUGHT ======
Unhandled Promise: TypeError: Failed to fetch
=============================
====== JS ERROR CAUGHT ======
Unhandled Promise: TypeError: Failed to fetch
=============================
====== JS ERROR CAUGHT ======
Unhandled Promise: TypeError: Failed to fetch
=============================
====== JS ERROR CAUGHT ======
Unhandled Promise: TypeError: Failed to fetch
=============================
====== JS ERROR CAUGHT ======
Unhandled Promise: TypeError: Failed to fetch
=============================
====== JS ERROR CAUGHT ======
Unhandled Promise: TypeError: Failed to fetch
=============================
====== JS ERROR CAUGHT ======
Unhandled Promise: TypeError: Failed to fetch
=============================
====== JS ERROR CAUGHT ======
Unhandled Promise: TypeError: Failed to fetch
=============================
====== JS ERROR CAUGHT ======
Unhandled Promise: TypeError: Failed to fetch
=============================
====== JS ERROR CAUGHT ======
Unhandled Promise: TypeError: Failed to fetch
=============================
====== JS ERROR CAUGHT ======
Unhandled Promise: TypeError: Failed to fetch
=============================
====== JS ERROR CAUGHT ======
Unhandled Promise: TypeError: Failed to fetch
=============================
====== JS ERROR CAUGHT ======
Unhandled Promise: TypeError: Failed to fetch
=============================
====== JS ERROR CAUGHT ======
Unhandled Promise: TypeError: Failed to fetch
=============================
====== JS ERROR CAUGHT ======
Unhandled Promise: TypeError: Failed to fetch
=============================
====== JS ERROR CAUGHT ======
Unhandled Promise: TypeError: Failed to fetch
=============================
====== JS ERROR CAUGHT ======
Unhandled Promise: TypeError: Failed to fetch
=============================
====== JS ERROR CAUGHT ======
Unhandled Promise: TypeError: Failed to fetch
=============================
====== JS ERROR CAUGHT ======
Unhandled Promise: TypeError: Failed to fetch
=============================
====== JS ERROR CAUGHT ======
Unhandled Promise: TypeError: Failed to fetch
=============================
====== JS ERROR CAUGHT ======
Unhandled Promise: TypeError: Failed to fetch
=============================
====== JS ERROR CAUGHT ======
Unhandled Promise: TypeError: Failed to fetch
=============================
====== JS ERROR CAUGHT ======
Unhandled Promise: TypeError: Failed to fetch
=============================
====== JS ERROR CAUGHT ======
Unhandled Promise: TypeError: Failed to fetch
=============================
====== JS ERROR CAUGHT ======
Unhandled Promise: TypeError: Failed to fetch
=============================
====== JS ERROR CAUGHT ======
Unhandled Promise: TypeError: Failed to fetch
=============================
====== JS ERROR CAUGHT ======
Unhandled Promise: TypeError: Failed to fetch
=============================
====== JS ERROR CAUGHT ======
Unhandled Promise: TypeError: Failed to fetch
=============================
====== JS ERROR CAUGHT ======
Unhandled Promise: TypeError: Failed to fetch
=============================
====== JS ERROR CAUGHT ======
Unhandled Promise: TypeError: Failed to fetch
=============================
====== JS ERROR CAUGHT ======
Unhandled Promise: TypeError: Failed to fetch
=============================
====== JS ERROR CAUGHT ======
Unhandled Promise: TypeError: Failed to fetch
=============================
====== JS ERROR CAUGHT ======
Unhandled Promise: TypeError: Failed to fetch
=============================
====== JS ERROR CAUGHT ======
Unhandled Promise: TypeError: Failed to fetch
=============================
====== JS ERROR CAUGHT ======
Unhandled Promise: TypeError: Failed to fetch
=============================
====== JS ERROR CAUGHT ======
Unhandled Promise: TypeError: Failed to fetch
=============================
====== JS ERROR CAUGHT ======
Unhandled Promise: TypeError: Failed to fetch
=============================
====== JS ERROR CAUGHT ======
Unhandled Promise: TypeError: Failed to fetch
=============================
====== JS ERROR CAUGHT ======
Unhandled Promise: TypeError: Failed to fetch
=============================
====== JS ERROR CAUGHT ======
Unhandled Promise: TypeError: Failed to fetch
=============================
====== JS ERROR CAUGHT ======
Unhandled Promise: TypeError: Failed to fetch
=============================
====== JS ERROR CAUGHT ======
Unhandled Promise: TypeError: Failed to fetch
=============================
====== JS ERROR CAUGHT ======
Unhandled Promise: TypeError: Failed to fetch
=============================
====== JS ERROR CAUGHT ======
Unhandled Promise: TypeError: Failed to fetch
=============================
====== JS ERROR CAUGHT ======
Unhandled Promise: TypeError: Failed to fetch
=============================
====== JS ERROR CAUGHT ======
Unhandled Promise: TypeError: Failed to fetch
=============================
====== JS ERROR CAUGHT ======
Unhandled Promise: TypeError: Failed to fetch
=============================
====== JS ERROR CAUGHT ======
Unhandled Promise: TypeError: Failed to fetch
=============================
====== JS ERROR CAUGHT ======
Unhandled Promise: TypeError: Failed to fetch
=============================
====== JS ERROR CAUGHT ======
Unhandled Promise: TypeError: Failed to fetch
=============================
====== JS ERROR CAUGHT ======
Unhandled Promise: TypeError: Failed to fetch
=============================
====== JS ERROR CAUGHT ======
Unhandled Promise: TypeError: Failed to fetch
=============================
====== JS ERROR CAUGHT ======
Unhandled Promise: TypeError: Failed to fetch
=============================
====== JS ERROR CAUGHT ======
Unhandled Promise: TypeError: Failed to fetch
=============================
====== JS ERROR CAUGHT ======
Unhandled Promise: TypeError: Failed to fetch
=============================
====== JS ERROR CAUGHT ======
Unhandled Promise: TypeError: Failed to fetch
=============================
====== JS ERROR CAUGHT ======
Unhandled Promise: TypeError: Failed to fetch
=============================
====== JS ERROR CAUGHT ======
Unhandled Promise: TypeError: Failed to fetch
=============================
====== JS ERROR CAUGHT ======
Unhandled Promise: TypeError: Failed to fetch
=============================
====== JS ERROR CAUGHT ======
Unhandled Promise: TypeError: Failed to fetch
=============================
====== JS ERROR CAUGHT ======
Unhandled Promise: TypeError: Failed to fetch
=============================
====== JS ERROR CAUGHT ======
Unhandled Promise: TypeError: Failed to fetch
=============================
====== JS ERROR CAUGHT ======
Unhandled Promise: TypeError: Failed to fetch
=============================
====== JS ERROR CAUGHT ======
Unhandled Promise: TypeError: Failed to fetch
=============================
====== JS ERROR CAUGHT ======
Unhandled Promise: TypeError: Failed to fetch
=============================
====== JS ERROR CAUGHT ======
Unhandled Promise: TypeError: Failed to fetch
=============================
====== JS ERROR CAUGHT ======
Unhandled Promise: TypeError: Failed to fetch
=============================
====== JS ERROR CAUGHT ======
Unhandled Promise: TypeError: Failed to fetch
=============================
====== JS ERROR CAUGHT ======
Unhandled Promise: TypeError: Failed to fetch
=============================
====== JS ERROR CAUGHT ======
Unhandled Promise: TypeError: Failed to fetch
=============================
====== JS ERROR CAUGHT ======
Unhandled Promise: TypeError: Failed to fetch
=============================
====== JS ERROR CAUGHT ======
Unhandled Promise: TypeError: Failed to fetch
=============================
====== JS ERROR CAUGHT ======
Unhandled Promise: TypeError: Failed to fetch
=============================
====== JS ERROR CAUGHT ======
Unhandled Promise: TypeError: Failed to fetch
=============================
====== JS ERROR CAUGHT ======
Unhandled Promise: TypeError: Failed to fetch
=============================
====== JS ERROR CAUGHT ======
Unhandled Promise: TypeError: Failed to fetch
=============================
====== JS ERROR CAUGHT ======
Unhandled Promise: TypeError: Failed to fetch
=============================
====== JS ERROR CAUGHT ======
Unhandled Promise: TypeError: Failed to fetch
=============================
====== JS ERROR CAUGHT ======
Unhandled Promise: TypeError: Failed to fetch
=============================
====== JS ERROR CAUGHT ======
Unhandled Promise: TypeError: Failed to fetch
=============================
====== JS ERROR CAUGHT ======
Unhandled Promise: TypeError: Failed to fetch
=============================
====== JS ERROR CAUGHT ======
Unhandled Promise: TypeError: Failed to fetch
=============================
====== JS ERROR CAUGHT ======
Unhandled Promise: TypeError: Failed to fetch
=============================
====== JS ERROR CAUGHT ======
Unhandled Promise: TypeError: Failed to fetch
=============================
====== JS ERROR CAUGHT ======
Unhandled Promise: TypeError: Failed to fetch
=============================
====== JS ERROR CAUGHT ======
Unhandled Promise: TypeError: Failed to fetch
=============================
====== JS ERROR CAUGHT ======
Unhandled Promise: TypeError: Failed to fetch
=============================
====== JS ERROR CAUGHT ======
Unhandled Promise: TypeError: Failed to fetch
=============================
====== JS ERROR CAUGHT ======
Unhandled Promise: TypeError: Failed to fetch
=============================
====== JS ERROR CAUGHT ======
Unhandled Promise: TypeError: Failed to fetch
=============================
====== JS ERROR CAUGHT ======
Unhandled Promise: TypeError: Failed to fetch
=============================
====== JS ERROR CAUGHT ======
Unhandled Promise: TypeError: Failed to fetch
=============================
====== JS ERROR CAUGHT ======
Unhandled Promise: TypeError: Failed to fetch
=============================
====== JS ERROR CAUGHT ======
Unhandled Promise: TypeError: Failed to fetch
=============================
====== JS ERROR CAUGHT ======
Unhandled Promise: TypeError: Failed to fetch
=============================
====== JS ERROR CAUGHT ======
Unhandled Promise: TypeError: Failed to fetch
=============================
====== JS ERROR CAUGHT ======
Unhandled Promise: TypeError: Failed to fetch
=============================
====== JS ERROR CAUGHT ======
Unhandled Promise: TypeError: Failed to fetch
=============================
====== JS ERROR CAUGHT ======
Unhandled Promise: TypeError: Failed to fetch
=============================
====== JS ERROR CAUGHT ======
Unhandled Promise: TypeError: Failed to fetch
=============================
====== JS ERROR CAUGHT ======
Unhandled Promise: TypeError: Failed to fetch
=============================
====== JS ERROR CAUGHT ======
Unhandled Promise: TypeError: Failed to fetch
=============================
====== JS ERROR CAUGHT ======
Unhandled Promise: TypeError: Failed to fetch
=============================
====== JS ERROR CAUGHT ======
Unhandled Promise: TypeError: Failed to fetch
=============================
====== JS ERROR CAUGHT ======
Unhandled Promise: TypeError: Failed to fetch
=============================
====== JS ERROR CAUGHT ======
Unhandled Promise: TypeError: Failed to fetch
=============================
====== JS ERROR CAUGHT ======
Unhandled Promise: TypeError: Failed to fetch
=============================
====== JS ERROR CAUGHT ======
Unhandled Promise: TypeError: Failed to fetch
=============================
====== JS ERROR CAUGHT ======
Unhandled Promise: TypeError: Failed to fetch
=============================
====== JS ERROR CAUGHT ======
Unhandled Promise: TypeError: Failed to fetch
=============================
====== JS ERROR CAUGHT ======
Unhandled Promise: TypeError: Failed to fetch
=============================
====== JS ERROR CAUGHT ======
Unhandled Promise: TypeError: Failed to fetch
=============================
====== JS ERROR CAUGHT ======
Unhandled Promise: TypeError: Failed to fetch
=============================
====== JS ERROR CAUGHT ======
Unhandled Promise: TypeError: Failed to fetch
=============================
====== JS ERROR CAUGHT ======
Unhandled Promise: TypeError: Failed to fetch
=============================
====== JS ERROR CAUGHT ======
Unhandled Promise: TypeError: Failed to fetch
=============================
====== JS ERROR CAUGHT ======
Unhandled Promise: TypeError: Failed to fetch
=============================
====== JS ERROR CAUGHT ======
Unhandled Promise: TypeError: Failed to fetch
=============================
====== JS ERROR CAUGHT ======
Unhandled Promise: TypeError: Failed to fetch
=============================
====== JS ERROR CAUGHT ======
Unhandled Promise: TypeError: Failed to fetch
=============================
====== JS ERROR CAUGHT ======
Unhandled Promise: TypeError: Failed to fetch
=============================
====== JS ERROR CAUGHT ======
Unhandled Promise: TypeError: Failed to fetch
=============================
====== JS ERROR CAUGHT ======
Unhandled Promise: TypeError: Failed to fetch
=============================
====== JS ERROR CAUGHT ======
Unhandled Promise: TypeError: Failed to fetch
=============================
====== JS ERROR CAUGHT ======
Unhandled Promise: TypeError: Failed to fetch
=============================
====== JS ERROR CAUGHT ======
Unhandled Promise: TypeError: Failed to fetch
=============================
====== JS ERROR CAUGHT ======
Unhandled Promise: TypeError: Failed to fetch
=============================
====== JS ERROR CAUGHT ======
Unhandled Promise: TypeError: Failed to fetch
=============================
====== JS ERROR CAUGHT ======
Unhandled Promise: TypeError: Failed to fetch
=============================
====== JS ERROR CAUGHT ======
Unhandled Promise: TypeError: Failed to fetch
=============================
====== JS ERROR CAUGHT ======
Unhandled Promise: TypeError: Failed to fetch
=============================
====== JS ERROR CAUGHT ======
Unhandled Promise: TypeError: Failed to fetch
=============================
====== JS ERROR CAUGHT ======
Unhandled Promise: TypeError: Failed to fetch
=============================
====== JS ERROR CAUGHT ======
Unhandled Promise: TypeError: Failed to fetch
=============================
====== JS ERROR CAUGHT ======
Unhandled Promise: TypeError: Failed to fetch
=============================
====== JS ERROR CAUGHT ======
Unhandled Promise: TypeError: Failed to fetch
=============================
====== JS ERROR CAUGHT ======
Unhandled Promise: TypeError: Failed to fetch
=============================
====== JS ERROR CAUGHT ======
Unhandled Promise: TypeError: Failed to fetch
=============================
====== JS ERROR CAUGHT ======
Unhandled Promise: TypeError: Failed to fetch
=============================
====== JS ERROR CAUGHT ======
Unhandled Promise: TypeError: Failed to fetch
=============================
====== JS ERROR CAUGHT ======
Unhandled Promise: TypeError: Failed to fetch
=============================
====== JS ERROR CAUGHT ======
Unhandled Promise: TypeError: Failed to fetch
=============================
====== JS ERROR CAUGHT ======
Unhandled Promise: TypeError: Failed to fetch
=============================
====== JS ERROR CAUGHT ======
Unhandled Promise: TypeError: Failed to fetch
=============================
====== JS ERROR CAUGHT ======
Unhandled Promise: TypeError: Failed to fetch
=============================
====== JS ERROR CAUGHT ======
Unhandled Promise: TypeError: Failed to fetch
=============================
====== JS ERROR CAUGHT ======
Unhandled Promise: TypeError: Failed to fetch
=============================
====== JS ERROR CAUGHT ======
Unhandled Promise: TypeError: Failed to fetch
=============================
====== JS ERROR CAUGHT ======
Unhandled Promise: TypeError: Failed to fetch
=============================
====== JS ERROR CAUGHT ======
Unhandled Promise: TypeError: Failed to fetch
=============================
====== JS ERROR CAUGHT ======
Unhandled Promise: TypeError: Failed to fetch
=============================
====== JS ERROR CAUGHT ======
Unhandled Promise: TypeError: Failed to fetch
=============================
====== JS ERROR CAUGHT ======
Unhandled Promise: TypeError: Failed to fetch
=============================
====== JS ERROR CAUGHT ======
Unhandled Promise: TypeError: Failed to fetch
=============================
====== JS ERROR CAUGHT ======
Unhandled Promise: TypeError: Failed to fetch
=============================
====== JS ERROR CAUGHT ======
Unhandled Promise: TypeError: Failed to fetch
=============================
====== JS ERROR CAUGHT ======
Unhandled Promise: TypeError: Failed to fetch
=============================
====== JS ERROR CAUGHT ======
Unhandled Promise: TypeError: Failed to fetch
=============================
====== JS ERROR CAUGHT ======
Unhandled Promise: TypeError: Failed to fetch
=============================
====== JS ERROR CAUGHT ======
Unhandled Promise: TypeError: Failed to fetch
=============================
====== JS ERROR CAUGHT ======
Unhandled Promise: TypeError: Failed to fetch
=============================
====== JS ERROR CAUGHT ======
Unhandled Promise: TypeError: Failed to fetch
=============================
====== JS ERROR CAUGHT ======
Unhandled Promise: TypeError: Failed to fetch
=============================
====== JS ERROR CAUGHT ======
Unhandled Promise: TypeError: Failed to fetch
=============================
====== JS ERROR CAUGHT ======
Unhandled Promise: TypeError: Failed to fetch
=============================
====== JS ERROR CAUGHT ======
Unhandled Promise: TypeError: Failed to fetch
=============================
====== JS ERROR CAUGHT ======
Unhandled Promise: TypeError: Failed to fetch
=============================
====== JS ERROR CAUGHT ======
Unhandled Promise: TypeError: Failed to fetch
=============================
====== JS ERROR CAUGHT ======
Unhandled Promise: TypeError: Failed to fetch
=============================
====== JS ERROR CAUGHT ======
Unhandled Promise: TypeError: Failed to fetch
=============================
====== JS ERROR CAUGHT ======
Unhandled Promise: TypeError: Failed to fetch
=============================
====== JS ERROR CAUGHT ======
Unhandled Promise: TypeError: Failed to fetch
=============================
====== JS ERROR CAUGHT ======
Unhandled Promise: TypeError: Failed to fetch
=============================
====== JS ERROR CAUGHT ======
Unhandled Promise: TypeError: Failed to fetch
=============================
====== JS ERROR CAUGHT ======
Unhandled Promise: TypeError: Failed to fetch
=============================
====== JS ERROR CAUGHT ======
Unhandled Promise: TypeError: Failed to fetch
=============================
====== JS ERROR CAUGHT ======
Unhandled Promise: TypeError: Failed to fetch
=============================
====== JS ERROR CAUGHT ======
Unhandled Promise: TypeError: Failed to fetch
=============================
====== JS ERROR CAUGHT ======
Unhandled Promise: TypeError: Failed to fetch
=============================
====== JS ERROR CAUGHT ======
Unhandled Promise: TypeError: Failed to fetch
=============================
====== JS ERROR CAUGHT ======
Unhandled Promise: TypeError: Failed to fetch
=============================
====== JS ERROR CAUGHT ======
Unhandled Promise: TypeError: Failed to fetch
=============================
====== JS ERROR CAUGHT ======
Unhandled Promise: TypeError: Failed to fetch
=============================
====== JS ERROR CAUGHT ======
Unhandled Promise: TypeError: Failed to fetch
=============================
====== JS ERROR CAUGHT ======
Unhandled Promise: TypeError: Failed to fetch
=============================
====== JS ERROR CAUGHT ======
Unhandled Promise: TypeError: Failed to fetch
=============================
====== JS ERROR CAUGHT ======
Unhandled Promise: TypeError: Failed to fetch
=============================
====== JS ERROR CAUGHT ======
Unhandled Promise: TypeError: Failed to fetch
=============================
====== JS ERROR CAUGHT ======
Unhandled Promise: TypeError: Failed to fetch
=============================
====== JS ERROR CAUGHT ======
Unhandled Promise: TypeError: Failed to fetch
=============================
====== JS ERROR CAUGHT ======
Unhandled Promise: TypeError: Failed to fetch
=============================
====== JS ERROR CAUGHT ======
Unhandled Promise: TypeError: Failed to fetch
=============================
====== JS ERROR CAUGHT ======
Unhandled Promise: TypeError: Failed to fetch
=============================
====== JS ERROR CAUGHT ======
Unhandled Promise: TypeError: Failed to fetch
=============================
====== JS ERROR CAUGHT ======
Unhandled Promise: TypeError: Failed to fetch
=============================
====== JS ERROR CAUGHT ======
Unhandled Promise: TypeError: Failed to fetch
=============================
====== JS ERROR CAUGHT ======
Unhandled Promise: TypeError: Failed to fetch
=============================
====== JS ERROR CAUGHT ======
Unhandled Promise: TypeError: Failed to fetch
=============================
====== JS ERROR CAUGHT ======
Unhandled Promise: TypeError: Failed to fetch
=============================
====== JS ERROR CAUGHT ======
Unhandled Promise: TypeError: Failed to fetch
=============================
====== JS ERROR CAUGHT ======
Unhandled Promise: TypeError: Failed to fetch
=============================
====== JS ERROR CAUGHT ======
Unhandled Promise: TypeError: Failed to fetch
=============================
====== JS ERROR CAUGHT ======
Unhandled Promise: TypeError: Failed to fetch
=============================
====== JS ERROR CAUGHT ======
Unhandled Promise: TypeError: Failed to fetch
=============================
====== JS ERROR CAUGHT ======
Unhandled Promise: TypeError: Failed to fetch
=============================
====== JS ERROR CAUGHT ======
Unhandled Promise: TypeError: Failed to fetch
=============================
====== JS ERROR CAUGHT ======
Unhandled Promise: TypeError: Failed to fetch
=============================
====== JS ERROR CAUGHT ======
Unhandled Promise: TypeError: Failed to fetch
=============================
====== JS ERROR CAUGHT ======
Unhandled Promise: TypeError: Failed to fetch
=============================
====== JS ERROR CAUGHT ======
Unhandled Promise: TypeError: Failed to fetch
=============================
====== JS ERROR CAUGHT ======
Unhandled Promise: TypeError: Failed to fetch
=============================
====== JS ERROR CAUGHT ======
Unhandled Promise: TypeError: Failed to fetch
=============================
====== JS ERROR CAUGHT ======
Unhandled Promise: TypeError: Failed to fetch
=============================
====== JS ERROR CAUGHT ======
Unhandled Promise: TypeError: Failed to fetch
=============================
====== JS ERROR CAUGHT ======
Unhandled Promise: TypeError: Failed to fetch
=============================
====== JS ERROR CAUGHT ======
Unhandled Promise: TypeError: Failed to fetch
=============================
====== JS ERROR CAUGHT ======
Unhandled Promise: TypeError: Failed to fetch
=============================
====== JS ERROR CAUGHT ======
Unhandled Promise: TypeError: Failed to fetch
=============================
====== JS ERROR CAUGHT ======
Unhandled Promise: TypeError: Failed to fetch
=============================
====== JS ERROR CAUGHT ======
Unhandled Promise: TypeError: Failed to fetch
=============================
====== JS ERROR CAUGHT ======
Unhandled Promise: TypeError: Failed to fetch
=============================
====== JS ERROR CAUGHT ======
Unhandled Promise: TypeError: Failed to fetch
=============================
====== JS ERROR CAUGHT ======
Unhandled Promise: TypeError: Failed to fetch
=============================
====== JS ERROR CAUGHT ======
Unhandled Promise: TypeError: Failed to fetch
=============================
====== JS ERROR CAUGHT ======
Unhandled Promise: TypeError: Failed to fetch
=============================
====== JS ERROR CAUGHT ======
Unhandled Promise: TypeError: Failed to fetch
=============================
====== JS ERROR CAUGHT ======
Unhandled Promise: TypeError: Failed to fetch
=============================
====== JS ERROR CAUGHT ======
Unhandled Promise: TypeError: Failed to fetch
=============================
====== JS ERROR CAUGHT ======
Unhandled Promise: TypeError: Failed to fetch
=============================
====== JS ERROR CAUGHT ======
Unhandled Promise: TypeError: Failed to fetch
=============================
====== JS ERROR CAUGHT ======
Unhandled Promise: TypeError: Failed to fetch
=============================
====== JS ERROR CAUGHT ======
Unhandled Promise: TypeError: Failed to fetch
=============================
====== JS ERROR CAUGHT ======
Unhandled Promise: TypeError: Failed to fetch
=============================
====== JS ERROR CAUGHT ======
Unhandled Promise: TypeError: Failed to fetch
=============================
====== JS ERROR CAUGHT ======
Unhandled Promise: TypeError: Failed to fetch
=============================
====== JS ERROR CAUGHT ======
Unhandled Promise: TypeError: Failed to fetch
=============================
====== JS ERROR CAUGHT ======
Unhandled Promise: TypeError: Failed to fetch
=============================
====== JS ERROR CAUGHT ======
Unhandled Promise: TypeError: Failed to fetch
=============================
====== JS ERROR CAUGHT ======
Unhandled Promise: TypeError: Failed to fetch
=============================
====== JS ERROR CAUGHT ======
Unhandled Promise: TypeError: Failed to fetch
=============================
====== JS ERROR CAUGHT ======
Unhandled Promise: TypeError: Failed to fetch
=============================
====== JS ERROR CAUGHT ======
Unhandled Promise: TypeError: Failed to fetch
=============================
====== JS ERROR CAUGHT ======
Unhandled Promise: TypeError: Failed to fetch
=============================
====== JS ERROR CAUGHT ======
Unhandled Promise: TypeError: Failed to fetch
=============================
====== JS ERROR CAUGHT ======
Unhandled Promise: TypeError: Failed to fetch
=============================
====== JS ERROR CAUGHT ======
Unhandled Promise: TypeError: Failed to fetch
=============================
====== JS ERROR CAUGHT ======
Unhandled Promise: TypeError: Failed to fetch
=============================
====== JS ERROR CAUGHT ======
Unhandled Promise: TypeError: Failed to fetch
=============================
====== JS ERROR CAUGHT ======
Unhandled Promise: TypeError: Failed to fetch
=============================
====== JS ERROR CAUGHT ======
Unhandled Promise: TypeError: Failed to fetch
=============================
====== JS ERROR CAUGHT ======
Unhandled Promise: TypeError: Failed to fetch
=============================
====== JS ERROR CAUGHT ======
Unhandled Promise: TypeError: Failed to fetch
=============================
====== JS ERROR CAUGHT ======
Unhandled Promise: TypeError: Failed to fetch
=============================
====== JS ERROR CAUGHT ======
Unhandled Promise: TypeError: Failed to fetch
=============================
====== JS ERROR CAUGHT ======
Unhandled Promise: TypeError: Failed to fetch
=============================
====== JS ERROR CAUGHT ======
Unhandled Promise: TypeError: Failed to fetch
=============================
====== JS ERROR CAUGHT ======
Unhandled Promise: TypeError: Failed to fetch
=============================
====== JS ERROR CAUGHT ======
Unhandled Promise: TypeError: Failed to fetch
=============================
====== JS ERROR CAUGHT ======
Unhandled Promise: TypeError: Failed to fetch
=============================
====== JS ERROR CAUGHT ======
Unhandled Promise: TypeError: Failed to fetch
=============================
====== JS ERROR CAUGHT ======
Unhandled Promise: TypeError: Failed to fetch
=============================
====== JS ERROR CAUGHT ======
Unhandled Promise: TypeError: Failed to fetch
=============================
====== JS ERROR CAUGHT ======
Unhandled Promise: TypeError: Failed to fetch
=============================
====== JS ERROR CAUGHT ======
Unhandled Promise: TypeError: Failed to fetch
=============================
====== JS ERROR CAUGHT ======
Unhandled Promise: TypeError: Failed to fetch
=============================
====== JS ERROR CAUGHT ======
Unhandled Promise: TypeError: Failed to fetch
=============================
====== JS ERROR CAUGHT ======
Unhandled Promise: TypeError: Failed to fetch
=============================
====== JS ERROR CAUGHT ======
Unhandled Promise: TypeError: Failed to fetch
=============================
====== JS ERROR CAUGHT ======
Unhandled Promise: TypeError: Failed to fetch
=============================
====== JS ERROR CAUGHT ======
Unhandled Promise: TypeError: Failed to fetch
=============================
====== JS ERROR CAUGHT ======
Unhandled Promise: TypeError: Failed to fetch
=============================
====== JS ERROR CAUGHT ======
Unhandled Promise: TypeError: Failed to fetch
=============================
====== JS ERROR CAUGHT ======
Unhandled Promise: TypeError: Failed to fetch
=============================
====== JS ERROR CAUGHT ======
Unhandled Promise: TypeError: Failed to fetch
=============================
====== JS ERROR CAUGHT ======
Unhandled Promise: TypeError: Failed to fetch
=============================
====== JS ERROR CAUGHT ======
Unhandled Promise: TypeError: Failed to fetch
=============================
====== JS ERROR CAUGHT ======
Unhandled Promise: TypeError: Failed to fetch
=============================
====== JS ERROR CAUGHT ======
Unhandled Promise: TypeError: Failed to fetch
=============================
====== JS ERROR CAUGHT ======
Unhandled Promise: TypeError: Failed to fetch
=============================
====== JS ERROR CAUGHT ======
Unhandled Promise: TypeError: Failed to fetch
=============================
====== JS ERROR CAUGHT ======
Unhandled Promise: TypeError: Failed to fetch
=============================
====== JS ERROR CAUGHT ======
Unhandled Promise: TypeError: Failed to fetch
=============================
====== JS ERROR CAUGHT ======
Unhandled Promise: TypeError: Failed to fetch
=============================
====== JS ERROR CAUGHT ======
Unhandled Promise: TypeError: Failed to fetch
=============================
====== JS ERROR CAUGHT ======
Unhandled Promise: TypeError: Failed to fetch
=============================
====== JS ERROR CAUGHT ======
Unhandled Promise: TypeError: Failed to fetch
=============================
====== JS ERROR CAUGHT ======
Unhandled Promise: TypeError: Failed to fetch
=============================
====== JS ERROR CAUGHT ======
Unhandled Promise: TypeError: Failed to fetch
=============================
====== JS ERROR CAUGHT ======
Unhandled Promise: TypeError: Failed to fetch
=============================
====== JS ERROR CAUGHT ======
Unhandled Promise: TypeError: Failed to fetch
=============================
====== JS ERROR CAUGHT ======
Unhandled Promise: TypeError: Failed to fetch
=============================
====== JS ERROR CAUGHT ======
Unhandled Promise: TypeError: Failed to fetch
=============================
====== JS ERROR CAUGHT ======
Unhandled Promise: TypeError: Failed to fetch
=============================
====== JS ERROR CAUGHT ======
Unhandled Promise: TypeError: Failed to fetch
=============================
====== JS ERROR CAUGHT ======
Unhandled Promise: TypeError: Failed to fetch
=============================
====== JS ERROR CAUGHT ======
Unhandled Promise: TypeError: Failed to fetch
=============================
====== JS ERROR CAUGHT ======
Unhandled Promise: TypeError: Failed to fetch
=============================
====== JS ERROR CAUGHT ======
Unhandled Promise: TypeError: Failed to fetch
=============================
====== JS ERROR CAUGHT ======
Unhandled Promise: TypeError: Failed to fetch
=============================
====== JS ERROR CAUGHT ======
Unhandled Promise: TypeError: Failed to fetch
=============================
====== JS ERROR CAUGHT ======
Unhandled Promise: TypeError: Failed to fetch
=============================
====== JS ERROR CAUGHT ======
Unhandled Promise: TypeError: Failed to fetch
=============================
====== JS ERROR CAUGHT ======
Unhandled Promise: TypeError: Failed to fetch
=============================
====== JS ERROR CAUGHT ======
Unhandled Promise: TypeError: Failed to fetch
=============================
====== JS ERROR CAUGHT ======
Unhandled Promise: TypeError: Failed to fetch
=============================
====== JS ERROR CAUGHT ======
Unhandled Promise: TypeError: Failed to fetch
=============================
====== JS ERROR CAUGHT ======
Unhandled Promise: TypeError: Failed to fetch
=============================
====== JS ERROR CAUGHT ======
Unhandled Promise: TypeError: Failed to fetch
=============================
====== JS ERROR CAUGHT ======
Unhandled Promise: TypeError: Failed to fetch
=============================
====== JS ERROR CAUGHT ======
Unhandled Promise: TypeError: Failed to fetch
=============================
====== JS ERROR CAUGHT ======
Unhandled Promise: TypeError: Failed to fetch
=============================
====== JS ERROR CAUGHT ======
Unhandled Promise: TypeError: Failed to fetch
=============================
====== JS ERROR CAUGHT ======
Unhandled Promise: TypeError: Failed to fetch
=============================
====== JS ERROR CAUGHT ======
Unhandled Promise: TypeError: Failed to fetch
=============================
====== JS ERROR CAUGHT ======
Unhandled Promise: TypeError: Failed to fetch
=============================
====== JS ERROR CAUGHT ======
Unhandled Promise: TypeError: Failed to fetch
=============================
====== JS ERROR CAUGHT ======
Unhandled Promise: TypeError: Failed to fetch
=============================
====== JS ERROR CAUGHT ======
Unhandled Promise: TypeError: Failed to fetch
=============================
====== JS ERROR CAUGHT ======
Unhandled Promise: TypeError: Failed to fetch
=============================
====== JS ERROR CAUGHT ======
Unhandled Promise: TypeError: Failed to fetch
=============================
====== JS ERROR CAUGHT ======
Unhandled Promise: TypeError: Failed to fetch
=============================
====== JS ERROR CAUGHT ======
Unhandled Promise: TypeError: Failed to fetch
=============================
====== JS ERROR CAUGHT ======
Unhandled Promise: TypeError: Failed to fetch
=============================
====== JS ERROR CAUGHT ======
Unhandled Promise: TypeError: Failed to fetch
=============================
====== JS ERROR CAUGHT ======
Unhandled Promise: TypeError: Failed to fetch
=============================
====== JS ERROR CAUGHT ======
Unhandled Promise: TypeError: Failed to fetch
=============================
====== JS ERROR CAUGHT ======
Unhandled Promise: TypeError: Failed to fetch
=============================
====== JS ERROR CAUGHT ======
Unhandled Promise: TypeError: Failed to fetch
=============================
====== JS ERROR CAUGHT ======
Unhandled Promise: TypeError: Failed to fetch
=============================
====== JS ERROR CAUGHT ======
Unhandled Promise: TypeError: Failed to fetch
=============================
====== JS ERROR CAUGHT ======
Unhandled Promise: TypeError: Failed to fetch
=============================
====== JS ERROR CAUGHT ======
Unhandled Promise: TypeError: Failed to fetch
=============================
====== JS ERROR CAUGHT ======
Unhandled Promise: TypeError: Failed to fetch
=============================
====== JS ERROR CAUGHT ======
Unhandled Promise: TypeError: Failed to fetch
=============================
====== JS ERROR CAUGHT ======
Unhandled Promise: TypeError: Failed to fetch
=============================
====== JS ERROR CAUGHT ======
Unhandled Promise: TypeError: Failed to fetch
=============================
====== JS ERROR CAUGHT ======
Unhandled Promise: TypeError: Failed to fetch
=============================
====== JS ERROR CAUGHT ======
Unhandled Promise: TypeError: Failed to fetch
=============================
====== JS ERROR CAUGHT ======
Unhandled Promise: TypeError: Failed to fetch
=============================
====== JS ERROR CAUGHT ======
Unhandled Promise: TypeError: Failed to fetch
=============================
====== JS ERROR CAUGHT ======
Unhandled Promise: TypeError: Failed to fetch
=============================
====== JS ERROR CAUGHT ======
Unhandled Promise: TypeError: Failed to fetch
=============================
====== JS ERROR CAUGHT ======
Unhandled Promise: TypeError: Failed to fetch
=============================
====== JS ERROR CAUGHT ======
Unhandled Promise: TypeError: Failed to fetch
=============================
====== JS ERROR CAUGHT ======
Unhandled Promise: TypeError: Failed to fetch
=============================
====== JS ERROR CAUGHT ======
Unhandled Promise: TypeError: Failed to fetch
=============================
====== JS ERROR CAUGHT ======
Unhandled Promise: TypeError: Failed to fetch
=============================
====== JS ERROR CAUGHT ======
Unhandled Promise: TypeError: Failed to fetch
=============================
====== JS ERROR CAUGHT ======
Unhandled Promise: TypeError: Failed to fetch
=============================
====== JS ERROR CAUGHT ======
Unhandled Promise: TypeError: Failed to fetch
=============================
====== JS ERROR CAUGHT ======
Unhandled Promise: TypeError: Failed to fetch
=============================
====== JS ERROR CAUGHT ======
Unhandled Promise: TypeError: Failed to fetch
=============================
====== JS ERROR CAUGHT ======
Unhandled Promise: TypeError: Failed to fetch
=============================
====== JS ERROR CAUGHT ======
Unhandled Promise: TypeError: Failed to fetch
=============================
====== JS ERROR CAUGHT ======
Unhandled Promise: TypeError: Failed to fetch
=============================
====== JS ERROR CAUGHT ======
Unhandled Promise: TypeError: Failed to fetch
=============================
====== JS ERROR CAUGHT ======
Unhandled Promise: TypeError: Failed to fetch
=============================
====== JS ERROR CAUGHT ======
Unhandled Promise: TypeError: Failed to fetch
=============================
====== JS ERROR CAUGHT ======
Unhandled Promise: TypeError: Failed to fetch
=============================
====== JS ERROR CAUGHT ======
Unhandled Promise: TypeError: Failed to fetch
=============================
====== JS ERROR CAUGHT ======
Unhandled Promise: TypeError: Failed to fetch
=============================
====== JS ERROR CAUGHT ======
Unhandled Promise: TypeError: Failed to fetch
=============================
====== JS ERROR CAUGHT ======
Unhandled Promise: TypeError: Failed to fetch
=============================
====== JS ERROR CAUGHT ======
Unhandled Promise: TypeError: Failed to fetch
=============================
====== JS ERROR CAUGHT ======
Unhandled Promise: TypeError: Failed to fetch
=============================
====== JS ERROR CAUGHT ======
Unhandled Promise: TypeError: Failed to fetch
=============================
====== JS ERROR CAUGHT ======
Unhandled Promise: TypeError: Failed to fetch
=============================
====== JS ERROR CAUGHT ======
Unhandled Promise: TypeError: Failed to fetch
=============================
====== JS ERROR CAUGHT ======
Unhandled Promise: TypeError: Failed to fetch
=============================
====== JS ERROR CAUGHT ======
Unhandled Promise: TypeError: Failed to fetch
=============================
====== JS ERROR CAUGHT ======
Unhandled Promise: TypeError: Failed to fetch
=============================
====== JS ERROR CAUGHT ======
Unhandled Promise: TypeError: Failed to fetch
=============================
====== JS ERROR CAUGHT ======
Unhandled Promise: TypeError: Failed to fetch
=============================
====== JS ERROR CAUGHT ======
Unhandled Promise: TypeError: Failed to fetch
=============================
====== JS ERROR CAUGHT ======
Unhandled Promise: TypeError: Failed to fetch
=============================
====== JS ERROR CAUGHT ======
Unhandled Promise: TypeError: Failed to fetch
=============================
====== JS ERROR CAUGHT ======
Unhandled Promise: TypeError: Failed to fetch
=============================
====== JS ERROR CAUGHT ======
Unhandled Promise: TypeError: Failed to fetch
=============================
====== JS ERROR CAUGHT ======
Unhandled Promise: TypeError: Failed to fetch
=============================
====== JS ERROR CAUGHT ======
Unhandled Promise: TypeError: Failed to fetch
=============================
====== JS ERROR CAUGHT ======
Unhandled Promise: TypeError: Failed to fetch
=============================
====== JS ERROR CAUGHT ======
Unhandled Promise: TypeError: Failed to fetch
=============================
====== JS ERROR CAUGHT ======
Unhandled Promise: TypeError: Failed to fetch
=============================
====== JS ERROR CAUGHT ======
Unhandled Promise: TypeError: Failed to fetch
=============================
====== JS ERROR CAUGHT ======
Unhandled Promise: TypeError: Failed to fetch
=============================
====== JS ERROR CAUGHT ======
Unhandled Promise: TypeError: Failed to fetch
=============================
====== JS ERROR CAUGHT ======
Unhandled Promise: TypeError: Failed to fetch
=============================
====== JS ERROR CAUGHT ======
Unhandled Promise: TypeError: Failed to fetch
=============================
====== JS ERROR CAUGHT ======
Unhandled Promise: TypeError: Failed to fetch
=============================
====== JS ERROR CAUGHT ======
Unhandled Promise: TypeError: Failed to fetch
=============================
====== JS ERROR CAUGHT ======
Unhandled Promise: TypeError: Failed to fetch
=============================
====== JS ERROR CAUGHT ======
Unhandled Promise: TypeError: Failed to fetch
=============================
====== JS ERROR CAUGHT ======
Unhandled Promise: TypeError: Failed to fetch
=============================
====== JS ERROR CAUGHT ======
Unhandled Promise: TypeError: Failed to fetch
=============================
====== JS ERROR CAUGHT ======
Unhandled Promise: TypeError: Failed to fetch
=============================
====== JS ERROR CAUGHT ======
Unhandled Promise: TypeError: Failed to fetch
=============================
====== JS ERROR CAUGHT ======
Unhandled Promise: TypeError: Failed to fetch
=============================
====== JS ERROR CAUGHT ======
Unhandled Promise: TypeError: Failed to fetch
=============================
====== JS ERROR CAUGHT ======
Unhandled Promise: TypeError: Failed to fetch
=============================
====== JS ERROR CAUGHT ======
Unhandled Promise: TypeError: Failed to fetch
=============================
====== JS ERROR CAUGHT ======
Unhandled Promise: TypeError: Failed to fetch
=============================
====== JS ERROR CAUGHT ======
Unhandled Promise: TypeError: Failed to fetch
=============================
====== JS ERROR CAUGHT ======
Unhandled Promise: TypeError: Failed to fetch
=============================
====== JS ERROR CAUGHT ======
Unhandled Promise: TypeError: Failed to fetch
=============================
====== JS ERROR CAUGHT ======
Unhandled Promise: TypeError: Failed to fetch
=============================
====== JS ERROR CAUGHT ======
Unhandled Promise: TypeError: Failed to fetch
=============================
====== JS ERROR CAUGHT ======
Unhandled Promise: TypeError: Failed to fetch
=============================
====== JS ERROR CAUGHT ======
Unhandled Promise: TypeError: Failed to fetch
=============================
====== JS ERROR CAUGHT ======
Unhandled Promise: TypeError: Failed to fetch
=============================
====== JS ERROR CAUGHT ======
Unhandled Promise: TypeError: Failed to fetch
=============================
====== JS ERROR CAUGHT ======
Unhandled Promise: TypeError: Failed to fetch
=============================
====== JS ERROR CAUGHT ======
Unhandled Promise: TypeError: Failed to fetch
=============================
====== JS ERROR CAUGHT ======
Unhandled Promise: TypeError: Failed to fetch
=============================
====== JS ERROR CAUGHT ======
Unhandled Promise: TypeError: Failed to fetch
=============================
====== JS ERROR CAUGHT ======
Unhandled Promise: TypeError: Failed to fetch
=============================
====== JS ERROR CAUGHT ======
Unhandled Promise: TypeError: Failed to fetch
=============================
====== JS ERROR CAUGHT ======
Unhandled Promise: TypeError: Failed to fetch
=============================
====== JS ERROR CAUGHT ======
Unhandled Promise: TypeError: Failed to fetch
=============================
====== JS ERROR CAUGHT ======
Unhandled Promise: TypeError: Failed to fetch
=============================
====== JS ERROR CAUGHT ======
Unhandled Promise: TypeError: Failed to fetch
=============================
====== JS ERROR CAUGHT ======
Unhandled Promise: TypeError: Failed to fetch
=============================
====== JS ERROR CAUGHT ======
Unhandled Promise: TypeError: Failed to fetch
=============================
====== JS ERROR CAUGHT ======
Unhandled Promise: TypeError: Failed to fetch
=============================
====== JS ERROR CAUGHT ======
Unhandled Promise: TypeError: Failed to fetch
=============================
====== JS ERROR CAUGHT ======
Unhandled Promise: TypeError: Failed to fetch
=============================
====== JS ERROR CAUGHT ======
Unhandled Promise: TypeError: Failed to fetch
=============================
====== JS ERROR CAUGHT ======
Unhandled Promise: TypeError: Failed to fetch
=============================
====== JS ERROR CAUGHT ======
Unhandled Promise: TypeError: Failed to fetch
=============================
====== JS ERROR CAUGHT ======
Unhandled Promise: TypeError: Failed to fetch
=============================
====== JS ERROR CAUGHT ======
Unhandled Promise: TypeError: Failed to fetch
=============================
====== JS ERROR CAUGHT ======
Unhandled Promise: TypeError: Failed to fetch
=============================
====== JS ERROR CAUGHT ======
Unhandled Promise: TypeError: Failed to fetch
=============================
====== JS ERROR CAUGHT ======
Unhandled Promise: TypeError: Failed to fetch
=============================
====== JS ERROR CAUGHT ======
Unhandled Promise: TypeError: Failed to fetch
=============================
====== JS ERROR CAUGHT ======
Unhandled Promise: TypeError: Failed to fetch
=============================
====== JS ERROR CAUGHT ======
Unhandled Promise: TypeError: Failed to fetch
=============================
====== JS ERROR CAUGHT ======
Unhandled Promise: TypeError: Failed to fetch
=============================
====== JS ERROR CAUGHT ======
Unhandled Promise: TypeError: Failed to fetch
=============================
====== JS ERROR CAUGHT ======
Unhandled Promise: TypeError: Failed to fetch
=============================
====== JS ERROR CAUGHT ======
Unhandled Promise: TypeError: Failed to fetch
=============================
====== JS ERROR CAUGHT ======
Unhandled Promise: TypeError: Failed to fetch
=============================
====== JS ERROR CAUGHT ======
Unhandled Promise: TypeError: Failed to fetch
=============================
====== JS ERROR CAUGHT ======
Unhandled Promise: TypeError: Failed to fetch
=============================
====== JS ERROR CAUGHT ======
Unhandled Promise: TypeError: Failed to fetch
=============================
====== JS ERROR CAUGHT ======
Unhandled Promise: TypeError: Failed to fetch
=============================
====== JS ERROR CAUGHT ======
Unhandled Promise: TypeError: Failed to fetch
=============================
====== JS ERROR CAUGHT ======
Unhandled Promise: TypeError: Failed to fetch
=============================
====== JS ERROR CAUGHT ======
Unhandled Promise: TypeError: Failed to fetch
=============================
====== JS ERROR CAUGHT ======
Unhandled Promise: TypeError: Failed to fetch
=============================
====== JS ERROR CAUGHT ======
Unhandled Promise: TypeError: Failed to fetch
=============================
====== JS ERROR CAUGHT ======
Unhandled Promise: TypeError: Failed to fetch
=============================
====== JS ERROR CAUGHT ======
Unhandled Promise: TypeError: Failed to fetch
=============================
====== JS ERROR CAUGHT ======
Unhandled Promise: TypeError: Failed to fetch
=============================
====== JS ERROR CAUGHT ======
Unhandled Promise: TypeError: Failed to fetch
=============================
====== JS ERROR CAUGHT ======
Unhandled Promise: TypeError: Failed to fetch
=============================
====== JS ERROR CAUGHT ======
Unhandled Promise: TypeError: Failed to fetch
=============================
====== JS ERROR CAUGHT ======
Unhandled Promise: TypeError: Failed to fetch
=============================
====== JS ERROR CAUGHT ======
Unhandled Promise: TypeError: Failed to fetch
=============================
====== JS ERROR CAUGHT ======
Unhandled Promise: TypeError: Failed to fetch
=============================
====== JS ERROR CAUGHT ======
Unhandled Promise: TypeError: Failed to fetch
=============================
====== JS ERROR CAUGHT ======
Unhandled Promise: TypeError: Failed to fetch
=============================
====== JS ERROR CAUGHT ======
Unhandled Promise: TypeError: Failed to fetch
=============================
====== JS ERROR CAUGHT ======
Unhandled Promise: TypeError: Failed to fetch
=============================
====== JS ERROR CAUGHT ======
Unhandled Promise: TypeError: Failed to fetch
=============================
====== JS ERROR CAUGHT ======
Unhandled Promise: TypeError: Failed to fetch
=============================
====== JS ERROR CAUGHT ======
Unhandled Promise: TypeError: Failed to fetch
=============================
====== JS ERROR CAUGHT ======
Unhandled Promise: TypeError: Failed to fetch
=============================
====== JS ERROR CAUGHT ======
Unhandled Promise: TypeError: Failed to fetch
=============================
====== JS ERROR CAUGHT ======
Unhandled Promise: TypeError: Failed to fetch
=============================
====== JS ERROR CAUGHT ======
Unhandled Promise: TypeError: Failed to fetch
=============================
====== JS ERROR CAUGHT ======
Unhandled Promise: TypeError: Failed to fetch
=============================
====== JS ERROR CAUGHT ======
Unhandled Promise: TypeError: Failed to fetch
=============================
====== JS ERROR CAUGHT ======
Unhandled Promise: TypeError: Failed to fetch
=============================
====== JS ERROR CAUGHT ======
Unhandled Promise: TypeError: Failed to fetch
=============================
====== JS ERROR CAUGHT ======
Unhandled Promise: TypeError: Failed to fetch
=============================
====== JS ERROR CAUGHT ======
Unhandled Promise: TypeError: Failed to fetch
=============================
====== JS ERROR CAUGHT ======
Unhandled Promise: TypeError: Failed to fetch
=============================
====== JS ERROR CAUGHT ======
Unhandled Promise: TypeError: Failed to fetch
=============================
====== JS ERROR CAUGHT ======
Unhandled Promise: TypeError: Failed to fetch
=============================
====== JS ERROR CAUGHT ======
Unhandled Promise: TypeError: Failed to fetch
=============================
====== JS ERROR CAUGHT ======
Unhandled Promise: TypeError: Failed to fetch
=============================
====== JS ERROR CAUGHT ======
Unhandled Promise: TypeError: Failed to fetch
=============================
====== JS ERROR CAUGHT ======
Unhandled Promise: TypeError: Failed to fetch
=============================
====== JS ERROR CAUGHT ======
Unhandled Promise: TypeError: Failed to fetch
=============================
====== JS ERROR CAUGHT ======
Unhandled Promise: TypeError: Failed to fetch
=============================
====== JS ERROR CAUGHT ======
Unhandled Promise: TypeError: Failed to fetch
=============================
====== JS ERROR CAUGHT ======
Unhandled Promise: TypeError: Failed to fetch
=============================
====== JS ERROR CAUGHT ======
Unhandled Promise: TypeError: Failed to fetch
=============================
====== JS ERROR CAUGHT ======
Unhandled Promise: TypeError: Failed to fetch
=============================
====== JS ERROR CAUGHT ======
Unhandled Promise: TypeError: Failed to fetch
=============================
====== JS ERROR CAUGHT ======
Unhandled Promise: TypeError: Failed to fetch
=============================
====== JS ERROR CAUGHT ======
Unhandled Promise: TypeError: Failed to fetch
=============================
====== JS ERROR CAUGHT ======
Unhandled Promise: TypeError: Failed to fetch
=============================
====== JS ERROR CAUGHT ======
Unhandled Promise: TypeError: Failed to fetch
=============================
====== JS ERROR CAUGHT ======
Unhandled Promise: TypeError: Failed to fetch
=============================
====== JS ERROR CAUGHT ======
Unhandled Promise: TypeError: Failed to fetch
=============================
====== JS ERROR CAUGHT ======
Unhandled Promise: TypeError: Failed to fetch
=============================
====== JS ERROR CAUGHT ======
Unhandled Promise: TypeError: Failed to fetch
=============================
====== JS ERROR CAUGHT ======
Unhandled Promise: TypeError: Failed to fetch
=============================
====== JS ERROR CAUGHT ======
Unhandled Promise: TypeError: Failed to fetch
=============================
====== JS ERROR CAUGHT ======
Unhandled Promise: TypeError: Failed to fetch
=============================
====== JS ERROR CAUGHT ======
Unhandled Promise: TypeError: Failed to fetch
=============================
====== JS ERROR CAUGHT ======
Unhandled Promise: TypeError: Failed to fetch
=============================
====== JS ERROR CAUGHT ======
Unhandled Promise: TypeError: Failed to fetch
=============================
====== JS ERROR CAUGHT ======
Unhandled Promise: TypeError: Failed to fetch
=============================
====== JS ERROR CAUGHT ======
Unhandled Promise: TypeError: Failed to fetch
=============================
====== JS ERROR CAUGHT ======
Unhandled Promise: TypeError: Failed to fetch
=============================
====== JS ERROR CAUGHT ======
Unhandled Promise: TypeError: Failed to fetch
=============================
====== JS ERROR CAUGHT ======
Unhandled Promise: TypeError: Failed to fetch
=============================
====== JS ERROR CAUGHT ======
Unhandled Promise: TypeError: Failed to fetch
=============================
====== JS ERROR CAUGHT ======
Unhandled Promise: TypeError: Failed to fetch
=============================
====== JS ERROR CAUGHT ======
Unhandled Promise: TypeError: Failed to fetch
=============================
====== JS ERROR CAUGHT ======
Unhandled Promise: TypeError: Failed to fetch
=============================
====== JS ERROR CAUGHT ======
Unhandled Promise: TypeError: Failed to fetch
=============================
====== JS ERROR CAUGHT ======
Unhandled Promise: TypeError: Failed to fetch
=============================
====== JS ERROR CAUGHT ======
Unhandled Promise: TypeError: Failed to fetch
=============================
====== JS ERROR CAUGHT ======
Unhandled Promise: TypeError: Failed to fetch
=============================
====== JS ERROR CAUGHT ======
Unhandled Promise: TypeError: Failed to fetch
=============================
====== JS ERROR CAUGHT ======
Unhandled Promise: TypeError: Failed to fetch
=============================
====== JS ERROR CAUGHT ======
Unhandled Promise: TypeError: Failed to fetch
=============================
====== JS ERROR CAUGHT ======
Unhandled Promise: TypeError: Failed to fetch
=============================
====== JS ERROR CAUGHT ======
Unhandled Promise: TypeError: Failed to fetch
=============================
====== JS ERROR CAUGHT ======
Unhandled Promise: TypeError: Failed to fetch
=============================
====== JS ERROR CAUGHT ======
Unhandled Promise: TypeError: Failed to fetch
=============================
====== JS ERROR CAUGHT ======
Unhandled Promise: TypeError: Failed to fetch
=============================
====== JS ERROR CAUGHT ======
Unhandled Promise: TypeError: Failed to fetch
=============================
====== JS ERROR CAUGHT ======
Unhandled Promise: TypeError: Failed to fetch
=============================
====== JS ERROR CAUGHT ======
Unhandled Promise: TypeError: Failed to fetch
=============================
====== JS ERROR CAUGHT ======
Unhandled Promise: TypeError: Failed to fetch
=============================
====== JS ERROR CAUGHT ======
Unhandled Promise: TypeError: Failed to fetch
=============================
====== JS ERROR CAUGHT ======
Unhandled Promise: TypeError: Failed to fetch
=============================
====== JS ERROR CAUGHT ======
Unhandled Promise: TypeError: Failed to fetch
=============================
====== JS ERROR CAUGHT ======
Unhandled Promise: TypeError: Failed to fetch
=============================
====== JS ERROR CAUGHT ======
Unhandled Promise: TypeError: Failed to fetch
=============================
====== JS ERROR CAUGHT ======
Unhandled Promise: TypeError: Failed to fetch
=============================
====== JS ERROR CAUGHT ======
Unhandled Promise: TypeError: Failed to fetch
=============================
====== JS ERROR CAUGHT ======
Unhandled Promise: TypeError: Failed to fetch
=============================
====== JS ERROR CAUGHT ======
Unhandled Promise: TypeError: Failed to fetch
=============================
====== JS ERROR CAUGHT ======
Unhandled Promise: TypeError: Failed to fetch
=============================
====== JS ERROR CAUGHT ======
Unhandled Promise: TypeError: Failed to fetch
=============================
====== JS ERROR CAUGHT ======
Unhandled Promise: TypeError: Failed to fetch
=============================
====== JS ERROR CAUGHT ======
Unhandled Promise: TypeError: Failed to fetch
=============================
====== JS ERROR CAUGHT ======
Unhandled Promise: TypeError: Failed to fetch
=============================
====== JS ERROR CAUGHT ======
Unhandled Promise: TypeError: Failed to fetch
=============================
====== JS ERROR CAUGHT ======
Unhandled Promise: TypeError: Failed to fetch
=============================
====== JS ERROR CAUGHT ======
Unhandled Promise: TypeError: Failed to fetch
=============================
====== JS ERROR CAUGHT ======
Unhandled Promise: TypeError: Failed to fetch
=============================
====== JS ERROR CAUGHT ======
Unhandled Promise: TypeError: Failed to fetch
=============================
====== JS ERROR CAUGHT ======
Unhandled Promise: TypeError: Failed to fetch
=============================
====== JS ERROR CAUGHT ======
Unhandled Promise: TypeError: Failed to fetch
=============================
====== JS ERROR CAUGHT ======
Unhandled Promise: TypeError: Failed to fetch
=============================
====== JS ERROR CAUGHT ======
Unhandled Promise: TypeError: Failed to fetch
=============================
====== JS ERROR CAUGHT ======
Unhandled Promise: TypeError: Failed to fetch
=============================
====== JS ERROR CAUGHT ======
Unhandled Promise: TypeError: Failed to fetch
=============================
====== JS ERROR CAUGHT ======
Unhandled Promise: TypeError: Failed to fetch
=============================
====== JS ERROR CAUGHT ======
Unhandled Promise: TypeError: Failed to fetch
=============================
====== JS ERROR CAUGHT ======
Unhandled Promise: TypeError: Failed to fetch
=============================
====== JS ERROR CAUGHT ======
Unhandled Promise: TypeError: Failed to fetch
=============================
====== JS ERROR CAUGHT ======
Unhandled Promise: TypeError: Failed to fetch
=============================
====== JS ERROR CAUGHT ======
Unhandled Promise: TypeError: Failed to fetch
=============================
====== JS ERROR CAUGHT ======
Unhandled Promise: TypeError: Failed to fetch
=============================
====== JS ERROR CAUGHT ======
Unhandled Promise: TypeError: Failed to fetch
=============================
====== JS ERROR CAUGHT ======
Unhandled Promise: TypeError: Failed to fetch
=============================
====== JS ERROR CAUGHT ======
Unhandled Promise: TypeError: Failed to fetch
=============================
====== JS ERROR CAUGHT ======
Unhandled Promise: TypeError: Failed to fetch
=============================
====== JS ERROR CAUGHT ======
Unhandled Promise: TypeError: Failed to fetch
=============================
====== JS ERROR CAUGHT ======
Unhandled Promise: TypeError: Failed to fetch
=============================
====== JS ERROR CAUGHT ======
Unhandled Promise: TypeError: Failed to fetch
=============================
====== JS ERROR CAUGHT ======
Unhandled Promise: TypeError: Failed to fetch
=============================
====== JS ERROR CAUGHT ======
Unhandled Promise: TypeError: Failed to fetch
=============================
====== JS ERROR CAUGHT ======
Unhandled Promise: TypeError: Failed to fetch
=============================
====== JS ERROR CAUGHT ======
Unhandled Promise: TypeError: Failed to fetch
=============================
====== JS ERROR CAUGHT ======
Unhandled Promise: TypeError: Failed to fetch
=============================
====== JS ERROR CAUGHT ======
Unhandled Promise: TypeError: Failed to fetch
=============================
====== JS ERROR CAUGHT ======
Unhandled Promise: TypeError: Failed to fetch
=============================
====== JS ERROR CAUGHT ======
Unhandled Promise: TypeError: Failed to fetch
=============================
====== JS ERROR CAUGHT ======
Unhandled Promise: TypeError: Failed to fetch
=============================
====== JS ERROR CAUGHT ======
Unhandled Promise: TypeError: Failed to fetch
=============================
====== JS ERROR CAUGHT ======
Unhandled Promise: TypeError: Failed to fetch
=============================
====== JS ERROR CAUGHT ======
Unhandled Promise: TypeError: Failed to fetch
=============================
====== JS ERROR CAUGHT ======
Unhandled Promise: TypeError: Failed to fetch
=============================
====== JS ERROR CAUGHT ======
Unhandled Promise: TypeError: Failed to fetch
=============================
====== JS ERROR CAUGHT ======
Unhandled Promise: TypeError: Failed to fetch
=============================
====== JS ERROR CAUGHT ======
Unhandled Promise: TypeError: Failed to fetch
=============================
====== JS ERROR CAUGHT ======
Unhandled Promise: TypeError: Failed to fetch
=============================
====== JS ERROR CAUGHT ======
Unhandled Promise: TypeError: Failed to fetch
=============================
====== JS ERROR CAUGHT ======
Unhandled Promise: TypeError: Failed to fetch
=============================
====== JS ERROR CAUGHT ======
Unhandled Promise: TypeError: Failed to fetch
=============================
====== JS ERROR CAUGHT ======
Unhandled Promise: TypeError: Failed to fetch
=============================
====== JS ERROR CAUGHT ======
Unhandled Promise: TypeError: Failed to fetch
=============================
====== JS ERROR CAUGHT ======
Unhandled Promise: TypeError: Failed to fetch
=============================
====== JS ERROR CAUGHT ======
Unhandled Promise: TypeError: Failed to fetch
=============================
====== JS ERROR CAUGHT ======
Unhandled Promise: TypeError: Failed to fetch
=============================
====== JS ERROR CAUGHT ======
Unhandled Promise: TypeError: Failed to fetch
=============================
====== JS ERROR CAUGHT ======
Unhandled Promise: TypeError: Failed to fetch
=============================
====== JS ERROR CAUGHT ======
Unhandled Promise: TypeError: Failed to fetch
=============================
====== JS ERROR CAUGHT ======
Unhandled Promise: TypeError: Failed to fetch
=============================
====== JS ERROR CAUGHT ======
Unhandled Promise: TypeError: Failed to fetch
=============================
====== JS ERROR CAUGHT ======
Unhandled Promise: TypeError: Failed to fetch
=============================
====== JS ERROR CAUGHT ======
Unhandled Promise: TypeError: Failed to fetch
=============================
====== JS ERROR CAUGHT ======
Unhandled Promise: TypeError: Failed to fetch
=============================
====== JS ERROR CAUGHT ======
Unhandled Promise: TypeError: Failed to fetch
=============================
====== JS ERROR CAUGHT ======
Unhandled Promise: TypeError: Failed to fetch
=============================
====== JS ERROR CAUGHT ======
Unhandled Promise: TypeError: Failed to fetch
=============================
====== JS ERROR CAUGHT ======
Unhandled Promise: TypeError: Failed to fetch
=============================
====== JS ERROR CAUGHT ======
Unhandled Promise: TypeError: Failed to fetch
=============================
====== JS ERROR CAUGHT ======
Unhandled Promise: TypeError: Failed to fetch
=============================
====== JS ERROR CAUGHT ======
Unhandled Promise: TypeError: Failed to fetch
=============================
====== JS ERROR CAUGHT ======
Unhandled Promise: TypeError: Failed to fetch
=============================
====== JS ERROR CAUGHT ======
Unhandled Promise: TypeError: Failed to fetch
=============================
====== JS ERROR CAUGHT ======
Unhandled Promise: TypeError: Failed to fetch
=============================
====== JS ERROR CAUGHT ======
Unhandled Promise: TypeError: Failed to fetch
=============================
====== JS ERROR CAUGHT ======
Unhandled Promise: TypeError: Failed to fetch
=============================
====== JS ERROR CAUGHT ======
Unhandled Promise: TypeError: Failed to fetch
=============================
====== JS ERROR CAUGHT ======
Unhandled Promise: TypeError: Failed to fetch
=============================
====== JS ERROR CAUGHT ======
Unhandled Promise: TypeError: Failed to fetch
=============================
====== JS ERROR CAUGHT ======
Unhandled Promise: TypeError: Failed to fetch
=============================
====== JS ERROR CAUGHT ======
Unhandled Promise: TypeError: Failed to fetch
=============================
====== JS ERROR CAUGHT ======
Unhandled Promise: TypeError: Failed to fetch
=============================
====== JS ERROR CAUGHT ======
Unhandled Promise: TypeError: Failed to fetch
=============================
====== JS ERROR CAUGHT ======
Unhandled Promise: TypeError: Failed to fetch
=============================
====== JS ERROR CAUGHT ======
Unhandled Promise: TypeError: Failed to fetch
=============================
====== JS ERROR CAUGHT ======
Unhandled Promise: TypeError: Failed to fetch
=============================
====== JS ERROR CAUGHT ======
Unhandled Promise: TypeError: Failed to fetch
=============================
====== JS ERROR CAUGHT ======
Unhandled Promise: TypeError: Failed to fetch
=============================
====== JS ERROR CAUGHT ======
Unhandled Promise: TypeError: Failed to fetch
=============================
====== JS ERROR CAUGHT ======
Unhandled Promise: TypeError: Failed to fetch
=============================
====== JS ERROR CAUGHT ======
Unhandled Promise: TypeError: Failed to fetch
=============================
====== JS ERROR CAUGHT ======
Unhandled Promise: TypeError: Failed to fetch
=============================
====== JS ERROR CAUGHT ======
Unhandled Promise: TypeError: Failed to fetch
=============================
====== JS ERROR CAUGHT ======
Unhandled Promise: TypeError: Failed to fetch
=============================
====== JS ERROR CAUGHT ======
Unhandled Promise: TypeError: Failed to fetch
=============================
====== JS ERROR CAUGHT ======
Unhandled Promise: TypeError: Failed to fetch
=============================
====== JS ERROR CAUGHT ======
Unhandled Promise: TypeError: Failed to fetch
=============================
====== JS ERROR CAUGHT ======
Unhandled Promise: TypeError: Failed to fetch
=============================
====== JS ERROR CAUGHT ======
Unhandled Promise: TypeError: Failed to fetch
=============================
====== JS ERROR CAUGHT ======
Unhandled Promise: TypeError: Failed to fetch
=============================
====== JS ERROR CAUGHT ======
Unhandled Promise: TypeError: Failed to fetch
=============================
====== JS ERROR CAUGHT ======
Unhandled Promise: TypeError: Failed to fetch
=============================
====== JS ERROR CAUGHT ======
Unhandled Promise: TypeError: Failed to fetch
=============================
====== JS ERROR CAUGHT ======
Unhandled Promise: TypeError: Failed to fetch
=============================
====== JS ERROR CAUGHT ======
Unhandled Promise: TypeError: Failed to fetch
=============================
====== JS ERROR CAUGHT ======
Unhandled Promise: TypeError: Failed to fetch
=============================
====== JS ERROR CAUGHT ======
Unhandled Promise: TypeError: Failed to fetch
=============================
====== JS ERROR CAUGHT ======
Unhandled Promise: TypeError: Failed to fetch
=============================
====== JS ERROR CAUGHT ======
Unhandled Promise: TypeError: Failed to fetch
=============================
====== JS ERROR CAUGHT ======
Unhandled Promise: TypeError: Failed to fetch
=============================
====== JS ERROR CAUGHT ======
Unhandled Promise: TypeError: Failed to fetch
=============================
====== JS ERROR CAUGHT ======
Unhandled Promise: TypeError: Failed to fetch
=============================
====== JS ERROR CAUGHT ======
Unhandled Promise: TypeError: Failed to fetch
=============================
====== JS ERROR CAUGHT ======
Unhandled Promise: TypeError: Failed to fetch
=============================
====== JS ERROR CAUGHT ======
Unhandled Promise: TypeError: Failed to fetch
=============================
====== JS ERROR CAUGHT ======
Unhandled Promise: TypeError: Failed to fetch
=============================
====== JS ERROR CAUGHT ======
Unhandled Promise: TypeError: Failed to fetch
=============================
====== JS ERROR CAUGHT ======
Unhandled Promise: TypeError: Failed to fetch
=============================
====== JS ERROR CAUGHT ======
Unhandled Promise: TypeError: Failed to fetch
=============================
====== JS ERROR CAUGHT ======
Unhandled Promise: TypeError: Failed to fetch
=============================
====== JS ERROR CAUGHT ======
Unhandled Promise: TypeError: Failed to fetch
=============================
====== JS ERROR CAUGHT ======
Unhandled Promise: TypeError: Failed to fetch
=============================
====== JS ERROR CAUGHT ======
Unhandled Promise: TypeError: Failed to fetch
=============================
====== JS ERROR CAUGHT ======
Unhandled Promise: TypeError: Failed to fetch
=============================
====== JS ERROR CAUGHT ======
Unhandled Promise: TypeError: Failed to fetch
=============================
====== JS ERROR CAUGHT ======
Unhandled Promise: TypeError: Failed to fetch
=============================
====== JS ERROR CAUGHT ======
Unhandled Promise: TypeError: Failed to fetch
=============================
====== JS ERROR CAUGHT ======
Unhandled Promise: TypeError: Failed to fetch
=============================
====== JS ERROR CAUGHT ======
Unhandled Promise: TypeError: Failed to fetch
=============================
====== JS ERROR CAUGHT ======
Unhandled Promise: TypeError: Failed to fetch
=============================
====== JS ERROR CAUGHT ======
Unhandled Promise: TypeError: Failed to fetch
=============================
====== JS ERROR CAUGHT ======
Unhandled Promise: TypeError: Failed to fetch
=============================
====== JS ERROR CAUGHT ======
Unhandled Promise: TypeError: Failed to fetch
=============================
====== JS ERROR CAUGHT ======
Unhandled Promise: TypeError: Failed to fetch
=============================
====== JS ERROR CAUGHT ======
Unhandled Promise: TypeError: Failed to fetch
=============================
====== JS ERROR CAUGHT ======
Unhandled Promise: TypeError: Failed to fetch
=============================
====== JS ERROR CAUGHT ======
Unhandled Promise: TypeError: Failed to fetch
=============================
====== JS ERROR CAUGHT ======
Unhandled Promise: TypeError: Failed to fetch
=============================
====== JS ERROR CAUGHT ======
Unhandled Promise: TypeError: Failed to fetch
=============================
====== JS ERROR CAUGHT ======
Unhandled Promise: TypeError: Failed to fetch
=============================
====== JS ERROR CAUGHT ======
Unhandled Promise: TypeError: Failed to fetch
=============================
====== JS ERROR CAUGHT ======
Unhandled Promise: TypeError: Failed to fetch
=============================
====== JS ERROR CAUGHT ======
Unhandled Promise: TypeError: Failed to fetch
=============================
====== JS ERROR CAUGHT ======
Unhandled Promise: TypeError: Failed to fetch
=============================
====== JS ERROR CAUGHT ======
Unhandled Promise: TypeError: Failed to fetch
=============================
====== JS ERROR CAUGHT ======
Unhandled Promise: TypeError: Failed to fetch
=============================
====== JS ERROR CAUGHT ======
Unhandled Promise: TypeError: Failed to fetch
=============================
====== JS ERROR CAUGHT ======
Unhandled Promise: TypeError: Failed to fetch
=============================
====== JS ERROR CAUGHT ======
Unhandled Promise: TypeError: Failed to fetch
=============================
====== JS ERROR CAUGHT ======
Unhandled Promise: TypeError: Failed to fetch
=============================
====== JS ERROR CAUGHT ======
Unhandled Promise: TypeError: Failed to fetch
=============================
====== JS ERROR CAUGHT ======
Unhandled Promise: TypeError: Failed to fetch
=============================
====== JS ERROR CAUGHT ======
Unhandled Promise: TypeError: Failed to fetch
=============================
====== JS ERROR CAUGHT ======
Unhandled Promise: TypeError: Failed to fetch
=============================
====== JS ERROR CAUGHT ======
Unhandled Promise: TypeError: Failed to fetch
=============================
====== JS ERROR CAUGHT ======
Unhandled Promise: TypeError: Failed to fetch
=============================
====== JS ERROR CAUGHT ======
Unhandled Promise: TypeError: Failed to fetch
=============================
====== JS ERROR CAUGHT ======
Unhandled Promise: TypeError: Failed to fetch
=============================
====== JS ERROR CAUGHT ======
Unhandled Promise: TypeError: Failed to fetch
=============================
====== JS ERROR CAUGHT ======
Unhandled Promise: TypeError: Failed to fetch
=============================
====== JS ERROR CAUGHT ======
Unhandled Promise: TypeError: Failed to fetch
=============================
====== JS ERROR CAUGHT ======
Unhandled Promise: TypeError: Failed to fetch
=============================
====== JS ERROR CAUGHT ======
Unhandled Promise: TypeError: Failed to fetch
=============================
====== JS ERROR CAUGHT ======
Unhandled Promise: TypeError: Failed to fetch
=============================
====== JS ERROR CAUGHT ======
Unhandled Promise: TypeError: Failed to fetch
=============================
====== JS ERROR CAUGHT ======
Unhandled Promise: TypeError: Failed to fetch
=============================
====== JS ERROR CAUGHT ======
Unhandled Promise: TypeError: Failed to fetch
=============================
====== JS ERROR CAUGHT ======
Unhandled Promise: TypeError: Failed to fetch
=============================
====== JS ERROR CAUGHT ======
Unhandled Promise: TypeError: Failed to fetch
=============================
====== JS ERROR CAUGHT ======
Unhandled Promise: TypeError: Failed to fetch
=============================
====== JS ERROR CAUGHT ======
Unhandled Promise: TypeError: Failed to fetch
=============================
====== JS ERROR CAUGHT ======
Unhandled Promise: TypeError: Failed to fetch
=============================
====== JS ERROR CAUGHT ======
Unhandled Promise: TypeError: Failed to fetch
=============================
====== JS ERROR CAUGHT ======
Unhandled Promise: TypeError: Failed to fetch
=============================
====== JS ERROR CAUGHT ======
Unhandled Promise: TypeError: Failed to fetch
=============================
====== JS ERROR CAUGHT ======
Unhandled Promise: TypeError: Failed to fetch
=============================
====== JS ERROR CAUGHT ======
Unhandled Promise: TypeError: Failed to fetch
=============================
====== JS ERROR CAUGHT ======
Unhandled Promise: TypeError: Failed to fetch
=============================
====== JS ERROR CAUGHT ======
Unhandled Promise: TypeError: Failed to fetch
=============================
====== JS ERROR CAUGHT ======
Unhandled Promise: TypeError: Failed to fetch
=============================
====== JS ERROR CAUGHT ======
Unhandled Promise: TypeError: Failed to fetch
=============================
====== JS ERROR CAUGHT ======
Unhandled Promise: TypeError: Failed to fetch
=============================
====== JS ERROR CAUGHT ======
Unhandled Promise: TypeError: Failed to fetch
=============================
====== JS ERROR CAUGHT ======
Unhandled Promise: TypeError: Failed to fetch
=============================
====== JS ERROR CAUGHT ======
Unhandled Promise: TypeError: Failed to fetch
=============================
====== JS ERROR CAUGHT ======
Unhandled Promise: TypeError: Failed to fetch
=============================
====== JS ERROR CAUGHT ======
Unhandled Promise: TypeError: Failed to fetch
=============================
====== JS ERROR CAUGHT ======
Unhandled Promise: TypeError: Failed to fetch
=============================
====== JS ERROR CAUGHT ======
Unhandled Promise: TypeError: Failed to fetch
=============================
====== JS ERROR CAUGHT ======
Unhandled Promise: TypeError: Failed to fetch
=============================
====== JS ERROR CAUGHT ======
Unhandled Promise: TypeError: Failed to fetch
=============================
====== JS ERROR CAUGHT ======
Unhandled Promise: TypeError: Failed to fetch
=============================
====== JS ERROR CAUGHT ======
Unhandled Promise: TypeError: Failed to fetch
=============================
====== JS ERROR CAUGHT ======
Unhandled Promise: TypeError: Failed to fetch
=============================
====== JS ERROR CAUGHT ======
Unhandled Promise: TypeError: Failed to fetch
=============================
====== JS ERROR CAUGHT ======
Unhandled Promise: TypeError: Failed to fetch
=============================
====== JS ERROR CAUGHT ======
Unhandled Promise: TypeError: Failed to fetch
=============================
====== JS ERROR CAUGHT ======
Unhandled Promise: TypeError: Failed to fetch
=============================
====== JS ERROR CAUGHT ======
Unhandled Promise: TypeError: Failed to fetch
=============================
====== JS ERROR CAUGHT ======
Unhandled Promise: TypeError: Failed to fetch
=============================
====== JS ERROR CAUGHT ======
Unhandled Promise: TypeError: Failed to fetch
=============================
====== JS ERROR CAUGHT ======
Unhandled Promise: TypeError: Failed to fetch
=============================
====== JS ERROR CAUGHT ======
Unhandled Promise: TypeError: Failed to fetch
=============================
====== JS ERROR CAUGHT ======
Unhandled Promise: TypeError: Failed to fetch
=============================
====== JS ERROR CAUGHT ======
Unhandled Promise: TypeError: Failed to fetch
=============================
====== JS ERROR CAUGHT ======
Unhandled Promise: TypeError: Failed to fetch
=============================
====== JS ERROR CAUGHT ======
Unhandled Promise: TypeError: Failed to fetch
=============================
====== JS ERROR CAUGHT ======
Unhandled Promise: TypeError: Failed to fetch
=============================
====== JS ERROR CAUGHT ======
Unhandled Promise: TypeError: Failed to fetch
=============================
====== JS ERROR CAUGHT ======
Unhandled Promise: TypeError: Failed to fetch
=============================
====== JS ERROR CAUGHT ======
Unhandled Promise: TypeError: Failed to fetch
=============================
====== JS ERROR CAUGHT ======
Unhandled Promise: TypeError: Failed to fetch
=============================
====== JS ERROR CAUGHT ======
Unhandled Promise: TypeError: Failed to fetch
=============================
====== JS ERROR CAUGHT ======
Unhandled Promise: TypeError: Failed to fetch
=============================
====== JS ERROR CAUGHT ======
Unhandled Promise: TypeError: Failed to fetch
=============================
====== JS ERROR CAUGHT ======
Unhandled Promise: TypeError: Failed to fetch
=============================
====== JS ERROR CAUGHT ======
Unhandled Promise: TypeError: Failed to fetch
=============================
====== JS ERROR CAUGHT ======
Unhandled Promise: TypeError: Failed to fetch
=============================
====== JS ERROR CAUGHT ======
Unhandled Promise: TypeError: Failed to fetch
=============================
====== JS ERROR CAUGHT ======
Unhandled Promise: TypeError: Failed to fetch
=============================
====== JS ERROR CAUGHT ======
Unhandled Promise: TypeError: Failed to fetch
=============================
====== JS ERROR CAUGHT ======
Unhandled Promise: TypeError: Failed to fetch
=============================
====== JS ERROR CAUGHT ======
Unhandled Promise: TypeError: Failed to fetch
=============================
====== JS ERROR CAUGHT ======
Unhandled Promise: TypeError: Failed to fetch
=============================
====== JS ERROR CAUGHT ======
Unhandled Promise: TypeError: Failed to fetch
=============================
====== JS ERROR CAUGHT ======
Unhandled Promise: TypeError: Failed to fetch
=============================
====== JS ERROR CAUGHT ======
Unhandled Promise: TypeError: Failed to fetch
=============================
====== JS ERROR CAUGHT ======
Unhandled Promise: TypeError: Failed to fetch
=============================
====== JS ERROR CAUGHT ======
Unhandled Promise: TypeError: Failed to fetch
=============================
====== JS ERROR CAUGHT ======
Unhandled Promise: TypeError: Failed to fetch
=============================
====== JS ERROR CAUGHT ======
Unhandled Promise: TypeError: Failed to fetch
=============================
====== JS ERROR CAUGHT ======
Unhandled Promise: TypeError: Failed to fetch
=============================
====== JS ERROR CAUGHT ======
Unhandled Promise: TypeError: Failed to fetch
=============================
====== JS ERROR CAUGHT ======
Unhandled Promise: TypeError: Failed to fetch
=============================
====== JS ERROR CAUGHT ======
Unhandled Promise: TypeError: Failed to fetch
=============================
====== JS ERROR CAUGHT ======
Unhandled Promise: TypeError: Failed to fetch
=============================
====== JS ERROR CAUGHT ======
Unhandled Promise: TypeError: Failed to fetch
=============================
====== JS ERROR CAUGHT ======
Unhandled Promise: TypeError: Failed to fetch
=============================
====== JS ERROR CAUGHT ======
Unhandled Promise: TypeError: Failed to fetch
=============================
====== JS ERROR CAUGHT ======
Unhandled Promise: TypeError: Failed to fetch
=============================
====== JS ERROR CAUGHT ======
Unhandled Promise: TypeError: Failed to fetch
=============================
====== JS ERROR CAUGHT ======
Unhandled Promise: TypeError: Failed to fetch
=============================
====== JS ERROR CAUGHT ======
Unhandled Promise: TypeError: Failed to fetch
=============================
====== JS ERROR CAUGHT ======
Unhandled Promise: TypeError: Failed to fetch
=============================
====== JS ERROR CAUGHT ======
Unhandled Promise: TypeError: Failed to fetch
=============================
====== JS ERROR CAUGHT ======
Unhandled Promise: TypeError: Failed to fetch
=============================
====== JS ERROR CAUGHT ======
Unhandled Promise: TypeError: Failed to fetch
=============================
====== JS ERROR CAUGHT ======
Unhandled Promise: TypeError: Failed to fetch
=============================
====== JS ERROR CAUGHT ======
Unhandled Promise: TypeError: Failed to fetch
=============================
====== JS ERROR CAUGHT ======
Unhandled Promise: TypeError: Failed to fetch
=============================
====== JS ERROR CAUGHT ======
Unhandled Promise: TypeError: Failed to fetch
=============================
====== JS ERROR CAUGHT ======
Unhandled Promise: TypeError: Failed to fetch
=============================
====== JS ERROR CAUGHT ======
Unhandled Promise: TypeError: Failed to fetch
=============================
====== JS ERROR CAUGHT ======
Unhandled Promise: TypeError: Failed to fetch
=============================
====== JS ERROR CAUGHT ======
Unhandled Promise: TypeError: Failed to fetch
=============================
====== JS ERROR CAUGHT ======
Unhandled Promise: TypeError: Failed to fetch
=============================
====== JS ERROR CAUGHT ======
Unhandled Promise: TypeError: Failed to fetch
=============================
